[2021-04-30T09:34:57.960+0300][0.016s][debug][gc] ConcGCThreads: 2
[2021-04-30T09:34:57.960+0300][0.016s][debug][gc] ParallelGCThreads: 8
[2021-04-30T09:34:57.960+0300][0.016s][info ][gc] Using Concurrent Mark Sweep
[2021-04-30T09:34:58.551+0300][0,608s][info ][gc] GC(0) Pause Young (Allocation Failure) 34M->2M(123M) 3,693ms
[2021-04-30T09:34:58.648+0300][0,704s][info ][gc] GC(1) Pause Young (Allocation Failure) 36M->3M(123M) 3,605ms
[2021-04-30T09:34:58.729+0300][0,786s][info ][gc] GC(2) Pause Young (Allocation Failure) 37M->4M(123M) 13,984ms
[2021-04-30T09:34:58.796+0300][0,853s][info ][gc] GC(3) Pause Young (Allocation Failure) 38M->4M(123M) 1,460ms
[2021-04-30T09:34:58.864+0300][0,921s][info ][gc] GC(4) Pause Young (Allocation Failure) 38M->5M(123M) 1,526ms
[2021-04-30T09:34:58.927+0300][0,984s][info ][gc] GC(5) Pause Young (Allocation Failure) 39M->6M(123M) 2,425ms
[2021-04-30T09:34:58.989+0300][1,046s][info ][gc] GC(6) Pause Young (Allocation Failure) 40M->6M(123M) 1,377ms
[2021-04-30T09:34:59.059+0300][1,115s][info ][gc] GC(7) Pause Young (Allocation Failure) 40M->7M(123M) 1,328ms
[2021-04-30T09:34:59.124+0300][1,181s][info ][gc] GC(8) Pause Young (Allocation Failure) 41M->7M(123M) 1,283ms
[2021-04-30T09:34:59.179+0300][1,236s][info ][gc] GC(9) Pause Young (Allocation Failure) 42M->8M(123M) 1,289ms
[2021-04-30T09:34:59.231+0300][1,288s][info ][gc] GC(10) Pause Young (Allocation Failure) 42M->9M(123M) 1,258ms
[2021-04-30T09:34:59.289+0300][1,346s][info ][gc] GC(11) Pause Young (Allocation Failure) 43M->9M(123M) 1,299ms
[2021-04-30T09:34:59.341+0300][1,397s][info ][gc] GC(12) Pause Young (Allocation Failure) 43M->10M(123M) 1,322ms
[2021-04-30T09:34:59.394+0300][1,450s][info ][gc] GC(13) Pause Young (Allocation Failure) 44M->10M(123M) 1,354ms
[2021-04-30T09:34:59.446+0300][1,502s][info ][gc] GC(14) Pause Young (Allocation Failure) 44M->11M(123M) 1,349ms
[2021-04-30T09:34:59.495+0300][1,551s][info ][gc] GC(15) Pause Young (Allocation Failure) 45M->11M(123M) 1,325ms
[2021-04-30T09:34:59.547+0300][1,604s][info ][gc] GC(16) Pause Young (Allocation Failure) 45M->12M(123M) 1,575ms
[2021-04-30T09:34:59.599+0300][1,655s][info ][gc] GC(17) Pause Young (Allocation Failure) 46M->12M(123M) 1,636ms
[2021-04-30T09:34:59.650+0300][1,707s][info ][gc] GC(18) Pause Young (Allocation Failure) 47M->13M(123M) 1,736ms
[2021-04-30T09:34:59.705+0300][1,761s][info ][gc] GC(19) Pause Young (Allocation Failure) 47M->14M(123M) 1,436ms
[2021-04-30T09:34:59.754+0300][1,811s][info ][gc] GC(20) Pause Young (Allocation Failure) 49M->14M(123M) 1,510ms
[2021-04-30T09:34:59.809+0300][1,865s][info ][gc] GC(21) Pause Young (Allocation Failure) 48M->15M(123M) 1,403ms
[2021-04-30T09:34:59.860+0300][1,917s][info ][gc] GC(22) Pause Young (Allocation Failure) 49M->15M(123M) 1,394ms
[2021-04-30T09:34:59.918+0300][1,975s][info ][gc] GC(23) Pause Young (Allocation Failure) 49M->17M(123M) 1,899ms
[2021-04-30T09:34:59.981+0300][2,038s][info ][gc] GC(24) Pause Young (Allocation Failure) 51M->16M(123M) 1,797ms
[2021-04-30T09:35:00.050+0300][2,107s][info ][gc] GC(25) Pause Young (Allocation Failure) 51M->17M(123M) 1,623ms
[2021-04-30T09:35:00.103+0300][2,160s][info ][gc] GC(26) Pause Young (Allocation Failure) 51M->17M(123M) 1,616ms
[2021-04-30T09:35:00.152+0300][2,209s][info ][gc] GC(27) Pause Young (Allocation Failure) 52M->18M(123M) 1,167ms
[2021-04-30T09:35:00.206+0300][2,262s][info ][gc] GC(28) Pause Young (Allocation Failure) 52M->19M(123M) 1,355ms
[2021-04-30T09:35:00.263+0300][2,319s][info ][gc] GC(29) Pause Young (Allocation Failure) 53M->19M(123M) 1,348ms
[2021-04-30T09:35:00.320+0300][2,377s][info ][gc] GC(30) Pause Young (Allocation Failure) 53M->20M(123M) 1,620ms
[2021-04-30T09:35:00.387+0300][2,443s][info ][gc] GC(31) Pause Young (Allocation Failure) 54M->20M(123M) 2,794ms
[2021-04-30T09:35:00.448+0300][2,505s][info ][gc] GC(32) Pause Young (Allocation Failure) 55M->21M(123M) 1,846ms
[2021-04-30T09:35:00.521+0300][2,578s][info ][gc] GC(33) Pause Young (Allocation Failure) 55M->22M(123M) 4,333ms
[2021-04-30T09:35:00.582+0300][2,638s][info ][gc] GC(34) Pause Young (Allocation Failure) 56M->23M(123M) 1,605ms
[2021-04-30T09:35:00.645+0300][2,702s][info ][gc] GC(35) Pause Young (Allocation Failure) 57M->23M(123M) 3,044ms
[2021-04-30T09:35:00.744+0300][2,800s][info ][gc] GC(36) Pause Young (Allocation Failure) 57M->25M(123M) 4,541ms
[2021-04-30T09:35:00.840+0300][2,897s][info ][gc] GC(37) Pause Young (Allocation Failure) 59M->24M(123M) 2,714ms
[2021-04-30T09:35:00.922+0300][2,979s][info ][gc] GC(38) Pause Young (Allocation Failure) 58M->25M(123M) 2,687ms
[2021-04-30T09:35:00.996+0300][3,053s][info ][gc] GC(39) Pause Young (Allocation Failure) 59M->26M(123M) 2,949ms
[2021-04-30T09:35:01.072+0300][3,129s][info ][gc] GC(40) Pause Young (Allocation Failure) 60M->27M(123M) 2,810ms
[2021-04-30T09:35:01.163+0300][3,219s][info ][gc] GC(41) Pause Young (Allocation Failure) 61M->27M(123M) 2,501ms
[2021-04-30T09:35:01.220+0300][3,277s][info ][gc] GC(42) Pause Young (Allocation Failure) 61M->27M(123M) 1,971ms
[2021-04-30T09:35:01.282+0300][3,338s][info ][gc] GC(43) Pause Young (Allocation Failure) 62M->28M(123M) 1,928ms
[2021-04-30T09:35:01.349+0300][3,406s][info ][gc] GC(44) Pause Young (Allocation Failure) 62M->28M(123M) 2,078ms
[2021-04-30T09:35:01.429+0300][3,485s][info ][gc] GC(45) Pause Young (Allocation Failure) 62M->29M(123M) 2,043ms
[2021-04-30T09:35:01.488+0300][3,544s][info ][gc] GC(46) Pause Young (Allocation Failure) 63M->30M(123M) 2,139ms
[2021-04-30T09:35:01.547+0300][3,603s][info ][gc] GC(47) Pause Young (Allocation Failure) 64M->30M(123M) 2,147ms
[2021-04-30T09:35:01.601+0300][3,657s][info ][gc] GC(48) Pause Young (Allocation Failure) 64M->31M(123M) 1,983ms
[2021-04-30T09:35:01.679+0300][3,736s][info ][gc] GC(49) Pause Young (Allocation Failure) 65M->31M(123M) 2,103ms
[2021-04-30T09:35:01.747+0300][3,803s][info ][gc] GC(50) Pause Young (Allocation Failure) 66M->32M(123M) 1,686ms
[2021-04-30T09:35:01.808+0300][3,865s][info ][gc] GC(51) Pause Young (Allocation Failure) 66M->33M(123M) 2,103ms
[2021-04-30T09:35:01.865+0300][3,921s][info ][gc] GC(52) Pause Young (Allocation Failure) 67M->33M(123M) 1,844ms
[2021-04-30T09:35:01.913+0300][3,970s][info ][gc] GC(53) Pause Young (Allocation Failure) 67M->34M(123M) 1,732ms
[2021-04-30T09:35:01.966+0300][4,022s][info ][gc] GC(54) Pause Young (Allocation Failure) 68M->34M(123M) 1,742ms
[2021-04-30T09:35:02.018+0300][4,074s][info ][gc] GC(55) Pause Young (Allocation Failure) 68M->35M(123M) 2,668ms
[2021-04-30T09:35:02.074+0300][4,131s][info ][gc] GC(56) Pause Young (Allocation Failure) 69M->35M(123M) 1,608ms
[2021-04-30T09:35:02.124+0300][4,180s][info ][gc] GC(57) Pause Young (Allocation Failure) 69M->36M(123M) 1,357ms
[2021-04-30T09:35:02.172+0300][4,228s][info ][gc] GC(58) Pause Young (Allocation Failure) 70M->36M(123M) 1,291ms
[2021-04-30T09:35:02.223+0300][4,280s][info ][gc] GC(59) Pause Young (Allocation Failure) 71M->37M(123M) 1,486ms
[2021-04-30T09:35:02.274+0300][4,331s][info ][gc] GC(60) Pause Young (Allocation Failure) 71M->38M(123M) 1,654ms
[2021-04-30T09:35:02.328+0300][4,385s][info ][gc] GC(61) Pause Young (Allocation Failure) 72M->38M(123M) 1,766ms
[2021-04-30T09:35:02.383+0300][4,439s][info ][gc] GC(62) Pause Young (Allocation Failure) 72M->39M(123M) 1,630ms
[2021-04-30T09:35:02.434+0300][4,491s][info ][gc] GC(63) Pause Young (Allocation Failure) 73M->39M(123M) 1,871ms
[2021-04-30T09:35:02.486+0300][4,543s][info ][gc] GC(64) Pause Young (Allocation Failure) 73M->40M(123M) 1,679ms
[2021-04-30T09:35:02.540+0300][4,597s][info ][gc] GC(65) Pause Young (Allocation Failure) 74M->40M(123M) 1,562ms
[2021-04-30T09:35:02.593+0300][4,650s][info ][gc] GC(66) Pause Young (Allocation Failure) 74M->40M(123M) 1,576ms
[2021-04-30T09:35:02.645+0300][4,702s][info ][gc] GC(67) Pause Young (Allocation Failure) 74M->41M(123M) 1,785ms
[2021-04-30T09:35:02.695+0300][4,751s][info ][gc] GC(68) Pause Young (Allocation Failure) 75M->42M(123M) 1,911ms
[2021-04-30T09:35:02.746+0300][4,802s][info ][gc] GC(69) Pause Young (Allocation Failure) 76M->43M(123M) 1,813ms
[2021-04-30T09:35:02.795+0300][4,852s][info ][gc] GC(70) Pause Young (Allocation Failure) 77M->43M(123M) 2,094ms
[2021-04-30T09:35:02.849+0300][4,906s][info ][gc] GC(71) Pause Young (Allocation Failure) 78M->44M(123M) 1,699ms
[2021-04-30T09:35:02.904+0300][4,960s][info ][gc] GC(72) Pause Young (Allocation Failure) 78M->45M(123M) 2,953ms
[2021-04-30T09:35:02.977+0300][5,033s][info ][gc] GC(73) Pause Young (Allocation Failure) 79M->45M(123M) 2,105ms
[2021-04-30T09:35:03.035+0300][5,092s][info ][gc] GC(74) Pause Young (Allocation Failure) 79M->46M(123M) 1,711ms
[2021-04-30T09:35:03.036+0300][5,092s][info ][gc] GC(75) Pause Initial Mark 46M->46M(123M) 0,403ms
[2021-04-30T09:35:03.036+0300][5,093s][info ][gc] GC(75) Concurrent Mark
[2021-04-30T09:35:03.050+0300][5,107s][debug][gc] GC(75) Concurrent active time: 0,014ms
[2021-04-30T09:35:03.051+0300][5,107s][info ][gc] GC(75) Concurrent Mark 14,536ms
[2021-04-30T09:35:03.051+0300][5,107s][info ][gc] GC(75) Concurrent Preclean
[2021-04-30T09:35:03.051+0300][5,108s][debug][gc] GC(75) Concurrent active time: 0,000ms
[2021-04-30T09:35:03.051+0300][5,108s][info ][gc] GC(75) Concurrent Preclean 0,549ms
[2021-04-30T09:35:03.051+0300][5,108s][info ][gc] GC(75) Concurrent Abortable Preclean
[2021-04-30T09:35:03.095+0300][5,151s][info ][gc] GC(76) Pause Young (Allocation Failure) 80M->46M(123M) 1,841ms
[2021-04-30T09:35:03.147+0300][5,204s][info ][gc] GC(77) Pause Young (Allocation Failure) 80M->47M(123M) 1,639ms
[2021-04-30T09:35:03.199+0300][5,255s][info ][gc] GC(78) Pause Young (Allocation Failure) 81M->47M(123M) 1,770ms
[2021-04-30T09:35:03.253+0300][5,309s][info ][gc] GC(79) Pause Young (Allocation Failure) 81M->48M(123M) 2,258ms
[2021-04-30T09:35:03.305+0300][5,362s][info ][gc] GC(80) Pause Young (Allocation Failure) 82M->48M(123M) 1,673ms
[2021-04-30T09:35:03.355+0300][5,411s][info ][gc] GC(81) Pause Young (Allocation Failure) 83M->49M(123M) 1,624ms
[2021-04-30T09:35:03.407+0300][5,463s][info ][gc] GC(82) Pause Young (Allocation Failure) 83M->49M(123M) 1,499ms
[2021-04-30T09:35:03.453+0300][5,509s][info ][gc] GC(83) Pause Young (Allocation Failure) 84M->50M(123M) 1,490ms
[2021-04-30T09:35:03.501+0300][5,558s][info ][gc] GC(84) Pause Young (Allocation Failure) 84M->51M(123M) 2,808ms
[2021-04-30T09:35:03.554+0300][5,610s][info ][gc] GC(85) Pause Young (Allocation Failure) 85M->51M(123M) 1,671ms
[2021-04-30T09:35:03.605+0300][5,661s][info ][gc] GC(86) Pause Young (Allocation Failure) 85M->52M(123M) 1,551ms
[2021-04-30T09:35:03.657+0300][5,714s][info ][gc] GC(87) Pause Young (Allocation Failure) 86M->52M(123M) 1,476ms
[2021-04-30T09:35:03.704+0300][5,761s][info ][gc] GC(88) Pause Young (Allocation Failure) 86M->53M(123M) 1,461ms
[2021-04-30T09:35:03.750+0300][5,807s][info ][gc] GC(89) Pause Young (Allocation Failure) 87M->53M(123M) 1,193ms
[2021-04-30T09:35:03.973+0300][6,030s][info ][gc] GC(90) Pause Young (Allocation Failure) 87M->53M(123M) 1,167ms
[2021-04-30T09:35:04.021+0300][6,078s][info ][gc] GC(91) Pause Young (Allocation Failure) 87M->53M(123M) 1,169ms
[2021-04-30T09:35:04.071+0300][6,128s][info ][gc] GC(92) Pause Young (Allocation Failure) 87M->53M(123M) 1,342ms
[2021-04-30T09:35:04.118+0300][6,175s][info ][gc] GC(93) Pause Young (Allocation Failure) 87M->54M(123M) 1,682ms
[2021-04-30T09:35:04.167+0300][6,223s][info ][gc] GC(94) Pause Young (Allocation Failure) 88M->55M(123M) 1,742ms
[2021-04-30T09:35:04.234+0300][6,290s][info ][gc] GC(95) Pause Young (Allocation Failure) 89M->56M(123M) 2,037ms
[2021-04-30T09:35:04.285+0300][6,341s][info ][gc] GC(96) Pause Young (Allocation Failure) 90M->56M(123M) 1,758ms
[2021-04-30T09:35:04.334+0300][6,391s][info ][gc] GC(97) Pause Young (Allocation Failure) 90M->56M(123M) 1,602ms
[2021-04-30T09:35:04.381+0300][6,437s][info ][gc] GC(98) Pause Young (Allocation Failure) 90M->57M(123M) 1,548ms
[2021-04-30T09:35:04.429+0300][6,485s][info ][gc] GC(99) Pause Young (Allocation Failure) 91M->58M(123M) 2,028ms
[2021-04-30T09:35:04.478+0300][6,534s][info ][gc] GC(100) Pause Young (Allocation Failure) 92M->58M(123M) 1,521ms
[2021-04-30T09:35:04.528+0300][6,585s][info ][gc] GC(101) Pause Young (Allocation Failure) 92M->59M(123M) 1,782ms
[2021-04-30T09:35:04.580+0300][6,637s][info ][gc] GC(102) Pause Young (Allocation Failure) 93M->59M(123M) 1,679ms
[2021-04-30T09:35:04.630+0300][6,687s][info ][gc] GC(103) Pause Young (Allocation Failure) 93M->60M(123M) 1,773ms
[2021-04-30T09:35:04.679+0300][6,735s][info ][gc] GC(104) Pause Young (Allocation Failure) 94M->60M(123M) 1,655ms
[2021-04-30T09:35:04.731+0300][6,788s][info ][gc] GC(105) Pause Young (Allocation Failure) 95M->61M(123M) 1,665ms
[2021-04-30T09:35:04.780+0300][6,836s][info ][gc] GC(106) Pause Young (Allocation Failure) 95M->62M(123M) 1,697ms
[2021-04-30T09:35:04.838+0300][6,894s][info ][gc] GC(107) Pause Young (Allocation Failure) 96M->62M(123M) 1,719ms
[2021-04-30T09:35:04.893+0300][6,950s][info ][gc] GC(108) Pause Young (Allocation Failure) 96M->63M(123M) 1,706ms
[2021-04-30T09:35:04.951+0300][7,008s][info ][gc] GC(109) Pause Young (Allocation Failure) 97M->63M(123M) 1,772ms
[2021-04-30T09:35:04.951+0300][7,008s][debug][gc] GC(75) Concurrent active time: 0,192ms
[2021-04-30T09:35:04.951+0300][7,008s][info ][gc] GC(75) Concurrent Abortable Preclean 1900,207ms
[2021-04-30T09:35:04.951+0300][7,008s][debug][gc] GC(75) YG occupancy: 4084 K (39296 K)
[2021-04-30T09:35:04.954+0300][7,010s][info ][gc] GC(75) Pause Remark 64M->64M(123M) 2,182ms
[2021-04-30T09:35:04.954+0300][7,010s][info ][gc] GC(75) Concurrent Sweep
[2021-04-30T09:35:04.963+0300][7,019s][debug][gc] GC(75) Concurrent active time: 0,009ms
[2021-04-30T09:35:04.963+0300][7,019s][info ][gc] GC(75) Concurrent Sweep 9,121ms
[2021-04-30T09:35:04.963+0300][7,019s][info ][gc] GC(75) Concurrent Reset
[2021-04-30T09:35:04.963+0300][7,020s][debug][gc] GC(75) Concurrent active time: 0,000ms
[2021-04-30T09:35:04.963+0300][7,020s][info ][gc] GC(75) Concurrent Reset 0,516ms
[2021-04-30T09:35:05.006+0300][7,063s][info ][gc] GC(110) Pause Young (Allocation Failure) 97M->63M(123M) 1,200ms
[2021-04-30T09:35:05.055+0300][7,111s][info ][gc] GC(111) Pause Young (Allocation Failure) 97M->64M(123M) 1,365ms
[2021-04-30T09:35:05.106+0300][7,162s][info ][gc] GC(112) Pause Young (Allocation Failure) 98M->64M(123M) 1,424ms
[2021-04-30T09:35:05.158+0300][7,215s][info ][gc] GC(113) Pause Young (Allocation Failure) 98M->65M(123M) 1,772ms
[2021-04-30T09:35:05.159+0300][7,215s][info ][gc] GC(114) Pause Initial Mark 65M->65M(123M) 0,471ms
[2021-04-30T09:35:05.159+0300][7,215s][info ][gc] GC(114) Concurrent Mark
[2021-04-30T09:35:05.176+0300][7,233s][debug][gc] GC(114) Concurrent active time: 0,017ms
[2021-04-30T09:35:05.176+0300][7,233s][info ][gc] GC(114) Concurrent Mark 17,252ms
[2021-04-30T09:35:05.176+0300][7,233s][info ][gc] GC(114) Concurrent Preclean
[2021-04-30T09:35:05.177+0300][7,233s][debug][gc] GC(114) Concurrent active time: 0,000ms
[2021-04-30T09:35:05.177+0300][7,233s][info ][gc] GC(114) Concurrent Preclean 0,442ms
[2021-04-30T09:35:05.177+0300][7,233s][info ][gc] GC(114) Concurrent Abortable Preclean
[2021-04-30T09:35:05.213+0300][7,269s][info ][gc] GC(115) Pause Young (Allocation Failure) 99M->65M(123M) 1,752ms
[2021-04-30T09:35:05.264+0300][7,321s][info ][gc] GC(116) Pause Young (Allocation Failure) 99M->66M(123M) 1,628ms
[2021-04-30T09:35:05.312+0300][7,368s][info ][gc] GC(117) Pause Young (Allocation Failure) 100M->66M(123M) 1,891ms
[2021-04-30T09:35:05.362+0300][7,418s][info ][gc] GC(118) Pause Young (Allocation Failure) 100M->67M(123M) 1,683ms
[2021-04-30T09:35:05.411+0300][7,467s][info ][gc] GC(119) Pause Young (Allocation Failure) 101M->68M(123M) 1,939ms
[2021-04-30T09:35:05.463+0300][7,519s][info ][gc] GC(120) Pause Young (Allocation Failure) 103M->69M(123M) 2,013ms
[2021-04-30T09:35:05.514+0300][7,570s][info ][gc] GC(121) Pause Young (Allocation Failure) 103M->69M(123M) 1,684ms
[2021-04-30T09:35:05.561+0300][7,618s][info ][gc] GC(122) Pause Young (Allocation Failure) 103M->69M(123M) 1,996ms
[2021-04-30T09:35:05.609+0300][7,665s][info ][gc] GC(123) Pause Young (Allocation Failure) 103M->70M(123M) 1,680ms
[2021-04-30T09:35:05.658+0300][7,715s][info ][gc] GC(124) Pause Young (Allocation Failure) 104M->71M(123M) 1,670ms
[2021-04-30T09:35:05.708+0300][7,765s][info ][gc] GC(125) Pause Young (Allocation Failure) 105M->71M(123M) 1,845ms
[2021-04-30T09:35:05.760+0300][7,816s][info ][gc] GC(126) Pause Young (Allocation Failure) 105M->72M(123M) 1,643ms
[2021-04-30T09:35:05.812+0300][7,868s][info ][gc] GC(127) Pause Young (Allocation Failure) 106M->72M(123M) 1,701ms
[2021-04-30T09:35:05.864+0300][7,920s][info ][gc] GC(128) Pause Young (Allocation Failure) 107M->73M(123M) 1,721ms
[2021-04-30T09:35:05.919+0300][7,976s][info ][gc] GC(129) Pause Young (Allocation Failure) 107M->74M(123M) 3,037ms
[2021-04-30T09:35:05.982+0300][8,038s][info ][gc] GC(130) Pause Young (Allocation Failure) 108M->74M(123M) 1,680ms
[2021-04-30T09:35:06.033+0300][8,089s][info ][gc] GC(131) Pause Young (Allocation Failure) 108M->75M(123M) 1,766ms
[2021-04-30T09:35:06.083+0300][8,140s][info ][gc] GC(132) Pause Young (Allocation Failure) 109M->75M(123M) 1,619ms
[2021-04-30T09:35:06.133+0300][8,189s][info ][gc] GC(133) Pause Young (Allocation Failure) 109M->76M(123M) 1,659ms
[2021-04-30T09:35:06.202+0300][8,259s][info ][gc] GC(134) Pause Young (Allocation Failure) 110M->76M(123M) 1,706ms
[2021-04-30T09:35:06.250+0300][8,307s][info ][gc] GC(135) Pause Young (Allocation Failure) 110M->77M(123M) 1,666ms
[2021-04-30T09:35:06.301+0300][8,358s][info ][gc] GC(136) Pause Young (Allocation Failure) 111M->77M(123M) 1,751ms
[2021-04-30T09:35:06.353+0300][8,410s][info ][gc] GC(137) Pause Young (Allocation Failure) 112M->78M(123M) 1,669ms
[2021-04-30T09:35:06.403+0300][8,460s][info ][gc] GC(138) Pause Young (Allocation Failure) 112M->79M(123M) 2,022ms
[2021-04-30T09:35:06.452+0300][8,508s][info ][gc] GC(139) Pause Young (Allocation Failure) 113M->79M(123M) 1,710ms
[2021-04-30T09:35:06.500+0300][8,556s][info ][gc] GC(140) Pause Young (Allocation Failure) 113M->80M(123M) 1,785ms
[2021-04-30T09:35:06.551+0300][8,608s][info ][gc] GC(141) Pause Young (Allocation Failure) 114M->80M(123M) 1,601ms
[2021-04-30T09:35:06.603+0300][8,660s][info ][gc] GC(142) Pause Young (Allocation Failure) 114M->81M(123M) 1,614ms
[2021-04-30T09:35:06.654+0300][8,711s][info ][gc] GC(143) Pause Young (Allocation Failure) 115M->81M(123M) 2,056ms
[2021-04-30T09:35:06.707+0300][8,763s][info ][gc] GC(144) Pause Young (Allocation Failure) 115M->82M(123M) 1,713ms
[2021-04-30T09:35:06.754+0300][8,811s][info ][gc] GC(145) Pause Young (Allocation Failure) 116M->82M(123M) 1,702ms
[2021-04-30T09:35:06.805+0300][8,861s][info ][gc] GC(146) Pause Young (Allocation Failure) 116M->83M(123M) 1,918ms
[2021-04-30T09:35:06.870+0300][8,927s][info ][gc] GC(147) Pause Young (Allocation Failure) 117M->83M(123M) 1,549ms
[2021-04-30T09:35:06.922+0300][8,978s][info ][gc] GC(148) Pause Young (Allocation Failure) 118M->84M(123M) 1,382ms
[2021-04-30T09:35:06.989+0300][9,045s][info ][gc] GC(149) Pause Young (Allocation Failure) 118M->85M(123M) 1,368ms
[2021-04-30T09:35:07.038+0300][9,094s][info ][gc] GC(150) Pause Young (Allocation Failure) 119M->85M(123M) 1,609ms
[2021-04-30T09:35:07.089+0300][9,146s][info ][gc] GC(151) Pause Young (Allocation Failure) 119M->86M(123M) 1,966ms
[2021-04-30T09:35:07.138+0300][9,194s][info ][gc] GC(152) Pause Young (Allocation Failure) 120M->86M(123M) 1,748ms
[2021-04-30T09:35:07.185+0300][9,242s][info ][gc] GC(153) Pause Young (Allocation Failure) 120M->87M(123M) 1,870ms
[2021-04-30T09:35:07.237+0300][9,293s][info ][gc] GC(154) Pause Young (Allocation Failure) 121M->87M(123M) 1,792ms
[2021-04-30T09:35:07.287+0300][9,343s][info ][gc] GC(155) Pause Young (Allocation Failure) 121M->88M(123M) 1,741ms
[2021-04-30T09:35:07.287+0300][9,343s][debug][gc] GC(114) Concurrent active time: 0,203ms
[2021-04-30T09:35:07.287+0300][9,343s][info ][gc] GC(114) Concurrent Abortable Preclean 2110,243ms
[2021-04-30T09:35:07.287+0300][9,344s][debug][gc] GC(114) YG occupancy: 4084 K (39296 K)
[2021-04-30T09:35:07.289+0300][9,345s][info ][gc] GC(114) Pause Remark 89M->89M(123M) 1,963ms
[2021-04-30T09:35:07.289+0300][9,346s][info ][gc] GC(114) Concurrent Sweep
[2021-04-30T09:35:07.300+0300][9,356s][debug][gc] GC(114) Concurrent active time: 0,011ms
[2021-04-30T09:35:07.300+0300][9,357s][info ][gc] GC(114) Concurrent Sweep 10,920ms
[2021-04-30T09:35:07.300+0300][9,357s][info ][gc] GC(114) Concurrent Reset
[2021-04-30T09:35:07.300+0300][9,357s][debug][gc] GC(114) Concurrent active time: 0,000ms
[2021-04-30T09:35:07.300+0300][9,357s][info ][gc] GC(114) Concurrent Reset 0,095ms
[2021-04-30T09:35:07.341+0300][9,397s][info ][gc] GC(156) Pause Young (Allocation Failure) 111M->77M(123M) 2,111ms
[2021-04-30T09:35:07.341+0300][9,398s][info ][gc] GC(157) Pause Initial Mark 78M->78M(123M) 0,391ms
[2021-04-30T09:35:07.341+0300][9,398s][info ][gc] GC(157) Concurrent Mark
[2021-04-30T09:35:07.362+0300][9,418s][debug][gc] GC(157) Concurrent active time: 0,020ms
[2021-04-30T09:35:07.362+0300][9,418s][info ][gc] GC(157) Concurrent Mark 20,340ms
[2021-04-30T09:35:07.362+0300][9,418s][info ][gc] GC(157) Concurrent Preclean
[2021-04-30T09:35:07.362+0300][9,419s][debug][gc] GC(157) Concurrent active time: 0,000ms
[2021-04-30T09:35:07.362+0300][9,419s][info ][gc] GC(157) Concurrent Preclean 0,344ms
[2021-04-30T09:35:07.362+0300][9,419s][info ][gc] GC(157) Concurrent Abortable Preclean
[2021-04-30T09:35:07.393+0300][9,450s][info ][gc] GC(158) Pause Young (Allocation Failure) 112M->78M(123M) 1,616ms
[2021-04-30T09:35:07.440+0300][9,497s][info ][gc] GC(159) Pause Young (Allocation Failure) 112M->78M(123M) 1,727ms
[2021-04-30T09:35:07.492+0300][9,549s][info ][gc] GC(160) Pause Young (Allocation Failure) 113M->79M(123M) 1,908ms
[2021-04-30T09:35:07.544+0300][9,600s][info ][gc] GC(161) Pause Young (Allocation Failure) 113M->80M(123M) 1,744ms
[2021-04-30T09:35:07.595+0300][9,651s][info ][gc] GC(162) Pause Young (Allocation Failure) 114M->80M(123M) 1,668ms
[2021-04-30T09:35:07.644+0300][9,700s][info ][gc] GC(163) Pause Young (Allocation Failure) 114M->81M(123M) 1,605ms
[2021-04-30T09:35:07.691+0300][9,748s][info ][gc] GC(164) Pause Young (Allocation Failure) 115M->81M(123M) 1,762ms
[2021-04-30T09:35:07.741+0300][9,798s][info ][gc] GC(165) Pause Young (Allocation Failure) 115M->82M(123M) 1,874ms
[2021-04-30T09:35:07.790+0300][9,846s][info ][gc] GC(166) Pause Young (Allocation Failure) 116M->82M(123M) 2,114ms
[2021-04-30T09:35:07.844+0300][9,900s][info ][gc] GC(167) Pause Young (Allocation Failure) 116M->84M(123M) 2,616ms
[2021-04-30T09:35:07.901+0300][9,957s][info ][gc] GC(168) Pause Young (Allocation Failure) 118M->85M(123M) 3,663ms
[2021-04-30T09:35:07.964+0300][10,020s][info ][gc] GC(169) Pause Young (Allocation Failure) 119M->85M(123M) 2,152ms
[2021-04-30T09:35:08.027+0300][10,084s][debug][gc] GC(157) Concurrent active time: 0,074ms
[2021-04-30T09:35:08.027+0300][10,084s][info ][gc] GC(157) Concurrent Abortable Preclean 665,036ms
[2021-04-30T09:35:08.027+0300][10,084s][debug][gc] GC(171) Concurrent mode failure
[2021-04-30T09:35:08.089+0300][10,145s][info ][gc] GC(171) Pause Full (Allocation Failure) 118M->83M(123M) 61,645ms
[2021-04-30T09:35:08.089+0300][10,145s][info ][gc] GC(170) Pause Young (Allocation Failure) 119M->83M(123M) 71,547ms
[2021-04-30T09:35:08.144+0300][10,201s][info ][gc] GC(172) Pause Young (Allocation Failure) 117M->85M(123M) 0,831ms
[2021-04-30T09:35:08.145+0300][10,202s][info ][gc] GC(173) Pause Initial Mark 86M->86M(123M) 0,343ms
[2021-04-30T09:35:08.145+0300][10,202s][info ][gc] GC(173) Concurrent Mark
[2021-04-30T09:35:08.168+0300][10,225s][debug][gc] GC(173) Concurrent active time: 0,023ms
[2021-04-30T09:35:08.168+0300][10,225s][info ][gc] GC(173) Concurrent Mark 23,170ms
[2021-04-30T09:35:08.168+0300][10,225s][info ][gc] GC(173) Concurrent Preclean
[2021-04-30T09:35:08.169+0300][10,225s][debug][gc] GC(173) Concurrent active time: 0,000ms
[2021-04-30T09:35:08.169+0300][10,225s][info ][gc] GC(173) Concurrent Preclean 0,379ms
[2021-04-30T09:35:08.169+0300][10,225s][info ][gc] GC(173) Concurrent Abortable Preclean
[2021-04-30T09:35:08.196+0300][10,252s][info ][gc] GC(174) Pause Young (Allocation Failure) 119M->85M(123M) 0,970ms
[2021-04-30T09:35:08.242+0300][10,298s][info ][gc] GC(175) Pause Young (Allocation Failure) 119M->86M(123M) 1,229ms
[2021-04-30T09:35:08.293+0300][10,349s][info ][gc] GC(176) Pause Young (Allocation Failure) 120M->86M(123M) 1,289ms
[2021-04-30T09:35:08.340+0300][10,396s][info ][gc] GC(177) Pause Young (Allocation Failure) 120M->87M(123M) 1,655ms
[2021-04-30T09:35:08.387+0300][10,443s][info ][gc] GC(178) Pause Young (Allocation Failure) 121M->87M(123M) 1,746ms
[2021-04-30T09:35:08.387+0300][10,443s][debug][gc] GC(173) Concurrent active time: 0,011ms
[2021-04-30T09:35:08.387+0300][10,443s][info ][gc] GC(173) Concurrent Abortable Preclean 218,333ms
[2021-04-30T09:35:08.387+0300][10,444s][debug][gc] GC(173) YG occupancy: 4012 K (39296 K)
[2021-04-30T09:35:08.390+0300][10,446s][info ][gc] GC(173) Pause Remark 88M->88M(123M) 2,706ms
[2021-04-30T09:35:08.390+0300][10,446s][info ][gc] GC(173) Concurrent Sweep
[2021-04-30T09:35:08.402+0300][10,459s][debug][gc] GC(173) Concurrent active time: 0,012ms
[2021-04-30T09:35:08.402+0300][10,459s][info ][gc] GC(173) Concurrent Sweep 12,260ms
[2021-04-30T09:35:08.402+0300][10,459s][info ][gc] GC(173) Concurrent Reset
[2021-04-30T09:35:08.402+0300][10,459s][debug][gc] GC(173) Concurrent active time: 0,000ms
[2021-04-30T09:35:08.402+0300][10,459s][info ][gc] GC(173) Concurrent Reset 0,066ms
[2021-04-30T09:35:08.498+0300][10,554s][info ][gc] GC(180) Pause Full (Allocation Failure) 122M->87M(123M) 49,774ms
[2021-04-30T09:35:08.498+0300][10,554s][info ][gc] GC(179) Pause Young (Allocation Failure) 122M->87M(123M) 49,853ms
[2021-04-30T09:35:08.498+0300][10,555s][info ][gc] GC(181) Pause Initial Mark 88M->88M(123M) 0,444ms
[2021-04-30T09:35:08.498+0300][10,555s][info ][gc] GC(181) Concurrent Mark
[2021-04-30T09:35:08.523+0300][10,580s][debug][gc] GC(181) Concurrent active time: 0,025ms
[2021-04-30T09:35:08.523+0300][10,580s][info ][gc] GC(181) Concurrent Mark 24,730ms
[2021-04-30T09:35:08.523+0300][10,580s][info ][gc] GC(181) Concurrent Preclean
[2021-04-30T09:35:08.541+0300][10,597s][debug][gc] GC(181) Concurrent active time: 0,017ms
[2021-04-30T09:35:08.541+0300][10,597s][info ][gc] GC(181) Concurrent Preclean 17,486ms
[2021-04-30T09:35:08.541+0300][10,597s][info ][gc] GC(181) Concurrent Abortable Preclean
[2021-04-30T09:35:08.541+0300][10,597s][debug][gc] GC(181) Concurrent active time: 0,000ms
[2021-04-30T09:35:08.541+0300][10,597s][info ][gc] GC(181) Concurrent Abortable Preclean 0,012ms
[2021-04-30T09:35:08.541+0300][10,597s][debug][gc] GC(181) YG occupancy: 29387 K (39296 K)
[2021-04-30T09:35:08.546+0300][10,603s][info ][gc] GC(181) Pause Remark 114M->114M(123M) 5,596ms
[2021-04-30T09:35:08.547+0300][10,603s][info ][gc] GC(181) Concurrent Sweep
[2021-04-30T09:35:08.557+0300][10,614s][debug][gc] GC(181) Concurrent active time: 0,011ms
[2021-04-30T09:35:08.557+0300][10,614s][info ][gc] GC(181) Concurrent Sweep 10,878ms
[2021-04-30T09:35:08.557+0300][10,614s][info ][gc] GC(181) Concurrent Reset
[2021-04-30T09:35:08.558+0300][10,614s][debug][gc] GC(181) Concurrent active time: 0,000ms
[2021-04-30T09:35:08.558+0300][10,614s][info ][gc] GC(181) Concurrent Reset 0,065ms
[2021-04-30T09:35:08.645+0300][10,701s][info ][gc] GC(183) Pause Full (Allocation Failure) 123M->87M(123M) 62,204ms
[2021-04-30T09:35:08.645+0300][10,701s][info ][gc] GC(182) Pause Young (Allocation Failure) 123M->87M(123M) 62,405ms
[2021-04-30T09:35:08.646+0300][10,702s][info ][gc] GC(184) Pause Initial Mark 88M->88M(123M) 0,554ms
[2021-04-30T09:35:08.646+0300][10,702s][info ][gc] GC(184) Concurrent Mark
[2021-04-30T09:35:08.670+0300][10,727s][debug][gc] GC(184) Concurrent active time: 0,025ms
[2021-04-30T09:35:08.670+0300][10,727s][info ][gc] GC(184) Concurrent Mark 24,635ms
[2021-04-30T09:35:08.670+0300][10,727s][info ][gc] GC(184) Concurrent Preclean
[2021-04-30T09:35:08.686+0300][10,743s][debug][gc] GC(184) Concurrent active time: 0,016ms
[2021-04-30T09:35:08.686+0300][10,743s][info ][gc] GC(184) Concurrent Preclean 15,879ms
[2021-04-30T09:35:08.686+0300][10,743s][info ][gc] GC(184) Concurrent Abortable Preclean
[2021-04-30T09:35:08.686+0300][10,743s][debug][gc] GC(184) Concurrent active time: 0,000ms
[2021-04-30T09:35:08.686+0300][10,743s][info ][gc] GC(184) Concurrent Abortable Preclean 0,012ms
[2021-04-30T09:35:08.686+0300][10,743s][debug][gc] GC(184) YG occupancy: 28352 K (39296 K)
[2021-04-30T09:35:08.692+0300][10,749s][info ][gc] GC(184) Pause Remark 113M->113M(123M) 5,573ms
[2021-04-30T09:35:08.692+0300][10,749s][info ][gc] GC(184) Concurrent Sweep
[2021-04-30T09:35:08.704+0300][10,761s][debug][gc] GC(184) Concurrent active time: 0,012ms
[2021-04-30T09:35:08.704+0300][10,761s][info ][gc] GC(184) Concurrent Sweep 12,347ms
[2021-04-30T09:35:08.704+0300][10,761s][info ][gc] GC(184) Concurrent Reset
[2021-04-30T09:35:08.704+0300][10,761s][debug][gc] GC(184) Concurrent active time: 0,000ms
[2021-04-30T09:35:08.704+0300][10,761s][info ][gc] GC(184) Concurrent Reset 0,068ms
[2021-04-30T09:35:08.804+0300][10,860s][info ][gc] GC(186) Pause Full (Allocation Failure) 123M->88M(123M) 68,073ms
[2021-04-30T09:35:08.804+0300][10,860s][info ][gc] GC(185) Pause Young (Allocation Failure) 123M->88M(123M) 68,277ms
[2021-04-30T09:35:08.805+0300][10,861s][info ][gc] GC(187) Pause Initial Mark 89M->89M(123M) 0,649ms
[2021-04-30T09:35:08.805+0300][10,861s][info ][gc] GC(187) Concurrent Mark
[2021-04-30T09:35:08.836+0300][10,892s][debug][gc] GC(187) Concurrent active time: 0,029ms
[2021-04-30T09:35:08.836+0300][10,892s][info ][gc] GC(187) Concurrent Mark 31,062ms
[2021-04-30T09:35:08.836+0300][10,892s][info ][gc] GC(187) Concurrent Preclean
[2021-04-30T09:35:08.854+0300][10,910s][debug][gc] GC(187) Concurrent active time: 0,018ms
[2021-04-30T09:35:08.854+0300][10,910s][info ][gc] GC(187) Concurrent Preclean 17,855ms
[2021-04-30T09:35:08.854+0300][10,910s][info ][gc] GC(187) Concurrent Abortable Preclean
[2021-04-30T09:35:08.854+0300][10,910s][debug][gc] GC(187) Concurrent active time: 0,000ms
[2021-04-30T09:35:08.854+0300][10,910s][info ][gc] GC(187) Concurrent Abortable Preclean 0,012ms
[2021-04-30T09:35:08.854+0300][10,910s][debug][gc] GC(187) YG occupancy: 28599 K (39296 K)
[2021-04-30T09:35:08.860+0300][10,917s][info ][gc] GC(187) Pause Remark 113M->113M(123M) 6,656ms
[2021-04-30T09:35:08.860+0300][10,917s][info ][gc] GC(187) Concurrent Sweep
[2021-04-30T09:35:08.872+0300][10,929s][debug][gc] GC(187) Concurrent active time: 0,012ms
[2021-04-30T09:35:08.872+0300][10,929s][info ][gc] GC(187) Concurrent Sweep 11,580ms
[2021-04-30T09:35:08.872+0300][10,929s][info ][gc] GC(187) Concurrent Reset
[2021-04-30T09:35:08.872+0300][10,929s][debug][gc] GC(187) Concurrent active time: 0,000ms
[2021-04-30T09:35:08.872+0300][10,929s][info ][gc] GC(187) Concurrent Reset 0,071ms
[2021-04-30T09:35:08.971+0300][11,028s][info ][gc] GC(189) Pause Full (Allocation Failure) 123M->88M(123M) 72,435ms
[2021-04-30T09:35:08.971+0300][11,028s][info ][gc] GC(188) Pause Young (Allocation Failure) 123M->88M(123M) 72,580ms
[2021-04-30T09:35:08.972+0300][11,029s][info ][gc] GC(190) Pause Initial Mark 89M->89M(123M) 0,798ms
[2021-04-30T09:35:08.972+0300][11,029s][info ][gc] GC(190) Concurrent Mark
[2021-04-30T09:35:08.996+0300][11,053s][debug][gc] GC(190) Concurrent active time: 0,024ms
[2021-04-30T09:35:08.996+0300][11,053s][info ][gc] GC(190) Concurrent Mark 23,964ms
[2021-04-30T09:35:08.996+0300][11,053s][info ][gc] GC(190) Concurrent Preclean
[2021-04-30T09:35:09.012+0300][11,068s][debug][gc] GC(190) Concurrent active time: 0,015ms
[2021-04-30T09:35:09.012+0300][11,068s][info ][gc] GC(190) Concurrent Preclean 15,276ms
[2021-04-30T09:35:09.012+0300][11,068s][info ][gc] GC(190) Concurrent Abortable Preclean
[2021-04-30T09:35:09.012+0300][11,068s][debug][gc] GC(190) Concurrent active time: 0,000ms
[2021-04-30T09:35:09.012+0300][11,068s][info ][gc] GC(190) Concurrent Abortable Preclean 0,012ms
[2021-04-30T09:35:09.012+0300][11,068s][debug][gc] GC(190) YG occupancy: 4114 K (39296 K)
[2021-04-30T09:35:09.014+0300][11,071s][info ][gc] GC(190) Pause Remark 89M->89M(123M) 2,695ms
[2021-04-30T09:35:09.015+0300][11,071s][info ][gc] GC(190) Concurrent Sweep
[2021-04-30T09:35:09.026+0300][11,082s][debug][gc] GC(190) Concurrent active time: 0,011ms
[2021-04-30T09:35:09.026+0300][11,082s][info ][gc] GC(190) Concurrent Sweep 11,304ms
[2021-04-30T09:35:09.026+0300][11,082s][info ][gc] GC(190) Concurrent Reset
[2021-04-30T09:35:09.026+0300][11,083s][debug][gc] GC(190) Concurrent active time: 0,000ms
[2021-04-30T09:35:09.026+0300][11,083s][info ][gc] GC(190) Concurrent Reset 0,079ms
[2021-04-30T09:35:09.658+0300][11,714s][info ][gc] GC(192) Pause Full (Allocation Failure) 123M->58M(123M) 53,951ms
[2021-04-30T09:35:09.658+0300][11,714s][info ][gc] GC(191) Pause Young (Allocation Failure) 123M->58M(123M) 54,026ms
[2021-04-30T09:35:09.711+0300][11,767s][info ][gc] GC(193) Pause Young (Allocation Failure) 92M->60M(123M) 0,723ms
[2021-04-30T09:35:09.759+0300][11,815s][info ][gc] GC(194) Pause Young (Allocation Failure) 95M->60M(123M) 0,934ms
[2021-04-30T09:35:09.807+0300][11,864s][info ][gc] GC(195) Pause Young (Allocation Failure) 94M->61M(123M) 1,201ms
[2021-04-30T09:35:09.858+0300][11,915s][info ][gc] GC(196) Pause Young (Allocation Failure) 95M->60M(123M) 1,297ms
[2021-04-30T09:35:09.912+0300][11,968s][info ][gc] GC(197) Pause Young (Allocation Failure) 95M->62M(123M) 2,181ms
[2021-04-30T09:35:09.974+0300][12,031s][info ][gc] GC(198) Pause Young (Allocation Failure) 96M->63M(123M) 1,838ms
[2021-04-30T09:35:10.027+0300][12,083s][info ][gc] GC(199) Pause Young (Allocation Failure) 97M->63M(123M) 1,529ms
[2021-04-30T09:35:10.074+0300][12,131s][info ][gc] GC(200) Pause Young (Allocation Failure) 97M->64M(123M) 1,554ms
[2021-04-30T09:35:10.125+0300][12,182s][info ][gc] GC(201) Pause Young (Allocation Failure) 98M->64M(123M) 1,584ms
[2021-04-30T09:35:10.173+0300][12,229s][info ][gc] GC(202) Pause Young (Allocation Failure) 98M->65M(123M) 1,426ms
[2021-04-30T09:35:10.223+0300][12,279s][info ][gc] GC(203) Pause Young (Allocation Failure) 99M->65M(123M) 1,145ms
[2021-04-30T09:35:10.275+0300][12,331s][info ][gc] GC(204) Pause Young (Allocation Failure) 99M->66M(123M) 1,472ms
[2021-04-30T09:35:10.323+0300][12,380s][info ][gc] GC(205) Pause Young (Allocation Failure) 100M->66M(123M) 1,302ms
[2021-04-30T09:35:10.370+0300][12,427s][info ][gc] GC(206) Pause Young (Allocation Failure) 101M->67M(123M) 1,830ms
[2021-04-30T09:35:10.420+0300][12,477s][info ][gc] GC(207) Pause Young (Allocation Failure) 101M->68M(123M) 1,516ms
[2021-04-30T09:35:10.466+0300][12,523s][info ][gc] GC(208) Pause Young (Allocation Failure) 102M->68M(123M) 1,428ms
[2021-04-30T09:35:10.520+0300][12,577s][info ][gc] GC(209) Pause Young (Allocation Failure) 102M->69M(123M) 1,749ms
[2021-04-30T09:35:10.573+0300][12,629s][info ][gc] GC(210) Pause Young (Allocation Failure) 103M->69M(123M) 1,581ms
[2021-04-30T09:35:10.621+0300][12,678s][info ][gc] GC(211) Pause Young (Allocation Failure) 103M->70M(123M) 1,535ms
[2021-04-30T09:35:10.672+0300][12,729s][info ][gc] GC(212) Pause Young (Allocation Failure) 104M->70M(123M) 1,553ms
[2021-04-30T09:35:10.720+0300][12,776s][info ][gc] GC(213) Pause Young (Allocation Failure) 104M->71M(123M) 1,651ms
[2021-04-30T09:35:10.770+0300][12,826s][info ][gc] GC(214) Pause Young (Allocation Failure) 105M->71M(123M) 1,603ms
[2021-04-30T09:35:10.823+0300][12,879s][info ][gc] GC(215) Pause Young (Allocation Failure) 106M->72M(123M) 2,030ms
[2021-04-30T09:35:10.876+0300][12,932s][info ][gc] GC(216) Pause Young (Allocation Failure) 106M->73M(123M) 1,703ms
[2021-04-30T09:35:10.929+0300][12,986s][info ][gc] GC(217) Pause Young (Allocation Failure) 107M->73M(123M) 1,677ms
[2021-04-30T09:35:10.983+0300][13,040s][info ][gc] GC(218) Pause Young (Allocation Failure) 107M->74M(123M) 1,555ms
[2021-04-30T09:35:11.035+0300][13,091s][info ][gc] GC(219) Pause Young (Allocation Failure) 108M->74M(123M) 1,529ms
[2021-04-30T09:35:11.085+0300][13,141s][info ][gc] GC(220) Pause Young (Allocation Failure) 108M->75M(123M) 1,816ms
[2021-04-30T09:35:11.136+0300][13,193s][info ][gc] GC(221) Pause Young (Allocation Failure) 109M->75M(123M) 1,648ms
[2021-04-30T09:35:11.187+0300][13,244s][info ][gc] GC(222) Pause Young (Allocation Failure) 109M->76M(123M) 1,612ms
[2021-04-30T09:35:11.234+0300][13,290s][info ][gc] GC(223) Pause Young (Allocation Failure) 110M->76M(123M) 1,543ms
[2021-04-30T09:35:11.281+0300][13,337s][info ][gc] GC(224) Pause Young (Allocation Failure) 111M->77M(123M) 1,480ms
[2021-04-30T09:35:11.333+0300][13,390s][info ][gc] GC(225) Pause Young (Allocation Failure) 111M->78M(123M) 1,541ms
[2021-04-30T09:35:11.380+0300][13,436s][info ][gc] GC(226) Pause Young (Allocation Failure) 112M->78M(123M) 1,516ms
[2021-04-30T09:35:11.431+0300][13,488s][info ][gc] GC(227) Pause Young (Allocation Failure) 112M->79M(123M) 1,783ms
[2021-04-30T09:35:11.483+0300][13,539s][info ][gc] GC(228) Pause Young (Allocation Failure) 113M->79M(123M) 1,459ms
[2021-04-30T09:35:11.530+0300][13,587s][info ][gc] GC(229) Pause Young (Allocation Failure) 113M->80M(123M) 1,608ms
[2021-04-30T09:35:11.581+0300][13,638s][info ][gc] GC(230) Pause Young (Allocation Failure) 114M->80M(123M) 1,683ms
[2021-04-30T09:35:11.629+0300][13,686s][info ][gc] GC(231) Pause Young (Allocation Failure) 114M->81M(123M) 1,249ms
[2021-04-30T09:35:11.676+0300][13,732s][info ][gc] GC(232) Pause Young (Allocation Failure) 115M->81M(123M) 1,201ms
[2021-04-30T09:35:11.676+0300][13,733s][info ][gc] GC(233) Pause Initial Mark 82M->82M(123M) 0,375ms
[2021-04-30T09:35:11.676+0300][13,733s][info ][gc] GC(233) Concurrent Mark
[2021-04-30T09:35:11.703+0300][13,760s][debug][gc] GC(233) Concurrent active time: 0,027ms
[2021-04-30T09:35:11.703+0300][13,760s][info ][gc] GC(233) Concurrent Mark 26,579ms
[2021-04-30T09:35:11.703+0300][13,760s][info ][gc] GC(233) Concurrent Preclean
[2021-04-30T09:35:11.703+0300][13,760s][debug][gc] GC(233) Concurrent active time: 0,000ms
[2021-04-30T09:35:11.703+0300][13,760s][info ][gc] GC(233) Concurrent Preclean 0,389ms
[2021-04-30T09:35:11.703+0300][13,760s][info ][gc] GC(233) Concurrent Abortable Preclean
[2021-04-30T09:35:11.734+0300][13,790s][info ][gc] GC(234) Pause Young (Allocation Failure) 116M->82M(123M) 1,243ms
[2021-04-30T09:35:11.788+0300][13,844s][info ][gc] GC(235) Pause Young (Allocation Failure) 116M->82M(123M) 1,258ms
[2021-04-30T09:35:11.852+0300][13,908s][info ][gc] GC(236) Pause Young (Allocation Failure) 117M->83M(123M) 1,626ms
[2021-04-30T09:35:11.906+0300][13,962s][info ][gc] GC(237) Pause Young (Allocation Failure) 117M->84M(123M) 1,545ms
[2021-04-30T09:35:11.963+0300][14,020s][info ][gc] GC(238) Pause Young (Allocation Failure) 118M->84M(123M) 1,826ms
[2021-04-30T09:35:12.015+0300][14,072s][info ][gc] GC(239) Pause Young (Allocation Failure) 118M->85M(123M) 1,593ms
[2021-04-30T09:35:12.064+0300][14,121s][info ][gc] GC(240) Pause Young (Allocation Failure) 119M->85M(123M) 1,556ms
[2021-04-30T09:35:12.114+0300][14,171s][info ][gc] GC(241) Pause Young (Allocation Failure) 119M->86M(123M) 1,623ms
[2021-04-30T09:35:12.162+0300][14,219s][info ][gc] GC(242) Pause Young (Allocation Failure) 120M->86M(123M) 1,553ms
[2021-04-30T09:35:12.210+0300][14,267s][info ][gc] GC(243) Pause Young (Allocation Failure) 120M->87M(123M) 1,618ms
[2021-04-30T09:35:12.261+0300][14,318s][info ][gc] GC(244) Pause Young (Allocation Failure) 121M->87M(123M) 1,632ms
[2021-04-30T09:35:12.312+0300][14,369s][info ][gc] GC(245) Pause Young (Allocation Failure) 122M->88M(123M) 1,754ms
[2021-04-30T09:35:12.312+0300][14,369s][debug][gc] GC(233) Concurrent active time: 0,059ms
[2021-04-30T09:35:12.312+0300][14,369s][info ][gc] GC(233) Concurrent Abortable Preclean 608,816ms
[2021-04-30T09:35:12.313+0300][14,369s][debug][gc] GC(233) YG occupancy: 4082 K (39296 K)
[2021-04-30T09:35:12.315+0300][14,371s][info ][gc] GC(233) Pause Remark 89M->89M(123M) 2,030ms
[2021-04-30T09:35:12.315+0300][14,371s][info ][gc] GC(233) Concurrent Sweep
[2021-04-30T09:35:12.327+0300][14,383s][debug][gc] GC(233) Concurrent active time: 0,012ms
[2021-04-30T09:35:12.327+0300][14,383s][info ][gc] GC(233) Concurrent Sweep 12,310ms
[2021-04-30T09:35:12.327+0300][14,384s][info ][gc] GC(233) Concurrent Reset
[2021-04-30T09:35:12.327+0300][14,384s][debug][gc] GC(233) Concurrent active time: 0,000ms
[2021-04-30T09:35:12.327+0300][14,384s][info ][gc] GC(233) Concurrent Reset 0,087ms
[2021-04-30T09:35:12.423+0300][14,480s][info ][gc] GC(247) Pause Full (Allocation Failure) 122M->87M(123M) 55,047ms
[2021-04-30T09:35:12.423+0300][14,480s][info ][gc] GC(246) Pause Young (Allocation Failure) 122M->87M(123M) 55,133ms
[2021-04-30T09:35:12.424+0300][14,480s][info ][gc] GC(248) Pause Initial Mark 88M->88M(123M) 0,523ms
[2021-04-30T09:35:12.424+0300][14,480s][info ][gc] GC(248) Concurrent Mark
[2021-04-30T09:35:12.452+0300][14,508s][debug][gc] GC(248) Concurrent active time: 0,028ms
[2021-04-30T09:35:12.452+0300][14,508s][info ][gc] GC(248) Concurrent Mark 27,869ms
[2021-04-30T09:35:12.452+0300][14,508s][info ][gc] GC(248) Concurrent Preclean
[2021-04-30T09:35:12.468+0300][14,524s][debug][gc] GC(248) Concurrent active time: 0,016ms
[2021-04-30T09:35:12.468+0300][14,524s][info ][gc] GC(248) Concurrent Preclean 15,804ms
[2021-04-30T09:35:12.468+0300][14,524s][info ][gc] GC(248) Concurrent Abortable Preclean
[2021-04-30T09:35:12.468+0300][14,524s][debug][gc] GC(248) Concurrent active time: 0,000ms
[2021-04-30T09:35:12.468+0300][14,524s][info ][gc] GC(248) Concurrent Abortable Preclean 0,012ms
[2021-04-30T09:35:12.468+0300][14,524s][debug][gc] GC(248) YG occupancy: 31920 K (39296 K)
[2021-04-30T09:35:12.474+0300][14,530s][info ][gc] GC(248) Pause Remark 116M->116M(123M) 6,141ms
[2021-04-30T09:35:12.474+0300][14,530s][info ][gc] GC(248) Concurrent Sweep
[2021-04-30T09:35:12.486+0300][14,543s][debug][gc] GC(248) Concurrent active time: 0,012ms
[2021-04-30T09:35:12.486+0300][14,543s][info ][gc] GC(248) Concurrent Sweep 12,157ms
[2021-04-30T09:35:12.486+0300][14,543s][info ][gc] GC(248) Concurrent Reset
[2021-04-30T09:35:12.486+0300][14,543s][debug][gc] GC(248) Concurrent active time: 0,000ms
[2021-04-30T09:35:12.486+0300][14,543s][info ][gc] GC(248) Concurrent Reset 0,093ms
[2021-04-30T09:35:12.572+0300][14,628s][info ][gc] GC(250) Pause Full (Allocation Failure) 123M->88M(123M) 62,003ms
[2021-04-30T09:35:12.572+0300][14,628s][info ][gc] GC(249) Pause Young (Allocation Failure) 123M->88M(123M) 62,118ms
[2021-04-30T09:35:12.573+0300][14,629s][info ][gc] GC(251) Pause Initial Mark 89M->89M(123M) 0,609ms
[2021-04-30T09:35:12.573+0300][14,629s][info ][gc] GC(251) Concurrent Mark
[2021-04-30T09:35:12.595+0300][14,652s][debug][gc] GC(251) Concurrent active time: 0,022ms
[2021-04-30T09:35:12.595+0300][14,652s][info ][gc] GC(251) Concurrent Mark 22,567ms
[2021-04-30T09:35:12.595+0300][14,652s][info ][gc] GC(251) Concurrent Preclean
[2021-04-30T09:35:12.615+0300][14,671s][debug][gc] GC(251) Concurrent active time: 0,019ms
[2021-04-30T09:35:12.615+0300][14,671s][info ][gc] GC(251) Concurrent Preclean 19,278ms
[2021-04-30T09:35:12.615+0300][14,671s][info ][gc] GC(251) Concurrent Abortable Preclean
[2021-04-30T09:35:12.615+0300][14,671s][debug][gc] GC(251) Concurrent active time: 0,000ms
[2021-04-30T09:35:12.615+0300][14,671s][info ][gc] GC(251) Concurrent Abortable Preclean 0,019ms
[2021-04-30T09:35:12.615+0300][14,671s][debug][gc] GC(251) YG occupancy: 28991 K (39296 K)
[2021-04-30T09:35:12.621+0300][14,677s][info ][gc] GC(251) Pause Remark 113M->113M(123M) 6,005ms
[2021-04-30T09:35:12.621+0300][14,677s][info ][gc] GC(251) Concurrent Sweep
[2021-04-30T09:35:12.633+0300][14,690s][debug][gc] GC(251) Concurrent active time: 0,013ms
[2021-04-30T09:35:12.633+0300][14,690s][info ][gc] GC(251) Concurrent Sweep 12,571ms
[2021-04-30T09:35:12.633+0300][14,690s][info ][gc] GC(251) Concurrent Reset
[2021-04-30T09:35:12.634+0300][14,690s][debug][gc] GC(251) Concurrent active time: 0,000ms
[2021-04-30T09:35:12.634+0300][14,690s][info ][gc] GC(251) Concurrent Reset 0,086ms
[2021-04-30T09:35:12.706+0300][14,762s][info ][gc] GC(253) Pause Full (Allocation Failure) 123M->88M(123M) 47,891ms
[2021-04-30T09:35:12.706+0300][14,762s][info ][gc] GC(252) Pause Young (Allocation Failure) 123M->88M(123M) 47,967ms
[2021-04-30T09:35:12.707+0300][14,763s][info ][gc] GC(254) Pause Initial Mark 89M->89M(123M) 0,620ms
[2021-04-30T09:35:12.707+0300][14,763s][info ][gc] GC(254) Concurrent Mark
[2021-04-30T09:35:12.733+0300][14,790s][debug][gc] GC(254) Concurrent active time: 0,026ms
[2021-04-30T09:35:12.733+0300][14,790s][info ][gc] GC(254) Concurrent Mark 26,527ms
[2021-04-30T09:35:12.733+0300][14,790s][info ][gc] GC(254) Concurrent Preclean
[2021-04-30T09:35:12.749+0300][14,806s][debug][gc] GC(254) Concurrent active time: 0,016ms
[2021-04-30T09:35:12.749+0300][14,806s][info ][gc] GC(254) Concurrent Preclean 16,189ms
[2021-04-30T09:35:12.749+0300][14,806s][info ][gc] GC(254) Concurrent Abortable Preclean
[2021-04-30T09:35:12.749+0300][14,806s][debug][gc] GC(254) Concurrent active time: 0,000ms
[2021-04-30T09:35:12.749+0300][14,806s][info ][gc] GC(254) Concurrent Abortable Preclean 0,013ms
[2021-04-30T09:35:12.749+0300][14,806s][debug][gc] GC(254) YG occupancy: 31681 K (39296 K)
[2021-04-30T09:35:12.755+0300][14,812s][info ][gc] GC(254) Pause Remark 116M->116M(123M) 5,894ms
[2021-04-30T09:35:12.755+0300][14,812s][info ][gc] GC(254) Concurrent Sweep
[2021-04-30T09:35:12.768+0300][14,825s][debug][gc] GC(254) Concurrent active time: 0,013ms
[2021-04-30T09:35:12.768+0300][14,825s][info ][gc] GC(254) Concurrent Sweep 12,779ms
[2021-04-30T09:35:12.768+0300][14,825s][info ][gc] GC(254) Concurrent Reset
[2021-04-30T09:35:12.768+0300][14,825s][debug][gc] GC(254) Concurrent active time: 0,000ms
[2021-04-30T09:35:12.768+0300][14,825s][info ][gc] GC(254) Concurrent Reset 0,081ms
[2021-04-30T09:35:12.835+0300][14,891s][info ][gc] GC(256) Pause Full (Allocation Failure) 123M->89M(123M) 46,121ms
[2021-04-30T09:35:12.835+0300][14,892s][info ][gc] GC(255) Pause Young (Allocation Failure) 123M->89M(123M) 46,200ms
[2021-04-30T09:35:12.836+0300][14,893s][info ][gc] GC(257) Pause Initial Mark 90M->90M(123M) 0,693ms
[2021-04-30T09:35:12.836+0300][14,893s][info ][gc] GC(257) Concurrent Mark
[2021-04-30T09:35:12.862+0300][14,918s][debug][gc] GC(257) Concurrent active time: 0,025ms
[2021-04-30T09:35:12.862+0300][14,918s][info ][gc] GC(257) Concurrent Mark 25,756ms
[2021-04-30T09:35:12.862+0300][14,918s][info ][gc] GC(257) Concurrent Preclean
[2021-04-30T09:35:12.886+0300][14,943s][debug][gc] GC(257) Concurrent active time: 0,024ms
[2021-04-30T09:35:12.886+0300][14,943s][info ][gc] GC(257) Concurrent Preclean 24,210ms
[2021-04-30T09:35:12.886+0300][14,943s][info ][gc] GC(257) Concurrent Abortable Preclean
[2021-04-30T09:35:12.886+0300][14,943s][debug][gc] GC(257) Concurrent active time: 0,000ms
[2021-04-30T09:35:12.886+0300][14,943s][info ][gc] GC(257) Concurrent Abortable Preclean 0,023ms
[2021-04-30T09:35:12.886+0300][14,943s][debug][gc] GC(257) YG occupancy: 31000 K (39296 K)
[2021-04-30T09:35:12.893+0300][14,949s][info ][gc] GC(257) Pause Remark 115M->115M(123M) 6,681ms
[2021-04-30T09:35:12.893+0300][14,949s][info ][gc] GC(257) Concurrent Sweep
[2021-04-30T09:35:12.908+0300][14,964s][debug][gc] GC(257) Concurrent active time: 0,015ms
[2021-04-30T09:35:12.908+0300][14,964s][info ][gc] GC(257) Concurrent Sweep 14,663ms
[2021-04-30T09:35:12.908+0300][14,964s][info ][gc] GC(257) Concurrent Reset
[2021-04-30T09:35:12.908+0300][14,964s][debug][gc] GC(257) Concurrent active time: 0,000ms
[2021-04-30T09:35:12.908+0300][14,964s][info ][gc] GC(257) Concurrent Reset 0,093ms
[2021-04-30T09:35:12.995+0300][15,051s][info ][gc] GC(259) Pause Full (Allocation Failure) 123M->90M(123M) 67,621ms
[2021-04-30T09:35:12.995+0300][15,051s][info ][gc] GC(258) Pause Young (Allocation Failure) 123M->90M(123M) 67,703ms
[2021-04-30T09:35:12.996+0300][15,052s][info ][gc] GC(260) Pause Initial Mark 90M->90M(123M) 0,893ms
[2021-04-30T09:35:12.996+0300][15,053s][info ][gc] GC(260) Concurrent Mark
[2021-04-30T09:35:13.021+0300][15,077s][debug][gc] GC(260) Concurrent active time: 0,025ms
[2021-04-30T09:35:13.021+0300][15,077s][info ][gc] GC(260) Concurrent Mark 24,741ms
[2021-04-30T09:35:13.021+0300][15,077s][info ][gc] GC(260) Concurrent Preclean
[2021-04-30T09:35:13.037+0300][15,094s][debug][gc] GC(260) Concurrent active time: 0,017ms
[2021-04-30T09:35:13.038+0300][15,094s][info ][gc] GC(260) Concurrent Preclean 16,770ms
[2021-04-30T09:35:13.038+0300][15,094s][info ][gc] GC(260) Concurrent Abortable Preclean
[2021-04-30T09:35:13.038+0300][15,094s][debug][gc] GC(260) Concurrent active time: 0,000ms
[2021-04-30T09:35:13.038+0300][15,094s][info ][gc] GC(260) Concurrent Abortable Preclean 0,015ms
[2021-04-30T09:35:13.038+0300][15,094s][debug][gc] GC(260) YG occupancy: 27904 K (39296 K)
[2021-04-30T09:35:13.043+0300][15,100s][info ][gc] GC(260) Pause Remark 112M->112M(123M) 5,551ms
[2021-04-30T09:35:13.043+0300][15,100s][info ][gc] GC(260) Concurrent Sweep
[2021-04-30T09:35:13.055+0300][15,111s][debug][gc] GC(260) Concurrent active time: 0,011ms
[2021-04-30T09:35:13.055+0300][15,111s][info ][gc] GC(260) Concurrent Sweep 11,345ms
[2021-04-30T09:35:13.055+0300][15,111s][info ][gc] GC(260) Concurrent Reset
[2021-04-30T09:35:13.055+0300][15,111s][debug][gc] GC(260) Concurrent active time: 0,000ms
[2021-04-30T09:35:13.055+0300][15,111s][info ][gc] GC(260) Concurrent Reset 0,066ms
[2021-04-30T09:35:13.127+0300][15,184s][info ][gc] GC(262) Pause Full (Allocation Failure) 123M->90M(123M) 46,130ms
[2021-04-30T09:35:13.127+0300][15,184s][info ][gc] GC(261) Pause Young (Allocation Failure) 123M->90M(123M) 46,209ms
[2021-04-30T09:35:13.128+0300][15,185s][info ][gc] GC(263) Pause Initial Mark 91M->91M(123M) 1,002ms
[2021-04-30T09:35:13.128+0300][15,185s][info ][gc] GC(263) Concurrent Mark
[2021-04-30T09:35:13.158+0300][15,214s][debug][gc] GC(263) Concurrent active time: 0,029ms
[2021-04-30T09:35:13.158+0300][15,214s][info ][gc] GC(263) Concurrent Mark 29,351ms
[2021-04-30T09:35:13.158+0300][15,214s][info ][gc] GC(263) Concurrent Preclean
[2021-04-30T09:35:13.174+0300][15,230s][debug][gc] GC(263) Concurrent active time: 0,016ms
[2021-04-30T09:35:13.174+0300][15,230s][info ][gc] GC(263) Concurrent Preclean 15,976ms
[2021-04-30T09:35:13.174+0300][15,230s][info ][gc] GC(263) Concurrent Abortable Preclean
[2021-04-30T09:35:13.174+0300][15,230s][debug][gc] GC(263) Concurrent active time: 0,000ms
[2021-04-30T09:35:13.174+0300][15,230s][info ][gc] GC(263) Concurrent Abortable Preclean 0,012ms
[2021-04-30T09:35:13.174+0300][15,230s][debug][gc] GC(263) YG occupancy: 34944 K (39296 K)
[2021-04-30T09:35:13.180+0300][15,237s][info ][gc] GC(263) Pause Remark 119M->119M(123M) 6,155ms
[2021-04-30T09:35:13.180+0300][15,237s][info ][gc] GC(263) Concurrent Sweep
[2021-04-30T09:35:13.193+0300][15,249s][debug][gc] GC(263) Concurrent active time: 0,013ms
[2021-04-30T09:35:13.193+0300][15,249s][info ][gc] GC(263) Concurrent Sweep 12,791ms
[2021-04-30T09:35:13.193+0300][15,250s][info ][gc] GC(263) Concurrent Reset
[2021-04-30T09:35:13.193+0300][15,250s][debug][gc] GC(263) Concurrent active time: 0,000ms
[2021-04-30T09:35:13.193+0300][15,250s][info ][gc] GC(263) Concurrent Reset 0,096ms
[2021-04-30T09:35:13.269+0300][15,326s][info ][gc] GC(265) Pause Full (Allocation Failure) 123M->91M(123M) 60,531ms
[2021-04-30T09:35:13.269+0300][15,326s][info ][gc] GC(264) Pause Young (Allocation Failure) 123M->91M(123M) 60,609ms
[2021-04-30T09:35:13.271+0300][15,328s][info ][gc] GC(266) Pause Initial Mark 91M->91M(123M) 1,167ms
[2021-04-30T09:35:13.271+0300][15,328s][info ][gc] GC(266) Concurrent Mark
[2021-04-30T09:35:13.299+0300][15,355s][debug][gc] GC(266) Concurrent active time: 0,028ms
[2021-04-30T09:35:13.299+0300][15,355s][info ][gc] GC(266) Concurrent Mark 27,596ms
[2021-04-30T09:35:13.299+0300][15,355s][info ][gc] GC(266) Concurrent Preclean
[2021-04-30T09:35:13.314+0300][15,371s][debug][gc] GC(266) Concurrent active time: 0,015ms
[2021-04-30T09:35:13.314+0300][15,371s][info ][gc] GC(266) Concurrent Preclean 15,464ms
[2021-04-30T09:35:13.314+0300][15,371s][info ][gc] GC(266) Concurrent Abortable Preclean
[2021-04-30T09:35:13.314+0300][15,371s][debug][gc] GC(266) Concurrent active time: 0,000ms
[2021-04-30T09:35:13.314+0300][15,371s][info ][gc] GC(266) Concurrent Abortable Preclean 0,012ms
[2021-04-30T09:35:13.314+0300][15,371s][debug][gc] GC(266) YG occupancy: 32809 K (39296 K)
[2021-04-30T09:35:13.320+0300][15,377s][info ][gc] GC(266) Pause Remark 117M->117M(123M) 5,843ms
[2021-04-30T09:35:13.320+0300][15,377s][info ][gc] GC(266) Concurrent Sweep
[2021-04-30T09:35:13.335+0300][15,391s][debug][gc] GC(266) Concurrent active time: 0,015ms
[2021-04-30T09:35:13.335+0300][15,391s][info ][gc] GC(266) Concurrent Sweep 14,708ms
[2021-04-30T09:35:13.335+0300][15,391s][info ][gc] GC(266) Concurrent Reset
[2021-04-30T09:35:13.335+0300][15,392s][debug][gc] GC(266) Concurrent active time: 0,000ms
[2021-04-30T09:35:13.335+0300][15,392s][info ][gc] GC(266) Concurrent Reset 0,108ms
[2021-04-30T09:35:13.397+0300][15,454s][info ][gc] GC(268) Pause Full (Allocation Failure) 123M->91M(123M) 46,466ms
[2021-04-30T09:35:13.397+0300][15,454s][info ][gc] GC(267) Pause Young (Allocation Failure) 123M->91M(123M) 46,540ms
[2021-04-30T09:35:13.399+0300][15,455s][info ][gc] GC(269) Pause Initial Mark 92M->92M(123M) 1,128ms
[2021-04-30T09:35:13.399+0300][15,455s][info ][gc] GC(269) Concurrent Mark
[2021-04-30T09:35:13.427+0300][15,483s][debug][gc] GC(269) Concurrent active time: 0,028ms
[2021-04-30T09:35:13.427+0300][15,483s][info ][gc] GC(269) Concurrent Mark 27,805ms
[2021-04-30T09:35:13.427+0300][15,483s][info ][gc] GC(269) Concurrent Preclean
[2021-04-30T09:35:13.442+0300][15,499s][debug][gc] GC(269) Concurrent active time: 0,015ms
[2021-04-30T09:35:13.442+0300][15,499s][info ][gc] GC(269) Concurrent Preclean 15,490ms
[2021-04-30T09:35:13.442+0300][15,499s][info ][gc] GC(269) Concurrent Abortable Preclean
[2021-04-30T09:35:13.442+0300][15,499s][debug][gc] GC(269) Concurrent active time: 0,000ms
[2021-04-30T09:35:13.442+0300][15,499s][info ][gc] GC(269) Concurrent Abortable Preclean 0,012ms
[2021-04-30T09:35:13.442+0300][15,499s][debug][gc] GC(269) YG occupancy: 34944 K (39296 K)
[2021-04-30T09:35:13.448+0300][15,505s][info ][gc] GC(269) Pause Remark 119M->119M(123M) 6,099ms
[2021-04-30T09:35:13.448+0300][15,505s][info ][gc] GC(269) Concurrent Sweep
[2021-04-30T09:35:13.463+0300][15,520s][debug][gc] GC(269) Concurrent active time: 0,015ms
[2021-04-30T09:35:13.463+0300][15,520s][info ][gc] GC(269) Concurrent Sweep 14,627ms
[2021-04-30T09:35:13.463+0300][15,520s][info ][gc] GC(269) Concurrent Reset
[2021-04-30T09:35:13.463+0300][15,520s][debug][gc] GC(269) Concurrent active time: 0,000ms
[2021-04-30T09:35:13.463+0300][15,520s][info ][gc] GC(269) Concurrent Reset 0,067ms
[2021-04-30T09:35:13.525+0300][15,581s][info ][gc] GC(271) Pause Full (Allocation Failure) 123M->92M(123M) 48,029ms
[2021-04-30T09:35:13.525+0300][15,582s][info ][gc] GC(270) Pause Young (Allocation Failure) 123M->92M(123M) 48,109ms
[2021-04-30T09:35:13.526+0300][15,583s][info ][gc] GC(272) Pause Initial Mark 92M->92M(123M) 1,275ms
[2021-04-30T09:35:13.527+0300][15,583s][info ][gc] GC(272) Concurrent Mark
[2021-04-30T09:35:13.555+0300][15,611s][debug][gc] GC(272) Concurrent active time: 0,028ms
[2021-04-30T09:35:13.555+0300][15,611s][info ][gc] GC(272) Concurrent Mark 28,092ms
[2021-04-30T09:35:13.555+0300][15,611s][info ][gc] GC(272) Concurrent Preclean
[2021-04-30T09:35:13.572+0300][15,629s][debug][gc] GC(272) Concurrent active time: 0,017ms
[2021-04-30T09:35:13.572+0300][15,629s][info ][gc] GC(272) Concurrent Preclean 17,437ms
[2021-04-30T09:35:13.572+0300][15,629s][info ][gc] GC(272) Concurrent Abortable Preclean
[2021-04-30T09:35:13.572+0300][15,629s][debug][gc] GC(272) Concurrent active time: 0,000ms
[2021-04-30T09:35:13.572+0300][15,629s][info ][gc] GC(272) Concurrent Abortable Preclean 0,012ms
[2021-04-30T09:35:13.572+0300][15,629s][debug][gc] GC(272) YG occupancy: 34565 K (39296 K)
[2021-04-30T09:35:13.579+0300][15,636s][info ][gc] GC(272) Pause Remark 119M->119M(123M) 6,845ms
[2021-04-30T09:35:13.579+0300][15,636s][info ][gc] GC(272) Concurrent Sweep
[2021-04-30T09:35:13.591+0300][15,647s][debug][gc] GC(272) Concurrent active time: 0,011ms
[2021-04-30T09:35:13.591+0300][15,647s][info ][gc] GC(272) Concurrent Sweep 11,329ms
[2021-04-30T09:35:13.591+0300][15,647s][info ][gc] GC(272) Concurrent Reset
[2021-04-30T09:35:13.591+0300][15,647s][debug][gc] GC(272) Concurrent active time: 0,000ms
[2021-04-30T09:35:13.591+0300][15,647s][info ][gc] GC(272) Concurrent Reset 0,085ms
[2021-04-30T09:35:13.656+0300][15,713s][info ][gc] GC(274) Pause Full (Allocation Failure) 123M->92M(123M) 47,269ms
[2021-04-30T09:35:13.656+0300][15,713s][info ][gc] GC(273) Pause Young (Allocation Failure) 123M->92M(123M) 47,345ms
[2021-04-30T09:35:13.658+0300][15,714s][info ][gc] GC(275) Pause Initial Mark 93M->93M(123M) 1,300ms
[2021-04-30T09:35:13.658+0300][15,714s][info ][gc] GC(275) Concurrent Mark
[2021-04-30T09:35:13.680+0300][15,737s][debug][gc] GC(275) Concurrent active time: 0,022ms
[2021-04-30T09:35:13.680+0300][15,737s][info ][gc] GC(275) Concurrent Mark 22,460ms
[2021-04-30T09:35:13.680+0300][15,737s][info ][gc] GC(275) Concurrent Preclean
[2021-04-30T09:35:13.696+0300][15,753s][debug][gc] GC(275) Concurrent active time: 0,016ms
[2021-04-30T09:35:13.696+0300][15,753s][info ][gc] GC(275) Concurrent Preclean 15,955ms
[2021-04-30T09:35:13.696+0300][15,753s][info ][gc] GC(275) Concurrent Abortable Preclean
[2021-04-30T09:35:13.696+0300][15,753s][debug][gc] GC(275) Concurrent active time: 0,000ms
[2021-04-30T09:35:13.696+0300][15,753s][info ][gc] GC(275) Concurrent Abortable Preclean 0,012ms
[2021-04-30T09:35:13.696+0300][15,753s][debug][gc] GC(275) YG occupancy: 32051 K (39296 K)
[2021-04-30T09:35:13.702+0300][15,759s][info ][gc] GC(275) Pause Remark 116M->116M(123M) 5,695ms
[2021-04-30T09:35:13.702+0300][15,759s][info ][gc] GC(275) Concurrent Sweep
[2021-04-30T09:35:13.713+0300][15,769s][debug][gc] GC(275) Concurrent active time: 0,010ms
[2021-04-30T09:35:13.713+0300][15,769s][info ][gc] GC(275) Concurrent Sweep 10,462ms
[2021-04-30T09:35:13.713+0300][15,769s][info ][gc] GC(275) Concurrent Reset
[2021-04-30T09:35:13.713+0300][15,769s][debug][gc] GC(275) Concurrent active time: 0,000ms
[2021-04-30T09:35:13.713+0300][15,769s][info ][gc] GC(275) Concurrent Reset 0,084ms
[2021-04-30T09:35:13.781+0300][15,838s][info ][gc] GC(277) Pause Full (Allocation Failure) 123M->93M(123M) 47,369ms
[2021-04-30T09:35:13.782+0300][15,838s][info ][gc] GC(276) Pause Young (Allocation Failure) 123M->93M(123M) 47,449ms
[2021-04-30T09:35:13.783+0300][15,840s][info ][gc] GC(278) Pause Initial Mark 93M->93M(123M) 1,417ms
[2021-04-30T09:35:13.783+0300][15,840s][info ][gc] GC(278) Concurrent Mark
[2021-04-30T09:35:13.811+0300][15,867s][debug][gc] GC(278) Concurrent active time: 0,028ms
[2021-04-30T09:35:13.811+0300][15,867s][info ][gc] GC(278) Concurrent Mark 27,678ms
[2021-04-30T09:35:13.811+0300][15,868s][info ][gc] GC(278) Concurrent Preclean
[2021-04-30T09:35:13.828+0300][15,884s][debug][gc] GC(278) Concurrent active time: 0,017ms
[2021-04-30T09:35:13.828+0300][15,884s][info ][gc] GC(278) Concurrent Preclean 16,610ms
[2021-04-30T09:35:13.828+0300][15,884s][info ][gc] GC(278) Concurrent Abortable Preclean
[2021-04-30T09:35:13.828+0300][15,884s][debug][gc] GC(278) Concurrent active time: 0,000ms
[2021-04-30T09:35:13.828+0300][15,884s][info ][gc] GC(278) Concurrent Abortable Preclean 0,012ms
[2021-04-30T09:35:13.828+0300][15,884s][debug][gc] GC(278) YG occupancy: 29624 K (39296 K)
[2021-04-30T09:35:13.833+0300][15,890s][info ][gc] GC(278) Pause Remark 114M->114M(123M) 5,704ms
[2021-04-30T09:35:13.833+0300][15,890s][info ][gc] GC(278) Concurrent Sweep
[2021-04-30T09:35:13.847+0300][15,903s][debug][gc] GC(278) Concurrent active time: 0,013ms
[2021-04-30T09:35:13.847+0300][15,903s][info ][gc] GC(278) Concurrent Sweep 13,372ms
[2021-04-30T09:35:13.847+0300][15,903s][info ][gc] GC(278) Concurrent Reset
[2021-04-30T09:35:13.847+0300][15,904s][debug][gc] GC(278) Concurrent active time: 0,000ms
[2021-04-30T09:35:13.847+0300][15,904s][info ][gc] GC(278) Concurrent Reset 0,069ms
[2021-04-30T09:35:13.923+0300][15,979s][info ][gc] GC(280) Pause Full (Allocation Failure) 123M->93M(123M) 51,090ms
[2021-04-30T09:35:13.923+0300][15,979s][info ][gc] GC(279) Pause Young (Allocation Failure) 123M->93M(123M) 51,182ms
[2021-04-30T09:35:13.925+0300][15,981s][info ][gc] GC(281) Pause Initial Mark 94M->94M(123M) 1,901ms
[2021-04-30T09:35:13.925+0300][15,981s][info ][gc] GC(281) Concurrent Mark
[2021-04-30T09:35:13.955+0300][16,012s][debug][gc] GC(281) Concurrent active time: 0,029ms
[2021-04-30T09:35:13.955+0300][16,012s][info ][gc] GC(281) Concurrent Mark 30,477ms
[2021-04-30T09:35:13.955+0300][16,012s][info ][gc] GC(281) Concurrent Preclean
[2021-04-30T09:35:13.972+0300][16,029s][debug][gc] GC(281) Concurrent active time: 0,017ms
[2021-04-30T09:35:13.972+0300][16,029s][info ][gc] GC(281) Concurrent Preclean 16,911ms
[2021-04-30T09:35:13.972+0300][16,029s][info ][gc] GC(281) Concurrent Abortable Preclean
[2021-04-30T09:35:13.972+0300][16,029s][debug][gc] GC(281) Concurrent active time: 0,000ms
[2021-04-30T09:35:13.972+0300][16,029s][info ][gc] GC(281) Concurrent Abortable Preclean 0,012ms
[2021-04-30T09:35:13.972+0300][16,029s][debug][gc] GC(281) YG occupancy: 31138 K (39296 K)
[2021-04-30T09:35:13.980+0300][16,037s][info ][gc] GC(281) Pause Remark 115M->115M(123M) 8,055ms
[2021-04-30T09:35:13.980+0300][16,037s][info ][gc] GC(281) Concurrent Sweep
[2021-04-30T09:35:13.992+0300][16,048s][debug][gc] GC(281) Concurrent active time: 0,011ms
[2021-04-30T09:35:13.992+0300][16,048s][info ][gc] GC(281) Concurrent Sweep 11,247ms
[2021-04-30T09:35:13.992+0300][16,048s][info ][gc] GC(281) Concurrent Reset
[2021-04-30T09:35:13.992+0300][16,048s][debug][gc] GC(281) Concurrent active time: 0,000ms
[2021-04-30T09:35:13.992+0300][16,048s][info ][gc] GC(281) Concurrent Reset 0,066ms
[2021-04-30T09:35:14.065+0300][16,121s][info ][gc] GC(283) Pause Full (Allocation Failure) 123M->94M(123M) 49,509ms
[2021-04-30T09:35:14.065+0300][16,122s][info ][gc] GC(282) Pause Young (Allocation Failure) 123M->94M(123M) 49,578ms
[2021-04-30T09:35:14.067+0300][16,123s][info ][gc] GC(284) Pause Initial Mark 94M->94M(123M) 1,455ms
[2021-04-30T09:35:14.067+0300][16,123s][info ][gc] GC(284) Concurrent Mark
[2021-04-30T09:35:14.093+0300][16,150s][debug][gc] GC(284) Concurrent active time: 0,027ms
[2021-04-30T09:35:14.093+0300][16,150s][info ][gc] GC(284) Concurrent Mark 26,649ms
[2021-04-30T09:35:14.093+0300][16,150s][info ][gc] GC(284) Concurrent Preclean
[2021-04-30T09:35:14.111+0300][16,167s][debug][gc] GC(284) Concurrent active time: 0,017ms
[2021-04-30T09:35:14.111+0300][16,167s][info ][gc] GC(284) Concurrent Preclean 17,520ms
[2021-04-30T09:35:14.111+0300][16,167s][info ][gc] GC(284) Concurrent Abortable Preclean
[2021-04-30T09:35:14.111+0300][16,167s][debug][gc] GC(284) Concurrent active time: 0,000ms
[2021-04-30T09:35:14.111+0300][16,167s][info ][gc] GC(284) Concurrent Abortable Preclean 0,017ms
[2021-04-30T09:35:14.111+0300][16,167s][debug][gc] GC(284) YG occupancy: 31799 K (39296 K)
[2021-04-30T09:35:14.117+0300][16,173s][info ][gc] GC(284) Pause Remark 116M->116M(123M) 5,644ms
[2021-04-30T09:35:14.117+0300][16,173s][info ][gc] GC(284) Concurrent Sweep
[2021-04-30T09:35:14.129+0300][16,185s][debug][gc] GC(284) Concurrent active time: 0,012ms
[2021-04-30T09:35:14.129+0300][16,185s][info ][gc] GC(284) Concurrent Sweep 12,176ms
[2021-04-30T09:35:14.129+0300][16,185s][info ][gc] GC(284) Concurrent Reset
[2021-04-30T09:35:14.129+0300][16,185s][debug][gc] GC(284) Concurrent active time: 0,000ms
[2021-04-30T09:35:14.129+0300][16,185s][info ][gc] GC(284) Concurrent Reset 0,120ms
[2021-04-30T09:35:14.201+0300][16,257s][info ][gc] GC(286) Pause Full (Allocation Failure) 123M->94M(123M) 50,715ms
[2021-04-30T09:35:14.201+0300][16,258s][info ][gc] GC(285) Pause Young (Allocation Failure) 123M->94M(123M) 50,797ms
[2021-04-30T09:35:14.203+0300][16,259s][info ][gc] GC(287) Pause Initial Mark 95M->95M(123M) 1,679ms
[2021-04-30T09:35:14.203+0300][16,259s][info ][gc] GC(287) Concurrent Mark
[2021-04-30T09:35:14.229+0300][16,286s][debug][gc] GC(287) Concurrent active time: 0,026ms
[2021-04-30T09:35:14.229+0300][16,286s][info ][gc] GC(287) Concurrent Mark 26,419ms
[2021-04-30T09:35:14.229+0300][16,286s][info ][gc] GC(287) Concurrent Preclean
[2021-04-30T09:35:14.247+0300][16,303s][debug][gc] GC(287) Concurrent active time: 0,018ms
[2021-04-30T09:35:14.247+0300][16,303s][info ][gc] GC(287) Concurrent Preclean 17,566ms
[2021-04-30T09:35:14.247+0300][16,303s][info ][gc] GC(287) Concurrent Abortable Preclean
[2021-04-30T09:35:14.247+0300][16,303s][debug][gc] GC(287) Concurrent active time: 0,000ms
[2021-04-30T09:35:14.247+0300][16,303s][info ][gc] GC(287) Concurrent Abortable Preclean 0,012ms
[2021-04-30T09:35:14.247+0300][16,304s][debug][gc] GC(287) YG occupancy: 35364 K (39296 K)
[2021-04-30T09:35:14.253+0300][16,310s][info ][gc] GC(287) Pause Remark 119M->119M(123M) 5,957ms
[2021-04-30T09:35:14.253+0300][16,310s][info ][gc] GC(287) Concurrent Sweep
[2021-04-30T09:35:14.263+0300][16,320s][debug][gc] GC(287) Concurrent active time: 0,010ms
[2021-04-30T09:35:14.263+0300][16,320s][info ][gc] GC(287) Concurrent Sweep 10,342ms
[2021-04-30T09:35:14.263+0300][16,320s][info ][gc] GC(287) Concurrent Reset
[2021-04-30T09:35:14.264+0300][16,320s][debug][gc] GC(287) Concurrent active time: 0,000ms
[2021-04-30T09:35:14.264+0300][16,320s][info ][gc] GC(287) Concurrent Reset 0,066ms
[2021-04-30T09:35:14.331+0300][16,387s][info ][gc] GC(289) Pause Full (Allocation Failure) 123M->95M(123M) 53,886ms
[2021-04-30T09:35:14.331+0300][16,387s][info ][gc] GC(288) Pause Young (Allocation Failure) 123M->95M(123M) 53,954ms
[2021-04-30T09:35:14.333+0300][16,389s][info ][gc] GC(290) Pause Initial Mark 95M->95M(123M) 1,859ms
[2021-04-30T09:35:14.333+0300][16,390s][info ][gc] GC(290) Concurrent Mark
[2021-04-30T09:35:14.355+0300][16,412s][debug][gc] GC(290) Concurrent active time: 0,022ms
[2021-04-30T09:35:14.355+0300][16,412s][info ][gc] GC(290) Concurrent Mark 22,512ms
[2021-04-30T09:35:14.355+0300][16,412s][info ][gc] GC(290) Concurrent Preclean
[2021-04-30T09:35:14.371+0300][16,428s][debug][gc] GC(290) Concurrent active time: 0,016ms
[2021-04-30T09:35:14.371+0300][16,428s][info ][gc] GC(290) Concurrent Preclean 15,613ms
[2021-04-30T09:35:14.371+0300][16,428s][info ][gc] GC(290) Concurrent Abortable Preclean
[2021-04-30T09:35:14.371+0300][16,428s][debug][gc] GC(290) Concurrent active time: 0,000ms
[2021-04-30T09:35:14.371+0300][16,428s][info ][gc] GC(290) Concurrent Abortable Preclean 0,012ms
[2021-04-30T09:35:14.371+0300][16,428s][debug][gc] GC(290) YG occupancy: 33903 K (39296 K)
[2021-04-30T09:35:14.377+0300][16,434s][info ][gc] GC(290) Pause Remark 118M->118M(123M) 5,852ms
[2021-04-30T09:35:14.377+0300][16,434s][info ][gc] GC(290) Concurrent Sweep
[2021-04-30T09:35:14.389+0300][16,446s][debug][gc] GC(290) Concurrent active time: 0,012ms
[2021-04-30T09:35:14.389+0300][16,446s][info ][gc] GC(290) Concurrent Sweep 12,009ms
[2021-04-30T09:35:14.389+0300][16,446s][info ][gc] GC(290) Concurrent Reset
[2021-04-30T09:35:14.389+0300][16,446s][debug][gc] GC(290) Concurrent active time: 0,000ms
[2021-04-30T09:35:14.389+0300][16,446s][info ][gc] GC(290) Concurrent Reset 0,067ms
[2021-04-30T09:35:14.461+0300][16,518s][info ][gc] GC(292) Pause Full (Allocation Failure) 123M->95M(123M) 55,665ms
[2021-04-30T09:35:14.461+0300][16,518s][info ][gc] GC(291) Pause Young (Allocation Failure) 123M->95M(123M) 55,752ms
[2021-04-30T09:35:14.464+0300][16,521s][info ][gc] GC(293) Pause Initial Mark 96M->96M(123M) 2,654ms
[2021-04-30T09:35:14.464+0300][16,521s][info ][gc] GC(293) Concurrent Mark
[2021-04-30T09:35:14.486+0300][16,543s][debug][gc] GC(293) Concurrent active time: 0,022ms
[2021-04-30T09:35:14.486+0300][16,543s][info ][gc] GC(293) Concurrent Mark 22,460ms
[2021-04-30T09:35:14.486+0300][16,543s][info ][gc] GC(293) Concurrent Preclean
[2021-04-30T09:35:14.513+0300][16,570s][debug][gc] GC(293) Concurrent active time: 0,026ms
[2021-04-30T09:35:14.513+0300][16,570s][info ][gc] GC(293) Concurrent Preclean 26,516ms
[2021-04-30T09:35:14.513+0300][16,570s][info ][gc] GC(293) Concurrent Abortable Preclean
[2021-04-30T09:35:14.513+0300][16,570s][debug][gc] GC(293) Concurrent active time: 0,000ms
[2021-04-30T09:35:14.513+0300][16,570s][info ][gc] GC(293) Concurrent Abortable Preclean 0,019ms
[2021-04-30T09:35:14.513+0300][16,570s][debug][gc] GC(293) YG occupancy: 35123 K (39296 K)
[2021-04-30T09:35:14.519+0300][16,576s][info ][gc] GC(293) Pause Remark 119M->119M(123M) 5,837ms
[2021-04-30T09:35:14.519+0300][16,576s][info ][gc] GC(293) Concurrent Sweep
[2021-04-30T09:35:14.531+0300][16,588s][debug][gc] GC(293) Concurrent active time: 0,012ms
[2021-04-30T09:35:14.531+0300][16,588s][info ][gc] GC(293) Concurrent Sweep 11,981ms
[2021-04-30T09:35:14.531+0300][16,588s][info ][gc] GC(293) Concurrent Reset
[2021-04-30T09:35:14.531+0300][16,588s][debug][gc] GC(293) Concurrent active time: 0,000ms
[2021-04-30T09:35:14.531+0300][16,588s][info ][gc] GC(293) Concurrent Reset 0,080ms
[2021-04-30T09:35:14.594+0300][16,651s][info ][gc] GC(295) Pause Full (Allocation Failure) 123M->96M(123M) 47,466ms
[2021-04-30T09:35:14.594+0300][16,651s][info ][gc] GC(294) Pause Young (Allocation Failure) 123M->96M(123M) 47,538ms
[2021-04-30T09:35:14.596+0300][16,653s][info ][gc] GC(296) Pause Initial Mark 96M->96M(123M) 2,014ms
[2021-04-30T09:35:14.596+0300][16,653s][info ][gc] GC(296) Concurrent Mark
[2021-04-30T09:35:14.624+0300][16,680s][debug][gc] GC(296) Concurrent active time: 0,027ms
[2021-04-30T09:35:14.624+0300][16,680s][info ][gc] GC(296) Concurrent Mark 27,479ms
[2021-04-30T09:35:14.624+0300][16,680s][info ][gc] GC(296) Concurrent Preclean
[2021-04-30T09:35:14.639+0300][16,696s][debug][gc] GC(296) Concurrent active time: 0,015ms
[2021-04-30T09:35:14.639+0300][16,696s][info ][gc] GC(296) Concurrent Preclean 15,407ms
[2021-04-30T09:35:14.639+0300][16,696s][info ][gc] GC(296) Concurrent Abortable Preclean
[2021-04-30T09:35:14.639+0300][16,696s][debug][gc] GC(296) Concurrent active time: 0,000ms
[2021-04-30T09:35:14.639+0300][16,696s][info ][gc] GC(296) Concurrent Abortable Preclean 0,012ms
[2021-04-30T09:35:14.639+0300][16,696s][debug][gc] GC(296) YG occupancy: 36044 K (39296 K)
[2021-04-30T09:35:14.645+0300][16,702s][info ][gc] GC(296) Pause Remark 120M->120M(123M) 6,014ms
[2021-04-30T09:35:14.646+0300][16,702s][info ][gc] GC(296) Concurrent Sweep
[2021-04-30T09:35:14.656+0300][16,712s][debug][gc] GC(296) Concurrent active time: 0,010ms
[2021-04-30T09:35:14.656+0300][16,713s][info ][gc] GC(296) Concurrent Sweep 10,348ms
[2021-04-30T09:35:14.656+0300][16,713s][info ][gc] GC(296) Concurrent Reset
[2021-04-30T09:35:14.656+0300][16,713s][debug][gc] GC(296) Concurrent active time: 0,000ms
[2021-04-30T09:35:14.656+0300][16,713s][info ][gc] GC(296) Concurrent Reset 0,084ms
[2021-04-30T09:35:14.716+0300][16,773s][info ][gc] GC(298) Pause Full (Allocation Failure) 123M->96M(123M) 48,878ms
[2021-04-30T09:35:14.716+0300][16,773s][info ][gc] GC(297) Pause Young (Allocation Failure) 123M->96M(123M) 48,952ms
[2021-04-30T09:35:14.718+0300][16,775s][info ][gc] GC(299) Pause Initial Mark 97M->97M(123M) 1,887ms
[2021-04-30T09:35:14.718+0300][16,775s][info ][gc] GC(299) Concurrent Mark
[2021-04-30T09:35:14.741+0300][16,798s][debug][gc] GC(299) Concurrent active time: 0,023ms
[2021-04-30T09:35:14.741+0300][16,798s][info ][gc] GC(299) Concurrent Mark 23,085ms
[2021-04-30T09:35:14.741+0300][16,798s][info ][gc] GC(299) Concurrent Preclean
[2021-04-30T09:35:14.768+0300][16,825s][debug][gc] GC(299) Concurrent active time: 0,027ms
[2021-04-30T09:35:14.768+0300][16,825s][info ][gc] GC(299) Concurrent Preclean 26,742ms
[2021-04-30T09:35:14.768+0300][16,825s][info ][gc] GC(299) Concurrent Abortable Preclean
[2021-04-30T09:35:14.768+0300][16,825s][debug][gc] GC(299) Concurrent active time: 0,000ms
[2021-04-30T09:35:14.768+0300][16,825s][info ][gc] GC(299) Concurrent Abortable Preclean 0,020ms
[2021-04-30T09:35:14.768+0300][16,825s][debug][gc] GC(299) YG occupancy: 35430 K (39296 K)
[2021-04-30T09:35:14.775+0300][16,831s][info ][gc] GC(299) Pause Remark 119M->119M(123M) 6,579ms
[2021-04-30T09:35:14.775+0300][16,831s][info ][gc] GC(299) Concurrent Sweep
[2021-04-30T09:35:14.791+0300][16,847s][debug][gc] GC(299) Concurrent active time: 0,016ms
[2021-04-30T09:35:14.791+0300][16,847s][info ][gc] GC(299) Concurrent Sweep 16,089ms
[2021-04-30T09:35:14.791+0300][16,847s][info ][gc] GC(299) Concurrent Reset
[2021-04-30T09:35:14.791+0300][16,848s][debug][gc] GC(299) Concurrent active time: 0,000ms
[2021-04-30T09:35:14.791+0300][16,848s][info ][gc] GC(299) Concurrent Reset 0,086ms
[2021-04-30T09:35:14.854+0300][16,911s][info ][gc] GC(301) Pause Full (Allocation Failure) 123M->96M(123M) 48,626ms
[2021-04-30T09:35:14.854+0300][16,911s][info ][gc] GC(300) Pause Young (Allocation Failure) 123M->96M(123M) 48,700ms
[2021-04-30T09:35:14.857+0300][16,913s][info ][gc] GC(302) Pause Initial Mark 97M->97M(123M) 1,936ms
[2021-04-30T09:35:14.857+0300][16,913s][info ][gc] GC(302) Concurrent Mark
[2021-04-30T09:35:14.881+0300][16,938s][debug][gc] GC(302) Concurrent active time: 0,025ms
[2021-04-30T09:35:14.881+0300][16,938s][info ][gc] GC(302) Concurrent Mark 24,616ms
[2021-04-30T09:35:14.881+0300][16,938s][info ][gc] GC(302) Concurrent Preclean
[2021-04-30T09:35:14.899+0300][16,956s][debug][gc] GC(302) Concurrent active time: 0,018ms
[2021-04-30T09:35:14.899+0300][16,956s][info ][gc] GC(302) Concurrent Preclean 17,872ms
[2021-04-30T09:35:14.899+0300][16,956s][info ][gc] GC(302) Concurrent Abortable Preclean
[2021-04-30T09:35:14.899+0300][16,956s][debug][gc] GC(302) Concurrent active time: 0,000ms
[2021-04-30T09:35:14.899+0300][16,956s][info ][gc] GC(302) Concurrent Abortable Preclean 0,012ms
[2021-04-30T09:35:14.899+0300][16,956s][debug][gc] GC(302) YG occupancy: 35734 K (39296 K)
[2021-04-30T09:35:14.905+0300][16,962s][info ][gc] GC(302) Pause Remark 120M->120M(123M) 6,097ms
[2021-04-30T09:35:14.905+0300][16,962s][info ][gc] GC(302) Concurrent Sweep
[2021-04-30T09:35:14.916+0300][16,973s][debug][gc] GC(302) Concurrent active time: 0,011ms
[2021-04-30T09:35:14.916+0300][16,973s][info ][gc] GC(302) Concurrent Sweep 10,770ms
[2021-04-30T09:35:14.916+0300][16,973s][info ][gc] GC(302) Concurrent Reset
[2021-04-30T09:35:14.916+0300][16,973s][debug][gc] GC(302) Concurrent active time: 0,000ms
[2021-04-30T09:35:14.916+0300][16,973s][info ][gc] GC(302) Concurrent Reset 0,067ms
[2021-04-30T09:35:14.997+0300][17,054s][info ][gc] GC(304) Pause Full (Allocation Failure) 123M->97M(123M) 67,233ms
[2021-04-30T09:35:14.997+0300][17,054s][info ][gc] GC(303) Pause Young (Allocation Failure) 123M->97M(123M) 67,395ms
[2021-04-30T09:35:15.000+0300][17,057s][info ][gc] GC(305) Pause Initial Mark 97M->97M(123M) 2,614ms
[2021-04-30T09:35:15.000+0300][17,057s][info ][gc] GC(305) Concurrent Mark
[2021-04-30T09:35:15.028+0300][17,085s][debug][gc] GC(305) Concurrent active time: 0,028ms
[2021-04-30T09:35:15.028+0300][17,085s][info ][gc] GC(305) Concurrent Mark 27,966ms
[2021-04-30T09:35:15.028+0300][17,085s][info ][gc] GC(305) Concurrent Preclean
[2021-04-30T09:35:15.048+0300][17,105s][debug][gc] GC(305) Concurrent active time: 0,020ms
[2021-04-30T09:35:15.048+0300][17,105s][info ][gc] GC(305) Concurrent Preclean 20,062ms
[2021-04-30T09:35:15.048+0300][17,105s][info ][gc] GC(305) Concurrent Abortable Preclean
[2021-04-30T09:35:15.048+0300][17,105s][debug][gc] GC(305) Concurrent active time: 0,000ms
[2021-04-30T09:35:15.048+0300][17,105s][info ][gc] GC(305) Concurrent Abortable Preclean 0,012ms
[2021-04-30T09:35:15.049+0300][17,105s][debug][gc] GC(305) YG occupancy: 35127 K (39296 K)
[2021-04-30T09:35:15.057+0300][17,114s][info ][gc] GC(305) Pause Remark 119M->119M(123M) 8,433ms
[2021-04-30T09:35:15.057+0300][17,114s][info ][gc] GC(305) Concurrent Sweep
[2021-04-30T09:35:15.068+0300][17,124s][debug][gc] GC(305) Concurrent active time: 0,011ms
[2021-04-30T09:35:15.068+0300][17,124s][info ][gc] GC(305) Concurrent Sweep 10,894ms
[2021-04-30T09:35:15.068+0300][17,125s][info ][gc] GC(305) Concurrent Reset
[2021-04-30T09:35:15.068+0300][17,125s][debug][gc] GC(305) Concurrent active time: 0,000ms
[2021-04-30T09:35:15.068+0300][17,125s][info ][gc] GC(305) Concurrent Reset 0,075ms
[2021-04-30T09:35:15.133+0300][17,189s][info ][gc] GC(307) Pause Full (Allocation Failure) 123M->97M(123M) 49,347ms
[2021-04-30T09:35:15.133+0300][17,189s][info ][gc] GC(306) Pause Young (Allocation Failure) 123M->97M(123M) 49,423ms
[2021-04-30T09:35:15.135+0300][17,191s][info ][gc] GC(308) Pause Initial Mark 98M->98M(123M) 1,952ms
[2021-04-30T09:35:15.135+0300][17,191s][info ][gc] GC(308) Concurrent Mark
[2021-04-30T09:35:15.157+0300][17,213s][debug][gc] GC(308) Concurrent active time: 0,022ms
[2021-04-30T09:35:15.157+0300][17,213s][info ][gc] GC(308) Concurrent Mark 21,702ms
[2021-04-30T09:35:15.157+0300][17,213s][info ][gc] GC(308) Concurrent Preclean
[2021-04-30T09:35:15.172+0300][17,229s][debug][gc] GC(308) Concurrent active time: 0,016ms
[2021-04-30T09:35:15.172+0300][17,229s][info ][gc] GC(308) Concurrent Preclean 15,601ms
[2021-04-30T09:35:15.172+0300][17,229s][info ][gc] GC(308) Concurrent Abortable Preclean
[2021-04-30T09:35:15.172+0300][17,229s][debug][gc] GC(308) Concurrent active time: 0,000ms
[2021-04-30T09:35:15.172+0300][17,229s][info ][gc] GC(308) Concurrent Abortable Preclean 0,013ms
[2021-04-30T09:35:15.172+0300][17,229s][debug][gc] GC(308) YG occupancy: 35246 K (39296 K)
[2021-04-30T09:35:15.181+0300][17,237s][info ][gc] GC(308) Pause Remark 119M->119M(123M) 8,148ms
[2021-04-30T09:35:15.181+0300][17,237s][info ][gc] GC(308) Concurrent Sweep
[2021-04-30T09:35:15.192+0300][17,248s][debug][gc] GC(308) Concurrent active time: 0,011ms
[2021-04-30T09:35:15.192+0300][17,248s][info ][gc] GC(308) Concurrent Sweep 10,986ms
[2021-04-30T09:35:15.192+0300][17,248s][info ][gc] GC(308) Concurrent Reset
[2021-04-30T09:35:15.192+0300][17,248s][debug][gc] GC(308) Concurrent active time: 0,000ms
[2021-04-30T09:35:15.192+0300][17,248s][info ][gc] GC(308) Concurrent Reset 0,067ms
[2021-04-30T09:35:15.254+0300][17,311s][info ][gc] GC(310) Pause Full (Allocation Failure) 123M->98M(123M) 49,303ms
[2021-04-30T09:35:15.255+0300][17,311s][info ][gc] GC(309) Pause Young (Allocation Failure) 123M->98M(123M) 49,383ms
[2021-04-30T09:35:15.257+0300][17,314s][info ][gc] GC(311) Pause Initial Mark 98M->98M(123M) 2,211ms
[2021-04-30T09:35:15.261+0300][17,318s][info ][gc] GC(311) Concurrent Mark
[2021-04-30T09:35:15.283+0300][17,340s][debug][gc] GC(311) Concurrent active time: 0,022ms
[2021-04-30T09:35:15.283+0300][17,340s][info ][gc] GC(311) Concurrent Mark 21,981ms
[2021-04-30T09:35:15.283+0300][17,340s][info ][gc] GC(311) Concurrent Preclean
[2021-04-30T09:35:15.300+0300][17,356s][debug][gc] GC(311) Concurrent active time: 0,017ms
[2021-04-30T09:35:15.300+0300][17,356s][info ][gc] GC(311) Concurrent Preclean 16,699ms
[2021-04-30T09:35:15.300+0300][17,356s][info ][gc] GC(311) Concurrent Abortable Preclean
[2021-04-30T09:35:15.300+0300][17,356s][debug][gc] GC(311) Concurrent active time: 0,000ms
[2021-04-30T09:35:15.300+0300][17,356s][info ][gc] GC(311) Concurrent Abortable Preclean 0,012ms
[2021-04-30T09:35:15.300+0300][17,357s][debug][gc] GC(311) YG occupancy: 35021 K (39296 K)
[2021-04-30T09:35:15.308+0300][17,365s][info ][gc] GC(311) Pause Remark 119M->119M(123M) 8,291ms
[2021-04-30T09:35:15.308+0300][17,365s][info ][gc] GC(311) Concurrent Sweep
[2021-04-30T09:35:15.321+0300][17,377s][debug][gc] GC(311) Concurrent active time: 0,012ms
[2021-04-30T09:35:15.321+0300][17,377s][info ][gc] GC(311) Concurrent Sweep 12,493ms
[2021-04-30T09:35:15.321+0300][17,377s][info ][gc] GC(311) Concurrent Reset
[2021-04-30T09:35:15.321+0300][17,378s][debug][gc] GC(311) Concurrent active time: 0,000ms
[2021-04-30T09:35:15.321+0300][17,378s][info ][gc] GC(311) Concurrent Reset 0,068ms
[2021-04-30T09:35:15.390+0300][17,447s][info ][gc] GC(313) Pause Full (Allocation Failure) 123M->98M(123M) 52,368ms
[2021-04-30T09:35:15.390+0300][17,447s][info ][gc] GC(312) Pause Young (Allocation Failure) 123M->98M(123M) 52,443ms
[2021-04-30T09:35:15.392+0300][17,449s][info ][gc] GC(314) Pause Initial Mark 99M->99M(123M) 2,114ms
[2021-04-30T09:35:15.392+0300][17,449s][info ][gc] GC(314) Concurrent Mark
[2021-04-30T09:35:15.414+0300][17,471s][debug][gc] GC(314) Concurrent active time: 0,022ms
[2021-04-30T09:35:15.414+0300][17,471s][info ][gc] GC(314) Concurrent Mark 21,902ms
[2021-04-30T09:35:15.414+0300][17,471s][info ][gc] GC(314) Concurrent Preclean
[2021-04-30T09:35:15.430+0300][17,486s][debug][gc] GC(314) Concurrent active time: 0,015ms
[2021-04-30T09:35:15.430+0300][17,486s][info ][gc] GC(314) Concurrent Preclean 15,239ms
[2021-04-30T09:35:15.430+0300][17,486s][info ][gc] GC(314) Concurrent Abortable Preclean
[2021-04-30T09:35:15.430+0300][17,486s][debug][gc] GC(314) Concurrent active time: 0,000ms
[2021-04-30T09:35:15.430+0300][17,486s][info ][gc] GC(314) Concurrent Abortable Preclean 0,012ms
[2021-04-30T09:35:15.430+0300][17,486s][debug][gc] GC(314) YG occupancy: 35590 K (39296 K)
[2021-04-30T09:35:15.438+0300][17,494s][info ][gc] GC(314) Pause Remark 120M->120M(123M) 7,981ms
[2021-04-30T09:35:15.438+0300][17,494s][info ][gc] GC(314) Concurrent Sweep
[2021-04-30T09:35:15.448+0300][17,505s][debug][gc] GC(314) Concurrent active time: 0,010ms
[2021-04-30T09:35:15.448+0300][17,505s][info ][gc] GC(314) Concurrent Sweep 10,383ms
[2021-04-30T09:35:15.448+0300][17,505s][info ][gc] GC(314) Concurrent Reset
[2021-04-30T09:35:15.448+0300][17,505s][debug][gc] GC(314) Concurrent active time: 0,000ms
[2021-04-30T09:35:15.448+0300][17,505s][info ][gc] GC(314) Concurrent Reset 0,066ms
[2021-04-30T09:35:15.510+0300][17,567s][info ][gc] GC(316) Pause Full (Allocation Failure) 123M->99M(123M) 47,483ms
[2021-04-30T09:35:15.510+0300][17,567s][info ][gc] GC(315) Pause Young (Allocation Failure) 123M->99M(123M) 47,561ms
[2021-04-30T09:35:15.512+0300][17,569s][info ][gc] GC(317) Pause Initial Mark 99M->99M(123M) 2,290ms
[2021-04-30T09:35:15.513+0300][17,569s][info ][gc] GC(317) Concurrent Mark
[2021-04-30T09:35:15.541+0300][17,597s][debug][gc] GC(317) Concurrent active time: 0,028ms
[2021-04-30T09:35:15.541+0300][17,597s][info ][gc] GC(317) Concurrent Mark 28,228ms
[2021-04-30T09:35:15.541+0300][17,597s][info ][gc] GC(317) Concurrent Preclean
[2021-04-30T09:35:15.556+0300][17,613s][debug][gc] GC(317) Concurrent active time: 0,015ms
[2021-04-30T09:35:15.556+0300][17,613s][info ][gc] GC(317) Concurrent Preclean 15,268ms
[2021-04-30T09:35:15.556+0300][17,613s][info ][gc] GC(317) Concurrent Abortable Preclean
[2021-04-30T09:35:15.556+0300][17,613s][debug][gc] GC(317) Concurrent active time: 0,000ms
[2021-04-30T09:35:15.556+0300][17,613s][info ][gc] GC(317) Concurrent Abortable Preclean 0,012ms
[2021-04-30T09:35:15.556+0300][17,613s][debug][gc] GC(317) YG occupancy: 36677 K (39296 K)
[2021-04-30T09:35:15.564+0300][17,621s][info ][gc] GC(317) Pause Remark 121M->121M(123M) 8,256ms
[2021-04-30T09:35:15.565+0300][17,621s][info ][gc] GC(317) Concurrent Sweep
[2021-04-30T09:35:15.575+0300][17,631s][debug][gc] GC(317) Concurrent active time: 0,010ms
[2021-04-30T09:35:15.575+0300][17,631s][info ][gc] GC(317) Concurrent Sweep 10,420ms
[2021-04-30T09:35:15.575+0300][17,632s][info ][gc] GC(317) Concurrent Reset
[2021-04-30T09:35:15.575+0300][17,632s][debug][gc] GC(317) Concurrent active time: 0,000ms
[2021-04-30T09:35:15.575+0300][17,632s][info ][gc] GC(317) Concurrent Reset 0,067ms
[2021-04-30T09:35:15.630+0300][17,686s][info ][gc] GC(319) Pause Full (Allocation Failure) 123M->99M(123M) 49,226ms
[2021-04-30T09:35:15.630+0300][17,686s][info ][gc] GC(318) Pause Young (Allocation Failure) 123M->99M(123M) 49,298ms
[2021-04-30T09:35:15.632+0300][17,689s][info ][gc] GC(320) Pause Initial Mark 99M->99M(123M) 2,334ms
[2021-04-30T09:35:15.632+0300][17,689s][info ][gc] GC(320) Concurrent Mark
[2021-04-30T09:35:15.660+0300][17,717s][debug][gc] GC(320) Concurrent active time: 0,028ms
[2021-04-30T09:35:15.660+0300][17,717s][info ][gc] GC(320) Concurrent Mark 28,008ms
[2021-04-30T09:35:15.660+0300][17,717s][info ][gc] GC(320) Concurrent Preclean
[2021-04-30T09:35:15.688+0300][17,745s][debug][gc] GC(320) Concurrent active time: 0,028ms
[2021-04-30T09:35:15.688+0300][17,745s][info ][gc] GC(320) Concurrent Preclean 27,587ms
[2021-04-30T09:35:15.688+0300][17,745s][info ][gc] GC(320) Concurrent Abortable Preclean
[2021-04-30T09:35:15.688+0300][17,745s][debug][gc] GC(320) Concurrent active time: 0,000ms
[2021-04-30T09:35:15.688+0300][17,745s][info ][gc] GC(320) Concurrent Abortable Preclean 0,020ms
[2021-04-30T09:35:15.688+0300][17,745s][debug][gc] GC(320) YG occupancy: 36546 K (39296 K)
[2021-04-30T09:35:15.694+0300][17,751s][info ][gc] GC(320) Pause Remark 121M->121M(123M) 5,885ms
[2021-04-30T09:35:15.694+0300][17,751s][info ][gc] GC(320) Concurrent Sweep
[2021-04-30T09:35:15.709+0300][17,766s][debug][gc] GC(320) Concurrent active time: 0,015ms
[2021-04-30T09:35:15.710+0300][17,766s][info ][gc] GC(320) Concurrent Sweep 15,331ms
[2021-04-30T09:35:15.710+0300][17,766s][info ][gc] GC(320) Concurrent Reset
[2021-04-30T09:35:15.710+0300][17,766s][debug][gc] GC(320) Concurrent active time: 0,000ms
[2021-04-30T09:35:15.710+0300][17,766s][info ][gc] GC(320) Concurrent Reset 0,077ms
[2021-04-30T09:35:15.763+0300][17,819s][info ][gc] GC(322) Pause Full (Allocation Failure) 123M->99M(123M) 47,243ms
[2021-04-30T09:35:15.763+0300][17,820s][info ][gc] GC(321) Pause Young (Allocation Failure) 123M->99M(123M) 47,317ms
[2021-04-30T09:35:15.766+0300][17,822s][info ][gc] GC(323) Pause Initial Mark 100M->100M(123M) 2,361ms
[2021-04-30T09:35:15.766+0300][17,822s][info ][gc] GC(323) Concurrent Mark
[2021-04-30T09:35:15.789+0300][17,845s][debug][gc] GC(323) Concurrent active time: 0,023ms
[2021-04-30T09:35:15.789+0300][17,845s][info ][gc] GC(323) Concurrent Mark 23,004ms
[2021-04-30T09:35:15.789+0300][17,845s][info ][gc] GC(323) Concurrent Preclean
[2021-04-30T09:35:15.805+0300][17,861s][debug][gc] GC(323) Concurrent active time: 0,016ms
[2021-04-30T09:35:15.805+0300][17,861s][info ][gc] GC(323) Concurrent Preclean 16,205ms
[2021-04-30T09:35:15.805+0300][17,861s][info ][gc] GC(323) Concurrent Abortable Preclean
[2021-04-30T09:35:15.805+0300][17,861s][debug][gc] GC(323) Concurrent active time: 0,000ms
[2021-04-30T09:35:15.805+0300][17,861s][info ][gc] GC(323) Concurrent Abortable Preclean 0,012ms
[2021-04-30T09:35:15.805+0300][17,862s][debug][gc] GC(323) YG occupancy: 36036 K (39296 K)
[2021-04-30T09:35:15.811+0300][17,868s][info ][gc] GC(323) Pause Remark 120M->120M(123M) 6,027ms
[2021-04-30T09:35:15.811+0300][17,868s][info ][gc] GC(323) Concurrent Sweep
[2021-04-30T09:35:15.822+0300][17,879s][debug][gc] GC(323) Concurrent active time: 0,011ms
[2021-04-30T09:35:15.822+0300][17,879s][info ][gc] GC(323) Concurrent Sweep 11,184ms
[2021-04-30T09:35:15.822+0300][17,879s][info ][gc] GC(323) Concurrent Reset
[2021-04-30T09:35:15.822+0300][17,879s][debug][gc] GC(323) Concurrent active time: 0,000ms
[2021-04-30T09:35:15.822+0300][17,879s][info ][gc] GC(323) Concurrent Reset 0,068ms
[2021-04-30T09:35:15.896+0300][17,953s][info ][gc] GC(325) Pause Full (Allocation Failure) 123M->100M(123M) 64,403ms
[2021-04-30T09:35:15.896+0300][17,953s][info ][gc] GC(324) Pause Young (Allocation Failure) 123M->100M(123M) 64,493ms
[2021-04-30T09:35:15.899+0300][17,955s][info ][gc] GC(326) Pause Initial Mark 100M->100M(123M) 2,595ms
[2021-04-30T09:35:15.899+0300][17,956s][info ][gc] GC(326) Concurrent Mark
[2021-04-30T09:35:15.927+0300][17,984s][debug][gc] GC(326) Concurrent active time: 0,027ms
[2021-04-30T09:35:15.927+0300][17,984s][info ][gc] GC(326) Concurrent Mark 28,570ms
[2021-04-30T09:35:15.928+0300][17,984s][info ][gc] GC(326) Concurrent Preclean
[2021-04-30T09:35:15.949+0300][18,006s][debug][gc] GC(326) Concurrent active time: 0,022ms
[2021-04-30T09:35:15.949+0300][18,006s][info ][gc] GC(326) Concurrent Preclean 21,620ms
[2021-04-30T09:35:15.949+0300][18,006s][info ][gc] GC(326) Concurrent Abortable Preclean
[2021-04-30T09:35:15.949+0300][18,006s][debug][gc] GC(326) Concurrent active time: 0,000ms
[2021-04-30T09:35:15.949+0300][18,006s][info ][gc] GC(326) Concurrent Abortable Preclean 0,012ms
[2021-04-30T09:35:15.949+0300][18,006s][debug][gc] GC(326) YG occupancy: 36433 K (39296 K)
[2021-04-30T09:35:15.955+0300][18,012s][info ][gc] GC(326) Pause Remark 120M->120M(123M) 6,268ms
[2021-04-30T09:35:15.956+0300][18,012s][info ][gc] GC(326) Concurrent Sweep
[2021-04-30T09:35:15.968+0300][18,024s][debug][gc] GC(326) Concurrent active time: 0,012ms
[2021-04-30T09:35:15.968+0300][18,024s][info ][gc] GC(326) Concurrent Sweep 12,191ms
[2021-04-30T09:35:15.968+0300][18,024s][info ][gc] GC(326) Concurrent Reset
[2021-04-30T09:35:15.968+0300][18,024s][debug][gc] GC(326) Concurrent active time: 0,000ms
[2021-04-30T09:35:15.968+0300][18,024s][info ][gc] GC(326) Concurrent Reset 0,067ms
[2021-04-30T09:35:16.038+0300][18,094s][info ][gc] GC(328) Pause Full (Allocation Failure) 123M->100M(123M) 64,141ms
[2021-04-30T09:35:16.038+0300][18,094s][info ][gc] GC(327) Pause Young (Allocation Failure) 123M->100M(123M) 64,218ms
[2021-04-30T09:35:16.041+0300][18,097s][info ][gc] GC(329) Pause Initial Mark 101M->101M(123M) 2,594ms
[2021-04-30T09:35:16.041+0300][18,097s][info ][gc] GC(329) Concurrent Mark
[2021-04-30T09:35:16.064+0300][18,121s][debug][gc] GC(329) Concurrent active time: 0,023ms
[2021-04-30T09:35:16.064+0300][18,121s][info ][gc] GC(329) Concurrent Mark 23,423ms
[2021-04-30T09:35:16.064+0300][18,121s][info ][gc] GC(329) Concurrent Preclean
[2021-04-30T09:35:16.079+0300][18,136s][debug][gc] GC(329) Concurrent active time: 0,015ms
[2021-04-30T09:35:16.079+0300][18,136s][info ][gc] GC(329) Concurrent Preclean 15,282ms
[2021-04-30T09:35:16.079+0300][18,136s][info ][gc] GC(329) Concurrent Abortable Preclean
[2021-04-30T09:35:16.079+0300][18,136s][debug][gc] GC(329) Concurrent active time: 0,000ms
[2021-04-30T09:35:16.079+0300][18,136s][info ][gc] GC(329) Concurrent Abortable Preclean 0,012ms
[2021-04-30T09:35:16.079+0300][18,136s][debug][gc] GC(329) YG occupancy: 35087 K (39296 K)
[2021-04-30T09:35:16.085+0300][18,142s][info ][gc] GC(329) Pause Remark 119M->119M(123M) 5,837ms
[2021-04-30T09:35:16.085+0300][18,142s][info ][gc] GC(329) Concurrent Sweep
[2021-04-30T09:35:16.096+0300][18,152s][debug][gc] GC(329) Concurrent active time: 0,010ms
[2021-04-30T09:35:16.096+0300][18,152s][info ][gc] GC(329) Concurrent Sweep 10,368ms
[2021-04-30T09:35:16.096+0300][18,152s][info ][gc] GC(329) Concurrent Reset
[2021-04-30T09:35:16.096+0300][18,152s][debug][gc] GC(329) Concurrent active time: 0,000ms
[2021-04-30T09:35:16.096+0300][18,152s][info ][gc] GC(329) Concurrent Reset 0,066ms
[2021-04-30T09:35:16.164+0300][18,220s][info ][gc] GC(331) Pause Full (Allocation Failure) 123M->100M(123M) 51,352ms
[2021-04-30T09:35:16.164+0300][18,220s][info ][gc] GC(330) Pause Young (Allocation Failure) 123M->100M(123M) 51,424ms
[2021-04-30T09:35:16.167+0300][18,223s][info ][gc] GC(332) Pause Initial Mark 101M->101M(123M) 2,554ms
[2021-04-30T09:35:16.167+0300][18,223s][info ][gc] GC(332) Concurrent Mark
[2021-04-30T09:35:16.190+0300][18,246s][debug][gc] GC(332) Concurrent active time: 0,023ms
[2021-04-30T09:35:16.190+0300][18,246s][info ][gc] GC(332) Concurrent Mark 23,065ms
[2021-04-30T09:35:16.190+0300][18,246s][info ][gc] GC(332) Concurrent Preclean
[2021-04-30T09:35:16.206+0300][18,262s][debug][gc] GC(332) Concurrent active time: 0,016ms
[2021-04-30T09:35:16.206+0300][18,262s][info ][gc] GC(332) Concurrent Preclean 15,923ms
[2021-04-30T09:35:16.206+0300][18,262s][info ][gc] GC(332) Concurrent Abortable Preclean
[2021-04-30T09:35:16.206+0300][18,262s][debug][gc] GC(332) Concurrent active time: 0,000ms
[2021-04-30T09:35:16.206+0300][18,262s][info ][gc] GC(332) Concurrent Abortable Preclean 0,012ms
[2021-04-30T09:35:16.206+0300][18,262s][debug][gc] GC(332) YG occupancy: 35470 K (39296 K)
[2021-04-30T09:35:16.212+0300][18,269s][info ][gc] GC(332) Pause Remark 120M->120M(123M) 6,498ms
[2021-04-30T09:35:16.212+0300][18,269s][info ][gc] GC(332) Concurrent Sweep
[2021-04-30T09:35:16.223+0300][18,280s][debug][gc] GC(332) Concurrent active time: 0,011ms
[2021-04-30T09:35:16.223+0300][18,280s][info ][gc] GC(332) Concurrent Sweep 11,105ms
[2021-04-30T09:35:16.223+0300][18,280s][info ][gc] GC(332) Concurrent Reset
[2021-04-30T09:35:16.223+0300][18,280s][debug][gc] GC(332) Concurrent active time: 0,000ms
[2021-04-30T09:35:16.223+0300][18,280s][info ][gc] GC(332) Concurrent Reset 0,067ms
[2021-04-30T09:35:16.294+0300][18,350s][info ][gc] GC(334) Pause Full (Allocation Failure) 123M->101M(123M) 56,217ms
[2021-04-30T09:35:16.294+0300][18,350s][info ][gc] GC(333) Pause Young (Allocation Failure) 123M->101M(123M) 56,295ms
[2021-04-30T09:35:16.297+0300][18,353s][info ][gc] GC(335) Pause Initial Mark 101M->101M(123M) 2,478ms
[2021-04-30T09:35:16.297+0300][18,353s][info ][gc] GC(335) Concurrent Mark
[2021-04-30T09:35:16.319+0300][18,376s][debug][gc] GC(335) Concurrent active time: 0,023ms
[2021-04-30T09:35:16.319+0300][18,376s][info ][gc] GC(335) Concurrent Mark 22,772ms
[2021-04-30T09:35:16.319+0300][18,376s][info ][gc] GC(335) Concurrent Preclean
[2021-04-30T09:35:16.335+0300][18,391s][debug][gc] GC(335) Concurrent active time: 0,015ms
[2021-04-30T09:35:16.335+0300][18,391s][info ][gc] GC(335) Concurrent Preclean 15,273ms
[2021-04-30T09:35:16.335+0300][18,391s][info ][gc] GC(335) Concurrent Abortable Preclean
[2021-04-30T09:35:16.335+0300][18,391s][debug][gc] GC(335) Concurrent active time: 0,000ms
[2021-04-30T09:35:16.335+0300][18,391s][info ][gc] GC(335) Concurrent Abortable Preclean 0,022ms
[2021-04-30T09:35:16.335+0300][18,391s][debug][gc] GC(335) YG occupancy: 36215 K (39296 K)
[2021-04-30T09:35:16.341+0300][18,397s][info ][gc] GC(335) Pause Remark 120M->120M(123M) 5,757ms
[2021-04-30T09:35:16.341+0300][18,397s][info ][gc] GC(335) Concurrent Sweep
[2021-04-30T09:35:16.352+0300][18,409s][debug][gc] GC(335) Concurrent active time: 0,011ms
[2021-04-30T09:35:16.352+0300][18,409s][info ][gc] GC(335) Concurrent Sweep 11,473ms
[2021-04-30T09:35:16.352+0300][18,409s][info ][gc] GC(335) Concurrent Reset
[2021-04-30T09:35:16.352+0300][18,409s][debug][gc] GC(335) Concurrent active time: 0,000ms
[2021-04-30T09:35:16.352+0300][18,409s][info ][gc] GC(335) Concurrent Reset 0,066ms
[2021-04-30T09:35:16.407+0300][18,464s][info ][gc] GC(337) Pause Full (Allocation Failure) 123M->101M(123M) 47,679ms
[2021-04-30T09:35:16.407+0300][18,464s][info ][gc] GC(336) Pause Young (Allocation Failure) 123M->101M(123M) 47,752ms
[2021-04-30T09:35:16.410+0300][18,467s][info ][gc] GC(338) Pause Initial Mark 102M->102M(123M) 2,670ms
[2021-04-30T09:35:16.411+0300][18,467s][info ][gc] GC(338) Concurrent Mark
[2021-04-30T09:35:16.438+0300][18,494s][debug][gc] GC(338) Concurrent active time: 0,027ms
[2021-04-30T09:35:16.438+0300][18,494s][info ][gc] GC(338) Concurrent Mark 27,025ms
[2021-04-30T09:35:16.438+0300][18,494s][info ][gc] GC(338) Concurrent Preclean
[2021-04-30T09:35:16.453+0300][18,509s][debug][gc] GC(338) Concurrent active time: 0,015ms
[2021-04-30T09:35:16.453+0300][18,510s][info ][gc] GC(338) Concurrent Preclean 15,386ms
[2021-04-30T09:35:16.453+0300][18,510s][info ][gc] GC(338) Concurrent Abortable Preclean
[2021-04-30T09:35:16.453+0300][18,510s][debug][gc] GC(338) Concurrent active time: 0,000ms
[2021-04-30T09:35:16.453+0300][18,510s][info ][gc] GC(338) Concurrent Abortable Preclean 0,012ms
[2021-04-30T09:35:16.453+0300][18,510s][debug][gc] GC(338) YG occupancy: 37133 K (39296 K)
[2021-04-30T09:35:16.459+0300][18,516s][info ][gc] GC(338) Pause Remark 121M->121M(123M) 6,381ms
[2021-04-30T09:35:16.460+0300][18,516s][info ][gc] GC(338) Concurrent Sweep
[2021-04-30T09:35:16.470+0300][18,527s][debug][gc] GC(338) Concurrent active time: 0,010ms
[2021-04-30T09:35:16.470+0300][18,527s][info ][gc] GC(338) Concurrent Sweep 10,390ms
[2021-04-30T09:35:16.470+0300][18,527s][info ][gc] GC(338) Concurrent Reset
[2021-04-30T09:35:16.470+0300][18,527s][debug][gc] GC(338) Concurrent active time: 0,000ms
[2021-04-30T09:35:16.470+0300][18,527s][info ][gc] GC(338) Concurrent Reset 0,066ms
[2021-04-30T09:35:16.529+0300][18,585s][info ][gc] GC(340) Pause Full (Allocation Failure) 123M->102M(123M) 55,595ms
[2021-04-30T09:35:16.529+0300][18,585s][info ][gc] GC(339) Pause Young (Allocation Failure) 123M->102M(123M) 55,666ms
[2021-04-30T09:35:16.532+0300][18,589s][info ][gc] GC(341) Pause Initial Mark 102M->102M(123M) 3,729ms
[2021-04-30T09:35:16.533+0300][18,589s][info ][gc] GC(341) Concurrent Mark
[2021-04-30T09:35:16.562+0300][18,619s][debug][gc] GC(341) Concurrent active time: 0,029ms
[2021-04-30T09:35:16.562+0300][18,619s][info ][gc] GC(341) Concurrent Mark 29,490ms
[2021-04-30T09:35:16.562+0300][18,619s][info ][gc] GC(341) Concurrent Preclean
[2021-04-30T09:35:16.578+0300][18,634s][debug][gc] GC(341) Concurrent active time: 0,016ms
[2021-04-30T09:35:16.578+0300][18,634s][info ][gc] GC(341) Concurrent Preclean 15,803ms
[2021-04-30T09:35:16.578+0300][18,635s][info ][gc] GC(341) Concurrent Abortable Preclean
[2021-04-30T09:35:16.578+0300][18,635s][debug][gc] GC(341) Concurrent active time: 0,000ms
[2021-04-30T09:35:16.578+0300][18,635s][info ][gc] GC(341) Concurrent Abortable Preclean 0,012ms
[2021-04-30T09:35:16.578+0300][18,635s][debug][gc] GC(341) YG occupancy: 37481 K (39296 K)
[2021-04-30T09:35:16.584+0300][18,641s][info ][gc] GC(341) Pause Remark 121M->121M(123M) 6,250ms
[2021-04-30T09:35:16.584+0300][18,641s][info ][gc] GC(341) Concurrent Sweep
[2021-04-30T09:35:16.595+0300][18,652s][debug][gc] GC(341) Concurrent active time: 0,011ms
[2021-04-30T09:35:16.595+0300][18,652s][info ][gc] GC(341) Concurrent Sweep 10,975ms
[2021-04-30T09:35:16.595+0300][18,652s][info ][gc] GC(341) Concurrent Reset
[2021-04-30T09:35:16.595+0300][18,652s][debug][gc] GC(341) Concurrent active time: 0,000ms
[2021-04-30T09:35:16.595+0300][18,652s][info ][gc] GC(341) Concurrent Reset 0,066ms
[2021-04-30T09:35:16.646+0300][18,702s][info ][gc] GC(343) Pause Full (Allocation Failure) 123M->102M(123M) 48,044ms
[2021-04-30T09:35:16.646+0300][18,702s][info ][gc] GC(342) Pause Young (Allocation Failure) 123M->102M(123M) 48,118ms
[2021-04-30T09:35:16.649+0300][18,705s][info ][gc] GC(344) Pause Initial Mark 102M->102M(123M) 3,034ms
[2021-04-30T09:35:16.649+0300][18,706s][info ][gc] GC(344) Concurrent Mark
[2021-04-30T09:35:16.675+0300][18,732s][debug][gc] GC(344) Concurrent active time: 0,026ms
[2021-04-30T09:35:16.676+0300][18,732s][info ][gc] GC(344) Concurrent Mark 26,516ms
[2021-04-30T09:35:16.676+0300][18,732s][info ][gc] GC(344) Concurrent Preclean
[2021-04-30T09:35:16.691+0300][18,747s][debug][gc] GC(344) Concurrent active time: 0,015ms
[2021-04-30T09:35:16.691+0300][18,747s][info ][gc] GC(344) Concurrent Preclean 15,114ms
[2021-04-30T09:35:16.691+0300][18,747s][info ][gc] GC(344) Concurrent Abortable Preclean
[2021-04-30T09:35:16.691+0300][18,747s][debug][gc] GC(344) Concurrent active time: 0,000ms
[2021-04-30T09:35:16.691+0300][18,747s][info ][gc] GC(344) Concurrent Abortable Preclean 0,014ms
[2021-04-30T09:35:16.691+0300][18,747s][debug][gc] GC(344) YG occupancy: 37307 K (39296 K)
[2021-04-30T09:35:16.697+0300][18,753s][info ][gc] GC(344) Pause Remark 121M->121M(123M) 5,900ms
[2021-04-30T09:35:16.697+0300][18,753s][info ][gc] GC(344) Concurrent Sweep
[2021-04-30T09:35:16.708+0300][18,764s][debug][gc] GC(344) Concurrent active time: 0,011ms
[2021-04-30T09:35:16.708+0300][18,764s][info ][gc] GC(344) Concurrent Sweep 10,946ms
[2021-04-30T09:35:16.708+0300][18,764s][info ][gc] GC(344) Concurrent Reset
[2021-04-30T09:35:16.708+0300][18,764s][debug][gc] GC(344) Concurrent active time: 0,000ms
[2021-04-30T09:35:16.708+0300][18,764s][info ][gc] GC(344) Concurrent Reset 0,067ms
[2021-04-30T09:35:16.758+0300][18,815s][info ][gc] GC(346) Pause Full (Allocation Failure) 123M->102M(123M) 48,837ms
[2021-04-30T09:35:16.758+0300][18,815s][info ][gc] GC(345) Pause Young (Allocation Failure) 123M->102M(123M) 48,911ms
[2021-04-30T09:35:16.761+0300][18,818s][info ][gc] GC(347) Pause Initial Mark 103M->103M(123M) 2,810ms
[2021-04-30T09:35:16.761+0300][18,818s][info ][gc] GC(347) Concurrent Mark
[2021-04-30T09:35:16.788+0300][18,844s][debug][gc] GC(347) Concurrent active time: 0,026ms
[2021-04-30T09:35:16.788+0300][18,844s][info ][gc] GC(347) Concurrent Mark 26,521ms
[2021-04-30T09:35:16.788+0300][18,844s][info ][gc] GC(347) Concurrent Preclean
[2021-04-30T09:35:16.807+0300][18,863s][debug][gc] GC(347) Concurrent active time: 0,019ms
[2021-04-30T09:35:16.807+0300][18,863s][info ][gc] GC(347) Concurrent Preclean 19,224ms
[2021-04-30T09:35:16.807+0300][18,863s][info ][gc] GC(347) Concurrent Abortable Preclean
[2021-04-30T09:35:16.807+0300][18,864s][debug][gc] GC(347) Concurrent active time: 0,000ms
[2021-04-30T09:35:16.807+0300][18,864s][info ][gc] GC(347) Concurrent Abortable Preclean 0,020ms
[2021-04-30T09:35:16.807+0300][18,864s][debug][gc] GC(347) YG occupancy: 37831 K (39296 K)
[2021-04-30T09:35:16.815+0300][18,872s][info ][gc] GC(347) Pause Remark 122M->122M(123M) 7,926ms
[2021-04-30T09:35:16.815+0300][18,872s][info ][gc] GC(347) Concurrent Sweep
[2021-04-30T09:35:16.827+0300][18,884s][debug][gc] GC(347) Concurrent active time: 0,012ms
[2021-04-30T09:35:16.827+0300][18,884s][info ][gc] GC(347) Concurrent Sweep 11,910ms
[2021-04-30T09:35:16.827+0300][18,884s][debug][gc] GC(348) Concurrent mode failure
[2021-04-30T09:35:16.883+0300][18,939s][info ][gc] GC(348) Pause Full (Allocation Failure) 123M->103M(123M) 58,511ms
[2021-04-30T09:35:17.001+0300][19,057s][info ][gc] GC(349) Pause Full (Allocation Failure) 123M->103M(123M) 62,483ms
[2021-04-30T09:35:17.004+0300][19,060s][info ][gc] GC(350) Pause Initial Mark 103M->103M(123M) 2,816ms
[2021-04-30T09:35:17.004+0300][19,060s][info ][gc] GC(350) Concurrent Mark
[2021-04-30T09:35:17.029+0300][19,086s][debug][gc] GC(350) Concurrent active time: 0,024ms
[2021-04-30T09:35:17.029+0300][19,086s][info ][gc] GC(350) Concurrent Mark 25,547ms
[2021-04-30T09:35:17.029+0300][19,086s][info ][gc] GC(350) Concurrent Preclean
[2021-04-30T09:35:17.044+0300][19,101s][debug][gc] GC(350) Concurrent active time: 0,015ms
[2021-04-30T09:35:17.044+0300][19,101s][info ][gc] GC(350) Concurrent Preclean 14,899ms
[2021-04-30T09:35:17.044+0300][19,101s][info ][gc] GC(350) Concurrent Abortable Preclean
[2021-04-30T09:35:17.044+0300][19,101s][debug][gc] GC(350) Concurrent active time: 0,000ms
[2021-04-30T09:35:17.044+0300][19,101s][info ][gc] GC(350) Concurrent Abortable Preclean 0,012ms
[2021-04-30T09:35:17.044+0300][19,101s][debug][gc] GC(350) YG occupancy: 36309 K (39296 K)
[2021-04-30T09:35:17.050+0300][19,106s][info ][gc] GC(350) Pause Remark 120M->120M(123M) 5,553ms
[2021-04-30T09:35:17.050+0300][19,106s][info ][gc] GC(350) Concurrent Sweep
[2021-04-30T09:35:17.061+0300][19,117s][debug][gc] GC(350) Concurrent active time: 0,011ms
[2021-04-30T09:35:17.061+0300][19,117s][info ][gc] GC(350) Concurrent Sweep 10,794ms
[2021-04-30T09:35:17.061+0300][19,117s][info ][gc] GC(350) Concurrent Reset
[2021-04-30T09:35:17.061+0300][19,117s][debug][gc] GC(350) Concurrent active time: 0,000ms
[2021-04-30T09:35:17.061+0300][19,117s][info ][gc] GC(350) Concurrent Reset 0,067ms
[2021-04-30T09:35:17.134+0300][19,191s][info ][gc] GC(352) Pause Full (Allocation Failure) 123M->103M(123M) 64,642ms
[2021-04-30T09:35:17.134+0300][19,191s][info ][gc] GC(351) Pause Young (Allocation Failure) 123M->103M(123M) 64,712ms
[2021-04-30T09:35:17.138+0300][19,194s][info ][gc] GC(353) Pause Initial Mark 104M->104M(123M) 2,887ms
[2021-04-30T09:35:17.138+0300][19,194s][info ][gc] GC(353) Concurrent Mark
[2021-04-30T09:35:17.160+0300][19,216s][debug][gc] GC(353) Concurrent active time: 0,022ms
[2021-04-30T09:35:17.160+0300][19,217s][info ][gc] GC(353) Concurrent Mark 22,369ms
[2021-04-30T09:35:17.160+0300][19,217s][info ][gc] GC(353) Concurrent Preclean
[2021-04-30T09:35:17.175+0300][19,232s][debug][gc] GC(353) Concurrent active time: 0,015ms
[2021-04-30T09:35:17.175+0300][19,232s][info ][gc] GC(353) Concurrent Preclean 15,231ms
[2021-04-30T09:35:17.175+0300][19,232s][info ][gc] GC(353) Concurrent Abortable Preclean
[2021-04-30T09:35:17.175+0300][19,232s][debug][gc] GC(353) Concurrent active time: 0,000ms
[2021-04-30T09:35:17.175+0300][19,232s][info ][gc] GC(353) Concurrent Abortable Preclean 0,012ms
[2021-04-30T09:35:17.175+0300][19,232s][debug][gc] GC(353) YG occupancy: 35955 K (39296 K)
[2021-04-30T09:35:17.181+0300][19,238s][info ][gc] GC(353) Pause Remark 120M->120M(123M) 5,721ms
[2021-04-30T09:35:17.181+0300][19,238s][info ][gc] GC(353) Concurrent Sweep
[2021-04-30T09:35:17.193+0300][19,250s][debug][gc] GC(353) Concurrent active time: 0,012ms
[2021-04-30T09:35:17.193+0300][19,250s][info ][gc] GC(353) Concurrent Sweep 12,110ms
[2021-04-30T09:35:17.193+0300][19,250s][info ][gc] GC(353) Concurrent Reset
[2021-04-30T09:35:17.193+0300][19,250s][debug][gc] GC(353) Concurrent active time: 0,000ms
[2021-04-30T09:35:17.193+0300][19,250s][info ][gc] GC(353) Concurrent Reset 0,087ms
[2021-04-30T09:35:17.257+0300][19,313s][info ][gc] GC(355) Pause Full (Allocation Failure) 123M->104M(123M) 51,870ms
[2021-04-30T09:35:17.257+0300][19,313s][info ][gc] GC(354) Pause Young (Allocation Failure) 123M->104M(123M) 51,948ms
[2021-04-30T09:35:17.260+0300][19,316s][info ][gc] GC(356) Pause Initial Mark 104M->104M(123M) 2,889ms
[2021-04-30T09:35:17.260+0300][19,316s][info ][gc] GC(356) Concurrent Mark
[2021-04-30T09:35:17.287+0300][19,343s][debug][gc] GC(356) Concurrent active time: 0,027ms
[2021-04-30T09:35:17.287+0300][19,343s][info ][gc] GC(356) Concurrent Mark 27,144ms
[2021-04-30T09:35:17.287+0300][19,343s][info ][gc] GC(356) Concurrent Preclean
[2021-04-30T09:35:17.302+0300][19,359s][debug][gc] GC(356) Concurrent active time: 0,015ms
[2021-04-30T09:35:17.302+0300][19,359s][info ][gc] GC(356) Concurrent Preclean 15,464ms
[2021-04-30T09:35:17.302+0300][19,359s][info ][gc] GC(356) Concurrent Abortable Preclean
[2021-04-30T09:35:17.302+0300][19,359s][debug][gc] GC(356) Concurrent active time: 0,000ms
[2021-04-30T09:35:17.302+0300][19,359s][info ][gc] GC(356) Concurrent Abortable Preclean 0,012ms
[2021-04-30T09:35:17.302+0300][19,359s][debug][gc] GC(356) YG occupancy: 37699 K (39296 K)
[2021-04-30T09:35:17.308+0300][19,365s][info ][gc] GC(356) Pause Remark 122M->122M(123M) 5,807ms
[2021-04-30T09:35:17.308+0300][19,365s][info ][gc] GC(356) Concurrent Sweep
[2021-04-30T09:35:17.319+0300][19,376s][debug][gc] GC(356) Concurrent active time: 0,011ms
[2021-04-30T09:35:17.319+0300][19,376s][info ][gc] GC(356) Concurrent Sweep 10,837ms
[2021-04-30T09:35:17.319+0300][19,376s][info ][gc] GC(356) Concurrent Reset
[2021-04-30T09:35:17.319+0300][19,376s][debug][gc] GC(356) Concurrent active time: 0,000ms
[2021-04-30T09:35:17.319+0300][19,376s][info ][gc] GC(356) Concurrent Reset 0,084ms
[2021-04-30T09:35:17.369+0300][19,426s][info ][gc] GC(358) Pause Full (Allocation Failure) 123M->104M(123M) 49,129ms
[2021-04-30T09:35:17.369+0300][19,426s][info ][gc] GC(357) Pause Young (Allocation Failure) 123M->104M(123M) 49,195ms
[2021-04-30T09:35:17.372+0300][19,429s][info ][gc] GC(359) Pause Initial Mark 104M->104M(123M) 3,107ms
[2021-04-30T09:35:17.372+0300][19,429s][info ][gc] GC(359) Concurrent Mark
[2021-04-30T09:35:17.396+0300][19,452s][debug][gc] GC(359) Concurrent active time: 0,023ms
[2021-04-30T09:35:17.396+0300][19,452s][info ][gc] GC(359) Concurrent Mark 23,210ms
[2021-04-30T09:35:17.396+0300][19,452s][info ][gc] GC(359) Concurrent Preclean
[2021-04-30T09:35:17.411+0300][19,468s][debug][gc] GC(359) Concurrent active time: 0,016ms
[2021-04-30T09:35:17.412+0300][19,468s][info ][gc] GC(359) Concurrent Preclean 15,803ms
[2021-04-30T09:35:17.412+0300][19,468s][info ][gc] GC(359) Concurrent Abortable Preclean
[2021-04-30T09:35:17.412+0300][19,468s][debug][gc] GC(359) Concurrent active time: 0,000ms
[2021-04-30T09:35:17.412+0300][19,468s][info ][gc] GC(359) Concurrent Abortable Preclean 0,012ms
[2021-04-30T09:35:17.412+0300][19,468s][debug][gc] GC(359) YG occupancy: 37451 K (39296 K)
[2021-04-30T09:35:17.418+0300][19,474s][info ][gc] GC(359) Pause Remark 121M->121M(123M) 5,925ms
[2021-04-30T09:35:17.418+0300][19,474s][info ][gc] GC(359) Concurrent Sweep
[2021-04-30T09:35:17.428+0300][19,485s][debug][gc] GC(359) Concurrent active time: 0,011ms
[2021-04-30T09:35:17.428+0300][19,485s][info ][gc] GC(359) Concurrent Sweep 10,776ms
[2021-04-30T09:35:17.429+0300][19,485s][info ][gc] GC(359) Concurrent Reset
[2021-04-30T09:35:17.429+0300][19,485s][debug][gc] GC(359) Concurrent active time: 0,000ms
[2021-04-30T09:35:17.429+0300][19,485s][info ][gc] GC(359) Concurrent Reset 0,097ms
[2021-04-30T09:35:17.479+0300][19,536s][info ][gc] GC(361) Pause Full (Allocation Failure) 123M->104M(123M) 48,657ms
[2021-04-30T09:35:17.479+0300][19,536s][info ][gc] GC(360) Pause Young (Allocation Failure) 123M->104M(123M) 48,729ms
[2021-04-30T09:35:17.483+0300][19,539s][info ][gc] GC(362) Pause Initial Mark 105M->105M(123M) 3,127ms
[2021-04-30T09:35:17.483+0300][19,539s][info ][gc] GC(362) Concurrent Mark
[2021-04-30T09:35:17.508+0300][19,564s][debug][gc] GC(362) Concurrent active time: 0,025ms
[2021-04-30T09:35:17.508+0300][19,564s][info ][gc] GC(362) Concurrent Mark 24,940ms
[2021-04-30T09:35:17.508+0300][19,564s][info ][gc] GC(362) Concurrent Preclean
[2021-04-30T09:35:17.524+0300][19,580s][debug][gc] GC(362) Concurrent active time: 0,016ms
[2021-04-30T09:35:17.524+0300][19,580s][info ][gc] GC(362) Concurrent Preclean 15,724ms
[2021-04-30T09:35:17.524+0300][19,580s][info ][gc] GC(362) Concurrent Abortable Preclean
[2021-04-30T09:35:17.524+0300][19,580s][debug][gc] GC(362) Concurrent active time: 0,000ms
[2021-04-30T09:35:17.524+0300][19,580s][info ][gc] GC(362) Concurrent Abortable Preclean 0,012ms
[2021-04-30T09:35:17.524+0300][19,580s][debug][gc] GC(362) YG occupancy: 37445 K (39296 K)
[2021-04-30T09:35:17.531+0300][19,587s][info ][gc] GC(362) Pause Remark 121M->121M(123M) 6,924ms
[2021-04-30T09:35:17.531+0300][19,587s][info ][gc] GC(362) Concurrent Sweep
[2021-04-30T09:35:17.541+0300][19,598s][debug][gc] GC(362) Concurrent active time: 0,010ms
[2021-04-30T09:35:17.541+0300][19,598s][info ][gc] GC(362) Concurrent Sweep 10,484ms
[2021-04-30T09:35:17.541+0300][19,598s][info ][gc] GC(362) Concurrent Reset
[2021-04-30T09:35:17.541+0300][19,598s][debug][gc] GC(362) Concurrent active time: 0,000ms
[2021-04-30T09:35:17.541+0300][19,598s][info ][gc] GC(362) Concurrent Reset 0,085ms
[2021-04-30T09:35:17.597+0300][19,653s][info ][gc] GC(364) Pause Full (Allocation Failure) 123M->104M(123M) 52,324ms
[2021-04-30T09:35:17.597+0300][19,653s][info ][gc] GC(363) Pause Young (Allocation Failure) 123M->104M(123M) 52,397ms
[2021-04-30T09:35:17.600+0300][19,657s][info ][gc] GC(365) Pause Initial Mark 105M->105M(123M) 3,042ms
[2021-04-30T09:35:17.600+0300][19,657s][info ][gc] GC(365) Concurrent Mark
[2021-04-30T09:35:17.626+0300][19,682s][debug][gc] GC(365) Concurrent active time: 0,026ms
[2021-04-30T09:35:17.626+0300][19,683s][info ][gc] GC(365) Concurrent Mark 25,743ms
[2021-04-30T09:35:17.626+0300][19,683s][info ][gc] GC(365) Concurrent Preclean
[2021-04-30T09:35:17.644+0300][19,701s][debug][gc] GC(365) Concurrent active time: 0,018ms
[2021-04-30T09:35:17.644+0300][19,701s][info ][gc] GC(365) Concurrent Preclean 18,154ms
[2021-04-30T09:35:17.644+0300][19,701s][info ][gc] GC(365) Concurrent Abortable Preclean
[2021-04-30T09:35:17.644+0300][19,701s][debug][gc] GC(365) Concurrent active time: 0,000ms
[2021-04-30T09:35:17.644+0300][19,701s][info ][gc] GC(365) Concurrent Abortable Preclean 0,012ms
[2021-04-30T09:35:17.644+0300][19,701s][debug][gc] GC(365) YG occupancy: 36794 K (39296 K)
[2021-04-30T09:35:17.650+0300][19,707s][info ][gc] GC(365) Pause Remark 121M->121M(123M) 5,762ms
[2021-04-30T09:35:17.650+0300][19,707s][info ][gc] GC(365) Concurrent Sweep
[2021-04-30T09:35:17.660+0300][19,717s][debug][gc] GC(365) Concurrent active time: 0,010ms
[2021-04-30T09:35:17.660+0300][19,717s][info ][gc] GC(365) Concurrent Sweep 10,346ms
[2021-04-30T09:35:17.660+0300][19,717s][info ][gc] GC(365) Concurrent Reset
[2021-04-30T09:35:17.660+0300][19,717s][debug][gc] GC(365) Concurrent active time: 0,000ms
[2021-04-30T09:35:17.660+0300][19,717s][info ][gc] GC(365) Concurrent Reset 0,066ms
[2021-04-30T09:35:17.714+0300][19,770s][info ][gc] GC(367) Pause Full (Allocation Failure) 123M->105M(123M) 48,445ms
[2021-04-30T09:35:17.714+0300][19,770s][info ][gc] GC(366) Pause Young (Allocation Failure) 123M->105M(123M) 48,515ms
[2021-04-30T09:35:17.717+0300][19,774s][info ][gc] GC(368) Pause Initial Mark 105M->105M(123M) 3,145ms
[2021-04-30T09:35:17.717+0300][19,774s][info ][gc] GC(368) Concurrent Mark
[2021-04-30T09:35:17.739+0300][19,795s][debug][gc] GC(368) Concurrent active time: 0,022ms
[2021-04-30T09:35:17.739+0300][19,795s][info ][gc] GC(368) Concurrent Mark 21,821ms
[2021-04-30T09:35:17.739+0300][19,795s][info ][gc] GC(368) Concurrent Preclean
[2021-04-30T09:35:17.754+0300][19,811s][debug][gc] GC(368) Concurrent active time: 0,015ms
[2021-04-30T09:35:17.754+0300][19,811s][info ][gc] GC(368) Concurrent Preclean 15,098ms
[2021-04-30T09:35:17.754+0300][19,811s][info ][gc] GC(368) Concurrent Abortable Preclean
[2021-04-30T09:35:17.754+0300][19,811s][debug][gc] GC(368) Concurrent active time: 0,000ms
[2021-04-30T09:35:17.754+0300][19,811s][info ][gc] GC(368) Concurrent Abortable Preclean 0,012ms
[2021-04-30T09:35:17.754+0300][19,811s][debug][gc] GC(368) YG occupancy: 36282 K (39296 K)
[2021-04-30T09:35:17.760+0300][19,816s][info ][gc] GC(368) Pause Remark 120M->120M(123M) 5,841ms
[2021-04-30T09:35:17.760+0300][19,817s][info ][gc] GC(368) Concurrent Sweep
[2021-04-30T09:35:17.774+0300][19,830s][debug][gc] GC(368) Concurrent active time: 0,014ms
[2021-04-30T09:35:17.774+0300][19,830s][info ][gc] GC(368) Concurrent Sweep 13,609ms
[2021-04-30T09:35:17.774+0300][19,830s][info ][gc] GC(368) Concurrent Reset
[2021-04-30T09:35:17.774+0300][19,830s][debug][gc] GC(368) Concurrent active time: 0,000ms
[2021-04-30T09:35:17.774+0300][19,830s][info ][gc] GC(368) Concurrent Reset 0,092ms
[2021-04-30T09:35:17.833+0300][19,889s][info ][gc] GC(370) Pause Full (Allocation Failure) 123M->105M(123M) 52,055ms
[2021-04-30T09:35:17.833+0300][19,889s][info ][gc] GC(369) Pause Young (Allocation Failure) 123M->105M(123M) 52,127ms
[2021-04-30T09:35:17.836+0300][19,893s][info ][gc] GC(371) Pause Initial Mark 105M->105M(123M) 3,336ms
[2021-04-30T09:35:17.836+0300][19,893s][info ][gc] GC(371) Concurrent Mark
[2021-04-30T09:35:17.867+0300][19,924s][debug][gc] GC(371) Concurrent active time: 0,030ms
[2021-04-30T09:35:17.867+0300][19,924s][info ][gc] GC(371) Concurrent Mark 30,772ms
[2021-04-30T09:35:17.867+0300][19,924s][info ][gc] GC(371) Concurrent Preclean
[2021-04-30T09:35:17.886+0300][19,943s][debug][gc] GC(371) Concurrent active time: 0,019ms
[2021-04-30T09:35:17.886+0300][19,943s][info ][gc] GC(371) Concurrent Preclean 19,116ms
[2021-04-30T09:35:17.886+0300][19,943s][info ][gc] GC(371) Concurrent Abortable Preclean
[2021-04-30T09:35:17.886+0300][19,943s][debug][gc] GC(371) Concurrent active time: 0,000ms
[2021-04-30T09:35:17.886+0300][19,943s][info ][gc] GC(371) Concurrent Abortable Preclean 0,022ms
[2021-04-30T09:35:17.886+0300][19,943s][debug][gc] GC(371) YG occupancy: 37656 K (39296 K)
[2021-04-30T09:35:17.893+0300][19,949s][info ][gc] GC(371) Pause Remark 122M->122M(123M) 6,123ms
[2021-04-30T09:35:17.893+0300][19,949s][info ][gc] GC(371) Concurrent Sweep
[2021-04-30T09:35:17.906+0300][19,962s][debug][gc] GC(371) Concurrent active time: 0,013ms
[2021-04-30T09:35:17.906+0300][19,962s][info ][gc] GC(371) Concurrent Sweep 13,196ms
[2021-04-30T09:35:17.906+0300][19,962s][debug][gc] GC(372) Concurrent mode failure
[2021-04-30T09:35:17.981+0300][20,037s][info ][gc] GC(372) Pause Full (Allocation Failure) 123M->105M(123M) 77,300ms
[2021-04-30T09:35:18.085+0300][20,141s][info ][gc] GC(373) Pause Full (Allocation Failure) 123M->106M(123M) 51,405ms
[2021-04-30T09:35:18.089+0300][20,146s][info ][gc] GC(374) Pause Initial Mark 106M->106M(123M) 4,254ms
[2021-04-30T09:35:18.089+0300][20,146s][info ][gc] GC(374) Concurrent Mark
[2021-04-30T09:35:18.116+0300][20,173s][debug][gc] GC(374) Concurrent active time: 0,027ms
[2021-04-30T09:35:18.116+0300][20,173s][info ][gc] GC(374) Concurrent Mark 26,948ms
[2021-04-30T09:35:18.116+0300][20,173s][info ][gc] GC(374) Concurrent Preclean
[2021-04-30T09:35:18.143+0300][20,199s][debug][gc] GC(374) Concurrent active time: 0,027ms
[2021-04-30T09:35:18.143+0300][20,200s][info ][gc] GC(374) Concurrent Preclean 26,562ms
[2021-04-30T09:35:18.143+0300][20,200s][info ][gc] GC(374) Concurrent Abortable Preclean
[2021-04-30T09:35:18.143+0300][20,200s][debug][gc] GC(374) Concurrent active time: 0,000ms
[2021-04-30T09:35:18.143+0300][20,200s][info ][gc] GC(374) Concurrent Abortable Preclean 0,012ms
[2021-04-30T09:35:18.143+0300][20,200s][debug][gc] GC(374) YG occupancy: 38251 K (39296 K)
[2021-04-30T09:35:18.149+0300][20,206s][info ][gc] GC(374) Pause Remark 122M->122M(123M) 6,328ms
[2021-04-30T09:35:18.149+0300][20,206s][info ][gc] GC(374) Concurrent Sweep
[2021-04-30T09:35:18.161+0300][20,218s][debug][gc] GC(374) Concurrent active time: 0,011ms
[2021-04-30T09:35:18.161+0300][20,218s][info ][gc] GC(374) Concurrent Sweep 11,636ms
[2021-04-30T09:35:18.161+0300][20,218s][debug][gc] GC(375) Concurrent mode failure
[2021-04-30T09:35:18.214+0300][20,271s][info ][gc] GC(375) Pause Full (Allocation Failure) 123M->106M(123M) 56,208ms
[2021-04-30T09:35:18.321+0300][20,377s][info ][gc] GC(376) Pause Full (Allocation Failure) 123M->106M(123M) 56,527ms
[2021-04-30T09:35:18.324+0300][20,381s][info ][gc] GC(377) Pause Initial Mark 107M->107M(123M) 3,462ms
[2021-04-30T09:35:18.324+0300][20,381s][info ][gc] GC(377) Concurrent Mark
[2021-04-30T09:35:18.348+0300][20,405s][debug][gc] GC(377) Concurrent active time: 0,024ms
[2021-04-30T09:35:18.348+0300][20,405s][info ][gc] GC(377) Concurrent Mark 23,751ms
[2021-04-30T09:35:18.348+0300][20,405s][info ][gc] GC(377) Concurrent Preclean
[2021-04-30T09:35:18.372+0300][20,428s][debug][gc] GC(377) Concurrent active time: 0,023ms
[2021-04-30T09:35:18.372+0300][20,428s][info ][gc] GC(377) Concurrent Preclean 23,530ms
[2021-04-30T09:35:18.372+0300][20,428s][info ][gc] GC(377) Concurrent Abortable Preclean
[2021-04-30T09:35:18.372+0300][20,428s][debug][gc] GC(377) Concurrent active time: 0,000ms
[2021-04-30T09:35:18.372+0300][20,428s][info ][gc] GC(377) Concurrent Abortable Preclean 0,012ms
[2021-04-30T09:35:18.372+0300][20,428s][debug][gc] GC(377) YG occupancy: 37835 K (39296 K)
[2021-04-30T09:35:18.378+0300][20,434s][info ][gc] GC(377) Pause Remark 122M->122M(123M) 5,884ms
[2021-04-30T09:35:18.378+0300][20,434s][info ][gc] GC(377) Concurrent Sweep
[2021-04-30T09:35:18.388+0300][20,445s][debug][gc] GC(377) Concurrent active time: 0,011ms
[2021-04-30T09:35:18.389+0300][20,445s][info ][gc] GC(377) Concurrent Sweep 10,738ms
[2021-04-30T09:35:18.389+0300][20,445s][info ][gc] GC(377) Concurrent Reset
[2021-04-30T09:35:18.389+0300][20,445s][debug][gc] GC(377) Concurrent active time: 0,000ms
[2021-04-30T09:35:18.389+0300][20,445s][info ][gc] GC(377) Concurrent Reset 0,069ms
[2021-04-30T09:35:19.355+0300][21,411s][info ][gc] GC(379) Pause Full (Allocation Failure) 123M->67M(123M) 82,498ms
[2021-04-30T09:35:19.355+0300][21,411s][info ][gc] GC(378) Pause Young (Allocation Failure) 123M->67M(123M) 82,608ms
[2021-04-30T09:35:19.411+0300][21,468s][info ][gc] GC(380) Pause Young (Allocation Failure) 101M->69M(123M) 0,737ms
[2021-04-30T09:35:19.458+0300][21,515s][info ][gc] GC(381) Pause Young (Allocation Failure) 103M->68M(123M) 0,830ms
[2021-04-30T09:35:19.509+0300][21,565s][info ][gc] GC(382) Pause Young (Allocation Failure) 102M->69M(123M) 1,102ms
[2021-04-30T09:35:19.555+0300][21,612s][info ][gc] GC(383) Pause Young (Allocation Failure) 103M->70M(123M) 1,225ms
[2021-04-30T09:35:19.605+0300][21,662s][info ][gc] GC(384) Pause Young (Allocation Failure) 104M->70M(123M) 1,657ms
[2021-04-30T09:35:19.657+0300][21,714s][info ][gc] GC(385) Pause Young (Allocation Failure) 105M->71M(123M) 1,508ms
[2021-04-30T09:35:19.706+0300][21,763s][info ][gc] GC(386) Pause Young (Allocation Failure) 105M->72M(123M) 1,567ms
[2021-04-30T09:35:19.756+0300][21,813s][info ][gc] GC(387) Pause Young (Allocation Failure) 106M->72M(123M) 1,456ms
[2021-04-30T09:35:19.805+0300][21,862s][info ][gc] GC(388) Pause Young (Allocation Failure) 106M->73M(123M) 1,323ms
[2021-04-30T09:35:19.856+0300][21,913s][info ][gc] GC(389) Pause Young (Allocation Failure) 107M->73M(123M) 1,258ms
[2021-04-30T09:35:19.916+0300][21,972s][info ][gc] GC(390) Pause Young (Allocation Failure) 108M->74M(123M) 1,810ms
[2021-04-30T09:35:19.980+0300][22,037s][info ][gc] GC(391) Pause Young (Allocation Failure) 108M->75M(123M) 1,498ms
[2021-04-30T09:35:20.033+0300][22,090s][info ][gc] GC(392) Pause Young (Allocation Failure) 109M->75M(123M) 1,571ms
[2021-04-30T09:35:20.081+0300][22,138s][info ][gc] GC(393) Pause Young (Allocation Failure) 109M->76M(123M) 1,675ms
[2021-04-30T09:35:20.129+0300][22,185s][info ][gc] GC(394) Pause Young (Allocation Failure) 110M->76M(123M) 1,566ms
[2021-04-30T09:35:20.180+0300][22,236s][info ][gc] GC(395) Pause Young (Allocation Failure) 110M->77M(123M) 1,571ms
[2021-04-30T09:35:20.230+0300][22,287s][info ][gc] GC(396) Pause Young (Allocation Failure) 111M->77M(123M) 1,527ms
[2021-04-30T09:35:20.282+0300][22,338s][info ][gc] GC(397) Pause Young (Allocation Failure) 111M->78M(123M) 1,914ms
[2021-04-30T09:35:20.330+0300][22,387s][info ][gc] GC(398) Pause Young (Allocation Failure) 112M->78M(123M) 1,614ms
[2021-04-30T09:35:20.377+0300][22,434s][info ][gc] GC(399) Pause Young (Allocation Failure) 113M->79M(123M) 1,597ms
[2021-04-30T09:35:20.429+0300][22,485s][info ][gc] GC(400) Pause Young (Allocation Failure) 113M->79M(123M) 1,486ms
[2021-04-30T09:35:20.475+0300][22,532s][info ][gc] GC(401) Pause Young (Allocation Failure) 114M->80M(123M) 1,555ms
[2021-04-30T09:35:20.527+0300][22,583s][info ][gc] GC(402) Pause Young (Allocation Failure) 114M->81M(123M) 1,436ms
[2021-04-30T09:35:20.581+0300][22,637s][info ][gc] GC(403) Pause Young (Allocation Failure) 115M->81M(123M) 1,773ms
[2021-04-30T09:35:20.630+0300][22,686s][info ][gc] GC(404) Pause Young (Allocation Failure) 115M->82M(123M) 1,547ms
[2021-04-30T09:35:20.630+0300][22,687s][info ][gc] GC(405) Pause Initial Mark 82M->82M(123M) 0,382ms
[2021-04-30T09:35:20.630+0300][22,687s][info ][gc] GC(405) Concurrent Mark
[2021-04-30T09:35:20.649+0300][22,706s][debug][gc] GC(405) Concurrent active time: 0,019ms
[2021-04-30T09:35:20.649+0300][22,706s][info ][gc] GC(405) Concurrent Mark 18,897ms
[2021-04-30T09:35:20.649+0300][22,706s][info ][gc] GC(405) Concurrent Preclean
[2021-04-30T09:35:20.650+0300][22,706s][debug][gc] GC(405) Concurrent active time: 0,000ms
[2021-04-30T09:35:20.650+0300][22,706s][info ][gc] GC(405) Concurrent Preclean 0,355ms
[2021-04-30T09:35:20.650+0300][22,706s][info ][gc] GC(405) Concurrent Abortable Preclean
[2021-04-30T09:35:20.683+0300][22,740s][info ][gc] GC(406) Pause Young (Allocation Failure) 116M->82M(123M) 1,585ms
[2021-04-30T09:35:20.732+0300][22,788s][info ][gc] GC(407) Pause Young (Allocation Failure) 116M->83M(123M) 1,554ms
[2021-04-30T09:35:20.779+0300][22,835s][info ][gc] GC(408) Pause Young (Allocation Failure) 117M->83M(123M) 1,504ms
[2021-04-30T09:35:20.839+0300][22,895s][info ][gc] GC(409) Pause Young (Allocation Failure) 117M->84M(123M) 1,568ms
[2021-04-30T09:35:20.893+0300][22,950s][info ][gc] GC(410) Pause Young (Allocation Failure) 118M->84M(123M) 1,576ms
[2021-04-30T09:35:20.956+0300][23,012s][info ][gc] GC(411) Pause Young (Allocation Failure) 119M->85M(123M) 1,678ms
[2021-04-30T09:35:21.007+0300][23,064s][info ][gc] GC(412) Pause Young (Allocation Failure) 119M->86M(123M) 1,701ms
[2021-04-30T09:35:21.054+0300][23,111s][info ][gc] GC(413) Pause Young (Allocation Failure) 120M->86M(123M) 1,581ms
[2021-04-30T09:35:21.106+0300][23,162s][info ][gc] GC(414) Pause Young (Allocation Failure) 120M->87M(123M) 1,498ms
[2021-04-30T09:35:21.157+0300][23,213s][info ][gc] GC(415) Pause Young (Allocation Failure) 121M->87M(123M) 2,349ms
[2021-04-30T09:35:21.209+0300][23,265s][info ][gc] GC(416) Pause Young (Allocation Failure) 121M->88M(123M) 1,478ms
[2021-04-30T09:35:21.209+0300][23,265s][debug][gc] GC(405) Concurrent active time: 0,055ms
[2021-04-30T09:35:21.209+0300][23,265s][info ][gc] GC(405) Concurrent Abortable Preclean 559,165ms
[2021-04-30T09:35:21.209+0300][23,265s][debug][gc] GC(405) YG occupancy: 4081 K (39296 K)
[2021-04-30T09:35:21.211+0300][23,267s][info ][gc] GC(405) Pause Remark 88M->88M(123M) 1,853ms
[2021-04-30T09:35:21.211+0300][23,267s][info ][gc] GC(405) Concurrent Sweep
[2021-04-30T09:35:21.222+0300][23,278s][debug][gc] GC(405) Concurrent active time: 0,011ms
[2021-04-30T09:35:21.222+0300][23,278s][info ][gc] GC(405) Concurrent Sweep 10,905ms
[2021-04-30T09:35:21.222+0300][23,278s][info ][gc] GC(405) Concurrent Reset
[2021-04-30T09:35:21.222+0300][23,278s][debug][gc] GC(405) Concurrent active time: 0,000ms
[2021-04-30T09:35:21.222+0300][23,278s][info ][gc] GC(405) Concurrent Reset 0,061ms
[2021-04-30T09:35:21.306+0300][23,363s][info ][gc] GC(418) Pause Full (Allocation Failure) 122M->87M(123M) 48,128ms
[2021-04-30T09:35:21.306+0300][23,363s][info ][gc] GC(417) Pause Young (Allocation Failure) 122M->87M(123M) 48,204ms
[2021-04-30T09:35:21.307+0300][23,364s][info ][gc] GC(419) Pause Initial Mark 88M->88M(123M) 0,593ms
[2021-04-30T09:35:21.307+0300][23,364s][info ][gc] GC(419) Concurrent Mark
[2021-04-30T09:35:21.336+0300][23,392s][debug][gc] GC(419) Concurrent active time: 0,028ms
[2021-04-30T09:35:21.336+0300][23,392s][info ][gc] GC(419) Concurrent Mark 28,500ms
[2021-04-30T09:35:21.336+0300][23,392s][info ][gc] GC(419) Concurrent Preclean
[2021-04-30T09:35:21.353+0300][23,410s][debug][gc] GC(419) Concurrent active time: 0,017ms
[2021-04-30T09:35:21.353+0300][23,410s][info ][gc] GC(419) Concurrent Preclean 17,301ms
[2021-04-30T09:35:21.353+0300][23,410s][info ][gc] GC(419) Concurrent Abortable Preclean
[2021-04-30T09:35:21.353+0300][23,410s][debug][gc] GC(419) Concurrent active time: 0,000ms
[2021-04-30T09:35:21.353+0300][23,410s][info ][gc] GC(419) Concurrent Abortable Preclean 0,022ms
[2021-04-30T09:35:21.353+0300][23,410s][debug][gc] GC(419) YG occupancy: 31705 K (39296 K)
[2021-04-30T09:35:21.359+0300][23,416s][info ][gc] GC(419) Pause Remark 116M->116M(123M) 6,059ms
[2021-04-30T09:35:21.360+0300][23,416s][info ][gc] GC(419) Concurrent Sweep
[2021-04-30T09:35:21.371+0300][23,428s][debug][gc] GC(419) Concurrent active time: 0,011ms
[2021-04-30T09:35:21.371+0300][23,428s][info ][gc] GC(419) Concurrent Sweep 11,422ms
[2021-04-30T09:35:21.371+0300][23,428s][info ][gc] GC(419) Concurrent Reset
[2021-04-30T09:35:21.371+0300][23,428s][debug][gc] GC(419) Concurrent active time: 0,000ms
[2021-04-30T09:35:21.371+0300][23,428s][info ][gc] GC(419) Concurrent Reset 0,065ms
[2021-04-30T09:35:21.443+0300][23,500s][info ][gc] GC(421) Pause Full (Allocation Failure) 123M->88M(123M) 50,429ms
[2021-04-30T09:35:21.443+0300][23,500s][info ][gc] GC(420) Pause Young (Allocation Failure) 123M->88M(123M) 50,501ms
[2021-04-30T09:35:21.444+0300][23,501s][info ][gc] GC(422) Pause Initial Mark 88M->88M(123M) 0,663ms
[2021-04-30T09:35:21.444+0300][23,501s][info ][gc] GC(422) Concurrent Mark
[2021-04-30T09:35:21.473+0300][23,529s][debug][gc] GC(422) Concurrent active time: 0,028ms
[2021-04-30T09:35:21.473+0300][23,529s][info ][gc] GC(422) Concurrent Mark 28,447ms
[2021-04-30T09:35:21.473+0300][23,529s][info ][gc] GC(422) Concurrent Preclean
[2021-04-30T09:35:21.499+0300][23,555s][debug][gc] GC(422) Concurrent active time: 0,026ms
[2021-04-30T09:35:21.499+0300][23,555s][info ][gc] GC(422) Concurrent Preclean 26,217ms
[2021-04-30T09:35:21.499+0300][23,555s][info ][gc] GC(422) Concurrent Abortable Preclean
[2021-04-30T09:35:21.499+0300][23,555s][debug][gc] GC(422) Concurrent active time: 0,000ms
[2021-04-30T09:35:21.499+0300][23,556s][info ][gc] GC(422) Concurrent Abortable Preclean 0,019ms
[2021-04-30T09:35:21.499+0300][23,556s][debug][gc] GC(422) YG occupancy: 30226 K (39296 K)
[2021-04-30T09:35:21.505+0300][23,561s][info ][gc] GC(422) Pause Remark 114M->114M(123M) 5,639ms
[2021-04-30T09:35:21.505+0300][23,561s][info ][gc] GC(422) Concurrent Sweep
[2021-04-30T09:35:21.522+0300][23,578s][debug][gc] GC(422) Concurrent active time: 0,017ms
[2021-04-30T09:35:21.522+0300][23,578s][info ][gc] GC(422) Concurrent Sweep 16,921ms
[2021-04-30T09:35:21.522+0300][23,578s][info ][gc] GC(422) Concurrent Reset
[2021-04-30T09:35:21.522+0300][23,578s][debug][gc] GC(422) Concurrent active time: 0,000ms
[2021-04-30T09:35:21.522+0300][23,578s][info ][gc] GC(422) Concurrent Reset 0,083ms
[2021-04-30T09:35:21.592+0300][23,649s][info ][gc] GC(424) Pause Full (Allocation Failure) 123M->88M(123M) 47,547ms
[2021-04-30T09:35:21.592+0300][23,649s][info ][gc] GC(423) Pause Young (Allocation Failure) 123M->88M(123M) 47,617ms
[2021-04-30T09:35:21.593+0300][23,650s][info ][gc] GC(425) Pause Initial Mark 89M->89M(123M) 0,566ms
[2021-04-30T09:35:21.593+0300][23,650s][info ][gc] GC(425) Concurrent Mark
[2021-04-30T09:35:21.618+0300][23,674s][debug][gc] GC(425) Concurrent active time: 0,025ms
[2021-04-30T09:35:21.618+0300][23,674s][info ][gc] GC(425) Concurrent Mark 24,844ms
[2021-04-30T09:35:21.618+0300][23,674s][info ][gc] GC(425) Concurrent Preclean
[2021-04-30T09:35:21.645+0300][23,701s][debug][gc] GC(425) Concurrent active time: 0,027ms
[2021-04-30T09:35:21.645+0300][23,701s][info ][gc] GC(425) Concurrent Preclean 26,874ms
[2021-04-30T09:35:21.645+0300][23,701s][info ][gc] GC(425) Concurrent Abortable Preclean
[2021-04-30T09:35:21.645+0300][23,701s][debug][gc] GC(425) Concurrent active time: 0,000ms
[2021-04-30T09:35:21.645+0300][23,701s][info ][gc] GC(425) Concurrent Abortable Preclean 0,019ms
[2021-04-30T09:35:21.645+0300][23,701s][debug][gc] GC(425) YG occupancy: 26636 K (39296 K)
[2021-04-30T09:35:21.650+0300][23,706s][info ][gc] GC(425) Pause Remark 111M->111M(123M) 4,918ms
[2021-04-30T09:35:21.650+0300][23,706s][info ][gc] GC(425) Concurrent Sweep
[2021-04-30T09:35:21.665+0300][23,721s][debug][gc] GC(425) Concurrent active time: 0,015ms
[2021-04-30T09:35:21.665+0300][23,721s][info ][gc] GC(425) Concurrent Sweep 14,896ms
[2021-04-30T09:35:21.665+0300][23,721s][info ][gc] GC(425) Concurrent Reset
[2021-04-30T09:35:21.665+0300][23,721s][debug][gc] GC(425) Concurrent active time: 0,000ms
[2021-04-30T09:35:21.665+0300][23,721s][info ][gc] GC(425) Concurrent Reset 0,066ms
[2021-04-30T09:35:21.743+0300][23,800s][info ][gc] GC(427) Pause Full (Allocation Failure) 123M->89M(123M) 50,964ms
[2021-04-30T09:35:21.743+0300][23,800s][info ][gc] GC(426) Pause Young (Allocation Failure) 123M->89M(123M) 51,215ms
[2021-04-30T09:35:21.744+0300][23,801s][info ][gc] GC(428) Pause Initial Mark 89M->89M(123M) 0,989ms
[2021-04-30T09:35:21.745+0300][23,801s][info ][gc] GC(428) Concurrent Mark
[2021-04-30T09:35:21.768+0300][23,825s][debug][gc] GC(428) Concurrent active time: 0,024ms
[2021-04-30T09:35:21.768+0300][23,825s][info ][gc] GC(428) Concurrent Mark 23,645ms
[2021-04-30T09:35:21.768+0300][23,825s][info ][gc] GC(428) Concurrent Preclean
[2021-04-30T09:35:21.785+0300][23,841s][debug][gc] GC(428) Concurrent active time: 0,017ms
[2021-04-30T09:35:21.785+0300][23,841s][info ][gc] GC(428) Concurrent Preclean 16,625ms
[2021-04-30T09:35:21.785+0300][23,841s][info ][gc] GC(428) Concurrent Abortable Preclean
[2021-04-30T09:35:21.785+0300][23,841s][debug][gc] GC(428) Concurrent active time: 0,000ms
[2021-04-30T09:35:21.785+0300][23,841s][info ][gc] GC(428) Concurrent Abortable Preclean 0,012ms
[2021-04-30T09:35:21.785+0300][23,841s][debug][gc] GC(428) YG occupancy: 25124 K (39296 K)
[2021-04-30T09:35:21.790+0300][23,847s][info ][gc] GC(428) Pause Remark 109M->109M(123M) 5,101ms
[2021-04-30T09:35:21.790+0300][23,847s][info ][gc] GC(428) Concurrent Sweep
[2021-04-30T09:35:21.802+0300][23,859s][debug][gc] GC(428) Concurrent active time: 0,012ms
[2021-04-30T09:35:21.802+0300][23,859s][info ][gc] GC(428) Concurrent Sweep 12,433ms
[2021-04-30T09:35:21.803+0300][23,859s][info ][gc] GC(428) Concurrent Reset
[2021-04-30T09:35:21.803+0300][23,859s][debug][gc] GC(428) Concurrent active time: 0,000ms
[2021-04-30T09:35:21.803+0300][23,859s][info ][gc] GC(428) Concurrent Reset 0,068ms
[2021-04-30T09:35:21.884+0300][23,940s][info ][gc] GC(430) Pause Full (Allocation Failure) 123M->89M(123M) 49,474ms
[2021-04-30T09:35:21.884+0300][23,940s][info ][gc] GC(429) Pause Young (Allocation Failure) 123M->89M(123M) 49,560ms
[2021-04-30T09:35:21.885+0300][23,941s][info ][gc] GC(431) Pause Initial Mark 90M->90M(123M) 0,883ms
[2021-04-30T09:35:21.885+0300][23,942s][info ][gc] GC(431) Concurrent Mark
[2021-04-30T09:35:21.912+0300][23,968s][debug][gc] GC(431) Concurrent active time: 0,027ms
[2021-04-30T09:35:21.912+0300][23,968s][info ][gc] GC(431) Concurrent Mark 26,858ms
[2021-04-30T09:35:21.912+0300][23,968s][info ][gc] GC(431) Concurrent Preclean
[2021-04-30T09:35:21.933+0300][23,990s][debug][gc] GC(431) Concurrent active time: 0,021ms
[2021-04-30T09:35:21.933+0300][23,990s][info ][gc] GC(431) Concurrent Preclean 21,319ms
[2021-04-30T09:35:21.933+0300][23,990s][info ][gc] GC(431) Concurrent Abortable Preclean
[2021-04-30T09:35:21.933+0300][23,990s][debug][gc] GC(431) Concurrent active time: 0,000ms
[2021-04-30T09:35:21.933+0300][23,990s][info ][gc] GC(431) Concurrent Abortable Preclean 0,013ms
[2021-04-30T09:35:21.933+0300][23,990s][debug][gc] GC(431) YG occupancy: 34204 K (39296 K)
[2021-04-30T09:35:21.941+0300][23,997s][info ][gc] GC(431) Pause Remark 118M->118M(123M) 7,359ms
[2021-04-30T09:35:21.941+0300][23,997s][info ][gc] GC(431) Concurrent Sweep
[2021-04-30T09:35:21.952+0300][24,009s][debug][gc] GC(431) Concurrent active time: 0,012ms
[2021-04-30T09:35:21.952+0300][24,009s][info ][gc] GC(431) Concurrent Sweep 11,703ms
[2021-04-30T09:35:21.953+0300][24,009s][info ][gc] GC(431) Concurrent Reset
[2021-04-30T09:35:21.953+0300][24,009s][debug][gc] GC(431) Concurrent active time: 0,000ms
[2021-04-30T09:35:21.953+0300][24,009s][info ][gc] GC(431) Concurrent Reset 0,066ms
[2021-04-30T09:35:22.027+0300][24,083s][info ][gc] GC(433) Pause Full (Allocation Failure) 123M->90M(123M) 55,698ms
[2021-04-30T09:35:22.027+0300][24,083s][info ][gc] GC(432) Pause Young (Allocation Failure) 123M->90M(123M) 55,782ms
[2021-04-30T09:35:22.028+0300][24,084s][info ][gc] GC(434) Pause Initial Mark 91M->91M(123M) 0,845ms
[2021-04-30T09:35:22.028+0300][24,084s][info ][gc] GC(434) Concurrent Mark
[2021-04-30T09:35:22.049+0300][24,106s][debug][gc] GC(434) Concurrent active time: 0,021ms
[2021-04-30T09:35:22.049+0300][24,106s][info ][gc] GC(434) Concurrent Mark 21,403ms
[2021-04-30T09:35:22.049+0300][24,106s][info ][gc] GC(434) Concurrent Preclean
[2021-04-30T09:35:22.065+0300][24,122s][debug][gc] GC(434) Concurrent active time: 0,016ms
[2021-04-30T09:35:22.065+0300][24,122s][info ][gc] GC(434) Concurrent Preclean 15,899ms
[2021-04-30T09:35:22.065+0300][24,122s][info ][gc] GC(434) Concurrent Abortable Preclean
[2021-04-30T09:35:22.065+0300][24,122s][debug][gc] GC(434) Concurrent active time: 0,000ms
[2021-04-30T09:35:22.065+0300][24,122s][info ][gc] GC(434) Concurrent Abortable Preclean 0,012ms
[2021-04-30T09:35:22.065+0300][24,122s][debug][gc] GC(434) YG occupancy: 30306 K (39296 K)
[2021-04-30T09:35:22.071+0300][24,127s][info ][gc] GC(434) Pause Remark 114M->114M(123M) 5,433ms
[2021-04-30T09:35:22.071+0300][24,127s][info ][gc] GC(434) Concurrent Sweep
[2021-04-30T09:35:22.083+0300][24,140s][debug][gc] GC(434) Concurrent active time: 0,012ms
[2021-04-30T09:35:22.083+0300][24,140s][info ][gc] GC(434) Concurrent Sweep 12,364ms
[2021-04-30T09:35:22.083+0300][24,140s][info ][gc] GC(434) Concurrent Reset
[2021-04-30T09:35:22.083+0300][24,140s][debug][gc] GC(434) Concurrent active time: 0,000ms
[2021-04-30T09:35:22.083+0300][24,140s][info ][gc] GC(434) Concurrent Reset 0,071ms
[2021-04-30T09:35:22.157+0300][24,213s][info ][gc] GC(436) Pause Full (Allocation Failure) 123M->91M(123M) 49,135ms
[2021-04-30T09:35:22.157+0300][24,213s][info ][gc] GC(435) Pause Young (Allocation Failure) 123M->91M(123M) 49,211ms
[2021-04-30T09:35:22.158+0300][24,215s][info ][gc] GC(437) Pause Initial Mark 91M->91M(123M) 0,967ms
[2021-04-30T09:35:22.158+0300][24,215s][info ][gc] GC(437) Concurrent Mark
[2021-04-30T09:35:22.186+0300][24,242s][debug][gc] GC(437) Concurrent active time: 0,028ms
[2021-04-30T09:35:22.186+0300][24,242s][info ][gc] GC(437) Concurrent Mark 27,711ms
[2021-04-30T09:35:22.186+0300][24,242s][info ][gc] GC(437) Concurrent Preclean
[2021-04-30T09:35:22.202+0300][24,258s][debug][gc] GC(437) Concurrent active time: 0,016ms
[2021-04-30T09:35:22.202+0300][24,258s][info ][gc] GC(437) Concurrent Preclean 15,932ms
[2021-04-30T09:35:22.202+0300][24,258s][info ][gc] GC(437) Concurrent Abortable Preclean
[2021-04-30T09:35:22.202+0300][24,258s][debug][gc] GC(437) Concurrent active time: 0,000ms
[2021-04-30T09:35:22.202+0300][24,258s][info ][gc] GC(437) Concurrent Abortable Preclean 0,012ms
[2021-04-30T09:35:22.202+0300][24,258s][debug][gc] GC(437) YG occupancy: 34793 K (39296 K)
[2021-04-30T09:35:22.208+0300][24,265s][info ][gc] GC(437) Pause Remark 119M->119M(123M) 6,359ms
[2021-04-30T09:35:22.208+0300][24,265s][info ][gc] GC(437) Concurrent Sweep
[2021-04-30T09:35:22.221+0300][24,278s][debug][gc] GC(437) Concurrent active time: 0,013ms
[2021-04-30T09:35:22.221+0300][24,278s][info ][gc] GC(437) Concurrent Sweep 12,867ms
[2021-04-30T09:35:22.221+0300][24,278s][info ][gc] GC(437) Concurrent Reset
[2021-04-30T09:35:22.221+0300][24,278s][debug][gc] GC(437) Concurrent active time: 0,000ms
[2021-04-30T09:35:22.221+0300][24,278s][info ][gc] GC(437) Concurrent Reset 0,085ms
[2021-04-30T09:35:22.285+0300][24,342s][info ][gc] GC(439) Pause Full (Allocation Failure) 123M->91M(123M) 48,151ms
[2021-04-30T09:35:22.285+0300][24,342s][info ][gc] GC(438) Pause Young (Allocation Failure) 123M->91M(123M) 48,223ms
[2021-04-30T09:35:22.287+0300][24,343s][info ][gc] GC(440) Pause Initial Mark 92M->92M(123M) 1,215ms
[2021-04-30T09:35:22.287+0300][24,343s][info ][gc] GC(440) Concurrent Mark
[2021-04-30T09:35:22.309+0300][24,366s][debug][gc] GC(440) Concurrent active time: 0,022ms
[2021-04-30T09:35:22.309+0300][24,366s][info ][gc] GC(440) Concurrent Mark 22,582ms
[2021-04-30T09:35:22.309+0300][24,366s][info ][gc] GC(440) Concurrent Preclean
[2021-04-30T09:35:22.326+0300][24,382s][debug][gc] GC(440) Concurrent active time: 0,016ms
[2021-04-30T09:35:22.326+0300][24,382s][info ][gc] GC(440) Concurrent Preclean 16,148ms
[2021-04-30T09:35:22.326+0300][24,382s][info ][gc] GC(440) Concurrent Abortable Preclean
[2021-04-30T09:35:22.326+0300][24,382s][debug][gc] GC(440) Concurrent active time: 0,000ms
[2021-04-30T09:35:22.326+0300][24,382s][info ][gc] GC(440) Concurrent Abortable Preclean 0,012ms
[2021-04-30T09:35:22.326+0300][24,382s][debug][gc] GC(440) YG occupancy: 32296 K (39296 K)
[2021-04-30T09:35:22.333+0300][24,390s][info ][gc] GC(440) Pause Remark 116M->116M(123M) 7,277ms
[2021-04-30T09:35:22.333+0300][24,390s][info ][gc] GC(440) Concurrent Sweep
[2021-04-30T09:35:22.345+0300][24,402s][debug][gc] GC(440) Concurrent active time: 0,012ms
[2021-04-30T09:35:22.345+0300][24,402s][info ][gc] GC(440) Concurrent Sweep 12,229ms
[2021-04-30T09:35:22.345+0300][24,402s][info ][gc] GC(440) Concurrent Reset
[2021-04-30T09:35:22.345+0300][24,402s][debug][gc] GC(440) Concurrent active time: 0,000ms
[2021-04-30T09:35:22.345+0300][24,402s][info ][gc] GC(440) Concurrent Reset 0,067ms
[2021-04-30T09:35:22.415+0300][24,471s][info ][gc] GC(442) Pause Full (Allocation Failure) 123M->92M(123M) 48,607ms
[2021-04-30T09:35:22.415+0300][24,471s][info ][gc] GC(441) Pause Young (Allocation Failure) 123M->92M(123M) 48,688ms
[2021-04-30T09:35:22.416+0300][24,473s][info ][gc] GC(443) Pause Initial Mark 92M->92M(123M) 1,232ms
[2021-04-30T09:35:22.416+0300][24,473s][info ][gc] GC(443) Concurrent Mark
[2021-04-30T09:35:22.439+0300][24,495s][debug][gc] GC(443) Concurrent active time: 0,023ms
[2021-04-30T09:35:22.439+0300][24,495s][info ][gc] GC(443) Concurrent Mark 22,801ms
[2021-04-30T09:35:22.439+0300][24,495s][info ][gc] GC(443) Concurrent Preclean
[2021-04-30T09:35:22.458+0300][24,514s][debug][gc] GC(443) Concurrent active time: 0,019ms
[2021-04-30T09:35:22.458+0300][24,514s][info ][gc] GC(443) Concurrent Preclean 18,819ms
[2021-04-30T09:35:22.458+0300][24,514s][info ][gc] GC(443) Concurrent Abortable Preclean
[2021-04-30T09:35:22.458+0300][24,514s][debug][gc] GC(443) Concurrent active time: 0,000ms
[2021-04-30T09:35:22.458+0300][24,514s][info ][gc] GC(443) Concurrent Abortable Preclean 0,012ms
[2021-04-30T09:35:22.458+0300][24,514s][debug][gc] GC(443) YG occupancy: 34521 K (39296 K)
[2021-04-30T09:35:22.464+0300][24,521s][info ][gc] GC(443) Pause Remark 119M->119M(123M) 6,059ms
[2021-04-30T09:35:22.464+0300][24,521s][info ][gc] GC(443) Concurrent Sweep
[2021-04-30T09:35:22.475+0300][24,532s][debug][gc] GC(443) Concurrent active time: 0,011ms
[2021-04-30T09:35:22.475+0300][24,532s][info ][gc] GC(443) Concurrent Sweep 11,296ms
[2021-04-30T09:35:22.475+0300][24,532s][info ][gc] GC(443) Concurrent Reset
[2021-04-30T09:35:22.475+0300][24,532s][debug][gc] GC(443) Concurrent active time: 0,000ms
[2021-04-30T09:35:22.475+0300][24,532s][info ][gc] GC(443) Concurrent Reset 0,093ms
[2021-04-30T09:35:22.541+0300][24,597s][info ][gc] GC(445) Pause Full (Allocation Failure) 123M->92M(123M) 47,576ms
[2021-04-30T09:35:22.541+0300][24,597s][info ][gc] GC(444) Pause Young (Allocation Failure) 123M->92M(123M) 47,648ms
[2021-04-30T09:35:22.542+0300][24,599s][info ][gc] GC(446) Pause Initial Mark 93M->93M(123M) 1,278ms
[2021-04-30T09:35:22.542+0300][24,599s][info ][gc] GC(446) Concurrent Mark
[2021-04-30T09:35:22.565+0300][24,622s][debug][gc] GC(446) Concurrent active time: 0,023ms
[2021-04-30T09:35:22.565+0300][24,622s][info ][gc] GC(446) Concurrent Mark 22,601ms
[2021-04-30T09:35:22.565+0300][24,622s][info ][gc] GC(446) Concurrent Preclean
[2021-04-30T09:35:22.581+0300][24,637s][debug][gc] GC(446) Concurrent active time: 0,016ms
[2021-04-30T09:35:22.581+0300][24,638s][info ][gc] GC(446) Concurrent Preclean 15,865ms
[2021-04-30T09:35:22.581+0300][24,638s][info ][gc] GC(446) Concurrent Abortable Preclean
[2021-04-30T09:35:22.581+0300][24,638s][debug][gc] GC(446) Concurrent active time: 0,000ms
[2021-04-30T09:35:22.581+0300][24,638s][info ][gc] GC(446) Concurrent Abortable Preclean 0,014ms
[2021-04-30T09:35:22.581+0300][24,638s][debug][gc] GC(446) YG occupancy: 32668 K (39296 K)
[2021-04-30T09:35:22.587+0300][24,644s][info ][gc] GC(446) Pause Remark 117M->117M(123M) 6,106ms
[2021-04-30T09:35:22.587+0300][24,644s][info ][gc] GC(446) Concurrent Sweep
[2021-04-30T09:35:22.598+0300][24,655s][debug][gc] GC(446) Concurrent active time: 0,011ms
[2021-04-30T09:35:22.598+0300][24,655s][info ][gc] GC(446) Concurrent Sweep 10,963ms
[2021-04-30T09:35:22.598+0300][24,655s][info ][gc] GC(446) Concurrent Reset
[2021-04-30T09:35:22.598+0300][24,655s][debug][gc] GC(446) Concurrent active time: 0,000ms
[2021-04-30T09:35:22.598+0300][24,655s][info ][gc] GC(446) Concurrent Reset 0,066ms
[2021-04-30T09:35:22.669+0300][24,726s][info ][gc] GC(448) Pause Full (Allocation Failure) 123M->93M(123M) 51,093ms
[2021-04-30T09:35:22.669+0300][24,726s][info ][gc] GC(447) Pause Young (Allocation Failure) 123M->93M(123M) 51,184ms
[2021-04-30T09:35:22.671+0300][24,727s][info ][gc] GC(449) Pause Initial Mark 93M->93M(123M) 1,341ms
[2021-04-30T09:35:22.671+0300][24,727s][info ][gc] GC(449) Concurrent Mark
[2021-04-30T09:35:22.695+0300][24,752s][debug][gc] GC(449) Concurrent active time: 0,025ms
[2021-04-30T09:35:22.695+0300][24,752s][info ][gc] GC(449) Concurrent Mark 24,692ms
[2021-04-30T09:35:22.695+0300][24,752s][info ][gc] GC(449) Concurrent Preclean
[2021-04-30T09:35:22.712+0300][24,769s][debug][gc] GC(449) Concurrent active time: 0,017ms
[2021-04-30T09:35:22.712+0300][24,769s][info ][gc] GC(449) Concurrent Preclean 16,638ms
[2021-04-30T09:35:22.712+0300][24,769s][info ][gc] GC(449) Concurrent Abortable Preclean
[2021-04-30T09:35:22.712+0300][24,769s][debug][gc] GC(449) Concurrent active time: 0,000ms
[2021-04-30T09:35:22.712+0300][24,769s][info ][gc] GC(449) Concurrent Abortable Preclean 0,012ms
[2021-04-30T09:35:22.712+0300][24,769s][debug][gc] GC(449) YG occupancy: 34125 K (39296 K)
[2021-04-30T09:35:22.718+0300][24,775s][info ][gc] GC(449) Pause Remark 118M->118M(123M) 5,836ms
[2021-04-30T09:35:22.718+0300][24,775s][info ][gc] GC(449) Concurrent Sweep
[2021-04-30T09:35:22.729+0300][24,786s][debug][gc] GC(449) Concurrent active time: 0,011ms
[2021-04-30T09:35:22.729+0300][24,786s][info ][gc] GC(449) Concurrent Sweep 11,407ms
[2021-04-30T09:35:22.729+0300][24,786s][info ][gc] GC(449) Concurrent Reset
[2021-04-30T09:35:22.730+0300][24,786s][debug][gc] GC(449) Concurrent active time: 0,000ms
[2021-04-30T09:35:22.730+0300][24,786s][info ][gc] GC(449) Concurrent Reset 0,066ms
[2021-04-30T09:35:22.796+0300][24,852s][info ][gc] GC(451) Pause Full (Allocation Failure) 123M->93M(123M) 47,808ms
[2021-04-30T09:35:22.796+0300][24,852s][info ][gc] GC(450) Pause Young (Allocation Failure) 123M->93M(123M) 47,883ms
[2021-04-30T09:35:22.797+0300][24,854s][info ][gc] GC(452) Pause Initial Mark 94M->94M(123M) 1,323ms
[2021-04-30T09:35:22.797+0300][24,854s][info ][gc] GC(452) Concurrent Mark
[2021-04-30T09:35:22.818+0300][24,875s][debug][gc] GC(452) Concurrent active time: 0,021ms
[2021-04-30T09:35:22.818+0300][24,875s][info ][gc] GC(452) Concurrent Mark 20,948ms
[2021-04-30T09:35:22.818+0300][24,875s][info ][gc] GC(452) Concurrent Preclean
[2021-04-30T09:35:22.834+0300][24,890s][debug][gc] GC(452) Concurrent active time: 0,016ms
[2021-04-30T09:35:22.834+0300][24,890s][info ][gc] GC(452) Concurrent Preclean 15,768ms
[2021-04-30T09:35:22.834+0300][24,891s][info ][gc] GC(452) Concurrent Abortable Preclean
[2021-04-30T09:35:22.834+0300][24,891s][debug][gc] GC(452) Concurrent active time: 0,000ms
[2021-04-30T09:35:22.834+0300][24,891s][info ][gc] GC(452) Concurrent Abortable Preclean 0,012ms
[2021-04-30T09:35:22.834+0300][24,891s][debug][gc] GC(452) YG occupancy: 25885 K (39296 K)
[2021-04-30T09:35:22.839+0300][24,896s][info ][gc] GC(452) Pause Remark 110M->110M(123M) 4,946ms
[2021-04-30T09:35:22.839+0300][24,896s][info ][gc] GC(452) Concurrent Sweep
[2021-04-30T09:35:22.851+0300][24,908s][debug][gc] GC(452) Concurrent active time: 0,012ms
[2021-04-30T09:35:22.851+0300][24,908s][info ][gc] GC(452) Concurrent Sweep 12,038ms
[2021-04-30T09:35:22.851+0300][24,908s][info ][gc] GC(452) Concurrent Reset
[2021-04-30T09:35:22.851+0300][24,908s][debug][gc] GC(452) Concurrent active time: 0,000ms
[2021-04-30T09:35:22.851+0300][24,908s][info ][gc] GC(452) Concurrent Reset 0,085ms
[2021-04-30T09:35:22.956+0300][25,013s][info ][gc] GC(454) Pause Full (Allocation Failure) 123M->94M(123M) 62,828ms
[2021-04-30T09:35:22.956+0300][25,013s][info ][gc] GC(453) Pause Young (Allocation Failure) 123M->94M(123M) 62,916ms
[2021-04-30T09:35:22.958+0300][25,015s][info ][gc] GC(455) Pause Initial Mark 94M->94M(123M) 1,621ms
[2021-04-30T09:35:22.958+0300][25,015s][info ][gc] GC(455) Concurrent Mark
[2021-04-30T09:35:22.990+0300][25,046s][debug][gc] GC(455) Concurrent active time: 0,030ms
[2021-04-30T09:35:22.990+0300][25,046s][info ][gc] GC(455) Concurrent Mark 31,602ms
[2021-04-30T09:35:22.990+0300][25,046s][info ][gc] GC(455) Concurrent Preclean
[2021-04-30T09:35:23.006+0300][25,062s][debug][gc] GC(455) Concurrent active time: 0,016ms
[2021-04-30T09:35:23.006+0300][25,063s][info ][gc] GC(455) Concurrent Preclean 16,125ms
[2021-04-30T09:35:23.006+0300][25,063s][info ][gc] GC(455) Concurrent Abortable Preclean
[2021-04-30T09:35:23.006+0300][25,063s][debug][gc] GC(455) Concurrent active time: 0,000ms
[2021-04-30T09:35:23.006+0300][25,063s][info ][gc] GC(455) Concurrent Abortable Preclean 0,012ms
[2021-04-30T09:35:23.006+0300][25,063s][debug][gc] GC(455) YG occupancy: 35036 K (39296 K)
[2021-04-30T09:35:23.012+0300][25,069s][info ][gc] GC(455) Pause Remark 119M->119M(123M) 6,303ms
[2021-04-30T09:35:23.012+0300][25,069s][info ][gc] GC(455) Concurrent Sweep
[2021-04-30T09:35:23.023+0300][25,080s][debug][gc] GC(455) Concurrent active time: 0,011ms
[2021-04-30T09:35:23.023+0300][25,080s][info ][gc] GC(455) Concurrent Sweep 11,055ms
[2021-04-30T09:35:23.023+0300][25,080s][info ][gc] GC(455) Concurrent Reset
[2021-04-30T09:35:23.024+0300][25,080s][debug][gc] GC(455) Concurrent active time: 0,000ms
[2021-04-30T09:35:23.024+0300][25,080s][info ][gc] GC(455) Concurrent Reset 0,071ms
[2021-04-30T09:35:23.091+0300][25,148s][info ][gc] GC(457) Pause Full (Allocation Failure) 123M->94M(123M) 50,256ms
[2021-04-30T09:35:23.091+0300][25,148s][info ][gc] GC(456) Pause Young (Allocation Failure) 123M->94M(123M) 50,332ms
[2021-04-30T09:35:23.093+0300][25,149s][info ][gc] GC(458) Pause Initial Mark 95M->95M(123M) 1,628ms
[2021-04-30T09:35:23.093+0300][25,150s][info ][gc] GC(458) Concurrent Mark
[2021-04-30T09:35:23.114+0300][25,171s][debug][gc] GC(458) Concurrent active time: 0,021ms
[2021-04-30T09:35:23.114+0300][25,171s][info ][gc] GC(458) Concurrent Mark 21,304ms
[2021-04-30T09:35:23.114+0300][25,171s][info ][gc] GC(458) Concurrent Preclean
[2021-04-30T09:35:23.130+0300][25,186s][debug][gc] GC(458) Concurrent active time: 0,016ms
[2021-04-30T09:35:23.130+0300][25,186s][info ][gc] GC(458) Concurrent Preclean 15,613ms
[2021-04-30T09:35:23.130+0300][25,187s][info ][gc] GC(458) Concurrent Abortable Preclean
[2021-04-30T09:35:23.130+0300][25,187s][debug][gc] GC(458) Concurrent active time: 0,000ms
[2021-04-30T09:35:23.130+0300][25,187s][info ][gc] GC(458) Concurrent Abortable Preclean 0,012ms
[2021-04-30T09:35:23.130+0300][25,187s][debug][gc] GC(458) YG occupancy: 34383 K (39296 K)
[2021-04-30T09:35:23.136+0300][25,193s][info ][gc] GC(458) Pause Remark 118M->118M(123M) 6,009ms
[2021-04-30T09:35:23.136+0300][25,193s][info ][gc] GC(458) Concurrent Sweep
[2021-04-30T09:35:23.152+0300][25,208s][debug][gc] GC(458) Concurrent active time: 0,015ms
[2021-04-30T09:35:23.152+0300][25,208s][info ][gc] GC(458) Concurrent Sweep 15,372ms
[2021-04-30T09:35:23.152+0300][25,208s][info ][gc] GC(458) Concurrent Reset
[2021-04-30T09:35:23.152+0300][25,208s][debug][gc] GC(458) Concurrent active time: 0,000ms
[2021-04-30T09:35:23.152+0300][25,208s][info ][gc] GC(458) Concurrent Reset 0,066ms
[2021-04-30T09:35:23.215+0300][25,272s][info ][gc] GC(460) Pause Full (Allocation Failure) 123M->94M(123M) 49,928ms
[2021-04-30T09:35:23.215+0300][25,272s][info ][gc] GC(459) Pause Young (Allocation Failure) 123M->94M(123M) 50,002ms
[2021-04-30T09:35:23.217+0300][25,274s][info ][gc] GC(461) Pause Initial Mark 95M->95M(123M) 1,706ms
[2021-04-30T09:35:23.217+0300][25,274s][info ][gc] GC(461) Concurrent Mark
[2021-04-30T09:35:23.244+0300][25,300s][debug][gc] GC(461) Concurrent active time: 0,027ms
[2021-04-30T09:35:23.244+0300][25,300s][info ][gc] GC(461) Concurrent Mark 26,620ms
[2021-04-30T09:35:23.244+0300][25,300s][info ][gc] GC(461) Concurrent Preclean
[2021-04-30T09:35:23.262+0300][25,319s][debug][gc] GC(461) Concurrent active time: 0,018ms
[2021-04-30T09:35:23.262+0300][25,319s][info ][gc] GC(461) Concurrent Preclean 18,494ms
[2021-04-30T09:35:23.262+0300][25,319s][info ][gc] GC(461) Concurrent Abortable Preclean
[2021-04-30T09:35:23.262+0300][25,319s][debug][gc] GC(461) Concurrent active time: 0,000ms
[2021-04-30T09:35:23.262+0300][25,319s][info ][gc] GC(461) Concurrent Abortable Preclean 0,032ms
[2021-04-30T09:35:23.262+0300][25,319s][debug][gc] GC(461) YG occupancy: 33868 K (39296 K)
[2021-04-30T09:35:23.268+0300][25,325s][info ][gc] GC(461) Pause Remark 118M->118M(123M) 5,917ms
[2021-04-30T09:35:23.268+0300][25,325s][info ][gc] GC(461) Concurrent Sweep
[2021-04-30T09:35:23.280+0300][25,337s][debug][gc] GC(461) Concurrent active time: 0,012ms
[2021-04-30T09:35:23.280+0300][25,337s][info ][gc] GC(461) Concurrent Sweep 11,938ms
[2021-04-30T09:35:23.280+0300][25,337s][info ][gc] GC(461) Concurrent Reset
[2021-04-30T09:35:23.281+0300][25,337s][debug][gc] GC(461) Concurrent active time: 0,000ms
[2021-04-30T09:35:23.281+0300][25,337s][info ][gc] GC(461) Concurrent Reset 0,067ms
[2021-04-30T09:35:23.346+0300][25,402s][info ][gc] GC(463) Pause Full (Allocation Failure) 123M->95M(123M) 48,769ms
[2021-04-30T09:35:23.346+0300][25,403s][info ][gc] GC(462) Pause Young (Allocation Failure) 123M->95M(123M) 48,845ms
[2021-04-30T09:35:23.348+0300][25,404s][info ][gc] GC(464) Pause Initial Mark 96M->96M(123M) 1,711ms
[2021-04-30T09:35:23.348+0300][25,405s][info ][gc] GC(464) Concurrent Mark
[2021-04-30T09:35:23.372+0300][25,429s][debug][gc] GC(464) Concurrent active time: 0,024ms
[2021-04-30T09:35:23.372+0300][25,429s][info ][gc] GC(464) Concurrent Mark 24,366ms
[2021-04-30T09:35:23.372+0300][25,429s][info ][gc] GC(464) Concurrent Preclean
[2021-04-30T09:35:23.388+0300][25,445s][debug][gc] GC(464) Concurrent active time: 0,016ms
[2021-04-30T09:35:23.388+0300][25,445s][info ][gc] GC(464) Concurrent Preclean 15,639ms
[2021-04-30T09:35:23.388+0300][25,445s][info ][gc] GC(464) Concurrent Abortable Preclean
[2021-04-30T09:35:23.388+0300][25,445s][debug][gc] GC(464) Concurrent active time: 0,000ms
[2021-04-30T09:35:23.388+0300][25,445s][info ][gc] GC(464) Concurrent Abortable Preclean 0,012ms
[2021-04-30T09:35:23.388+0300][25,445s][debug][gc] GC(464) YG occupancy: 32154 K (39296 K)
[2021-04-30T09:35:23.394+0300][25,450s][info ][gc] GC(464) Pause Remark 116M->116M(123M) 5,771ms
[2021-04-30T09:35:23.394+0300][25,451s][info ][gc] GC(464) Concurrent Sweep
[2021-04-30T09:35:23.405+0300][25,462s][debug][gc] GC(464) Concurrent active time: 0,011ms
[2021-04-30T09:35:23.405+0300][25,462s][info ][gc] GC(464) Concurrent Sweep 11,349ms
[2021-04-30T09:35:23.405+0300][25,462s][info ][gc] GC(464) Concurrent Reset
[2021-04-30T09:35:23.405+0300][25,462s][debug][gc] GC(464) Concurrent active time: 0,000ms
[2021-04-30T09:35:23.405+0300][25,462s][info ][gc] GC(464) Concurrent Reset 0,066ms
[2021-04-30T09:35:23.475+0300][25,532s][info ][gc] GC(466) Pause Full (Allocation Failure) 123M->95M(123M) 48,218ms
[2021-04-30T09:35:23.475+0300][25,532s][info ][gc] GC(465) Pause Young (Allocation Failure) 123M->95M(123M) 48,293ms
[2021-04-30T09:35:23.478+0300][25,534s][info ][gc] GC(467) Pause Initial Mark 96M->96M(123M) 1,783ms
[2021-04-30T09:35:23.478+0300][25,534s][info ][gc] GC(467) Concurrent Mark
[2021-04-30T09:35:23.498+0300][25,555s][debug][gc] GC(467) Concurrent active time: 0,021ms
[2021-04-30T09:35:23.499+0300][25,555s][info ][gc] GC(467) Concurrent Mark 20,881ms
[2021-04-30T09:35:23.499+0300][25,555s][info ][gc] GC(467) Concurrent Preclean
[2021-04-30T09:35:23.528+0300][25,585s][debug][gc] GC(467) Concurrent active time: 0,030ms
[2021-04-30T09:35:23.528+0300][25,585s][info ][gc] GC(467) Concurrent Preclean 29,658ms
[2021-04-30T09:35:23.528+0300][25,585s][info ][gc] GC(467) Concurrent Abortable Preclean
[2021-04-30T09:35:23.528+0300][25,585s][debug][gc] GC(467) Concurrent active time: 0,000ms
[2021-04-30T09:35:23.528+0300][25,585s][info ][gc] GC(467) Concurrent Abortable Preclean 0,020ms
[2021-04-30T09:35:23.528+0300][25,585s][debug][gc] GC(467) YG occupancy: 33466 K (39296 K)
[2021-04-30T09:35:23.535+0300][25,591s][info ][gc] GC(467) Pause Remark 118M->118M(123M) 6,411ms
[2021-04-30T09:35:23.535+0300][25,591s][info ][gc] GC(467) Concurrent Sweep
[2021-04-30T09:35:23.547+0300][25,603s][debug][gc] GC(467) Concurrent active time: 0,012ms
[2021-04-30T09:35:23.547+0300][25,603s][info ][gc] GC(467) Concurrent Sweep 11,904ms
[2021-04-30T09:35:23.547+0300][25,603s][info ][gc] GC(467) Concurrent Reset
[2021-04-30T09:35:23.547+0300][25,603s][debug][gc] GC(467) Concurrent active time: 0,000ms
[2021-04-30T09:35:23.547+0300][25,603s][info ][gc] GC(467) Concurrent Reset 0,067ms
[2021-04-30T09:35:23.617+0300][25,673s][info ][gc] GC(469) Pause Full (Allocation Failure) 123M->96M(123M) 49,109ms
[2021-04-30T09:35:23.617+0300][25,673s][info ][gc] GC(468) Pause Young (Allocation Failure) 123M->96M(123M) 49,187ms
[2021-04-30T09:35:23.619+0300][25,675s][info ][gc] GC(470) Pause Initial Mark 96M->96M(123M) 1,829ms
[2021-04-30T09:35:23.619+0300][25,675s][info ][gc] GC(470) Concurrent Mark
[2021-04-30T09:35:23.640+0300][25,697s][debug][gc] GC(470) Concurrent active time: 0,021ms
[2021-04-30T09:35:23.640+0300][25,697s][info ][gc] GC(470) Concurrent Mark 21,197ms
[2021-04-30T09:35:23.640+0300][25,697s][info ][gc] GC(470) Concurrent Preclean
[2021-04-30T09:35:23.656+0300][25,712s][debug][gc] GC(470) Concurrent active time: 0,015ms
[2021-04-30T09:35:23.656+0300][25,712s][info ][gc] GC(470) Concurrent Preclean 15,516ms
[2021-04-30T09:35:23.656+0300][25,712s][info ][gc] GC(470) Concurrent Abortable Preclean
[2021-04-30T09:35:23.656+0300][25,712s][debug][gc] GC(470) Concurrent active time: 0,000ms
[2021-04-30T09:35:23.656+0300][25,712s][info ][gc] GC(470) Concurrent Abortable Preclean 0,012ms
[2021-04-30T09:35:23.656+0300][25,712s][debug][gc] GC(470) YG occupancy: 35120 K (39296 K)
[2021-04-30T09:35:23.662+0300][25,718s][info ][gc] GC(470) Pause Remark 119M->119M(123M) 6,058ms
[2021-04-30T09:35:23.662+0300][25,718s][info ][gc] GC(470) Concurrent Sweep
[2021-04-30T09:35:23.673+0300][25,729s][debug][gc] GC(470) Concurrent active time: 0,011ms
[2021-04-30T09:35:23.673+0300][25,729s][info ][gc] GC(470) Concurrent Sweep 10,790ms
[2021-04-30T09:35:23.673+0300][25,729s][info ][gc] GC(470) Concurrent Reset
[2021-04-30T09:35:23.673+0300][25,729s][debug][gc] GC(470) Concurrent active time: 0,000ms
[2021-04-30T09:35:23.673+0300][25,729s][info ][gc] GC(470) Concurrent Reset 0,066ms
[2021-04-30T09:35:23.738+0300][25,794s][info ][gc] GC(472) Pause Full (Allocation Failure) 123M->96M(123M) 48,712ms
[2021-04-30T09:35:23.738+0300][25,794s][info ][gc] GC(471) Pause Young (Allocation Failure) 123M->96M(123M) 48,787ms
[2021-04-30T09:35:23.740+0300][25,796s][info ][gc] GC(473) Pause Initial Mark 97M->97M(123M) 1,882ms
[2021-04-30T09:35:23.740+0300][25,796s][info ][gc] GC(473) Concurrent Mark
[2021-04-30T09:35:23.762+0300][25,819s][debug][gc] GC(473) Concurrent active time: 0,023ms
[2021-04-30T09:35:23.762+0300][25,819s][info ][gc] GC(473) Concurrent Mark 22,628ms
[2021-04-30T09:35:23.762+0300][25,819s][info ][gc] GC(473) Concurrent Preclean
[2021-04-30T09:35:23.778+0300][25,834s][debug][gc] GC(473) Concurrent active time: 0,015ms
[2021-04-30T09:35:23.778+0300][25,835s][info ][gc] GC(473) Concurrent Preclean 15,459ms
[2021-04-30T09:35:23.778+0300][25,835s][info ][gc] GC(473) Concurrent Abortable Preclean
[2021-04-30T09:35:23.778+0300][25,835s][debug][gc] GC(473) Concurrent active time: 0,000ms
[2021-04-30T09:35:23.778+0300][25,835s][info ][gc] GC(473) Concurrent Abortable Preclean 0,012ms
[2021-04-30T09:35:23.778+0300][25,835s][debug][gc] GC(473) YG occupancy: 35474 K (39296 K)
[2021-04-30T09:35:23.785+0300][25,841s][info ][gc] GC(473) Pause Remark 120M->120M(123M) 6,569ms
[2021-04-30T09:35:23.785+0300][25,841s][info ][gc] GC(473) Concurrent Sweep
[2021-04-30T09:35:23.797+0300][25,854s][debug][gc] GC(473) Concurrent active time: 0,012ms
[2021-04-30T09:35:23.797+0300][25,854s][info ][gc] GC(473) Concurrent Sweep 12,512ms
[2021-04-30T09:35:23.797+0300][25,854s][info ][gc] GC(473) Concurrent Reset
[2021-04-30T09:35:23.797+0300][25,854s][debug][gc] GC(473) Concurrent active time: 0,000ms
[2021-04-30T09:35:23.797+0300][25,854s][info ][gc] GC(473) Concurrent Reset 0,088ms
[2021-04-30T09:35:23.870+0300][25,927s][info ][gc] GC(475) Pause Full (Allocation Failure) 123M->97M(123M) 51,062ms
[2021-04-30T09:35:23.870+0300][25,927s][info ][gc] GC(474) Pause Young (Allocation Failure) 123M->97M(123M) 51,143ms
[2021-04-30T09:35:23.874+0300][25,930s][info ][gc] GC(476) Pause Initial Mark 97M->97M(123M) 3,148ms
[2021-04-30T09:35:23.874+0300][25,930s][info ][gc] GC(476) Concurrent Mark
[2021-04-30T09:35:23.897+0300][25,954s][debug][gc] GC(476) Concurrent active time: 0,023ms
[2021-04-30T09:35:23.897+0300][25,954s][info ][gc] GC(476) Concurrent Mark 23,399ms
[2021-04-30T09:35:23.897+0300][25,954s][info ][gc] GC(476) Concurrent Preclean
[2021-04-30T09:35:23.916+0300][25,972s][debug][gc] GC(476) Concurrent active time: 0,019ms
[2021-04-30T09:35:23.916+0300][25,972s][info ][gc] GC(476) Concurrent Preclean 18,889ms
[2021-04-30T09:35:23.916+0300][25,972s][info ][gc] GC(476) Concurrent Abortable Preclean
[2021-04-30T09:35:23.916+0300][25,972s][debug][gc] GC(476) Concurrent active time: 0,000ms
[2021-04-30T09:35:23.916+0300][25,972s][info ][gc] GC(476) Concurrent Abortable Preclean 0,012ms
[2021-04-30T09:35:23.916+0300][25,973s][debug][gc] GC(476) YG occupancy: 36001 K (39296 K)
[2021-04-30T09:35:23.922+0300][25,979s][info ][gc] GC(476) Pause Remark 120M->120M(123M) 6,206ms
[2021-04-30T09:35:23.922+0300][25,979s][info ][gc] GC(476) Concurrent Sweep
[2021-04-30T09:35:23.937+0300][25,993s][debug][gc] GC(476) Concurrent active time: 0,014ms
[2021-04-30T09:35:23.937+0300][25,994s][info ][gc] GC(476) Concurrent Sweep 14,630ms
[2021-04-30T09:35:23.938+0300][25,994s][info ][gc] GC(476) Concurrent Reset
[2021-04-30T09:35:23.938+0300][25,994s][debug][gc] GC(476) Concurrent active time: 0,000ms
[2021-04-30T09:35:23.938+0300][25,994s][info ][gc] GC(476) Concurrent Reset 0,105ms
[2021-04-30T09:35:24.003+0300][26,059s][info ][gc] GC(478) Pause Full (Allocation Failure) 123M->97M(123M) 56,592ms
[2021-04-30T09:35:24.003+0300][26,059s][info ][gc] GC(477) Pause Young (Allocation Failure) 123M->97M(123M) 56,696ms
[2021-04-30T09:35:24.005+0300][26,062s][info ][gc] GC(479) Pause Initial Mark 98M->98M(123M) 2,126ms
[2021-04-30T09:35:24.005+0300][26,062s][info ][gc] GC(479) Concurrent Mark
[2021-04-30T09:35:24.027+0300][26,083s][debug][gc] GC(479) Concurrent active time: 0,021ms
[2021-04-30T09:35:24.027+0300][26,083s][info ][gc] GC(479) Concurrent Mark 21,231ms
[2021-04-30T09:35:24.027+0300][26,083s][info ][gc] GC(479) Concurrent Preclean
[2021-04-30T09:35:24.042+0300][26,099s][debug][gc] GC(479) Concurrent active time: 0,016ms
[2021-04-30T09:35:24.042+0300][26,099s][info ][gc] GC(479) Concurrent Preclean 15,789ms
[2021-04-30T09:35:24.043+0300][26,099s][info ][gc] GC(479) Concurrent Abortable Preclean
[2021-04-30T09:35:24.043+0300][26,099s][debug][gc] GC(479) Concurrent active time: 0,000ms
[2021-04-30T09:35:24.043+0300][26,099s][info ][gc] GC(479) Concurrent Abortable Preclean 0,012ms
[2021-04-30T09:35:24.043+0300][26,099s][debug][gc] GC(479) YG occupancy: 35213 K (39296 K)
[2021-04-30T09:35:24.049+0300][26,105s][info ][gc] GC(479) Pause Remark 119M->119M(123M) 6,072ms
[2021-04-30T09:35:24.049+0300][26,105s][info ][gc] GC(479) Concurrent Sweep
[2021-04-30T09:35:24.060+0300][26,116s][debug][gc] GC(479) Concurrent active time: 0,011ms
[2021-04-30T09:35:24.060+0300][26,116s][info ][gc] GC(479) Concurrent Sweep 10,855ms
[2021-04-30T09:35:24.060+0300][26,116s][info ][gc] GC(479) Concurrent Reset
[2021-04-30T09:35:24.060+0300][26,116s][debug][gc] GC(479) Concurrent active time: 0,000ms
[2021-04-30T09:35:24.060+0300][26,116s][info ][gc] GC(479) Concurrent Reset 0,076ms
[2021-04-30T09:35:24.125+0300][26,182s][info ][gc] GC(481) Pause Full (Allocation Failure) 123M->98M(123M) 51,330ms
[2021-04-30T09:35:24.125+0300][26,182s][info ][gc] GC(480) Pause Young (Allocation Failure) 123M->98M(123M) 51,415ms
[2021-04-30T09:35:24.127+0300][26,184s][info ][gc] GC(482) Pause Initial Mark 98M->98M(123M) 2,168ms
[2021-04-30T09:35:24.128+0300][26,184s][info ][gc] GC(482) Concurrent Mark
[2021-04-30T09:35:24.151+0300][26,207s][debug][gc] GC(482) Concurrent active time: 0,023ms
[2021-04-30T09:35:24.151+0300][26,207s][info ][gc] GC(482) Concurrent Mark 23,173ms
[2021-04-30T09:35:24.151+0300][26,207s][info ][gc] GC(482) Concurrent Preclean
[2021-04-30T09:35:24.168+0300][26,224s][debug][gc] GC(482) Concurrent active time: 0,017ms
[2021-04-30T09:35:24.168+0300][26,224s][info ][gc] GC(482) Concurrent Preclean 17,211ms
[2021-04-30T09:35:24.168+0300][26,224s][info ][gc] GC(482) Concurrent Abortable Preclean
[2021-04-30T09:35:24.168+0300][26,224s][debug][gc] GC(482) Concurrent active time: 0,000ms
[2021-04-30T09:35:24.168+0300][26,224s][info ][gc] GC(482) Concurrent Abortable Preclean 0,012ms
[2021-04-30T09:35:24.168+0300][26,225s][debug][gc] GC(482) YG occupancy: 35495 K (39296 K)
[2021-04-30T09:35:24.174+0300][26,231s][info ][gc] GC(482) Pause Remark 120M->120M(123M) 6,014ms
[2021-04-30T09:35:24.174+0300][26,231s][info ][gc] GC(482) Concurrent Sweep
[2021-04-30T09:35:24.186+0300][26,243s][debug][gc] GC(482) Concurrent active time: 0,012ms
[2021-04-30T09:35:24.186+0300][26,243s][info ][gc] GC(482) Concurrent Sweep 11,870ms
[2021-04-30T09:35:24.186+0300][26,243s][info ][gc] GC(482) Concurrent Reset
[2021-04-30T09:35:24.186+0300][26,243s][debug][gc] GC(482) Concurrent active time: 0,000ms
[2021-04-30T09:35:24.186+0300][26,243s][info ][gc] GC(482) Concurrent Reset 0,078ms
[2021-04-30T09:35:24.247+0300][26,303s][info ][gc] GC(484) Pause Full (Allocation Failure) 123M->98M(123M) 49,208ms
[2021-04-30T09:35:24.247+0300][26,304s][info ][gc] GC(483) Pause Young (Allocation Failure) 123M->98M(123M) 49,279ms
[2021-04-30T09:35:24.250+0300][26,306s][info ][gc] GC(485) Pause Initial Mark 99M->99M(123M) 2,208ms
[2021-04-30T09:35:24.250+0300][26,306s][info ][gc] GC(485) Concurrent Mark
[2021-04-30T09:35:24.272+0300][26,329s][debug][gc] GC(485) Concurrent active time: 0,023ms
[2021-04-30T09:35:24.272+0300][26,329s][info ][gc] GC(485) Concurrent Mark 22,650ms
[2021-04-30T09:35:24.272+0300][26,329s][info ][gc] GC(485) Concurrent Preclean
[2021-04-30T09:35:24.288+0300][26,345s][debug][gc] GC(485) Concurrent active time: 0,016ms
[2021-04-30T09:35:24.288+0300][26,345s][info ][gc] GC(485) Concurrent Preclean 15,760ms
[2021-04-30T09:35:24.288+0300][26,345s][info ][gc] GC(485) Concurrent Abortable Preclean
[2021-04-30T09:35:24.288+0300][26,345s][debug][gc] GC(485) Concurrent active time: 0,000ms
[2021-04-30T09:35:24.288+0300][26,345s][info ][gc] GC(485) Concurrent Abortable Preclean 0,015ms
[2021-04-30T09:35:24.288+0300][26,345s][debug][gc] GC(485) YG occupancy: 35873 K (39296 K)
[2021-04-30T09:35:24.294+0300][26,351s][info ][gc] GC(485) Pause Remark 120M->120M(123M) 6,184ms
[2021-04-30T09:35:24.294+0300][26,351s][info ][gc] GC(485) Concurrent Sweep
[2021-04-30T09:35:24.306+0300][26,362s][debug][gc] GC(485) Concurrent active time: 0,011ms
[2021-04-30T09:35:24.306+0300][26,362s][info ][gc] GC(485) Concurrent Sweep 11,360ms
[2021-04-30T09:35:24.306+0300][26,362s][info ][gc] GC(485) Concurrent Reset
[2021-04-30T09:35:24.306+0300][26,363s][debug][gc] GC(485) Concurrent active time: 0,000ms
[2021-04-30T09:35:24.306+0300][26,363s][info ][gc] GC(485) Concurrent Reset 0,067ms
[2021-04-30T09:35:24.365+0300][26,421s][info ][gc] GC(487) Pause Full (Allocation Failure) 123M->98M(123M) 47,817ms
[2021-04-30T09:35:24.365+0300][26,421s][info ][gc] GC(486) Pause Young (Allocation Failure) 123M->98M(123M) 47,891ms
[2021-04-30T09:35:24.367+0300][26,424s][info ][gc] GC(488) Pause Initial Mark 99M->99M(123M) 2,400ms
[2021-04-30T09:35:24.371+0300][26,428s][info ][gc] GC(488) Concurrent Mark
[2021-04-30T09:35:24.394+0300][26,450s][debug][gc] GC(488) Concurrent active time: 0,022ms
[2021-04-30T09:35:24.394+0300][26,450s][info ][gc] GC(488) Concurrent Mark 22,142ms
[2021-04-30T09:35:24.394+0300][26,450s][info ][gc] GC(488) Concurrent Preclean
[2021-04-30T09:35:24.410+0300][26,466s][debug][gc] GC(488) Concurrent active time: 0,016ms
[2021-04-30T09:35:24.410+0300][26,466s][info ][gc] GC(488) Concurrent Preclean 16,185ms
[2021-04-30T09:35:24.410+0300][26,466s][info ][gc] GC(488) Concurrent Abortable Preclean
[2021-04-30T09:35:24.410+0300][26,466s][debug][gc] GC(488) Concurrent active time: 0,000ms
[2021-04-30T09:35:24.410+0300][26,466s][info ][gc] GC(488) Concurrent Abortable Preclean 0,012ms
[2021-04-30T09:35:24.410+0300][26,467s][debug][gc] GC(488) YG occupancy: 34622 K (39296 K)
[2021-04-30T09:35:24.419+0300][26,475s][info ][gc] GC(488) Pause Remark 119M->119M(123M) 8,838ms
[2021-04-30T09:35:24.419+0300][26,475s][info ][gc] GC(488) Concurrent Sweep
[2021-04-30T09:35:24.431+0300][26,487s][debug][gc] GC(488) Concurrent active time: 0,012ms
[2021-04-30T09:35:24.431+0300][26,488s][info ][gc] GC(488) Concurrent Sweep 12,028ms
[2021-04-30T09:35:24.431+0300][26,488s][info ][gc] GC(488) Concurrent Reset
[2021-04-30T09:35:24.431+0300][26,488s][debug][gc] GC(488) Concurrent active time: 0,000ms
[2021-04-30T09:35:24.431+0300][26,488s][info ][gc] GC(488) Concurrent Reset 0,068ms
[2021-04-30T09:35:24.503+0300][26,560s][info ][gc] GC(490) Pause Full (Allocation Failure) 123M->99M(123M) 56,265ms
[2021-04-30T09:35:24.503+0300][26,560s][info ][gc] GC(489) Pause Young (Allocation Failure) 123M->99M(123M) 56,355ms
[2021-04-30T09:35:24.506+0300][26,562s][info ][gc] GC(491) Pause Initial Mark 99M->99M(123M) 2,443ms
[2021-04-30T09:35:24.506+0300][26,562s][info ][gc] GC(491) Concurrent Mark
[2021-04-30T09:35:24.526+0300][26,583s][debug][gc] GC(491) Concurrent active time: 0,020ms
[2021-04-30T09:35:24.526+0300][26,583s][info ][gc] GC(491) Concurrent Mark 20,354ms
[2021-04-30T09:35:24.526+0300][26,583s][info ][gc] GC(491) Concurrent Preclean
[2021-04-30T09:35:24.542+0300][26,598s][debug][gc] GC(491) Concurrent active time: 0,015ms
[2021-04-30T09:35:24.542+0300][26,598s][info ][gc] GC(491) Concurrent Preclean 15,505ms
[2021-04-30T09:35:24.542+0300][26,598s][info ][gc] GC(491) Concurrent Abortable Preclean
[2021-04-30T09:35:24.542+0300][26,598s][debug][gc] GC(491) Concurrent active time: 0,000ms
[2021-04-30T09:35:24.542+0300][26,598s][info ][gc] GC(491) Concurrent Abortable Preclean 0,012ms
[2021-04-30T09:35:24.542+0300][26,598s][debug][gc] GC(491) YG occupancy: 33132 K (39296 K)
[2021-04-30T09:35:24.549+0300][26,606s][info ][gc] GC(491) Pause Remark 117M->117M(123M) 7,354ms
[2021-04-30T09:35:24.549+0300][26,606s][info ][gc] GC(491) Concurrent Sweep
[2021-04-30T09:35:24.563+0300][26,620s][debug][gc] GC(491) Concurrent active time: 0,014ms
[2021-04-30T09:35:24.563+0300][26,620s][info ][gc] GC(491) Concurrent Sweep 14,057ms
[2021-04-30T09:35:24.563+0300][26,620s][info ][gc] GC(491) Concurrent Reset
[2021-04-30T09:35:24.564+0300][26,620s][debug][gc] GC(491) Concurrent active time: 0,000ms
[2021-04-30T09:35:24.564+0300][26,620s][info ][gc] GC(491) Concurrent Reset 0,087ms
[2021-04-30T09:35:24.628+0300][26,685s][info ][gc] GC(493) Pause Full (Allocation Failure) 123M->99M(123M) 48,080ms
[2021-04-30T09:35:24.628+0300][26,685s][info ][gc] GC(492) Pause Young (Allocation Failure) 123M->99M(123M) 48,151ms
[2021-04-30T09:35:24.631+0300][26,687s][info ][gc] GC(494) Pause Initial Mark 100M->100M(123M) 2,421ms
[2021-04-30T09:35:24.631+0300][26,688s][info ][gc] GC(494) Concurrent Mark
[2021-04-30T09:35:24.657+0300][26,714s][debug][gc] GC(494) Concurrent active time: 0,026ms
[2021-04-30T09:35:24.657+0300][26,714s][info ][gc] GC(494) Concurrent Mark 26,472ms
[2021-04-30T09:35:24.657+0300][26,714s][info ][gc] GC(494) Concurrent Preclean
[2021-04-30T09:35:24.673+0300][26,730s][debug][gc] GC(494) Concurrent active time: 0,016ms
[2021-04-30T09:35:24.673+0300][26,730s][info ][gc] GC(494) Concurrent Preclean 15,551ms
[2021-04-30T09:35:24.673+0300][26,730s][info ][gc] GC(494) Concurrent Abortable Preclean
[2021-04-30T09:35:24.673+0300][26,730s][debug][gc] GC(494) Concurrent active time: 0,000ms
[2021-04-30T09:35:24.673+0300][26,730s][info ][gc] GC(494) Concurrent Abortable Preclean 0,012ms
[2021-04-30T09:35:24.673+0300][26,730s][debug][gc] GC(494) YG occupancy: 35414 K (39296 K)
[2021-04-30T09:35:24.681+0300][26,738s][info ][gc] GC(494) Pause Remark 119M->119M(123M) 7,883ms
[2021-04-30T09:35:24.681+0300][26,738s][info ][gc] GC(494) Concurrent Sweep
[2021-04-30T09:35:24.694+0300][26,750s][debug][gc] GC(494) Concurrent active time: 0,012ms
[2021-04-30T09:35:24.694+0300][26,750s][info ][gc] GC(494) Concurrent Sweep 12,544ms
[2021-04-30T09:35:24.694+0300][26,750s][info ][gc] GC(494) Concurrent Reset
[2021-04-30T09:35:24.694+0300][26,750s][debug][gc] GC(494) Concurrent active time: 0,000ms
[2021-04-30T09:35:24.694+0300][26,750s][info ][gc] GC(494) Concurrent Reset 0,088ms
[2021-04-30T09:35:24.761+0300][26,818s][info ][gc] GC(496) Pause Full (Allocation Failure) 123M->100M(123M) 54,459ms
[2021-04-30T09:35:24.761+0300][26,818s][info ][gc] GC(495) Pause Young (Allocation Failure) 123M->100M(123M) 54,547ms
[2021-04-30T09:35:24.764+0300][26,821s][info ][gc] GC(497) Pause Initial Mark 100M->100M(123M) 3,015ms
[2021-04-30T09:35:24.765+0300][26,821s][info ][gc] GC(497) Concurrent Mark
[2021-04-30T09:35:24.790+0300][26,847s][debug][gc] GC(497) Concurrent active time: 0,026ms
[2021-04-30T09:35:24.790+0300][26,847s][info ][gc] GC(497) Concurrent Mark 25,734ms
[2021-04-30T09:35:24.790+0300][26,847s][info ][gc] GC(497) Concurrent Preclean
[2021-04-30T09:35:24.818+0300][26,875s][debug][gc] GC(497) Concurrent active time: 0,028ms
[2021-04-30T09:35:24.818+0300][26,875s][info ][gc] GC(497) Concurrent Preclean 28,144ms
[2021-04-30T09:35:24.818+0300][26,875s][info ][gc] GC(497) Concurrent Abortable Preclean
[2021-04-30T09:35:24.818+0300][26,875s][debug][gc] GC(497) Concurrent active time: 0,000ms
[2021-04-30T09:35:24.818+0300][26,875s][info ][gc] GC(497) Concurrent Abortable Preclean 0,019ms
[2021-04-30T09:35:24.819+0300][26,875s][debug][gc] GC(497) YG occupancy: 36875 K (39296 K)
[2021-04-30T09:35:24.826+0300][26,883s][info ][gc] GC(497) Pause Remark 121M->121M(123M) 7,688ms
[2021-04-30T09:35:24.826+0300][26,883s][info ][gc] GC(497) Concurrent Sweep
[2021-04-30T09:35:24.844+0300][26,900s][debug][gc] GC(497) Concurrent active time: 0,017ms
[2021-04-30T09:35:24.844+0300][26,900s][info ][gc] GC(497) Concurrent Sweep 17,292ms
[2021-04-30T09:35:24.844+0300][26,900s][info ][gc] GC(497) Concurrent Reset
[2021-04-30T09:35:24.844+0300][26,900s][debug][gc] GC(497) Concurrent active time: 0,000ms
[2021-04-30T09:35:24.844+0300][26,900s][info ][gc] GC(497) Concurrent Reset 0,082ms
[2021-04-30T09:35:24.901+0300][26,958s][info ][gc] GC(499) Pause Full (Allocation Failure) 123M->100M(123M) 53,994ms
[2021-04-30T09:35:24.901+0300][26,958s][info ][gc] GC(498) Pause Young (Allocation Failure) 123M->100M(123M) 54,065ms
[2021-04-30T09:35:24.904+0300][26,961s][info ][gc] GC(500) Pause Initial Mark 100M->100M(123M) 2,508ms
[2021-04-30T09:35:24.904+0300][26,961s][info ][gc] GC(500) Concurrent Mark
[2021-04-30T09:35:24.933+0300][26,990s][debug][gc] GC(500) Concurrent active time: 0,028ms
[2021-04-30T09:35:24.933+0300][26,990s][info ][gc] GC(500) Concurrent Mark 28,835ms
[2021-04-30T09:35:24.933+0300][26,990s][info ][gc] GC(500) Concurrent Preclean
[2021-04-30T09:35:24.951+0300][27,008s][debug][gc] GC(500) Concurrent active time: 0,018ms
[2021-04-30T09:35:24.951+0300][27,008s][info ][gc] GC(500) Concurrent Preclean 18,137ms
[2021-04-30T09:35:24.951+0300][27,008s][info ][gc] GC(500) Concurrent Abortable Preclean
[2021-04-30T09:35:24.951+0300][27,008s][debug][gc] GC(500) Concurrent active time: 0,000ms
[2021-04-30T09:35:24.951+0300][27,008s][info ][gc] GC(500) Concurrent Abortable Preclean 0,012ms
[2021-04-30T09:35:24.951+0300][27,008s][debug][gc] GC(500) YG occupancy: 35957 K (39296 K)
[2021-04-30T09:35:24.957+0300][27,014s][info ][gc] GC(500) Pause Remark 120M->120M(123M) 5,869ms
[2021-04-30T09:35:24.957+0300][27,014s][info ][gc] GC(500) Concurrent Sweep
[2021-04-30T09:35:24.969+0300][27,026s][debug][gc] GC(500) Concurrent active time: 0,012ms
[2021-04-30T09:35:24.969+0300][27,026s][info ][gc] GC(500) Concurrent Sweep 11,661ms
[2021-04-30T09:35:24.969+0300][27,026s][info ][gc] GC(500) Concurrent Reset
[2021-04-30T09:35:24.969+0300][27,026s][debug][gc] GC(500) Concurrent active time: 0,000ms
[2021-04-30T09:35:24.969+0300][27,026s][info ][gc] GC(500) Concurrent Reset 0,073ms
[2021-04-30T09:35:25.032+0300][27,089s][info ][gc] GC(502) Pause Full (Allocation Failure) 123M->100M(123M) 52,498ms
[2021-04-30T09:35:25.032+0300][27,089s][info ][gc] GC(501) Pause Young (Allocation Failure) 123M->100M(123M) 52,569ms
[2021-04-30T09:35:25.035+0300][27,091s][info ][gc] GC(503) Pause Initial Mark 101M->101M(123M) 2,467ms
[2021-04-30T09:35:25.035+0300][27,091s][info ][gc] GC(503) Concurrent Mark
[2021-04-30T09:35:25.063+0300][27,119s][debug][gc] GC(503) Concurrent active time: 0,028ms
[2021-04-30T09:35:25.063+0300][27,119s][info ][gc] GC(503) Concurrent Mark 28,139ms
[2021-04-30T09:35:25.063+0300][27,119s][info ][gc] GC(503) Concurrent Preclean
[2021-04-30T09:35:25.080+0300][27,136s][debug][gc] GC(503) Concurrent active time: 0,017ms
[2021-04-30T09:35:25.080+0300][27,136s][info ][gc] GC(503) Concurrent Preclean 16,777ms
[2021-04-30T09:35:25.080+0300][27,136s][info ][gc] GC(503) Concurrent Abortable Preclean
[2021-04-30T09:35:25.080+0300][27,136s][debug][gc] GC(503) Concurrent active time: 0,000ms
[2021-04-30T09:35:25.080+0300][27,136s][info ][gc] GC(503) Concurrent Abortable Preclean 0,012ms
[2021-04-30T09:35:25.080+0300][27,136s][debug][gc] GC(503) YG occupancy: 36918 K (39296 K)
[2021-04-30T09:35:25.086+0300][27,142s][info ][gc] GC(503) Pause Remark 121M->121M(123M) 6,194ms
[2021-04-30T09:35:25.086+0300][27,143s][info ][gc] GC(503) Concurrent Sweep
[2021-04-30T09:35:25.097+0300][27,154s][debug][gc] GC(503) Concurrent active time: 0,011ms
[2021-04-30T09:35:25.097+0300][27,154s][info ][gc] GC(503) Concurrent Sweep 11,323ms
[2021-04-30T09:35:25.097+0300][27,154s][info ][gc] GC(503) Concurrent Reset
[2021-04-30T09:35:25.097+0300][27,154s][debug][gc] GC(503) Concurrent active time: 0,000ms
[2021-04-30T09:35:25.097+0300][27,154s][info ][gc] GC(503) Concurrent Reset 0,088ms
[2021-04-30T09:35:25.150+0300][27,206s][info ][gc] GC(505) Pause Full (Allocation Failure) 123M->101M(123M) 47,957ms
[2021-04-30T09:35:25.150+0300][27,206s][info ][gc] GC(504) Pause Young (Allocation Failure) 123M->101M(123M) 48,027ms
[2021-04-30T09:35:25.153+0300][27,209s][info ][gc] GC(506) Pause Initial Mark 101M->101M(123M) 2,710ms
[2021-04-30T09:35:25.153+0300][27,209s][info ][gc] GC(506) Concurrent Mark
[2021-04-30T09:35:25.179+0300][27,236s][debug][gc] GC(506) Concurrent active time: 0,026ms
[2021-04-30T09:35:25.179+0300][27,236s][info ][gc] GC(506) Concurrent Mark 26,377ms
[2021-04-30T09:35:25.179+0300][27,236s][info ][gc] GC(506) Concurrent Preclean
[2021-04-30T09:35:25.194+0300][27,251s][debug][gc] GC(506) Concurrent active time: 0,015ms
[2021-04-30T09:35:25.194+0300][27,251s][info ][gc] GC(506) Concurrent Preclean 15,296ms
[2021-04-30T09:35:25.194+0300][27,251s][info ][gc] GC(506) Concurrent Abortable Preclean
[2021-04-30T09:35:25.194+0300][27,251s][debug][gc] GC(506) Concurrent active time: 0,000ms
[2021-04-30T09:35:25.194+0300][27,251s][info ][gc] GC(506) Concurrent Abortable Preclean 0,012ms
[2021-04-30T09:35:25.195+0300][27,251s][debug][gc] GC(506) YG occupancy: 36643 K (39296 K)
[2021-04-30T09:35:25.201+0300][27,257s][info ][gc] GC(506) Pause Remark 121M->121M(123M) 6,070ms
[2021-04-30T09:35:25.201+0300][27,257s][info ][gc] GC(506) Concurrent Sweep
[2021-04-30T09:35:25.212+0300][27,268s][debug][gc] GC(506) Concurrent active time: 0,011ms
[2021-04-30T09:35:25.212+0300][27,268s][info ][gc] GC(506) Concurrent Sweep 10,784ms
[2021-04-30T09:35:25.212+0300][27,268s][info ][gc] GC(506) Concurrent Reset
[2021-04-30T09:35:25.212+0300][27,268s][debug][gc] GC(506) Concurrent active time: 0,000ms
[2021-04-30T09:35:25.212+0300][27,268s][info ][gc] GC(506) Concurrent Reset 0,075ms
[2021-04-30T09:35:25.268+0300][27,325s][info ][gc] GC(508) Pause Full (Allocation Failure) 123M->101M(123M) 49,419ms
[2021-04-30T09:35:25.268+0300][27,325s][info ][gc] GC(507) Pause Young (Allocation Failure) 123M->101M(123M) 49,494ms
[2021-04-30T09:35:25.271+0300][27,328s][info ][gc] GC(509) Pause Initial Mark 102M->102M(123M) 2,746ms
[2021-04-30T09:35:25.271+0300][27,328s][info ][gc] GC(509) Concurrent Mark
[2021-04-30T09:35:25.298+0300][27,354s][debug][gc] GC(509) Concurrent active time: 0,027ms
[2021-04-30T09:35:25.298+0300][27,354s][info ][gc] GC(509) Concurrent Mark 26,591ms
[2021-04-30T09:35:25.298+0300][27,354s][info ][gc] GC(509) Concurrent Preclean
[2021-04-30T09:35:25.315+0300][27,371s][debug][gc] GC(509) Concurrent active time: 0,017ms
[2021-04-30T09:35:25.315+0300][27,371s][info ][gc] GC(509) Concurrent Preclean 16,768ms
[2021-04-30T09:35:25.315+0300][27,371s][info ][gc] GC(509) Concurrent Abortable Preclean
[2021-04-30T09:35:25.315+0300][27,371s][debug][gc] GC(509) Concurrent active time: 0,000ms
[2021-04-30T09:35:25.315+0300][27,371s][info ][gc] GC(509) Concurrent Abortable Preclean 0,012ms
[2021-04-30T09:35:25.315+0300][27,371s][debug][gc] GC(509) YG occupancy: 36962 K (39296 K)
[2021-04-30T09:35:25.322+0300][27,378s][info ][gc] GC(509) Pause Remark 121M->121M(123M) 6,961ms
[2021-04-30T09:35:25.322+0300][27,378s][info ][gc] GC(509) Concurrent Sweep
[2021-04-30T09:35:25.334+0300][27,390s][debug][gc] GC(509) Concurrent active time: 0,012ms
[2021-04-30T09:35:25.334+0300][27,390s][info ][gc] GC(509) Concurrent Sweep 11,969ms
[2021-04-30T09:35:25.334+0300][27,390s][info ][gc] GC(509) Concurrent Reset
[2021-04-30T09:35:25.334+0300][27,390s][debug][gc] GC(509) Concurrent active time: 0,000ms
[2021-04-30T09:35:25.334+0300][27,390s][info ][gc] GC(509) Concurrent Reset 0,067ms
[2021-04-30T09:35:25.392+0300][27,448s][info ][gc] GC(511) Pause Full (Allocation Failure) 123M->101M(123M) 51,545ms
[2021-04-30T09:35:25.392+0300][27,448s][info ][gc] GC(510) Pause Young (Allocation Failure) 123M->101M(123M) 51,620ms
[2021-04-30T09:35:25.395+0300][27,451s][info ][gc] GC(512) Pause Initial Mark 102M->102M(123M) 2,655ms
[2021-04-30T09:35:25.395+0300][27,451s][info ][gc] GC(512) Concurrent Mark
[2021-04-30T09:35:25.416+0300][27,473s][debug][gc] GC(512) Concurrent active time: 0,021ms
[2021-04-30T09:35:25.416+0300][27,473s][info ][gc] GC(512) Concurrent Mark 21,305ms
[2021-04-30T09:35:25.416+0300][27,473s][info ][gc] GC(512) Concurrent Preclean
[2021-04-30T09:35:25.432+0300][27,489s][debug][gc] GC(512) Concurrent active time: 0,016ms
[2021-04-30T09:35:25.432+0300][27,489s][info ][gc] GC(512) Concurrent Preclean 16,188ms
[2021-04-30T09:35:25.432+0300][27,489s][info ][gc] GC(512) Concurrent Abortable Preclean
[2021-04-30T09:35:25.432+0300][27,489s][debug][gc] GC(512) Concurrent active time: 0,000ms
[2021-04-30T09:35:25.432+0300][27,489s][info ][gc] GC(512) Concurrent Abortable Preclean 0,012ms
[2021-04-30T09:35:25.432+0300][27,489s][debug][gc] GC(512) YG occupancy: 36328 K (39296 K)
[2021-04-30T09:35:25.438+0300][27,495s][info ][gc] GC(512) Pause Remark 120M->120M(123M) 6,006ms
[2021-04-30T09:35:25.438+0300][27,495s][info ][gc] GC(512) Concurrent Sweep
[2021-04-30T09:35:25.449+0300][27,506s][debug][gc] GC(512) Concurrent active time: 0,011ms
[2021-04-30T09:35:25.449+0300][27,506s][info ][gc] GC(512) Concurrent Sweep 10,838ms
[2021-04-30T09:35:25.449+0300][27,506s][info ][gc] GC(512) Concurrent Reset
[2021-04-30T09:35:25.449+0300][27,506s][debug][gc] GC(512) Concurrent active time: 0,000ms
[2021-04-30T09:35:25.449+0300][27,506s][info ][gc] GC(512) Concurrent Reset 0,066ms
[2021-04-30T09:35:25.505+0300][27,561s][info ][gc] GC(514) Pause Full (Allocation Failure) 123M->102M(123M) 47,946ms
[2021-04-30T09:35:25.505+0300][27,561s][info ][gc] GC(513) Pause Young (Allocation Failure) 123M->102M(123M) 48,014ms
[2021-04-30T09:35:25.508+0300][27,565s][info ][gc] GC(515) Pause Initial Mark 102M->102M(123M) 2,869ms
[2021-04-30T09:35:25.508+0300][27,565s][info ][gc] GC(515) Concurrent Mark
[2021-04-30T09:35:25.534+0300][27,590s][debug][gc] GC(515) Concurrent active time: 0,026ms
[2021-04-30T09:35:25.534+0300][27,591s][info ][gc] GC(515) Concurrent Mark 25,883ms
[2021-04-30T09:35:25.534+0300][27,591s][info ][gc] GC(515) Concurrent Preclean
[2021-04-30T09:35:25.550+0300][27,606s][debug][gc] GC(515) Concurrent active time: 0,016ms
[2021-04-30T09:35:25.550+0300][27,606s][info ][gc] GC(515) Concurrent Preclean 15,814ms
[2021-04-30T09:35:25.550+0300][27,606s][info ][gc] GC(515) Concurrent Abortable Preclean
[2021-04-30T09:35:25.550+0300][27,606s][debug][gc] GC(515) Concurrent active time: 0,000ms
[2021-04-30T09:35:25.550+0300][27,606s][info ][gc] GC(515) Concurrent Abortable Preclean 0,012ms
[2021-04-30T09:35:25.550+0300][27,607s][debug][gc] GC(515) YG occupancy: 37166 K (39296 K)
[2021-04-30T09:35:25.557+0300][27,613s][info ][gc] GC(515) Pause Remark 121M->121M(123M) 6,576ms
[2021-04-30T09:35:25.557+0300][27,613s][info ][gc] GC(515) Concurrent Sweep
[2021-04-30T09:35:25.568+0300][27,624s][debug][gc] GC(515) Concurrent active time: 0,011ms
[2021-04-30T09:35:25.568+0300][27,624s][info ][gc] GC(515) Concurrent Sweep 11,003ms
[2021-04-30T09:35:25.568+0300][27,624s][info ][gc] GC(515) Concurrent Reset
[2021-04-30T09:35:25.568+0300][27,624s][debug][gc] GC(515) Concurrent active time: 0,000ms
[2021-04-30T09:35:25.568+0300][27,624s][info ][gc] GC(515) Concurrent Reset 0,066ms
[2021-04-30T09:35:25.621+0300][27,678s][info ][gc] GC(517) Pause Full (Allocation Failure) 123M->102M(123M) 51,430ms
[2021-04-30T09:35:25.621+0300][27,678s][info ][gc] GC(516) Pause Young (Allocation Failure) 123M->102M(123M) 51,507ms
[2021-04-30T09:35:25.625+0300][27,681s][info ][gc] GC(518) Pause Initial Mark 103M->103M(123M) 2,987ms
[2021-04-30T09:35:25.625+0300][27,681s][info ][gc] GC(518) Concurrent Mark
[2021-04-30T09:35:25.649+0300][27,705s][debug][gc] GC(518) Concurrent active time: 0,024ms
[2021-04-30T09:35:25.649+0300][27,705s][info ][gc] GC(518) Concurrent Mark 23,988ms
[2021-04-30T09:35:25.649+0300][27,705s][info ][gc] GC(518) Concurrent Preclean
[2021-04-30T09:35:25.664+0300][27,721s][debug][gc] GC(518) Concurrent active time: 0,015ms
[2021-04-30T09:35:25.664+0300][27,721s][info ][gc] GC(518) Concurrent Preclean 15,597ms
[2021-04-30T09:35:25.664+0300][27,721s][info ][gc] GC(518) Concurrent Abortable Preclean
[2021-04-30T09:35:25.664+0300][27,721s][debug][gc] GC(518) Concurrent active time: 0,000ms
[2021-04-30T09:35:25.664+0300][27,721s][info ][gc] GC(518) Concurrent Abortable Preclean 0,017ms
[2021-04-30T09:35:25.665+0300][27,721s][debug][gc] GC(518) YG occupancy: 36710 K (39296 K)
[2021-04-30T09:35:25.671+0300][27,728s][info ][gc] GC(518) Pause Remark 121M->121M(123M) 6,782ms
[2021-04-30T09:35:25.671+0300][27,728s][info ][gc] GC(518) Concurrent Sweep
[2021-04-30T09:35:25.685+0300][27,741s][debug][gc] GC(518) Concurrent active time: 0,013ms
[2021-04-30T09:35:25.685+0300][27,741s][info ][gc] GC(518) Concurrent Sweep 13,188ms
[2021-04-30T09:35:25.685+0300][27,741s][info ][gc] GC(518) Concurrent Reset
[2021-04-30T09:35:25.685+0300][27,741s][debug][gc] GC(518) Concurrent active time: 0,000ms
[2021-04-30T09:35:25.685+0300][27,741s][info ][gc] GC(518) Concurrent Reset 0,087ms
[2021-04-30T09:35:25.736+0300][27,793s][info ][gc] GC(520) Pause Full (Allocation Failure) 123M->102M(123M) 48,153ms
[2021-04-30T09:35:25.736+0300][27,793s][info ][gc] GC(519) Pause Young (Allocation Failure) 123M->102M(123M) 48,230ms
[2021-04-30T09:35:25.740+0300][27,796s][info ][gc] GC(521) Pause Initial Mark 103M->103M(123M) 2,946ms
[2021-04-30T09:35:25.740+0300][27,796s][info ][gc] GC(521) Concurrent Mark
[2021-04-30T09:35:25.762+0300][27,819s][debug][gc] GC(521) Concurrent active time: 0,022ms
[2021-04-30T09:35:25.762+0300][27,819s][info ][gc] GC(521) Concurrent Mark 22,541ms
[2021-04-30T09:35:25.762+0300][27,819s][info ][gc] GC(521) Concurrent Preclean
[2021-04-30T09:35:25.778+0300][27,835s][debug][gc] GC(521) Concurrent active time: 0,016ms
[2021-04-30T09:35:25.778+0300][27,835s][info ][gc] GC(521) Concurrent Preclean 16,251ms
[2021-04-30T09:35:25.778+0300][27,835s][info ][gc] GC(521) Concurrent Abortable Preclean
[2021-04-30T09:35:25.778+0300][27,835s][debug][gc] GC(521) Concurrent active time: 0,000ms
[2021-04-30T09:35:25.778+0300][27,835s][info ][gc] GC(521) Concurrent Abortable Preclean 0,013ms
[2021-04-30T09:35:25.779+0300][27,835s][debug][gc] GC(521) YG occupancy: 36937 K (39296 K)
[2021-04-30T09:35:25.784+0300][27,841s][info ][gc] GC(521) Pause Remark 121M->121M(123M) 5,872ms
[2021-04-30T09:35:25.785+0300][27,841s][info ][gc] GC(521) Concurrent Sweep
[2021-04-30T09:35:25.797+0300][27,853s][debug][gc] GC(521) Concurrent active time: 0,012ms
[2021-04-30T09:35:25.797+0300][27,853s][info ][gc] GC(521) Concurrent Sweep 12,284ms
[2021-04-30T09:35:25.797+0300][27,853s][info ][gc] GC(521) Concurrent Reset
[2021-04-30T09:35:25.797+0300][27,854s][debug][gc] GC(521) Concurrent active time: 0,000ms
[2021-04-30T09:35:25.797+0300][27,854s][info ][gc] GC(521) Concurrent Reset 0,088ms
[2021-04-30T09:35:25.850+0300][27,907s][info ][gc] GC(523) Pause Full (Allocation Failure) 123M->103M(123M) 50,630ms
[2021-04-30T09:35:25.850+0300][27,907s][info ][gc] GC(522) Pause Young (Allocation Failure) 123M->103M(123M) 50,702ms
[2021-04-30T09:35:25.854+0300][27,911s][info ][gc] GC(524) Pause Initial Mark 103M->103M(123M) 3,640ms
[2021-04-30T09:35:25.854+0300][27,911s][info ][gc] GC(524) Concurrent Mark
[2021-04-30T09:35:25.876+0300][27,932s][debug][gc] GC(524) Concurrent active time: 0,022ms
[2021-04-30T09:35:25.876+0300][27,932s][info ][gc] GC(524) Concurrent Mark 21,818ms
[2021-04-30T09:35:25.876+0300][27,932s][info ][gc] GC(524) Concurrent Preclean
[2021-04-30T09:35:25.892+0300][27,948s][debug][gc] GC(524) Concurrent active time: 0,016ms
[2021-04-30T09:35:25.892+0300][27,948s][info ][gc] GC(524) Concurrent Preclean 15,762ms
[2021-04-30T09:35:25.892+0300][27,948s][info ][gc] GC(524) Concurrent Abortable Preclean
[2021-04-30T09:35:25.892+0300][27,948s][debug][gc] GC(524) Concurrent active time: 0,000ms
[2021-04-30T09:35:25.892+0300][27,948s][info ][gc] GC(524) Concurrent Abortable Preclean 0,015ms
[2021-04-30T09:35:25.892+0300][27,948s][debug][gc] GC(524) YG occupancy: 33699 K (39296 K)
[2021-04-30T09:35:25.900+0300][27,956s][info ][gc] GC(524) Pause Remark 118M->118M(123M) 7,689ms
[2021-04-30T09:35:25.900+0300][27,956s][info ][gc] GC(524) Concurrent Sweep
[2021-04-30T09:35:25.912+0300][27,969s][debug][gc] GC(524) Concurrent active time: 0,013ms
[2021-04-30T09:35:25.912+0300][27,969s][info ][gc] GC(524) Concurrent Sweep 12,661ms
[2021-04-30T09:35:25.912+0300][27,969s][info ][gc] GC(524) Concurrent Reset
[2021-04-30T09:35:25.912+0300][27,969s][debug][gc] GC(524) Concurrent active time: 0,000ms
[2021-04-30T09:35:25.912+0300][27,969s][info ][gc] GC(524) Concurrent Reset 0,071ms
[2021-04-30T09:35:25.997+0300][28,053s][info ][gc] GC(526) Pause Full (Allocation Failure) 123M->103M(123M) 62,071ms
[2021-04-30T09:35:25.997+0300][28,053s][info ][gc] GC(525) Pause Young (Allocation Failure) 123M->103M(123M) 62,149ms
[2021-04-30T09:35:26.000+0300][28,057s][info ][gc] GC(527) Pause Initial Mark 104M->104M(123M) 3,040ms
[2021-04-30T09:35:26.000+0300][28,057s][info ][gc] GC(527) Concurrent Mark
[2021-04-30T09:35:26.030+0300][28,086s][debug][gc] GC(527) Concurrent active time: 0,029ms
[2021-04-30T09:35:26.030+0300][28,086s][info ][gc] GC(527) Concurrent Mark 29,707ms
[2021-04-30T09:35:26.030+0300][28,086s][info ][gc] GC(527) Concurrent Preclean
[2021-04-30T09:35:26.046+0300][28,102s][debug][gc] GC(527) Concurrent active time: 0,016ms
[2021-04-30T09:35:26.046+0300][28,102s][info ][gc] GC(527) Concurrent Preclean 15,839ms
[2021-04-30T09:35:26.046+0300][28,102s][info ][gc] GC(527) Concurrent Abortable Preclean
[2021-04-30T09:35:26.046+0300][28,102s][debug][gc] GC(527) Concurrent active time: 0,000ms
[2021-04-30T09:35:26.046+0300][28,102s][info ][gc] GC(527) Concurrent Abortable Preclean 0,012ms
[2021-04-30T09:35:26.046+0300][28,102s][debug][gc] GC(527) YG occupancy: 37416 K (39296 K)
[2021-04-30T09:35:26.052+0300][28,108s][info ][gc] GC(527) Pause Remark 121M->121M(123M) 6,054ms
[2021-04-30T09:35:26.052+0300][28,108s][info ][gc] GC(527) Concurrent Sweep
[2021-04-30T09:35:26.064+0300][28,120s][debug][gc] GC(527) Concurrent active time: 0,012ms
[2021-04-30T09:35:26.064+0300][28,120s][info ][gc] GC(527) Concurrent Sweep 11,748ms
[2021-04-30T09:35:26.064+0300][28,120s][debug][gc] GC(528) Concurrent mode failure
[2021-04-30T09:35:26.115+0300][28,171s][info ][gc] GC(528) Pause Full (Allocation Failure) 123M->103M(123M) 51,196ms
[2021-04-30T09:35:26.214+0300][28,270s][info ][gc] GC(529) Pause Full (Allocation Failure) 123M->104M(123M) 50,086ms
[2021-04-30T09:35:26.217+0300][28,274s][info ][gc] GC(530) Pause Initial Mark 104M->104M(123M) 3,200ms
[2021-04-30T09:35:26.217+0300][28,274s][info ][gc] GC(530) Concurrent Mark
[2021-04-30T09:35:26.244+0300][28,301s][debug][gc] GC(530) Concurrent active time: 0,027ms
[2021-04-30T09:35:26.244+0300][28,301s][info ][gc] GC(530) Concurrent Mark 27,218ms
[2021-04-30T09:35:26.244+0300][28,301s][info ][gc] GC(530) Concurrent Preclean
[2021-04-30T09:35:26.268+0300][28,325s][debug][gc] GC(530) Concurrent active time: 0,024ms
[2021-04-30T09:35:26.268+0300][28,325s][info ][gc] GC(530) Concurrent Preclean 23,700ms
[2021-04-30T09:35:26.268+0300][28,325s][info ][gc] GC(530) Concurrent Abortable Preclean
[2021-04-30T09:35:26.268+0300][28,325s][debug][gc] GC(530) Concurrent active time: 0,000ms
[2021-04-30T09:35:26.268+0300][28,325s][info ][gc] GC(530) Concurrent Abortable Preclean 0,012ms
[2021-04-30T09:35:26.268+0300][28,325s][debug][gc] GC(530) YG occupancy: 37843 K (39296 K)
[2021-04-30T09:35:26.274+0300][28,331s][info ][gc] GC(530) Pause Remark 122M->122M(123M) 6,263ms
[2021-04-30T09:35:26.275+0300][28,331s][info ][gc] GC(530) Concurrent Sweep
[2021-04-30T09:35:26.286+0300][28,343s][debug][gc] GC(530) Concurrent active time: 0,011ms
[2021-04-30T09:35:26.286+0300][28,343s][info ][gc] GC(530) Concurrent Sweep 11,397ms
[2021-04-30T09:35:26.286+0300][28,343s][debug][gc] GC(531) Concurrent mode failure
[2021-04-30T09:35:26.335+0300][28,391s][info ][gc] GC(531) Pause Full (Allocation Failure) 123M->104M(123M) 51,115ms
[2021-04-30T09:35:26.433+0300][28,490s][info ][gc] GC(532) Pause Full (Allocation Failure) 123M->104M(123M) 48,309ms
[2021-04-30T09:35:26.436+0300][28,493s][info ][gc] GC(533) Pause Initial Mark 105M->105M(123M) 3,178ms
[2021-04-30T09:35:26.437+0300][28,493s][info ][gc] GC(533) Concurrent Mark
[2021-04-30T09:35:26.457+0300][28,514s][debug][gc] GC(533) Concurrent active time: 0,021ms
[2021-04-30T09:35:26.458+0300][28,514s][info ][gc] GC(533) Concurrent Mark 20,908ms
[2021-04-30T09:35:26.458+0300][28,514s][info ][gc] GC(533) Concurrent Preclean
[2021-04-30T09:35:26.473+0300][28,529s][debug][gc] GC(533) Concurrent active time: 0,015ms
[2021-04-30T09:35:26.473+0300][28,529s][info ][gc] GC(533) Concurrent Preclean 15,003ms
[2021-04-30T09:35:26.473+0300][28,529s][info ][gc] GC(533) Concurrent Abortable Preclean
[2021-04-30T09:35:26.473+0300][28,529s][debug][gc] GC(533) Concurrent active time: 0,000ms
[2021-04-30T09:35:26.473+0300][28,529s][info ][gc] GC(533) Concurrent Abortable Preclean 0,012ms
[2021-04-30T09:35:26.473+0300][28,529s][debug][gc] GC(533) YG occupancy: 37153 K (39296 K)
[2021-04-30T09:35:26.479+0300][28,536s][info ][gc] GC(533) Pause Remark 121M->121M(123M) 6,398ms
[2021-04-30T09:35:26.479+0300][28,536s][info ][gc] GC(533) Concurrent Sweep
[2021-04-30T09:35:26.490+0300][28,547s][debug][gc] GC(533) Concurrent active time: 0,011ms
[2021-04-30T09:35:26.490+0300][28,547s][info ][gc] GC(533) Concurrent Sweep 11,354ms
[2021-04-30T09:35:26.491+0300][28,547s][info ][gc] GC(533) Concurrent Reset
[2021-04-30T09:35:26.491+0300][28,547s][debug][gc] GC(533) Concurrent active time: 0,000ms
[2021-04-30T09:35:26.491+0300][28,547s][info ][gc] GC(533) Concurrent Reset 0,066ms
[2021-04-30T09:35:26.545+0300][28,602s][info ][gc] GC(535) Pause Full (Allocation Failure) 123M->105M(123M) 50,567ms
[2021-04-30T09:35:26.545+0300][28,602s][info ][gc] GC(534) Pause Young (Allocation Failure) 123M->105M(123M) 50,644ms
[2021-04-30T09:35:26.549+0300][28,605s][info ][gc] GC(536) Pause Initial Mark 105M->105M(123M) 3,247ms
[2021-04-30T09:35:26.549+0300][28,605s][info ][gc] GC(536) Concurrent Mark
[2021-04-30T09:35:26.572+0300][28,628s][debug][gc] GC(536) Concurrent active time: 0,023ms
[2021-04-30T09:35:26.572+0300][28,628s][info ][gc] GC(536) Concurrent Mark 22,835ms
[2021-04-30T09:35:26.572+0300][28,628s][info ][gc] GC(536) Concurrent Preclean
[2021-04-30T09:35:26.587+0300][28,643s][debug][gc] GC(536) Concurrent active time: 0,015ms
[2021-04-30T09:35:26.587+0300][28,643s][info ][gc] GC(536) Concurrent Preclean 15,197ms
[2021-04-30T09:35:26.587+0300][28,643s][info ][gc] GC(536) Concurrent Abortable Preclean
[2021-04-30T09:35:26.587+0300][28,644s][debug][gc] GC(536) Concurrent active time: 0,000ms
[2021-04-30T09:35:26.587+0300][28,644s][info ][gc] GC(536) Concurrent Abortable Preclean 0,012ms
[2021-04-30T09:35:26.587+0300][28,644s][debug][gc] GC(536) YG occupancy: 37388 K (39296 K)
[2021-04-30T09:35:26.593+0300][28,649s][info ][gc] GC(536) Pause Remark 121M->121M(123M) 5,799ms
[2021-04-30T09:35:26.593+0300][28,650s][info ][gc] GC(536) Concurrent Sweep
[2021-04-30T09:35:26.605+0300][28,661s][debug][gc] GC(536) Concurrent active time: 0,012ms
[2021-04-30T09:35:26.605+0300][28,661s][info ][gc] GC(536) Concurrent Sweep 11,853ms
[2021-04-30T09:35:26.605+0300][28,661s][info ][gc] GC(536) Concurrent Reset
[2021-04-30T09:35:26.605+0300][28,662s][debug][gc] GC(536) Concurrent active time: 0,000ms
[2021-04-30T09:35:26.605+0300][28,662s][info ][gc] GC(536) Concurrent Reset 0,089ms
[2021-04-30T09:35:26.657+0300][28,714s][info ][gc] GC(538) Pause Full (Allocation Failure) 123M->105M(123M) 50,586ms
[2021-04-30T09:35:26.657+0300][28,714s][info ][gc] GC(537) Pause Young (Allocation Failure) 123M->105M(123M) 50,660ms
[2021-04-30T09:35:26.661+0300][28,717s][info ][gc] GC(539) Pause Initial Mark 105M->105M(123M) 3,377ms
[2021-04-30T09:35:26.661+0300][28,717s][info ][gc] GC(539) Concurrent Mark
[2021-04-30T09:35:26.684+0300][28,740s][debug][gc] GC(539) Concurrent active time: 0,023ms
[2021-04-30T09:35:26.684+0300][28,740s][info ][gc] GC(539) Concurrent Mark 22,921ms
[2021-04-30T09:35:26.684+0300][28,740s][info ][gc] GC(539) Concurrent Preclean
[2021-04-30T09:35:26.699+0300][28,755s][debug][gc] GC(539) Concurrent active time: 0,015ms
[2021-04-30T09:35:26.699+0300][28,755s][info ][gc] GC(539) Concurrent Preclean 15,041ms
[2021-04-30T09:35:26.699+0300][28,755s][info ][gc] GC(539) Concurrent Abortable Preclean
[2021-04-30T09:35:26.699+0300][28,755s][debug][gc] GC(539) Concurrent active time: 0,000ms
[2021-04-30T09:35:26.699+0300][28,755s][info ][gc] GC(539) Concurrent Abortable Preclean 0,012ms
[2021-04-30T09:35:26.699+0300][28,755s][debug][gc] GC(539) YG occupancy: 37569 K (39296 K)
[2021-04-30T09:35:26.705+0300][28,761s][info ][gc] GC(539) Pause Remark 122M->122M(123M) 5,902ms
[2021-04-30T09:35:26.705+0300][28,761s][info ][gc] GC(539) Concurrent Sweep
[2021-04-30T09:35:26.716+0300][28,773s][debug][gc] GC(539) Concurrent active time: 0,011ms
[2021-04-30T09:35:26.716+0300][28,773s][info ][gc] GC(539) Concurrent Sweep 11,150ms
[2021-04-30T09:35:26.716+0300][28,773s][debug][gc] GC(540) Concurrent mode failure
[2021-04-30T09:35:26.769+0300][28,826s][info ][gc] GC(540) Pause Full (Allocation Failure) 123M->105M(123M) 53,962ms
[2021-04-30T09:35:26.897+0300][28,953s][info ][gc] GC(541) Pause Full (Allocation Failure) 123M->106M(123M) 75,758ms
[2021-04-30T09:35:26.900+0300][28,957s][info ][gc] GC(542) Pause Initial Mark 106M->106M(123M) 3,455ms
[2021-04-30T09:35:26.900+0300][28,957s][info ][gc] GC(542) Concurrent Mark
[2021-04-30T09:35:26.925+0300][28,981s][debug][gc] GC(542) Concurrent active time: 0,024ms
[2021-04-30T09:35:26.925+0300][28,981s][info ][gc] GC(542) Concurrent Mark 24,490ms
[2021-04-30T09:35:26.925+0300][28,981s][info ][gc] GC(542) Concurrent Preclean
[2021-04-30T09:35:26.946+0300][29,003s][debug][gc] GC(542) Concurrent active time: 0,022ms
[2021-04-30T09:35:26.947+0300][29,003s][info ][gc] GC(542) Concurrent Preclean 21,715ms
[2021-04-30T09:35:26.947+0300][29,003s][info ][gc] GC(542) Concurrent Abortable Preclean
[2021-04-30T09:35:26.947+0300][29,003s][debug][gc] GC(542) Concurrent active time: 0,000ms
[2021-04-30T09:35:26.947+0300][29,003s][info ][gc] GC(542) Concurrent Abortable Preclean 0,020ms
[2021-04-30T09:35:26.947+0300][29,003s][debug][gc] GC(542) YG occupancy: 37764 K (39296 K)
[2021-04-30T09:35:26.954+0300][29,011s][info ][gc] GC(542) Pause Remark 122M->122M(123M) 7,430ms
[2021-04-30T09:35:26.954+0300][29,011s][info ][gc] GC(542) Concurrent Sweep
[2021-04-30T09:35:26.966+0300][29,023s][debug][gc] GC(542) Concurrent active time: 0,012ms
[2021-04-30T09:35:26.966+0300][29,023s][info ][gc] GC(542) Concurrent Sweep 12,294ms
[2021-04-30T09:35:26.967+0300][29,023s][debug][gc] GC(543) Concurrent mode failure
[2021-04-30T09:35:27.018+0300][29,075s][info ][gc] GC(543) Pause Full (Allocation Failure) 123M->106M(123M) 54,919ms
[2021-04-30T09:35:27.114+0300][29,171s][info ][gc] GC(544) Pause Full (Allocation Failure) 123M->106M(123M) 49,348ms
[2021-04-30T09:35:27.118+0300][29,174s][info ][gc] GC(545) Pause Initial Mark 106M->106M(123M) 3,443ms
[2021-04-30T09:35:27.118+0300][29,174s][info ][gc] GC(545) Concurrent Mark
[2021-04-30T09:35:27.139+0300][29,195s][debug][gc] GC(545) Concurrent active time: 0,021ms
[2021-04-30T09:35:27.139+0300][29,195s][info ][gc] GC(545) Concurrent Mark 20,973ms
[2021-04-30T09:35:27.139+0300][29,195s][info ][gc] GC(545) Concurrent Preclean
[2021-04-30T09:35:27.165+0300][29,222s][debug][gc] GC(545) Concurrent active time: 0,026ms
[2021-04-30T09:35:27.165+0300][29,222s][info ][gc] GC(545) Concurrent Preclean 26,483ms
[2021-04-30T09:35:27.165+0300][29,222s][info ][gc] GC(545) Concurrent Abortable Preclean
[2021-04-30T09:35:27.165+0300][29,222s][debug][gc] GC(545) Concurrent active time: 0,000ms
[2021-04-30T09:35:27.165+0300][29,222s][info ][gc] GC(545) Concurrent Abortable Preclean 0,012ms
[2021-04-30T09:35:27.166+0300][29,222s][debug][gc] GC(545) YG occupancy: 37587 K (39296 K)
[2021-04-30T09:35:27.172+0300][29,228s][info ][gc] GC(545) Pause Remark 122M->122M(123M) 5,997ms
[2021-04-30T09:35:27.172+0300][29,228s][info ][gc] GC(545) Concurrent Sweep
[2021-04-30T09:35:27.185+0300][29,242s][debug][gc] GC(545) Concurrent active time: 0,013ms
[2021-04-30T09:35:27.185+0300][29,242s][info ][gc] GC(545) Concurrent Sweep 13,499ms
[2021-04-30T09:35:27.185+0300][29,242s][debug][gc] GC(546) Concurrent mode failure
[2021-04-30T09:35:27.235+0300][29,292s][info ][gc] GC(546) Pause Full (Allocation Failure) 123M->106M(123M) 53,324ms
[2021-04-30T09:35:27.332+0300][29,388s][info ][gc] GC(547) Pause Full (Allocation Failure) 123M->107M(123M) 50,001ms
[2021-04-30T09:35:27.335+0300][29,392s][info ][gc] GC(548) Pause Initial Mark 107M->107M(123M) 3,406ms
[2021-04-30T09:35:27.336+0300][29,392s][info ][gc] GC(548) Concurrent Mark
[2021-04-30T09:35:27.356+0300][29,413s][debug][gc] GC(548) Concurrent active time: 0,021ms
[2021-04-30T09:35:27.357+0300][29,413s][info ][gc] GC(548) Concurrent Mark 20,943ms
[2021-04-30T09:35:27.357+0300][29,413s][info ][gc] GC(548) Concurrent Preclean
[2021-04-30T09:35:27.372+0300][29,428s][debug][gc] GC(548) Concurrent active time: 0,015ms
[2021-04-30T09:35:27.372+0300][29,428s][info ][gc] GC(548) Concurrent Preclean 15,016ms
[2021-04-30T09:35:27.372+0300][29,428s][info ][gc] GC(548) Concurrent Abortable Preclean
[2021-04-30T09:35:27.372+0300][29,428s][debug][gc] GC(548) Concurrent active time: 0,000ms
[2021-04-30T09:35:27.372+0300][29,428s][info ][gc] GC(548) Concurrent Abortable Preclean 0,012ms
[2021-04-30T09:35:27.372+0300][29,428s][debug][gc] GC(548) YG occupancy: 37667 K (39296 K)
[2021-04-30T09:35:27.377+0300][29,434s][info ][gc] GC(548) Pause Remark 122M->122M(123M) 5,755ms
[2021-04-30T09:35:27.378+0300][29,434s][info ][gc] GC(548) Concurrent Sweep
[2021-04-30T09:35:27.390+0300][29,447s][debug][gc] GC(548) Concurrent active time: 0,012ms
[2021-04-30T09:35:27.390+0300][29,447s][info ][gc] GC(548) Concurrent Sweep 12,712ms
[2021-04-30T09:35:27.390+0300][29,447s][debug][gc] GC(549) Concurrent mode failure
[2021-04-30T09:35:27.441+0300][29,498s][info ][gc] GC(549) Pause Full (Allocation Failure) 123M->107M(123M) 52,011ms
[2021-04-30T09:35:27.535+0300][29,592s][info ][gc] GC(550) Pause Full (Allocation Failure) 123M->107M(123M) 50,243ms
[2021-04-30T09:35:27.539+0300][29,596s][info ][gc] GC(551) Pause Initial Mark 108M->108M(123M) 3,723ms
[2021-04-30T09:35:27.539+0300][29,596s][info ][gc] GC(551) Concurrent Mark
[2021-04-30T09:35:27.562+0300][29,618s][debug][gc] GC(551) Concurrent active time: 0,023ms
[2021-04-30T09:35:27.562+0300][29,619s][info ][gc] GC(551) Concurrent Mark 22,563ms
[2021-04-30T09:35:27.562+0300][29,619s][info ][gc] GC(551) Concurrent Preclean
[2021-04-30T09:35:27.578+0300][29,634s][debug][gc] GC(551) Concurrent active time: 0,016ms
[2021-04-30T09:35:27.578+0300][29,634s][info ][gc] GC(551) Concurrent Preclean 15,669ms
[2021-04-30T09:35:27.578+0300][29,634s][info ][gc] GC(551) Concurrent Abortable Preclean
[2021-04-30T09:35:27.578+0300][29,634s][debug][gc] GC(551) Concurrent active time: 0,000ms
[2021-04-30T09:35:27.578+0300][29,634s][info ][gc] GC(551) Concurrent Abortable Preclean 0,012ms
[2021-04-30T09:35:27.578+0300][29,634s][debug][gc] GC(551) YG occupancy: 37912 K (39296 K)
[2021-04-30T09:35:27.583+0300][29,640s][info ][gc] GC(551) Pause Remark 122M->122M(123M) 5,709ms
[2021-04-30T09:35:27.584+0300][29,640s][info ][gc] GC(551) Concurrent Sweep
[2021-04-30T09:35:27.595+0300][29,651s][debug][gc] GC(551) Concurrent active time: 0,011ms
[2021-04-30T09:35:27.595+0300][29,651s][info ][gc] GC(551) Concurrent Sweep 11,215ms
[2021-04-30T09:35:27.595+0300][29,651s][debug][gc] GC(552) Concurrent mode failure
[2021-04-30T09:35:27.644+0300][29,701s][info ][gc] GC(552) Pause Full (Allocation Failure) 123M->107M(123M) 52,132ms
[2021-04-30T09:35:27.740+0300][29,797s][info ][gc] GC(553) Pause Full (Allocation Failure) 123M->108M(123M) 49,341ms
[2021-04-30T09:35:27.744+0300][29,801s][info ][gc] GC(554) Pause Initial Mark 108M->108M(123M) 3,737ms
[2021-04-30T09:35:27.744+0300][29,801s][info ][gc] GC(554) Concurrent Mark
[2021-04-30T09:35:27.765+0300][29,822s][debug][gc] GC(554) Concurrent active time: 0,021ms
[2021-04-30T09:35:27.765+0300][29,822s][info ][gc] GC(554) Concurrent Mark 21,096ms
[2021-04-30T09:35:27.765+0300][29,822s][info ][gc] GC(554) Concurrent Preclean
[2021-04-30T09:35:27.780+0300][29,837s][debug][gc] GC(554) Concurrent active time: 0,015ms
[2021-04-30T09:35:27.780+0300][29,837s][info ][gc] GC(554) Concurrent Preclean 14,980ms
[2021-04-30T09:35:27.780+0300][29,837s][info ][gc] GC(554) Concurrent Abortable Preclean
[2021-04-30T09:35:27.780+0300][29,837s][debug][gc] GC(554) Concurrent active time: 0,000ms
[2021-04-30T09:35:27.780+0300][29,837s][info ][gc] GC(554) Concurrent Abortable Preclean 0,012ms
[2021-04-30T09:35:27.781+0300][29,837s][debug][gc] GC(554) YG occupancy: 37902 K (39296 K)
[2021-04-30T09:35:27.786+0300][29,843s][info ][gc] GC(554) Pause Remark 122M->122M(123M) 5,811ms
[2021-04-30T09:35:27.786+0300][29,843s][info ][gc] GC(554) Concurrent Sweep
[2021-04-30T09:35:27.798+0300][29,855s][debug][gc] GC(554) Concurrent active time: 0,011ms
[2021-04-30T09:35:27.798+0300][29,855s][info ][gc] GC(554) Concurrent Sweep 11,545ms
[2021-04-30T09:35:27.798+0300][29,855s][debug][gc] GC(555) Concurrent mode failure
[2021-04-30T09:35:27.865+0300][29,921s][info ][gc] GC(555) Pause Full (Allocation Failure) 123M->108M(123M) 66,718ms
[2021-04-30T09:35:27.968+0300][30,025s][info ][gc] GC(556) Pause Full (Allocation Failure) 123M->108M(123M) 56,096ms
[2021-04-30T09:35:27.972+0300][30,029s][info ][gc] GC(557) Pause Initial Mark 109M->109M(123M) 3,808ms
[2021-04-30T09:35:27.972+0300][30,029s][info ][gc] GC(557) Concurrent Mark
[2021-04-30T09:35:27.995+0300][30,052s][debug][gc] GC(557) Concurrent active time: 0,022ms
[2021-04-30T09:35:27.995+0300][30,052s][info ][gc] GC(557) Concurrent Mark 22,860ms
[2021-04-30T09:35:27.995+0300][30,052s][info ][gc] GC(557) Concurrent Preclean
[2021-04-30T09:35:28.010+0300][30,067s][debug][gc] GC(557) Concurrent active time: 0,015ms
[2021-04-30T09:35:28.010+0300][30,067s][info ][gc] GC(557) Concurrent Preclean 15,253ms
[2021-04-30T09:35:28.010+0300][30,067s][info ][gc] GC(557) Concurrent Abortable Preclean
[2021-04-30T09:35:28.010+0300][30,067s][debug][gc] GC(557) Concurrent active time: 0,000ms
[2021-04-30T09:35:28.010+0300][30,067s][info ][gc] GC(557) Concurrent Abortable Preclean 0,022ms
[2021-04-30T09:35:28.011+0300][30,067s][debug][gc] GC(557) YG occupancy: 37301 K (39296 K)
[2021-04-30T09:35:28.016+0300][30,073s][info ][gc] GC(557) Pause Remark 121M->121M(123M) 5,750ms
[2021-04-30T09:35:28.016+0300][30,073s][info ][gc] GC(557) Concurrent Sweep
[2021-04-30T09:35:28.027+0300][30,084s][debug][gc] GC(557) Concurrent active time: 0,011ms
[2021-04-30T09:35:28.027+0300][30,084s][info ][gc] GC(557) Concurrent Sweep 10,851ms
[2021-04-30T09:35:28.027+0300][30,084s][info ][gc] GC(557) Concurrent Reset
[2021-04-30T09:35:28.027+0300][30,084s][debug][gc] GC(557) Concurrent active time: 0,000ms
[2021-04-30T09:35:28.027+0300][30,084s][info ][gc] GC(557) Concurrent Reset 0,067ms
[2021-04-30T09:35:28.080+0300][30,136s][info ][gc] GC(559) Pause Full (Allocation Failure) 123M->108M(123M) 50,685ms
[2021-04-30T09:35:28.080+0300][30,136s][info ][gc] GC(558) Pause Young (Allocation Failure) 123M->108M(123M) 50,757ms
[2021-04-30T09:35:28.084+0300][30,140s][info ][gc] GC(560) Pause Initial Mark 109M->109M(123M) 3,923ms
[2021-04-30T09:35:28.084+0300][30,140s][info ][gc] GC(560) Concurrent Mark
[2021-04-30T09:35:28.111+0300][30,167s][debug][gc] GC(560) Concurrent active time: 0,027ms
[2021-04-30T09:35:28.111+0300][30,167s][info ][gc] GC(560) Concurrent Mark 26,738ms
[2021-04-30T09:35:28.111+0300][30,167s][info ][gc] GC(560) Concurrent Preclean
[2021-04-30T09:35:28.127+0300][30,184s][debug][gc] GC(560) Concurrent active time: 0,017ms
[2021-04-30T09:35:28.127+0300][30,184s][info ][gc] GC(560) Concurrent Preclean 16,546ms
[2021-04-30T09:35:28.127+0300][30,184s][info ][gc] GC(560) Concurrent Abortable Preclean
[2021-04-30T09:35:28.127+0300][30,184s][debug][gc] GC(560) Concurrent active time: 0,000ms
[2021-04-30T09:35:28.127+0300][30,184s][info ][gc] GC(560) Concurrent Abortable Preclean 0,012ms
[2021-04-30T09:35:28.127+0300][30,184s][debug][gc] GC(560) YG occupancy: 39172 K (39296 K)
[2021-04-30T09:35:28.133+0300][30,190s][info ][gc] GC(560) Pause Remark 123M->123M(123M) 5,870ms
[2021-04-30T09:35:28.133+0300][30,190s][info ][gc] GC(560) Concurrent Sweep
[2021-04-30T09:35:28.146+0300][30,203s][debug][gc] GC(560) Concurrent active time: 0,012ms
[2021-04-30T09:35:28.146+0300][30,203s][info ][gc] GC(560) Concurrent Sweep 12,717ms
[2021-04-30T09:35:28.146+0300][30,203s][debug][gc] GC(561) Concurrent mode failure
[2021-04-30T09:35:28.198+0300][30,255s][info ][gc] GC(561) Pause Full (Allocation Failure) 123M->109M(123M) 64,144ms
[2021-04-30T09:35:28.294+0300][30,350s][info ][gc] GC(562) Pause Full (Allocation Failure) 123M->109M(123M) 51,664ms
[2021-04-30T09:35:28.298+0300][30,354s][info ][gc] GC(563) Pause Initial Mark 109M->109M(123M) 3,760ms
[2021-04-30T09:35:28.298+0300][30,354s][info ][gc] GC(563) Concurrent Mark
[2021-04-30T09:35:28.323+0300][30,380s][debug][gc] GC(563) Concurrent active time: 0,025ms
[2021-04-30T09:35:28.323+0300][30,380s][info ][gc] GC(563) Concurrent Mark 25,514ms
[2021-04-30T09:35:28.323+0300][30,380s][info ][gc] GC(563) Concurrent Preclean
[2021-04-30T09:35:28.339+0300][30,395s][debug][gc] GC(563) Concurrent active time: 0,015ms
[2021-04-30T09:35:28.339+0300][30,395s][info ][gc] GC(563) Concurrent Preclean 15,200ms
[2021-04-30T09:35:28.339+0300][30,395s][info ][gc] GC(563) Concurrent Abortable Preclean
[2021-04-30T09:35:28.339+0300][30,395s][debug][gc] GC(563) Concurrent active time: 0,000ms
[2021-04-30T09:35:28.339+0300][30,395s][info ][gc] GC(563) Concurrent Abortable Preclean 0,012ms
[2021-04-30T09:35:28.339+0300][30,395s][debug][gc] GC(563) YG occupancy: 38883 K (39296 K)
[2021-04-30T09:35:28.345+0300][30,402s][info ][gc] GC(563) Pause Remark 123M->123M(123M) 6,357ms
[2021-04-30T09:35:28.345+0300][30,402s][info ][gc] GC(563) Concurrent Sweep
[2021-04-30T09:35:28.358+0300][30,415s][debug][gc] GC(563) Concurrent active time: 0,013ms
[2021-04-30T09:35:28.358+0300][30,415s][info ][gc] GC(563) Concurrent Sweep 13,248ms
[2021-04-30T09:35:28.359+0300][30,415s][debug][gc] GC(564) Concurrent mode failure
[2021-04-30T09:35:28.411+0300][30,468s][info ][gc] GC(564) Pause Full (Allocation Failure) 123M->109M(123M) 60,981ms
[2021-04-30T09:35:28.506+0300][30,562s][info ][gc] GC(565) Pause Full (Allocation Failure) 123M->109M(123M) 51,405ms
[2021-04-30T09:35:28.510+0300][30,566s][info ][gc] GC(566) Pause Initial Mark 110M->110M(123M) 3,977ms
[2021-04-30T09:35:28.510+0300][30,567s][info ][gc] GC(566) Concurrent Mark
[2021-04-30T09:35:28.537+0300][30,593s][debug][gc] GC(566) Concurrent active time: 0,027ms
[2021-04-30T09:35:28.537+0300][30,593s][info ][gc] GC(566) Concurrent Mark 26,727ms
[2021-04-30T09:35:28.537+0300][30,593s][info ][gc] GC(566) Concurrent Preclean
[2021-04-30T09:35:28.554+0300][30,610s][debug][gc] GC(566) Concurrent active time: 0,017ms
[2021-04-30T09:35:28.554+0300][30,610s][info ][gc] GC(566) Concurrent Preclean 16,929ms
[2021-04-30T09:35:28.554+0300][30,610s][debug][gc] GC(567) Concurrent mode failure
[2021-04-30T09:35:28.603+0300][30,660s][info ][gc] GC(567) Pause Full (Allocation Failure) 123M->110M(123M) 51,057ms
[2021-04-30T09:35:28.696+0300][30,753s][info ][gc] GC(568) Pause Full (Allocation Failure) 123M->110M(123M) 50,612ms
[2021-04-30T09:35:28.700+0300][30,757s][info ][gc] GC(569) Pause Initial Mark 110M->110M(123M) 4,095ms
[2021-04-30T09:35:28.700+0300][30,757s][info ][gc] GC(569) Concurrent Mark
[2021-04-30T09:35:28.722+0300][30,779s][debug][gc] GC(569) Concurrent active time: 0,021ms
[2021-04-30T09:35:28.722+0300][30,779s][info ][gc] GC(569) Concurrent Mark 21,493ms
[2021-04-30T09:35:28.722+0300][30,779s][info ][gc] GC(569) Concurrent Preclean
[2021-04-30T09:35:28.737+0300][30,794s][debug][gc] GC(569) Concurrent active time: 0,015ms
[2021-04-30T09:35:28.737+0300][30,794s][info ][gc] GC(569) Concurrent Preclean 15,434ms
[2021-04-30T09:35:28.737+0300][30,794s][info ][gc] GC(569) Concurrent Abortable Preclean
[2021-04-30T09:35:28.737+0300][30,794s][debug][gc] GC(569) Concurrent active time: 0,000ms
[2021-04-30T09:35:28.737+0300][30,794s][info ][gc] GC(569) Concurrent Abortable Preclean 0,012ms
[2021-04-30T09:35:28.738+0300][30,794s][debug][gc] GC(569) YG occupancy: 38193 K (39296 K)
[2021-04-30T09:35:28.745+0300][30,801s][info ][gc] GC(569) Pause Remark 122M->122M(123M) 7,144ms
[2021-04-30T09:35:28.745+0300][30,801s][info ][gc] GC(569) Concurrent Sweep
[2021-04-30T09:35:28.757+0300][30,813s][debug][gc] GC(569) Concurrent active time: 0,012ms
[2021-04-30T09:35:28.757+0300][30,813s][info ][gc] GC(569) Concurrent Sweep 12,131ms
[2021-04-30T09:35:28.757+0300][30,814s][debug][gc] GC(570) Concurrent mode failure
[2021-04-30T09:35:28.807+0300][30,863s][info ][gc] GC(570) Pause Full (Allocation Failure) 123M->110M(123M) 51,699ms
[2021-04-30T09:35:28.915+0300][30,972s][info ][gc] GC(571) Pause Full (Allocation Failure) 123M->110M(123M) 54,985ms
[2021-04-30T09:35:28.920+0300][30,977s][info ][gc] GC(572) Pause Initial Mark 111M->111M(123M) 4,794ms
[2021-04-30T09:35:28.920+0300][30,977s][info ][gc] GC(572) Concurrent Mark
[2021-04-30T09:35:28.944+0300][31,001s][debug][gc] GC(572) Concurrent active time: 0,024ms
[2021-04-30T09:35:28.944+0300][31,001s][info ][gc] GC(572) Concurrent Mark 23,890ms
[2021-04-30T09:35:28.944+0300][31,001s][info ][gc] GC(572) Concurrent Preclean
[2021-04-30T09:35:28.961+0300][31,018s][debug][gc] GC(572) Concurrent active time: 0,017ms
[2021-04-30T09:35:28.961+0300][31,018s][info ][gc] GC(572) Concurrent Preclean 17,083ms
[2021-04-30T09:35:28.961+0300][31,018s][info ][gc] GC(572) Concurrent Abortable Preclean
[2021-04-30T09:35:28.961+0300][31,018s][debug][gc] GC(572) Concurrent active time: 0,000ms
[2021-04-30T09:35:28.961+0300][31,018s][info ][gc] GC(572) Concurrent Abortable Preclean 0,013ms
[2021-04-30T09:35:28.962+0300][31,018s][debug][gc] GC(572) YG occupancy: 37805 K (39296 K)
[2021-04-30T09:35:28.968+0300][31,024s][info ][gc] GC(572) Pause Remark 122M->122M(123M) 6,173ms
[2021-04-30T09:35:28.968+0300][31,024s][info ][gc] GC(572) Concurrent Sweep
[2021-04-30T09:35:28.979+0300][31,036s][debug][gc] GC(572) Concurrent active time: 0,011ms
[2021-04-30T09:35:28.979+0300][31,036s][info ][gc] GC(572) Concurrent Sweep 11,238ms
[2021-04-30T09:35:28.979+0300][31,036s][debug][gc] GC(573) Concurrent mode failure
[2021-04-30T09:35:29.039+0300][31,096s][info ][gc] GC(573) Pause Full (Allocation Failure) 123M->110M(123M) 62,168ms
[2021-04-30T09:35:29.131+0300][31,188s][info ][gc] GC(574) Pause Full (Allocation Failure) 123M->111M(123M) 50,069ms
[2021-04-30T09:35:29.136+0300][31,192s][info ][gc] GC(575) Pause Initial Mark 111M->111M(123M) 4,155ms
[2021-04-30T09:35:29.136+0300][31,192s][info ][gc] GC(575) Concurrent Mark
[2021-04-30T09:35:29.162+0300][31,218s][debug][gc] GC(575) Concurrent active time: 0,026ms
[2021-04-30T09:35:29.162+0300][31,218s][info ][gc] GC(575) Concurrent Mark 25,879ms
[2021-04-30T09:35:29.162+0300][31,218s][info ][gc] GC(575) Concurrent Preclean
[2021-04-30T09:35:29.177+0300][31,233s][debug][gc] GC(575) Concurrent active time: 0,015ms
[2021-04-30T09:35:29.177+0300][31,233s][info ][gc] GC(575) Concurrent Preclean 15,015ms
[2021-04-30T09:35:29.177+0300][31,233s][info ][gc] GC(575) Concurrent Abortable Preclean
[2021-04-30T09:35:29.177+0300][31,233s][debug][gc] GC(575) Concurrent active time: 0,000ms
[2021-04-30T09:35:29.177+0300][31,233s][info ][gc] GC(575) Concurrent Abortable Preclean 0,012ms
[2021-04-30T09:35:29.177+0300][31,233s][debug][gc] GC(575) YG occupancy: 38976 K (39296 K)
[2021-04-30T09:35:29.183+0300][31,239s][info ][gc] GC(575) Pause Remark 123M->123M(123M) 6,010ms
[2021-04-30T09:35:29.183+0300][31,240s][info ][gc] GC(575) Concurrent Sweep
[2021-04-30T09:35:29.194+0300][31,251s][debug][gc] GC(575) Concurrent active time: 0,011ms
[2021-04-30T09:35:29.194+0300][31,251s][info ][gc] GC(575) Concurrent Sweep 11,239ms
[2021-04-30T09:35:29.194+0300][31,251s][debug][gc] GC(576) Concurrent mode failure
[2021-04-30T09:35:29.247+0300][31,304s][info ][gc] GC(576) Pause Full (Allocation Failure) 123M->111M(123M) 62,152ms
[2021-04-30T09:35:29.339+0300][31,396s][info ][gc] GC(577) Pause Full (Allocation Failure) 123M->111M(123M) 51,797ms
[2021-04-30T09:35:29.344+0300][31,400s][info ][gc] GC(578) Pause Initial Mark 111M->111M(123M) 4,195ms
[2021-04-30T09:35:29.344+0300][31,400s][info ][gc] GC(578) Concurrent Mark
[2021-04-30T09:35:29.372+0300][31,428s][debug][gc] GC(578) Concurrent active time: 0,028ms
[2021-04-30T09:35:29.372+0300][31,428s][info ][gc] GC(578) Concurrent Mark 27,744ms
[2021-04-30T09:35:29.372+0300][31,428s][info ][gc] GC(578) Concurrent Preclean
[2021-04-30T09:35:29.388+0300][31,444s][debug][gc] GC(578) Concurrent active time: 0,016ms
[2021-04-30T09:35:29.388+0300][31,444s][info ][gc] GC(578) Concurrent Preclean 16,265ms
[2021-04-30T09:35:29.388+0300][31,444s][debug][gc] GC(579) Concurrent mode failure
[2021-04-30T09:35:29.439+0300][31,495s][info ][gc] GC(579) Pause Full (Allocation Failure) 123M->111M(123M) 53,163ms
[2021-04-30T09:35:29.530+0300][31,586s][info ][gc] GC(580) Pause Full (Allocation Failure) 123M->111M(123M) 51,620ms
[2021-04-30T09:35:29.534+0300][31,591s][info ][gc] GC(581) Pause Initial Mark 112M->112M(123M) 4,423ms
[2021-04-30T09:35:29.534+0300][31,591s][info ][gc] GC(581) Concurrent Mark
[2021-04-30T09:35:29.555+0300][31,612s][debug][gc] GC(581) Concurrent active time: 0,021ms
[2021-04-30T09:35:29.555+0300][31,612s][info ][gc] GC(581) Concurrent Mark 20,894ms
[2021-04-30T09:35:29.555+0300][31,612s][info ][gc] GC(581) Concurrent Preclean
[2021-04-30T09:35:29.570+0300][31,627s][debug][gc] GC(581) Concurrent active time: 0,015ms
[2021-04-30T09:35:29.571+0300][31,627s][info ][gc] GC(581) Concurrent Preclean 15,364ms
[2021-04-30T09:35:29.571+0300][31,627s][info ][gc] GC(581) Concurrent Abortable Preclean
[2021-04-30T09:35:29.571+0300][31,627s][debug][gc] GC(581) Concurrent active time: 0,000ms
[2021-04-30T09:35:29.571+0300][31,627s][info ][gc] GC(581) Concurrent Abortable Preclean 0,012ms
[2021-04-30T09:35:29.571+0300][31,627s][debug][gc] GC(581) YG occupancy: 39023 K (39296 K)
[2021-04-30T09:35:29.577+0300][31,634s][info ][gc] GC(581) Pause Remark 123M->123M(123M) 6,274ms
[2021-04-30T09:35:29.577+0300][31,634s][info ][gc] GC(581) Concurrent Sweep
[2021-04-30T09:35:29.589+0300][31,646s][debug][gc] GC(581) Concurrent active time: 0,012ms
[2021-04-30T09:35:29.589+0300][31,646s][info ][gc] GC(581) Concurrent Sweep 11,927ms
[2021-04-30T09:35:29.589+0300][31,646s][debug][gc] GC(582) Concurrent mode failure
[2021-04-30T09:35:29.639+0300][31,696s][info ][gc] GC(582) Pause Full (Allocation Failure) 123M->112M(123M) 60,301ms
[2021-04-30T09:35:29.729+0300][31,785s][info ][gc] GC(583) Pause Full (Allocation Failure) 123M->112M(123M) 49,745ms
[2021-04-30T09:35:29.733+0300][31,790s][info ][gc] GC(584) Pause Initial Mark 112M->112M(123M) 4,416ms
[2021-04-30T09:35:29.733+0300][31,790s][info ][gc] GC(584) Concurrent Mark
[2021-04-30T09:35:29.754+0300][31,811s][debug][gc] GC(584) Concurrent active time: 0,021ms
[2021-04-30T09:35:29.754+0300][31,811s][info ][gc] GC(584) Concurrent Mark 20,949ms
[2021-04-30T09:35:29.754+0300][31,811s][info ][gc] GC(584) Concurrent Preclean
[2021-04-30T09:35:29.770+0300][31,826s][debug][gc] GC(584) Concurrent active time: 0,015ms
[2021-04-30T09:35:29.770+0300][31,826s][info ][gc] GC(584) Concurrent Preclean 15,394ms
[2021-04-30T09:35:29.770+0300][31,826s][info ][gc] GC(584) Concurrent Abortable Preclean
[2021-04-30T09:35:29.770+0300][31,826s][debug][gc] GC(584) Concurrent active time: 0,000ms
[2021-04-30T09:35:29.770+0300][31,826s][info ][gc] GC(584) Concurrent Abortable Preclean 0,012ms
[2021-04-30T09:35:29.770+0300][31,826s][debug][gc] GC(584) YG occupancy: 38836 K (39296 K)
[2021-04-30T09:35:29.776+0300][31,833s][info ][gc] GC(584) Pause Remark 123M->123M(123M) 6,396ms
[2021-04-30T09:35:29.776+0300][31,833s][info ][gc] GC(584) Concurrent Sweep
[2021-04-30T09:35:29.788+0300][31,844s][debug][gc] GC(584) Concurrent active time: 0,011ms
[2021-04-30T09:35:29.788+0300][31,844s][info ][gc] GC(584) Concurrent Sweep 11,350ms
[2021-04-30T09:35:29.788+0300][31,844s][debug][gc] GC(585) Concurrent mode failure
[2021-04-30T09:35:29.839+0300][31,895s][info ][gc] GC(585) Pause Full (Allocation Failure) 123M->112M(123M) 59,363ms
[2021-04-30T09:35:29.963+0300][32,020s][info ][gc] GC(586) Pause Full (Allocation Failure) 123M->112M(123M) 77,461ms
[2021-04-30T09:35:29.968+0300][32,025s][info ][gc] GC(587) Pause Initial Mark 112M->112M(123M) 4,433ms
[2021-04-30T09:35:29.968+0300][32,025s][info ][gc] GC(587) Concurrent Mark
[2021-04-30T09:35:29.993+0300][32,049s][debug][gc] GC(587) Concurrent active time: 0,025ms
[2021-04-30T09:35:29.993+0300][32,049s][info ][gc] GC(587) Concurrent Mark 24,847ms
[2021-04-30T09:35:29.993+0300][32,049s][info ][gc] GC(587) Concurrent Preclean
[2021-04-30T09:35:30.009+0300][32,066s][debug][gc] GC(587) Concurrent active time: 0,016ms
[2021-04-30T09:35:30.009+0300][32,066s][info ][gc] GC(587) Concurrent Preclean 16,272ms
[2021-04-30T09:35:30.009+0300][32,066s][info ][gc] GC(587) Concurrent Abortable Preclean
[2021-04-30T09:35:30.009+0300][32,066s][debug][gc] GC(587) Concurrent active time: 0,000ms
[2021-04-30T09:35:30.009+0300][32,066s][info ][gc] GC(587) Concurrent Abortable Preclean 0,014ms
[2021-04-30T09:35:30.009+0300][32,066s][debug][gc] GC(587) YG occupancy: 39011 K (39296 K)
[2021-04-30T09:35:30.016+0300][32,073s][info ][gc] GC(587) Pause Remark 123M->123M(123M) 6,678ms
[2021-04-30T09:35:30.016+0300][32,073s][info ][gc] GC(587) Concurrent Sweep
[2021-04-30T09:35:30.027+0300][32,084s][debug][gc] GC(587) Concurrent active time: 0,011ms
[2021-04-30T09:35:30.027+0300][32,084s][info ][gc] GC(587) Concurrent Sweep 11,230ms
[2021-04-30T09:35:30.027+0300][32,084s][debug][gc] GC(588) Concurrent mode failure
[2021-04-30T09:35:30.081+0300][32,138s][info ][gc] GC(588) Pause Full (Allocation Failure) 123M->112M(123M) 63,408ms
[2021-04-30T09:35:30.172+0300][32,229s][info ][gc] GC(589) Pause Full (Allocation Failure) 123M->113M(123M) 52,876ms
[2021-04-30T09:35:30.177+0300][32,233s][info ][gc] GC(590) Pause Initial Mark 113M->113M(123M) 4,488ms
[2021-04-30T09:35:30.177+0300][32,234s][info ][gc] GC(590) Concurrent Mark
[2021-04-30T09:35:30.203+0300][32,260s][debug][gc] GC(590) Concurrent active time: 0,026ms
[2021-04-30T09:35:30.203+0300][32,260s][info ][gc] GC(590) Concurrent Mark 26,505ms
[2021-04-30T09:35:30.203+0300][32,260s][info ][gc] GC(590) Concurrent Preclean
[2021-04-30T09:35:30.222+0300][32,279s][debug][gc] GC(590) Concurrent active time: 0,019ms
[2021-04-30T09:35:30.222+0300][32,279s][info ][gc] GC(590) Concurrent Preclean 18,962ms
[2021-04-30T09:35:30.223+0300][32,279s][debug][gc] GC(591) Concurrent mode failure
[2021-04-30T09:35:30.272+0300][32,329s][info ][gc] GC(591) Pause Full (Allocation Failure) 123M->113M(123M) 56,064ms
[2021-04-30T09:35:30.360+0300][32,417s][info ][gc] GC(592) Pause Full (Allocation Failure) 123M->113M(123M) 51,575ms
[2021-04-30T09:35:30.365+0300][32,422s][info ][gc] GC(593) Pause Initial Mark 113M->113M(123M) 4,593ms
[2021-04-30T09:35:30.365+0300][32,422s][info ][gc] GC(593) Concurrent Mark
[2021-04-30T09:35:30.390+0300][32,447s][debug][gc] GC(593) Concurrent active time: 0,025ms
[2021-04-30T09:35:30.390+0300][32,447s][info ][gc] GC(593) Concurrent Mark 25,292ms
[2021-04-30T09:35:30.390+0300][32,447s][info ][gc] GC(593) Concurrent Preclean
[2021-04-30T09:35:30.408+0300][32,464s][debug][gc] GC(593) Concurrent active time: 0,017ms
[2021-04-30T09:35:30.408+0300][32,464s][info ][gc] GC(593) Concurrent Preclean 17,357ms
[2021-04-30T09:35:30.408+0300][32,464s][debug][gc] GC(594) Concurrent mode failure
[2021-04-30T09:35:30.459+0300][32,516s][info ][gc] GC(594) Pause Full (Allocation Failure) 123M->113M(123M) 55,870ms
[2021-04-30T09:35:30.547+0300][32,603s][info ][gc] GC(595) Pause Full (Allocation Failure) 123M->113M(123M) 51,497ms
[2021-04-30T09:35:30.551+0300][32,608s][info ][gc] GC(596) Pause Initial Mark 113M->113M(123M) 4,578ms
[2021-04-30T09:35:30.551+0300][32,608s][info ][gc] GC(596) Concurrent Mark
[2021-04-30T09:35:30.578+0300][32,634s][debug][gc] GC(596) Concurrent active time: 0,026ms
[2021-04-30T09:35:30.578+0300][32,634s][info ][gc] GC(596) Concurrent Mark 26,457ms
[2021-04-30T09:35:30.578+0300][32,634s][info ][gc] GC(596) Concurrent Preclean
[2021-04-30T09:35:30.601+0300][32,658s][debug][gc] GC(596) Concurrent active time: 0,023ms
[2021-04-30T09:35:30.601+0300][32,658s][info ][gc] GC(596) Concurrent Preclean 23,599ms
[2021-04-30T09:35:30.602+0300][32,658s][debug][gc] GC(597) Concurrent mode failure
[2021-04-30T09:35:30.653+0300][32,709s][info ][gc] GC(597) Pause Full (Allocation Failure) 123M->113M(123M) 57,501ms
[2021-04-30T09:35:30.741+0300][32,798s][info ][gc] GC(598) Pause Full (Allocation Failure) 123M->114M(123M) 53,421ms
[2021-04-30T09:35:30.746+0300][32,803s][info ][gc] GC(599) Pause Initial Mark 114M->114M(123M) 4,620ms
[2021-04-30T09:35:30.746+0300][32,803s][info ][gc] GC(599) Concurrent Mark
[2021-04-30T09:35:30.767+0300][32,823s][debug][gc] GC(599) Concurrent active time: 0,021ms
[2021-04-30T09:35:30.767+0300][32,823s][info ][gc] GC(599) Concurrent Mark 20,578ms
[2021-04-30T09:35:30.767+0300][32,823s][info ][gc] GC(599) Concurrent Preclean
[2021-04-30T09:35:30.794+0300][32,850s][debug][gc] GC(599) Concurrent active time: 0,027ms
[2021-04-30T09:35:30.794+0300][32,850s][info ][gc] GC(599) Concurrent Preclean 26,875ms
[2021-04-30T09:35:30.794+0300][32,850s][debug][gc] GC(600) Concurrent mode failure
[2021-04-30T09:35:30.845+0300][32,901s][info ][gc] GC(600) Pause Full (Allocation Failure) 123M->114M(123M) 52,194ms
[2021-04-30T09:35:30.935+0300][32,991s][info ][gc] GC(601) Pause Full (Allocation Failure) 123M->114M(123M) 53,299ms
[2021-04-30T09:35:30.942+0300][32,998s][info ][gc] GC(602) Pause Initial Mark 114M->114M(123M) 6,608ms
[2021-04-30T09:35:30.942+0300][32,998s][info ][gc] GC(602) Concurrent Mark
[2021-04-30T09:35:30.963+0300][33,020s][debug][gc] GC(602) Concurrent active time: 0,022ms
[2021-04-30T09:35:30.963+0300][33,020s][info ][gc] GC(602) Concurrent Mark 21,613ms
[2021-04-30T09:35:30.963+0300][33,020s][info ][gc] GC(602) Concurrent Preclean
[2021-04-30T09:35:30.979+0300][33,036s][debug][gc] GC(602) Concurrent active time: 0,016ms
[2021-04-30T09:35:30.979+0300][33,036s][info ][gc] GC(602) Concurrent Preclean 15,892ms
[2021-04-30T09:35:30.979+0300][33,036s][info ][gc] GC(602) Concurrent Abortable Preclean
[2021-04-30T09:35:30.979+0300][33,036s][debug][gc] GC(602) Concurrent active time: 0,000ms
[2021-04-30T09:35:30.979+0300][33,036s][info ][gc] GC(602) Concurrent Abortable Preclean 0,013ms
[2021-04-30T09:35:30.979+0300][33,036s][debug][gc] GC(602) YG occupancy: 37366 K (39296 K)
[2021-04-30T09:35:30.986+0300][33,043s][info ][gc] GC(602) Pause Remark 121M->121M(123M) 7,061ms
[2021-04-30T09:35:30.986+0300][33,043s][info ][gc] GC(602) Concurrent Sweep
[2021-04-30T09:35:30.999+0300][33,056s][debug][gc] GC(602) Concurrent active time: 0,013ms
[2021-04-30T09:35:30.999+0300][33,056s][info ][gc] GC(602) Concurrent Sweep 12,755ms
[2021-04-30T09:35:30.999+0300][33,056s][info ][gc] GC(602) Concurrent Reset
[2021-04-30T09:35:30.999+0300][33,056s][debug][gc] GC(602) Concurrent active time: 0,000ms
[2021-04-30T09:35:30.999+0300][33,056s][info ][gc] GC(602) Concurrent Reset 0,066ms
[2021-04-30T09:35:31.051+0300][33,108s][info ][gc] GC(604) Pause Full (Allocation Failure) 123M->114M(123M) 51,579ms
[2021-04-30T09:35:31.051+0300][33,108s][info ][gc] GC(603) Pause Young (Allocation Failure) 123M->114M(123M) 51,647ms
[2021-04-30T09:35:31.057+0300][33,113s][info ][gc] GC(605) Pause Initial Mark 114M->114M(123M) 5,169ms
[2021-04-30T09:35:31.057+0300][33,114s][info ][gc] GC(605) Concurrent Mark
[2021-04-30T09:35:31.084+0300][33,140s][debug][gc] GC(605) Concurrent active time: 0,027ms
[2021-04-30T09:35:31.084+0300][33,140s][info ][gc] GC(605) Concurrent Mark 26,610ms
[2021-04-30T09:35:31.084+0300][33,140s][info ][gc] GC(605) Concurrent Preclean
[2021-04-30T09:35:31.099+0300][33,156s][debug][gc] GC(605) Concurrent active time: 0,015ms
[2021-04-30T09:35:31.099+0300][33,156s][info ][gc] GC(605) Concurrent Preclean 15,714ms
[2021-04-30T09:35:31.099+0300][33,156s][debug][gc] GC(606) Concurrent mode failure
[2021-04-30T09:35:31.151+0300][33,207s][info ][gc] GC(606) Pause Full (Allocation Failure) 123M->114M(123M) 58,284ms
[2021-04-30T09:35:31.235+0300][33,292s][info ][gc] GC(607) Pause Full (Allocation Failure) 123M->114M(123M) 50,015ms
[2021-04-30T09:35:31.240+0300][33,297s][info ][gc] GC(608) Pause Initial Mark 114M->114M(123M) 4,792ms
[2021-04-30T09:35:31.240+0300][33,297s][info ][gc] GC(608) Concurrent Mark
[2021-04-30T09:35:31.261+0300][33,317s][debug][gc] GC(608) Concurrent active time: 0,021ms
[2021-04-30T09:35:31.261+0300][33,317s][info ][gc] GC(608) Concurrent Mark 20,694ms
[2021-04-30T09:35:31.261+0300][33,317s][info ][gc] GC(608) Concurrent Preclean
[2021-04-30T09:35:31.276+0300][33,333s][debug][gc] GC(608) Concurrent active time: 0,015ms
[2021-04-30T09:35:31.276+0300][33,333s][info ][gc] GC(608) Concurrent Preclean 15,337ms
[2021-04-30T09:35:31.276+0300][33,333s][info ][gc] GC(608) Concurrent Abortable Preclean
[2021-04-30T09:35:31.276+0300][33,333s][debug][gc] GC(608) Concurrent active time: 0,000ms
[2021-04-30T09:35:31.276+0300][33,333s][info ][gc] GC(608) Concurrent Abortable Preclean 0,013ms
[2021-04-30T09:35:31.276+0300][33,333s][debug][gc] GC(608) YG occupancy: 39283 K (39296 K)
[2021-04-30T09:35:31.283+0300][33,339s][info ][gc] GC(608) Pause Remark 123M->123M(123M) 6,717ms
[2021-04-30T09:35:31.283+0300][33,340s][info ][gc] GC(608) Concurrent Sweep
[2021-04-30T09:35:31.296+0300][33,352s][debug][gc] GC(608) Concurrent active time: 0,012ms
[2021-04-30T09:35:31.296+0300][33,352s][info ][gc] GC(608) Concurrent Sweep 12,547ms
[2021-04-30T09:35:31.296+0300][33,352s][debug][gc] GC(609) Concurrent mode failure
[2021-04-30T09:35:31.347+0300][33,404s][info ][gc] GC(609) Pause Full (Allocation Failure) 123M->114M(123M) 63,932ms
[2021-04-30T09:35:31.433+0300][33,489s][info ][gc] GC(610) Pause Full (Allocation Failure) 123M->115M(123M) 50,217ms
[2021-04-30T09:35:31.438+0300][33,494s][info ][gc] GC(611) Pause Initial Mark 115M->115M(123M) 4,782ms
[2021-04-30T09:35:31.438+0300][33,494s][info ][gc] GC(611) Concurrent Mark
[2021-04-30T09:35:31.459+0300][33,515s][debug][gc] GC(611) Concurrent active time: 0,021ms
[2021-04-30T09:35:31.459+0300][33,515s][info ][gc] GC(611) Concurrent Mark 20,895ms
[2021-04-30T09:35:31.459+0300][33,515s][info ][gc] GC(611) Concurrent Preclean
[2021-04-30T09:35:31.474+0300][33,531s][debug][gc] GC(611) Concurrent active time: 0,015ms
[2021-04-30T09:35:31.474+0300][33,531s][info ][gc] GC(611) Concurrent Preclean 15,286ms
[2021-04-30T09:35:31.474+0300][33,531s][debug][gc] GC(612) Concurrent mode failure
[2021-04-30T09:35:31.525+0300][33,582s][info ][gc] GC(612) Pause Full (Allocation Failure) 123M->115M(123M) 53,629ms
[2021-04-30T09:35:31.611+0300][33,667s][info ][gc] GC(613) Pause Full (Allocation Failure) 123M->115M(123M) 51,606ms
[2021-04-30T09:35:31.616+0300][33,672s][info ][gc] GC(614) Pause Initial Mark 115M->115M(123M) 4,757ms
[2021-04-30T09:35:31.616+0300][33,672s][info ][gc] GC(614) Concurrent Mark
[2021-04-30T09:35:31.636+0300][33,693s][debug][gc] GC(614) Concurrent active time: 0,021ms
[2021-04-30T09:35:31.637+0300][33,693s][info ][gc] GC(614) Concurrent Mark 20,851ms
[2021-04-30T09:35:31.637+0300][33,693s][info ][gc] GC(614) Concurrent Preclean
[2021-04-30T09:35:31.660+0300][33,716s][debug][gc] GC(614) Concurrent active time: 0,023ms
[2021-04-30T09:35:31.660+0300][33,716s][info ][gc] GC(614) Concurrent Preclean 23,291ms
[2021-04-30T09:35:31.660+0300][33,717s][debug][gc] GC(615) Concurrent mode failure
[2021-04-30T09:35:31.710+0300][33,767s][info ][gc] GC(615) Pause Full (Allocation Failure) 123M->115M(123M) 51,045ms
[2021-04-30T09:35:31.795+0300][33,851s][info ][gc] GC(616) Pause Full (Allocation Failure) 123M->115M(123M) 51,574ms
[2021-04-30T09:35:31.800+0300][33,856s][info ][gc] GC(617) Pause Initial Mark 115M->115M(123M) 4,669ms
[2021-04-30T09:35:31.800+0300][33,856s][info ][gc] GC(617) Concurrent Mark
[2021-04-30T09:35:31.821+0300][33,878s][debug][gc] GC(617) Concurrent active time: 0,021ms
[2021-04-30T09:35:31.821+0300][33,878s][info ][gc] GC(617) Concurrent Mark 21,397ms
[2021-04-30T09:35:31.821+0300][33,878s][info ][gc] GC(617) Concurrent Preclean
[2021-04-30T09:35:31.837+0300][33,894s][debug][gc] GC(617) Concurrent active time: 0,016ms
[2021-04-30T09:35:31.837+0300][33,894s][info ][gc] GC(617) Concurrent Preclean 15,844ms
[2021-04-30T09:35:31.837+0300][33,894s][debug][gc] GC(618) Concurrent mode failure
[2021-04-30T09:35:31.891+0300][33,947s][info ][gc] GC(618) Pause Full (Allocation Failure) 123M->115M(123M) 56,846ms
[2021-04-30T09:35:31.983+0300][34,039s][info ][gc] GC(619) Pause Full (Allocation Failure) 123M->115M(123M) 57,656ms
[2021-04-30T09:35:31.988+0300][34,044s][info ][gc] GC(620) Pause Initial Mark 116M->116M(123M) 4,846ms
[2021-04-30T09:35:31.988+0300][34,044s][info ][gc] GC(620) Concurrent Mark
[2021-04-30T09:35:32.009+0300][34,066s][debug][gc] GC(620) Concurrent active time: 0,019ms
[2021-04-30T09:35:32.009+0300][34,066s][info ][gc] GC(620) Concurrent Mark 21,394ms
[2021-04-30T09:35:32.009+0300][34,066s][info ][gc] GC(620) Concurrent Preclean
[2021-04-30T09:35:32.024+0300][34,081s][debug][gc] GC(620) Concurrent active time: 0,015ms
[2021-04-30T09:35:32.024+0300][34,081s][info ][gc] GC(620) Concurrent Preclean 15,039ms
[2021-04-30T09:35:32.024+0300][34,081s][info ][gc] GC(620) Concurrent Abortable Preclean
[2021-04-30T09:35:32.024+0300][34,081s][debug][gc] GC(620) Concurrent active time: 0,000ms
[2021-04-30T09:35:32.024+0300][34,081s][info ][gc] GC(620) Concurrent Abortable Preclean 0,012ms
[2021-04-30T09:35:32.024+0300][34,081s][debug][gc] GC(620) YG occupancy: 38761 K (39296 K)
[2021-04-30T09:35:32.031+0300][34,088s][info ][gc] GC(620) Pause Remark 123M->123M(123M) 6,951ms
[2021-04-30T09:35:32.032+0300][34,088s][info ][gc] GC(620) Concurrent Sweep
[2021-04-30T09:35:32.046+0300][34,103s][debug][gc] GC(620) Concurrent active time: 0,014ms
[2021-04-30T09:35:32.046+0300][34,103s][info ][gc] GC(620) Concurrent Sweep 14,479ms
[2021-04-30T09:35:32.046+0300][34,103s][debug][gc] GC(621) Concurrent mode failure
[2021-04-30T09:35:32.098+0300][34,154s][info ][gc] GC(621) Pause Full (Allocation Failure) 123M->115M(123M) 62,628ms
[2021-04-30T09:35:32.994+0300][35,051s][info ][gc] GC(622) Pause Full (Allocation Failure) 123M->92M(123M) 74,028ms
[2021-04-30T09:35:32.996+0300][35,052s][info ][gc] GC(623) Pause Initial Mark 92M->92M(123M) 1,378ms
[2021-04-30T09:35:32.996+0300][35,052s][info ][gc] GC(623) Concurrent Mark
[2021-04-30T09:35:33.022+0300][35,079s][debug][gc] GC(623) Concurrent active time: 0,025ms
[2021-04-30T09:35:33.022+0300][35,079s][info ][gc] GC(623) Concurrent Mark 26,645ms
[2021-04-30T09:35:33.022+0300][35,079s][info ][gc] GC(623) Concurrent Preclean
[2021-04-30T09:35:33.038+0300][35,094s][debug][gc] GC(623) Concurrent active time: 0,015ms
[2021-04-30T09:35:33.038+0300][35,094s][info ][gc] GC(623) Concurrent Preclean 15,442ms
[2021-04-30T09:35:33.038+0300][35,094s][info ][gc] GC(623) Concurrent Abortable Preclean
[2021-04-30T09:35:33.038+0300][35,094s][debug][gc] GC(623) Concurrent active time: 0,000ms
[2021-04-30T09:35:33.038+0300][35,094s][info ][gc] GC(623) Concurrent Abortable Preclean 0,012ms
[2021-04-30T09:35:33.038+0300][35,095s][debug][gc] GC(623) YG occupancy: 7052 K (39296 K)
[2021-04-30T09:35:33.041+0300][35,098s][info ][gc] GC(623) Pause Remark 92M->92M(123M) 3,181ms
[2021-04-30T09:35:33.041+0300][35,098s][info ][gc] GC(623) Concurrent Sweep
[2021-04-30T09:35:33.053+0300][35,110s][debug][gc] GC(623) Concurrent active time: 0,012ms
[2021-04-30T09:35:33.053+0300][35,110s][info ][gc] GC(623) Concurrent Sweep 11,763ms
[2021-04-30T09:35:33.053+0300][35,110s][info ][gc] GC(623) Concurrent Reset
[2021-04-30T09:35:33.053+0300][35,110s][debug][gc] GC(623) Concurrent active time: 0,000ms
[2021-04-30T09:35:33.053+0300][35,110s][info ][gc] GC(623) Concurrent Reset 0,067ms
[2021-04-30T09:35:33.439+0300][35,495s][info ][gc] GC(625) Pause Full (Allocation Failure) 123M->72M(123M) 48,978ms
[2021-04-30T09:35:33.439+0300][35,495s][info ][gc] GC(624) Pause Young (Allocation Failure) 123M->72M(123M) 66,976ms
[2021-04-30T09:35:33.493+0300][35,549s][info ][gc] GC(626) Pause Young (Allocation Failure) 106M->75M(123M) 0,733ms
[2021-04-30T09:35:33.542+0300][35,599s][info ][gc] GC(627) Pause Young (Allocation Failure) 109M->74M(123M) 0,823ms
[2021-04-30T09:35:33.589+0300][35,646s][info ][gc] GC(628) Pause Young (Allocation Failure) 108M->74M(123M) 1,046ms
[2021-04-30T09:35:33.637+0300][35,694s][info ][gc] GC(629) Pause Young (Allocation Failure) 108M->75M(123M) 1,241ms
[2021-04-30T09:35:33.686+0300][35,743s][info ][gc] GC(630) Pause Young (Allocation Failure) 109M->75M(123M) 1,551ms
[2021-04-30T09:35:33.737+0300][35,794s][info ][gc] GC(631) Pause Young (Allocation Failure) 110M->76M(123M) 2,331ms
[2021-04-30T09:35:33.789+0300][35,845s][info ][gc] GC(632) Pause Young (Allocation Failure) 110M->77M(123M) 1,651ms
[2021-04-30T09:35:33.839+0300][35,896s][info ][gc] GC(633) Pause Young (Allocation Failure) 111M->77M(123M) 1,667ms
[2021-04-30T09:35:33.891+0300][35,947s][info ][gc] GC(634) Pause Young (Allocation Failure) 112M->78M(123M) 1,954ms
[2021-04-30T09:35:33.949+0300][36,005s][info ][gc] GC(635) Pause Young (Allocation Failure) 112M->79M(123M) 1,831ms
[2021-04-30T09:35:34.001+0300][36,057s][info ][gc] GC(636) Pause Young (Allocation Failure) 113M->79M(123M) 1,782ms
[2021-04-30T09:35:34.054+0300][36,110s][info ][gc] GC(637) Pause Young (Allocation Failure) 113M->80M(123M) 1,364ms
[2021-04-30T09:35:34.103+0300][36,159s][info ][gc] GC(638) Pause Young (Allocation Failure) 114M->80M(123M) 1,368ms
[2021-04-30T09:35:34.151+0300][36,208s][info ][gc] GC(639) Pause Young (Allocation Failure) 114M->81M(123M) 1,462ms
[2021-04-30T09:35:34.200+0300][36,257s][info ][gc] GC(640) Pause Young (Allocation Failure) 115M->81M(123M) 1,636ms
[2021-04-30T09:35:34.247+0300][36,304s][info ][gc] GC(641) Pause Young (Allocation Failure) 115M->82M(123M) 1,880ms
[2021-04-30T09:35:34.248+0300][36,304s][info ][gc] GC(642) Pause Initial Mark 82M->82M(123M) 0,401ms
[2021-04-30T09:35:34.248+0300][36,304s][info ][gc] GC(642) Concurrent Mark
[2021-04-30T09:35:34.266+0300][36,322s][debug][gc] GC(642) Concurrent active time: 0,018ms
[2021-04-30T09:35:34.266+0300][36,322s][info ][gc] GC(642) Concurrent Mark 17,826ms
[2021-04-30T09:35:34.266+0300][36,322s][info ][gc] GC(642) Concurrent Preclean
[2021-04-30T09:35:34.266+0300][36,323s][debug][gc] GC(642) Concurrent active time: 0,000ms
[2021-04-30T09:35:34.266+0300][36,323s][info ][gc] GC(642) Concurrent Preclean 0,353ms
[2021-04-30T09:35:34.266+0300][36,323s][info ][gc] GC(642) Concurrent Abortable Preclean
[2021-04-30T09:35:34.300+0300][36,356s][info ][gc] GC(643) Pause Young (Allocation Failure) 116M->82M(123M) 1,966ms
[2021-04-30T09:35:34.351+0300][36,407s][info ][gc] GC(644) Pause Young (Allocation Failure) 116M->83M(123M) 1,750ms
[2021-04-30T09:35:34.401+0300][36,457s][info ][gc] GC(645) Pause Young (Allocation Failure) 117M->83M(123M) 1,697ms
[2021-04-30T09:35:34.450+0300][36,507s][info ][gc] GC(646) Pause Young (Allocation Failure) 118M->84M(123M) 1,628ms
[2021-04-30T09:35:34.501+0300][36,558s][info ][gc] GC(647) Pause Young (Allocation Failure) 118M->85M(123M) 1,601ms
[2021-04-30T09:35:34.551+0300][36,608s][info ][gc] GC(648) Pause Young (Allocation Failure) 119M->85M(123M) 1,673ms
[2021-04-30T09:35:34.612+0300][36,668s][info ][gc] GC(649) Pause Young (Allocation Failure) 119M->86M(123M) 1,697ms
[2021-04-30T09:35:34.667+0300][36,724s][info ][gc] GC(650) Pause Young (Allocation Failure) 120M->86M(123M) 1,903ms
[2021-04-30T09:35:34.717+0300][36,774s][info ][gc] GC(651) Pause Young (Allocation Failure) 120M->87M(123M) 1,765ms
[2021-04-30T09:35:34.769+0300][36,825s][info ][gc] GC(652) Pause Young (Allocation Failure) 121M->87M(123M) 1,809ms
[2021-04-30T09:35:34.821+0300][36,877s][info ][gc] GC(653) Pause Young (Allocation Failure) 121M->88M(123M) 1,912ms
[2021-04-30T09:35:34.821+0300][36,877s][debug][gc] GC(642) Concurrent active time: 0,051ms
[2021-04-30T09:35:34.821+0300][36,877s][info ][gc] GC(642) Concurrent Abortable Preclean 554,735ms
[2021-04-30T09:35:34.821+0300][36,877s][debug][gc] GC(642) YG occupancy: 4082 K (39296 K)
[2021-04-30T09:35:34.823+0300][36,880s][info ][gc] GC(642) Pause Remark 89M->89M(123M) 2,566ms
[2021-04-30T09:35:34.823+0300][36,880s][info ][gc] GC(642) Concurrent Sweep
[2021-04-30T09:35:34.836+0300][36,893s][debug][gc] GC(642) Concurrent active time: 0,012ms
[2021-04-30T09:35:34.836+0300][36,893s][info ][gc] GC(642) Concurrent Sweep 12,536ms
[2021-04-30T09:35:34.836+0300][36,893s][info ][gc] GC(642) Concurrent Reset
[2021-04-30T09:35:34.836+0300][36,893s][debug][gc] GC(642) Concurrent active time: 0,000ms
[2021-04-30T09:35:34.836+0300][36,893s][info ][gc] GC(642) Concurrent Reset 0,074ms
[2021-04-30T09:35:34.949+0300][37,006s][info ][gc] GC(655) Pause Full (Allocation Failure) 122M->87M(123M) 74,781ms
[2021-04-30T09:35:34.950+0300][37,006s][info ][gc] GC(654) Pause Young (Allocation Failure) 122M->87M(123M) 74,870ms
[2021-04-30T09:35:34.950+0300][37,007s][info ][gc] GC(656) Pause Initial Mark 88M->88M(123M) 0,480ms
[2021-04-30T09:35:34.950+0300][37,007s][info ][gc] GC(656) Concurrent Mark
[2021-04-30T09:35:34.974+0300][37,030s][debug][gc] GC(656) Concurrent active time: 0,023ms
[2021-04-30T09:35:34.974+0300][37,031s][info ][gc] GC(656) Concurrent Mark 23,644ms
[2021-04-30T09:35:34.974+0300][37,031s][info ][gc] GC(656) Concurrent Preclean
[2021-04-30T09:35:34.991+0300][37,047s][debug][gc] GC(656) Concurrent active time: 0,017ms
[2021-04-30T09:35:34.991+0300][37,047s][info ][gc] GC(656) Concurrent Preclean 16,835ms
[2021-04-30T09:35:34.991+0300][37,047s][info ][gc] GC(656) Concurrent Abortable Preclean
[2021-04-30T09:35:34.991+0300][37,047s][debug][gc] GC(656) Concurrent active time: 0,000ms
[2021-04-30T09:35:34.991+0300][37,047s][info ][gc] GC(656) Concurrent Abortable Preclean 0,012ms
[2021-04-30T09:35:34.991+0300][37,047s][debug][gc] GC(656) YG occupancy: 27732 K (39296 K)
[2021-04-30T09:35:34.996+0300][37,053s][info ][gc] GC(656) Pause Remark 112M->112M(123M) 5,379ms
[2021-04-30T09:35:34.996+0300][37,053s][info ][gc] GC(656) Concurrent Sweep
[2021-04-30T09:35:35.008+0300][37,065s][debug][gc] GC(656) Concurrent active time: 0,012ms
[2021-04-30T09:35:35.008+0300][37,065s][info ][gc] GC(656) Concurrent Sweep 12,060ms
[2021-04-30T09:35:35.008+0300][37,065s][info ][gc] GC(656) Concurrent Reset
[2021-04-30T09:35:35.009+0300][37,065s][debug][gc] GC(656) Concurrent active time: 0,000ms
[2021-04-30T09:35:35.009+0300][37,065s][info ][gc] GC(656) Concurrent Reset 0,076ms
[2021-04-30T09:35:35.084+0300][37,141s][info ][gc] GC(658) Pause Full (Allocation Failure) 123M->88M(123M) 48,495ms
[2021-04-30T09:35:35.084+0300][37,141s][info ][gc] GC(657) Pause Young (Allocation Failure) 123M->88M(123M) 48,568ms
[2021-04-30T09:35:35.085+0300][37,142s][info ][gc] GC(659) Pause Initial Mark 89M->89M(123M) 0,604ms
[2021-04-30T09:35:35.085+0300][37,142s][info ][gc] GC(659) Concurrent Mark
[2021-04-30T09:35:35.106+0300][37,162s][debug][gc] GC(659) Concurrent active time: 0,021ms
[2021-04-30T09:35:35.106+0300][37,162s][info ][gc] GC(659) Concurrent Mark 20,626ms
[2021-04-30T09:35:35.106+0300][37,163s][info ][gc] GC(659) Concurrent Preclean
[2021-04-30T09:35:35.122+0300][37,178s][debug][gc] GC(659) Concurrent active time: 0,016ms
[2021-04-30T09:35:35.122+0300][37,178s][info ][gc] GC(659) Concurrent Preclean 15,769ms
[2021-04-30T09:35:35.122+0300][37,178s][info ][gc] GC(659) Concurrent Abortable Preclean
[2021-04-30T09:35:35.122+0300][37,178s][debug][gc] GC(659) Concurrent active time: 0,000ms
[2021-04-30T09:35:35.122+0300][37,178s][info ][gc] GC(659) Concurrent Abortable Preclean 0,012ms
[2021-04-30T09:35:35.122+0300][37,178s][debug][gc] GC(659) YG occupancy: 27543 K (39296 K)
[2021-04-30T09:35:35.127+0300][37,184s][info ][gc] GC(659) Pause Remark 112M->112M(123M) 5,575ms
[2021-04-30T09:35:35.128+0300][37,184s][info ][gc] GC(659) Concurrent Sweep
[2021-04-30T09:35:35.140+0300][37,196s][debug][gc] GC(659) Concurrent active time: 0,012ms
[2021-04-30T09:35:35.140+0300][37,196s][info ][gc] GC(659) Concurrent Sweep 12,034ms
[2021-04-30T09:35:35.140+0300][37,196s][info ][gc] GC(659) Concurrent Reset
[2021-04-30T09:35:35.140+0300][37,196s][debug][gc] GC(659) Concurrent active time: 0,000ms
[2021-04-30T09:35:35.140+0300][37,196s][info ][gc] GC(659) Concurrent Reset 0,089ms
[2021-04-30T09:35:35.215+0300][37,271s][info ][gc] GC(661) Pause Full (Allocation Failure) 123M->88M(123M) 48,083ms
[2021-04-30T09:35:35.215+0300][37,271s][info ][gc] GC(660) Pause Young (Allocation Failure) 123M->88M(123M) 48,157ms
[2021-04-30T09:35:35.216+0300][37,272s][info ][gc] GC(662) Pause Initial Mark 89M->89M(123M) 0,640ms
[2021-04-30T09:35:35.216+0300][37,272s][info ][gc] GC(662) Concurrent Mark
[2021-04-30T09:35:35.238+0300][37,294s][debug][gc] GC(662) Concurrent active time: 0,022ms
[2021-04-30T09:35:35.238+0300][37,294s][info ][gc] GC(662) Concurrent Mark 22,224ms
[2021-04-30T09:35:35.244+0300][37,301s][info ][gc] GC(662) Concurrent Preclean
[2021-04-30T09:35:35.261+0300][37,318s][debug][gc] GC(662) Concurrent active time: 0,017ms
[2021-04-30T09:35:35.261+0300][37,318s][info ][gc] GC(662) Concurrent Preclean 16,711ms
[2021-04-30T09:35:35.261+0300][37,318s][info ][gc] GC(662) Concurrent Abortable Preclean
[2021-04-30T09:35:35.261+0300][37,318s][debug][gc] GC(662) Concurrent active time: 0,000ms
[2021-04-30T09:35:35.261+0300][37,318s][info ][gc] GC(662) Concurrent Abortable Preclean 0,012ms
[2021-04-30T09:35:35.261+0300][37,318s][debug][gc] GC(662) YG occupancy: 33027 K (39296 K)
[2021-04-30T09:35:35.268+0300][37,324s][info ][gc] GC(662) Pause Remark 117M->117M(123M) 6,626ms
[2021-04-30T09:35:35.268+0300][37,324s][info ][gc] GC(662) Concurrent Sweep
[2021-04-30T09:35:35.281+0300][37,337s][debug][gc] GC(662) Concurrent active time: 0,013ms
[2021-04-30T09:35:35.281+0300][37,337s][info ][gc] GC(662) Concurrent Sweep 12,995ms
[2021-04-30T09:35:35.281+0300][37,338s][info ][gc] GC(662) Concurrent Reset
[2021-04-30T09:35:35.281+0300][37,338s][debug][gc] GC(662) Concurrent active time: 0,000ms
[2021-04-30T09:35:35.281+0300][37,338s][info ][gc] GC(662) Concurrent Reset 0,068ms
[2021-04-30T09:35:35.350+0300][37,406s][info ][gc] GC(664) Pause Full (Allocation Failure) 123M->89M(123M) 49,597ms
[2021-04-30T09:35:35.350+0300][37,406s][info ][gc] GC(663) Pause Young (Allocation Failure) 123M->89M(123M) 49,671ms
[2021-04-30T09:35:35.351+0300][37,408s][info ][gc] GC(665) Pause Initial Mark 90M->90M(123M) 0,815ms
[2021-04-30T09:35:35.351+0300][37,408s][info ][gc] GC(665) Concurrent Mark
[2021-04-30T09:35:35.378+0300][37,435s][debug][gc] GC(665) Concurrent active time: 0,027ms
[2021-04-30T09:35:35.378+0300][37,435s][info ][gc] GC(665) Concurrent Mark 27,030ms
[2021-04-30T09:35:35.378+0300][37,435s][info ][gc] GC(665) Concurrent Preclean
[2021-04-30T09:35:35.394+0300][37,450s][debug][gc] GC(665) Concurrent active time: 0,016ms
[2021-04-30T09:35:35.394+0300][37,450s][info ][gc] GC(665) Concurrent Preclean 15,821ms
[2021-04-30T09:35:35.394+0300][37,450s][info ][gc] GC(665) Concurrent Abortable Preclean
[2021-04-30T09:35:35.394+0300][37,450s][debug][gc] GC(665) Concurrent active time: 0,000ms
[2021-04-30T09:35:35.394+0300][37,450s][info ][gc] GC(665) Concurrent Abortable Preclean 0,012ms
[2021-04-30T09:35:35.394+0300][37,451s][debug][gc] GC(665) YG occupancy: 32215 K (39296 K)
[2021-04-30T09:35:35.400+0300][37,457s][info ][gc] GC(665) Pause Remark 116M->116M(123M) 6,077ms
[2021-04-30T09:35:35.400+0300][37,457s][info ][gc] GC(665) Concurrent Sweep
[2021-04-30T09:35:35.412+0300][37,469s][debug][gc] GC(665) Concurrent active time: 0,012ms
[2021-04-30T09:35:35.412+0300][37,469s][info ][gc] GC(665) Concurrent Sweep 11,755ms
[2021-04-30T09:35:35.412+0300][37,469s][info ][gc] GC(665) Concurrent Reset
[2021-04-30T09:35:35.412+0300][37,469s][debug][gc] GC(665) Concurrent active time: 0,000ms
[2021-04-30T09:35:35.412+0300][37,469s][info ][gc] GC(665) Concurrent Reset 0,065ms
[2021-04-30T09:35:35.482+0300][37,539s][info ][gc] GC(667) Pause Full (Allocation Failure) 123M->90M(123M) 50,248ms
[2021-04-30T09:35:35.482+0300][37,539s][info ][gc] GC(666) Pause Young (Allocation Failure) 123M->90M(123M) 50,321ms
[2021-04-30T09:35:35.483+0300][37,540s][info ][gc] GC(668) Pause Initial Mark 90M->90M(123M) 0,934ms
[2021-04-30T09:35:35.483+0300][37,540s][info ][gc] GC(668) Concurrent Mark
[2021-04-30T09:35:35.507+0300][37,563s][debug][gc] GC(668) Concurrent active time: 0,023ms
[2021-04-30T09:35:35.507+0300][37,563s][info ][gc] GC(668) Concurrent Mark 23,415ms
[2021-04-30T09:35:35.507+0300][37,563s][info ][gc] GC(668) Concurrent Preclean
[2021-04-30T09:35:35.524+0300][37,581s][debug][gc] GC(668) Concurrent active time: 0,017ms
[2021-04-30T09:35:35.524+0300][37,581s][info ][gc] GC(668) Concurrent Preclean 17,206ms
[2021-04-30T09:35:35.524+0300][37,581s][info ][gc] GC(668) Concurrent Abortable Preclean
[2021-04-30T09:35:35.524+0300][37,581s][debug][gc] GC(668) Concurrent active time: 0,000ms
[2021-04-30T09:35:35.524+0300][37,581s][info ][gc] GC(668) Concurrent Abortable Preclean 0,012ms
[2021-04-30T09:35:35.524+0300][37,581s][debug][gc] GC(668) YG occupancy: 29990 K (39296 K)
[2021-04-30T09:35:35.530+0300][37,587s][info ][gc] GC(668) Pause Remark 114M->114M(123M) 6,094ms
[2021-04-30T09:35:35.530+0300][37,587s][info ][gc] GC(668) Concurrent Sweep
[2021-04-30T09:35:35.544+0300][37,601s][debug][gc] GC(668) Concurrent active time: 0,014ms
[2021-04-30T09:35:35.544+0300][37,601s][info ][gc] GC(668) Concurrent Sweep 13,667ms
[2021-04-30T09:35:35.544+0300][37,601s][info ][gc] GC(668) Concurrent Reset
[2021-04-30T09:35:35.544+0300][37,601s][debug][gc] GC(668) Concurrent active time: 0,000ms
[2021-04-30T09:35:35.544+0300][37,601s][info ][gc] GC(668) Concurrent Reset 0,075ms
[2021-04-30T09:35:35.615+0300][37,672s][info ][gc] GC(670) Pause Full (Allocation Failure) 123M->90M(123M) 49,264ms
[2021-04-30T09:35:35.615+0300][37,672s][info ][gc] GC(669) Pause Young (Allocation Failure) 123M->90M(123M) 49,340ms
[2021-04-30T09:35:35.616+0300][37,673s][info ][gc] GC(671) Pause Initial Mark 91M->91M(123M) 0,941ms
[2021-04-30T09:35:35.616+0300][37,673s][info ][gc] GC(671) Concurrent Mark
[2021-04-30T09:35:35.639+0300][37,695s][debug][gc] GC(671) Concurrent active time: 0,022ms
[2021-04-30T09:35:35.639+0300][37,695s][info ][gc] GC(671) Concurrent Mark 22,304ms
[2021-04-30T09:35:35.639+0300][37,695s][info ][gc] GC(671) Concurrent Preclean
[2021-04-30T09:35:35.655+0300][37,712s][debug][gc] GC(671) Concurrent active time: 0,016ms
[2021-04-30T09:35:35.655+0300][37,712s][info ][gc] GC(671) Concurrent Preclean 16,277ms
[2021-04-30T09:35:35.655+0300][37,712s][info ][gc] GC(671) Concurrent Abortable Preclean
[2021-04-30T09:35:35.655+0300][37,712s][debug][gc] GC(671) Concurrent active time: 0,000ms
[2021-04-30T09:35:35.655+0300][37,712s][info ][gc] GC(671) Concurrent Abortable Preclean 0,013ms
[2021-04-30T09:35:35.655+0300][37,712s][debug][gc] GC(671) YG occupancy: 30416 K (39296 K)
[2021-04-30T09:35:35.661+0300][37,718s][info ][gc] GC(671) Pause Remark 115M->115M(123M) 5,862ms
[2021-04-30T09:35:35.661+0300][37,718s][info ][gc] GC(671) Concurrent Sweep
[2021-04-30T09:35:35.673+0300][37,730s][debug][gc] GC(671) Concurrent active time: 0,012ms
[2021-04-30T09:35:35.673+0300][37,730s][info ][gc] GC(671) Concurrent Sweep 11,987ms
[2021-04-30T09:35:35.673+0300][37,730s][info ][gc] GC(671) Concurrent Reset
[2021-04-30T09:35:35.673+0300][37,730s][debug][gc] GC(671) Concurrent active time: 0,000ms
[2021-04-30T09:35:35.673+0300][37,730s][info ][gc] GC(671) Concurrent Reset 0,067ms
[2021-04-30T09:35:35.746+0300][37,802s][info ][gc] GC(673) Pause Full (Allocation Failure) 123M->91M(123M) 50,894ms
[2021-04-30T09:35:35.746+0300][37,802s][info ][gc] GC(672) Pause Young (Allocation Failure) 123M->91M(123M) 50,969ms
[2021-04-30T09:35:35.747+0300][37,804s][info ][gc] GC(674) Pause Initial Mark 91M->91M(123M) 0,971ms
[2021-04-30T09:35:35.747+0300][37,804s][info ][gc] GC(674) Concurrent Mark
[2021-04-30T09:35:35.769+0300][37,826s][debug][gc] GC(674) Concurrent active time: 0,022ms
[2021-04-30T09:35:35.769+0300][37,826s][info ][gc] GC(674) Concurrent Mark 22,325ms
[2021-04-30T09:35:35.769+0300][37,826s][info ][gc] GC(674) Concurrent Preclean
[2021-04-30T09:35:35.786+0300][37,842s][debug][gc] GC(674) Concurrent active time: 0,016ms
[2021-04-30T09:35:35.786+0300][37,842s][info ][gc] GC(674) Concurrent Preclean 16,518ms
[2021-04-30T09:35:35.786+0300][37,842s][info ][gc] GC(674) Concurrent Abortable Preclean
[2021-04-30T09:35:35.786+0300][37,843s][debug][gc] GC(674) Concurrent active time: 0,000ms
[2021-04-30T09:35:35.786+0300][37,843s][info ][gc] GC(674) Concurrent Abortable Preclean 0,012ms
[2021-04-30T09:35:35.786+0300][37,843s][debug][gc] GC(674) YG occupancy: 31424 K (39296 K)
[2021-04-30T09:35:35.792+0300][37,849s][info ][gc] GC(674) Pause Remark 116M->116M(123M) 6,183ms
[2021-04-30T09:35:35.792+0300][37,849s][info ][gc] GC(674) Concurrent Sweep
[2021-04-30T09:35:35.810+0300][37,866s][debug][gc] GC(674) Concurrent active time: 0,017ms
[2021-04-30T09:35:35.810+0300][37,866s][info ][gc] GC(674) Concurrent Sweep 17,558ms
[2021-04-30T09:35:35.810+0300][37,867s][info ][gc] GC(674) Concurrent Reset
[2021-04-30T09:35:35.810+0300][37,867s][debug][gc] GC(674) Concurrent active time: 0,000ms
[2021-04-30T09:35:35.810+0300][37,867s][info ][gc] GC(674) Concurrent Reset 0,085ms
[2021-04-30T09:35:35.901+0300][37,958s][info ][gc] GC(676) Pause Full (Allocation Failure) 123M->91M(123M) 68,692ms
[2021-04-30T09:35:35.901+0300][37,958s][info ][gc] GC(675) Pause Young (Allocation Failure) 123M->91M(123M) 68,775ms
[2021-04-30T09:35:35.903+0300][37,959s][info ][gc] GC(677) Pause Initial Mark 92M->92M(123M) 1,193ms
[2021-04-30T09:35:35.903+0300][37,959s][info ][gc] GC(677) Concurrent Mark
[2021-04-30T09:35:35.927+0300][37,983s][debug][gc] GC(677) Concurrent active time: 0,024ms
[2021-04-30T09:35:35.927+0300][37,983s][info ][gc] GC(677) Concurrent Mark 23,983ms
[2021-04-30T09:35:35.927+0300][37,983s][info ][gc] GC(677) Concurrent Preclean
[2021-04-30T09:35:35.949+0300][38,005s][debug][gc] GC(677) Concurrent active time: 0,021ms
[2021-04-30T09:35:35.949+0300][38,005s][info ][gc] GC(677) Concurrent Preclean 22,023ms
[2021-04-30T09:35:35.949+0300][38,005s][info ][gc] GC(677) Concurrent Abortable Preclean
[2021-04-30T09:35:35.949+0300][38,005s][debug][gc] GC(677) Concurrent active time: 0,000ms
[2021-04-30T09:35:35.949+0300][38,005s][info ][gc] GC(677) Concurrent Abortable Preclean 0,016ms
[2021-04-30T09:35:35.949+0300][38,006s][debug][gc] GC(677) YG occupancy: 32447 K (39296 K)
[2021-04-30T09:35:35.956+0300][38,013s][info ][gc] GC(677) Pause Remark 117M->117M(123M) 7,102ms
[2021-04-30T09:35:35.956+0300][38,013s][info ][gc] GC(677) Concurrent Sweep
[2021-04-30T09:35:35.970+0300][38,027s][debug][gc] GC(677) Concurrent active time: 0,014ms
[2021-04-30T09:35:35.970+0300][38,027s][info ][gc] GC(677) Concurrent Sweep 14,072ms
[2021-04-30T09:35:35.970+0300][38,027s][info ][gc] GC(677) Concurrent Reset
[2021-04-30T09:35:35.970+0300][38,027s][debug][gc] GC(677) Concurrent active time: 0,000ms
[2021-04-30T09:35:35.970+0300][38,027s][info ][gc] GC(677) Concurrent Reset 0,067ms
[2021-04-30T09:35:36.040+0300][38,096s][info ][gc] GC(679) Pause Full (Allocation Failure) 123M->92M(123M) 48,773ms
[2021-04-30T09:35:36.040+0300][38,096s][info ][gc] GC(678) Pause Young (Allocation Failure) 123M->92M(123M) 48,846ms
[2021-04-30T09:35:36.041+0300][38,098s][info ][gc] GC(680) Pause Initial Mark 92M->92M(123M) 1,105ms
[2021-04-30T09:35:36.041+0300][38,098s][info ][gc] GC(680) Concurrent Mark
[2021-04-30T09:35:36.064+0300][38,120s][debug][gc] GC(680) Concurrent active time: 0,022ms
[2021-04-30T09:35:36.064+0300][38,120s][info ][gc] GC(680) Concurrent Mark 22,430ms
[2021-04-30T09:35:36.064+0300][38,120s][info ][gc] GC(680) Concurrent Preclean
[2021-04-30T09:35:36.079+0300][38,136s][debug][gc] GC(680) Concurrent active time: 0,016ms
[2021-04-30T09:35:36.079+0300][38,136s][info ][gc] GC(680) Concurrent Preclean 15,753ms
[2021-04-30T09:35:36.079+0300][38,136s][info ][gc] GC(680) Concurrent Abortable Preclean
[2021-04-30T09:35:36.079+0300][38,136s][debug][gc] GC(680) Concurrent active time: 0,000ms
[2021-04-30T09:35:36.079+0300][38,136s][info ][gc] GC(680) Concurrent Abortable Preclean 0,012ms
[2021-04-30T09:35:36.080+0300][38,136s][debug][gc] GC(680) YG occupancy: 33180 K (39296 K)
[2021-04-30T09:35:36.086+0300][38,143s][info ][gc] GC(680) Pause Remark 117M->117M(123M) 6,429ms
[2021-04-30T09:35:36.086+0300][38,143s][info ][gc] GC(680) Concurrent Sweep
[2021-04-30T09:35:36.098+0300][38,154s][debug][gc] GC(680) Concurrent active time: 0,012ms
[2021-04-30T09:35:36.098+0300][38,154s][info ][gc] GC(680) Concurrent Sweep 11,826ms
[2021-04-30T09:35:36.098+0300][38,155s][info ][gc] GC(680) Concurrent Reset
[2021-04-30T09:35:36.098+0300][38,155s][debug][gc] GC(680) Concurrent active time: 0,000ms
[2021-04-30T09:35:36.098+0300][38,155s][info ][gc] GC(680) Concurrent Reset 0,066ms
[2021-04-30T09:35:36.168+0300][38,225s][info ][gc] GC(682) Pause Full (Allocation Failure) 123M->92M(123M) 51,559ms
[2021-04-30T09:35:36.168+0300][38,225s][info ][gc] GC(681) Pause Young (Allocation Failure) 123M->92M(123M) 51,641ms
[2021-04-30T09:35:36.170+0300][38,227s][info ][gc] GC(683) Pause Initial Mark 93M->93M(123M) 1,288ms
[2021-04-30T09:35:36.170+0300][38,227s][info ][gc] GC(683) Concurrent Mark
[2021-04-30T09:35:36.196+0300][38,253s][debug][gc] GC(683) Concurrent active time: 0,026ms
[2021-04-30T09:35:36.196+0300][38,253s][info ][gc] GC(683) Concurrent Mark 25,958ms
[2021-04-30T09:35:36.196+0300][38,253s][info ][gc] GC(683) Concurrent Preclean
[2021-04-30T09:35:36.212+0300][38,269s][debug][gc] GC(683) Concurrent active time: 0,016ms
[2021-04-30T09:35:36.212+0300][38,269s][info ][gc] GC(683) Concurrent Preclean 15,998ms
[2021-04-30T09:35:36.212+0300][38,269s][info ][gc] GC(683) Concurrent Abortable Preclean
[2021-04-30T09:35:36.212+0300][38,269s][debug][gc] GC(683) Concurrent active time: 0,000ms
[2021-04-30T09:35:36.212+0300][38,269s][info ][gc] GC(683) Concurrent Abortable Preclean 0,012ms
[2021-04-30T09:35:36.212+0300][38,269s][debug][gc] GC(683) YG occupancy: 34668 K (39296 K)
[2021-04-30T09:35:36.218+0300][38,275s][info ][gc] GC(683) Pause Remark 119M->119M(123M) 6,210ms
[2021-04-30T09:35:36.218+0300][38,275s][info ][gc] GC(683) Concurrent Sweep
[2021-04-30T09:35:36.231+0300][38,287s][debug][gc] GC(683) Concurrent active time: 0,012ms
[2021-04-30T09:35:36.231+0300][38,287s][info ][gc] GC(683) Concurrent Sweep 12,327ms
[2021-04-30T09:35:36.231+0300][38,287s][info ][gc] GC(683) Concurrent Reset
[2021-04-30T09:35:36.231+0300][38,287s][debug][gc] GC(683) Concurrent active time: 0,000ms
[2021-04-30T09:35:36.231+0300][38,287s][info ][gc] GC(683) Concurrent Reset 0,065ms
[2021-04-30T09:35:36.296+0300][38,353s][info ][gc] GC(685) Pause Full (Allocation Failure) 123M->93M(123M) 48,602ms
[2021-04-30T09:35:36.297+0300][38,353s][info ][gc] GC(684) Pause Young (Allocation Failure) 123M->93M(123M) 48,677ms
[2021-04-30T09:35:36.298+0300][38,355s][info ][gc] GC(686) Pause Initial Mark 93M->93M(123M) 1,335ms
[2021-04-30T09:35:36.298+0300][38,355s][info ][gc] GC(686) Concurrent Mark
[2021-04-30T09:35:36.319+0300][38,375s][debug][gc] GC(686) Concurrent active time: 0,020ms
[2021-04-30T09:35:36.319+0300][38,375s][info ][gc] GC(686) Concurrent Mark 20,362ms
[2021-04-30T09:35:36.319+0300][38,375s][info ][gc] GC(686) Concurrent Preclean
[2021-04-30T09:35:36.334+0300][38,391s][debug][gc] GC(686) Concurrent active time: 0,016ms
[2021-04-30T09:35:36.335+0300][38,391s][info ][gc] GC(686) Concurrent Preclean 15,773ms
[2021-04-30T09:35:36.335+0300][38,391s][info ][gc] GC(686) Concurrent Abortable Preclean
[2021-04-30T09:35:36.335+0300][38,391s][debug][gc] GC(686) Concurrent active time: 0,000ms
[2021-04-30T09:35:36.335+0300][38,391s][info ][gc] GC(686) Concurrent Abortable Preclean 0,012ms
[2021-04-30T09:35:36.335+0300][38,391s][debug][gc] GC(686) YG occupancy: 32176 K (39296 K)
[2021-04-30T09:35:36.341+0300][38,397s][info ][gc] GC(686) Pause Remark 116M->116M(123M) 5,969ms
[2021-04-30T09:35:36.341+0300][38,397s][info ][gc] GC(686) Concurrent Sweep
[2021-04-30T09:35:36.356+0300][38,413s][debug][gc] GC(686) Concurrent active time: 0,016ms
[2021-04-30T09:35:36.356+0300][38,413s][info ][gc] GC(686) Concurrent Sweep 15,562ms
[2021-04-30T09:35:36.356+0300][38,413s][info ][gc] GC(686) Concurrent Reset
[2021-04-30T09:35:36.356+0300][38,413s][debug][gc] GC(686) Concurrent active time: 0,000ms
[2021-04-30T09:35:36.356+0300][38,413s][info ][gc] GC(686) Concurrent Reset 0,066ms
[2021-04-30T09:35:36.424+0300][38,481s][info ][gc] GC(688) Pause Full (Allocation Failure) 123M->93M(123M) 51,530ms
[2021-04-30T09:35:36.424+0300][38,481s][info ][gc] GC(687) Pause Young (Allocation Failure) 123M->93M(123M) 51,604ms
[2021-04-30T09:35:36.426+0300][38,482s][info ][gc] GC(689) Pause Initial Mark 94M->94M(123M) 1,461ms
[2021-04-30T09:35:36.426+0300][38,483s][info ][gc] GC(689) Concurrent Mark
[2021-04-30T09:35:36.453+0300][38,510s][debug][gc] GC(689) Concurrent active time: 0,027ms
[2021-04-30T09:35:36.453+0300][38,510s][info ][gc] GC(689) Concurrent Mark 27,523ms
[2021-04-30T09:35:36.454+0300][38,510s][info ][gc] GC(689) Concurrent Preclean
[2021-04-30T09:35:36.480+0300][38,536s][debug][gc] GC(689) Concurrent active time: 0,026ms
[2021-04-30T09:35:36.480+0300][38,536s][info ][gc] GC(689) Concurrent Preclean 26,244ms
[2021-04-30T09:35:36.480+0300][38,536s][info ][gc] GC(689) Concurrent Abortable Preclean
[2021-04-30T09:35:36.480+0300][38,536s][debug][gc] GC(689) Concurrent active time: 0,000ms
[2021-04-30T09:35:36.480+0300][38,536s][info ][gc] GC(689) Concurrent Abortable Preclean 0,019ms
[2021-04-30T09:35:36.480+0300][38,536s][debug][gc] GC(689) YG occupancy: 35390 K (39296 K)
[2021-04-30T09:35:36.486+0300][38,543s][info ][gc] GC(689) Pause Remark 119M->119M(123M) 6,532ms
[2021-04-30T09:35:36.487+0300][38,543s][info ][gc] GC(689) Concurrent Sweep
[2021-04-30T09:35:36.498+0300][38,555s][debug][gc] GC(689) Concurrent active time: 0,012ms
[2021-04-30T09:35:36.499+0300][38,555s][info ][gc] GC(689) Concurrent Sweep 11,987ms
[2021-04-30T09:35:36.499+0300][38,555s][info ][gc] GC(689) Concurrent Reset
[2021-04-30T09:35:36.499+0300][38,555s][debug][gc] GC(689) Concurrent active time: 0,000ms
[2021-04-30T09:35:36.499+0300][38,555s][info ][gc] GC(689) Concurrent Reset 0,067ms
[2021-04-30T09:35:36.563+0300][38,619s][info ][gc] GC(691) Pause Full (Allocation Failure) 123M->94M(123M) 50,279ms
[2021-04-30T09:35:36.563+0300][38,619s][info ][gc] GC(690) Pause Young (Allocation Failure) 123M->94M(123M) 50,352ms
[2021-04-30T09:35:36.564+0300][38,621s][info ][gc] GC(692) Pause Initial Mark 94M->94M(123M) 1,382ms
[2021-04-30T09:35:36.564+0300][38,621s][info ][gc] GC(692) Concurrent Mark
[2021-04-30T09:35:36.590+0300][38,646s][debug][gc] GC(692) Concurrent active time: 0,025ms
[2021-04-30T09:35:36.590+0300][38,646s][info ][gc] GC(692) Concurrent Mark 25,272ms
[2021-04-30T09:35:36.590+0300][38,646s][info ][gc] GC(692) Concurrent Preclean
[2021-04-30T09:35:36.606+0300][38,662s][debug][gc] GC(692) Concurrent active time: 0,016ms
[2021-04-30T09:35:36.606+0300][38,662s][info ][gc] GC(692) Concurrent Preclean 15,800ms
[2021-04-30T09:35:36.606+0300][38,662s][info ][gc] GC(692) Concurrent Abortable Preclean
[2021-04-30T09:35:36.606+0300][38,662s][debug][gc] GC(692) Concurrent active time: 0,000ms
[2021-04-30T09:35:36.606+0300][38,662s][info ][gc] GC(692) Concurrent Abortable Preclean 0,012ms
[2021-04-30T09:35:36.606+0300][38,662s][debug][gc] GC(692) YG occupancy: 35368 K (39296 K)
[2021-04-30T09:35:36.612+0300][38,669s][info ][gc] GC(692) Pause Remark 119M->119M(123M) 6,234ms
[2021-04-30T09:35:36.612+0300][38,669s][info ][gc] GC(692) Concurrent Sweep
[2021-04-30T09:35:36.625+0300][38,681s][debug][gc] GC(692) Concurrent active time: 0,013ms
[2021-04-30T09:35:36.625+0300][38,681s][info ][gc] GC(692) Concurrent Sweep 12,691ms
[2021-04-30T09:35:36.625+0300][38,681s][info ][gc] GC(692) Concurrent Reset
[2021-04-30T09:35:36.625+0300][38,681s][debug][gc] GC(692) Concurrent active time: 0,000ms
[2021-04-30T09:35:36.625+0300][38,681s][info ][gc] GC(692) Concurrent Reset 0,065ms
[2021-04-30T09:35:36.687+0300][38,744s][info ][gc] GC(694) Pause Full (Allocation Failure) 123M->94M(123M) 49,741ms
[2021-04-30T09:35:36.687+0300][38,744s][info ][gc] GC(693) Pause Young (Allocation Failure) 123M->94M(123M) 49,833ms
[2021-04-30T09:35:36.690+0300][38,746s][info ][gc] GC(695) Pause Initial Mark 95M->95M(123M) 1,744ms
[2021-04-30T09:35:36.690+0300][38,746s][info ][gc] GC(695) Concurrent Mark
[2021-04-30T09:35:36.711+0300][38,767s][debug][gc] GC(695) Concurrent active time: 0,021ms
[2021-04-30T09:35:36.711+0300][38,768s][info ][gc] GC(695) Concurrent Mark 21,322ms
[2021-04-30T09:35:36.711+0300][38,768s][info ][gc] GC(695) Concurrent Preclean
[2021-04-30T09:35:36.729+0300][38,786s][debug][gc] GC(695) Concurrent active time: 0,018ms
[2021-04-30T09:35:36.729+0300][38,786s][info ][gc] GC(695) Concurrent Preclean 18,148ms
[2021-04-30T09:35:36.729+0300][38,786s][info ][gc] GC(695) Concurrent Abortable Preclean
[2021-04-30T09:35:36.729+0300][38,786s][debug][gc] GC(695) Concurrent active time: 0,000ms
[2021-04-30T09:35:36.729+0300][38,786s][info ][gc] GC(695) Concurrent Abortable Preclean 0,013ms
[2021-04-30T09:35:36.729+0300][38,786s][debug][gc] GC(695) YG occupancy: 34435 K (39296 K)
[2021-04-30T09:35:36.736+0300][38,792s][info ][gc] GC(695) Pause Remark 119M->119M(123M) 6,564ms
[2021-04-30T09:35:36.736+0300][38,793s][info ][gc] GC(695) Concurrent Sweep
[2021-04-30T09:35:36.747+0300][38,804s][debug][gc] GC(695) Concurrent active time: 0,011ms
[2021-04-30T09:35:36.747+0300][38,804s][info ][gc] GC(695) Concurrent Sweep 11,349ms
[2021-04-30T09:35:36.747+0300][38,804s][info ][gc] GC(695) Concurrent Reset
[2021-04-30T09:35:36.747+0300][38,804s][debug][gc] GC(695) Concurrent active time: 0,000ms
[2021-04-30T09:35:36.747+0300][38,804s][info ][gc] GC(695) Concurrent Reset 0,065ms
[2021-04-30T09:35:36.819+0300][38,875s][info ][gc] GC(697) Pause Full (Allocation Failure) 123M->95M(123M) 54,718ms
[2021-04-30T09:35:36.819+0300][38,875s][info ][gc] GC(696) Pause Young (Allocation Failure) 123M->95M(123M) 54,804ms
[2021-04-30T09:35:36.820+0300][38,877s][info ][gc] GC(698) Pause Initial Mark 95M->95M(123M) 1,546ms
[2021-04-30T09:35:36.821+0300][38,877s][info ][gc] GC(698) Concurrent Mark
[2021-04-30T09:35:36.845+0300][38,902s][debug][gc] GC(698) Concurrent active time: 0,023ms
[2021-04-30T09:35:36.845+0300][38,902s][info ][gc] GC(698) Concurrent Mark 24,502ms
[2021-04-30T09:35:36.845+0300][38,902s][info ][gc] GC(698) Concurrent Preclean
[2021-04-30T09:35:36.870+0300][38,927s][debug][gc] GC(698) Concurrent active time: 0,025ms
[2021-04-30T09:35:36.870+0300][38,927s][info ][gc] GC(698) Concurrent Preclean 25,254ms
[2021-04-30T09:35:36.870+0300][38,927s][info ][gc] GC(698) Concurrent Abortable Preclean
[2021-04-30T09:35:36.870+0300][38,927s][debug][gc] GC(698) Concurrent active time: 0,000ms
[2021-04-30T09:35:36.870+0300][38,927s][info ][gc] GC(698) Concurrent Abortable Preclean 0,033ms
[2021-04-30T09:35:36.871+0300][38,927s][debug][gc] GC(698) YG occupancy: 30978 K (39296 K)
[2021-04-30T09:35:36.879+0300][38,935s][info ][gc] GC(698) Pause Remark 115M->115M(123M) 8,044ms
[2021-04-30T09:35:36.879+0300][38,935s][info ][gc] GC(698) Concurrent Sweep
[2021-04-30T09:35:36.899+0300][38,955s][debug][gc] GC(698) Concurrent active time: 0,020ms
[2021-04-30T09:35:36.899+0300][38,955s][info ][gc] GC(698) Concurrent Sweep 20,180ms
[2021-04-30T09:35:36.899+0300][38,955s][info ][gc] GC(698) Concurrent Reset
[2021-04-30T09:35:36.899+0300][38,956s][debug][gc] GC(698) Concurrent active time: 0,000ms
[2021-04-30T09:35:36.899+0300][38,956s][info ][gc] GC(698) Concurrent Reset 0,085ms
[2021-04-30T09:35:36.984+0300][39,040s][info ][gc] GC(700) Pause Full (Allocation Failure) 123M->95M(123M) 62,603ms
[2021-04-30T09:35:36.984+0300][39,041s][info ][gc] GC(699) Pause Young (Allocation Failure) 123M->95M(123M) 62,686ms
[2021-04-30T09:35:36.986+0300][39,043s][info ][gc] GC(701) Pause Initial Mark 96M->96M(123M) 1,920ms
[2021-04-30T09:35:36.986+0300][39,043s][info ][gc] GC(701) Concurrent Mark
[2021-04-30T09:35:37.010+0300][39,067s][debug][gc] GC(701) Concurrent active time: 0,024ms
[2021-04-30T09:35:37.010+0300][39,067s][info ][gc] GC(701) Concurrent Mark 23,923ms
[2021-04-30T09:35:37.010+0300][39,067s][info ][gc] GC(701) Concurrent Preclean
[2021-04-30T09:35:37.027+0300][39,084s][debug][gc] GC(701) Concurrent active time: 0,017ms
[2021-04-30T09:35:37.027+0300][39,084s][info ][gc] GC(701) Concurrent Preclean 17,064ms
[2021-04-30T09:35:37.027+0300][39,084s][info ][gc] GC(701) Concurrent Abortable Preclean
[2021-04-30T09:35:37.027+0300][39,084s][debug][gc] GC(701) Concurrent active time: 0,000ms
[2021-04-30T09:35:37.027+0300][39,084s][info ][gc] GC(701) Concurrent Abortable Preclean 0,012ms
[2021-04-30T09:35:37.027+0300][39,084s][debug][gc] GC(701) YG occupancy: 35174 K (39296 K)
[2021-04-30T09:35:37.034+0300][39,090s][info ][gc] GC(701) Pause Remark 119M->119M(123M) 6,585ms
[2021-04-30T09:35:37.034+0300][39,090s][info ][gc] GC(701) Concurrent Sweep
[2021-04-30T09:35:37.046+0300][39,103s][debug][gc] GC(701) Concurrent active time: 0,012ms
[2021-04-30T09:35:37.046+0300][39,103s][info ][gc] GC(701) Concurrent Sweep 12,421ms
[2021-04-30T09:35:37.046+0300][39,103s][info ][gc] GC(701) Concurrent Reset
[2021-04-30T09:35:37.046+0300][39,103s][debug][gc] GC(701) Concurrent active time: 0,000ms
[2021-04-30T09:35:37.046+0300][39,103s][info ][gc] GC(701) Concurrent Reset 0,069ms
[2021-04-30T09:35:37.117+0300][39,173s][info ][gc] GC(703) Pause Full (Allocation Failure) 123M->96M(123M) 52,037ms
[2021-04-30T09:35:37.117+0300][39,173s][info ][gc] GC(702) Pause Young (Allocation Failure) 123M->96M(123M) 52,112ms
[2021-04-30T09:35:37.119+0300][39,175s][info ][gc] GC(704) Pause Initial Mark 96M->96M(123M) 1,810ms
[2021-04-30T09:35:37.119+0300][39,175s][info ][gc] GC(704) Concurrent Mark
[2021-04-30T09:35:37.140+0300][39,196s][debug][gc] GC(704) Concurrent active time: 0,021ms
[2021-04-30T09:35:37.140+0300][39,196s][info ][gc] GC(704) Concurrent Mark 20,996ms
[2021-04-30T09:35:37.140+0300][39,197s][info ][gc] GC(704) Concurrent Preclean
[2021-04-30T09:35:37.156+0300][39,213s][debug][gc] GC(704) Concurrent active time: 0,016ms
[2021-04-30T09:35:37.156+0300][39,213s][info ][gc] GC(704) Concurrent Preclean 16,366ms
[2021-04-30T09:35:37.156+0300][39,213s][info ][gc] GC(704) Concurrent Abortable Preclean
[2021-04-30T09:35:37.156+0300][39,213s][debug][gc] GC(704) Concurrent active time: 0,000ms
[2021-04-30T09:35:37.156+0300][39,213s][info ][gc] GC(704) Concurrent Abortable Preclean 0,012ms
[2021-04-30T09:35:37.156+0300][39,213s][debug][gc] GC(704) YG occupancy: 35155 K (39296 K)
[2021-04-30T09:35:37.162+0300][39,219s][info ][gc] GC(704) Pause Remark 119M->119M(123M) 6,123ms
[2021-04-30T09:35:37.163+0300][39,219s][info ][gc] GC(704) Concurrent Sweep
[2021-04-30T09:35:37.174+0300][39,230s][debug][gc] GC(704) Concurrent active time: 0,011ms
[2021-04-30T09:35:37.174+0300][39,230s][info ][gc] GC(704) Concurrent Sweep 11,343ms
[2021-04-30T09:35:37.174+0300][39,230s][info ][gc] GC(704) Concurrent Reset
[2021-04-30T09:35:37.174+0300][39,231s][debug][gc] GC(704) Concurrent active time: 0,000ms
[2021-04-30T09:35:37.174+0300][39,231s][info ][gc] GC(704) Concurrent Reset 0,065ms
[2021-04-30T09:35:37.238+0300][39,294s][info ][gc] GC(706) Pause Full (Allocation Failure) 123M->96M(123M) 48,088ms
[2021-04-30T09:35:37.238+0300][39,294s][info ][gc] GC(705) Pause Young (Allocation Failure) 123M->96M(123M) 48,169ms
[2021-04-30T09:35:37.240+0300][39,297s][info ][gc] GC(707) Pause Initial Mark 97M->97M(123M) 1,884ms
[2021-04-30T09:35:37.240+0300][39,297s][info ][gc] GC(707) Concurrent Mark
[2021-04-30T09:35:37.261+0300][39,317s][debug][gc] GC(707) Concurrent active time: 0,021ms
[2021-04-30T09:35:37.261+0300][39,317s][info ][gc] GC(707) Concurrent Mark 20,877ms
[2021-04-30T09:35:37.261+0300][39,317s][info ][gc] GC(707) Concurrent Preclean
[2021-04-30T09:35:37.277+0300][39,333s][debug][gc] GC(707) Concurrent active time: 0,016ms
[2021-04-30T09:35:37.277+0300][39,333s][info ][gc] GC(707) Concurrent Preclean 15,784ms
[2021-04-30T09:35:37.277+0300][39,333s][info ][gc] GC(707) Concurrent Abortable Preclean
[2021-04-30T09:35:37.277+0300][39,333s][debug][gc] GC(707) Concurrent active time: 0,000ms
[2021-04-30T09:35:37.277+0300][39,333s][info ][gc] GC(707) Concurrent Abortable Preclean 0,012ms
[2021-04-30T09:35:37.277+0300][39,333s][debug][gc] GC(707) YG occupancy: 35142 K (39296 K)
[2021-04-30T09:35:37.283+0300][39,340s][info ][gc] GC(707) Pause Remark 119M->119M(123M) 6,220ms
[2021-04-30T09:35:37.283+0300][39,340s][info ][gc] GC(707) Concurrent Sweep
[2021-04-30T09:35:37.294+0300][39,351s][debug][gc] GC(707) Concurrent active time: 0,011ms
[2021-04-30T09:35:37.294+0300][39,351s][info ][gc] GC(707) Concurrent Sweep 11,403ms
[2021-04-30T09:35:37.295+0300][39,351s][info ][gc] GC(707) Concurrent Reset
[2021-04-30T09:35:37.295+0300][39,351s][debug][gc] GC(707) Concurrent active time: 0,000ms
[2021-04-30T09:35:37.295+0300][39,351s][info ][gc] GC(707) Concurrent Reset 0,066ms
[2021-04-30T09:35:37.364+0300][39,421s][info ][gc] GC(709) Pause Full (Allocation Failure) 123M->96M(123M) 52,873ms
[2021-04-30T09:35:37.364+0300][39,421s][info ][gc] GC(708) Pause Young (Allocation Failure) 123M->96M(123M) 52,960ms
[2021-04-30T09:35:37.367+0300][39,423s][info ][gc] GC(710) Pause Initial Mark 97M->97M(123M) 2,087ms
[2021-04-30T09:35:37.367+0300][39,423s][info ][gc] GC(710) Concurrent Mark
[2021-04-30T09:35:37.391+0300][39,448s][debug][gc] GC(710) Concurrent active time: 0,025ms
[2021-04-30T09:35:37.391+0300][39,448s][info ][gc] GC(710) Concurrent Mark 24,626ms
[2021-04-30T09:35:37.391+0300][39,448s][info ][gc] GC(710) Concurrent Preclean
[2021-04-30T09:35:37.407+0300][39,464s][debug][gc] GC(710) Concurrent active time: 0,016ms
[2021-04-30T09:35:37.408+0300][39,464s][info ][gc] GC(710) Concurrent Preclean 16,304ms
[2021-04-30T09:35:37.408+0300][39,464s][info ][gc] GC(710) Concurrent Abortable Preclean
[2021-04-30T09:35:37.408+0300][39,464s][debug][gc] GC(710) Concurrent active time: 0,000ms
[2021-04-30T09:35:37.408+0300][39,464s][info ][gc] GC(710) Concurrent Abortable Preclean 0,018ms
[2021-04-30T09:35:37.408+0300][39,464s][debug][gc] GC(710) YG occupancy: 33672 K (39296 K)
[2021-04-30T09:35:37.413+0300][39,470s][info ][gc] GC(710) Pause Remark 118M->118M(123M) 5,835ms
[2021-04-30T09:35:37.414+0300][39,470s][info ][gc] GC(710) Concurrent Sweep
[2021-04-30T09:35:37.425+0300][39,482s][debug][gc] GC(710) Concurrent active time: 0,012ms
[2021-04-30T09:35:37.425+0300][39,482s][info ][gc] GC(710) Concurrent Sweep 11,571ms
[2021-04-30T09:35:37.425+0300][39,482s][info ][gc] GC(710) Concurrent Reset
[2021-04-30T09:35:37.425+0300][39,482s][debug][gc] GC(710) Concurrent active time: 0,000ms
[2021-04-30T09:35:37.425+0300][39,482s][info ][gc] GC(710) Concurrent Reset 0,066ms
[2021-04-30T09:35:37.492+0300][39,549s][info ][gc] GC(712) Pause Full (Allocation Failure) 123M->97M(123M) 49,384ms
[2021-04-30T09:35:37.493+0300][39,549s][info ][gc] GC(711) Pause Young (Allocation Failure) 123M->97M(123M) 49,471ms
[2021-04-30T09:35:37.495+0300][39,551s][info ][gc] GC(713) Pause Initial Mark 97M->97M(123M) 2,032ms
[2021-04-30T09:35:37.495+0300][39,551s][info ][gc] GC(713) Concurrent Mark
[2021-04-30T09:35:37.516+0300][39,572s][debug][gc] GC(713) Concurrent active time: 0,021ms
[2021-04-30T09:35:37.516+0300][39,572s][info ][gc] GC(713) Concurrent Mark 20,777ms
[2021-04-30T09:35:37.516+0300][39,572s][info ][gc] GC(713) Concurrent Preclean
[2021-04-30T09:35:37.531+0300][39,588s][debug][gc] GC(713) Concurrent active time: 0,016ms
[2021-04-30T09:35:37.531+0300][39,588s][info ][gc] GC(713) Concurrent Preclean 15,791ms
[2021-04-30T09:35:37.532+0300][39,588s][info ][gc] GC(713) Concurrent Abortable Preclean
[2021-04-30T09:35:37.532+0300][39,588s][debug][gc] GC(713) Concurrent active time: 0,000ms
[2021-04-30T09:35:37.532+0300][39,588s][info ][gc] GC(713) Concurrent Abortable Preclean 0,012ms
[2021-04-30T09:35:37.532+0300][39,588s][debug][gc] GC(713) YG occupancy: 35318 K (39296 K)
[2021-04-30T09:35:37.538+0300][39,594s][info ][gc] GC(713) Pause Remark 119M->119M(123M) 6,166ms
[2021-04-30T09:35:37.538+0300][39,594s][info ][gc] GC(713) Concurrent Sweep
[2021-04-30T09:35:37.549+0300][39,606s][debug][gc] GC(713) Concurrent active time: 0,011ms
[2021-04-30T09:35:37.549+0300][39,606s][info ][gc] GC(713) Concurrent Sweep 11,280ms
[2021-04-30T09:35:37.549+0300][39,606s][info ][gc] GC(713) Concurrent Reset
[2021-04-30T09:35:37.549+0300][39,606s][debug][gc] GC(713) Concurrent active time: 0,000ms
[2021-04-30T09:35:37.549+0300][39,606s][info ][gc] GC(713) Concurrent Reset 0,066ms
[2021-04-30T09:35:37.616+0300][39,672s][info ][gc] GC(715) Pause Full (Allocation Failure) 123M->97M(123M) 52,101ms
[2021-04-30T09:35:37.616+0300][39,673s][info ][gc] GC(714) Pause Young (Allocation Failure) 123M->97M(123M) 52,174ms
[2021-04-30T09:35:37.618+0300][39,675s][info ][gc] GC(716) Pause Initial Mark 98M->98M(123M) 2,156ms
[2021-04-30T09:35:37.618+0300][39,675s][info ][gc] GC(716) Concurrent Mark
[2021-04-30T09:35:37.639+0300][39,696s][debug][gc] GC(716) Concurrent active time: 0,021ms
[2021-04-30T09:35:37.639+0300][39,696s][info ][gc] GC(716) Concurrent Mark 21,043ms
[2021-04-30T09:35:37.640+0300][39,696s][info ][gc] GC(716) Concurrent Preclean
[2021-04-30T09:35:37.658+0300][39,714s][debug][gc] GC(716) Concurrent active time: 0,018ms
[2021-04-30T09:35:37.658+0300][39,714s][info ][gc] GC(716) Concurrent Preclean 18,168ms
[2021-04-30T09:35:37.658+0300][39,714s][info ][gc] GC(716) Concurrent Abortable Preclean
[2021-04-30T09:35:37.658+0300][39,714s][debug][gc] GC(716) Concurrent active time: 0,000ms
[2021-04-30T09:35:37.658+0300][39,714s][info ][gc] GC(716) Concurrent Abortable Preclean 0,012ms
[2021-04-30T09:35:37.658+0300][39,714s][debug][gc] GC(716) YG occupancy: 35674 K (39296 K)
[2021-04-30T09:35:37.664+0300][39,720s][info ][gc] GC(716) Pause Remark 120M->120M(123M) 5,974ms
[2021-04-30T09:35:37.664+0300][39,721s][info ][gc] GC(716) Concurrent Sweep
[2021-04-30T09:35:37.676+0300][39,733s][debug][gc] GC(716) Concurrent active time: 0,012ms
[2021-04-30T09:35:37.676+0300][39,733s][info ][gc] GC(716) Concurrent Sweep 12,177ms
[2021-04-30T09:35:37.676+0300][39,733s][info ][gc] GC(716) Concurrent Reset
[2021-04-30T09:35:37.676+0300][39,733s][debug][gc] GC(716) Concurrent active time: 0,000ms
[2021-04-30T09:35:37.676+0300][39,733s][info ][gc] GC(716) Concurrent Reset 0,067ms
[2021-04-30T09:35:37.737+0300][39,794s][info ][gc] GC(718) Pause Full (Allocation Failure) 123M->98M(123M) 50,644ms
[2021-04-30T09:35:37.737+0300][39,794s][info ][gc] GC(717) Pause Young (Allocation Failure) 123M->98M(123M) 50,718ms
[2021-04-30T09:35:37.740+0300][39,796s][info ][gc] GC(719) Pause Initial Mark 98M->98M(123M) 2,133ms
[2021-04-30T09:35:37.740+0300][39,796s][info ][gc] GC(719) Concurrent Mark
[2021-04-30T09:35:37.761+0300][39,817s][debug][gc] GC(719) Concurrent active time: 0,021ms
[2021-04-30T09:35:37.761+0300][39,817s][info ][gc] GC(719) Concurrent Mark 21,000ms
[2021-04-30T09:35:37.761+0300][39,817s][info ][gc] GC(719) Concurrent Preclean
[2021-04-30T09:35:37.777+0300][39,834s][debug][gc] GC(719) Concurrent active time: 0,016ms
[2021-04-30T09:35:37.777+0300][39,834s][info ][gc] GC(719) Concurrent Preclean 16,163ms
[2021-04-30T09:35:37.777+0300][39,834s][info ][gc] GC(719) Concurrent Abortable Preclean
[2021-04-30T09:35:37.777+0300][39,834s][debug][gc] GC(719) Concurrent active time: 0,000ms
[2021-04-30T09:35:37.777+0300][39,834s][info ][gc] GC(719) Concurrent Abortable Preclean 0,012ms
[2021-04-30T09:35:37.777+0300][39,834s][debug][gc] GC(719) YG occupancy: 35322 K (39296 K)
[2021-04-30T09:35:37.783+0300][39,840s][info ][gc] GC(719) Pause Remark 119M->119M(123M) 6,095ms
[2021-04-30T09:35:37.783+0300][39,840s][info ][gc] GC(719) Concurrent Sweep
[2021-04-30T09:35:37.798+0300][39,855s][debug][gc] GC(719) Concurrent active time: 0,015ms
[2021-04-30T09:35:37.798+0300][39,855s][info ][gc] GC(719) Concurrent Sweep 15,140ms
[2021-04-30T09:35:37.799+0300][39,855s][info ][gc] GC(719) Concurrent Reset
[2021-04-30T09:35:37.799+0300][39,855s][debug][gc] GC(719) Concurrent active time: 0,000ms
[2021-04-30T09:35:37.799+0300][39,855s][info ][gc] GC(719) Concurrent Reset 0,075ms
[2021-04-30T09:35:37.859+0300][39,916s][info ][gc] GC(721) Pause Full (Allocation Failure) 123M->98M(123M) 50,900ms
[2021-04-30T09:35:37.859+0300][39,916s][info ][gc] GC(720) Pause Young (Allocation Failure) 123M->98M(123M) 50,972ms
[2021-04-30T09:35:37.862+0300][39,919s][info ][gc] GC(722) Pause Initial Mark 99M->99M(123M) 2,550ms
[2021-04-30T09:35:37.862+0300][39,919s][info ][gc] GC(722) Concurrent Mark
[2021-04-30T09:35:37.888+0300][39,945s][debug][gc] GC(722) Concurrent active time: 0,026ms
[2021-04-30T09:35:37.888+0300][39,945s][info ][gc] GC(722) Concurrent Mark 25,994ms
[2021-04-30T09:35:37.888+0300][39,945s][info ][gc] GC(722) Concurrent Preclean
[2021-04-30T09:35:37.906+0300][39,963s][debug][gc] GC(722) Concurrent active time: 0,018ms
[2021-04-30T09:35:37.906+0300][39,963s][info ][gc] GC(722) Concurrent Preclean 18,036ms
[2021-04-30T09:35:37.906+0300][39,963s][info ][gc] GC(722) Concurrent Abortable Preclean
[2021-04-30T09:35:37.906+0300][39,963s][debug][gc] GC(722) Concurrent active time: 0,000ms
[2021-04-30T09:35:37.906+0300][39,963s][info ][gc] GC(722) Concurrent Abortable Preclean 0,014ms
[2021-04-30T09:35:37.906+0300][39,963s][debug][gc] GC(722) YG occupancy: 35116 K (39296 K)
[2021-04-30T09:35:37.913+0300][39,970s][info ][gc] GC(722) Pause Remark 119M->119M(123M) 7,090ms
[2021-04-30T09:35:37.914+0300][39,970s][info ][gc] GC(722) Concurrent Sweep
[2021-04-30T09:35:37.926+0300][39,982s][debug][gc] GC(722) Concurrent active time: 0,012ms
[2021-04-30T09:35:37.926+0300][39,982s][info ][gc] GC(722) Concurrent Sweep 12,219ms
[2021-04-30T09:35:37.926+0300][39,982s][info ][gc] GC(722) Concurrent Reset
[2021-04-30T09:35:37.926+0300][39,982s][debug][gc] GC(722) Concurrent active time: 0,000ms
[2021-04-30T09:35:37.926+0300][39,982s][info ][gc] GC(722) Concurrent Reset 0,069ms
[2021-04-30T09:35:38.000+0300][40,057s][info ][gc] GC(724) Pause Full (Allocation Failure) 123M->98M(123M) 53,648ms
[2021-04-30T09:35:38.000+0300][40,057s][info ][gc] GC(723) Pause Young (Allocation Failure) 123M->98M(123M) 53,728ms
[2021-04-30T09:35:38.003+0300][40,059s][info ][gc] GC(725) Pause Initial Mark 99M->99M(123M) 2,452ms
[2021-04-30T09:35:38.003+0300][40,059s][info ][gc] GC(725) Concurrent Mark
[2021-04-30T09:35:38.028+0300][40,085s][debug][gc] GC(725) Concurrent active time: 0,025ms
[2021-04-30T09:35:38.028+0300][40,085s][info ][gc] GC(725) Concurrent Mark 25,419ms
[2021-04-30T09:35:38.028+0300][40,085s][info ][gc] GC(725) Concurrent Preclean
[2021-04-30T09:35:38.044+0300][40,101s][debug][gc] GC(725) Concurrent active time: 0,016ms
[2021-04-30T09:35:38.044+0300][40,101s][info ][gc] GC(725) Concurrent Preclean 15,719ms
[2021-04-30T09:35:38.044+0300][40,101s][info ][gc] GC(725) Concurrent Abortable Preclean
[2021-04-30T09:35:38.044+0300][40,101s][debug][gc] GC(725) Concurrent active time: 0,000ms
[2021-04-30T09:35:38.044+0300][40,101s][info ][gc] GC(725) Concurrent Abortable Preclean 0,022ms
[2021-04-30T09:35:38.044+0300][40,101s][debug][gc] GC(725) YG occupancy: 36244 K (39296 K)
[2021-04-30T09:35:38.050+0300][40,107s][info ][gc] GC(725) Pause Remark 120M->120M(123M) 6,095ms
[2021-04-30T09:35:38.050+0300][40,107s][info ][gc] GC(725) Concurrent Sweep
[2021-04-30T09:35:38.062+0300][40,118s][debug][gc] GC(725) Concurrent active time: 0,011ms
[2021-04-30T09:35:38.062+0300][40,118s][info ][gc] GC(725) Concurrent Sweep 11,344ms
[2021-04-30T09:35:38.062+0300][40,118s][info ][gc] GC(725) Concurrent Reset
[2021-04-30T09:35:38.062+0300][40,118s][debug][gc] GC(725) Concurrent active time: 0,000ms
[2021-04-30T09:35:38.062+0300][40,118s][info ][gc] GC(725) Concurrent Reset 0,065ms
[2021-04-30T09:35:38.118+0300][40,175s][info ][gc] GC(727) Pause Full (Allocation Failure) 123M->99M(123M) 49,414ms
[2021-04-30T09:35:38.118+0300][40,175s][info ][gc] GC(726) Pause Young (Allocation Failure) 123M->99M(123M) 49,486ms
[2021-04-30T09:35:38.121+0300][40,177s][info ][gc] GC(728) Pause Initial Mark 99M->99M(123M) 2,154ms
[2021-04-30T09:35:38.121+0300][40,177s][info ][gc] GC(728) Concurrent Mark
[2021-04-30T09:35:38.141+0300][40,198s][debug][gc] GC(728) Concurrent active time: 0,021ms
[2021-04-30T09:35:38.141+0300][40,198s][info ][gc] GC(728) Concurrent Mark 20,592ms
[2021-04-30T09:35:38.141+0300][40,198s][info ][gc] GC(728) Concurrent Preclean
[2021-04-30T09:35:38.157+0300][40,214s][debug][gc] GC(728) Concurrent active time: 0,016ms
[2021-04-30T09:35:38.157+0300][40,214s][info ][gc] GC(728) Concurrent Preclean 15,900ms
[2021-04-30T09:35:38.157+0300][40,214s][info ][gc] GC(728) Concurrent Abortable Preclean
[2021-04-30T09:35:38.157+0300][40,214s][debug][gc] GC(728) Concurrent active time: 0,000ms
[2021-04-30T09:35:38.157+0300][40,214s][info ][gc] GC(728) Concurrent Abortable Preclean 0,012ms
[2021-04-30T09:35:38.157+0300][40,214s][debug][gc] GC(728) YG occupancy: 35599 K (39296 K)
[2021-04-30T09:35:38.163+0300][40,220s][info ][gc] GC(728) Pause Remark 120M->120M(123M) 5,824ms
[2021-04-30T09:35:38.163+0300][40,220s][info ][gc] GC(728) Concurrent Sweep
[2021-04-30T09:35:38.175+0300][40,232s][debug][gc] GC(728) Concurrent active time: 0,012ms
[2021-04-30T09:35:38.175+0300][40,232s][info ][gc] GC(728) Concurrent Sweep 11,657ms
[2021-04-30T09:35:38.175+0300][40,232s][info ][gc] GC(728) Concurrent Reset
[2021-04-30T09:35:38.175+0300][40,232s][debug][gc] GC(728) Concurrent active time: 0,000ms
[2021-04-30T09:35:38.175+0300][40,232s][info ][gc] GC(728) Concurrent Reset 0,065ms
[2021-04-30T09:35:38.240+0300][40,297s][info ][gc] GC(730) Pause Full (Allocation Failure) 123M->99M(123M) 52,899ms
[2021-04-30T09:35:38.240+0300][40,297s][info ][gc] GC(729) Pause Young (Allocation Failure) 123M->99M(123M) 52,971ms
[2021-04-30T09:35:38.243+0300][40,299s][info ][gc] GC(731) Pause Initial Mark 100M->100M(123M) 2,373ms
[2021-04-30T09:35:38.243+0300][40,300s][info ][gc] GC(731) Concurrent Mark
[2021-04-30T09:35:38.269+0300][40,325s][debug][gc] GC(731) Concurrent active time: 0,026ms
[2021-04-30T09:35:38.269+0300][40,325s][info ][gc] GC(731) Concurrent Mark 25,594ms
[2021-04-30T09:35:38.269+0300][40,325s][info ][gc] GC(731) Concurrent Preclean
[2021-04-30T09:35:38.285+0300][40,342s][debug][gc] GC(731) Concurrent active time: 0,016ms
[2021-04-30T09:35:38.285+0300][40,342s][info ][gc] GC(731) Concurrent Preclean 16,369ms
[2021-04-30T09:35:38.285+0300][40,342s][info ][gc] GC(731) Concurrent Abortable Preclean
[2021-04-30T09:35:38.285+0300][40,342s][debug][gc] GC(731) Concurrent active time: 0,000ms
[2021-04-30T09:35:38.285+0300][40,342s][info ][gc] GC(731) Concurrent Abortable Preclean 0,012ms
[2021-04-30T09:35:38.285+0300][40,342s][debug][gc] GC(731) YG occupancy: 36365 K (39296 K)
[2021-04-30T09:35:38.291+0300][40,348s][info ][gc] GC(731) Pause Remark 120M->120M(123M) 5,939ms
[2021-04-30T09:35:38.291+0300][40,348s][info ][gc] GC(731) Concurrent Sweep
[2021-04-30T09:35:38.306+0300][40,363s][debug][gc] GC(731) Concurrent active time: 0,015ms
[2021-04-30T09:35:38.306+0300][40,363s][info ][gc] GC(731) Concurrent Sweep 15,057ms
[2021-04-30T09:35:38.306+0300][40,363s][info ][gc] GC(731) Concurrent Reset
[2021-04-30T09:35:38.306+0300][40,363s][debug][gc] GC(731) Concurrent active time: 0,000ms
[2021-04-30T09:35:38.306+0300][40,363s][info ][gc] GC(731) Concurrent Reset 0,066ms
[2021-04-30T09:35:38.360+0300][40,416s][info ][gc] GC(733) Pause Full (Allocation Failure) 123M->100M(123M) 48,512ms
[2021-04-30T09:35:38.360+0300][40,416s][info ][gc] GC(732) Pause Young (Allocation Failure) 123M->100M(123M) 48,584ms
[2021-04-30T09:35:38.362+0300][40,419s][info ][gc] GC(734) Pause Initial Mark 100M->100M(123M) 2,283ms
[2021-04-30T09:35:38.362+0300][40,419s][info ][gc] GC(734) Concurrent Mark
[2021-04-30T09:35:38.392+0300][40,449s][debug][gc] GC(734) Concurrent active time: 0,030ms
[2021-04-30T09:35:38.392+0300][40,449s][info ][gc] GC(734) Concurrent Mark 30,071ms
[2021-04-30T09:35:38.392+0300][40,449s][info ][gc] GC(734) Concurrent Preclean
[2021-04-30T09:35:38.408+0300][40,465s][debug][gc] GC(734) Concurrent active time: 0,016ms
[2021-04-30T09:35:38.408+0300][40,465s][info ][gc] GC(734) Concurrent Preclean 15,795ms
[2021-04-30T09:35:38.408+0300][40,465s][info ][gc] GC(734) Concurrent Abortable Preclean
[2021-04-30T09:35:38.408+0300][40,465s][debug][gc] GC(734) Concurrent active time: 0,000ms
[2021-04-30T09:35:38.408+0300][40,465s][info ][gc] GC(734) Concurrent Abortable Preclean 0,012ms
[2021-04-30T09:35:38.408+0300][40,465s][debug][gc] GC(734) YG occupancy: 35962 K (39296 K)
[2021-04-30T09:35:38.414+0300][40,470s][info ][gc] GC(734) Pause Remark 120M->120M(123M) 5,689ms
[2021-04-30T09:35:38.414+0300][40,470s][info ][gc] GC(734) Concurrent Sweep
[2021-04-30T09:35:38.429+0300][40,485s][debug][gc] GC(734) Concurrent active time: 0,015ms
[2021-04-30T09:35:38.429+0300][40,485s][info ][gc] GC(734) Concurrent Sweep 14,900ms
[2021-04-30T09:35:38.429+0300][40,485s][info ][gc] GC(734) Concurrent Reset
[2021-04-30T09:35:38.429+0300][40,485s][debug][gc] GC(734) Concurrent active time: 0,000ms
[2021-04-30T09:35:38.429+0300][40,485s][info ][gc] GC(734) Concurrent Reset 0,085ms
[2021-04-30T09:35:38.482+0300][40,539s][info ][gc] GC(736) Pause Full (Allocation Failure) 123M->100M(123M) 48,303ms
[2021-04-30T09:35:38.482+0300][40,539s][info ][gc] GC(735) Pause Young (Allocation Failure) 123M->100M(123M) 48,373ms
[2021-04-30T09:35:38.485+0300][40,542s][info ][gc] GC(737) Pause Initial Mark 101M->101M(123M) 2,445ms
[2021-04-30T09:35:38.485+0300][40,542s][info ][gc] GC(737) Concurrent Mark
[2021-04-30T09:35:38.511+0300][40,568s][debug][gc] GC(737) Concurrent active time: 0,026ms
[2021-04-30T09:35:38.511+0300][40,568s][info ][gc] GC(737) Concurrent Mark 26,307ms
[2021-04-30T09:35:38.511+0300][40,568s][info ][gc] GC(737) Concurrent Preclean
[2021-04-30T09:35:38.528+0300][40,584s][debug][gc] GC(737) Concurrent active time: 0,016ms
[2021-04-30T09:35:38.528+0300][40,584s][info ][gc] GC(737) Concurrent Preclean 16,361ms
[2021-04-30T09:35:38.528+0300][40,584s][info ][gc] GC(737) Concurrent Abortable Preclean
[2021-04-30T09:35:38.528+0300][40,584s][debug][gc] GC(737) Concurrent active time: 0,000ms
[2021-04-30T09:35:38.528+0300][40,584s][info ][gc] GC(737) Concurrent Abortable Preclean 0,012ms
[2021-04-30T09:35:38.528+0300][40,584s][debug][gc] GC(737) YG occupancy: 35636 K (39296 K)
[2021-04-30T09:35:38.535+0300][40,591s][info ][gc] GC(737) Pause Remark 120M->120M(123M) 6,776ms
[2021-04-30T09:35:38.535+0300][40,591s][info ][gc] GC(737) Concurrent Sweep
[2021-04-30T09:35:38.546+0300][40,603s][debug][gc] GC(737) Concurrent active time: 0,011ms
[2021-04-30T09:35:38.546+0300][40,603s][info ][gc] GC(737) Concurrent Sweep 11,498ms
[2021-04-30T09:35:38.546+0300][40,603s][info ][gc] GC(737) Concurrent Reset
[2021-04-30T09:35:38.546+0300][40,603s][debug][gc] GC(737) Concurrent active time: 0,000ms
[2021-04-30T09:35:38.546+0300][40,603s][info ][gc] GC(737) Concurrent Reset 0,067ms
[2021-04-30T09:35:38.608+0300][40,664s][info ][gc] GC(739) Pause Full (Allocation Failure) 123M->100M(123M) 50,845ms
[2021-04-30T09:35:38.608+0300][40,664s][info ][gc] GC(738) Pause Young (Allocation Failure) 123M->100M(123M) 50,920ms
[2021-04-30T09:35:38.610+0300][40,667s][info ][gc] GC(740) Pause Initial Mark 101M->101M(123M) 2,415ms
[2021-04-30T09:35:38.611+0300][40,667s][info ][gc] GC(740) Concurrent Mark
[2021-04-30T09:35:38.638+0300][40,694s][debug][gc] GC(740) Concurrent active time: 0,027ms
[2021-04-30T09:35:38.638+0300][40,694s][info ][gc] GC(740) Concurrent Mark 27,066ms
[2021-04-30T09:35:38.638+0300][40,694s][info ][gc] GC(740) Concurrent Preclean
[2021-04-30T09:35:38.653+0300][40,709s][debug][gc] GC(740) Concurrent active time: 0,015ms
[2021-04-30T09:35:38.653+0300][40,710s][info ][gc] GC(740) Concurrent Preclean 15,355ms
[2021-04-30T09:35:38.653+0300][40,710s][info ][gc] GC(740) Concurrent Abortable Preclean
[2021-04-30T09:35:38.653+0300][40,710s][debug][gc] GC(740) Concurrent active time: 0,000ms
[2021-04-30T09:35:38.653+0300][40,710s][info ][gc] GC(740) Concurrent Abortable Preclean 0,012ms
[2021-04-30T09:35:38.653+0300][40,710s][debug][gc] GC(740) YG occupancy: 36847 K (39296 K)
[2021-04-30T09:35:38.659+0300][40,715s][info ][gc] GC(740) Pause Remark 121M->121M(123M) 5,807ms
[2021-04-30T09:35:38.659+0300][40,715s][info ][gc] GC(740) Concurrent Sweep
[2021-04-30T09:35:38.671+0300][40,727s][debug][gc] GC(740) Concurrent active time: 0,012ms
[2021-04-30T09:35:38.671+0300][40,727s][info ][gc] GC(740) Concurrent Sweep 11,691ms
[2021-04-30T09:35:38.671+0300][40,727s][info ][gc] GC(740) Concurrent Reset
[2021-04-30T09:35:38.671+0300][40,727s][debug][gc] GC(740) Concurrent active time: 0,000ms
[2021-04-30T09:35:38.671+0300][40,727s][info ][gc] GC(740) Concurrent Reset 0,065ms
[2021-04-30T09:35:38.730+0300][40,786s][info ][gc] GC(742) Pause Full (Allocation Failure) 123M->101M(123M) 54,213ms
[2021-04-30T09:35:38.730+0300][40,786s][info ][gc] GC(741) Pause Young (Allocation Failure) 123M->101M(123M) 54,288ms
[2021-04-30T09:35:38.733+0300][40,789s][info ][gc] GC(743) Pause Initial Mark 101M->101M(123M) 2,520ms
[2021-04-30T09:35:38.733+0300][40,789s][info ][gc] GC(743) Concurrent Mark
[2021-04-30T09:35:38.753+0300][40,810s][debug][gc] GC(743) Concurrent active time: 0,021ms
[2021-04-30T09:35:38.754+0300][40,810s][info ][gc] GC(743) Concurrent Mark 20,948ms
[2021-04-30T09:35:38.754+0300][40,810s][info ][gc] GC(743) Concurrent Preclean
[2021-04-30T09:35:38.770+0300][40,826s][debug][gc] GC(743) Concurrent active time: 0,016ms
[2021-04-30T09:35:38.770+0300][40,826s][info ][gc] GC(743) Concurrent Preclean 16,132ms
[2021-04-30T09:35:38.770+0300][40,826s][info ][gc] GC(743) Concurrent Abortable Preclean
[2021-04-30T09:35:38.770+0300][40,826s][debug][gc] GC(743) Concurrent active time: 0,000ms
[2021-04-30T09:35:38.770+0300][40,826s][info ][gc] GC(743) Concurrent Abortable Preclean 0,012ms
[2021-04-30T09:35:38.770+0300][40,826s][debug][gc] GC(743) YG occupancy: 36093 K (39296 K)
[2021-04-30T09:35:38.776+0300][40,832s][info ][gc] GC(743) Pause Remark 120M->120M(123M) 5,789ms
[2021-04-30T09:35:38.776+0300][40,832s][info ][gc] GC(743) Concurrent Sweep
[2021-04-30T09:35:38.788+0300][40,844s][debug][gc] GC(743) Concurrent active time: 0,012ms
[2021-04-30T09:35:38.788+0300][40,845s][info ][gc] GC(743) Concurrent Sweep 12,374ms
[2021-04-30T09:35:38.788+0300][40,845s][info ][gc] GC(743) Concurrent Reset
[2021-04-30T09:35:38.788+0300][40,845s][debug][gc] GC(743) Concurrent active time: 0,000ms
[2021-04-30T09:35:38.788+0300][40,845s][info ][gc] GC(743) Concurrent Reset 0,279ms
[2021-04-30T09:35:38.853+0300][40,910s][info ][gc] GC(745) Pause Full (Allocation Failure) 123M->101M(123M) 54,908ms
[2021-04-30T09:35:38.853+0300][40,910s][info ][gc] GC(744) Pause Young (Allocation Failure) 123M->101M(123M) 55,000ms
[2021-04-30T09:35:38.856+0300][40,913s][info ][gc] GC(746) Pause Initial Mark 102M->102M(123M) 2,895ms
[2021-04-30T09:35:38.857+0300][40,913s][info ][gc] GC(746) Concurrent Mark
[2021-04-30T09:35:38.884+0300][40,940s][debug][gc] GC(746) Concurrent active time: 0,027ms
[2021-04-30T09:35:38.884+0300][40,940s][info ][gc] GC(746) Concurrent Mark 27,000ms
[2021-04-30T09:35:38.884+0300][40,940s][info ][gc] GC(746) Concurrent Preclean
[2021-04-30T09:35:38.907+0300][40,964s][debug][gc] GC(746) Concurrent active time: 0,024ms
[2021-04-30T09:35:38.907+0300][40,964s][info ][gc] GC(746) Concurrent Preclean 23,895ms
[2021-04-30T09:35:38.907+0300][40,964s][info ][gc] GC(746) Concurrent Abortable Preclean
[2021-04-30T09:35:38.908+0300][40,964s][debug][gc] GC(746) Concurrent active time: 0,000ms
[2021-04-30T09:35:38.908+0300][40,964s][info ][gc] GC(746) Concurrent Abortable Preclean 0,025ms
[2021-04-30T09:35:38.908+0300][40,964s][debug][gc] GC(746) YG occupancy: 37599 K (39296 K)
[2021-04-30T09:35:38.914+0300][40,971s][info ][gc] GC(746) Pause Remark 122M->122M(123M) 6,498ms
[2021-04-30T09:35:38.914+0300][40,971s][info ][gc] GC(746) Concurrent Sweep
[2021-04-30T09:35:38.931+0300][40,988s][debug][gc] GC(746) Concurrent active time: 0,017ms
[2021-04-30T09:35:38.931+0300][40,988s][info ][gc] GC(746) Concurrent Sweep 17,150ms
[2021-04-30T09:35:38.931+0300][40,988s][debug][gc] GC(747) Concurrent mode failure
[2021-04-30T09:35:38.985+0300][41,041s][info ][gc] GC(747) Pause Full (Allocation Failure) 123M->101M(123M) 59,561ms
[2021-04-30T09:35:39.087+0300][41,144s][info ][gc] GC(748) Pause Full (Allocation Failure) 123M->102M(123M) 48,570ms
[2021-04-30T09:35:39.090+0300][41,147s][info ][gc] GC(749) Pause Initial Mark 102M->102M(123M) 2,770ms
[2021-04-30T09:35:39.091+0300][41,147s][info ][gc] GC(749) Concurrent Mark
[2021-04-30T09:35:39.114+0300][41,170s][debug][gc] GC(749) Concurrent active time: 0,023ms
[2021-04-30T09:35:39.114+0300][41,170s][info ][gc] GC(749) Concurrent Mark 23,149ms
[2021-04-30T09:35:39.114+0300][41,170s][info ][gc] GC(749) Concurrent Preclean
[2021-04-30T09:35:39.129+0300][41,186s][debug][gc] GC(749) Concurrent active time: 0,015ms
[2021-04-30T09:35:39.129+0300][41,186s][info ][gc] GC(749) Concurrent Preclean 15,332ms
[2021-04-30T09:35:39.129+0300][41,186s][info ][gc] GC(749) Concurrent Abortable Preclean
[2021-04-30T09:35:39.129+0300][41,186s][debug][gc] GC(749) Concurrent active time: 0,000ms
[2021-04-30T09:35:39.129+0300][41,186s][info ][gc] GC(749) Concurrent Abortable Preclean 0,012ms
[2021-04-30T09:35:39.129+0300][41,186s][debug][gc] GC(749) YG occupancy: 36778 K (39296 K)
[2021-04-30T09:35:39.135+0300][41,192s][info ][gc] GC(749) Pause Remark 121M->121M(123M) 5,971ms
[2021-04-30T09:35:39.135+0300][41,192s][info ][gc] GC(749) Concurrent Sweep
[2021-04-30T09:35:39.147+0300][41,204s][debug][gc] GC(749) Concurrent active time: 0,012ms
[2021-04-30T09:35:39.147+0300][41,204s][info ][gc] GC(749) Concurrent Sweep 11,764ms
[2021-04-30T09:35:39.147+0300][41,204s][info ][gc] GC(749) Concurrent Reset
[2021-04-30T09:35:39.147+0300][41,204s][debug][gc] GC(749) Concurrent active time: 0,000ms
[2021-04-30T09:35:39.147+0300][41,204s][info ][gc] GC(749) Concurrent Reset 0,070ms
[2021-04-30T09:35:39.204+0300][41,261s][info ][gc] GC(751) Pause Full (Allocation Failure) 123M->102M(123M) 51,624ms
[2021-04-30T09:35:39.204+0300][41,261s][info ][gc] GC(750) Pause Young (Allocation Failure) 123M->102M(123M) 51,704ms
[2021-04-30T09:35:39.207+0300][41,264s][info ][gc] GC(752) Pause Initial Mark 103M->103M(123M) 2,802ms
[2021-04-30T09:35:39.207+0300][41,264s][info ][gc] GC(752) Concurrent Mark
[2021-04-30T09:35:39.230+0300][41,286s][debug][gc] GC(752) Concurrent active time: 0,022ms
[2021-04-30T09:35:39.230+0300][41,286s][info ][gc] GC(752) Concurrent Mark 22,363ms
[2021-04-30T09:35:39.230+0300][41,286s][info ][gc] GC(752) Concurrent Preclean
[2021-04-30T09:35:39.251+0300][41,308s][debug][gc] GC(752) Concurrent active time: 0,022ms
[2021-04-30T09:35:39.251+0300][41,308s][info ][gc] GC(752) Concurrent Preclean 21,649ms
[2021-04-30T09:35:39.251+0300][41,308s][info ][gc] GC(752) Concurrent Abortable Preclean
[2021-04-30T09:35:39.251+0300][41,308s][debug][gc] GC(752) Concurrent active time: 0,000ms
[2021-04-30T09:35:39.251+0300][41,308s][info ][gc] GC(752) Concurrent Abortable Preclean 0,014ms
[2021-04-30T09:35:39.252+0300][41,308s][debug][gc] GC(752) YG occupancy: 36826 K (39296 K)
[2021-04-30T09:35:39.257+0300][41,314s][info ][gc] GC(752) Pause Remark 121M->121M(123M) 5,739ms
[2021-04-30T09:35:39.257+0300][41,314s][info ][gc] GC(752) Concurrent Sweep
[2021-04-30T09:35:39.269+0300][41,325s][debug][gc] GC(752) Concurrent active time: 0,011ms
[2021-04-30T09:35:39.269+0300][41,325s][info ][gc] GC(752) Concurrent Sweep 11,282ms
[2021-04-30T09:35:39.269+0300][41,325s][info ][gc] GC(752) Concurrent Reset
[2021-04-30T09:35:39.269+0300][41,325s][debug][gc] GC(752) Concurrent active time: 0,000ms
[2021-04-30T09:35:39.269+0300][41,325s][info ][gc] GC(752) Concurrent Reset 0,065ms
[2021-04-30T09:35:39.323+0300][41,380s][info ][gc] GC(754) Pause Full (Allocation Failure) 123M->103M(123M) 50,823ms
[2021-04-30T09:35:39.323+0300][41,380s][info ][gc] GC(753) Pause Young (Allocation Failure) 123M->103M(123M) 50,896ms
[2021-04-30T09:35:39.327+0300][41,383s][info ][gc] GC(755) Pause Initial Mark 103M->103M(123M) 2,899ms
[2021-04-30T09:35:39.327+0300][41,383s][info ][gc] GC(755) Concurrent Mark
[2021-04-30T09:35:39.349+0300][41,406s][debug][gc] GC(755) Concurrent active time: 0,022ms
[2021-04-30T09:35:39.349+0300][41,406s][info ][gc] GC(755) Concurrent Mark 22,457ms
[2021-04-30T09:35:39.349+0300][41,406s][info ][gc] GC(755) Concurrent Preclean
[2021-04-30T09:35:39.367+0300][41,423s][debug][gc] GC(755) Concurrent active time: 0,017ms
[2021-04-30T09:35:39.367+0300][41,423s][info ][gc] GC(755) Concurrent Preclean 17,428ms
[2021-04-30T09:35:39.367+0300][41,423s][info ][gc] GC(755) Concurrent Abortable Preclean
[2021-04-30T09:35:39.367+0300][41,423s][debug][gc] GC(755) Concurrent active time: 0,000ms
[2021-04-30T09:35:39.367+0300][41,423s][info ][gc] GC(755) Concurrent Abortable Preclean 0,011ms
[2021-04-30T09:35:39.367+0300][41,423s][debug][gc] GC(755) YG occupancy: 37085 K (39296 K)
[2021-04-30T09:35:39.373+0300][41,429s][info ][gc] GC(755) Pause Remark 121M->121M(123M) 5,954ms
[2021-04-30T09:35:39.373+0300][41,429s][info ][gc] GC(755) Concurrent Sweep
[2021-04-30T09:35:39.385+0300][41,441s][debug][gc] GC(755) Concurrent active time: 0,012ms
[2021-04-30T09:35:39.385+0300][41,441s][info ][gc] GC(755) Concurrent Sweep 11,979ms
[2021-04-30T09:35:39.385+0300][41,441s][info ][gc] GC(755) Concurrent Reset
[2021-04-30T09:35:39.385+0300][41,441s][debug][gc] GC(755) Concurrent active time: 0,000ms
[2021-04-30T09:35:39.385+0300][41,441s][info ][gc] GC(755) Concurrent Reset 0,068ms
[2021-04-30T09:35:39.442+0300][41,499s][info ][gc] GC(757) Pause Full (Allocation Failure) 123M->103M(123M) 55,950ms
[2021-04-30T09:35:39.443+0300][41,499s][info ][gc] GC(756) Pause Young (Allocation Failure) 123M->103M(123M) 56,025ms
[2021-04-30T09:35:39.446+0300][41,502s][info ][gc] GC(758) Pause Initial Mark 103M->103M(123M) 2,846ms
[2021-04-30T09:35:39.446+0300][41,502s][info ][gc] GC(758) Concurrent Mark
[2021-04-30T09:35:39.471+0300][41,528s][debug][gc] GC(758) Concurrent active time: 0,026ms
[2021-04-30T09:35:39.471+0300][41,528s][info ][gc] GC(758) Concurrent Mark 25,929ms
[2021-04-30T09:35:39.472+0300][41,528s][info ][gc] GC(758) Concurrent Preclean
[2021-04-30T09:35:39.489+0300][41,545s][debug][gc] GC(758) Concurrent active time: 0,017ms
[2021-04-30T09:35:39.489+0300][41,546s][info ][gc] GC(758) Concurrent Preclean 17,442ms
[2021-04-30T09:35:39.489+0300][41,546s][info ][gc] GC(758) Concurrent Abortable Preclean
[2021-04-30T09:35:39.489+0300][41,546s][debug][gc] GC(758) Concurrent active time: 0,000ms
[2021-04-30T09:35:39.489+0300][41,546s][info ][gc] GC(758) Concurrent Abortable Preclean 0,012ms
[2021-04-30T09:35:39.489+0300][41,546s][debug][gc] GC(758) YG occupancy: 36505 K (39296 K)
[2021-04-30T09:35:39.495+0300][41,551s][info ][gc] GC(758) Pause Remark 121M->121M(123M) 5,676ms
[2021-04-30T09:35:39.495+0300][41,551s][info ][gc] GC(758) Concurrent Sweep
[2021-04-30T09:35:39.507+0300][41,563s][debug][gc] GC(758) Concurrent active time: 0,012ms
[2021-04-30T09:35:39.507+0300][41,563s][info ][gc] GC(758) Concurrent Sweep 11,746ms
[2021-04-30T09:35:39.507+0300][41,563s][info ][gc] GC(758) Concurrent Reset
[2021-04-30T09:35:39.507+0300][41,563s][debug][gc] GC(758) Concurrent active time: 0,000ms
[2021-04-30T09:35:39.507+0300][41,563s][info ][gc] GC(758) Concurrent Reset 0,076ms
[2021-04-30T09:35:39.563+0300][41,619s][info ][gc] GC(760) Pause Full (Allocation Failure) 123M->103M(123M) 49,314ms
[2021-04-30T09:35:39.563+0300][41,619s][info ][gc] GC(759) Pause Young (Allocation Failure) 123M->103M(123M) 49,386ms
[2021-04-30T09:35:39.567+0300][41,623s][info ][gc] GC(761) Pause Initial Mark 104M->104M(123M) 3,471ms
[2021-04-30T09:35:39.567+0300][41,623s][info ][gc] GC(761) Concurrent Mark
[2021-04-30T09:35:39.588+0300][41,644s][debug][gc] GC(761) Concurrent active time: 0,021ms
[2021-04-30T09:35:39.588+0300][41,644s][info ][gc] GC(761) Concurrent Mark 20,905ms
[2021-04-30T09:35:39.588+0300][41,644s][info ][gc] GC(761) Concurrent Preclean
[2021-04-30T09:35:39.603+0300][41,660s][debug][gc] GC(761) Concurrent active time: 0,015ms
[2021-04-30T09:35:39.603+0300][41,660s][info ][gc] GC(761) Concurrent Preclean 15,515ms
[2021-04-30T09:35:39.603+0300][41,660s][info ][gc] GC(761) Concurrent Abortable Preclean
[2021-04-30T09:35:39.603+0300][41,660s][debug][gc] GC(761) Concurrent active time: 0,000ms
[2021-04-30T09:35:39.603+0300][41,660s][info ][gc] GC(761) Concurrent Abortable Preclean 0,012ms
[2021-04-30T09:35:39.603+0300][41,660s][debug][gc] GC(761) YG occupancy: 36860 K (39296 K)
[2021-04-30T09:35:39.609+0300][41,666s][info ][gc] GC(761) Pause Remark 121M->121M(123M) 5,966ms
[2021-04-30T09:35:39.609+0300][41,666s][info ][gc] GC(761) Concurrent Sweep
[2021-04-30T09:35:39.623+0300][41,679s][debug][gc] GC(761) Concurrent active time: 0,013ms
[2021-04-30T09:35:39.623+0300][41,679s][info ][gc] GC(761) Concurrent Sweep 13,393ms
[2021-04-30T09:35:39.623+0300][41,679s][info ][gc] GC(761) Concurrent Reset
[2021-04-30T09:35:39.623+0300][41,679s][debug][gc] GC(761) Concurrent active time: 0,000ms
[2021-04-30T09:35:39.623+0300][41,679s][info ][gc] GC(761) Concurrent Reset 0,084ms
[2021-04-30T09:35:39.675+0300][41,732s][info ][gc] GC(763) Pause Full (Allocation Failure) 123M->104M(123M) 48,920ms
[2021-04-30T09:35:39.675+0300][41,732s][info ][gc] GC(762) Pause Young (Allocation Failure) 123M->104M(123M) 48,997ms
[2021-04-30T09:35:39.678+0300][41,735s][info ][gc] GC(764) Pause Initial Mark 104M->104M(123M) 2,922ms
[2021-04-30T09:35:39.678+0300][41,735s][info ][gc] GC(764) Concurrent Mark
[2021-04-30T09:35:39.706+0300][41,762s][debug][gc] GC(764) Concurrent active time: 0,027ms
[2021-04-30T09:35:39.706+0300][41,762s][info ][gc] GC(764) Concurrent Mark 27,409ms
[2021-04-30T09:35:39.706+0300][41,762s][info ][gc] GC(764) Concurrent Preclean
[2021-04-30T09:35:39.722+0300][41,778s][debug][gc] GC(764) Concurrent active time: 0,016ms
[2021-04-30T09:35:39.722+0300][41,778s][info ][gc] GC(764) Concurrent Preclean 15,954ms
[2021-04-30T09:35:39.722+0300][41,778s][info ][gc] GC(764) Concurrent Abortable Preclean
[2021-04-30T09:35:39.722+0300][41,778s][debug][gc] GC(764) Concurrent active time: 0,000ms
[2021-04-30T09:35:39.722+0300][41,778s][info ][gc] GC(764) Concurrent Abortable Preclean 0,012ms
[2021-04-30T09:35:39.722+0300][41,778s][debug][gc] GC(764) YG occupancy: 37682 K (39296 K)
[2021-04-30T09:35:39.728+0300][41,784s][info ][gc] GC(764) Pause Remark 122M->122M(123M) 5,951ms
[2021-04-30T09:35:39.728+0300][41,784s][info ][gc] GC(764) Concurrent Sweep
[2021-04-30T09:35:39.740+0300][41,797s][debug][gc] GC(764) Concurrent active time: 0,012ms
[2021-04-30T09:35:39.740+0300][41,797s][info ][gc] GC(764) Concurrent Sweep 12,277ms
[2021-04-30T09:35:39.740+0300][41,797s][debug][gc] GC(765) Concurrent mode failure
[2021-04-30T09:35:39.796+0300][41,853s][info ][gc] GC(765) Pause Full (Allocation Failure) 123M->104M(123M) 56,614ms
[2021-04-30T09:35:39.906+0300][41,963s][info ][gc] GC(766) Pause Full (Allocation Failure) 123M->104M(123M) 57,096ms
[2021-04-30T09:35:39.910+0300][41,966s][info ][gc] GC(767) Pause Initial Mark 105M->105M(123M) 3,213ms
[2021-04-30T09:35:39.910+0300][41,966s][info ][gc] GC(767) Concurrent Mark
[2021-04-30T09:35:39.934+0300][41,990s][debug][gc] GC(767) Concurrent active time: 0,023ms
[2021-04-30T09:35:39.934+0300][41,990s][info ][gc] GC(767) Concurrent Mark 23,728ms
[2021-04-30T09:35:39.934+0300][41,990s][info ][gc] GC(767) Concurrent Preclean
[2021-04-30T09:35:39.953+0300][42,010s][debug][gc] GC(767) Concurrent active time: 0,020ms
[2021-04-30T09:35:39.953+0300][42,010s][info ][gc] GC(767) Concurrent Preclean 19,716ms
[2021-04-30T09:35:39.953+0300][42,010s][info ][gc] GC(767) Concurrent Abortable Preclean
[2021-04-30T09:35:39.953+0300][42,010s][debug][gc] GC(767) Concurrent active time: 0,000ms
[2021-04-30T09:35:39.953+0300][42,010s][info ][gc] GC(767) Concurrent Abortable Preclean 0,013ms
[2021-04-30T09:35:39.953+0300][42,010s][debug][gc] GC(767) YG occupancy: 37581 K (39296 K)
[2021-04-30T09:35:39.959+0300][42,016s][info ][gc] GC(767) Pause Remark 122M->122M(123M) 6,030ms
[2021-04-30T09:35:39.960+0300][42,016s][info ][gc] GC(767) Concurrent Sweep
[2021-04-30T09:35:39.972+0300][42,029s][debug][gc] GC(767) Concurrent active time: 0,013ms
[2021-04-30T09:35:39.972+0300][42,029s][info ][gc] GC(767) Concurrent Sweep 12,796ms
[2021-04-30T09:35:39.972+0300][42,029s][debug][gc] GC(768) Concurrent mode failure
[2021-04-30T09:35:40.024+0300][42,081s][info ][gc] GC(768) Pause Full (Allocation Failure) 123M->104M(123M) 53,856ms
[2021-04-30T09:35:40.126+0300][42,183s][info ][gc] GC(769) Pause Full (Allocation Failure) 123M->105M(123M) 51,369ms
[2021-04-30T09:35:40.129+0300][42,186s][info ][gc] GC(770) Pause Initial Mark 105M->105M(123M) 3,017ms
[2021-04-30T09:35:40.130+0300][42,186s][info ][gc] GC(770) Concurrent Mark
[2021-04-30T09:35:40.157+0300][42,213s][debug][gc] GC(770) Concurrent active time: 0,027ms
[2021-04-30T09:35:40.157+0300][42,213s][info ][gc] GC(770) Concurrent Mark 27,239ms
[2021-04-30T09:35:40.157+0300][42,213s][info ][gc] GC(770) Concurrent Preclean
[2021-04-30T09:35:40.172+0300][42,229s][debug][gc] GC(770) Concurrent active time: 0,016ms
[2021-04-30T09:35:40.172+0300][42,229s][info ][gc] GC(770) Concurrent Preclean 15,572ms
[2021-04-30T09:35:40.172+0300][42,229s][info ][gc] GC(770) Concurrent Abortable Preclean
[2021-04-30T09:35:40.172+0300][42,229s][debug][gc] GC(770) Concurrent active time: 0,000ms
[2021-04-30T09:35:40.172+0300][42,229s][info ][gc] GC(770) Concurrent Abortable Preclean 0,012ms
[2021-04-30T09:35:40.172+0300][42,229s][debug][gc] GC(770) YG occupancy: 38063 K (39296 K)
[2021-04-30T09:35:40.178+0300][42,235s][info ][gc] GC(770) Pause Remark 122M->122M(123M) 5,758ms
[2021-04-30T09:35:40.178+0300][42,235s][info ][gc] GC(770) Concurrent Sweep
[2021-04-30T09:35:40.190+0300][42,246s][debug][gc] GC(770) Concurrent active time: 0,011ms
[2021-04-30T09:35:40.190+0300][42,246s][info ][gc] GC(770) Concurrent Sweep 11,499ms
[2021-04-30T09:35:40.190+0300][42,246s][debug][gc] GC(771) Concurrent mode failure
[2021-04-30T09:35:40.242+0300][42,299s][info ][gc] GC(771) Pause Full (Allocation Failure) 123M->105M(123M) 56,419ms
[2021-04-30T09:35:40.340+0300][42,396s][info ][gc] GC(772) Pause Full (Allocation Failure) 123M->105M(123M) 50,161ms
[2021-04-30T09:35:40.343+0300][42,400s][info ][gc] GC(773) Pause Initial Mark 106M->106M(123M) 3,288ms
[2021-04-30T09:35:40.343+0300][42,400s][info ][gc] GC(773) Concurrent Mark
[2021-04-30T09:35:40.366+0300][42,423s][debug][gc] GC(773) Concurrent active time: 0,023ms
[2021-04-30T09:35:40.366+0300][42,423s][info ][gc] GC(773) Concurrent Mark 22,991ms
[2021-04-30T09:35:40.366+0300][42,423s][info ][gc] GC(773) Concurrent Preclean
[2021-04-30T09:35:40.382+0300][42,438s][debug][gc] GC(773) Concurrent active time: 0,015ms
[2021-04-30T09:35:40.382+0300][42,438s][info ][gc] GC(773) Concurrent Preclean 15,536ms
[2021-04-30T09:35:40.382+0300][42,438s][info ][gc] GC(773) Concurrent Abortable Preclean
[2021-04-30T09:35:40.382+0300][42,438s][debug][gc] GC(773) Concurrent active time: 0,000ms
[2021-04-30T09:35:40.382+0300][42,438s][info ][gc] GC(773) Concurrent Abortable Preclean 0,012ms
[2021-04-30T09:35:40.382+0300][42,439s][debug][gc] GC(773) YG occupancy: 37101 K (39296 K)
[2021-04-30T09:35:40.388+0300][42,444s][info ][gc] GC(773) Pause Remark 121M->121M(123M) 5,558ms
[2021-04-30T09:35:40.388+0300][42,444s][info ][gc] GC(773) Concurrent Sweep
[2021-04-30T09:35:40.399+0300][42,456s][debug][gc] GC(773) Concurrent active time: 0,011ms
[2021-04-30T09:35:40.399+0300][42,456s][info ][gc] GC(773) Concurrent Sweep 11,362ms
[2021-04-30T09:35:40.399+0300][42,456s][info ][gc] GC(773) Concurrent Reset
[2021-04-30T09:35:40.399+0300][42,456s][debug][gc] GC(773) Concurrent active time: 0,000ms
[2021-04-30T09:35:40.399+0300][42,456s][info ][gc] GC(773) Concurrent Reset 0,074ms
[2021-04-30T09:35:40.450+0300][42,506s][info ][gc] GC(775) Pause Full (Allocation Failure) 123M->106M(123M) 48,901ms
[2021-04-30T09:35:40.450+0300][42,506s][info ][gc] GC(774) Pause Young (Allocation Failure) 123M->106M(123M) 48,969ms
[2021-04-30T09:35:40.453+0300][42,510s][info ][gc] GC(776) Pause Initial Mark 106M->106M(123M) 3,193ms
[2021-04-30T09:35:40.453+0300][42,510s][info ][gc] GC(776) Concurrent Mark
[2021-04-30T09:35:40.479+0300][42,535s][debug][gc] GC(776) Concurrent active time: 0,025ms
[2021-04-30T09:35:40.479+0300][42,535s][info ][gc] GC(776) Concurrent Mark 25,221ms
[2021-04-30T09:35:40.479+0300][42,535s][info ][gc] GC(776) Concurrent Preclean
[2021-04-30T09:35:40.496+0300][42,553s][debug][gc] GC(776) Concurrent active time: 0,017ms
[2021-04-30T09:35:40.496+0300][42,553s][info ][gc] GC(776) Concurrent Preclean 17,486ms
[2021-04-30T09:35:40.496+0300][42,553s][info ][gc] GC(776) Concurrent Abortable Preclean
[2021-04-30T09:35:40.496+0300][42,553s][debug][gc] GC(776) Concurrent active time: 0,000ms
[2021-04-30T09:35:40.496+0300][42,553s][info ][gc] GC(776) Concurrent Abortable Preclean 0,012ms
[2021-04-30T09:35:40.496+0300][42,553s][debug][gc] GC(776) YG occupancy: 38159 K (39296 K)
[2021-04-30T09:35:40.502+0300][42,558s][info ][gc] GC(776) Pause Remark 122M->122M(123M) 5,780ms
[2021-04-30T09:35:40.502+0300][42,559s][info ][gc] GC(776) Concurrent Sweep
[2021-04-30T09:35:40.514+0300][42,570s][debug][gc] GC(776) Concurrent active time: 0,011ms
[2021-04-30T09:35:40.514+0300][42,570s][info ][gc] GC(776) Concurrent Sweep 11,634ms
[2021-04-30T09:35:40.514+0300][42,570s][debug][gc] GC(777) Concurrent mode failure
[2021-04-30T09:35:40.566+0300][42,623s][info ][gc] GC(777) Pause Full (Allocation Failure) 123M->106M(123M) 57,323ms
[2021-04-30T09:35:40.668+0300][42,725s][info ][gc] GC(778) Pause Full (Allocation Failure) 123M->106M(123M) 52,897ms
[2021-04-30T09:35:40.672+0300][42,728s][info ][gc] GC(779) Pause Initial Mark 107M->107M(123M) 3,470ms
[2021-04-30T09:35:40.672+0300][42,728s][info ][gc] GC(779) Concurrent Mark
[2021-04-30T09:35:40.698+0300][42,755s][debug][gc] GC(779) Concurrent active time: 0,026ms
[2021-04-30T09:35:40.698+0300][42,755s][info ][gc] GC(779) Concurrent Mark 26,412ms
[2021-04-30T09:35:40.698+0300][42,755s][info ][gc] GC(779) Concurrent Preclean
[2021-04-30T09:35:40.714+0300][42,770s][debug][gc] GC(779) Concurrent active time: 0,016ms
[2021-04-30T09:35:40.714+0300][42,770s][info ][gc] GC(779) Concurrent Preclean 15,682ms
[2021-04-30T09:35:40.714+0300][42,770s][info ][gc] GC(779) Concurrent Abortable Preclean
[2021-04-30T09:35:40.714+0300][42,770s][debug][gc] GC(779) Concurrent active time: 0,000ms
[2021-04-30T09:35:40.714+0300][42,770s][info ][gc] GC(779) Concurrent Abortable Preclean 0,012ms
[2021-04-30T09:35:40.714+0300][42,770s][debug][gc] GC(779) YG occupancy: 38092 K (39296 K)
[2021-04-30T09:35:40.720+0300][42,776s][info ][gc] GC(779) Pause Remark 122M->122M(123M) 5,721ms
[2021-04-30T09:35:40.720+0300][42,776s][info ][gc] GC(779) Concurrent Sweep
[2021-04-30T09:35:40.732+0300][42,789s][debug][gc] GC(779) Concurrent active time: 0,012ms
[2021-04-30T09:35:40.732+0300][42,789s][info ][gc] GC(779) Concurrent Sweep 12,447ms
[2021-04-30T09:35:40.732+0300][42,789s][debug][gc] GC(780) Concurrent mode failure
[2021-04-30T09:35:40.789+0300][42,845s][info ][gc] GC(780) Pause Full (Allocation Failure) 123M->106M(123M) 61,673ms
[2021-04-30T09:35:40.888+0300][42,945s][info ][gc] GC(781) Pause Full (Allocation Failure) 123M->107M(123M) 52,014ms
[2021-04-30T09:35:40.892+0300][42,949s][info ][gc] GC(782) Pause Initial Mark 107M->107M(123M) 3,661ms
[2021-04-30T09:35:40.892+0300][42,949s][info ][gc] GC(782) Concurrent Mark
[2021-04-30T09:35:40.917+0300][42,974s][debug][gc] GC(782) Concurrent active time: 0,025ms
[2021-04-30T09:35:40.917+0300][42,974s][info ][gc] GC(782) Concurrent Mark 24,940ms
[2021-04-30T09:35:40.917+0300][42,974s][info ][gc] GC(782) Concurrent Preclean
[2021-04-30T09:35:40.937+0300][42,994s][debug][gc] GC(782) Concurrent active time: 0,020ms
[2021-04-30T09:35:40.937+0300][42,994s][info ][gc] GC(782) Concurrent Preclean 19,997ms
[2021-04-30T09:35:40.937+0300][42,994s][info ][gc] GC(782) Concurrent Abortable Preclean
[2021-04-30T09:35:40.937+0300][42,994s][debug][gc] GC(782) Concurrent active time: 0,000ms
[2021-04-30T09:35:40.937+0300][42,994s][info ][gc] GC(782) Concurrent Abortable Preclean 0,021ms
[2021-04-30T09:35:40.937+0300][42,994s][debug][gc] GC(782) YG occupancy: 38316 K (39296 K)
[2021-04-30T09:35:40.945+0300][43,002s][info ][gc] GC(782) Pause Remark 122M->122M(123M) 8,185ms
[2021-04-30T09:35:40.946+0300][43,002s][info ][gc] GC(782) Concurrent Sweep
[2021-04-30T09:35:40.958+0300][43,015s][debug][gc] GC(782) Concurrent active time: 0,012ms
[2021-04-30T09:35:40.958+0300][43,015s][info ][gc] GC(782) Concurrent Sweep 12,569ms
[2021-04-30T09:35:40.958+0300][43,015s][debug][gc] GC(783) Concurrent mode failure
[2021-04-30T09:35:41.015+0300][43,072s][info ][gc] GC(783) Pause Full (Allocation Failure) 123M->107M(123M) 63,248ms
[2021-04-30T09:35:41.109+0300][43,166s][info ][gc] GC(784) Pause Full (Allocation Failure) 123M->107M(123M) 48,961ms
[2021-04-30T09:35:41.113+0300][43,169s][info ][gc] GC(785) Pause Initial Mark 108M->108M(123M) 3,407ms
[2021-04-30T09:35:41.113+0300][43,169s][info ][gc] GC(785) Concurrent Mark
[2021-04-30T09:35:41.135+0300][43,192s][debug][gc] GC(785) Concurrent active time: 0,022ms
[2021-04-30T09:35:41.135+0300][43,192s][info ][gc] GC(785) Concurrent Mark 22,467ms
[2021-04-30T09:35:41.135+0300][43,192s][info ][gc] GC(785) Concurrent Preclean
[2021-04-30T09:35:41.151+0300][43,208s][debug][gc] GC(785) Concurrent active time: 0,016ms
[2021-04-30T09:35:41.151+0300][43,208s][info ][gc] GC(785) Concurrent Preclean 16,130ms
[2021-04-30T09:35:41.151+0300][43,208s][info ][gc] GC(785) Concurrent Abortable Preclean
[2021-04-30T09:35:41.151+0300][43,208s][debug][gc] GC(785) Concurrent active time: 0,000ms
[2021-04-30T09:35:41.151+0300][43,208s][info ][gc] GC(785) Concurrent Abortable Preclean 0,012ms
[2021-04-30T09:35:41.151+0300][43,208s][debug][gc] GC(785) YG occupancy: 38235 K (39296 K)
[2021-04-30T09:35:41.157+0300][43,214s][info ][gc] GC(785) Pause Remark 122M->122M(123M) 5,724ms
[2021-04-30T09:35:41.157+0300][43,214s][info ][gc] GC(785) Concurrent Sweep
[2021-04-30T09:35:41.169+0300][43,225s][debug][gc] GC(785) Concurrent active time: 0,011ms
[2021-04-30T09:35:41.169+0300][43,225s][info ][gc] GC(785) Concurrent Sweep 11,531ms
[2021-04-30T09:35:41.169+0300][43,225s][debug][gc] GC(786) Concurrent mode failure
[2021-04-30T09:35:41.222+0300][43,278s][info ][gc] GC(786) Pause Full (Allocation Failure) 123M->108M(123M) 57,822ms
[2021-04-30T09:35:41.318+0300][43,374s][info ][gc] GC(787) Pause Full (Allocation Failure) 123M->108M(123M) 49,999ms
[2021-04-30T09:35:41.321+0300][43,378s][info ][gc] GC(788) Pause Initial Mark 108M->108M(123M) 3,480ms
[2021-04-30T09:35:41.321+0300][43,378s][info ][gc] GC(788) Concurrent Mark
[2021-04-30T09:35:41.343+0300][43,400s][debug][gc] GC(788) Concurrent active time: 0,022ms
[2021-04-30T09:35:41.343+0300][43,400s][info ][gc] GC(788) Concurrent Mark 21,888ms
[2021-04-30T09:35:41.343+0300][43,400s][info ][gc] GC(788) Concurrent Preclean
[2021-04-30T09:35:41.359+0300][43,415s][debug][gc] GC(788) Concurrent active time: 0,016ms
[2021-04-30T09:35:41.359+0300][43,415s][info ][gc] GC(788) Concurrent Preclean 15,543ms
[2021-04-30T09:35:41.359+0300][43,415s][info ][gc] GC(788) Concurrent Abortable Preclean
[2021-04-30T09:35:41.359+0300][43,415s][debug][gc] GC(788) Concurrent active time: 0,000ms
[2021-04-30T09:35:41.359+0300][43,415s][info ][gc] GC(788) Concurrent Abortable Preclean 0,012ms
[2021-04-30T09:35:41.359+0300][43,415s][debug][gc] GC(788) YG occupancy: 38203 K (39296 K)
[2021-04-30T09:35:41.364+0300][43,421s][info ][gc] GC(788) Pause Remark 122M->122M(123M) 5,575ms
[2021-04-30T09:35:41.364+0300][43,421s][info ][gc] GC(788) Concurrent Sweep
[2021-04-30T09:35:41.377+0300][43,434s][debug][gc] GC(788) Concurrent active time: 0,013ms
[2021-04-30T09:35:41.377+0300][43,434s][info ][gc] GC(788) Concurrent Sweep 12,753ms
[2021-04-30T09:35:41.377+0300][43,434s][debug][gc] GC(789) Concurrent mode failure
[2021-04-30T09:35:41.432+0300][43,489s][info ][gc] GC(789) Pause Full (Allocation Failure) 123M->108M(123M) 61,274ms
[2021-04-30T09:35:41.526+0300][43,583s][info ][gc] GC(790) Pause Full (Allocation Failure) 123M->108M(123M) 50,775ms
[2021-04-30T09:35:41.531+0300][43,587s][info ][gc] GC(791) Pause Initial Mark 109M->109M(123M) 4,292ms
[2021-04-30T09:35:41.531+0300][43,587s][info ][gc] GC(791) Concurrent Mark
[2021-04-30T09:35:41.557+0300][43,614s][debug][gc] GC(791) Concurrent active time: 0,026ms
[2021-04-30T09:35:41.557+0300][43,614s][info ][gc] GC(791) Concurrent Mark 26,496ms
[2021-04-30T09:35:41.557+0300][43,614s][info ][gc] GC(791) Concurrent Preclean
[2021-04-30T09:35:41.574+0300][43,630s][debug][gc] GC(791) Concurrent active time: 0,016ms
[2021-04-30T09:35:41.574+0300][43,630s][info ][gc] GC(791) Concurrent Preclean 16,436ms
[2021-04-30T09:35:41.574+0300][43,630s][info ][gc] GC(791) Concurrent Abortable Preclean
[2021-04-30T09:35:41.574+0300][43,630s][debug][gc] GC(791) Concurrent active time: 0,000ms
[2021-04-30T09:35:41.574+0300][43,630s][info ][gc] GC(791) Concurrent Abortable Preclean 0,012ms
[2021-04-30T09:35:41.574+0300][43,630s][debug][gc] GC(791) YG occupancy: 37649 K (39296 K)
[2021-04-30T09:35:41.579+0300][43,636s][info ][gc] GC(791) Pause Remark 122M->122M(123M) 5,508ms
[2021-04-30T09:35:41.579+0300][43,636s][info ][gc] GC(791) Concurrent Sweep
[2021-04-30T09:35:41.592+0300][43,648s][debug][gc] GC(791) Concurrent active time: 0,012ms
[2021-04-30T09:35:41.592+0300][43,648s][info ][gc] GC(791) Concurrent Sweep 12,324ms
[2021-04-30T09:35:41.592+0300][43,648s][debug][gc] GC(792) Concurrent mode failure
[2021-04-30T09:35:41.641+0300][43,698s][info ][gc] GC(792) Pause Full (Allocation Failure) 123M->109M(123M) 51,801ms
[2021-04-30T09:35:41.736+0300][43,792s][info ][gc] GC(793) Pause Full (Allocation Failure) 123M->109M(123M) 49,312ms
[2021-04-30T09:35:41.740+0300][43,796s][info ][gc] GC(794) Pause Initial Mark 109M->109M(123M) 3,632ms
[2021-04-30T09:35:41.740+0300][43,796s][info ][gc] GC(794) Concurrent Mark
[2021-04-30T09:35:41.763+0300][43,820s][debug][gc] GC(794) Concurrent active time: 0,023ms
[2021-04-30T09:35:41.763+0300][43,820s][info ][gc] GC(794) Concurrent Mark 23,546ms
[2021-04-30T09:35:41.763+0300][43,820s][info ][gc] GC(794) Concurrent Preclean
[2021-04-30T09:35:41.779+0300][43,835s][debug][gc] GC(794) Concurrent active time: 0,015ms
[2021-04-30T09:35:41.779+0300][43,835s][info ][gc] GC(794) Concurrent Preclean 15,434ms
[2021-04-30T09:35:41.779+0300][43,835s][info ][gc] GC(794) Concurrent Abortable Preclean
[2021-04-30T09:35:41.779+0300][43,835s][debug][gc] GC(794) Concurrent active time: 0,000ms
[2021-04-30T09:35:41.779+0300][43,835s][info ][gc] GC(794) Concurrent Abortable Preclean 0,012ms
[2021-04-30T09:35:41.779+0300][43,835s][debug][gc] GC(794) YG occupancy: 37669 K (39296 K)
[2021-04-30T09:35:41.784+0300][43,841s][info ][gc] GC(794) Pause Remark 122M->122M(123M) 5,745ms
[2021-04-30T09:35:41.785+0300][43,841s][info ][gc] GC(794) Concurrent Sweep
[2021-04-30T09:35:41.800+0300][43,856s][debug][gc] GC(794) Concurrent active time: 0,015ms
[2021-04-30T09:35:41.800+0300][43,856s][info ][gc] GC(794) Concurrent Sweep 15,380ms
[2021-04-30T09:35:41.800+0300][43,857s][debug][gc] GC(795) Concurrent mode failure
[2021-04-30T09:35:41.854+0300][43,910s][info ][gc] GC(795) Pause Full (Allocation Failure) 123M->109M(123M) 56,858ms
[2021-04-30T09:35:41.953+0300][44,010s][info ][gc] GC(796) Pause Full (Allocation Failure) 123M->109M(123M) 56,879ms
[2021-04-30T09:35:41.958+0300][44,014s][info ][gc] GC(797) Pause Initial Mark 110M->110M(123M) 3,869ms
[2021-04-30T09:35:41.958+0300][44,014s][info ][gc] GC(797) Concurrent Mark
[2021-04-30T09:35:41.983+0300][44,040s][debug][gc] GC(797) Concurrent active time: 0,023ms
[2021-04-30T09:35:41.983+0300][44,040s][info ][gc] GC(797) Concurrent Mark 25,663ms
[2021-04-30T09:35:41.983+0300][44,040s][info ][gc] GC(797) Concurrent Preclean
[2021-04-30T09:35:41.999+0300][44,056s][debug][gc] GC(797) Concurrent active time: 0,016ms
[2021-04-30T09:35:41.999+0300][44,056s][info ][gc] GC(797) Concurrent Preclean 15,829ms
[2021-04-30T09:35:41.999+0300][44,056s][info ][gc] GC(797) Concurrent Abortable Preclean
[2021-04-30T09:35:41.999+0300][44,056s][debug][gc] GC(797) Concurrent active time: 0,000ms
[2021-04-30T09:35:41.999+0300][44,056s][info ][gc] GC(797) Concurrent Abortable Preclean 0,012ms
[2021-04-30T09:35:41.999+0300][44,056s][debug][gc] GC(797) YG occupancy: 37824 K (39296 K)
[2021-04-30T09:35:42.005+0300][44,062s][info ][gc] GC(797) Pause Remark 122M->122M(123M) 6,109ms
[2021-04-30T09:35:42.006+0300][44,062s][info ][gc] GC(797) Concurrent Sweep
[2021-04-30T09:35:42.017+0300][44,074s][debug][gc] GC(797) Concurrent active time: 0,011ms
[2021-04-30T09:35:42.017+0300][44,074s][info ][gc] GC(797) Concurrent Sweep 11,409ms
[2021-04-30T09:35:42.017+0300][44,074s][debug][gc] GC(798) Concurrent mode failure
[2021-04-30T09:35:42.071+0300][44,127s][info ][gc] GC(798) Pause Full (Allocation Failure) 123M->109M(123M) 55,985ms
[2021-04-30T09:35:42.163+0300][44,219s][info ][gc] GC(799) Pause Full (Allocation Failure) 123M->110M(123M) 49,859ms
[2021-04-30T09:35:42.167+0300][44,223s][info ][gc] GC(800) Pause Initial Mark 110M->110M(123M) 3,840ms
[2021-04-30T09:35:42.167+0300][44,224s][info ][gc] GC(800) Concurrent Mark
[2021-04-30T09:35:42.194+0300][44,250s][debug][gc] GC(800) Concurrent active time: 0,027ms
[2021-04-30T09:35:42.194+0300][44,250s][info ][gc] GC(800) Concurrent Mark 26,936ms
[2021-04-30T09:35:42.194+0300][44,250s][info ][gc] GC(800) Concurrent Preclean
[2021-04-30T09:35:42.210+0300][44,267s][debug][gc] GC(800) Concurrent active time: 0,016ms
[2021-04-30T09:35:42.210+0300][44,267s][info ][gc] GC(800) Concurrent Preclean 16,361ms
[2021-04-30T09:35:42.210+0300][44,267s][info ][gc] GC(800) Concurrent Abortable Preclean
[2021-04-30T09:35:42.210+0300][44,267s][debug][gc] GC(800) Concurrent active time: 0,000ms
[2021-04-30T09:35:42.210+0300][44,267s][info ][gc] GC(800) Concurrent Abortable Preclean 0,012ms
[2021-04-30T09:35:42.210+0300][44,267s][debug][gc] GC(800) YG occupancy: 39107 K (39296 K)
[2021-04-30T09:35:42.216+0300][44,273s][info ][gc] GC(800) Pause Remark 123M->123M(123M) 5,920ms
[2021-04-30T09:35:42.216+0300][44,273s][info ][gc] GC(800) Concurrent Sweep
[2021-04-30T09:35:42.228+0300][44,284s][debug][gc] GC(800) Concurrent active time: 0,011ms
[2021-04-30T09:35:42.228+0300][44,284s][info ][gc] GC(800) Concurrent Sweep 11,407ms
[2021-04-30T09:35:42.228+0300][44,284s][debug][gc] GC(801) Concurrent mode failure
[2021-04-30T09:35:42.280+0300][44,336s][info ][gc] GC(801) Pause Full (Allocation Failure) 123M->110M(123M) 62,255ms
[2021-04-30T09:35:42.374+0300][44,430s][info ][gc] GC(802) Pause Full (Allocation Failure) 123M->110M(123M) 53,648ms
[2021-04-30T09:35:42.378+0300][44,435s][info ][gc] GC(803) Pause Initial Mark 110M->110M(123M) 4,039ms
[2021-04-30T09:35:42.378+0300][44,435s][info ][gc] GC(803) Concurrent Mark
[2021-04-30T09:35:42.403+0300][44,459s][debug][gc] GC(803) Concurrent active time: 0,024ms
[2021-04-30T09:35:42.403+0300][44,459s][info ][gc] GC(803) Concurrent Mark 24,370ms
[2021-04-30T09:35:42.403+0300][44,459s][info ][gc] GC(803) Concurrent Preclean
[2021-04-30T09:35:42.419+0300][44,476s][debug][gc] GC(803) Concurrent active time: 0,017ms
[2021-04-30T09:35:42.419+0300][44,476s][info ][gc] GC(803) Concurrent Preclean 16,690ms
[2021-04-30T09:35:42.419+0300][44,476s][info ][gc] GC(803) Concurrent Abortable Preclean
[2021-04-30T09:35:42.419+0300][44,476s][debug][gc] GC(803) Concurrent active time: 0,000ms
[2021-04-30T09:35:42.419+0300][44,476s][info ][gc] GC(803) Concurrent Abortable Preclean 0,012ms
[2021-04-30T09:35:42.419+0300][44,476s][debug][gc] GC(803) YG occupancy: 39066 K (39296 K)
[2021-04-30T09:35:42.425+0300][44,482s][info ][gc] GC(803) Pause Remark 123M->123M(123M) 6,009ms
[2021-04-30T09:35:42.425+0300][44,482s][info ][gc] GC(803) Concurrent Sweep
[2021-04-30T09:35:42.437+0300][44,494s][debug][gc] GC(803) Concurrent active time: 0,011ms
[2021-04-30T09:35:42.437+0300][44,494s][info ][gc] GC(803) Concurrent Sweep 11,534ms
[2021-04-30T09:35:42.437+0300][44,494s][debug][gc] GC(804) Concurrent mode failure
[2021-04-30T09:35:42.490+0300][44,547s][info ][gc] GC(804) Pause Full (Allocation Failure) 123M->110M(123M) 63,290ms
[2021-04-30T09:35:42.583+0300][44,639s][info ][gc] GC(805) Pause Full (Allocation Failure) 123M->111M(123M) 51,826ms
[2021-04-30T09:35:42.587+0300][44,644s][info ][gc] GC(806) Pause Initial Mark 111M->111M(123M) 4,479ms
[2021-04-30T09:35:42.587+0300][44,644s][info ][gc] GC(806) Concurrent Mark
[2021-04-30T09:35:42.612+0300][44,669s][debug][gc] GC(806) Concurrent active time: 0,025ms
[2021-04-30T09:35:42.612+0300][44,669s][info ][gc] GC(806) Concurrent Mark 25,049ms
[2021-04-30T09:35:42.612+0300][44,669s][info ][gc] GC(806) Concurrent Preclean
[2021-04-30T09:35:42.628+0300][44,685s][debug][gc] GC(806) Concurrent active time: 0,016ms
[2021-04-30T09:35:42.628+0300][44,685s][info ][gc] GC(806) Concurrent Preclean 15,790ms
[2021-04-30T09:35:42.628+0300][44,685s][info ][gc] GC(806) Concurrent Abortable Preclean
[2021-04-30T09:35:42.628+0300][44,685s][debug][gc] GC(806) Concurrent active time: 0,000ms
[2021-04-30T09:35:42.628+0300][44,685s][info ][gc] GC(806) Concurrent Abortable Preclean 0,012ms
[2021-04-30T09:35:42.628+0300][44,685s][debug][gc] GC(806) YG occupancy: 39174 K (39296 K)
[2021-04-30T09:35:42.635+0300][44,691s][info ][gc] GC(806) Pause Remark 123M->123M(123M) 6,281ms
[2021-04-30T09:35:42.635+0300][44,691s][info ][gc] GC(806) Concurrent Sweep
[2021-04-30T09:35:42.650+0300][44,707s][debug][gc] GC(806) Concurrent active time: 0,015ms
[2021-04-30T09:35:42.650+0300][44,707s][info ][gc] GC(806) Concurrent Sweep 15,574ms
[2021-04-30T09:35:42.650+0300][44,707s][debug][gc] GC(807) Concurrent mode failure
[2021-04-30T09:35:42.701+0300][44,758s][info ][gc] GC(807) Pause Full (Allocation Failure) 123M->111M(123M) 65,760ms
[2021-04-30T09:35:42.791+0300][44,847s][info ][gc] GC(808) Pause Full (Allocation Failure) 123M->111M(123M) 49,963ms
[2021-04-30T09:35:42.795+0300][44,852s][info ][gc] GC(809) Pause Initial Mark 111M->111M(123M) 4,189ms
[2021-04-30T09:35:42.795+0300][44,852s][info ][gc] GC(809) Concurrent Mark
[2021-04-30T09:35:42.817+0300][44,873s][debug][gc] GC(809) Concurrent active time: 0,022ms
[2021-04-30T09:35:42.817+0300][44,873s][info ][gc] GC(809) Concurrent Mark 21,587ms
[2021-04-30T09:35:42.817+0300][44,873s][info ][gc] GC(809) Concurrent Preclean
[2021-04-30T09:35:42.833+0300][44,890s][debug][gc] GC(809) Concurrent active time: 0,016ms
[2021-04-30T09:35:42.833+0300][44,890s][info ][gc] GC(809) Concurrent Preclean 16,205ms
[2021-04-30T09:35:42.833+0300][44,890s][info ][gc] GC(809) Concurrent Abortable Preclean
[2021-04-30T09:35:42.833+0300][44,890s][debug][gc] GC(809) Concurrent active time: 0,000ms
[2021-04-30T09:35:42.833+0300][44,890s][info ][gc] GC(809) Concurrent Abortable Preclean 0,012ms
[2021-04-30T09:35:42.833+0300][44,890s][debug][gc] GC(809) YG occupancy: 37529 K (39296 K)
[2021-04-30T09:35:42.841+0300][44,897s][info ][gc] GC(809) Pause Remark 122M->122M(123M) 7,614ms
[2021-04-30T09:35:42.841+0300][44,897s][info ][gc] GC(809) Concurrent Sweep
[2021-04-30T09:35:42.853+0300][44,910s][debug][gc] GC(809) Concurrent active time: 0,012ms
[2021-04-30T09:35:42.853+0300][44,910s][info ][gc] GC(809) Concurrent Sweep 12,613ms
[2021-04-30T09:35:42.854+0300][44,910s][debug][gc] GC(810) Concurrent mode failure
[2021-04-30T09:35:42.909+0300][44,965s][info ][gc] GC(810) Pause Full (Allocation Failure) 123M->111M(123M) 56,571ms
[2021-04-30T09:35:43.010+0300][45,067s][info ][gc] GC(811) Pause Full (Allocation Failure) 123M->111M(123M) 54,269ms
[2021-04-30T09:35:43.015+0300][45,071s][info ][gc] GC(812) Pause Initial Mark 112M->112M(123M) 4,130ms
[2021-04-30T09:35:43.015+0300][45,071s][info ][gc] GC(812) Concurrent Mark
[2021-04-30T09:35:43.040+0300][45,096s][debug][gc] GC(812) Concurrent active time: 0,025ms
[2021-04-30T09:35:43.040+0300][45,096s][info ][gc] GC(812) Concurrent Mark 25,002ms
[2021-04-30T09:35:43.040+0300][45,096s][info ][gc] GC(812) Concurrent Preclean
[2021-04-30T09:35:43.055+0300][45,112s][debug][gc] GC(812) Concurrent active time: 0,016ms
[2021-04-30T09:35:43.055+0300][45,112s][info ][gc] GC(812) Concurrent Preclean 15,929ms
[2021-04-30T09:35:43.056+0300][45,112s][debug][gc] GC(813) Concurrent mode failure
[2021-04-30T09:35:43.108+0300][45,165s][info ][gc] GC(813) Pause Full (Allocation Failure) 123M->111M(123M) 53,511ms
[2021-04-30T09:35:43.198+0300][45,255s][info ][gc] GC(814) Pause Full (Allocation Failure) 123M->112M(123M) 51,506ms
[2021-04-30T09:35:43.203+0300][45,259s][info ][gc] GC(815) Pause Initial Mark 112M->112M(123M) 4,193ms
[2021-04-30T09:35:43.203+0300][45,259s][info ][gc] GC(815) Concurrent Mark
[2021-04-30T09:35:43.229+0300][45,286s][debug][gc] GC(815) Concurrent active time: 0,026ms
[2021-04-30T09:35:43.229+0300][45,286s][info ][gc] GC(815) Concurrent Mark 26,300ms
[2021-04-30T09:35:43.229+0300][45,286s][info ][gc] GC(815) Concurrent Preclean
[2021-04-30T09:35:43.246+0300][45,303s][debug][gc] GC(815) Concurrent active time: 0,017ms
[2021-04-30T09:35:43.246+0300][45,303s][info ][gc] GC(815) Concurrent Preclean 17,425ms
[2021-04-30T09:35:43.247+0300][45,303s][debug][gc] GC(816) Concurrent mode failure
[2021-04-30T09:35:43.298+0300][45,355s][info ][gc] GC(816) Pause Full (Allocation Failure) 123M->112M(123M) 55,940ms
[2021-04-30T09:35:43.387+0300][45,443s][info ][gc] GC(817) Pause Full (Allocation Failure) 123M->112M(123M) 50,478ms
[2021-04-30T09:35:43.392+0300][45,448s][info ][gc] GC(818) Pause Initial Mark 112M->112M(123M) 5,034ms
[2021-04-30T09:35:43.392+0300][45,448s][info ][gc] GC(818) Concurrent Mark
[2021-04-30T09:35:43.412+0300][45,469s][debug][gc] GC(818) Concurrent active time: 0,020ms
[2021-04-30T09:35:43.412+0300][45,469s][info ][gc] GC(818) Concurrent Mark 20,545ms
[2021-04-30T09:35:43.412+0300][45,469s][info ][gc] GC(818) Concurrent Preclean
[2021-04-30T09:35:43.428+0300][45,484s][debug][gc] GC(818) Concurrent active time: 0,015ms
[2021-04-30T09:35:43.428+0300][45,484s][info ][gc] GC(818) Concurrent Preclean 15,323ms
[2021-04-30T09:35:43.428+0300][45,484s][info ][gc] GC(818) Concurrent Abortable Preclean
[2021-04-30T09:35:43.428+0300][45,484s][debug][gc] GC(818) Concurrent active time: 0,000ms
[2021-04-30T09:35:43.428+0300][45,484s][info ][gc] GC(818) Concurrent Abortable Preclean 0,012ms
[2021-04-30T09:35:43.428+0300][45,484s][debug][gc] GC(818) YG occupancy: 39085 K (39296 K)
[2021-04-30T09:35:43.434+0300][45,491s][info ][gc] GC(818) Pause Remark 123M->123M(123M) 6,353ms
[2021-04-30T09:35:43.434+0300][45,491s][info ][gc] GC(818) Concurrent Sweep
[2021-04-30T09:35:43.446+0300][45,502s][debug][gc] GC(818) Concurrent active time: 0,011ms
[2021-04-30T09:35:43.446+0300][45,502s][info ][gc] GC(818) Concurrent Sweep 11,535ms
[2021-04-30T09:35:43.446+0300][45,503s][debug][gc] GC(819) Concurrent mode failure
[2021-04-30T09:35:43.496+0300][45,553s][info ][gc] GC(819) Pause Full (Allocation Failure) 123M->112M(123M) 60,356ms
[2021-04-30T09:35:43.585+0300][45,642s][info ][gc] GC(820) Pause Full (Allocation Failure) 123M->112M(123M) 50,450ms
[2021-04-30T09:35:43.590+0300][45,646s][info ][gc] GC(821) Pause Initial Mark 113M->113M(123M) 4,218ms
[2021-04-30T09:35:43.590+0300][45,646s][info ][gc] GC(821) Concurrent Mark
[2021-04-30T09:35:43.615+0300][45,671s][debug][gc] GC(821) Concurrent active time: 0,025ms
[2021-04-30T09:35:43.615+0300][45,671s][info ][gc] GC(821) Concurrent Mark 24,838ms
[2021-04-30T09:35:43.615+0300][45,671s][info ][gc] GC(821) Concurrent Preclean
[2021-04-30T09:35:43.631+0300][45,688s][debug][gc] GC(821) Concurrent active time: 0,016ms
[2021-04-30T09:35:43.631+0300][45,688s][info ][gc] GC(821) Concurrent Preclean 16,548ms
[2021-04-30T09:35:43.631+0300][45,688s][debug][gc] GC(822) Concurrent mode failure
[2021-04-30T09:35:43.684+0300][45,741s][info ][gc] GC(822) Pause Full (Allocation Failure) 123M->113M(123M) 55,995ms
[2021-04-30T09:35:43.777+0300][45,833s][info ][gc] GC(823) Pause Full (Allocation Failure) 123M->113M(123M) 54,761ms
[2021-04-30T09:35:43.781+0300][45,838s][info ][gc] GC(824) Pause Initial Mark 113M->113M(123M) 4,502ms
[2021-04-30T09:35:43.782+0300][45,838s][info ][gc] GC(824) Concurrent Mark
[2021-04-30T09:35:43.809+0300][45,866s][debug][gc] GC(824) Concurrent active time: 0,028ms
[2021-04-30T09:35:43.809+0300][45,866s][info ][gc] GC(824) Concurrent Mark 27,710ms
[2021-04-30T09:35:43.809+0300][45,866s][info ][gc] GC(824) Concurrent Preclean
[2021-04-30T09:35:43.827+0300][45,884s][debug][gc] GC(824) Concurrent active time: 0,017ms
[2021-04-30T09:35:43.827+0300][45,884s][info ][gc] GC(824) Concurrent Preclean 17,765ms
[2021-04-30T09:35:43.827+0300][45,884s][debug][gc] GC(825) Concurrent mode failure
[2021-04-30T09:35:43.896+0300][45,952s][info ][gc] GC(825) Pause Full (Allocation Failure) 123M->113M(123M) 74,689ms
[2021-04-30T09:35:44.005+0300][46,062s][info ][gc] GC(826) Pause Full (Allocation Failure) 123M->113M(123M) 56,338ms
[2021-04-30T09:35:44.010+0300][46,067s][info ][gc] GC(827) Pause Initial Mark 113M->113M(123M) 4,367ms
[2021-04-30T09:35:44.010+0300][46,067s][info ][gc] GC(827) Concurrent Mark
[2021-04-30T09:35:44.035+0300][46,092s][debug][gc] GC(827) Concurrent active time: 0,025ms
[2021-04-30T09:35:44.035+0300][46,092s][info ][gc] GC(827) Concurrent Mark 25,007ms
[2021-04-30T09:35:44.035+0300][46,092s][info ][gc] GC(827) Concurrent Preclean
[2021-04-30T09:35:44.053+0300][46,109s][debug][gc] GC(827) Concurrent active time: 0,017ms
[2021-04-30T09:35:44.053+0300][46,109s][info ][gc] GC(827) Concurrent Preclean 17,643ms
[2021-04-30T09:35:44.053+0300][46,109s][debug][gc] GC(828) Concurrent mode failure
[2021-04-30T09:35:44.104+0300][46,160s][info ][gc] GC(828) Pause Full (Allocation Failure) 123M->113M(123M) 55,057ms
[2021-04-30T09:35:44.192+0300][46,249s][info ][gc] GC(829) Pause Full (Allocation Failure) 123M->113M(123M) 53,279ms
[2021-04-30T09:35:44.197+0300][46,253s][info ][gc] GC(830) Pause Initial Mark 114M->114M(123M) 4,505ms
[2021-04-30T09:35:44.197+0300][46,254s][info ][gc] GC(830) Concurrent Mark
[2021-04-30T09:35:44.221+0300][46,277s][debug][gc] GC(830) Concurrent active time: 0,024ms
[2021-04-30T09:35:44.221+0300][46,277s][info ][gc] GC(830) Concurrent Mark 23,748ms
[2021-04-30T09:35:44.221+0300][46,277s][info ][gc] GC(830) Concurrent Preclean
[2021-04-30T09:35:44.237+0300][46,294s][debug][gc] GC(830) Concurrent active time: 0,016ms
[2021-04-30T09:35:44.237+0300][46,294s][info ][gc] GC(830) Concurrent Preclean 16,332ms
[2021-04-30T09:35:44.237+0300][46,294s][debug][gc] GC(831) Concurrent mode failure
[2021-04-30T09:35:44.290+0300][46,346s][info ][gc] GC(831) Pause Full (Allocation Failure) 123M->114M(123M) 54,758ms
[2021-04-30T09:35:44.378+0300][46,435s][info ][gc] GC(832) Pause Full (Allocation Failure) 123M->114M(123M) 50,480ms
[2021-04-30T09:35:44.383+0300][46,439s][info ][gc] GC(833) Pause Initial Mark 114M->114M(123M) 4,568ms
[2021-04-30T09:35:44.383+0300][46,440s][info ][gc] GC(833) Concurrent Mark
[2021-04-30T09:35:44.409+0300][46,465s][debug][gc] GC(833) Concurrent active time: 0,026ms
[2021-04-30T09:35:44.409+0300][46,465s][info ][gc] GC(833) Concurrent Mark 25,969ms
[2021-04-30T09:35:44.409+0300][46,466s][info ][gc] GC(833) Concurrent Preclean
[2021-04-30T09:35:44.425+0300][46,481s][debug][gc] GC(833) Concurrent active time: 0,015ms
[2021-04-30T09:35:44.425+0300][46,481s][info ][gc] GC(833) Concurrent Preclean 15,678ms
[2021-04-30T09:35:44.425+0300][46,481s][debug][gc] GC(834) Concurrent mode failure
[2021-04-30T09:35:44.479+0300][46,535s][info ][gc] GC(834) Pause Full (Allocation Failure) 123M->114M(123M) 59,025ms
[2021-04-30T09:35:44.565+0300][46,622s][info ][gc] GC(835) Pause Full (Allocation Failure) 123M->114M(123M) 51,167ms
[2021-04-30T09:35:44.570+0300][46,627s][info ][gc] GC(836) Pause Initial Mark 114M->114M(123M) 5,378ms
[2021-04-30T09:35:44.571+0300][46,627s][info ][gc] GC(836) Concurrent Mark
[2021-04-30T09:35:44.591+0300][46,648s][debug][gc] GC(836) Concurrent active time: 0,021ms
[2021-04-30T09:35:44.591+0300][46,648s][info ][gc] GC(836) Concurrent Mark 20,799ms
[2021-04-30T09:35:44.591+0300][46,648s][info ][gc] GC(836) Concurrent Preclean
[2021-04-30T09:35:44.608+0300][46,664s][debug][gc] GC(836) Concurrent active time: 0,016ms
[2021-04-30T09:35:44.608+0300][46,664s][info ][gc] GC(836) Concurrent Preclean 16,250ms
[2021-04-30T09:35:44.608+0300][46,664s][debug][gc] GC(837) Concurrent mode failure
[2021-04-30T09:35:44.662+0300][46,718s][info ][gc] GC(837) Pause Full (Allocation Failure) 123M->114M(123M) 55,100ms
[2021-04-30T09:35:44.751+0300][46,808s][info ][gc] GC(838) Pause Full (Allocation Failure) 123M->114M(123M) 53,000ms
[2021-04-30T09:35:44.756+0300][46,813s][info ][gc] GC(839) Pause Initial Mark 115M->115M(123M) 4,521ms
[2021-04-30T09:35:44.756+0300][46,813s][info ][gc] GC(839) Concurrent Mark
[2021-04-30T09:35:44.782+0300][46,839s][debug][gc] GC(839) Concurrent active time: 0,026ms
[2021-04-30T09:35:44.782+0300][46,839s][info ][gc] GC(839) Concurrent Mark 26,224ms
[2021-04-30T09:35:44.782+0300][46,839s][info ][gc] GC(839) Concurrent Preclean
[2021-04-30T09:35:44.798+0300][46,854s][debug][gc] GC(839) Concurrent active time: 0,015ms
[2021-04-30T09:35:44.798+0300][46,854s][info ][gc] GC(839) Concurrent Preclean 15,618ms
[2021-04-30T09:35:44.798+0300][46,855s][debug][gc] GC(840) Concurrent mode failure
[2021-04-30T09:35:44.850+0300][46,907s][info ][gc] GC(840) Pause Full (Allocation Failure) 123M->114M(123M) 59,743ms
[2021-04-30T09:35:44.942+0300][46,999s][info ][gc] GC(841) Pause Full (Allocation Failure) 123M->115M(123M) 56,527ms
[2021-04-30T09:35:44.948+0300][47,004s][info ][gc] GC(842) Pause Initial Mark 115M->115M(123M) 4,968ms
[2021-04-30T09:35:44.948+0300][47,004s][info ][gc] GC(842) Concurrent Mark
[2021-04-30T09:35:44.974+0300][47,030s][debug][gc] GC(842) Concurrent active time: 0,026ms
[2021-04-30T09:35:44.974+0300][47,030s][info ][gc] GC(842) Concurrent Mark 26,106ms
[2021-04-30T09:35:44.974+0300][47,030s][info ][gc] GC(842) Concurrent Preclean
[2021-04-30T09:35:44.993+0300][47,049s][debug][gc] GC(842) Concurrent active time: 0,019ms
[2021-04-30T09:35:44.993+0300][47,049s][info ][gc] GC(842) Concurrent Preclean 18,786ms
[2021-04-30T09:35:44.993+0300][47,049s][info ][gc] GC(842) Concurrent Abortable Preclean
[2021-04-30T09:35:44.993+0300][47,049s][debug][gc] GC(842) Concurrent active time: 0,000ms
[2021-04-30T09:35:44.993+0300][47,049s][info ][gc] GC(842) Concurrent Abortable Preclean 0,012ms
[2021-04-30T09:35:44.993+0300][47,049s][debug][gc] GC(842) YG occupancy: 39130 K (39296 K)
[2021-04-30T09:35:45.000+0300][47,056s][info ][gc] GC(842) Pause Remark 123M->123M(123M) 7,059ms
[2021-04-30T09:35:45.000+0300][47,056s][info ][gc] GC(842) Concurrent Sweep
[2021-04-30T09:35:45.012+0300][47,069s][debug][gc] GC(842) Concurrent active time: 0,012ms
[2021-04-30T09:35:45.012+0300][47,069s][info ][gc] GC(842) Concurrent Sweep 12,541ms
[2021-04-30T09:35:45.013+0300][47,069s][debug][gc] GC(843) Concurrent mode failure
[2021-04-30T09:35:45.064+0300][47,121s][info ][gc] GC(843) Pause Full (Allocation Failure) 123M->115M(123M) 62,848ms
[2021-04-30T09:35:45.149+0300][47,206s][info ][gc] GC(844) Pause Full (Allocation Failure) 123M->115M(123M) 51,915ms
[2021-04-30T09:35:45.154+0300][47,211s][info ][gc] GC(845) Pause Initial Mark 115M->115M(123M) 4,716ms
[2021-04-30T09:35:45.155+0300][47,211s][info ][gc] GC(845) Concurrent Mark
[2021-04-30T09:35:45.179+0300][47,236s][debug][gc] GC(845) Concurrent active time: 0,025ms
[2021-04-30T09:35:45.179+0300][47,236s][info ][gc] GC(845) Concurrent Mark 24,667ms
[2021-04-30T09:35:45.179+0300][47,236s][info ][gc] GC(845) Concurrent Preclean
[2021-04-30T09:35:45.196+0300][47,252s][debug][gc] GC(845) Concurrent active time: 0,016ms
[2021-04-30T09:35:45.196+0300][47,252s][info ][gc] GC(845) Concurrent Preclean 16,432ms
[2021-04-30T09:35:45.196+0300][47,252s][debug][gc] GC(846) Concurrent mode failure
[2021-04-30T09:35:45.250+0300][47,307s][info ][gc] GC(846) Pause Full (Allocation Failure) 123M->115M(123M) 55,443ms
[2021-04-30T09:35:45.335+0300][47,392s][info ][gc] GC(847) Pause Full (Allocation Failure) 123M->115M(123M) 50,573ms
[2021-04-30T09:35:45.340+0300][47,397s][info ][gc] GC(848) Pause Initial Mark 115M->115M(123M) 4,768ms
[2021-04-30T09:35:45.340+0300][47,397s][info ][gc] GC(848) Concurrent Mark
[2021-04-30T09:35:45.360+0300][47,417s][debug][gc] GC(848) Concurrent active time: 0,020ms
[2021-04-30T09:35:45.360+0300][47,417s][info ][gc] GC(848) Concurrent Mark 20,190ms
[2021-04-30T09:35:45.360+0300][47,417s][info ][gc] GC(848) Concurrent Preclean
[2021-04-30T09:35:45.377+0300][47,433s][debug][gc] GC(848) Concurrent active time: 0,016ms
[2021-04-30T09:35:45.377+0300][47,433s][info ][gc] GC(848) Concurrent Preclean 16,247ms
[2021-04-30T09:35:45.377+0300][47,433s][debug][gc] GC(849) Concurrent mode failure
[2021-04-30T09:35:45.428+0300][47,485s][info ][gc] GC(849) Pause Full (Allocation Failure) 123M->115M(123M) 53,794ms
[2021-04-30T09:35:45.518+0300][47,574s][info ][gc] GC(850) Pause Full (Allocation Failure) 123M->115M(123M) 54,740ms
[2021-04-30T09:35:45.523+0300][47,579s][info ][gc] GC(851) Pause Initial Mark 116M->116M(123M) 4,763ms
[2021-04-30T09:35:45.523+0300][47,579s][info ][gc] GC(851) Concurrent Mark
[2021-04-30T09:35:45.549+0300][47,606s][debug][gc] GC(851) Concurrent active time: 0,026ms
[2021-04-30T09:35:45.549+0300][47,606s][info ][gc] GC(851) Concurrent Mark 26,494ms
[2021-04-30T09:35:45.549+0300][47,606s][info ][gc] GC(851) Concurrent Preclean
[2021-04-30T09:35:45.565+0300][47,621s][debug][gc] GC(851) Concurrent active time: 0,015ms
[2021-04-30T09:35:45.565+0300][47,621s][info ][gc] GC(851) Concurrent Preclean 15,723ms
[2021-04-30T09:35:45.565+0300][47,622s][debug][gc] GC(852) Concurrent mode failure
[2021-04-30T09:35:45.616+0300][47,673s][info ][gc] GC(852) Pause Full (Allocation Failure) 123M->116M(123M) 60,647ms
[2021-04-30T09:35:45.701+0300][47,757s][info ][gc] GC(853) Pause Full (Allocation Failure) 123M->116M(123M) 51,063ms
[2021-04-30T09:35:45.706+0300][47,762s][info ][gc] GC(854) Pause Initial Mark 116M->116M(123M) 4,751ms
[2021-04-30T09:35:45.706+0300][47,762s][info ][gc] GC(854) Concurrent Mark
[2021-04-30T09:35:45.730+0300][47,786s][debug][gc] GC(854) Concurrent active time: 0,024ms
[2021-04-30T09:35:45.730+0300][47,786s][info ][gc] GC(854) Concurrent Mark 24,031ms
[2021-04-30T09:35:45.730+0300][47,786s][info ][gc] GC(854) Concurrent Preclean
[2021-04-30T09:35:45.747+0300][47,803s][debug][gc] GC(854) Concurrent active time: 0,017ms
[2021-04-30T09:35:45.747+0300][47,803s][info ][gc] GC(854) Concurrent Preclean 16,826ms
[2021-04-30T09:35:45.747+0300][47,803s][debug][gc] GC(855) Concurrent mode failure
[2021-04-30T09:35:45.801+0300][47,857s][info ][gc] GC(855) Pause Full (Allocation Failure) 123M->116M(123M) 62,630ms
[2021-04-30T09:35:45.890+0300][47,946s][info ][gc] GC(856) Pause Full (Allocation Failure) 123M->116M(123M) 54,688ms
[2021-04-30T09:35:45.896+0300][47,952s][info ][gc] GC(857) Pause Initial Mark 116M->116M(123M) 5,521ms
[2021-04-30T09:35:45.896+0300][47,952s][info ][gc] GC(857) Concurrent Mark
[2021-04-30T09:35:45.921+0300][47,978s][debug][gc] GC(857) Concurrent active time: 0,025ms
[2021-04-30T09:35:45.921+0300][47,978s][info ][gc] GC(857) Concurrent Mark 25,531ms
[2021-04-30T09:35:45.921+0300][47,978s][info ][gc] GC(857) Concurrent Preclean
[2021-04-30T09:35:45.944+0300][48,000s][debug][gc] GC(857) Concurrent active time: 0,022ms
[2021-04-30T09:35:45.944+0300][48,000s][info ][gc] GC(857) Concurrent Preclean 22,601ms
[2021-04-30T09:35:45.944+0300][48,000s][debug][gc] GC(858) Concurrent mode failure
[2021-04-30T09:35:46.010+0300][48,066s][info ][gc] GC(858) Pause Full (Allocation Failure) 123M->116M(123M) 68,400ms
[2021-04-30T09:35:46.097+0300][48,153s][info ][gc] GC(859) Pause Full (Allocation Failure) 123M->116M(123M) 52,245ms
[2021-04-30T09:35:46.102+0300][48,158s][info ][gc] GC(860) Pause Initial Mark 116M->116M(123M) 4,886ms
[2021-04-30T09:35:46.102+0300][48,158s][info ][gc] GC(860) Concurrent Mark
[2021-04-30T09:35:46.128+0300][48,184s][debug][gc] GC(860) Concurrent active time: 0,026ms
[2021-04-30T09:35:46.128+0300][48,184s][info ][gc] GC(860) Concurrent Mark 26,006ms
[2021-04-30T09:35:46.128+0300][48,184s][info ][gc] GC(860) Concurrent Preclean
[2021-04-30T09:35:46.144+0300][48,200s][debug][gc] GC(860) Concurrent active time: 0,016ms
[2021-04-30T09:35:46.144+0300][48,200s][info ][gc] GC(860) Concurrent Preclean 15,754ms
[2021-04-30T09:35:46.144+0300][48,200s][debug][gc] GC(861) Concurrent mode failure
[2021-04-30T09:35:46.197+0300][48,253s][info ][gc] GC(861) Pause Full (Allocation Failure) 123M->116M(123M) 63,030ms
[2021-04-30T09:35:46.280+0300][48,336s][info ][gc] GC(862) Pause Full (Allocation Failure) 123M->116M(123M) 51,188ms
[2021-04-30T09:35:46.285+0300][48,342s][info ][gc] GC(863) Pause Initial Mark 117M->117M(123M) 5,274ms
[2021-04-30T09:35:46.285+0300][48,342s][info ][gc] GC(863) Concurrent Mark
[2021-04-30T09:35:46.308+0300][48,364s][debug][gc] GC(863) Concurrent active time: 0,023ms
[2021-04-30T09:35:46.308+0300][48,365s][info ][gc] GC(863) Concurrent Mark 22,886ms
[2021-04-30T09:35:46.308+0300][48,365s][info ][gc] GC(863) Concurrent Preclean
[2021-04-30T09:35:46.324+0300][48,380s][debug][gc] GC(863) Concurrent active time: 0,016ms
[2021-04-30T09:35:46.324+0300][48,380s][info ][gc] GC(863) Concurrent Preclean 15,696ms
[2021-04-30T09:35:46.324+0300][48,380s][info ][gc] GC(863) Concurrent Abortable Preclean
[2021-04-30T09:35:46.324+0300][48,380s][debug][gc] GC(863) Concurrent active time: 0,000ms
[2021-04-30T09:35:46.324+0300][48,380s][info ][gc] GC(863) Concurrent Abortable Preclean 0,012ms
[2021-04-30T09:35:46.324+0300][48,380s][debug][gc] GC(863) YG occupancy: 39066 K (39296 K)
[2021-04-30T09:35:46.330+0300][48,387s][info ][gc] GC(863) Pause Remark 123M->123M(123M) 6,752ms
[2021-04-30T09:35:46.331+0300][48,387s][info ][gc] GC(863) Concurrent Sweep
[2021-04-30T09:35:46.342+0300][48,398s][debug][gc] GC(863) Concurrent active time: 0,011ms
[2021-04-30T09:35:46.342+0300][48,398s][info ][gc] GC(863) Concurrent Sweep 11,384ms
[2021-04-30T09:35:46.342+0300][48,399s][debug][gc] GC(864) Concurrent mode failure
[2021-04-30T09:35:46.394+0300][48,450s][info ][gc] GC(864) Pause Full (Allocation Failure) 123M->116M(123M) 61,539ms
[2021-04-30T09:35:46.477+0300][48,534s][info ][gc] GC(865) Pause Full (Allocation Failure) 123M->117M(123M) 51,393ms
[2021-04-30T09:35:46.483+0300][48,539s][info ][gc] GC(866) Pause Initial Mark 117M->117M(123M) 5,024ms
[2021-04-30T09:35:46.483+0300][48,539s][info ][gc] GC(866) Concurrent Mark
[2021-04-30T09:35:46.507+0300][48,564s][debug][gc] GC(866) Concurrent active time: 0,024ms
[2021-04-30T09:35:46.507+0300][48,564s][info ][gc] GC(866) Concurrent Mark 24,231ms
[2021-04-30T09:35:46.507+0300][48,564s][info ][gc] GC(866) Concurrent Preclean
[2021-04-30T09:35:46.522+0300][48,579s][debug][gc] GC(866) Concurrent active time: 0,015ms
[2021-04-30T09:35:46.523+0300][48,579s][info ][gc] GC(866) Concurrent Preclean 15,493ms
[2021-04-30T09:35:46.523+0300][48,579s][debug][gc] GC(867) Concurrent mode failure
[2021-04-30T09:35:46.575+0300][48,631s][info ][gc] GC(867) Pause Full (Allocation Failure) 123M->117M(123M) 59,425ms
[2021-04-30T09:35:46.657+0300][48,713s][info ][gc] GC(868) Pause Full (Allocation Failure) 123M->117M(123M) 51,077ms
[2021-04-30T09:35:46.662+0300][48,718s][info ][gc] GC(869) Pause Initial Mark 117M->117M(123M) 4,850ms
[2021-04-30T09:35:46.662+0300][48,719s][info ][gc] GC(869) Concurrent Mark
[2021-04-30T09:35:46.682+0300][48,739s][debug][gc] GC(869) Concurrent active time: 0,020ms
[2021-04-30T09:35:46.682+0300][48,739s][info ][gc] GC(869) Concurrent Mark 20,021ms
[2021-04-30T09:35:46.682+0300][48,739s][info ][gc] GC(869) Concurrent Preclean
[2021-04-30T09:35:46.699+0300][48,756s][debug][gc] GC(869) Concurrent active time: 0,017ms
[2021-04-30T09:35:46.699+0300][48,756s][info ][gc] GC(869) Concurrent Preclean 17,363ms
[2021-04-30T09:35:46.699+0300][48,756s][debug][gc] GC(870) Concurrent mode failure
[2021-04-30T09:35:46.751+0300][48,808s][info ][gc] GC(870) Pause Full (Allocation Failure) 123M->117M(123M) 56,534ms
[2021-04-30T09:35:46.833+0300][48,890s][info ][gc] GC(871) Pause Full (Allocation Failure) 123M->117M(123M) 52,399ms
[2021-04-30T09:35:46.839+0300][48,895s][info ][gc] GC(872) Pause Initial Mark 117M->117M(123M) 5,094ms
[2021-04-30T09:35:46.839+0300][48,895s][info ][gc] GC(872) Concurrent Mark
[2021-04-30T09:35:46.863+0300][48,920s][debug][gc] GC(872) Concurrent active time: 0,023ms
[2021-04-30T09:35:46.863+0300][48,920s][info ][gc] GC(872) Concurrent Mark 24,275ms
[2021-04-30T09:35:46.863+0300][48,920s][info ][gc] GC(872) Concurrent Preclean
[2021-04-30T09:35:46.880+0300][48,937s][debug][gc] GC(872) Concurrent active time: 0,017ms
[2021-04-30T09:35:46.880+0300][48,937s][info ][gc] GC(872) Concurrent Preclean 16,978ms
[2021-04-30T09:35:46.880+0300][48,937s][debug][gc] GC(873) Concurrent mode failure
[2021-04-30T09:35:46.934+0300][48,990s][info ][gc] GC(873) Pause Full (Allocation Failure) 123M->117M(123M) 59,397ms
[2021-04-30T09:35:47.040+0300][49,097s][info ][gc] GC(874) Pause Full (Allocation Failure) 123M->117M(123M) 55,678ms
[2021-04-30T09:35:47.046+0300][49,102s][info ][gc] GC(875) Pause Initial Mark 117M->117M(123M) 5,238ms
[2021-04-30T09:35:47.046+0300][49,102s][info ][gc] GC(875) Concurrent Mark
[2021-04-30T09:35:47.066+0300][49,123s][debug][gc] GC(875) Concurrent active time: 0,020ms
[2021-04-30T09:35:47.066+0300][49,123s][info ][gc] GC(875) Concurrent Mark 20,362ms
[2021-04-30T09:35:47.066+0300][49,123s][info ][gc] GC(875) Concurrent Preclean
[2021-04-30T09:35:47.089+0300][49,146s][debug][gc] GC(875) Concurrent active time: 0,023ms
[2021-04-30T09:35:47.089+0300][49,146s][info ][gc] GC(875) Concurrent Preclean 22,960ms
[2021-04-30T09:35:47.089+0300][49,146s][debug][gc] GC(876) Concurrent mode failure
[2021-04-30T09:35:47.146+0300][49,203s][info ][gc] GC(876) Pause Full (Allocation Failure) 123M->117M(123M) 63,034ms
[2021-04-30T09:35:47.230+0300][49,287s][info ][gc] GC(877) Pause Full (Allocation Failure) 123M->117M(123M) 53,642ms
[2021-04-30T09:35:47.235+0300][49,292s][info ][gc] GC(878) Pause Initial Mark 118M->118M(123M) 4,930ms
[2021-04-30T09:35:47.236+0300][49,292s][info ][gc] GC(878) Concurrent Mark
[2021-04-30T09:35:47.256+0300][49,312s][debug][gc] GC(878) Concurrent active time: 0,020ms
[2021-04-30T09:35:47.256+0300][49,312s][info ][gc] GC(878) Concurrent Mark 20,071ms
[2021-04-30T09:35:47.256+0300][49,312s][info ][gc] GC(878) Concurrent Preclean
[2021-04-30T09:35:47.273+0300][49,329s][debug][gc] GC(878) Concurrent active time: 0,017ms
[2021-04-30T09:35:47.273+0300][49,329s][info ][gc] GC(878) Concurrent Preclean 16,967ms
[2021-04-30T09:35:47.273+0300][49,329s][debug][gc] GC(879) Concurrent mode failure
[2021-04-30T09:35:47.326+0300][49,383s][info ][gc] GC(879) Pause Full (Allocation Failure) 123M->117M(123M) 60,202ms
[2021-04-30T09:35:47.408+0300][49,464s][info ][gc] GC(880) Pause Full (Allocation Failure) 123M->118M(123M) 51,444ms
[2021-04-30T09:35:47.413+0300][49,469s][info ][gc] GC(881) Pause Initial Mark 118M->118M(123M) 4,947ms
[2021-04-30T09:35:47.413+0300][49,469s][info ][gc] GC(881) Concurrent Mark
[2021-04-30T09:35:47.437+0300][49,493s][debug][gc] GC(881) Concurrent active time: 0,024ms
[2021-04-30T09:35:47.437+0300][49,493s][info ][gc] GC(881) Concurrent Mark 24,037ms
[2021-04-30T09:35:47.437+0300][49,493s][info ][gc] GC(881) Concurrent Preclean
[2021-04-30T09:35:47.452+0300][49,509s][debug][gc] GC(881) Concurrent active time: 0,015ms
[2021-04-30T09:35:47.452+0300][49,509s][info ][gc] GC(881) Concurrent Preclean 15,568ms
[2021-04-30T09:35:47.452+0300][49,509s][debug][gc] GC(882) Concurrent mode failure
[2021-04-30T09:35:47.507+0300][49,564s][info ][gc] GC(882) Pause Full (Allocation Failure) 123M->118M(123M) 64,297ms
[2021-04-30T09:35:47.588+0300][49,645s][info ][gc] GC(883) Pause Full (Allocation Failure) 123M->118M(123M) 51,553ms
[2021-04-30T09:35:47.594+0300][49,650s][info ][gc] GC(884) Pause Initial Mark 118M->118M(123M) 5,109ms
[2021-04-30T09:35:47.594+0300][49,650s][info ][gc] GC(884) Concurrent Mark
[2021-04-30T09:35:47.618+0300][49,674s][debug][gc] GC(884) Concurrent active time: 0,024ms
[2021-04-30T09:35:47.618+0300][49,674s][info ][gc] GC(884) Concurrent Mark 24,099ms
[2021-04-30T09:35:47.618+0300][49,674s][info ][gc] GC(884) Concurrent Preclean
[2021-04-30T09:35:47.635+0300][49,691s][debug][gc] GC(884) Concurrent active time: 0,017ms
[2021-04-30T09:35:47.635+0300][49,691s][info ][gc] GC(884) Concurrent Preclean 16,965ms
[2021-04-30T09:35:47.635+0300][49,691s][debug][gc] GC(885) Concurrent mode failure
[2021-04-30T09:35:47.691+0300][49,748s][info ][gc] GC(885) Pause Full (Allocation Failure) 123M->118M(123M) 58,454ms
[2021-04-30T09:35:47.776+0300][49,833s][info ][gc] GC(886) Pause Full (Allocation Failure) 123M->118M(123M) 57,272ms
[2021-04-30T09:35:47.782+0300][49,838s][info ][gc] GC(887) Pause Initial Mark 118M->118M(123M) 5,131ms
[2021-04-30T09:35:47.782+0300][49,838s][info ][gc] GC(887) Concurrent Mark
[2021-04-30T09:35:47.807+0300][49,864s][debug][gc] GC(887) Concurrent active time: 0,025ms
[2021-04-30T09:35:47.807+0300][49,864s][info ][gc] GC(887) Concurrent Mark 25,125ms
[2021-04-30T09:35:47.807+0300][49,864s][info ][gc] GC(887) Concurrent Preclean
[2021-04-30T09:35:47.824+0300][49,880s][debug][gc] GC(887) Concurrent active time: 0,016ms
[2021-04-30T09:35:47.824+0300][49,880s][info ][gc] GC(887) Concurrent Preclean 16,570ms
[2021-04-30T09:35:47.824+0300][49,880s][debug][gc] GC(888) Concurrent mode failure
[2021-04-30T09:35:47.878+0300][49,935s][info ][gc] GC(888) Pause Full (Allocation Failure) 123M->118M(123M) 58,687ms
[2021-04-30T09:35:47.967+0300][50,024s][info ][gc] GC(889) Pause Full (Allocation Failure) 123M->118M(123M) 57,868ms
[2021-04-30T09:35:47.973+0300][50,030s][info ][gc] GC(890) Pause Initial Mark 118M->118M(123M) 5,402ms
[2021-04-30T09:35:47.973+0300][50,030s][info ][gc] GC(890) Concurrent Mark
[2021-04-30T09:35:47.995+0300][50,052s][debug][gc] GC(890) Concurrent active time: 0,021ms
[2021-04-30T09:35:47.995+0300][50,052s][info ][gc] GC(890) Concurrent Mark 22,097ms
[2021-04-30T09:35:47.995+0300][50,052s][info ][gc] GC(890) Concurrent Preclean
[2021-04-30T09:35:48.012+0300][50,068s][debug][gc] GC(890) Concurrent active time: 0,016ms
[2021-04-30T09:35:48.012+0300][50,068s][info ][gc] GC(890) Concurrent Preclean 16,489ms
[2021-04-30T09:35:48.012+0300][50,068s][debug][gc] GC(891) Concurrent mode failure
[2021-04-30T09:35:48.064+0300][50,120s][info ][gc] GC(891) Pause Full (Allocation Failure) 123M->118M(123M) 60,052ms
[2021-04-30T09:35:48.145+0300][50,201s][info ][gc] GC(892) Pause Full (Allocation Failure) 123M->118M(123M) 52,156ms
[2021-04-30T09:35:48.150+0300][50,207s][info ][gc] GC(893) Pause Initial Mark 118M->118M(123M) 5,390ms
[2021-04-30T09:35:48.150+0300][50,207s][info ][gc] GC(893) Concurrent Mark
[2021-04-30T09:35:48.176+0300][50,233s][debug][gc] GC(893) Concurrent active time: 0,026ms
[2021-04-30T09:35:48.176+0300][50,233s][info ][gc] GC(893) Concurrent Mark 26,116ms
[2021-04-30T09:35:48.176+0300][50,233s][info ][gc] GC(893) Concurrent Preclean
[2021-04-30T09:35:48.192+0300][50,248s][debug][gc] GC(893) Concurrent active time: 0,015ms
[2021-04-30T09:35:48.192+0300][50,249s][info ][gc] GC(893) Concurrent Preclean 15,510ms
[2021-04-30T09:35:48.192+0300][50,249s][debug][gc] GC(894) Concurrent mode failure
[2021-04-30T09:35:48.245+0300][50,301s][info ][gc] GC(894) Pause Full (Allocation Failure) 123M->118M(123M) 67,163ms
[2021-04-30T09:35:48.327+0300][50,383s][info ][gc] GC(895) Pause Full (Allocation Failure) 123M->118M(123M) 53,110ms
[2021-04-30T09:35:48.332+0300][50,388s][info ][gc] GC(896) Pause Initial Mark 119M->119M(123M) 5,168ms
[2021-04-30T09:35:48.332+0300][50,389s][info ][gc] GC(896) Concurrent Mark
[2021-04-30T09:35:48.356+0300][50,413s][debug][gc] GC(896) Concurrent active time: 0,024ms
[2021-04-30T09:35:48.356+0300][50,413s][info ][gc] GC(896) Concurrent Mark 24,389ms
[2021-04-30T09:35:48.356+0300][50,413s][info ][gc] GC(896) Concurrent Preclean
[2021-04-30T09:35:48.372+0300][50,429s][debug][gc] GC(896) Concurrent active time: 0,015ms
[2021-04-30T09:35:48.372+0300][50,429s][info ][gc] GC(896) Concurrent Preclean 15,626ms
[2021-04-30T09:35:48.372+0300][50,429s][debug][gc] GC(897) Concurrent mode failure
[2021-04-30T09:35:48.431+0300][50,488s][info ][gc] GC(897) Pause Full (Allocation Failure) 123M->118M(123M) 70,105ms
[2021-04-30T09:35:48.512+0300][50,568s][info ][gc] GC(898) Pause Full (Allocation Failure) 123M->119M(123M) 51,510ms
[2021-04-30T09:35:48.517+0300][50,574s][info ][gc] GC(899) Pause Initial Mark 119M->119M(123M) 5,107ms
[2021-04-30T09:35:48.517+0300][50,574s][info ][gc] GC(899) Concurrent Mark
[2021-04-30T09:35:48.545+0300][50,601s][debug][gc] GC(899) Concurrent active time: 0,027ms
[2021-04-30T09:35:48.545+0300][50,601s][info ][gc] GC(899) Concurrent Mark 27,530ms
[2021-04-30T09:35:48.545+0300][50,601s][info ][gc] GC(899) Concurrent Preclean
[2021-04-30T09:35:48.562+0300][50,618s][debug][gc] GC(899) Concurrent active time: 0,017ms
[2021-04-30T09:35:48.562+0300][50,618s][info ][gc] GC(899) Concurrent Preclean 16,883ms
[2021-04-30T09:35:48.562+0300][50,618s][debug][gc] GC(900) Concurrent mode failure
[2021-04-30T09:35:48.616+0300][50,673s][info ][gc] GC(900) Pause Full (Allocation Failure) 123M->119M(123M) 69,470ms
[2021-04-30T09:35:48.698+0300][50,755s][info ][gc] GC(901) Pause Full (Allocation Failure) 123M->119M(123M) 53,228ms
[2021-04-30T09:35:48.704+0300][50,760s][info ][gc] GC(902) Pause Initial Mark 119M->119M(123M) 5,397ms
[2021-04-30T09:35:48.704+0300][50,760s][info ][gc] GC(902) Concurrent Mark
[2021-04-30T09:35:48.727+0300][50,784s][debug][gc] GC(902) Concurrent active time: 0,024ms
[2021-04-30T09:35:48.727+0300][50,784s][info ][gc] GC(902) Concurrent Mark 23,588ms
[2021-04-30T09:35:48.727+0300][50,784s][info ][gc] GC(902) Concurrent Preclean
[2021-04-30T09:35:48.743+0300][50,800s][debug][gc] GC(902) Concurrent active time: 0,016ms
[2021-04-30T09:35:48.743+0300][50,800s][info ][gc] GC(902) Concurrent Preclean 16,014ms
[2021-04-30T09:35:48.743+0300][50,800s][debug][gc] GC(903) Concurrent mode failure
[2021-04-30T09:35:48.796+0300][50,853s][info ][gc] GC(903) Pause Full (Allocation Failure) 123M->119M(123M) 55,419ms
[2021-04-30T09:35:48.881+0300][50,937s][info ][gc] GC(904) Pause Full (Allocation Failure) 123M->119M(123M) 55,215ms
[2021-04-30T09:35:48.887+0300][50,943s][info ][gc] GC(905) Pause Initial Mark 119M->119M(123M) 6,047ms
[2021-04-30T09:35:48.887+0300][50,944s][info ][gc] GC(905) Concurrent Mark
[2021-04-30T09:35:48.912+0300][50,969s][debug][gc] GC(905) Concurrent active time: 0,025ms
[2021-04-30T09:35:48.912+0300][50,969s][info ][gc] GC(905) Concurrent Mark 25,392ms
[2021-04-30T09:35:48.912+0300][50,969s][info ][gc] GC(905) Concurrent Preclean
[2021-04-30T09:35:48.932+0300][50,989s][debug][gc] GC(905) Concurrent active time: 0,020ms
[2021-04-30T09:35:48.932+0300][50,989s][info ][gc] GC(905) Concurrent Preclean 19,929ms
[2021-04-30T09:35:48.932+0300][50,989s][debug][gc] GC(906) Concurrent mode failure
[2021-04-30T09:35:48.996+0300][51,053s][info ][gc] GC(906) Pause Full (Allocation Failure) 123M->119M(123M) 69,094ms
[2021-04-30T09:35:49.081+0300][51,138s][info ][gc] GC(907) Pause Full (Allocation Failure) 123M->119M(123M) 52,806ms
[2021-04-30T09:35:49.087+0300][51,144s][info ][gc] GC(908) Pause Initial Mark 119M->119M(123M) 5,225ms
[2021-04-30T09:35:49.087+0300][51,144s][info ][gc] GC(908) Concurrent Mark
[2021-04-30T09:35:49.110+0300][51,166s][debug][gc] GC(908) Concurrent active time: 0,023ms
[2021-04-30T09:35:49.110+0300][51,166s][info ][gc] GC(908) Concurrent Mark 22,760ms
[2021-04-30T09:35:49.110+0300][51,166s][info ][gc] GC(908) Concurrent Preclean
[2021-04-30T09:35:49.126+0300][51,183s][debug][gc] GC(908) Concurrent active time: 0,016ms
[2021-04-30T09:35:49.126+0300][51,183s][info ][gc] GC(908) Concurrent Preclean 16,232ms
[2021-04-30T09:35:49.126+0300][51,183s][debug][gc] GC(909) Concurrent mode failure
[2021-04-30T09:35:49.178+0300][51,234s][info ][gc] GC(909) Pause Full (Allocation Failure) 123M->119M(123M) 54,460ms
[2021-04-30T09:35:49.258+0300][51,314s][info ][gc] GC(910) Pause Full (Allocation Failure) 123M->119M(123M) 51,729ms
[2021-04-30T09:35:49.263+0300][51,320s][info ][gc] GC(911) Pause Initial Mark 119M->119M(123M) 5,175ms
[2021-04-30T09:35:49.263+0300][51,320s][info ][gc] GC(911) Concurrent Mark
[2021-04-30T09:35:49.283+0300][51,340s][debug][gc] GC(911) Concurrent active time: 0,020ms
[2021-04-30T09:35:49.283+0300][51,340s][info ][gc] GC(911) Concurrent Mark 20,195ms
[2021-04-30T09:35:49.283+0300][51,340s][info ][gc] GC(911) Concurrent Preclean
[2021-04-30T09:35:49.300+0300][51,356s][debug][gc] GC(911) Concurrent active time: 0,016ms
[2021-04-30T09:35:49.300+0300][51,356s][info ][gc] GC(911) Concurrent Preclean 16,303ms
[2021-04-30T09:35:49.300+0300][51,356s][debug][gc] GC(912) Concurrent mode failure
[2021-04-30T09:35:49.353+0300][51,410s][info ][gc] GC(912) Pause Full (Allocation Failure) 123M->119M(123M) 56,549ms
[2021-04-30T09:35:49.431+0300][51,488s][info ][gc] GC(913) Pause Full (Allocation Failure) 123M->119M(123M) 51,703ms
[2021-04-30T09:35:49.437+0300][51,494s][info ][gc] GC(914) Pause Initial Mark 119M->119M(123M) 5,326ms
[2021-04-30T09:35:49.437+0300][51,494s][info ][gc] GC(914) Concurrent Mark
[2021-04-30T09:35:49.458+0300][51,514s][debug][gc] GC(914) Concurrent active time: 0,020ms
[2021-04-30T09:35:49.458+0300][51,514s][info ][gc] GC(914) Concurrent Mark 20,525ms
[2021-04-30T09:35:49.458+0300][51,514s][info ][gc] GC(914) Concurrent Preclean
[2021-04-30T09:35:49.473+0300][51,530s][debug][gc] GC(914) Concurrent active time: 0,015ms
[2021-04-30T09:35:49.473+0300][51,530s][info ][gc] GC(914) Concurrent Preclean 15,645ms
[2021-04-30T09:35:49.473+0300][51,530s][debug][gc] GC(915) Concurrent mode failure
[2021-04-30T09:35:49.527+0300][51,583s][info ][gc] GC(915) Pause Full (Allocation Failure) 123M->119M(123M) 60,899ms
[2021-04-30T09:35:49.608+0300][51,665s][info ][gc] GC(916) Pause Full (Allocation Failure) 123M->119M(123M) 57,092ms
[2021-04-30T09:35:49.614+0300][51,670s][info ][gc] GC(917) Pause Initial Mark 119M->119M(123M) 5,419ms
[2021-04-30T09:35:49.614+0300][51,671s][info ][gc] GC(917) Concurrent Mark
[2021-04-30T09:35:49.638+0300][51,695s][debug][gc] GC(917) Concurrent active time: 0,024ms
[2021-04-30T09:35:49.638+0300][51,695s][info ][gc] GC(917) Concurrent Mark 24,433ms
[2021-04-30T09:35:49.638+0300][51,695s][info ][gc] GC(917) Concurrent Preclean
[2021-04-30T09:35:49.655+0300][51,711s][debug][gc] GC(917) Concurrent active time: 0,016ms
[2021-04-30T09:35:49.655+0300][51,711s][info ][gc] GC(917) Concurrent Preclean 16,199ms
[2021-04-30T09:35:49.655+0300][51,711s][debug][gc] GC(918) Concurrent mode failure
[2021-04-30T09:35:49.707+0300][51,763s][info ][gc] GC(918) Pause Full (Allocation Failure) 123M->119M(123M) 66,468ms
[2021-04-30T09:35:49.784+0300][51,840s][info ][gc] GC(919) Pause Full (Allocation Failure) 123M->120M(123M) 51,719ms
[2021-04-30T09:35:49.789+0300][51,846s][info ][gc] GC(920) Pause Initial Mark 120M->120M(123M) 5,408ms
[2021-04-30T09:35:49.789+0300][51,846s][info ][gc] GC(920) Concurrent Mark
[2021-04-30T09:35:49.813+0300][51,870s][debug][gc] GC(920) Concurrent active time: 0,024ms
[2021-04-30T09:35:49.813+0300][51,870s][info ][gc] GC(920) Concurrent Mark 23,808ms
[2021-04-30T09:35:49.813+0300][51,870s][info ][gc] GC(920) Concurrent Preclean
[2021-04-30T09:35:49.832+0300][51,889s][debug][gc] GC(920) Concurrent active time: 0,019ms
[2021-04-30T09:35:49.832+0300][51,889s][info ][gc] GC(920) Concurrent Preclean 19,351ms
[2021-04-30T09:35:49.832+0300][51,889s][debug][gc] GC(921) Concurrent mode failure
[2021-04-30T09:35:49.900+0300][51,957s][info ][gc] GC(921) Pause Full (Allocation Failure) 123M->120M(123M) 83,145ms
[2021-04-30T09:35:49.984+0300][52,041s][info ][gc] GC(922) Pause Full (Allocation Failure) 123M->120M(123M) 58,665ms
[2021-04-30T09:35:49.990+0300][52,046s][info ][gc] GC(923) Pause Initial Mark 120M->120M(123M) 5,656ms
[2021-04-30T09:35:49.990+0300][52,047s][info ][gc] GC(923) Concurrent Mark
[2021-04-30T09:35:50.019+0300][52,076s][debug][gc] GC(923) Concurrent active time: 0,027ms
[2021-04-30T09:35:50.019+0300][52,076s][info ][gc] GC(923) Concurrent Mark 29,139ms
[2021-04-30T09:35:50.019+0300][52,076s][debug][gc] GC(924) Concurrent mode failure
[2021-04-30T09:35:50.075+0300][52,132s][info ][gc] GC(924) Pause Full (Allocation Failure) 123M->120M(123M) 62,395ms
[2021-04-30T09:35:50.153+0300][52,210s][info ][gc] GC(925) Pause Full (Allocation Failure) 123M->120M(123M) 53,876ms
[2021-04-30T09:35:50.159+0300][52,216s][info ][gc] GC(926) Pause Initial Mark 120M->120M(123M) 5,286ms
[2021-04-30T09:35:50.159+0300][52,216s][info ][gc] GC(926) Concurrent Mark
[2021-04-30T09:35:50.185+0300][52,242s][debug][gc] GC(926) Concurrent active time: 0,025ms
[2021-04-30T09:35:50.185+0300][52,242s][info ][gc] GC(926) Concurrent Mark 26,150ms
[2021-04-30T09:35:50.185+0300][52,242s][debug][gc] GC(927) Concurrent mode failure
[2021-04-30T09:35:50.245+0300][52,301s][info ][gc] GC(927) Pause Full (Allocation Failure) 123M->120M(123M) 62,198ms
[2021-04-30T09:35:50.320+0300][52,377s][info ][gc] GC(928) Pause Full (Allocation Failure) 123M->120M(123M) 53,507ms
[2021-04-30T09:35:50.326+0300][52,382s][info ][gc] GC(929) Pause Initial Mark 120M->120M(123M) 5,477ms
[2021-04-30T09:35:50.326+0300][52,383s][info ][gc] GC(929) Concurrent Mark
[2021-04-30T09:35:50.346+0300][52,403s][debug][gc] GC(929) Concurrent active time: 0,020ms
[2021-04-30T09:35:50.346+0300][52,403s][info ][gc] GC(929) Concurrent Mark 20,157ms
[2021-04-30T09:35:50.346+0300][52,403s][info ][gc] GC(929) Concurrent Preclean
[2021-04-30T09:35:50.365+0300][52,422s][debug][gc] GC(929) Concurrent active time: 0,019ms
[2021-04-30T09:35:50.366+0300][52,422s][info ][gc] GC(929) Concurrent Preclean 19,364ms
[2021-04-30T09:35:50.366+0300][52,422s][debug][gc] GC(930) Concurrent mode failure
[2021-04-30T09:35:50.421+0300][52,478s][info ][gc] GC(930) Pause Full (Allocation Failure) 123M->120M(123M) 72,058ms
[2021-04-30T09:35:50.504+0300][52,560s][info ][gc] GC(931) Pause Full (Allocation Failure) 123M->120M(123M) 68,430ms
[2021-04-30T09:35:50.510+0300][52,566s][info ][gc] GC(932) Pause Initial Mark 120M->120M(123M) 5,913ms
[2021-04-30T09:35:50.510+0300][52,566s][info ][gc] GC(932) Concurrent Mark
[2021-04-30T09:35:50.525+0300][52,582s][debug][gc] GC(932) Concurrent active time: 0,016ms
[2021-04-30T09:35:50.525+0300][52,582s][info ][gc] GC(932) Concurrent Mark 15,713ms
[2021-04-30T09:35:50.526+0300][52,582s][info ][gc] GC(932) Concurrent Preclean
[2021-04-30T09:35:50.543+0300][52,600s][debug][gc] GC(932) Concurrent active time: 0,017ms
[2021-04-30T09:35:50.543+0300][52,600s][info ][gc] GC(932) Concurrent Preclean 17,670ms
[2021-04-30T09:35:50.543+0300][52,600s][debug][gc] GC(933) Concurrent mode failure
[2021-04-30T09:35:50.602+0300][52,659s][info ][gc] GC(933) Pause Full (Allocation Failure) 123M->120M(123M) 72,764ms
[2021-04-30T09:35:50.674+0300][52,731s][info ][gc] GC(934) Pause Full (Allocation Failure) 123M->120M(123M) 54,100ms
[2021-04-30T09:35:50.680+0300][52,737s][info ][gc] GC(935) Pause Initial Mark 120M->120M(123M) 5,467ms
[2021-04-30T09:35:50.680+0300][52,737s][info ][gc] GC(935) Concurrent Mark
[2021-04-30T09:35:50.696+0300][52,753s][debug][gc] GC(935) Concurrent active time: 0,016ms
[2021-04-30T09:35:50.696+0300][52,753s][info ][gc] GC(935) Concurrent Mark 16,010ms
[2021-04-30T09:35:50.696+0300][52,753s][info ][gc] GC(935) Concurrent Preclean
[2021-04-30T09:35:50.712+0300][52,769s][debug][gc] GC(935) Concurrent active time: 0,016ms
[2021-04-30T09:35:50.712+0300][52,769s][info ][gc] GC(935) Concurrent Preclean 16,363ms
[2021-04-30T09:35:50.713+0300][52,769s][debug][gc] GC(936) Concurrent mode failure
[2021-04-30T09:35:50.768+0300][52,825s][info ][gc] GC(936) Pause Full (Allocation Failure) 123M->121M(123M) 69,339ms
[2021-04-30T09:35:50.839+0300][52,896s][info ][gc] GC(937) Pause Full (Allocation Failure) 123M->121M(123M) 52,382ms
[2021-04-30T09:35:50.845+0300][52,901s][info ][gc] GC(938) Pause Initial Mark 121M->121M(123M) 5,351ms
[2021-04-30T09:35:50.845+0300][52,902s][info ][gc] GC(938) Concurrent Mark
[2021-04-30T09:35:50.866+0300][52,923s][debug][gc] GC(938) Concurrent active time: 0,019ms
[2021-04-30T09:35:50.866+0300][52,923s][info ][gc] GC(938) Concurrent Mark 21,327ms
[2021-04-30T09:35:50.866+0300][52,923s][debug][gc] GC(939) Concurrent mode failure
[2021-04-30T09:35:50.930+0300][52,987s][info ][gc] GC(939) Pause Full (Allocation Failure) 123M->121M(123M) 65,783ms
[2021-04-30T09:35:52.201+0300][54,258s][info ][gc] GC(940) Pause Full (Allocation Failure) 123M->74M(123M) 84,135ms
[2021-04-30T09:35:52.258+0300][54,315s][info ][gc] GC(941) Pause Young (Allocation Failure) 108M->76M(123M) 0,760ms
[2021-04-30T09:35:52.308+0300][54,364s][info ][gc] GC(942) Pause Young (Allocation Failure) 110M->76M(123M) 0,930ms
[2021-04-30T09:35:52.357+0300][54,414s][info ][gc] GC(943) Pause Young (Allocation Failure) 110M->77M(123M) 1,214ms
[2021-04-30T09:35:52.405+0300][54,462s][info ][gc] GC(944) Pause Young (Allocation Failure) 111M->76M(123M) 1,315ms
[2021-04-30T09:35:52.456+0300][54,513s][info ][gc] GC(945) Pause Young (Allocation Failure) 110M->78M(123M) 1,585ms
[2021-04-30T09:35:52.506+0300][54,563s][info ][gc] GC(946) Pause Young (Allocation Failure) 112M->78M(123M) 1,733ms
[2021-04-30T09:35:52.558+0300][54,614s][info ][gc] GC(947) Pause Young (Allocation Failure) 113M->79M(123M) 1,744ms
[2021-04-30T09:35:52.608+0300][54,665s][info ][gc] GC(948) Pause Young (Allocation Failure) 113M->80M(123M) 1,639ms
[2021-04-30T09:35:52.658+0300][54,715s][info ][gc] GC(949) Pause Young (Allocation Failure) 114M->80M(123M) 1,767ms
[2021-04-30T09:35:52.706+0300][54,762s][info ][gc] GC(950) Pause Young (Allocation Failure) 114M->81M(123M) 1,754ms
[2021-04-30T09:35:52.756+0300][54,813s][info ][gc] GC(951) Pause Young (Allocation Failure) 115M->81M(123M) 1,743ms
[2021-04-30T09:35:52.807+0300][54,864s][info ][gc] GC(952) Pause Young (Allocation Failure) 115M->82M(123M) 1,781ms
[2021-04-30T09:35:52.807+0300][54,864s][info ][gc] GC(953) Pause Initial Mark 83M->83M(123M) 0,301ms
[2021-04-30T09:35:52.808+0300][54,864s][info ][gc] GC(953) Concurrent Mark
[2021-04-30T09:35:52.829+0300][54,886s][debug][gc] GC(953) Concurrent active time: 0,021ms
[2021-04-30T09:35:52.829+0300][54,886s][info ][gc] GC(953) Concurrent Mark 21,543ms
[2021-04-30T09:35:52.829+0300][54,886s][info ][gc] GC(953) Concurrent Preclean
[2021-04-30T09:35:52.830+0300][54,886s][debug][gc] GC(953) Concurrent active time: 0,000ms
[2021-04-30T09:35:52.830+0300][54,886s][info ][gc] GC(953) Concurrent Preclean 0,425ms
[2021-04-30T09:35:52.830+0300][54,886s][info ][gc] GC(953) Concurrent Abortable Preclean
[2021-04-30T09:35:52.865+0300][54,922s][info ][gc] GC(954) Pause Young (Allocation Failure) 116M->82M(123M) 1,833ms
[2021-04-30T09:35:52.924+0300][54,980s][info ][gc] GC(955) Pause Young (Allocation Failure) 117M->83M(123M) 1,964ms
[2021-04-30T09:35:52.984+0300][55,041s][info ][gc] GC(956) Pause Young (Allocation Failure) 117M->83M(123M) 1,827ms
[2021-04-30T09:35:53.044+0300][55,101s][info ][gc] GC(957) Pause Young (Allocation Failure) 118M->84M(123M) 1,646ms
[2021-04-30T09:35:53.093+0300][55,149s][info ][gc] GC(958) Pause Young (Allocation Failure) 118M->85M(123M) 1,538ms
[2021-04-30T09:35:53.143+0300][55,200s][info ][gc] GC(959) Pause Young (Allocation Failure) 119M->85M(123M) 1,680ms
[2021-04-30T09:35:53.196+0300][55,253s][info ][gc] GC(960) Pause Young (Allocation Failure) 119M->86M(123M) 1,383ms
[2021-04-30T09:35:53.245+0300][55,302s][info ][gc] GC(961) Pause Young (Allocation Failure) 120M->86M(123M) 1,257ms
[2021-04-30T09:35:53.296+0300][55,352s][info ][gc] GC(962) Pause Young (Allocation Failure) 120M->87M(123M) 1,295ms
[2021-04-30T09:35:53.343+0300][55,399s][info ][gc] GC(963) Pause Young (Allocation Failure) 121M->87M(123M) 1,423ms
[2021-04-30T09:35:53.390+0300][55,446s][info ][gc] GC(964) Pause Young (Allocation Failure) 121M->88M(123M) 1,668ms
[2021-04-30T09:35:53.390+0300][55,446s][debug][gc] GC(953) Concurrent active time: 0,056ms
[2021-04-30T09:35:53.390+0300][55,446s][info ][gc] GC(953) Concurrent Abortable Preclean 560,334ms
[2021-04-30T09:35:53.390+0300][55,447s][debug][gc] GC(953) YG occupancy: 4084 K (39296 K)
[2021-04-30T09:35:53.392+0300][55,449s][info ][gc] GC(953) Pause Remark 89M->89M(123M) 2,087ms
[2021-04-30T09:35:53.392+0300][55,449s][info ][gc] GC(953) Concurrent Sweep
[2021-04-30T09:35:53.406+0300][55,463s][debug][gc] GC(953) Concurrent active time: 0,014ms
[2021-04-30T09:35:53.406+0300][55,463s][info ][gc] GC(953) Concurrent Sweep 14,119ms
[2021-04-30T09:35:53.406+0300][55,463s][info ][gc] GC(953) Concurrent Reset
[2021-04-30T09:35:53.406+0300][55,463s][debug][gc] GC(953) Concurrent active time: 0,000ms
[2021-04-30T09:35:53.406+0300][55,463s][info ][gc] GC(953) Concurrent Reset 0,068ms
[2021-04-30T09:35:53.499+0300][55,556s][info ][gc] GC(966) Pause Full (Allocation Failure) 122M->87M(123M) 52,709ms
[2021-04-30T09:35:53.499+0300][55,556s][info ][gc] GC(965) Pause Young (Allocation Failure) 122M->87M(123M) 52,796ms
[2021-04-30T09:35:53.500+0300][55,557s][info ][gc] GC(967) Pause Initial Mark 88M->88M(123M) 0,644ms
[2021-04-30T09:35:53.500+0300][55,557s][info ][gc] GC(967) Concurrent Mark
[2021-04-30T09:35:53.528+0300][55,585s][debug][gc] GC(967) Concurrent active time: 0,028ms
[2021-04-30T09:35:53.528+0300][55,585s][info ][gc] GC(967) Concurrent Mark 27,978ms
[2021-04-30T09:35:53.528+0300][55,585s][info ][gc] GC(967) Concurrent Preclean
[2021-04-30T09:35:53.546+0300][55,602s][debug][gc] GC(967) Concurrent active time: 0,018ms
[2021-04-30T09:35:53.546+0300][55,602s][info ][gc] GC(967) Concurrent Preclean 17,790ms
[2021-04-30T09:35:53.546+0300][55,602s][info ][gc] GC(967) Concurrent Abortable Preclean
[2021-04-30T09:35:53.546+0300][55,602s][debug][gc] GC(967) Concurrent active time: 0,000ms
[2021-04-30T09:35:53.546+0300][55,602s][info ][gc] GC(967) Concurrent Abortable Preclean 0,019ms
[2021-04-30T09:35:53.546+0300][55,603s][debug][gc] GC(967) YG occupancy: 31165 K (39296 K)
[2021-04-30T09:35:53.553+0300][55,609s][info ][gc] GC(967) Pause Remark 115M->115M(123M) 6,492ms
[2021-04-30T09:35:53.553+0300][55,609s][info ][gc] GC(967) Concurrent Sweep
[2021-04-30T09:35:53.564+0300][55,621s][debug][gc] GC(967) Concurrent active time: 0,012ms
[2021-04-30T09:35:53.564+0300][55,621s][info ][gc] GC(967) Concurrent Sweep 11,738ms
[2021-04-30T09:35:53.564+0300][55,621s][info ][gc] GC(967) Concurrent Reset
[2021-04-30T09:35:53.564+0300][55,621s][debug][gc] GC(967) Concurrent active time: 0,000ms
[2021-04-30T09:35:53.564+0300][55,621s][info ][gc] GC(967) Concurrent Reset 0,066ms
[2021-04-30T09:35:53.633+0300][55,690s][info ][gc] GC(969) Pause Full (Allocation Failure) 123M->88M(123M) 47,533ms
[2021-04-30T09:35:53.633+0300][55,690s][info ][gc] GC(968) Pause Young (Allocation Failure) 123M->88M(123M) 47,605ms
[2021-04-30T09:35:53.634+0300][55,691s][info ][gc] GC(970) Pause Initial Mark 89M->89M(123M) 0,561ms
[2021-04-30T09:35:53.634+0300][55,691s][info ][gc] GC(970) Concurrent Mark
[2021-04-30T09:35:53.655+0300][55,712s][debug][gc] GC(970) Concurrent active time: 0,021ms
[2021-04-30T09:35:53.655+0300][55,712s][info ][gc] GC(970) Concurrent Mark 20,797ms
[2021-04-30T09:35:53.655+0300][55,712s][info ][gc] GC(970) Concurrent Preclean
[2021-04-30T09:35:53.672+0300][55,729s][debug][gc] GC(970) Concurrent active time: 0,017ms
[2021-04-30T09:35:53.672+0300][55,729s][info ][gc] GC(970) Concurrent Preclean 16,981ms
[2021-04-30T09:35:53.672+0300][55,729s][info ][gc] GC(970) Concurrent Abortable Preclean
[2021-04-30T09:35:53.672+0300][55,729s][debug][gc] GC(970) Concurrent active time: 0,000ms
[2021-04-30T09:35:53.672+0300][55,729s][info ][gc] GC(970) Concurrent Abortable Preclean 0,012ms
[2021-04-30T09:35:53.672+0300][55,729s][debug][gc] GC(970) YG occupancy: 28288 K (39296 K)
[2021-04-30T09:35:53.678+0300][55,735s][info ][gc] GC(970) Pause Remark 113M->113M(123M) 5,711ms
[2021-04-30T09:35:53.678+0300][55,735s][info ][gc] GC(970) Concurrent Sweep
[2021-04-30T09:35:53.691+0300][55,747s][debug][gc] GC(970) Concurrent active time: 0,013ms
[2021-04-30T09:35:53.691+0300][55,747s][info ][gc] GC(970) Concurrent Sweep 12,652ms
[2021-04-30T09:35:53.691+0300][55,747s][info ][gc] GC(970) Concurrent Reset
[2021-04-30T09:35:53.691+0300][55,747s][debug][gc] GC(970) Concurrent active time: 0,000ms
[2021-04-30T09:35:53.691+0300][55,747s][info ][gc] GC(970) Concurrent Reset 0,068ms
[2021-04-30T09:35:53.772+0300][55,829s][info ][gc] GC(972) Pause Full (Allocation Failure) 123M->88M(123M) 51,478ms
[2021-04-30T09:35:53.772+0300][55,829s][info ][gc] GC(971) Pause Young (Allocation Failure) 123M->88M(123M) 51,564ms
[2021-04-30T09:35:53.773+0300][55,830s][info ][gc] GC(973) Pause Initial Mark 89M->89M(123M) 0,749ms
[2021-04-30T09:35:53.774+0300][55,830s][info ][gc] GC(973) Concurrent Mark
[2021-04-30T09:35:53.796+0300][55,852s][debug][gc] GC(973) Concurrent active time: 0,022ms
[2021-04-30T09:35:53.796+0300][55,852s][info ][gc] GC(973) Concurrent Mark 22,241ms
[2021-04-30T09:35:53.796+0300][55,852s][info ][gc] GC(973) Concurrent Preclean
[2021-04-30T09:35:53.814+0300][55,870s][debug][gc] GC(973) Concurrent active time: 0,018ms
[2021-04-30T09:35:53.814+0300][55,870s][info ][gc] GC(973) Concurrent Preclean 18,107ms
[2021-04-30T09:35:53.814+0300][55,870s][info ][gc] GC(973) Concurrent Abortable Preclean
[2021-04-30T09:35:53.814+0300][55,870s][debug][gc] GC(973) Concurrent active time: 0,000ms
[2021-04-30T09:35:53.814+0300][55,870s][info ][gc] GC(973) Concurrent Abortable Preclean 0,012ms
[2021-04-30T09:35:53.814+0300][55,871s][debug][gc] GC(973) YG occupancy: 28215 K (39296 K)
[2021-04-30T09:35:53.820+0300][55,876s][info ][gc] GC(973) Pause Remark 112M->112M(123M) 5,672ms
[2021-04-30T09:35:53.820+0300][55,876s][info ][gc] GC(973) Concurrent Sweep
[2021-04-30T09:35:53.833+0300][55,890s][debug][gc] GC(973) Concurrent active time: 0,013ms
[2021-04-30T09:35:53.833+0300][55,890s][info ][gc] GC(973) Concurrent Sweep 13,410ms
[2021-04-30T09:35:53.833+0300][55,890s][info ][gc] GC(973) Concurrent Reset
[2021-04-30T09:35:53.833+0300][55,890s][debug][gc] GC(973) Concurrent active time: 0,000ms
[2021-04-30T09:35:53.833+0300][55,890s][info ][gc] GC(973) Concurrent Reset 0,091ms
[2021-04-30T09:35:53.913+0300][55,970s][info ][gc] GC(975) Pause Full (Allocation Failure) 123M->89M(123M) 52,616ms
[2021-04-30T09:35:53.914+0300][55,970s][info ][gc] GC(974) Pause Young (Allocation Failure) 123M->89M(123M) 52,696ms
[2021-04-30T09:35:53.915+0300][55,971s][info ][gc] GC(976) Pause Initial Mark 90M->90M(123M) 0,768ms
[2021-04-30T09:35:53.915+0300][55,971s][info ][gc] GC(976) Concurrent Mark
[2021-04-30T09:35:53.940+0300][55,996s][debug][gc] GC(976) Concurrent active time: 0,024ms
[2021-04-30T09:35:53.940+0300][55,996s][info ][gc] GC(976) Concurrent Mark 25,339ms
[2021-04-30T09:35:53.940+0300][55,996s][info ][gc] GC(976) Concurrent Preclean
[2021-04-30T09:35:53.957+0300][56,014s][debug][gc] GC(976) Concurrent active time: 0,017ms
[2021-04-30T09:35:53.957+0300][56,014s][info ][gc] GC(976) Concurrent Preclean 17,444ms
[2021-04-30T09:35:53.957+0300][56,014s][info ][gc] GC(976) Concurrent Abortable Preclean
[2021-04-30T09:35:53.957+0300][56,014s][debug][gc] GC(976) Concurrent active time: 0,000ms
[2021-04-30T09:35:53.957+0300][56,014s][info ][gc] GC(976) Concurrent Abortable Preclean 0,023ms
[2021-04-30T09:35:53.958+0300][56,014s][debug][gc] GC(976) YG occupancy: 29567 K (39296 K)
[2021-04-30T09:35:53.963+0300][56,020s][info ][gc] GC(976) Pause Remark 114M->114M(123M) 5,657ms
[2021-04-30T09:35:53.963+0300][56,020s][info ][gc] GC(976) Concurrent Sweep
[2021-04-30T09:35:53.977+0300][56,033s][debug][gc] GC(976) Concurrent active time: 0,014ms
[2021-04-30T09:35:53.977+0300][56,033s][info ][gc] GC(976) Concurrent Sweep 13,585ms
[2021-04-30T09:35:53.977+0300][56,033s][info ][gc] GC(976) Concurrent Reset
[2021-04-30T09:35:53.977+0300][56,034s][debug][gc] GC(976) Concurrent active time: 0,000ms
[2021-04-30T09:35:53.977+0300][56,034s][info ][gc] GC(976) Concurrent Reset 0,066ms
[2021-04-30T09:35:54.052+0300][56,109s][info ][gc] GC(978) Pause Full (Allocation Failure) 123M->90M(123M) 52,144ms
[2021-04-30T09:35:54.052+0300][56,109s][info ][gc] GC(977) Pause Young (Allocation Failure) 123M->90M(123M) 52,220ms
[2021-04-30T09:35:54.053+0300][56,110s][info ][gc] GC(979) Pause Initial Mark 90M->90M(123M) 0,861ms
[2021-04-30T09:35:54.053+0300][56,110s][info ][gc] GC(979) Concurrent Mark
[2021-04-30T09:35:54.076+0300][56,132s][debug][gc] GC(979) Concurrent active time: 0,023ms
[2021-04-30T09:35:54.076+0300][56,132s][info ][gc] GC(979) Concurrent Mark 22,751ms
[2021-04-30T09:35:54.076+0300][56,133s][info ][gc] GC(979) Concurrent Preclean
[2021-04-30T09:35:54.093+0300][56,149s][debug][gc] GC(979) Concurrent active time: 0,017ms
[2021-04-30T09:35:54.093+0300][56,149s][info ][gc] GC(979) Concurrent Preclean 16,852ms
[2021-04-30T09:35:54.093+0300][56,149s][info ][gc] GC(979) Concurrent Abortable Preclean
[2021-04-30T09:35:54.093+0300][56,149s][debug][gc] GC(979) Concurrent active time: 0,000ms
[2021-04-30T09:35:54.093+0300][56,149s][info ][gc] GC(979) Concurrent Abortable Preclean 0,014ms
[2021-04-30T09:35:54.093+0300][56,150s][debug][gc] GC(979) YG occupancy: 30001 K (39296 K)
[2021-04-30T09:35:54.099+0300][56,155s][info ][gc] GC(979) Pause Remark 114M->114M(123M) 5,790ms
[2021-04-30T09:35:54.099+0300][56,155s][info ][gc] GC(979) Concurrent Sweep
[2021-04-30T09:35:54.111+0300][56,167s][debug][gc] GC(979) Concurrent active time: 0,012ms
[2021-04-30T09:35:54.111+0300][56,167s][info ][gc] GC(979) Concurrent Sweep 11,898ms
[2021-04-30T09:35:54.111+0300][56,167s][info ][gc] GC(979) Concurrent Reset
[2021-04-30T09:35:54.111+0300][56,167s][debug][gc] GC(979) Concurrent active time: 0,000ms
[2021-04-30T09:35:54.111+0300][56,167s][info ][gc] GC(979) Concurrent Reset 0,066ms
[2021-04-30T09:35:54.188+0300][56,244s][info ][gc] GC(981) Pause Full (Allocation Failure) 123M->90M(123M) 53,319ms
[2021-04-30T09:35:54.188+0300][56,244s][info ][gc] GC(980) Pause Young (Allocation Failure) 123M->90M(123M) 53,398ms
[2021-04-30T09:35:54.189+0300][56,246s][info ][gc] GC(982) Pause Initial Mark 91M->91M(123M) 1,122ms
[2021-04-30T09:35:54.189+0300][56,246s][info ][gc] GC(982) Concurrent Mark
[2021-04-30T09:35:54.218+0300][56,274s][debug][gc] GC(982) Concurrent active time: 0,028ms
[2021-04-30T09:35:54.218+0300][56,274s][info ][gc] GC(982) Concurrent Mark 28,464ms
[2021-04-30T09:35:54.218+0300][56,274s][info ][gc] GC(982) Concurrent Preclean
[2021-04-30T09:35:54.234+0300][56,290s][debug][gc] GC(982) Concurrent active time: 0,016ms
[2021-04-30T09:35:54.234+0300][56,290s][info ][gc] GC(982) Concurrent Preclean 16,173ms
[2021-04-30T09:35:54.234+0300][56,290s][info ][gc] GC(982) Concurrent Abortable Preclean
[2021-04-30T09:35:54.234+0300][56,290s][debug][gc] GC(982) Concurrent active time: 0,000ms
[2021-04-30T09:35:54.234+0300][56,290s][info ][gc] GC(982) Concurrent Abortable Preclean 0,012ms
[2021-04-30T09:35:54.234+0300][56,290s][debug][gc] GC(982) YG occupancy: 34591 K (39296 K)
[2021-04-30T09:35:54.240+0300][56,297s][info ][gc] GC(982) Pause Remark 119M->119M(123M) 6,401ms
[2021-04-30T09:35:54.240+0300][56,297s][info ][gc] GC(982) Concurrent Sweep
[2021-04-30T09:35:54.252+0300][56,309s][debug][gc] GC(982) Concurrent active time: 0,012ms
[2021-04-30T09:35:54.252+0300][56,309s][info ][gc] GC(982) Concurrent Sweep 11,801ms
[2021-04-30T09:35:54.252+0300][56,309s][info ][gc] GC(982) Concurrent Reset
[2021-04-30T09:35:54.252+0300][56,309s][debug][gc] GC(982) Concurrent active time: 0,000ms
[2021-04-30T09:35:54.252+0300][56,309s][info ][gc] GC(982) Concurrent Reset 0,065ms
[2021-04-30T09:35:54.320+0300][56,377s][info ][gc] GC(984) Pause Full (Allocation Failure) 123M->91M(123M) 50,176ms
[2021-04-30T09:35:54.320+0300][56,377s][info ][gc] GC(983) Pause Young (Allocation Failure) 123M->91M(123M) 50,260ms
[2021-04-30T09:35:54.321+0300][56,378s][info ][gc] GC(985) Pause Initial Mark 91M->91M(123M) 1,031ms
[2021-04-30T09:35:54.321+0300][56,378s][info ][gc] GC(985) Concurrent Mark
[2021-04-30T09:35:54.344+0300][56,400s][debug][gc] GC(985) Concurrent active time: 0,022ms
[2021-04-30T09:35:54.344+0300][56,400s][info ][gc] GC(985) Concurrent Mark 22,086ms
[2021-04-30T09:35:54.344+0300][56,400s][info ][gc] GC(985) Concurrent Preclean
[2021-04-30T09:35:54.363+0300][56,420s][debug][gc] GC(985) Concurrent active time: 0,020ms
[2021-04-30T09:35:54.363+0300][56,420s][info ][gc] GC(985) Concurrent Preclean 19,862ms
[2021-04-30T09:35:54.363+0300][56,420s][info ][gc] GC(985) Concurrent Abortable Preclean
[2021-04-30T09:35:54.363+0300][56,420s][debug][gc] GC(985) Concurrent active time: 0,000ms
[2021-04-30T09:35:54.363+0300][56,420s][info ][gc] GC(985) Concurrent Abortable Preclean 0,021ms
[2021-04-30T09:35:54.364+0300][56,420s][debug][gc] GC(985) YG occupancy: 27995 K (39296 K)
[2021-04-30T09:35:54.369+0300][56,426s][info ][gc] GC(985) Pause Remark 112M->112M(123M) 5,535ms
[2021-04-30T09:35:54.369+0300][56,426s][info ][gc] GC(985) Concurrent Sweep
[2021-04-30T09:35:54.383+0300][56,439s][debug][gc] GC(985) Concurrent active time: 0,013ms
[2021-04-30T09:35:54.383+0300][56,439s][info ][gc] GC(985) Concurrent Sweep 13,556ms
[2021-04-30T09:35:54.383+0300][56,439s][info ][gc] GC(985) Concurrent Reset
[2021-04-30T09:35:54.383+0300][56,439s][debug][gc] GC(985) Concurrent active time: 0,000ms
[2021-04-30T09:35:54.383+0300][56,439s][info ][gc] GC(985) Concurrent Reset 0,081ms
[2021-04-30T09:35:54.458+0300][56,514s][info ][gc] GC(987) Pause Full (Allocation Failure) 123M->91M(123M) 48,498ms
[2021-04-30T09:35:54.458+0300][56,514s][info ][gc] GC(986) Pause Young (Allocation Failure) 123M->91M(123M) 48,578ms
[2021-04-30T09:35:54.459+0300][56,516s][info ][gc] GC(988) Pause Initial Mark 92M->92M(123M) 1,360ms
[2021-04-30T09:35:54.459+0300][56,516s][info ][gc] GC(988) Concurrent Mark
[2021-04-30T09:35:54.485+0300][56,541s][debug][gc] GC(988) Concurrent active time: 0,025ms
[2021-04-30T09:35:54.485+0300][56,541s][info ][gc] GC(988) Concurrent Mark 25,554ms
[2021-04-30T09:35:54.485+0300][56,541s][info ][gc] GC(988) Concurrent Preclean
[2021-04-30T09:35:54.511+0300][56,568s][debug][gc] GC(988) Concurrent active time: 0,026ms
[2021-04-30T09:35:54.511+0300][56,568s][info ][gc] GC(988) Concurrent Preclean 26,240ms
[2021-04-30T09:35:54.511+0300][56,568s][info ][gc] GC(988) Concurrent Abortable Preclean
[2021-04-30T09:35:54.511+0300][56,568s][debug][gc] GC(988) Concurrent active time: 0,000ms
[2021-04-30T09:35:54.511+0300][56,568s][info ][gc] GC(988) Concurrent Abortable Preclean 0,019ms
[2021-04-30T09:35:54.511+0300][56,568s][debug][gc] GC(988) YG occupancy: 34944 K (39296 K)
[2021-04-30T09:35:54.518+0300][56,574s][info ][gc] GC(988) Pause Remark 119M->119M(123M) 6,291ms
[2021-04-30T09:35:54.518+0300][56,574s][info ][gc] GC(988) Concurrent Sweep
[2021-04-30T09:35:54.529+0300][56,586s][debug][gc] GC(988) Concurrent active time: 0,012ms
[2021-04-30T09:35:54.529+0300][56,586s][info ][gc] GC(988) Concurrent Sweep 11,788ms
[2021-04-30T09:35:54.529+0300][56,586s][info ][gc] GC(988) Concurrent Reset
[2021-04-30T09:35:54.530+0300][56,586s][debug][gc] GC(988) Concurrent active time: 0,000ms
[2021-04-30T09:35:54.530+0300][56,586s][info ][gc] GC(988) Concurrent Reset 0,065ms
[2021-04-30T09:35:54.595+0300][56,651s][info ][gc] GC(990) Pause Full (Allocation Failure) 123M->92M(123M) 49,968ms
[2021-04-30T09:35:54.595+0300][56,651s][info ][gc] GC(989) Pause Young (Allocation Failure) 123M->92M(123M) 50,040ms
[2021-04-30T09:35:54.596+0300][56,653s][info ][gc] GC(991) Pause Initial Mark 92M->92M(123M) 1,232ms
[2021-04-30T09:35:54.596+0300][56,653s][info ][gc] GC(991) Concurrent Mark
[2021-04-30T09:35:54.622+0300][56,678s][debug][gc] GC(991) Concurrent active time: 0,025ms
[2021-04-30T09:35:54.622+0300][56,678s][info ][gc] GC(991) Concurrent Mark 25,282ms
[2021-04-30T09:35:54.622+0300][56,678s][info ][gc] GC(991) Concurrent Preclean
[2021-04-30T09:35:54.639+0300][56,696s][debug][gc] GC(991) Concurrent active time: 0,018ms
[2021-04-30T09:35:54.639+0300][56,696s][info ][gc] GC(991) Concurrent Preclean 17,683ms
[2021-04-30T09:35:54.639+0300][56,696s][info ][gc] GC(991) Concurrent Abortable Preclean
[2021-04-30T09:35:54.639+0300][56,696s][debug][gc] GC(991) Concurrent active time: 0,000ms
[2021-04-30T09:35:54.639+0300][56,696s][info ][gc] GC(991) Concurrent Abortable Preclean 0,042ms
[2021-04-30T09:35:54.639+0300][56,696s][debug][gc] GC(991) YG occupancy: 29198 K (39296 K)
[2021-04-30T09:35:54.645+0300][56,701s][info ][gc] GC(991) Pause Remark 113M->113M(123M) 5,463ms
[2021-04-30T09:35:54.645+0300][56,702s][info ][gc] GC(991) Concurrent Sweep
[2021-04-30T09:35:54.658+0300][56,714s][debug][gc] GC(991) Concurrent active time: 0,013ms
[2021-04-30T09:35:54.658+0300][56,714s][info ][gc] GC(991) Concurrent Sweep 12,651ms
[2021-04-30T09:35:54.658+0300][56,714s][info ][gc] GC(991) Concurrent Reset
[2021-04-30T09:35:54.658+0300][56,714s][debug][gc] GC(991) Concurrent active time: 0,000ms
[2021-04-30T09:35:54.658+0300][56,714s][info ][gc] GC(991) Concurrent Reset 0,067ms
[2021-04-30T09:35:54.735+0300][56,791s][info ][gc] GC(993) Pause Full (Allocation Failure) 123M->92M(123M) 50,685ms
[2021-04-30T09:35:54.735+0300][56,791s][info ][gc] GC(992) Pause Young (Allocation Failure) 123M->92M(123M) 50,777ms
[2021-04-30T09:35:54.736+0300][56,793s][info ][gc] GC(994) Pause Initial Mark 93M->93M(123M) 1,175ms
[2021-04-30T09:35:54.736+0300][56,793s][info ][gc] GC(994) Concurrent Mark
[2021-04-30T09:35:54.757+0300][56,814s][debug][gc] GC(994) Concurrent active time: 0,021ms
[2021-04-30T09:35:54.757+0300][56,814s][info ][gc] GC(994) Concurrent Mark 20,999ms
[2021-04-30T09:35:54.757+0300][56,814s][info ][gc] GC(994) Concurrent Preclean
[2021-04-30T09:35:54.774+0300][56,830s][debug][gc] GC(994) Concurrent active time: 0,016ms
[2021-04-30T09:35:54.774+0300][56,830s][info ][gc] GC(994) Concurrent Preclean 16,407ms
[2021-04-30T09:35:54.774+0300][56,830s][info ][gc] GC(994) Concurrent Abortable Preclean
[2021-04-30T09:35:54.774+0300][56,830s][debug][gc] GC(994) Concurrent active time: 0,000ms
[2021-04-30T09:35:54.774+0300][56,830s][info ][gc] GC(994) Concurrent Abortable Preclean 0,012ms
[2021-04-30T09:35:54.774+0300][56,830s][debug][gc] GC(994) YG occupancy: 28079 K (39296 K)
[2021-04-30T09:35:54.779+0300][56,835s][info ][gc] GC(994) Pause Remark 112M->112M(123M) 5,069ms
[2021-04-30T09:35:54.779+0300][56,835s][info ][gc] GC(994) Concurrent Sweep
[2021-04-30T09:35:54.791+0300][56,848s][debug][gc] GC(994) Concurrent active time: 0,012ms
[2021-04-30T09:35:54.791+0300][56,848s][info ][gc] GC(994) Concurrent Sweep 12,368ms
[2021-04-30T09:35:54.791+0300][56,848s][info ][gc] GC(994) Concurrent Reset
[2021-04-30T09:35:54.791+0300][56,848s][debug][gc] GC(994) Concurrent active time: 0,000ms
[2021-04-30T09:35:54.791+0300][56,848s][info ][gc] GC(994) Concurrent Reset 0,066ms
[2021-04-30T09:35:54.868+0300][56,925s][info ][gc] GC(996) Pause Full (Allocation Failure) 123M->93M(123M) 51,367ms
[2021-04-30T09:35:54.868+0300][56,925s][info ][gc] GC(995) Pause Young (Allocation Failure) 123M->93M(123M) 51,443ms
[2021-04-30T09:35:54.870+0300][56,926s][info ][gc] GC(997) Pause Initial Mark 93M->93M(123M) 1,328ms
[2021-04-30T09:35:54.870+0300][56,926s][info ][gc] GC(997) Concurrent Mark
[2021-04-30T09:35:54.897+0300][56,953s][debug][gc] GC(997) Concurrent active time: 0,027ms
[2021-04-30T09:35:54.897+0300][56,953s][info ][gc] GC(997) Concurrent Mark 27,258ms
[2021-04-30T09:35:54.897+0300][56,953s][info ][gc] GC(997) Concurrent Preclean
[2021-04-30T09:35:54.915+0300][56,971s][debug][gc] GC(997) Concurrent active time: 0,018ms
[2021-04-30T09:35:54.915+0300][56,971s][info ][gc] GC(997) Concurrent Preclean 17,952ms
[2021-04-30T09:35:54.915+0300][56,971s][info ][gc] GC(997) Concurrent Abortable Preclean
[2021-04-30T09:35:54.915+0300][56,971s][debug][gc] GC(997) Concurrent active time: 0,000ms
[2021-04-30T09:35:54.915+0300][56,971s][info ][gc] GC(997) Concurrent Abortable Preclean 0,012ms
[2021-04-30T09:35:54.915+0300][56,971s][debug][gc] GC(997) YG occupancy: 34149 K (39296 K)
[2021-04-30T09:35:54.922+0300][56,979s][info ][gc] GC(997) Pause Remark 118M->118M(123M) 7,183ms
[2021-04-30T09:35:54.922+0300][56,979s][info ][gc] GC(997) Concurrent Sweep
[2021-04-30T09:35:54.938+0300][56,995s][debug][gc] GC(997) Concurrent active time: 0,016ms
[2021-04-30T09:35:54.938+0300][56,995s][info ][gc] GC(997) Concurrent Sweep 16,057ms
[2021-04-30T09:35:54.939+0300][56,996s][info ][gc] GC(997) Concurrent Reset
[2021-04-30T09:35:54.939+0300][56,996s][debug][gc] GC(997) Concurrent active time: 0,000ms
[2021-04-30T09:35:54.939+0300][56,996s][info ][gc] GC(997) Concurrent Reset 0,114ms
[2021-04-30T09:35:55.014+0300][57,071s][info ][gc] GC(999) Pause Full (Allocation Failure) 123M->93M(123M) 57,393ms
[2021-04-30T09:35:55.014+0300][57,071s][info ][gc] GC(998) Pause Young (Allocation Failure) 123M->93M(123M) 57,481ms
[2021-04-30T09:35:55.016+0300][57,072s][info ][gc] GC(1000) Pause Initial Mark 94M->94M(123M) 1,483ms
[2021-04-30T09:35:55.016+0300][57,072s][info ][gc] GC(1000) Concurrent Mark
[2021-04-30T09:35:55.036+0300][57,093s][debug][gc] GC(1000) Concurrent active time: 0,020ms
[2021-04-30T09:35:55.036+0300][57,093s][info ][gc] GC(1000) Concurrent Mark 20,317ms
[2021-04-30T09:35:55.036+0300][57,093s][info ][gc] GC(1000) Concurrent Preclean
[2021-04-30T09:35:55.055+0300][57,112s][debug][gc] GC(1000) Concurrent active time: 0,019ms
[2021-04-30T09:35:55.055+0300][57,112s][info ][gc] GC(1000) Concurrent Preclean 18,857ms
[2021-04-30T09:35:55.055+0300][57,112s][info ][gc] GC(1000) Concurrent Abortable Preclean
[2021-04-30T09:35:55.055+0300][57,112s][debug][gc] GC(1000) Concurrent active time: 0,000ms
[2021-04-30T09:35:55.055+0300][57,112s][info ][gc] GC(1000) Concurrent Abortable Preclean 0,012ms
[2021-04-30T09:35:55.055+0300][57,112s][debug][gc] GC(1000) YG occupancy: 34233 K (39296 K)
[2021-04-30T09:35:55.061+0300][57,118s][info ][gc] GC(1000) Pause Remark 118M->118M(123M) 6,091ms
[2021-04-30T09:35:55.061+0300][57,118s][info ][gc] GC(1000) Concurrent Sweep
[2021-04-30T09:35:55.073+0300][57,129s][debug][gc] GC(1000) Concurrent active time: 0,012ms
[2021-04-30T09:35:55.073+0300][57,129s][info ][gc] GC(1000) Concurrent Sweep 11,584ms
[2021-04-30T09:35:55.073+0300][57,130s][info ][gc] GC(1000) Concurrent Reset
[2021-04-30T09:35:55.073+0300][57,130s][debug][gc] GC(1000) Concurrent active time: 0,000ms
[2021-04-30T09:35:55.073+0300][57,130s][info ][gc] GC(1000) Concurrent Reset 0,065ms
[2021-04-30T09:35:55.141+0300][57,197s][info ][gc] GC(1002) Pause Full (Allocation Failure) 123M->94M(123M) 51,429ms
[2021-04-30T09:35:55.141+0300][57,197s][info ][gc] GC(1001) Pause Young (Allocation Failure) 123M->94M(123M) 51,507ms
[2021-04-30T09:35:55.142+0300][57,199s][info ][gc] GC(1003) Pause Initial Mark 94M->94M(123M) 1,514ms
[2021-04-30T09:35:55.143+0300][57,199s][info ][gc] GC(1003) Concurrent Mark
[2021-04-30T09:35:55.163+0300][57,219s][debug][gc] GC(1003) Concurrent active time: 0,020ms
[2021-04-30T09:35:55.163+0300][57,219s][info ][gc] GC(1003) Concurrent Mark 20,172ms
[2021-04-30T09:35:55.163+0300][57,219s][info ][gc] GC(1003) Concurrent Preclean
[2021-04-30T09:35:55.179+0300][57,235s][debug][gc] GC(1003) Concurrent active time: 0,016ms
[2021-04-30T09:35:55.179+0300][57,235s][info ][gc] GC(1003) Concurrent Preclean 16,202ms
[2021-04-30T09:35:55.179+0300][57,235s][info ][gc] GC(1003) Concurrent Abortable Preclean
[2021-04-30T09:35:55.179+0300][57,235s][debug][gc] GC(1003) Concurrent active time: 0,000ms
[2021-04-30T09:35:55.179+0300][57,235s][info ][gc] GC(1003) Concurrent Abortable Preclean 0,012ms
[2021-04-30T09:35:55.179+0300][57,236s][debug][gc] GC(1003) YG occupancy: 32442 K (39296 K)
[2021-04-30T09:35:55.185+0300][57,241s][info ][gc] GC(1003) Pause Remark 117M->117M(123M) 5,820ms
[2021-04-30T09:35:55.185+0300][57,241s][info ][gc] GC(1003) Concurrent Sweep
[2021-04-30T09:35:55.197+0300][57,253s][debug][gc] GC(1003) Concurrent active time: 0,012ms
[2021-04-30T09:35:55.197+0300][57,253s][info ][gc] GC(1003) Concurrent Sweep 11,620ms
[2021-04-30T09:35:55.197+0300][57,253s][info ][gc] GC(1003) Concurrent Reset
[2021-04-30T09:35:55.197+0300][57,253s][debug][gc] GC(1003) Concurrent active time: 0,000ms
[2021-04-30T09:35:55.197+0300][57,253s][info ][gc] GC(1003) Concurrent Reset 0,065ms
[2021-04-30T09:35:55.271+0300][57,327s][info ][gc] GC(1005) Pause Full (Allocation Failure) 123M->94M(123M) 53,102ms
[2021-04-30T09:35:55.271+0300][57,327s][info ][gc] GC(1004) Pause Young (Allocation Failure) 123M->94M(123M) 53,177ms
[2021-04-30T09:35:55.272+0300][57,329s][info ][gc] GC(1006) Pause Initial Mark 95M->95M(123M) 1,536ms
[2021-04-30T09:35:55.272+0300][57,329s][info ][gc] GC(1006) Concurrent Mark
[2021-04-30T09:35:55.294+0300][57,350s][debug][gc] GC(1006) Concurrent active time: 0,021ms
[2021-04-30T09:35:55.294+0300][57,350s][info ][gc] GC(1006) Concurrent Mark 21,383ms
[2021-04-30T09:35:55.294+0300][57,350s][info ][gc] GC(1006) Concurrent Preclean
[2021-04-30T09:35:55.310+0300][57,366s][debug][gc] GC(1006) Concurrent active time: 0,016ms
[2021-04-30T09:35:55.310+0300][57,366s][info ][gc] GC(1006) Concurrent Preclean 16,081ms
[2021-04-30T09:35:55.310+0300][57,366s][info ][gc] GC(1006) Concurrent Abortable Preclean
[2021-04-30T09:35:55.310+0300][57,366s][debug][gc] GC(1006) Concurrent active time: 0,000ms
[2021-04-30T09:35:55.310+0300][57,366s][info ][gc] GC(1006) Concurrent Abortable Preclean 0,012ms
[2021-04-30T09:35:55.310+0300][57,367s][debug][gc] GC(1006) YG occupancy: 34434 K (39296 K)
[2021-04-30T09:35:55.316+0300][57,373s][info ][gc] GC(1006) Pause Remark 119M->119M(123M) 5,961ms
[2021-04-30T09:35:55.316+0300][57,373s][info ][gc] GC(1006) Concurrent Sweep
[2021-04-30T09:35:55.328+0300][57,385s][debug][gc] GC(1006) Concurrent active time: 0,012ms
[2021-04-30T09:35:55.328+0300][57,385s][info ][gc] GC(1006) Concurrent Sweep 12,029ms
[2021-04-30T09:35:55.328+0300][57,385s][info ][gc] GC(1006) Concurrent Reset
[2021-04-30T09:35:55.328+0300][57,385s][debug][gc] GC(1006) Concurrent active time: 0,000ms
[2021-04-30T09:35:55.328+0300][57,385s][info ][gc] GC(1006) Concurrent Reset 0,069ms
[2021-04-30T09:35:55.395+0300][57,451s][info ][gc] GC(1008) Pause Full (Allocation Failure) 123M->95M(123M) 48,985ms
[2021-04-30T09:35:55.395+0300][57,451s][info ][gc] GC(1007) Pause Young (Allocation Failure) 123M->95M(123M) 49,062ms
[2021-04-30T09:35:55.397+0300][57,453s][info ][gc] GC(1009) Pause Initial Mark 95M->95M(123M) 1,685ms
[2021-04-30T09:35:55.397+0300][57,453s][info ][gc] GC(1009) Concurrent Mark
[2021-04-30T09:35:55.422+0300][57,479s][debug][gc] GC(1009) Concurrent active time: 0,026ms
[2021-04-30T09:35:55.422+0300][57,479s][info ][gc] GC(1009) Concurrent Mark 25,559ms
[2021-04-30T09:35:55.422+0300][57,479s][info ][gc] GC(1009) Concurrent Preclean
[2021-04-30T09:35:55.439+0300][57,495s][debug][gc] GC(1009) Concurrent active time: 0,016ms
[2021-04-30T09:35:55.439+0300][57,495s][info ][gc] GC(1009) Concurrent Preclean 16,240ms
[2021-04-30T09:35:55.439+0300][57,495s][info ][gc] GC(1009) Concurrent Abortable Preclean
[2021-04-30T09:35:55.439+0300][57,495s][debug][gc] GC(1009) Concurrent active time: 0,000ms
[2021-04-30T09:35:55.439+0300][57,495s][info ][gc] GC(1009) Concurrent Abortable Preclean 0,012ms
[2021-04-30T09:35:55.439+0300][57,495s][debug][gc] GC(1009) YG occupancy: 35405 K (39296 K)
[2021-04-30T09:35:55.445+0300][57,501s][info ][gc] GC(1009) Pause Remark 119M->119M(123M) 6,198ms
[2021-04-30T09:35:55.445+0300][57,501s][info ][gc] GC(1009) Concurrent Sweep
[2021-04-30T09:35:55.456+0300][57,513s][debug][gc] GC(1009) Concurrent active time: 0,012ms
[2021-04-30T09:35:55.456+0300][57,513s][info ][gc] GC(1009) Concurrent Sweep 11,592ms
[2021-04-30T09:35:55.457+0300][57,513s][info ][gc] GC(1009) Concurrent Reset
[2021-04-30T09:35:55.457+0300][57,513s][debug][gc] GC(1009) Concurrent active time: 0,000ms
[2021-04-30T09:35:55.457+0300][57,513s][info ][gc] GC(1009) Concurrent Reset 0,066ms
[2021-04-30T09:35:55.521+0300][57,578s][info ][gc] GC(1011) Pause Full (Allocation Failure) 123M->95M(123M) 52,327ms
[2021-04-30T09:35:55.521+0300][57,578s][info ][gc] GC(1010) Pause Young (Allocation Failure) 123M->95M(123M) 52,398ms
[2021-04-30T09:35:55.523+0300][57,580s][info ][gc] GC(1012) Pause Initial Mark 96M->96M(123M) 1,725ms
[2021-04-30T09:35:55.523+0300][57,580s][info ][gc] GC(1012) Concurrent Mark
[2021-04-30T09:35:55.544+0300][57,601s][debug][gc] GC(1012) Concurrent active time: 0,021ms
[2021-04-30T09:35:55.544+0300][57,601s][info ][gc] GC(1012) Concurrent Mark 21,024ms
[2021-04-30T09:35:55.544+0300][57,601s][info ][gc] GC(1012) Concurrent Preclean
[2021-04-30T09:35:55.562+0300][57,618s][debug][gc] GC(1012) Concurrent active time: 0,018ms
[2021-04-30T09:35:55.562+0300][57,618s][info ][gc] GC(1012) Concurrent Preclean 17,738ms
[2021-04-30T09:35:55.562+0300][57,618s][info ][gc] GC(1012) Concurrent Abortable Preclean
[2021-04-30T09:35:55.562+0300][57,618s][debug][gc] GC(1012) Concurrent active time: 0,000ms
[2021-04-30T09:35:55.562+0300][57,619s][info ][gc] GC(1012) Concurrent Abortable Preclean 0,029ms
[2021-04-30T09:35:55.562+0300][57,619s][debug][gc] GC(1012) YG occupancy: 34004 K (39296 K)
[2021-04-30T09:35:55.569+0300][57,625s][info ][gc] GC(1012) Pause Remark 118M->118M(123M) 6,756ms
[2021-04-30T09:35:55.569+0300][57,625s][info ][gc] GC(1012) Concurrent Sweep
[2021-04-30T09:35:55.582+0300][57,639s][debug][gc] GC(1012) Concurrent active time: 0,013ms
[2021-04-30T09:35:55.582+0300][57,639s][info ][gc] GC(1012) Concurrent Sweep 13,271ms
[2021-04-30T09:35:55.582+0300][57,639s][info ][gc] GC(1012) Concurrent Reset
[2021-04-30T09:35:55.582+0300][57,639s][debug][gc] GC(1012) Concurrent active time: 0,000ms
[2021-04-30T09:35:55.582+0300][57,639s][info ][gc] GC(1012) Concurrent Reset 0,066ms
[2021-04-30T09:35:55.648+0300][57,705s][info ][gc] GC(1014) Pause Full (Allocation Failure) 123M->96M(123M) 49,570ms
[2021-04-30T09:35:55.648+0300][57,705s][info ][gc] GC(1013) Pause Young (Allocation Failure) 123M->96M(123M) 49,648ms
[2021-04-30T09:35:55.650+0300][57,707s][info ][gc] GC(1015) Pause Initial Mark 96M->96M(123M) 1,849ms
[2021-04-30T09:35:55.650+0300][57,707s][info ][gc] GC(1015) Concurrent Mark
[2021-04-30T09:35:55.677+0300][57,733s][debug][gc] GC(1015) Concurrent active time: 0,027ms
[2021-04-30T09:35:55.677+0300][57,734s][info ][gc] GC(1015) Concurrent Mark 26,778ms
[2021-04-30T09:35:55.677+0300][57,734s][info ][gc] GC(1015) Concurrent Preclean
[2021-04-30T09:35:55.693+0300][57,750s][debug][gc] GC(1015) Concurrent active time: 0,016ms
[2021-04-30T09:35:55.693+0300][57,750s][info ][gc] GC(1015) Concurrent Preclean 16,028ms
[2021-04-30T09:35:55.693+0300][57,750s][info ][gc] GC(1015) Concurrent Abortable Preclean
[2021-04-30T09:35:55.693+0300][57,750s][debug][gc] GC(1015) Concurrent active time: 0,000ms
[2021-04-30T09:35:55.693+0300][57,750s][info ][gc] GC(1015) Concurrent Abortable Preclean 0,012ms
[2021-04-30T09:35:55.693+0300][57,750s][debug][gc] GC(1015) YG occupancy: 35716 K (39296 K)
[2021-04-30T09:35:55.699+0300][57,756s][info ][gc] GC(1015) Pause Remark 120M->120M(123M) 6,111ms
[2021-04-30T09:35:55.699+0300][57,756s][info ][gc] GC(1015) Concurrent Sweep
[2021-04-30T09:35:55.711+0300][57,767s][debug][gc] GC(1015) Concurrent active time: 0,012ms
[2021-04-30T09:35:55.711+0300][57,767s][info ][gc] GC(1015) Concurrent Sweep 11,544ms
[2021-04-30T09:35:55.711+0300][57,767s][info ][gc] GC(1015) Concurrent Reset
[2021-04-30T09:35:55.711+0300][57,767s][debug][gc] GC(1015) Concurrent active time: 0,000ms
[2021-04-30T09:35:55.711+0300][57,767s][info ][gc] GC(1015) Concurrent Reset 0,064ms
[2021-04-30T09:35:55.771+0300][57,828s][info ][gc] GC(1017) Pause Full (Allocation Failure) 123M->96M(123M) 49,707ms
[2021-04-30T09:35:55.771+0300][57,828s][info ][gc] GC(1016) Pause Young (Allocation Failure) 123M->96M(123M) 49,776ms
[2021-04-30T09:35:55.773+0300][57,830s][info ][gc] GC(1018) Pause Initial Mark 97M->97M(123M) 2,113ms
[2021-04-30T09:35:55.773+0300][57,830s][info ][gc] GC(1018) Concurrent Mark
[2021-04-30T09:35:55.796+0300][57,853s][debug][gc] GC(1018) Concurrent active time: 0,023ms
[2021-04-30T09:35:55.796+0300][57,853s][info ][gc] GC(1018) Concurrent Mark 22,935ms
[2021-04-30T09:35:55.796+0300][57,853s][info ][gc] GC(1018) Concurrent Preclean
[2021-04-30T09:35:55.817+0300][57,873s][debug][gc] GC(1018) Concurrent active time: 0,021ms
[2021-04-30T09:35:55.817+0300][57,874s][info ][gc] GC(1018) Concurrent Preclean 20,613ms
[2021-04-30T09:35:55.817+0300][57,874s][info ][gc] GC(1018) Concurrent Abortable Preclean
[2021-04-30T09:35:55.817+0300][57,874s][debug][gc] GC(1018) Concurrent active time: 0,000ms
[2021-04-30T09:35:55.817+0300][57,874s][info ][gc] GC(1018) Concurrent Abortable Preclean 0,021ms
[2021-04-30T09:35:55.817+0300][57,874s][debug][gc] GC(1018) YG occupancy: 34972 K (39296 K)
[2021-04-30T09:35:55.824+0300][57,881s][info ][gc] GC(1018) Pause Remark 119M->119M(123M) 7,239ms
[2021-04-30T09:35:55.824+0300][57,881s][info ][gc] GC(1018) Concurrent Sweep
[2021-04-30T09:35:55.837+0300][57,894s][debug][gc] GC(1018) Concurrent active time: 0,013ms
[2021-04-30T09:35:55.837+0300][57,894s][info ][gc] GC(1018) Concurrent Sweep 13,066ms
[2021-04-30T09:35:55.837+0300][57,894s][info ][gc] GC(1018) Concurrent Reset
[2021-04-30T09:35:55.838+0300][57,894s][debug][gc] GC(1018) Concurrent active time: 0,000ms
[2021-04-30T09:35:55.838+0300][57,894s][info ][gc] GC(1018) Concurrent Reset 0,068ms
[2021-04-30T09:35:55.910+0300][57,967s][info ][gc] GC(1020) Pause Full (Allocation Failure) 123M->96M(123M) 58,298ms
[2021-04-30T09:35:55.910+0300][57,967s][info ][gc] GC(1019) Pause Young (Allocation Failure) 123M->96M(123M) 58,381ms
[2021-04-30T09:35:55.912+0300][57,969s][info ][gc] GC(1021) Pause Initial Mark 97M->97M(123M) 2,037ms
[2021-04-30T09:35:55.913+0300][57,969s][info ][gc] GC(1021) Concurrent Mark
[2021-04-30T09:35:55.941+0300][57,998s][debug][gc] GC(1021) Concurrent active time: 0,027ms
[2021-04-30T09:35:55.941+0300][57,998s][info ][gc] GC(1021) Concurrent Mark 28,517ms
[2021-04-30T09:35:55.941+0300][57,998s][info ][gc] GC(1021) Concurrent Preclean
[2021-04-30T09:35:55.961+0300][58,017s][debug][gc] GC(1021) Concurrent active time: 0,019ms
[2021-04-30T09:35:55.961+0300][58,017s][info ][gc] GC(1021) Concurrent Preclean 19,549ms
[2021-04-30T09:35:55.961+0300][58,017s][info ][gc] GC(1021) Concurrent Abortable Preclean
[2021-04-30T09:35:55.961+0300][58,017s][debug][gc] GC(1021) Concurrent active time: 0,000ms
[2021-04-30T09:35:55.961+0300][58,017s][info ][gc] GC(1021) Concurrent Abortable Preclean 0,012ms
[2021-04-30T09:35:55.961+0300][58,017s][debug][gc] GC(1021) YG occupancy: 35916 K (39296 K)
[2021-04-30T09:35:55.967+0300][58,024s][info ][gc] GC(1021) Pause Remark 120M->120M(123M) 6,419ms
[2021-04-30T09:35:55.967+0300][58,024s][info ][gc] GC(1021) Concurrent Sweep
[2021-04-30T09:35:55.981+0300][58,038s][debug][gc] GC(1021) Concurrent active time: 0,014ms
[2021-04-30T09:35:55.981+0300][58,038s][info ][gc] GC(1021) Concurrent Sweep 13,721ms
[2021-04-30T09:35:55.981+0300][58,038s][info ][gc] GC(1021) Concurrent Reset
[2021-04-30T09:35:55.981+0300][58,038s][debug][gc] GC(1021) Concurrent active time: 0,000ms
[2021-04-30T09:35:55.981+0300][58,038s][info ][gc] GC(1021) Concurrent Reset 0,065ms
[2021-04-30T09:35:56.037+0300][58,093s][info ][gc] GC(1023) Pause Full (Allocation Failure) 123M->97M(123M) 48,632ms
[2021-04-30T09:35:56.037+0300][58,093s][info ][gc] GC(1022) Pause Young (Allocation Failure) 123M->97M(123M) 48,705ms
[2021-04-30T09:35:56.039+0300][58,095s][info ][gc] GC(1024) Pause Initial Mark 97M->97M(123M) 2,078ms
[2021-04-30T09:35:56.039+0300][58,095s][info ][gc] GC(1024) Concurrent Mark
[2021-04-30T09:35:56.061+0300][58,117s][debug][gc] GC(1024) Concurrent active time: 0,022ms
[2021-04-30T09:35:56.061+0300][58,117s][info ][gc] GC(1024) Concurrent Mark 21,674ms
[2021-04-30T09:35:56.061+0300][58,117s][info ][gc] GC(1024) Concurrent Preclean
[2021-04-30T09:35:56.077+0300][58,134s][debug][gc] GC(1024) Concurrent active time: 0,016ms
[2021-04-30T09:35:56.077+0300][58,134s][info ][gc] GC(1024) Concurrent Preclean 16,361ms
[2021-04-30T09:35:56.077+0300][58,134s][info ][gc] GC(1024) Concurrent Abortable Preclean
[2021-04-30T09:35:56.077+0300][58,134s][debug][gc] GC(1024) Concurrent active time: 0,000ms
[2021-04-30T09:35:56.077+0300][58,134s][info ][gc] GC(1024) Concurrent Abortable Preclean 0,012ms
[2021-04-30T09:35:56.077+0300][58,134s][debug][gc] GC(1024) YG occupancy: 32053 K (39296 K)
[2021-04-30T09:35:56.083+0300][58,139s][info ][gc] GC(1024) Pause Remark 116M->116M(123M) 5,557ms
[2021-04-30T09:35:56.083+0300][58,139s][info ][gc] GC(1024) Concurrent Sweep
[2021-04-30T09:35:56.096+0300][58,153s][debug][gc] GC(1024) Concurrent active time: 0,014ms
[2021-04-30T09:35:56.096+0300][58,153s][info ][gc] GC(1024) Concurrent Sweep 13,712ms
[2021-04-30T09:35:56.097+0300][58,153s][info ][gc] GC(1024) Concurrent Reset
[2021-04-30T09:35:56.097+0300][58,153s][debug][gc] GC(1024) Concurrent active time: 0,000ms
[2021-04-30T09:35:56.097+0300][58,153s][info ][gc] GC(1024) Concurrent Reset 0,068ms
[2021-04-30T09:35:56.170+0300][58,227s][info ][gc] GC(1026) Pause Full (Allocation Failure) 123M->97M(123M) 52,349ms
[2021-04-30T09:35:56.170+0300][58,227s][info ][gc] GC(1025) Pause Young (Allocation Failure) 123M->97M(123M) 52,437ms
[2021-04-30T09:35:56.173+0300][58,229s][info ][gc] GC(1027) Pause Initial Mark 98M->98M(123M) 2,216ms
[2021-04-30T09:35:56.173+0300][58,229s][info ][gc] GC(1027) Concurrent Mark
[2021-04-30T09:35:56.194+0300][58,251s][debug][gc] GC(1027) Concurrent active time: 0,021ms
[2021-04-30T09:35:56.194+0300][58,251s][info ][gc] GC(1027) Concurrent Mark 21,372ms
[2021-04-30T09:35:56.194+0300][58,251s][info ][gc] GC(1027) Concurrent Preclean
[2021-04-30T09:35:56.212+0300][58,269s][debug][gc] GC(1027) Concurrent active time: 0,018ms
[2021-04-30T09:35:56.212+0300][58,269s][info ][gc] GC(1027) Concurrent Preclean 18,242ms
[2021-04-30T09:35:56.212+0300][58,269s][info ][gc] GC(1027) Concurrent Abortable Preclean
[2021-04-30T09:35:56.212+0300][58,269s][debug][gc] GC(1027) Concurrent active time: 0,000ms
[2021-04-30T09:35:56.212+0300][58,269s][info ][gc] GC(1027) Concurrent Abortable Preclean 0,022ms
[2021-04-30T09:35:56.212+0300][58,269s][debug][gc] GC(1027) YG occupancy: 35550 K (39296 K)
[2021-04-30T09:35:56.219+0300][58,275s][info ][gc] GC(1027) Pause Remark 120M->120M(123M) 6,281ms
[2021-04-30T09:35:56.219+0300][58,275s][info ][gc] GC(1027) Concurrent Sweep
[2021-04-30T09:35:56.235+0300][58,292s][debug][gc] GC(1027) Concurrent active time: 0,016ms
[2021-04-30T09:35:56.235+0300][58,292s][info ][gc] GC(1027) Concurrent Sweep 16,409ms
[2021-04-30T09:35:56.235+0300][58,292s][info ][gc] GC(1027) Concurrent Reset
[2021-04-30T09:35:56.235+0300][58,292s][debug][gc] GC(1027) Concurrent active time: 0,000ms
[2021-04-30T09:35:56.235+0300][58,292s][info ][gc] GC(1027) Concurrent Reset 0,091ms
[2021-04-30T09:35:56.292+0300][58,349s][info ][gc] GC(1029) Pause Full (Allocation Failure) 123M->98M(123M) 49,035ms
[2021-04-30T09:35:56.292+0300][58,349s][info ][gc] GC(1028) Pause Young (Allocation Failure) 123M->98M(123M) 49,118ms
[2021-04-30T09:35:56.294+0300][58,351s][info ][gc] GC(1030) Pause Initial Mark 98M->98M(123M) 2,086ms
[2021-04-30T09:35:56.295+0300][58,351s][info ][gc] GC(1030) Concurrent Mark
[2021-04-30T09:35:56.321+0300][58,377s][debug][gc] GC(1030) Concurrent active time: 0,026ms
[2021-04-30T09:35:56.321+0300][58,377s][info ][gc] GC(1030) Concurrent Mark 26,118ms
[2021-04-30T09:35:56.321+0300][58,377s][info ][gc] GC(1030) Concurrent Preclean
[2021-04-30T09:35:56.338+0300][58,395s][debug][gc] GC(1030) Concurrent active time: 0,018ms
[2021-04-30T09:35:56.339+0300][58,395s][info ][gc] GC(1030) Concurrent Preclean 17,813ms
[2021-04-30T09:35:56.339+0300][58,395s][info ][gc] GC(1030) Concurrent Abortable Preclean
[2021-04-30T09:35:56.339+0300][58,395s][debug][gc] GC(1030) Concurrent active time: 0,000ms
[2021-04-30T09:35:56.339+0300][58,395s][info ][gc] GC(1030) Concurrent Abortable Preclean 0,012ms
[2021-04-30T09:35:56.339+0300][58,395s][debug][gc] GC(1030) YG occupancy: 35887 K (39296 K)
[2021-04-30T09:35:56.345+0300][58,402s][info ][gc] GC(1030) Pause Remark 120M->120M(123M) 6,318ms
[2021-04-30T09:35:56.345+0300][58,402s][info ][gc] GC(1030) Concurrent Sweep
[2021-04-30T09:35:56.357+0300][58,414s][debug][gc] GC(1030) Concurrent active time: 0,012ms
[2021-04-30T09:35:56.357+0300][58,414s][info ][gc] GC(1030) Concurrent Sweep 12,115ms
[2021-04-30T09:35:56.357+0300][58,414s][info ][gc] GC(1030) Concurrent Reset
[2021-04-30T09:35:56.357+0300][58,414s][debug][gc] GC(1030) Concurrent active time: 0,000ms
[2021-04-30T09:35:56.357+0300][58,414s][info ][gc] GC(1030) Concurrent Reset 0,066ms
[2021-04-30T09:35:56.418+0300][58,474s][info ][gc] GC(1032) Pause Full (Allocation Failure) 123M->98M(123M) 50,178ms
[2021-04-30T09:35:56.418+0300][58,474s][info ][gc] GC(1031) Pause Young (Allocation Failure) 123M->98M(123M) 50,251ms
[2021-04-30T09:35:56.421+0300][58,477s][info ][gc] GC(1033) Pause Initial Mark 99M->99M(123M) 2,751ms
[2021-04-30T09:35:56.421+0300][58,477s][info ][gc] GC(1033) Concurrent Mark
[2021-04-30T09:35:56.445+0300][58,501s][debug][gc] GC(1033) Concurrent active time: 0,024ms
[2021-04-30T09:35:56.445+0300][58,501s][info ][gc] GC(1033) Concurrent Mark 23,890ms
[2021-04-30T09:35:56.445+0300][58,501s][info ][gc] GC(1033) Concurrent Preclean
[2021-04-30T09:35:56.462+0300][58,519s][debug][gc] GC(1033) Concurrent active time: 0,018ms
[2021-04-30T09:35:56.463+0300][58,519s][info ][gc] GC(1033) Concurrent Preclean 17,733ms
[2021-04-30T09:35:56.463+0300][58,519s][info ][gc] GC(1033) Concurrent Abortable Preclean
[2021-04-30T09:35:56.463+0300][58,519s][debug][gc] GC(1033) Concurrent active time: 0,000ms
[2021-04-30T09:35:56.463+0300][58,519s][info ][gc] GC(1033) Concurrent Abortable Preclean 0,021ms
[2021-04-30T09:35:56.463+0300][58,519s][debug][gc] GC(1033) YG occupancy: 35865 K (39296 K)
[2021-04-30T09:35:56.469+0300][58,526s][info ][gc] GC(1033) Pause Remark 120M->120M(123M) 6,469ms
[2021-04-30T09:35:56.469+0300][58,526s][info ][gc] GC(1033) Concurrent Sweep
[2021-04-30T09:35:56.482+0300][58,538s][debug][gc] GC(1033) Concurrent active time: 0,012ms
[2021-04-30T09:35:56.482+0300][58,538s][info ][gc] GC(1033) Concurrent Sweep 12,464ms
[2021-04-30T09:35:56.482+0300][58,538s][info ][gc] GC(1033) Concurrent Reset
[2021-04-30T09:35:56.482+0300][58,538s][debug][gc] GC(1033) Concurrent active time: 0,000ms
[2021-04-30T09:35:56.482+0300][58,538s][info ][gc] GC(1033) Concurrent Reset 0,068ms
[2021-04-30T09:35:56.541+0300][58,598s][info ][gc] GC(1035) Pause Full (Allocation Failure) 123M->99M(123M) 48,847ms
[2021-04-30T09:35:56.541+0300][58,598s][info ][gc] GC(1034) Pause Young (Allocation Failure) 123M->99M(123M) 48,919ms
[2021-04-30T09:35:56.544+0300][58,600s][info ][gc] GC(1036) Pause Initial Mark 99M->99M(123M) 2,290ms
[2021-04-30T09:35:56.544+0300][58,600s][info ][gc] GC(1036) Concurrent Mark
[2021-04-30T09:35:56.566+0300][58,623s][debug][gc] GC(1036) Concurrent active time: 0,022ms
[2021-04-30T09:35:56.566+0300][58,623s][info ][gc] GC(1036) Concurrent Mark 22,499ms
[2021-04-30T09:35:56.566+0300][58,623s][info ][gc] GC(1036) Concurrent Preclean
[2021-04-30T09:35:56.584+0300][58,640s][debug][gc] GC(1036) Concurrent active time: 0,017ms
[2021-04-30T09:35:56.584+0300][58,640s][info ][gc] GC(1036) Concurrent Preclean 17,228ms
[2021-04-30T09:35:56.584+0300][58,640s][info ][gc] GC(1036) Concurrent Abortable Preclean
[2021-04-30T09:35:56.584+0300][58,640s][debug][gc] GC(1036) Concurrent active time: 0,000ms
[2021-04-30T09:35:56.584+0300][58,640s][info ][gc] GC(1036) Concurrent Abortable Preclean 0,012ms
[2021-04-30T09:35:56.584+0300][58,640s][debug][gc] GC(1036) YG occupancy: 36123 K (39296 K)
[2021-04-30T09:35:56.590+0300][58,647s][info ][gc] GC(1036) Pause Remark 120M->120M(123M) 6,281ms
[2021-04-30T09:35:56.590+0300][58,647s][info ][gc] GC(1036) Concurrent Sweep
[2021-04-30T09:35:56.602+0300][58,658s][debug][gc] GC(1036) Concurrent active time: 0,012ms
[2021-04-30T09:35:56.602+0300][58,658s][info ][gc] GC(1036) Concurrent Sweep 11,714ms
[2021-04-30T09:35:56.602+0300][58,658s][info ][gc] GC(1036) Concurrent Reset
[2021-04-30T09:35:56.602+0300][58,658s][debug][gc] GC(1036) Concurrent active time: 0,000ms
[2021-04-30T09:35:56.602+0300][58,658s][info ][gc] GC(1036) Concurrent Reset 0,066ms
[2021-04-30T09:35:56.661+0300][58,718s][info ][gc] GC(1038) Pause Full (Allocation Failure) 123M->99M(123M) 51,983ms
[2021-04-30T09:35:56.662+0300][58,718s][info ][gc] GC(1037) Pause Young (Allocation Failure) 123M->99M(123M) 52,055ms
[2021-04-30T09:35:56.664+0300][58,720s][info ][gc] GC(1039) Pause Initial Mark 99M->99M(123M) 2,135ms
[2021-04-30T09:35:56.664+0300][58,721s][info ][gc] GC(1039) Concurrent Mark
[2021-04-30T09:35:56.686+0300][58,743s][debug][gc] GC(1039) Concurrent active time: 0,023ms
[2021-04-30T09:35:56.687+0300][58,743s][info ][gc] GC(1039) Concurrent Mark 22,596ms
[2021-04-30T09:35:56.687+0300][58,743s][info ][gc] GC(1039) Concurrent Preclean
[2021-04-30T09:35:56.705+0300][58,762s][debug][gc] GC(1039) Concurrent active time: 0,019ms
[2021-04-30T09:35:56.705+0300][58,762s][info ][gc] GC(1039) Concurrent Preclean 18,580ms
[2021-04-30T09:35:56.705+0300][58,762s][info ][gc] GC(1039) Concurrent Abortable Preclean
[2021-04-30T09:35:56.705+0300][58,762s][debug][gc] GC(1039) Concurrent active time: 0,000ms
[2021-04-30T09:35:56.705+0300][58,762s][info ][gc] GC(1039) Concurrent Abortable Preclean 0,022ms
[2021-04-30T09:35:56.705+0300][58,762s][debug][gc] GC(1039) YG occupancy: 36178 K (39296 K)
[2021-04-30T09:35:56.711+0300][58,768s][info ][gc] GC(1039) Pause Remark 120M->120M(123M) 6,123ms
[2021-04-30T09:35:56.711+0300][58,768s][info ][gc] GC(1039) Concurrent Sweep
[2021-04-30T09:35:56.724+0300][58,781s][debug][gc] GC(1039) Concurrent active time: 0,013ms
[2021-04-30T09:35:56.724+0300][58,781s][info ][gc] GC(1039) Concurrent Sweep 12,792ms
[2021-04-30T09:35:56.724+0300][58,781s][info ][gc] GC(1039) Concurrent Reset
[2021-04-30T09:35:56.725+0300][58,781s][debug][gc] GC(1039) Concurrent active time: 0,000ms
[2021-04-30T09:35:56.725+0300][58,781s][info ][gc] GC(1039) Concurrent Reset 0,275ms
[2021-04-30T09:35:56.788+0300][58,845s][info ][gc] GC(1041) Pause Full (Allocation Failure) 123M->99M(123M) 53,644ms
[2021-04-30T09:35:56.788+0300][58,845s][info ][gc] GC(1040) Pause Young (Allocation Failure) 123M->99M(123M) 53,718ms
[2021-04-30T09:35:56.791+0300][58,848s][info ][gc] GC(1042) Pause Initial Mark 100M->100M(123M) 2,339ms
[2021-04-30T09:35:56.791+0300][58,848s][info ][gc] GC(1042) Concurrent Mark
[2021-04-30T09:35:56.818+0300][58,875s][debug][gc] GC(1042) Concurrent active time: 0,027ms
[2021-04-30T09:35:56.819+0300][58,875s][info ][gc] GC(1042) Concurrent Mark 27,462ms
[2021-04-30T09:35:56.819+0300][58,875s][info ][gc] GC(1042) Concurrent Preclean
[2021-04-30T09:35:56.840+0300][58,897s][debug][gc] GC(1042) Concurrent active time: 0,021ms
[2021-04-30T09:35:56.840+0300][58,897s][info ][gc] GC(1042) Concurrent Preclean 21,444ms
[2021-04-30T09:35:56.840+0300][58,897s][info ][gc] GC(1042) Concurrent Abortable Preclean
[2021-04-30T09:35:56.840+0300][58,897s][debug][gc] GC(1042) Concurrent active time: 0,000ms
[2021-04-30T09:35:56.840+0300][58,897s][info ][gc] GC(1042) Concurrent Abortable Preclean 0,024ms
[2021-04-30T09:35:56.840+0300][58,897s][debug][gc] GC(1042) YG occupancy: 36058 K (39296 K)
[2021-04-30T09:35:56.846+0300][58,903s][info ][gc] GC(1042) Pause Remark 120M->120M(123M) 6,175ms
[2021-04-30T09:35:56.846+0300][58,903s][info ][gc] GC(1042) Concurrent Sweep
[2021-04-30T09:35:56.862+0300][58,919s][debug][gc] GC(1042) Concurrent active time: 0,016ms
[2021-04-30T09:35:56.862+0300][58,919s][info ][gc] GC(1042) Concurrent Sweep 16,121ms
[2021-04-30T09:35:56.863+0300][58,919s][info ][gc] GC(1042) Concurrent Reset
[2021-04-30T09:35:56.863+0300][58,919s][debug][gc] GC(1042) Concurrent active time: 0,000ms
[2021-04-30T09:35:56.863+0300][58,919s][info ][gc] GC(1042) Concurrent Reset 0,094ms
[2021-04-30T09:35:56.922+0300][58,978s][info ][gc] GC(1044) Pause Full (Allocation Failure) 123M->100M(123M) 55,502ms
[2021-04-30T09:35:56.922+0300][58,978s][info ][gc] GC(1043) Pause Young (Allocation Failure) 123M->100M(123M) 55,583ms
[2021-04-30T09:35:56.925+0300][58,981s][info ][gc] GC(1045) Pause Initial Mark 100M->100M(123M) 2,629ms
[2021-04-30T09:35:56.925+0300][58,981s][info ][gc] GC(1045) Concurrent Mark
[2021-04-30T09:35:56.954+0300][59,010s][debug][gc] GC(1045) Concurrent active time: 0,029ms
[2021-04-30T09:35:56.954+0300][59,010s][info ][gc] GC(1045) Concurrent Mark 29,132ms
[2021-04-30T09:35:56.954+0300][59,011s][info ][gc] GC(1045) Concurrent Preclean
[2021-04-30T09:35:56.971+0300][59,027s][debug][gc] GC(1045) Concurrent active time: 0,017ms
[2021-04-30T09:35:56.971+0300][59,027s][info ][gc] GC(1045) Concurrent Preclean 16,968ms
[2021-04-30T09:35:56.971+0300][59,027s][info ][gc] GC(1045) Concurrent Abortable Preclean
[2021-04-30T09:35:56.971+0300][59,027s][debug][gc] GC(1045) Concurrent active time: 0,000ms
[2021-04-30T09:35:56.971+0300][59,027s][info ][gc] GC(1045) Concurrent Abortable Preclean 0,012ms
[2021-04-30T09:35:56.971+0300][59,028s][debug][gc] GC(1045) YG occupancy: 36535 K (39296 K)
[2021-04-30T09:35:56.977+0300][59,034s][info ][gc] GC(1045) Pause Remark 121M->121M(123M) 6,229ms
[2021-04-30T09:35:56.977+0300][59,034s][info ][gc] GC(1045) Concurrent Sweep
[2021-04-30T09:35:56.990+0300][59,047s][debug][gc] GC(1045) Concurrent active time: 0,013ms
[2021-04-30T09:35:56.990+0300][59,047s][info ][gc] GC(1045) Concurrent Sweep 13,106ms
[2021-04-30T09:35:56.990+0300][59,047s][info ][gc] GC(1045) Concurrent Reset
[2021-04-30T09:35:56.991+0300][59,047s][debug][gc] GC(1045) Concurrent active time: 0,000ms
[2021-04-30T09:35:56.991+0300][59,047s][info ][gc] GC(1045) Concurrent Reset 0,066ms
[2021-04-30T09:35:57.050+0300][59,106s][info ][gc] GC(1047) Pause Full (Allocation Failure) 123M->100M(123M) 52,922ms
[2021-04-30T09:35:57.050+0300][59,106s][info ][gc] GC(1046) Pause Young (Allocation Failure) 123M->100M(123M) 52,999ms
[2021-04-30T09:35:57.053+0300][59,109s][info ][gc] GC(1048) Pause Initial Mark 101M->101M(123M) 2,931ms
[2021-04-30T09:35:57.053+0300][59,110s][info ][gc] GC(1048) Concurrent Mark
[2021-04-30T09:35:57.075+0300][59,132s][debug][gc] GC(1048) Concurrent active time: 0,022ms
[2021-04-30T09:35:57.075+0300][59,132s][info ][gc] GC(1048) Concurrent Mark 21,942ms
[2021-04-30T09:35:57.075+0300][59,132s][info ][gc] GC(1048) Concurrent Preclean
[2021-04-30T09:35:57.092+0300][59,148s][debug][gc] GC(1048) Concurrent active time: 0,017ms
[2021-04-30T09:35:57.092+0300][59,148s][info ][gc] GC(1048) Concurrent Preclean 16,720ms
[2021-04-30T09:35:57.092+0300][59,148s][info ][gc] GC(1048) Concurrent Abortable Preclean
[2021-04-30T09:35:57.092+0300][59,148s][debug][gc] GC(1048) Concurrent active time: 0,000ms
[2021-04-30T09:35:57.092+0300][59,148s][info ][gc] GC(1048) Concurrent Abortable Preclean 0,012ms
[2021-04-30T09:35:57.092+0300][59,148s][debug][gc] GC(1048) YG occupancy: 36057 K (39296 K)
[2021-04-30T09:35:57.098+0300][59,155s][info ][gc] GC(1048) Pause Remark 120M->120M(123M) 6,286ms
[2021-04-30T09:35:57.098+0300][59,155s][info ][gc] GC(1048) Concurrent Sweep
[2021-04-30T09:35:57.110+0300][59,167s][debug][gc] GC(1048) Concurrent active time: 0,012ms
[2021-04-30T09:35:57.110+0300][59,167s][info ][gc] GC(1048) Concurrent Sweep 12,217ms
[2021-04-30T09:35:57.110+0300][59,167s][info ][gc] GC(1048) Concurrent Reset
[2021-04-30T09:35:57.110+0300][59,167s][debug][gc] GC(1048) Concurrent active time: 0,000ms
[2021-04-30T09:35:57.111+0300][59,167s][info ][gc] GC(1048) Concurrent Reset 0,065ms
[2021-04-30T09:35:57.168+0300][59,224s][info ][gc] GC(1050) Pause Full (Allocation Failure) 123M->100M(123M) 48,860ms
[2021-04-30T09:35:57.168+0300][59,224s][info ][gc] GC(1049) Pause Young (Allocation Failure) 123M->100M(123M) 48,931ms
[2021-04-30T09:35:57.171+0300][59,227s][info ][gc] GC(1051) Pause Initial Mark 101M->101M(123M) 2,575ms
[2021-04-30T09:35:57.171+0300][59,227s][info ][gc] GC(1051) Concurrent Mark
[2021-04-30T09:35:57.199+0300][59,256s][debug][gc] GC(1051) Concurrent active time: 0,028ms
[2021-04-30T09:35:57.199+0300][59,256s][info ][gc] GC(1051) Concurrent Mark 28,303ms
[2021-04-30T09:35:57.199+0300][59,256s][info ][gc] GC(1051) Concurrent Preclean
[2021-04-30T09:35:57.217+0300][59,273s][debug][gc] GC(1051) Concurrent active time: 0,018ms
[2021-04-30T09:35:57.217+0300][59,273s][info ][gc] GC(1051) Concurrent Preclean 17,636ms
[2021-04-30T09:35:57.217+0300][59,273s][info ][gc] GC(1051) Concurrent Abortable Preclean
[2021-04-30T09:35:57.217+0300][59,273s][debug][gc] GC(1051) Concurrent active time: 0,000ms
[2021-04-30T09:35:57.217+0300][59,273s][info ][gc] GC(1051) Concurrent Abortable Preclean 0,012ms
[2021-04-30T09:35:57.217+0300][59,273s][debug][gc] GC(1051) YG occupancy: 37633 K (39296 K)
[2021-04-30T09:35:57.230+0300][59,286s][info ][gc] GC(1051) Pause Remark 122M->122M(123M) 12,816ms
[2021-04-30T09:35:57.230+0300][59,286s][info ][gc] GC(1051) Concurrent Sweep
[2021-04-30T09:35:57.242+0300][59,298s][debug][gc] GC(1051) Concurrent active time: 0,012ms
[2021-04-30T09:35:57.242+0300][59,298s][info ][gc] GC(1051) Concurrent Sweep 12,267ms
[2021-04-30T09:35:57.242+0300][59,298s][info ][gc] GC(1051) Concurrent Reset
[2021-04-30T09:35:57.242+0300][59,298s][debug][gc] GC(1051) Concurrent active time: 0,000ms
[2021-04-30T09:35:57.242+0300][59,299s][info ][gc] GC(1051) Concurrent Reset 0,068ms
[2021-04-30T09:35:57.292+0300][59,348s][info ][gc] GC(1053) Pause Full (Allocation Failure) 123M->101M(123M) 49,113ms
[2021-04-30T09:35:57.292+0300][59,348s][info ][gc] GC(1052) Pause Young (Allocation Failure) 123M->101M(123M) 49,189ms
[2021-04-30T09:35:57.294+0300][59,351s][info ][gc] GC(1054) Pause Initial Mark 101M->101M(123M) 2,532ms
[2021-04-30T09:35:57.295+0300][59,351s][info ][gc] GC(1054) Concurrent Mark
[2021-04-30T09:35:57.316+0300][59,373s][debug][gc] GC(1054) Concurrent active time: 0,021ms
[2021-04-30T09:35:57.316+0300][59,373s][info ][gc] GC(1054) Concurrent Mark 21,475ms
[2021-04-30T09:35:57.316+0300][59,373s][info ][gc] GC(1054) Concurrent Preclean
[2021-04-30T09:35:57.334+0300][59,390s][debug][gc] GC(1054) Concurrent active time: 0,018ms
[2021-04-30T09:35:57.334+0300][59,390s][info ][gc] GC(1054) Concurrent Preclean 17,644ms
[2021-04-30T09:35:57.334+0300][59,390s][info ][gc] GC(1054) Concurrent Abortable Preclean
[2021-04-30T09:35:57.334+0300][59,390s][debug][gc] GC(1054) Concurrent active time: 0,000ms
[2021-04-30T09:35:57.334+0300][59,390s][info ][gc] GC(1054) Concurrent Abortable Preclean 0,012ms
[2021-04-30T09:35:57.334+0300][59,390s][debug][gc] GC(1054) YG occupancy: 36084 K (39296 K)
[2021-04-30T09:35:57.340+0300][59,397s][info ][gc] GC(1054) Pause Remark 120M->120M(123M) 6,707ms
[2021-04-30T09:35:57.340+0300][59,397s][info ][gc] GC(1054) Concurrent Sweep
[2021-04-30T09:35:57.354+0300][59,411s][debug][gc] GC(1054) Concurrent active time: 0,014ms
[2021-04-30T09:35:57.355+0300][59,411s][info ][gc] GC(1054) Concurrent Sweep 14,026ms
[2021-04-30T09:35:57.355+0300][59,411s][info ][gc] GC(1054) Concurrent Reset
[2021-04-30T09:35:57.355+0300][59,411s][debug][gc] GC(1054) Concurrent active time: 0,000ms
[2021-04-30T09:35:57.355+0300][59,411s][info ][gc] GC(1054) Concurrent Reset 0,067ms
[2021-04-30T09:35:57.416+0300][59,473s][info ][gc] GC(1056) Pause Full (Allocation Failure) 123M->101M(123M) 52,262ms
[2021-04-30T09:35:57.416+0300][59,473s][info ][gc] GC(1055) Pause Young (Allocation Failure) 123M->101M(123M) 52,337ms
[2021-04-30T09:35:57.419+0300][59,476s][info ][gc] GC(1057) Pause Initial Mark 102M->102M(123M) 2,723ms
[2021-04-30T09:35:57.419+0300][59,476s][info ][gc] GC(1057) Concurrent Mark
[2021-04-30T09:35:57.445+0300][59,501s][debug][gc] GC(1057) Concurrent active time: 0,026ms
[2021-04-30T09:35:57.445+0300][59,501s][info ][gc] GC(1057) Concurrent Mark 25,576ms
[2021-04-30T09:35:57.445+0300][59,501s][info ][gc] GC(1057) Concurrent Preclean
[2021-04-30T09:35:57.461+0300][59,518s][debug][gc] GC(1057) Concurrent active time: 0,016ms
[2021-04-30T09:35:57.461+0300][59,518s][info ][gc] GC(1057) Concurrent Preclean 16,154ms
[2021-04-30T09:35:57.461+0300][59,518s][info ][gc] GC(1057) Concurrent Abortable Preclean
[2021-04-30T09:35:57.461+0300][59,518s][debug][gc] GC(1057) Concurrent active time: 0,000ms
[2021-04-30T09:35:57.461+0300][59,518s][info ][gc] GC(1057) Concurrent Abortable Preclean 0,012ms
[2021-04-30T09:35:57.461+0300][59,518s][debug][gc] GC(1057) YG occupancy: 37056 K (39296 K)
[2021-04-30T09:35:57.467+0300][59,524s][info ][gc] GC(1057) Pause Remark 121M->121M(123M) 5,967ms
[2021-04-30T09:35:57.467+0300][59,524s][info ][gc] GC(1057) Concurrent Sweep
[2021-04-30T09:35:57.480+0300][59,536s][debug][gc] GC(1057) Concurrent active time: 0,013ms
[2021-04-30T09:35:57.480+0300][59,536s][info ][gc] GC(1057) Concurrent Sweep 12,605ms
[2021-04-30T09:35:57.480+0300][59,536s][info ][gc] GC(1057) Concurrent Reset
[2021-04-30T09:35:57.480+0300][59,536s][debug][gc] GC(1057) Concurrent active time: 0,000ms
[2021-04-30T09:35:57.480+0300][59,536s][info ][gc] GC(1057) Concurrent Reset 0,066ms
[2021-04-30T09:35:57.533+0300][59,589s][info ][gc] GC(1059) Pause Full (Allocation Failure) 123M->102M(123M) 51,454ms
[2021-04-30T09:35:57.533+0300][59,589s][info ][gc] GC(1058) Pause Young (Allocation Failure) 123M->102M(123M) 51,524ms
[2021-04-30T09:35:57.535+0300][59,592s][info ][gc] GC(1060) Pause Initial Mark 102M->102M(123M) 2,553ms
[2021-04-30T09:35:57.536+0300][59,592s][info ][gc] GC(1060) Concurrent Mark
[2021-04-30T09:35:57.558+0300][59,614s][debug][gc] GC(1060) Concurrent active time: 0,022ms
[2021-04-30T09:35:57.558+0300][59,614s][info ][gc] GC(1060) Concurrent Mark 22,134ms
[2021-04-30T09:35:57.558+0300][59,614s][info ][gc] GC(1060) Concurrent Preclean
[2021-04-30T09:35:57.574+0300][59,631s][debug][gc] GC(1060) Concurrent active time: 0,016ms
[2021-04-30T09:35:57.574+0300][59,631s][info ][gc] GC(1060) Concurrent Preclean 16,266ms
[2021-04-30T09:35:57.574+0300][59,631s][info ][gc] GC(1060) Concurrent Abortable Preclean
[2021-04-30T09:35:57.574+0300][59,631s][debug][gc] GC(1060) Concurrent active time: 0,000ms
[2021-04-30T09:35:57.574+0300][59,631s][info ][gc] GC(1060) Concurrent Abortable Preclean 0,012ms
[2021-04-30T09:35:57.574+0300][59,631s][debug][gc] GC(1060) YG occupancy: 36552 K (39296 K)
[2021-04-30T09:35:57.580+0300][59,636s][info ][gc] GC(1060) Pause Remark 121M->121M(123M) 5,721ms
[2021-04-30T09:35:57.580+0300][59,636s][info ][gc] GC(1060) Concurrent Sweep
[2021-04-30T09:35:57.593+0300][59,649s][debug][gc] GC(1060) Concurrent active time: 0,013ms
[2021-04-30T09:35:57.593+0300][59,649s][info ][gc] GC(1060) Concurrent Sweep 12,822ms
[2021-04-30T09:35:57.593+0300][59,649s][info ][gc] GC(1060) Concurrent Reset
[2021-04-30T09:35:57.593+0300][59,649s][debug][gc] GC(1060) Concurrent active time: 0,000ms
[2021-04-30T09:35:57.593+0300][59,649s][info ][gc] GC(1060) Concurrent Reset 0,067ms
[2021-04-30T09:35:57.652+0300][59,709s][info ][gc] GC(1062) Pause Full (Allocation Failure) 123M->102M(123M) 54,893ms
[2021-04-30T09:35:57.652+0300][59,709s][info ][gc] GC(1061) Pause Young (Allocation Failure) 123M->102M(123M) 54,963ms
[2021-04-30T09:35:57.656+0300][59,712s][info ][gc] GC(1063) Pause Initial Mark 102M->102M(123M) 3,240ms
[2021-04-30T09:35:57.656+0300][59,712s][info ][gc] GC(1063) Concurrent Mark
[2021-04-30T09:35:57.679+0300][59,735s][debug][gc] GC(1063) Concurrent active time: 0,023ms
[2021-04-30T09:35:57.679+0300][59,735s][info ][gc] GC(1063) Concurrent Mark 23,158ms
[2021-04-30T09:35:57.679+0300][59,735s][info ][gc] GC(1063) Concurrent Preclean
[2021-04-30T09:35:57.696+0300][59,752s][debug][gc] GC(1063) Concurrent active time: 0,017ms
[2021-04-30T09:35:57.696+0300][59,752s][info ][gc] GC(1063) Concurrent Preclean 16,983ms
[2021-04-30T09:35:57.696+0300][59,752s][info ][gc] GC(1063) Concurrent Abortable Preclean
[2021-04-30T09:35:57.696+0300][59,752s][debug][gc] GC(1063) Concurrent active time: 0,000ms
[2021-04-30T09:35:57.696+0300][59,752s][info ][gc] GC(1063) Concurrent Abortable Preclean 0,012ms
[2021-04-30T09:35:57.696+0300][59,753s][debug][gc] GC(1063) YG occupancy: 36640 K (39296 K)
[2021-04-30T09:35:57.702+0300][59,759s][info ][gc] GC(1063) Pause Remark 121M->121M(123M) 6,122ms
[2021-04-30T09:35:57.702+0300][59,759s][info ][gc] GC(1063) Concurrent Sweep
[2021-04-30T09:35:57.714+0300][59,770s][debug][gc] GC(1063) Concurrent active time: 0,012ms
[2021-04-30T09:35:57.714+0300][59,770s][info ][gc] GC(1063) Concurrent Sweep 11,650ms
[2021-04-30T09:35:57.714+0300][59,770s][info ][gc] GC(1063) Concurrent Reset
[2021-04-30T09:35:57.714+0300][59,770s][debug][gc] GC(1063) Concurrent active time: 0,000ms
[2021-04-30T09:35:57.714+0300][59,770s][info ][gc] GC(1063) Concurrent Reset 0,066ms
[2021-04-30T09:35:57.770+0300][59,827s][info ][gc] GC(1065) Pause Full (Allocation Failure) 123M->102M(123M) 51,471ms
[2021-04-30T09:35:57.770+0300][59,827s][info ][gc] GC(1064) Pause Young (Allocation Failure) 123M->102M(123M) 51,552ms
[2021-04-30T09:35:57.773+0300][59,830s][info ][gc] GC(1066) Pause Initial Mark 103M->103M(123M) 2,634ms
[2021-04-30T09:35:57.773+0300][59,830s][info ][gc] GC(1066) Concurrent Mark
[2021-04-30T09:35:57.795+0300][59,852s][debug][gc] GC(1066) Concurrent active time: 0,022ms
[2021-04-30T09:35:57.795+0300][59,852s][info ][gc] GC(1066) Concurrent Mark 22,408ms
[2021-04-30T09:35:57.795+0300][59,852s][info ][gc] GC(1066) Concurrent Preclean
[2021-04-30T09:35:57.812+0300][59,868s][debug][gc] GC(1066) Concurrent active time: 0,016ms
[2021-04-30T09:35:57.812+0300][59,868s][info ][gc] GC(1066) Concurrent Preclean 16,316ms
[2021-04-30T09:35:57.812+0300][59,868s][info ][gc] GC(1066) Concurrent Abortable Preclean
[2021-04-30T09:35:57.812+0300][59,868s][debug][gc] GC(1066) Concurrent active time: 0,000ms
[2021-04-30T09:35:57.812+0300][59,868s][info ][gc] GC(1066) Concurrent Abortable Preclean 0,013ms
[2021-04-30T09:35:57.812+0300][59,868s][debug][gc] GC(1066) YG occupancy: 36341 K (39296 K)
[2021-04-30T09:35:57.819+0300][59,875s][info ][gc] GC(1066) Pause Remark 120M->120M(123M) 6,998ms
[2021-04-30T09:35:57.819+0300][59,876s][info ][gc] GC(1066) Concurrent Sweep
[2021-04-30T09:35:57.832+0300][59,889s][debug][gc] GC(1066) Concurrent active time: 0,013ms
[2021-04-30T09:35:57.832+0300][59,889s][info ][gc] GC(1066) Concurrent Sweep 12,998ms
[2021-04-30T09:35:57.832+0300][59,889s][info ][gc] GC(1066) Concurrent Reset
[2021-04-30T09:35:57.832+0300][59,889s][debug][gc] GC(1066) Concurrent active time: 0,000ms
[2021-04-30T09:35:57.832+0300][59,889s][info ][gc] GC(1066) Concurrent Reset 0,077ms
[2021-04-30T09:35:57.912+0300][59,968s][info ][gc] GC(1068) Pause Full (Allocation Failure) 123M->103M(123M) 73,992ms
[2021-04-30T09:35:57.912+0300][59,968s][info ][gc] GC(1067) Pause Young (Allocation Failure) 123M->103M(123M) 74,081ms
[2021-04-30T09:35:57.915+0300][59,971s][info ][gc] GC(1069) Pause Initial Mark 103M->103M(123M) 2,870ms
[2021-04-30T09:35:57.915+0300][59,972s][info ][gc] GC(1069) Concurrent Mark
[2021-04-30T09:35:57.941+0300][59,998s][debug][gc] GC(1069) Concurrent active time: 0,026ms
[2021-04-30T09:35:57.941+0300][59,998s][info ][gc] GC(1069) Concurrent Mark 26,217ms
[2021-04-30T09:35:57.941+0300][59,998s][info ][gc] GC(1069) Concurrent Preclean
[2021-04-30T09:35:57.964+0300][60,021s][debug][gc] GC(1069) Concurrent active time: 0,023ms
[2021-04-30T09:35:57.964+0300][60,021s][info ][gc] GC(1069) Concurrent Preclean 23,303ms
[2021-04-30T09:35:57.964+0300][60,021s][info ][gc] GC(1069) Concurrent Abortable Preclean
[2021-04-30T09:35:57.965+0300][60,021s][debug][gc] GC(1069) Concurrent active time: 0,000ms
[2021-04-30T09:35:57.965+0300][60,021s][info ][gc] GC(1069) Concurrent Abortable Preclean 0,012ms
[2021-04-30T09:35:57.965+0300][60,021s][debug][gc] GC(1069) YG occupancy: 36851 K (39296 K)
[2021-04-30T09:35:57.971+0300][60,028s][info ][gc] GC(1069) Pause Remark 121M->121M(123M) 6,713ms
[2021-04-30T09:35:57.971+0300][60,028s][info ][gc] GC(1069) Concurrent Sweep
[2021-04-30T09:35:57.984+0300][60,041s][debug][gc] GC(1069) Concurrent active time: 0,013ms
[2021-04-30T09:35:57.984+0300][60,041s][info ][gc] GC(1069) Concurrent Sweep 12,633ms
[2021-04-30T09:35:57.984+0300][60,041s][info ][gc] GC(1069) Concurrent Reset
[2021-04-30T09:35:57.984+0300][60,041s][debug][gc] GC(1069) Concurrent active time: 0,000ms
[2021-04-30T09:35:57.984+0300][60,041s][info ][gc] GC(1069) Concurrent Reset 0,068ms
[2021-04-30T09:35:58.042+0300][60,098s][info ][gc] GC(1071) Pause Full (Allocation Failure) 123M->103M(123M) 52,238ms
[2021-04-30T09:35:58.042+0300][60,098s][info ][gc] GC(1070) Pause Young (Allocation Failure) 123M->103M(123M) 52,310ms
[2021-04-30T09:35:58.045+0300][60,101s][info ][gc] GC(1072) Pause Initial Mark 103M->103M(123M) 2,841ms
[2021-04-30T09:35:58.045+0300][60,102s][info ][gc] GC(1072) Concurrent Mark
[2021-04-30T09:35:58.066+0300][60,122s][debug][gc] GC(1072) Concurrent active time: 0,021ms
[2021-04-30T09:35:58.066+0300][60,122s][info ][gc] GC(1072) Concurrent Mark 20,657ms
[2021-04-30T09:35:58.066+0300][60,122s][info ][gc] GC(1072) Concurrent Preclean
[2021-04-30T09:35:58.081+0300][60,138s][debug][gc] GC(1072) Concurrent active time: 0,016ms
[2021-04-30T09:35:58.081+0300][60,138s][info ][gc] GC(1072) Concurrent Preclean 15,566ms
[2021-04-30T09:35:58.081+0300][60,138s][info ][gc] GC(1072) Concurrent Abortable Preclean
[2021-04-30T09:35:58.081+0300][60,138s][debug][gc] GC(1072) Concurrent active time: 0,000ms
[2021-04-30T09:35:58.081+0300][60,138s][info ][gc] GC(1072) Concurrent Abortable Preclean 0,012ms
[2021-04-30T09:35:58.081+0300][60,138s][debug][gc] GC(1072) YG occupancy: 36857 K (39296 K)
[2021-04-30T09:35:58.087+0300][60,144s][info ][gc] GC(1072) Pause Remark 121M->121M(123M) 6,137ms
[2021-04-30T09:35:58.088+0300][60,144s][info ][gc] GC(1072) Concurrent Sweep
[2021-04-30T09:35:58.099+0300][60,156s][debug][gc] GC(1072) Concurrent active time: 0,012ms
[2021-04-30T09:35:58.099+0300][60,156s][info ][gc] GC(1072) Concurrent Sweep 11,551ms
[2021-04-30T09:35:58.099+0300][60,156s][info ][gc] GC(1072) Concurrent Reset
[2021-04-30T09:35:58.099+0300][60,156s][debug][gc] GC(1072) Concurrent active time: 0,000ms
[2021-04-30T09:35:58.099+0300][60,156s][info ][gc] GC(1072) Concurrent Reset 0,064ms
[2021-04-30T09:35:58.155+0300][60,211s][info ][gc] GC(1074) Pause Full (Allocation Failure) 123M->103M(123M) 50,612ms
[2021-04-30T09:35:58.155+0300][60,211s][info ][gc] GC(1073) Pause Young (Allocation Failure) 123M->103M(123M) 50,691ms
[2021-04-30T09:35:58.158+0300][60,215s][info ][gc] GC(1075) Pause Initial Mark 104M->104M(123M) 2,974ms
[2021-04-30T09:35:58.158+0300][60,215s][info ][gc] GC(1075) Concurrent Mark
[2021-04-30T09:35:58.186+0300][60,242s][debug][gc] GC(1075) Concurrent active time: 0,028ms
[2021-04-30T09:35:58.186+0300][60,242s][info ][gc] GC(1075) Concurrent Mark 27,702ms
[2021-04-30T09:35:58.186+0300][60,242s][info ][gc] GC(1075) Concurrent Preclean
[2021-04-30T09:35:58.203+0300][60,259s][debug][gc] GC(1075) Concurrent active time: 0,017ms
[2021-04-30T09:35:58.203+0300][60,259s][info ][gc] GC(1075) Concurrent Preclean 16,818ms
[2021-04-30T09:35:58.203+0300][60,259s][info ][gc] GC(1075) Concurrent Abortable Preclean
[2021-04-30T09:35:58.203+0300][60,259s][debug][gc] GC(1075) Concurrent active time: 0,000ms
[2021-04-30T09:35:58.203+0300][60,259s][info ][gc] GC(1075) Concurrent Abortable Preclean 0,012ms
[2021-04-30T09:35:58.203+0300][60,259s][debug][gc] GC(1075) YG occupancy: 37840 K (39296 K)
[2021-04-30T09:35:58.209+0300][60,266s][info ][gc] GC(1075) Pause Remark 122M->122M(123M) 6,463ms
[2021-04-30T09:35:58.209+0300][60,266s][info ][gc] GC(1075) Concurrent Sweep
[2021-04-30T09:35:58.222+0300][60,279s][debug][gc] GC(1075) Concurrent active time: 0,013ms
[2021-04-30T09:35:58.222+0300][60,279s][info ][gc] GC(1075) Concurrent Sweep 12,719ms
[2021-04-30T09:35:58.222+0300][60,279s][debug][gc] GC(1076) Concurrent mode failure
[2021-04-30T09:35:58.276+0300][60,333s][info ][gc] GC(1076) Pause Full (Allocation Failure) 123M->104M(123M) 57,341ms
[2021-04-30T09:35:58.384+0300][60,440s][info ][gc] GC(1077) Pause Full (Allocation Failure) 123M->104M(123M) 54,468ms
[2021-04-30T09:35:58.387+0300][60,444s][info ][gc] GC(1078) Pause Initial Mark 104M->104M(123M) 3,043ms
[2021-04-30T09:35:58.387+0300][60,444s][info ][gc] GC(1078) Concurrent Mark
[2021-04-30T09:35:58.413+0300][60,469s][debug][gc] GC(1078) Concurrent active time: 0,026ms
[2021-04-30T09:35:58.413+0300][60,470s][info ][gc] GC(1078) Concurrent Mark 25,727ms
[2021-04-30T09:35:58.413+0300][60,470s][info ][gc] GC(1078) Concurrent Preclean
[2021-04-30T09:35:58.431+0300][60,487s][debug][gc] GC(1078) Concurrent active time: 0,018ms
[2021-04-30T09:35:58.431+0300][60,487s][info ][gc] GC(1078) Concurrent Preclean 17,707ms
[2021-04-30T09:35:58.431+0300][60,487s][info ][gc] GC(1078) Concurrent Abortable Preclean
[2021-04-30T09:35:58.431+0300][60,487s][debug][gc] GC(1078) Concurrent active time: 0,000ms
[2021-04-30T09:35:58.431+0300][60,487s][info ][gc] GC(1078) Concurrent Abortable Preclean 0,012ms
[2021-04-30T09:35:58.431+0300][60,487s][debug][gc] GC(1078) YG occupancy: 37852 K (39296 K)
[2021-04-30T09:35:58.437+0300][60,494s][info ][gc] GC(1078) Pause Remark 122M->122M(123M) 6,242ms
[2021-04-30T09:35:58.437+0300][60,494s][info ][gc] GC(1078) Concurrent Sweep
[2021-04-30T09:35:58.449+0300][60,506s][debug][gc] GC(1078) Concurrent active time: 0,012ms
[2021-04-30T09:35:58.449+0300][60,506s][info ][gc] GC(1078) Concurrent Sweep 11,887ms
[2021-04-30T09:35:58.449+0300][60,506s][debug][gc] GC(1079) Concurrent mode failure
[2021-04-30T09:35:58.499+0300][60,555s][info ][gc] GC(1079) Pause Full (Allocation Failure) 123M->104M(123M) 51,269ms
[2021-04-30T09:35:58.600+0300][60,656s][info ][gc] GC(1080) Pause Full (Allocation Failure) 123M->104M(123M) 51,946ms
[2021-04-30T09:35:58.603+0300][60,660s][info ][gc] GC(1081) Pause Initial Mark 105M->105M(123M) 3,258ms
[2021-04-30T09:35:58.603+0300][60,660s][info ][gc] GC(1081) Concurrent Mark
[2021-04-30T09:35:58.630+0300][60,687s][debug][gc] GC(1081) Concurrent active time: 0,027ms
[2021-04-30T09:35:58.630+0300][60,687s][info ][gc] GC(1081) Concurrent Mark 27,161ms
[2021-04-30T09:35:58.630+0300][60,687s][info ][gc] GC(1081) Concurrent Preclean
[2021-04-30T09:35:58.646+0300][60,703s][debug][gc] GC(1081) Concurrent active time: 0,016ms
[2021-04-30T09:35:58.646+0300][60,703s][info ][gc] GC(1081) Concurrent Preclean 15,864ms
[2021-04-30T09:35:58.646+0300][60,703s][info ][gc] GC(1081) Concurrent Abortable Preclean
[2021-04-30T09:35:58.646+0300][60,703s][debug][gc] GC(1081) Concurrent active time: 0,000ms
[2021-04-30T09:35:58.646+0300][60,703s][info ][gc] GC(1081) Concurrent Abortable Preclean 0,012ms
[2021-04-30T09:35:58.646+0300][60,703s][debug][gc] GC(1081) YG occupancy: 37789 K (39296 K)
[2021-04-30T09:35:58.653+0300][60,709s][info ][gc] GC(1081) Pause Remark 122M->122M(123M) 6,404ms
[2021-04-30T09:35:58.653+0300][60,709s][info ][gc] GC(1081) Concurrent Sweep
[2021-04-30T09:35:58.667+0300][60,723s][debug][gc] GC(1081) Concurrent active time: 0,014ms
[2021-04-30T09:35:58.667+0300][60,723s][info ][gc] GC(1081) Concurrent Sweep 13,803ms
[2021-04-30T09:35:58.667+0300][60,723s][debug][gc] GC(1082) Concurrent mode failure
[2021-04-30T09:35:58.719+0300][60,775s][info ][gc] GC(1082) Pause Full (Allocation Failure) 123M->105M(123M) 56,586ms
[2021-04-30T09:35:58.816+0300][60,872s][info ][gc] GC(1083) Pause Full (Allocation Failure) 123M->105M(123M) 50,250ms
[2021-04-30T09:35:58.820+0300][60,876s][info ][gc] GC(1084) Pause Initial Mark 105M->105M(123M) 3,875ms
[2021-04-30T09:35:58.820+0300][60,876s][info ][gc] GC(1084) Concurrent Mark
[2021-04-30T09:35:58.844+0300][60,900s][debug][gc] GC(1084) Concurrent active time: 0,023ms
[2021-04-30T09:35:58.844+0300][60,900s][info ][gc] GC(1084) Concurrent Mark 24,055ms
[2021-04-30T09:35:58.844+0300][60,900s][info ][gc] GC(1084) Concurrent Preclean
[2021-04-30T09:35:58.861+0300][60,917s][debug][gc] GC(1084) Concurrent active time: 0,017ms
[2021-04-30T09:35:58.861+0300][60,917s][info ][gc] GC(1084) Concurrent Preclean 17,145ms
[2021-04-30T09:35:58.861+0300][60,917s][info ][gc] GC(1084) Concurrent Abortable Preclean
[2021-04-30T09:35:58.861+0300][60,917s][debug][gc] GC(1084) Concurrent active time: 0,000ms
[2021-04-30T09:35:58.861+0300][60,917s][info ][gc] GC(1084) Concurrent Abortable Preclean 0,012ms
[2021-04-30T09:35:58.861+0300][60,918s][debug][gc] GC(1084) YG occupancy: 36409 K (39296 K)
[2021-04-30T09:35:58.867+0300][60,924s][info ][gc] GC(1084) Pause Remark 120M->120M(123M) 6,157ms
[2021-04-30T09:35:58.867+0300][60,924s][info ][gc] GC(1084) Concurrent Sweep
[2021-04-30T09:35:58.879+0300][60,936s][debug][gc] GC(1084) Concurrent active time: 0,012ms
[2021-04-30T09:35:58.879+0300][60,936s][info ][gc] GC(1084) Concurrent Sweep 12,136ms
[2021-04-30T09:35:58.879+0300][60,936s][info ][gc] GC(1084) Concurrent Reset
[2021-04-30T09:35:58.879+0300][60,936s][debug][gc] GC(1084) Concurrent active time: 0,000ms
[2021-04-30T09:35:58.879+0300][60,936s][info ][gc] GC(1084) Concurrent Reset 0,067ms
[2021-04-30T09:35:58.948+0300][61,005s][info ][gc] GC(1086) Pause Full (Allocation Failure) 123M->105M(123M) 61,258ms
[2021-04-30T09:35:58.948+0300][61,005s][info ][gc] GC(1085) Pause Young (Allocation Failure) 123M->105M(123M) 61,392ms
[2021-04-30T09:35:58.955+0300][61,011s][info ][gc] GC(1087) Pause Initial Mark 106M->106M(123M) 5,701ms
[2021-04-30T09:35:58.955+0300][61,011s][info ][gc] GC(1087) Concurrent Mark
[2021-04-30T09:35:58.980+0300][61,036s][debug][gc] GC(1087) Concurrent active time: 0,025ms
[2021-04-30T09:35:58.980+0300][61,036s][info ][gc] GC(1087) Concurrent Mark 25,018ms
[2021-04-30T09:35:58.980+0300][61,036s][info ][gc] GC(1087) Concurrent Preclean
[2021-04-30T09:35:59.006+0300][61,062s][debug][gc] GC(1087) Concurrent active time: 0,026ms
[2021-04-30T09:35:59.006+0300][61,062s][info ][gc] GC(1087) Concurrent Preclean 26,063ms
[2021-04-30T09:35:59.006+0300][61,062s][info ][gc] GC(1087) Concurrent Abortable Preclean
[2021-04-30T09:35:59.006+0300][61,062s][debug][gc] GC(1087) Concurrent active time: 0,000ms
[2021-04-30T09:35:59.006+0300][61,062s][info ][gc] GC(1087) Concurrent Abortable Preclean 0,020ms
[2021-04-30T09:35:59.006+0300][61,063s][debug][gc] GC(1087) YG occupancy: 37651 K (39296 K)
[2021-04-30T09:35:59.013+0300][61,070s][info ][gc] GC(1087) Pause Remark 122M->122M(123M) 7,136ms
[2021-04-30T09:35:59.013+0300][61,070s][info ][gc] GC(1087) Concurrent Sweep
[2021-04-30T09:35:59.026+0300][61,082s][debug][gc] GC(1087) Concurrent active time: 0,012ms
[2021-04-30T09:35:59.026+0300][61,082s][info ][gc] GC(1087) Concurrent Sweep 12,469ms
[2021-04-30T09:35:59.026+0300][61,082s][debug][gc] GC(1088) Concurrent mode failure
[2021-04-30T09:35:59.076+0300][61,132s][info ][gc] GC(1088) Pause Full (Allocation Failure) 123M->106M(123M) 51,856ms
[2021-04-30T09:35:59.174+0300][61,231s][info ][gc] GC(1089) Pause Full (Allocation Failure) 123M->106M(123M) 49,905ms
[2021-04-30T09:35:59.178+0300][61,234s][info ][gc] GC(1090) Pause Initial Mark 106M->106M(123M) 3,275ms
[2021-04-30T09:35:59.178+0300][61,235s][info ][gc] GC(1090) Concurrent Mark
[2021-04-30T09:35:59.201+0300][61,257s][debug][gc] GC(1090) Concurrent active time: 0,023ms
[2021-04-30T09:35:59.201+0300][61,257s][info ][gc] GC(1090) Concurrent Mark 22,876ms
[2021-04-30T09:35:59.201+0300][61,257s][info ][gc] GC(1090) Concurrent Preclean
[2021-04-30T09:35:59.218+0300][61,275s][debug][gc] GC(1090) Concurrent active time: 0,017ms
[2021-04-30T09:35:59.218+0300][61,275s][info ][gc] GC(1090) Concurrent Preclean 17,448ms
[2021-04-30T09:35:59.218+0300][61,275s][info ][gc] GC(1090) Concurrent Abortable Preclean
[2021-04-30T09:35:59.218+0300][61,275s][debug][gc] GC(1090) Concurrent active time: 0,000ms
[2021-04-30T09:35:59.218+0300][61,275s][info ][gc] GC(1090) Concurrent Abortable Preclean 0,012ms
[2021-04-30T09:35:59.218+0300][61,275s][debug][gc] GC(1090) YG occupancy: 37823 K (39296 K)
[2021-04-30T09:35:59.224+0300][61,281s][info ][gc] GC(1090) Pause Remark 122M->122M(123M) 5,928ms
[2021-04-30T09:35:59.225+0300][61,281s][info ][gc] GC(1090) Concurrent Sweep
[2021-04-30T09:35:59.236+0300][61,293s][debug][gc] GC(1090) Concurrent active time: 0,012ms
[2021-04-30T09:35:59.236+0300][61,293s][info ][gc] GC(1090) Concurrent Sweep 11,929ms
[2021-04-30T09:35:59.236+0300][61,293s][debug][gc] GC(1091) Concurrent mode failure
[2021-04-30T09:35:59.290+0300][61,347s][info ][gc] GC(1091) Pause Full (Allocation Failure) 123M->106M(123M) 56,629ms
[2021-04-30T09:35:59.387+0300][61,444s][info ][gc] GC(1092) Pause Full (Allocation Failure) 123M->106M(123M) 50,945ms
[2021-04-30T09:35:59.391+0300][61,448s][info ][gc] GC(1093) Pause Initial Mark 107M->107M(123M) 3,422ms
[2021-04-30T09:35:59.391+0300][61,448s][info ][gc] GC(1093) Concurrent Mark
[2021-04-30T09:35:59.416+0300][61,472s][debug][gc] GC(1093) Concurrent active time: 0,024ms
[2021-04-30T09:35:59.416+0300][61,472s][info ][gc] GC(1093) Concurrent Mark 24,539ms
[2021-04-30T09:35:59.416+0300][61,472s][info ][gc] GC(1093) Concurrent Preclean
[2021-04-30T09:35:59.436+0300][61,492s][debug][gc] GC(1093) Concurrent active time: 0,020ms
[2021-04-30T09:35:59.436+0300][61,492s][info ][gc] GC(1093) Concurrent Preclean 20,108ms
[2021-04-30T09:35:59.436+0300][61,492s][info ][gc] GC(1093) Concurrent Abortable Preclean
[2021-04-30T09:35:59.436+0300][61,492s][debug][gc] GC(1093) Concurrent active time: 0,000ms
[2021-04-30T09:35:59.436+0300][61,492s][info ][gc] GC(1093) Concurrent Abortable Preclean 0,011ms
[2021-04-30T09:35:59.436+0300][61,493s][debug][gc] GC(1093) YG occupancy: 37788 K (39296 K)
[2021-04-30T09:35:59.442+0300][61,498s][info ][gc] GC(1093) Pause Remark 122M->122M(123M) 5,729ms
[2021-04-30T09:35:59.442+0300][61,498s][info ][gc] GC(1093) Concurrent Sweep
[2021-04-30T09:35:59.454+0300][61,511s][debug][gc] GC(1093) Concurrent active time: 0,012ms
[2021-04-30T09:35:59.454+0300][61,511s][info ][gc] GC(1093) Concurrent Sweep 12,627ms
[2021-04-30T09:35:59.455+0300][61,511s][debug][gc] GC(1094) Concurrent mode failure
[2021-04-30T09:35:59.506+0300][61,563s][info ][gc] GC(1094) Pause Full (Allocation Failure) 123M->107M(123M) 55,435ms
[2021-04-30T09:35:59.602+0300][61,659s][info ][gc] GC(1095) Pause Full (Allocation Failure) 123M->107M(123M) 49,859ms
[2021-04-30T09:35:59.607+0300][61,664s][info ][gc] GC(1096) Pause Initial Mark 107M->107M(123M) 4,480ms
[2021-04-30T09:35:59.607+0300][61,664s][info ][gc] GC(1096) Concurrent Mark
[2021-04-30T09:35:59.631+0300][61,688s][debug][gc] GC(1096) Concurrent active time: 0,024ms
[2021-04-30T09:35:59.631+0300][61,688s][info ][gc] GC(1096) Concurrent Mark 24,016ms
[2021-04-30T09:35:59.631+0300][61,688s][info ][gc] GC(1096) Concurrent Preclean
[2021-04-30T09:35:59.649+0300][61,705s][debug][gc] GC(1096) Concurrent active time: 0,017ms
[2021-04-30T09:35:59.649+0300][61,705s][info ][gc] GC(1096) Concurrent Preclean 17,541ms
[2021-04-30T09:35:59.649+0300][61,705s][info ][gc] GC(1096) Concurrent Abortable Preclean
[2021-04-30T09:35:59.649+0300][61,705s][debug][gc] GC(1096) Concurrent active time: 0,000ms
[2021-04-30T09:35:59.649+0300][61,706s][info ][gc] GC(1096) Concurrent Abortable Preclean 0,012ms
[2021-04-30T09:35:59.649+0300][61,706s][debug][gc] GC(1096) YG occupancy: 37307 K (39296 K)
[2021-04-30T09:35:59.655+0300][61,712s][info ][gc] GC(1096) Pause Remark 121M->121M(123M) 5,981ms
[2021-04-30T09:35:59.655+0300][61,712s][info ][gc] GC(1096) Concurrent Sweep
[2021-04-30T09:35:59.668+0300][61,724s][debug][gc] GC(1096) Concurrent active time: 0,012ms
[2021-04-30T09:35:59.668+0300][61,724s][info ][gc] GC(1096) Concurrent Sweep 12,548ms
[2021-04-30T09:35:59.668+0300][61,724s][info ][gc] GC(1096) Concurrent Reset
[2021-04-30T09:35:59.668+0300][61,724s][debug][gc] GC(1096) Concurrent active time: 0,000ms
[2021-04-30T09:35:59.668+0300][61,724s][info ][gc] GC(1096) Concurrent Reset 0,105ms
[2021-04-30T09:35:59.719+0300][61,775s][info ][gc] GC(1098) Pause Full (Allocation Failure) 123M->107M(123M) 50,698ms
[2021-04-30T09:35:59.719+0300][61,775s][info ][gc] GC(1097) Pause Young (Allocation Failure) 123M->107M(123M) 50,770ms
[2021-04-30T09:35:59.814+0300][61,871s][info ][gc] GC(1099) Pause Full (Allocation Failure) 123M->108M(123M) 50,786ms
[2021-04-30T09:35:59.818+0300][61,875s][info ][gc] GC(1100) Pause Initial Mark 108M->108M(123M) 3,642ms
[2021-04-30T09:35:59.818+0300][61,875s][info ][gc] GC(1100) Concurrent Mark
[2021-04-30T09:35:59.841+0300][61,898s][debug][gc] GC(1100) Concurrent active time: 0,021ms
[2021-04-30T09:35:59.841+0300][61,898s][info ][gc] GC(1100) Concurrent Mark 22,519ms
[2021-04-30T09:35:59.841+0300][61,898s][info ][gc] GC(1100) Concurrent Preclean
[2021-04-30T09:35:59.867+0300][61,924s][debug][gc] GC(1100) Concurrent active time: 0,026ms
[2021-04-30T09:35:59.868+0300][61,924s][info ][gc] GC(1100) Concurrent Preclean 26,539ms
[2021-04-30T09:35:59.868+0300][61,924s][info ][gc] GC(1100) Concurrent Abortable Preclean
[2021-04-30T09:35:59.868+0300][61,924s][debug][gc] GC(1100) Concurrent active time: 0,000ms
[2021-04-30T09:35:59.868+0300][61,924s][info ][gc] GC(1100) Concurrent Abortable Preclean 0,012ms
[2021-04-30T09:35:59.868+0300][61,924s][debug][gc] GC(1100) YG occupancy: 38277 K (39296 K)
[2021-04-30T09:35:59.874+0300][61,930s][info ][gc] GC(1100) Pause Remark 122M->122M(123M) 6,114ms
[2021-04-30T09:35:59.874+0300][61,930s][info ][gc] GC(1100) Concurrent Sweep
[2021-04-30T09:35:59.888+0300][61,945s][debug][gc] GC(1100) Concurrent active time: 0,014ms
[2021-04-30T09:35:59.888+0300][61,945s][info ][gc] GC(1100) Concurrent Sweep 14,174ms
[2021-04-30T09:35:59.888+0300][61,945s][debug][gc] GC(1101) Concurrent mode failure
[2021-04-30T09:35:59.946+0300][62,002s][info ][gc] GC(1101) Pause Full (Allocation Failure) 123M->108M(123M) 62,841ms
[2021-04-30T09:36:00.046+0300][62,103s][info ][gc] GC(1102) Pause Full (Allocation Failure) 123M->108M(123M) 53,365ms
[2021-04-30T09:36:00.050+0300][62,107s][info ][gc] GC(1103) Pause Initial Mark 108M->108M(123M) 3,648ms
[2021-04-30T09:36:00.050+0300][62,107s][info ][gc] GC(1103) Concurrent Mark
[2021-04-30T09:36:00.078+0300][62,134s][debug][gc] GC(1103) Concurrent active time: 0,027ms
[2021-04-30T09:36:00.078+0300][62,134s][info ][gc] GC(1103) Concurrent Mark 27,516ms
[2021-04-30T09:36:00.078+0300][62,134s][info ][gc] GC(1103) Concurrent Preclean
[2021-04-30T09:36:00.093+0300][62,150s][debug][gc] GC(1103) Concurrent active time: 0,015ms
[2021-04-30T09:36:00.093+0300][62,150s][info ][gc] GC(1103) Concurrent Preclean 15,517ms
[2021-04-30T09:36:00.093+0300][62,150s][info ][gc] GC(1103) Concurrent Abortable Preclean
[2021-04-30T09:36:00.093+0300][62,150s][debug][gc] GC(1103) Concurrent active time: 0,000ms
[2021-04-30T09:36:00.093+0300][62,150s][info ][gc] GC(1103) Concurrent Abortable Preclean 0,012ms
[2021-04-30T09:36:00.093+0300][62,150s][debug][gc] GC(1103) YG occupancy: 39142 K (39296 K)
[2021-04-30T09:36:00.099+0300][62,156s][info ][gc] GC(1103) Pause Remark 123M->123M(123M) 6,124ms
[2021-04-30T09:36:00.100+0300][62,156s][info ][gc] GC(1103) Concurrent Sweep
[2021-04-30T09:36:00.111+0300][62,168s][debug][gc] GC(1103) Concurrent active time: 0,012ms
[2021-04-30T09:36:00.111+0300][62,168s][info ][gc] GC(1103) Concurrent Sweep 11,841ms
[2021-04-30T09:36:00.111+0300][62,168s][debug][gc] GC(1104) Concurrent mode failure
[2021-04-30T09:36:00.164+0300][62,221s][info ][gc] GC(1104) Pause Full (Allocation Failure) 123M->108M(123M) 63,327ms
[2021-04-30T09:36:00.262+0300][62,319s][info ][gc] GC(1105) Pause Full (Allocation Failure) 123M->109M(123M) 51,518ms
[2021-04-30T09:36:00.267+0300][62,324s][info ][gc] GC(1106) Pause Initial Mark 109M->109M(123M) 4,472ms
[2021-04-30T09:36:00.267+0300][62,324s][info ][gc] GC(1106) Concurrent Mark
[2021-04-30T09:36:00.292+0300][62,349s][debug][gc] GC(1106) Concurrent active time: 0,025ms
[2021-04-30T09:36:00.292+0300][62,349s][info ][gc] GC(1106) Concurrent Mark 24,906ms
[2021-04-30T09:36:00.292+0300][62,349s][info ][gc] GC(1106) Concurrent Preclean
[2021-04-30T09:36:00.308+0300][62,364s][debug][gc] GC(1106) Concurrent active time: 0,016ms
[2021-04-30T09:36:00.308+0300][62,364s][info ][gc] GC(1106) Concurrent Preclean 15,950ms
[2021-04-30T09:36:00.308+0300][62,365s][info ][gc] GC(1106) Concurrent Abortable Preclean
[2021-04-30T09:36:00.308+0300][62,365s][debug][gc] GC(1106) Concurrent active time: 0,000ms
[2021-04-30T09:36:00.308+0300][62,365s][info ][gc] GC(1106) Concurrent Abortable Preclean 0,012ms
[2021-04-30T09:36:00.308+0300][62,365s][debug][gc] GC(1106) YG occupancy: 38791 K (39296 K)
[2021-04-30T09:36:00.314+0300][62,370s][info ][gc] GC(1106) Pause Remark 123M->123M(123M) 5,754ms
[2021-04-30T09:36:00.314+0300][62,371s][info ][gc] GC(1106) Concurrent Sweep
[2021-04-30T09:36:00.326+0300][62,383s][debug][gc] GC(1106) Concurrent active time: 0,012ms
[2021-04-30T09:36:00.326+0300][62,383s][info ][gc] GC(1106) Concurrent Sweep 12,396ms
[2021-04-30T09:36:00.326+0300][62,383s][debug][gc] GC(1107) Concurrent mode failure
[2021-04-30T09:36:00.377+0300][62,434s][info ][gc] GC(1107) Pause Full (Allocation Failure) 123M->109M(123M) 60,133ms
[2021-04-30T09:36:00.470+0300][62,527s][info ][gc] GC(1108) Pause Full (Allocation Failure) 123M->109M(123M) 50,406ms
[2021-04-30T09:36:00.474+0300][62,531s][info ][gc] GC(1109) Pause Initial Mark 109M->109M(123M) 3,725ms
[2021-04-30T09:36:00.474+0300][62,531s][info ][gc] GC(1109) Concurrent Mark
[2021-04-30T09:36:00.502+0300][62,558s][debug][gc] GC(1109) Concurrent active time: 0,027ms
[2021-04-30T09:36:00.502+0300][62,558s][info ][gc] GC(1109) Concurrent Mark 27,393ms
[2021-04-30T09:36:00.502+0300][62,558s][info ][gc] GC(1109) Concurrent Preclean
[2021-04-30T09:36:00.517+0300][62,574s][debug][gc] GC(1109) Concurrent active time: 0,015ms
[2021-04-30T09:36:00.517+0300][62,574s][info ][gc] GC(1109) Concurrent Preclean 15,501ms
[2021-04-30T09:36:00.517+0300][62,574s][info ][gc] GC(1109) Concurrent Abortable Preclean
[2021-04-30T09:36:00.517+0300][62,574s][debug][gc] GC(1109) Concurrent active time: 0,000ms
[2021-04-30T09:36:00.517+0300][62,574s][info ][gc] GC(1109) Concurrent Abortable Preclean 0,013ms
[2021-04-30T09:36:00.517+0300][62,574s][debug][gc] GC(1109) YG occupancy: 39168 K (39296 K)
[2021-04-30T09:36:00.523+0300][62,580s][info ][gc] GC(1109) Pause Remark 123M->123M(123M) 5,760ms
[2021-04-30T09:36:00.523+0300][62,580s][info ][gc] GC(1109) Concurrent Sweep
[2021-04-30T09:36:00.535+0300][62,592s][debug][gc] GC(1109) Concurrent active time: 0,012ms
[2021-04-30T09:36:00.535+0300][62,592s][info ][gc] GC(1109) Concurrent Sweep 12,149ms
[2021-04-30T09:36:00.536+0300][62,592s][debug][gc] GC(1110) Concurrent mode failure
[2021-04-30T09:36:00.587+0300][62,644s][info ][gc] GC(1110) Pause Full (Allocation Failure) 123M->109M(123M) 63,028ms
[2021-04-30T09:36:00.680+0300][62,736s][info ][gc] GC(1111) Pause Full (Allocation Failure) 123M->109M(123M) 50,993ms
[2021-04-30T09:36:00.684+0300][62,741s][info ][gc] GC(1112) Pause Initial Mark 110M->110M(123M) 4,121ms
[2021-04-30T09:36:00.684+0300][62,741s][info ][gc] GC(1112) Concurrent Mark
[2021-04-30T09:36:00.709+0300][62,766s][debug][gc] GC(1112) Concurrent active time: 0,025ms
[2021-04-30T09:36:00.709+0300][62,766s][info ][gc] GC(1112) Concurrent Mark 25,410ms
[2021-04-30T09:36:00.709+0300][62,766s][info ][gc] GC(1112) Concurrent Preclean
[2021-04-30T09:36:00.725+0300][62,781s][debug][gc] GC(1112) Concurrent active time: 0,015ms
[2021-04-30T09:36:00.725+0300][62,781s][info ][gc] GC(1112) Concurrent Preclean 15,441ms
[2021-04-30T09:36:00.725+0300][62,781s][info ][gc] GC(1112) Concurrent Abortable Preclean
[2021-04-30T09:36:00.725+0300][62,781s][debug][gc] GC(1112) Concurrent active time: 0,000ms
[2021-04-30T09:36:00.725+0300][62,781s][info ][gc] GC(1112) Concurrent Abortable Preclean 0,012ms
[2021-04-30T09:36:00.725+0300][62,782s][debug][gc] GC(1112) YG occupancy: 38943 K (39296 K)
[2021-04-30T09:36:00.731+0300][62,787s][info ][gc] GC(1112) Pause Remark 123M->123M(123M) 5,805ms
[2021-04-30T09:36:00.731+0300][62,788s][info ][gc] GC(1112) Concurrent Sweep
[2021-04-30T09:36:00.743+0300][62,799s][debug][gc] GC(1112) Concurrent active time: 0,012ms
[2021-04-30T09:36:00.743+0300][62,799s][info ][gc] GC(1112) Concurrent Sweep 11,904ms
[2021-04-30T09:36:00.743+0300][62,799s][debug][gc] GC(1113) Concurrent mode failure
[2021-04-30T09:36:00.795+0300][62,851s][info ][gc] GC(1113) Pause Full (Allocation Failure) 123M->110M(123M) 61,526ms
[2021-04-30T09:36:00.917+0300][62,974s][info ][gc] GC(1114) Pause Full (Allocation Failure) 123M->110M(123M) 74,484ms
[2021-04-30T09:36:00.922+0300][62,979s][info ][gc] GC(1115) Pause Initial Mark 110M->110M(123M) 4,552ms
[2021-04-30T09:36:00.922+0300][62,979s][info ][gc] GC(1115) Concurrent Mark
[2021-04-30T09:36:00.955+0300][63,011s][debug][gc] GC(1115) Concurrent active time: 0,032ms
[2021-04-30T09:36:00.955+0300][63,011s][info ][gc] GC(1115) Concurrent Mark 32,834ms
[2021-04-30T09:36:00.955+0300][63,011s][info ][gc] GC(1115) Concurrent Preclean
[2021-04-30T09:36:00.972+0300][63,029s][debug][gc] GC(1115) Concurrent active time: 0,017ms
[2021-04-30T09:36:00.972+0300][63,029s][info ][gc] GC(1115) Concurrent Preclean 17,213ms
[2021-04-30T09:36:00.972+0300][63,029s][info ][gc] GC(1115) Concurrent Abortable Preclean
[2021-04-30T09:36:00.972+0300][63,029s][debug][gc] GC(1115) Concurrent active time: 0,000ms
[2021-04-30T09:36:00.972+0300][63,029s][info ][gc] GC(1115) Concurrent Abortable Preclean 0,021ms
[2021-04-30T09:36:00.972+0300][63,029s][debug][gc] GC(1115) YG occupancy: 38584 K (39296 K)
[2021-04-30T09:36:00.978+0300][63,035s][info ][gc] GC(1115) Pause Remark 123M->123M(123M) 6,219ms
[2021-04-30T09:36:00.978+0300][63,035s][info ][gc] GC(1115) Concurrent Sweep
[2021-04-30T09:36:00.991+0300][63,048s][debug][gc] GC(1115) Concurrent active time: 0,013ms
[2021-04-30T09:36:00.991+0300][63,048s][info ][gc] GC(1115) Concurrent Sweep 12,976ms
[2021-04-30T09:36:00.992+0300][63,048s][debug][gc] GC(1116) Concurrent mode failure
[2021-04-30T09:36:01.043+0300][63,100s][info ][gc] GC(1116) Pause Full (Allocation Failure) 123M->110M(123M) 59,882ms
[2021-04-30T09:36:01.140+0300][63,197s][info ][gc] GC(1117) Pause Full (Allocation Failure) 123M->110M(123M) 55,059ms
[2021-04-30T09:36:01.145+0300][63,201s][info ][gc] GC(1118) Pause Initial Mark 111M->111M(123M) 4,103ms
[2021-04-30T09:36:01.145+0300][63,201s][info ][gc] GC(1118) Concurrent Mark
[2021-04-30T09:36:01.170+0300][63,226s][debug][gc] GC(1118) Concurrent active time: 0,025ms
[2021-04-30T09:36:01.170+0300][63,226s][info ][gc] GC(1118) Concurrent Mark 25,234ms
[2021-04-30T09:36:01.170+0300][63,226s][info ][gc] GC(1118) Concurrent Preclean
[2021-04-30T09:36:01.187+0300][63,243s][debug][gc] GC(1118) Concurrent active time: 0,017ms
[2021-04-30T09:36:01.187+0300][63,243s][info ][gc] GC(1118) Concurrent Preclean 16,706ms
[2021-04-30T09:36:01.187+0300][63,243s][info ][gc] GC(1118) Concurrent Abortable Preclean
[2021-04-30T09:36:01.187+0300][63,243s][debug][gc] GC(1118) Concurrent active time: 0,000ms
[2021-04-30T09:36:01.187+0300][63,243s][info ][gc] GC(1118) Concurrent Abortable Preclean 0,012ms
[2021-04-30T09:36:01.187+0300][63,243s][debug][gc] GC(1118) YG occupancy: 38099 K (39296 K)
[2021-04-30T09:36:01.193+0300][63,249s][info ][gc] GC(1118) Pause Remark 122M->122M(123M) 6,191ms
[2021-04-30T09:36:01.193+0300][63,250s][info ][gc] GC(1118) Concurrent Sweep
[2021-04-30T09:36:01.206+0300][63,262s][debug][gc] GC(1118) Concurrent active time: 0,012ms
[2021-04-30T09:36:01.206+0300][63,262s][info ][gc] GC(1118) Concurrent Sweep 12,592ms
[2021-04-30T09:36:01.206+0300][63,262s][debug][gc] GC(1119) Concurrent mode failure
[2021-04-30T09:36:01.258+0300][63,314s][info ][gc] GC(1119) Pause Full (Allocation Failure) 123M->111M(123M) 57,047ms
[2021-04-30T09:36:01.349+0300][63,405s][info ][gc] GC(1120) Pause Full (Allocation Failure) 123M->111M(123M) 51,103ms
[2021-04-30T09:36:01.353+0300][63,409s][info ][gc] GC(1121) Pause Initial Mark 111M->111M(123M) 3,929ms
[2021-04-30T09:36:01.353+0300][63,410s][info ][gc] GC(1121) Concurrent Mark
[2021-04-30T09:36:01.377+0300][63,433s][debug][gc] GC(1121) Concurrent active time: 0,024ms
[2021-04-30T09:36:01.377+0300][63,434s][info ][gc] GC(1121) Concurrent Mark 24,044ms
[2021-04-30T09:36:01.377+0300][63,434s][info ][gc] GC(1121) Concurrent Preclean
[2021-04-30T09:36:01.393+0300][63,450s][debug][gc] GC(1121) Concurrent active time: 0,016ms
[2021-04-30T09:36:01.393+0300][63,450s][info ][gc] GC(1121) Concurrent Preclean 16,307ms
[2021-04-30T09:36:01.393+0300][63,450s][info ][gc] GC(1121) Concurrent Abortable Preclean
[2021-04-30T09:36:01.393+0300][63,450s][debug][gc] GC(1121) Concurrent active time: 0,000ms
[2021-04-30T09:36:01.393+0300][63,450s][info ][gc] GC(1121) Concurrent Abortable Preclean 0,013ms
[2021-04-30T09:36:01.393+0300][63,450s][debug][gc] GC(1121) YG occupancy: 37927 K (39296 K)
[2021-04-30T09:36:01.400+0300][63,456s][info ][gc] GC(1121) Pause Remark 122M->122M(123M) 6,148ms
[2021-04-30T09:36:01.400+0300][63,456s][info ][gc] GC(1121) Concurrent Sweep
[2021-04-30T09:36:01.413+0300][63,469s][debug][gc] GC(1121) Concurrent active time: 0,013ms
[2021-04-30T09:36:01.413+0300][63,469s][info ][gc] GC(1121) Concurrent Sweep 12,937ms
[2021-04-30T09:36:01.413+0300][63,469s][debug][gc] GC(1122) Concurrent mode failure
[2021-04-30T09:36:01.464+0300][63,521s][info ][gc] GC(1122) Pause Full (Allocation Failure) 123M->111M(123M) 55,954ms
[2021-04-30T09:36:01.556+0300][63,612s][info ][gc] GC(1123) Pause Full (Allocation Failure) 123M->111M(123M) 50,158ms
[2021-04-30T09:36:01.560+0300][63,617s][info ][gc] GC(1124) Pause Initial Mark 111M->111M(123M) 4,099ms
[2021-04-30T09:36:01.560+0300][63,617s][info ][gc] GC(1124) Concurrent Mark
[2021-04-30T09:36:01.581+0300][63,638s][debug][gc] GC(1124) Concurrent active time: 0,021ms
[2021-04-30T09:36:01.581+0300][63,638s][info ][gc] GC(1124) Concurrent Mark 20,909ms
[2021-04-30T09:36:01.581+0300][63,638s][info ][gc] GC(1124) Concurrent Preclean
[2021-04-30T09:36:01.598+0300][63,654s][debug][gc] GC(1124) Concurrent active time: 0,017ms
[2021-04-30T09:36:01.598+0300][63,655s][info ][gc] GC(1124) Concurrent Preclean 16,839ms
[2021-04-30T09:36:01.598+0300][63,655s][info ][gc] GC(1124) Concurrent Abortable Preclean
[2021-04-30T09:36:01.598+0300][63,655s][debug][gc] GC(1124) Concurrent active time: 0,000ms
[2021-04-30T09:36:01.598+0300][63,655s][info ][gc] GC(1124) Concurrent Abortable Preclean 0,022ms
[2021-04-30T09:36:01.598+0300][63,655s][debug][gc] GC(1124) YG occupancy: 37977 K (39296 K)
[2021-04-30T09:36:01.605+0300][63,661s][info ][gc] GC(1124) Pause Remark 122M->122M(123M) 6,696ms
[2021-04-30T09:36:01.605+0300][63,661s][info ][gc] GC(1124) Concurrent Sweep
[2021-04-30T09:36:01.617+0300][63,674s][debug][gc] GC(1124) Concurrent active time: 0,012ms
[2021-04-30T09:36:01.617+0300][63,674s][info ][gc] GC(1124) Concurrent Sweep 12,476ms
[2021-04-30T09:36:01.617+0300][63,674s][debug][gc] GC(1125) Concurrent mode failure
[2021-04-30T09:36:01.668+0300][63,724s][info ][gc] GC(1125) Pause Full (Allocation Failure) 123M->111M(123M) 51,274ms
[2021-04-30T09:36:01.760+0300][63,817s][info ][gc] GC(1126) Pause Full (Allocation Failure) 123M->112M(123M) 53,986ms
[2021-04-30T09:36:01.764+0300][63,821s][info ][gc] GC(1127) Pause Initial Mark 112M->112M(123M) 4,298ms
[2021-04-30T09:36:01.765+0300][63,821s][info ][gc] GC(1127) Concurrent Mark
[2021-04-30T09:36:01.787+0300][63,844s][debug][gc] GC(1127) Concurrent active time: 0,023ms
[2021-04-30T09:36:01.787+0300][63,844s][info ][gc] GC(1127) Concurrent Mark 22,708ms
[2021-04-30T09:36:01.787+0300][63,844s][info ][gc] GC(1127) Concurrent Preclean
[2021-04-30T09:36:01.806+0300][63,863s][debug][gc] GC(1127) Concurrent active time: 0,019ms
[2021-04-30T09:36:01.806+0300][63,863s][info ][gc] GC(1127) Concurrent Preclean 18,929ms
[2021-04-30T09:36:01.806+0300][63,863s][debug][gc] GC(1128) Concurrent mode failure
[2021-04-30T09:36:01.859+0300][63,916s][info ][gc] GC(1128) Pause Full (Allocation Failure) 123M->112M(123M) 53,887ms
[2021-04-30T09:36:01.969+0300][64,026s][info ][gc] GC(1129) Pause Full (Allocation Failure) 123M->112M(123M) 68,389ms
[2021-04-30T09:36:01.974+0300][64,030s][info ][gc] GC(1130) Pause Initial Mark 112M->112M(123M) 4,456ms
[2021-04-30T09:36:01.974+0300][64,030s][info ][gc] GC(1130) Concurrent Mark
[2021-04-30T09:36:01.999+0300][64,056s][debug][gc] GC(1130) Concurrent active time: 0,023ms
[2021-04-30T09:36:01.999+0300][64,056s][info ][gc] GC(1130) Concurrent Mark 25,467ms
[2021-04-30T09:36:01.999+0300][64,056s][info ][gc] GC(1130) Concurrent Preclean
[2021-04-30T09:36:02.018+0300][64,074s][debug][gc] GC(1130) Concurrent active time: 0,018ms
[2021-04-30T09:36:02.018+0300][64,074s][info ][gc] GC(1130) Concurrent Preclean 18,189ms
[2021-04-30T09:36:02.018+0300][64,074s][debug][gc] GC(1131) Concurrent mode failure
[2021-04-30T09:36:02.073+0300][64,130s][info ][gc] GC(1131) Pause Full (Allocation Failure) 123M->112M(123M) 57,672ms
[2021-04-30T09:36:02.164+0300][64,221s][info ][gc] GC(1132) Pause Full (Allocation Failure) 123M->112M(123M) 52,531ms
[2021-04-30T09:36:02.169+0300][64,226s][info ][gc] GC(1133) Pause Initial Mark 112M->112M(123M) 4,196ms
[2021-04-30T09:36:02.169+0300][64,226s][info ][gc] GC(1133) Concurrent Mark
[2021-04-30T09:36:02.191+0300][64,247s][debug][gc] GC(1133) Concurrent active time: 0,022ms
[2021-04-30T09:36:02.191+0300][64,247s][info ][gc] GC(1133) Concurrent Mark 21,629ms
[2021-04-30T09:36:02.191+0300][64,247s][info ][gc] GC(1133) Concurrent Preclean
[2021-04-30T09:36:02.207+0300][64,263s][debug][gc] GC(1133) Concurrent active time: 0,016ms
[2021-04-30T09:36:02.207+0300][64,263s][info ][gc] GC(1133) Concurrent Preclean 15,793ms
[2021-04-30T09:36:02.207+0300][64,263s][info ][gc] GC(1133) Concurrent Abortable Preclean
[2021-04-30T09:36:02.207+0300][64,263s][debug][gc] GC(1133) Concurrent active time: 0,000ms
[2021-04-30T09:36:02.207+0300][64,263s][info ][gc] GC(1133) Concurrent Abortable Preclean 0,012ms
[2021-04-30T09:36:02.207+0300][64,263s][debug][gc] GC(1133) YG occupancy: 39087 K (39296 K)
[2021-04-30T09:36:02.213+0300][64,270s][info ][gc] GC(1133) Pause Remark 123M->123M(123M) 6,237ms
[2021-04-30T09:36:02.213+0300][64,270s][info ][gc] GC(1133) Concurrent Sweep
[2021-04-30T09:36:02.225+0300][64,281s][debug][gc] GC(1133) Concurrent active time: 0,012ms
[2021-04-30T09:36:02.225+0300][64,281s][info ][gc] GC(1133) Concurrent Sweep 11,680ms
[2021-04-30T09:36:02.225+0300][64,281s][debug][gc] GC(1134) Concurrent mode failure
[2021-04-30T09:36:02.278+0300][64,335s][info ][gc] GC(1134) Pause Full (Allocation Failure) 123M->112M(123M) 63,893ms
[2021-04-30T09:36:02.368+0300][64,425s][info ][gc] GC(1135) Pause Full (Allocation Failure) 123M->113M(123M) 52,980ms
[2021-04-30T09:36:02.373+0300][64,430s][info ][gc] GC(1136) Pause Initial Mark 113M->113M(123M) 4,462ms
[2021-04-30T09:36:02.373+0300][64,430s][info ][gc] GC(1136) Concurrent Mark
[2021-04-30T09:36:02.396+0300][64,452s][debug][gc] GC(1136) Concurrent active time: 0,022ms
[2021-04-30T09:36:02.396+0300][64,452s][info ][gc] GC(1136) Concurrent Mark 22,411ms
[2021-04-30T09:36:02.396+0300][64,452s][info ][gc] GC(1136) Concurrent Preclean
[2021-04-30T09:36:02.411+0300][64,468s][debug][gc] GC(1136) Concurrent active time: 0,016ms
[2021-04-30T09:36:02.411+0300][64,468s][info ][gc] GC(1136) Concurrent Preclean 15,712ms
[2021-04-30T09:36:02.411+0300][64,468s][info ][gc] GC(1136) Concurrent Abortable Preclean
[2021-04-30T09:36:02.411+0300][64,468s][debug][gc] GC(1136) Concurrent active time: 0,000ms
[2021-04-30T09:36:02.411+0300][64,468s][info ][gc] GC(1136) Concurrent Abortable Preclean 0,012ms
[2021-04-30T09:36:02.412+0300][64,468s][debug][gc] GC(1136) YG occupancy: 39050 K (39296 K)
[2021-04-30T09:36:02.418+0300][64,474s][info ][gc] GC(1136) Pause Remark 123M->123M(123M) 6,355ms
[2021-04-30T09:36:02.418+0300][64,475s][info ][gc] GC(1136) Concurrent Sweep
[2021-04-30T09:36:02.430+0300][64,486s][debug][gc] GC(1136) Concurrent active time: 0,012ms
[2021-04-30T09:36:02.430+0300][64,486s][info ][gc] GC(1136) Concurrent Sweep 11,740ms
[2021-04-30T09:36:02.430+0300][64,486s][debug][gc] GC(1137) Concurrent mode failure
[2021-04-30T09:36:02.481+0300][64,538s][info ][gc] GC(1137) Pause Full (Allocation Failure) 123M->113M(123M) 61,793ms
[2021-04-30T09:36:02.570+0300][64,627s][info ][gc] GC(1138) Pause Full (Allocation Failure) 123M->113M(123M) 51,677ms
[2021-04-30T09:36:02.574+0300][64,631s][info ][gc] GC(1139) Pause Initial Mark 113M->113M(123M) 4,286ms
[2021-04-30T09:36:02.574+0300][64,631s][info ][gc] GC(1139) Concurrent Mark
[2021-04-30T09:36:02.595+0300][64,652s][debug][gc] GC(1139) Concurrent active time: 0,021ms
[2021-04-30T09:36:02.595+0300][64,652s][info ][gc] GC(1139) Concurrent Mark 20,680ms
[2021-04-30T09:36:02.595+0300][64,652s][info ][gc] GC(1139) Concurrent Preclean
[2021-04-30T09:36:02.611+0300][64,668s][debug][gc] GC(1139) Concurrent active time: 0,016ms
[2021-04-30T09:36:02.611+0300][64,668s][info ][gc] GC(1139) Concurrent Preclean 16,159ms
[2021-04-30T09:36:02.611+0300][64,668s][info ][gc] GC(1139) Concurrent Abortable Preclean
[2021-04-30T09:36:02.611+0300][64,668s][debug][gc] GC(1139) Concurrent active time: 0,000ms
[2021-04-30T09:36:02.611+0300][64,668s][info ][gc] GC(1139) Concurrent Abortable Preclean 0,012ms
[2021-04-30T09:36:02.611+0300][64,668s][debug][gc] GC(1139) YG occupancy: 39136 K (39296 K)
[2021-04-30T09:36:02.618+0300][64,675s][info ][gc] GC(1139) Pause Remark 123M->123M(123M) 6,901ms
[2021-04-30T09:36:02.618+0300][64,675s][info ][gc] GC(1139) Concurrent Sweep
[2021-04-30T09:36:02.631+0300][64,688s][debug][gc] GC(1139) Concurrent active time: 0,012ms
[2021-04-30T09:36:02.631+0300][64,688s][info ][gc] GC(1139) Concurrent Sweep 12,609ms
[2021-04-30T09:36:02.631+0300][64,688s][debug][gc] GC(1140) Concurrent mode failure
[2021-04-30T09:36:02.684+0300][64,741s][info ][gc] GC(1140) Pause Full (Allocation Failure) 123M->113M(123M) 64,402ms
[2021-04-30T09:36:02.771+0300][64,828s][info ][gc] GC(1141) Pause Full (Allocation Failure) 123M->113M(123M) 51,279ms
[2021-04-30T09:36:02.776+0300][64,832s][info ][gc] GC(1142) Pause Initial Mark 113M->113M(123M) 4,638ms
[2021-04-30T09:36:02.776+0300][64,833s][info ][gc] GC(1142) Concurrent Mark
[2021-04-30T09:36:02.796+0300][64,853s][debug][gc] GC(1142) Concurrent active time: 0,020ms
[2021-04-30T09:36:02.796+0300][64,853s][info ][gc] GC(1142) Concurrent Mark 20,421ms
[2021-04-30T09:36:02.796+0300][64,853s][info ][gc] GC(1142) Concurrent Preclean
[2021-04-30T09:36:02.813+0300][64,870s][debug][gc] GC(1142) Concurrent active time: 0,017ms
[2021-04-30T09:36:02.813+0300][64,870s][info ][gc] GC(1142) Concurrent Preclean 17,011ms
[2021-04-30T09:36:02.813+0300][64,870s][info ][gc] GC(1142) Concurrent Abortable Preclean
[2021-04-30T09:36:02.813+0300][64,870s][debug][gc] GC(1142) Concurrent active time: 0,000ms
[2021-04-30T09:36:02.813+0300][64,870s][info ][gc] GC(1142) Concurrent Abortable Preclean 0,012ms
[2021-04-30T09:36:02.813+0300][64,870s][debug][gc] GC(1142) YG occupancy: 39186 K (39296 K)
[2021-04-30T09:36:02.821+0300][64,878s][info ][gc] GC(1142) Pause Remark 123M->123M(123M) 7,480ms
[2021-04-30T09:36:02.821+0300][64,878s][info ][gc] GC(1142) Concurrent Sweep
[2021-04-30T09:36:02.833+0300][64,890s][debug][gc] GC(1142) Concurrent active time: 0,012ms
[2021-04-30T09:36:02.834+0300][64,890s][info ][gc] GC(1142) Concurrent Sweep 12,487ms
[2021-04-30T09:36:02.834+0300][64,890s][debug][gc] GC(1143) Concurrent mode failure
[2021-04-30T09:36:02.888+0300][64,945s][info ][gc] GC(1143) Pause Full (Allocation Failure) 123M->113M(123M) 66,097ms
[2021-04-30T09:36:02.986+0300][65,042s][info ][gc] GC(1144) Pause Full (Allocation Failure) 123M->114M(123M) 61,005ms
[2021-04-30T09:36:02.990+0300][65,047s][info ][gc] GC(1145) Pause Initial Mark 114M->114M(123M) 4,630ms
[2021-04-30T09:36:02.991+0300][65,047s][info ][gc] GC(1145) Concurrent Mark
[2021-04-30T09:36:03.016+0300][65,073s][debug][gc] GC(1145) Concurrent active time: 0,026ms
[2021-04-30T09:36:03.016+0300][65,073s][info ][gc] GC(1145) Concurrent Mark 25,761ms
[2021-04-30T09:36:03.016+0300][65,073s][info ][gc] GC(1145) Concurrent Preclean
[2021-04-30T09:36:03.033+0300][65,089s][debug][gc] GC(1145) Concurrent active time: 0,016ms
[2021-04-30T09:36:03.033+0300][65,089s][info ][gc] GC(1145) Concurrent Preclean 16,244ms
[2021-04-30T09:36:03.033+0300][65,089s][debug][gc] GC(1146) Concurrent mode failure
[2021-04-30T09:36:03.087+0300][65,144s][info ][gc] GC(1146) Pause Full (Allocation Failure) 123M->114M(123M) 59,731ms
[2021-04-30T09:36:03.173+0300][65,229s][info ][gc] GC(1147) Pause Full (Allocation Failure) 123M->114M(123M) 51,005ms
[2021-04-30T09:36:03.177+0300][65,234s][info ][gc] GC(1148) Pause Initial Mark 114M->114M(123M) 4,620ms
[2021-04-30T09:36:03.178+0300][65,234s][info ][gc] GC(1148) Concurrent Mark
[2021-04-30T09:36:03.205+0300][65,261s][debug][gc] GC(1148) Concurrent active time: 0,027ms
[2021-04-30T09:36:03.205+0300][65,261s][info ][gc] GC(1148) Concurrent Mark 27,200ms
[2021-04-30T09:36:03.205+0300][65,261s][info ][gc] GC(1148) Concurrent Preclean
[2021-04-30T09:36:03.222+0300][65,279s][debug][gc] GC(1148) Concurrent active time: 0,017ms
[2021-04-30T09:36:03.222+0300][65,279s][info ][gc] GC(1148) Concurrent Preclean 17,366ms
[2021-04-30T09:36:03.222+0300][65,279s][debug][gc] GC(1149) Concurrent mode failure
[2021-04-30T09:36:03.277+0300][65,333s][info ][gc] GC(1149) Pause Full (Allocation Failure) 123M->114M(123M) 62,875ms
[2021-04-30T09:36:03.365+0300][65,421s][info ][gc] GC(1150) Pause Full (Allocation Failure) 123M->114M(123M) 51,126ms
[2021-04-30T09:36:03.370+0300][65,426s][info ][gc] GC(1151) Pause Initial Mark 114M->114M(123M) 4,691ms
[2021-04-30T09:36:03.370+0300][65,426s][info ][gc] GC(1151) Concurrent Mark
[2021-04-30T09:36:03.390+0300][65,446s][debug][gc] GC(1151) Concurrent active time: 0,020ms
[2021-04-30T09:36:03.390+0300][65,446s][info ][gc] GC(1151) Concurrent Mark 20,014ms
[2021-04-30T09:36:03.390+0300][65,446s][info ][gc] GC(1151) Concurrent Preclean
[2021-04-30T09:36:03.406+0300][65,462s][debug][gc] GC(1151) Concurrent active time: 0,016ms
[2021-04-30T09:36:03.406+0300][65,462s][info ][gc] GC(1151) Concurrent Preclean 16,264ms
[2021-04-30T09:36:03.406+0300][65,463s][debug][gc] GC(1152) Concurrent mode failure
[2021-04-30T09:36:03.459+0300][65,516s][info ][gc] GC(1152) Pause Full (Allocation Failure) 123M->114M(123M) 55,425ms
[2021-04-30T09:36:03.546+0300][65,603s][info ][gc] GC(1153) Pause Full (Allocation Failure) 123M->114M(123M) 52,736ms
[2021-04-30T09:36:03.551+0300][65,608s][info ][gc] GC(1154) Pause Initial Mark 115M->115M(123M) 4,676ms
[2021-04-30T09:36:03.551+0300][65,608s][info ][gc] GC(1154) Concurrent Mark
[2021-04-30T09:36:03.573+0300][65,629s][debug][gc] GC(1154) Concurrent active time: 0,021ms
[2021-04-30T09:36:03.573+0300][65,629s][info ][gc] GC(1154) Concurrent Mark 21,157ms
[2021-04-30T09:36:03.573+0300][65,629s][info ][gc] GC(1154) Concurrent Preclean
[2021-04-30T09:36:03.589+0300][65,646s][debug][gc] GC(1154) Concurrent active time: 0,017ms
[2021-04-30T09:36:03.589+0300][65,646s][info ][gc] GC(1154) Concurrent Preclean 16,743ms
[2021-04-30T09:36:03.589+0300][65,646s][debug][gc] GC(1155) Concurrent mode failure
[2021-04-30T09:36:03.641+0300][65,698s][info ][gc] GC(1155) Pause Full (Allocation Failure) 123M->115M(123M) 53,866ms
[2021-04-30T09:36:03.728+0300][65,785s][info ][gc] GC(1156) Pause Full (Allocation Failure) 123M->115M(123M) 53,226ms
[2021-04-30T09:36:03.733+0300][65,790s][info ][gc] GC(1157) Pause Initial Mark 115M->115M(123M) 4,592ms
[2021-04-30T09:36:03.733+0300][65,790s][info ][gc] GC(1157) Concurrent Mark
[2021-04-30T09:36:03.758+0300][65,814s][debug][gc] GC(1157) Concurrent active time: 0,024ms
[2021-04-30T09:36:03.758+0300][65,814s][info ][gc] GC(1157) Concurrent Mark 24,548ms
[2021-04-30T09:36:03.758+0300][65,814s][info ][gc] GC(1157) Concurrent Preclean
[2021-04-30T09:36:03.773+0300][65,830s][debug][gc] GC(1157) Concurrent active time: 0,016ms
[2021-04-30T09:36:03.773+0300][65,830s][info ][gc] GC(1157) Concurrent Preclean 15,730ms
[2021-04-30T09:36:03.773+0300][65,830s][debug][gc] GC(1158) Concurrent mode failure
[2021-04-30T09:36:03.828+0300][65,885s][info ][gc] GC(1158) Pause Full (Allocation Failure) 123M->115M(123M) 61,539ms
[2021-04-30T09:36:03.917+0300][65,974s][info ][gc] GC(1159) Pause Full (Allocation Failure) 123M->115M(123M) 54,749ms
[2021-04-30T09:36:03.922+0300][65,979s][info ][gc] GC(1160) Pause Initial Mark 115M->115M(123M) 4,776ms
[2021-04-30T09:36:03.922+0300][65,979s][info ][gc] GC(1160) Concurrent Mark
[2021-04-30T09:36:03.947+0300][66,003s][debug][gc] GC(1160) Concurrent active time: 0,025ms
[2021-04-30T09:36:03.947+0300][66,003s][info ][gc] GC(1160) Concurrent Mark 24,628ms
[2021-04-30T09:36:03.947+0300][66,003s][info ][gc] GC(1160) Concurrent Preclean
[2021-04-30T09:36:03.965+0300][66,022s][debug][gc] GC(1160) Concurrent active time: 0,018ms
[2021-04-30T09:36:03.965+0300][66,022s][info ][gc] GC(1160) Concurrent Preclean 18,352ms
[2021-04-30T09:36:03.965+0300][66,022s][debug][gc] GC(1161) Concurrent mode failure
[2021-04-30T09:36:04.020+0300][66,077s][info ][gc] GC(1161) Pause Full (Allocation Failure) 123M->115M(123M) 57,064ms
[2021-04-30T09:36:04.108+0300][66,164s][info ][gc] GC(1162) Pause Full (Allocation Failure) 123M->115M(123M) 54,469ms
[2021-04-30T09:36:04.113+0300][66,169s][info ][gc] GC(1163) Pause Initial Mark 115M->115M(123M) 4,814ms
[2021-04-30T09:36:04.113+0300][66,170s][info ][gc] GC(1163) Concurrent Mark
[2021-04-30T09:36:04.135+0300][66,192s][debug][gc] GC(1163) Concurrent active time: 0,022ms
[2021-04-30T09:36:04.135+0300][66,192s][info ][gc] GC(1163) Concurrent Mark 22,434ms
[2021-04-30T09:36:04.135+0300][66,192s][info ][gc] GC(1163) Concurrent Preclean
[2021-04-30T09:36:04.151+0300][66,208s][debug][gc] GC(1163) Concurrent active time: 0,016ms
[2021-04-30T09:36:04.151+0300][66,208s][info ][gc] GC(1163) Concurrent Preclean 15,979ms
[2021-04-30T09:36:04.151+0300][66,208s][debug][gc] GC(1164) Concurrent mode failure
[2021-04-30T09:36:04.204+0300][66,260s][info ][gc] GC(1164) Pause Full (Allocation Failure) 123M->115M(123M) 57,019ms
[2021-04-30T09:36:04.290+0300][66,346s][info ][gc] GC(1165) Pause Full (Allocation Failure) 123M->116M(123M) 52,569ms
[2021-04-30T09:36:04.295+0300][66,351s][info ][gc] GC(1166) Pause Initial Mark 116M->116M(123M) 4,788ms
[2021-04-30T09:36:04.295+0300][66,351s][info ][gc] GC(1166) Concurrent Mark
[2021-04-30T09:36:04.316+0300][66,373s][debug][gc] GC(1166) Concurrent active time: 0,022ms
[2021-04-30T09:36:04.317+0300][66,373s][info ][gc] GC(1166) Concurrent Mark 21,797ms
[2021-04-30T09:36:04.317+0300][66,373s][info ][gc] GC(1166) Concurrent Preclean
[2021-04-30T09:36:04.332+0300][66,389s][debug][gc] GC(1166) Concurrent active time: 0,016ms
[2021-04-30T09:36:04.332+0300][66,389s][info ][gc] GC(1166) Concurrent Preclean 15,771ms
[2021-04-30T09:36:04.332+0300][66,389s][debug][gc] GC(1167) Concurrent mode failure
[2021-04-30T09:36:04.386+0300][66,443s][info ][gc] GC(1167) Pause Full (Allocation Failure) 123M->116M(123M) 59,148ms
[2021-04-30T09:36:04.472+0300][66,528s][info ][gc] GC(1168) Pause Full (Allocation Failure) 123M->116M(123M) 52,367ms
[2021-04-30T09:36:04.477+0300][66,533s][info ][gc] GC(1169) Pause Initial Mark 116M->116M(123M) 4,753ms
[2021-04-30T09:36:04.477+0300][66,534s][info ][gc] GC(1169) Concurrent Mark
[2021-04-30T09:36:04.499+0300][66,556s][debug][gc] GC(1169) Concurrent active time: 0,022ms
[2021-04-30T09:36:04.499+0300][66,556s][info ][gc] GC(1169) Concurrent Mark 22,421ms
[2021-04-30T09:36:04.499+0300][66,556s][info ][gc] GC(1169) Concurrent Preclean
[2021-04-30T09:36:04.515+0300][66,572s][debug][gc] GC(1169) Concurrent active time: 0,016ms
[2021-04-30T09:36:04.515+0300][66,572s][info ][gc] GC(1169) Concurrent Preclean 15,798ms
[2021-04-30T09:36:04.515+0300][66,572s][debug][gc] GC(1170) Concurrent mode failure
[2021-04-30T09:36:04.567+0300][66,624s][info ][gc] GC(1170) Pause Full (Allocation Failure) 123M->116M(123M) 57,533ms
[2021-04-30T09:36:04.655+0300][66,711s][info ][gc] GC(1171) Pause Full (Allocation Failure) 123M->116M(123M) 53,531ms
[2021-04-30T09:36:04.660+0300][66,716s][info ][gc] GC(1172) Pause Initial Mark 116M->116M(123M) 4,772ms
[2021-04-30T09:36:04.660+0300][66,716s][info ][gc] GC(1172) Concurrent Mark
[2021-04-30T09:36:04.681+0300][66,738s][debug][gc] GC(1172) Concurrent active time: 0,022ms
[2021-04-30T09:36:04.681+0300][66,738s][info ][gc] GC(1172) Concurrent Mark 21,574ms
[2021-04-30T09:36:04.681+0300][66,738s][info ][gc] GC(1172) Concurrent Preclean
[2021-04-30T09:36:04.698+0300][66,754s][debug][gc] GC(1172) Concurrent active time: 0,016ms
[2021-04-30T09:36:04.698+0300][66,754s][info ][gc] GC(1172) Concurrent Preclean 16,451ms
[2021-04-30T09:36:04.698+0300][66,755s][debug][gc] GC(1173) Concurrent mode failure
[2021-04-30T09:36:04.754+0300][66,810s][info ][gc] GC(1173) Pause Full (Allocation Failure) 123M->116M(123M) 61,846ms
[2021-04-30T09:36:04.838+0300][66,895s][info ][gc] GC(1174) Pause Full (Allocation Failure) 123M->116M(123M) 51,848ms
[2021-04-30T09:36:04.843+0300][66,900s][info ][gc] GC(1175) Pause Initial Mark 116M->116M(123M) 4,890ms
[2021-04-30T09:36:04.843+0300][66,900s][info ][gc] GC(1175) Concurrent Mark
[2021-04-30T09:36:04.865+0300][66,922s][debug][gc] GC(1175) Concurrent active time: 0,021ms
[2021-04-30T09:36:04.865+0300][66,922s][info ][gc] GC(1175) Concurrent Mark 21,779ms
[2021-04-30T09:36:04.865+0300][66,922s][info ][gc] GC(1175) Concurrent Preclean
[2021-04-30T09:36:04.886+0300][66,943s][debug][gc] GC(1175) Concurrent active time: 0,021ms
[2021-04-30T09:36:04.886+0300][66,943s][info ][gc] GC(1175) Concurrent Preclean 21,012ms
[2021-04-30T09:36:04.886+0300][66,943s][debug][gc] GC(1176) Concurrent mode failure
[2021-04-30T09:36:04.945+0300][67,001s][info ][gc] GC(1176) Pause Full (Allocation Failure) 123M->116M(123M) 60,048ms
[2021-04-30T09:36:05.035+0300][67,091s][info ][gc] GC(1177) Pause Full (Allocation Failure) 123M->116M(123M) 57,105ms
[2021-04-30T09:36:05.040+0300][67,097s][info ][gc] GC(1178) Pause Initial Mark 117M->117M(123M) 5,007ms
[2021-04-30T09:36:05.040+0300][67,097s][info ][gc] GC(1178) Concurrent Mark
[2021-04-30T09:36:05.060+0300][67,116s][debug][gc] GC(1178) Concurrent active time: 0,020ms
[2021-04-30T09:36:05.060+0300][67,116s][info ][gc] GC(1178) Concurrent Mark 19,606ms
[2021-04-30T09:36:05.060+0300][67,116s][info ][gc] GC(1178) Concurrent Preclean
[2021-04-30T09:36:05.076+0300][67,132s][debug][gc] GC(1178) Concurrent active time: 0,016ms
[2021-04-30T09:36:05.076+0300][67,132s][info ][gc] GC(1178) Concurrent Preclean 15,938ms
[2021-04-30T09:36:05.076+0300][67,132s][debug][gc] GC(1179) Concurrent mode failure
[2021-04-30T09:36:05.127+0300][67,183s][info ][gc] GC(1179) Pause Full (Allocation Failure) 123M->117M(123M) 55,308ms
[2021-04-30T09:36:05.211+0300][67,268s][info ][gc] GC(1180) Pause Full (Allocation Failure) 123M->117M(123M) 52,631ms
[2021-04-30T09:36:05.217+0300][67,273s][info ][gc] GC(1181) Pause Initial Mark 117M->117M(123M) 5,007ms
[2021-04-30T09:36:05.217+0300][67,273s][info ][gc] GC(1181) Concurrent Mark
[2021-04-30T09:36:05.244+0300][67,300s][debug][gc] GC(1181) Concurrent active time: 0,027ms
[2021-04-30T09:36:05.244+0300][67,300s][info ][gc] GC(1181) Concurrent Mark 26,953ms
[2021-04-30T09:36:05.244+0300][67,300s][info ][gc] GC(1181) Concurrent Preclean
[2021-04-30T09:36:05.259+0300][67,316s][debug][gc] GC(1181) Concurrent active time: 0,015ms
[2021-04-30T09:36:05.259+0300][67,316s][info ][gc] GC(1181) Concurrent Preclean 15,598ms
[2021-04-30T09:36:05.259+0300][67,316s][debug][gc] GC(1182) Concurrent mode failure
[2021-04-30T09:36:05.315+0300][67,372s][info ][gc] GC(1182) Pause Full (Allocation Failure) 123M->117M(123M) 65,145ms
[2021-04-30T09:36:05.400+0300][67,457s][info ][gc] GC(1183) Pause Full (Allocation Failure) 123M->117M(123M) 51,439ms
[2021-04-30T09:36:05.406+0300][67,462s][info ][gc] GC(1184) Pause Initial Mark 117M->117M(123M) 5,085ms
[2021-04-30T09:36:05.406+0300][67,462s][info ][gc] GC(1184) Concurrent Mark
[2021-04-30T09:36:05.430+0300][67,487s][debug][gc] GC(1184) Concurrent active time: 0,024ms
[2021-04-30T09:36:05.430+0300][67,487s][info ][gc] GC(1184) Concurrent Mark 24,546ms
[2021-04-30T09:36:05.430+0300][67,487s][info ][gc] GC(1184) Concurrent Preclean
[2021-04-30T09:36:05.446+0300][67,503s][debug][gc] GC(1184) Concurrent active time: 0,016ms
[2021-04-30T09:36:05.446+0300][67,503s][info ][gc] GC(1184) Concurrent Preclean 16,004ms
[2021-04-30T09:36:05.446+0300][67,503s][debug][gc] GC(1185) Concurrent mode failure
[2021-04-30T09:36:05.498+0300][67,554s][info ][gc] GC(1185) Pause Full (Allocation Failure) 123M->117M(123M) 60,410ms
[2021-04-30T09:36:05.581+0300][67,638s][info ][gc] GC(1186) Pause Full (Allocation Failure) 123M->117M(123M) 53,102ms
[2021-04-30T09:36:05.587+0300][67,644s][info ][gc] GC(1187) Pause Initial Mark 117M->117M(123M) 5,255ms
[2021-04-30T09:36:05.587+0300][67,644s][info ][gc] GC(1187) Concurrent Mark
[2021-04-30T09:36:05.607+0300][67,663s][debug][gc] GC(1187) Concurrent active time: 0,020ms
[2021-04-30T09:36:05.607+0300][67,663s][info ][gc] GC(1187) Concurrent Mark 19,862ms
[2021-04-30T09:36:05.607+0300][67,663s][info ][gc] GC(1187) Concurrent Preclean
[2021-04-30T09:36:05.622+0300][67,679s][debug][gc] GC(1187) Concurrent active time: 0,015ms
[2021-04-30T09:36:05.623+0300][67,679s][info ][gc] GC(1187) Concurrent Preclean 15,653ms
[2021-04-30T09:36:05.623+0300][67,679s][debug][gc] GC(1188) Concurrent mode failure
[2021-04-30T09:36:05.674+0300][67,731s][info ][gc] GC(1188) Pause Full (Allocation Failure) 123M->117M(123M) 58,065ms
[2021-04-30T09:36:05.757+0300][67,813s][info ][gc] GC(1189) Pause Full (Allocation Failure) 123M->117M(123M) 51,509ms
[2021-04-30T09:36:05.762+0300][67,819s][info ][gc] GC(1190) Pause Initial Mark 117M->117M(123M) 4,989ms
[2021-04-30T09:36:05.762+0300][67,819s][info ][gc] GC(1190) Concurrent Mark
[2021-04-30T09:36:05.789+0300][67,846s][debug][gc] GC(1190) Concurrent active time: 0,027ms
[2021-04-30T09:36:05.789+0300][67,846s][info ][gc] GC(1190) Concurrent Mark 27,358ms
[2021-04-30T09:36:05.789+0300][67,846s][info ][gc] GC(1190) Concurrent Preclean
[2021-04-30T09:36:05.805+0300][67,862s][debug][gc] GC(1190) Concurrent active time: 0,016ms
[2021-04-30T09:36:05.805+0300][67,862s][info ][gc] GC(1190) Concurrent Preclean 15,803ms
[2021-04-30T09:36:05.805+0300][67,862s][debug][gc] GC(1191) Concurrent mode failure
[2021-04-30T09:36:05.859+0300][67,915s][info ][gc] GC(1191) Pause Full (Allocation Failure) 123M->117M(123M) 66,266ms
[2021-04-30T09:36:05.951+0300][68,007s][info ][gc] GC(1192) Pause Full (Allocation Failure) 123M->117M(123M) 60,905ms
[2021-04-30T09:36:05.957+0300][68,013s][info ][gc] GC(1193) Pause Initial Mark 118M->118M(123M) 5,813ms
[2021-04-30T09:36:05.957+0300][68,013s][info ][gc] GC(1193) Concurrent Mark
[2021-04-30T09:36:05.978+0300][68,035s][debug][gc] GC(1193) Concurrent active time: 0,021ms
[2021-04-30T09:36:05.978+0300][68,035s][info ][gc] GC(1193) Concurrent Mark 21,383ms
[2021-04-30T09:36:05.978+0300][68,035s][info ][gc] GC(1193) Concurrent Preclean
[2021-04-30T09:36:05.995+0300][68,052s][debug][gc] GC(1193) Concurrent active time: 0,017ms
[2021-04-30T09:36:05.995+0300][68,052s][info ][gc] GC(1193) Concurrent Preclean 17,074ms
[2021-04-30T09:36:05.995+0300][68,052s][debug][gc] GC(1194) Concurrent mode failure
[2021-04-30T09:36:06.049+0300][68,105s][info ][gc] GC(1194) Pause Full (Allocation Failure) 123M->118M(123M) 59,193ms
[2021-04-30T09:36:06.132+0300][68,189s][info ][gc] GC(1195) Pause Full (Allocation Failure) 123M->118M(123M) 52,918ms
[2021-04-30T09:36:06.137+0300][68,194s][info ][gc] GC(1196) Pause Initial Mark 118M->118M(123M) 4,952ms
[2021-04-30T09:36:06.137+0300][68,194s][info ][gc] GC(1196) Concurrent Mark
[2021-04-30T09:36:06.159+0300][68,215s][debug][gc] GC(1196) Concurrent active time: 0,021ms
[2021-04-30T09:36:06.159+0300][68,215s][info ][gc] GC(1196) Concurrent Mark 21,451ms
[2021-04-30T09:36:06.159+0300][68,215s][info ][gc] GC(1196) Concurrent Preclean
[2021-04-30T09:36:06.176+0300][68,232s][debug][gc] GC(1196) Concurrent active time: 0,017ms
[2021-04-30T09:36:06.176+0300][68,233s][info ][gc] GC(1196) Concurrent Preclean 17,133ms
[2021-04-30T09:36:06.176+0300][68,233s][debug][gc] GC(1197) Concurrent mode failure
[2021-04-30T09:36:06.231+0300][68,288s][info ][gc] GC(1197) Pause Full (Allocation Failure) 123M->118M(123M) 63,736ms
[2021-04-30T09:36:06.316+0300][68,372s][info ][gc] GC(1198) Pause Full (Allocation Failure) 123M->118M(123M) 52,906ms
[2021-04-30T09:36:06.321+0300][68,378s][info ][gc] GC(1199) Pause Initial Mark 118M->118M(123M) 5,009ms
[2021-04-30T09:36:06.321+0300][68,378s][info ][gc] GC(1199) Concurrent Mark
[2021-04-30T09:36:06.342+0300][68,399s][debug][gc] GC(1199) Concurrent active time: 0,021ms
[2021-04-30T09:36:06.342+0300][68,399s][info ][gc] GC(1199) Concurrent Mark 21,242ms
[2021-04-30T09:36:06.342+0300][68,399s][info ][gc] GC(1199) Concurrent Preclean
[2021-04-30T09:36:06.358+0300][68,415s][debug][gc] GC(1199) Concurrent active time: 0,015ms
[2021-04-30T09:36:06.358+0300][68,415s][info ][gc] GC(1199) Concurrent Preclean 15,617ms
[2021-04-30T09:36:06.358+0300][68,415s][debug][gc] GC(1200) Concurrent mode failure
[2021-04-30T09:36:06.410+0300][68,466s][info ][gc] GC(1200) Pause Full (Allocation Failure) 123M->118M(123M) 59,449ms
[2021-04-30T09:36:06.492+0300][68,549s][info ][gc] GC(1201) Pause Full (Allocation Failure) 123M->118M(123M) 52,945ms
[2021-04-30T09:36:06.498+0300][68,555s][info ][gc] GC(1202) Pause Initial Mark 118M->118M(123M) 5,805ms
[2021-04-30T09:36:06.498+0300][68,555s][info ][gc] GC(1202) Concurrent Mark
[2021-04-30T09:36:06.519+0300][68,576s][debug][gc] GC(1202) Concurrent active time: 0,021ms
[2021-04-30T09:36:06.519+0300][68,576s][info ][gc] GC(1202) Concurrent Mark 21,177ms
[2021-04-30T09:36:06.519+0300][68,576s][info ][gc] GC(1202) Concurrent Preclean
[2021-04-30T09:36:06.537+0300][68,593s][debug][gc] GC(1202) Concurrent active time: 0,017ms
[2021-04-30T09:36:06.537+0300][68,593s][info ][gc] GC(1202) Concurrent Preclean 17,382ms
[2021-04-30T09:36:06.537+0300][68,593s][debug][gc] GC(1203) Concurrent mode failure
[2021-04-30T09:36:06.589+0300][68,645s][info ][gc] GC(1203) Pause Full (Allocation Failure) 123M->118M(123M) 60,134ms
[2021-04-30T09:36:06.671+0300][68,727s][info ][gc] GC(1204) Pause Full (Allocation Failure) 123M->118M(123M) 52,087ms
[2021-04-30T09:36:06.676+0300][68,733s][info ][gc] GC(1205) Pause Initial Mark 118M->118M(123M) 5,105ms
[2021-04-30T09:36:06.676+0300][68,733s][info ][gc] GC(1205) Concurrent Mark
[2021-04-30T09:36:06.696+0300][68,753s][debug][gc] GC(1205) Concurrent active time: 0,020ms
[2021-04-30T09:36:06.696+0300][68,753s][info ][gc] GC(1205) Concurrent Mark 20,044ms
[2021-04-30T09:36:06.696+0300][68,753s][info ][gc] GC(1205) Concurrent Preclean
[2021-04-30T09:36:06.713+0300][68,770s][debug][gc] GC(1205) Concurrent active time: 0,017ms
[2021-04-30T09:36:06.713+0300][68,770s][info ][gc] GC(1205) Concurrent Preclean 16,986ms
[2021-04-30T09:36:06.713+0300][68,770s][debug][gc] GC(1206) Concurrent mode failure
[2021-04-30T09:36:06.767+0300][68,824s][info ][gc] GC(1206) Pause Full (Allocation Failure) 123M->118M(123M) 61,724ms
[2021-04-30T09:36:06.849+0300][68,906s][info ][gc] GC(1207) Pause Full (Allocation Failure) 123M->118M(123M) 54,360ms
[2021-04-30T09:36:06.855+0300][68,912s][info ][gc] GC(1208) Pause Initial Mark 118M->118M(123M) 6,078ms
[2021-04-30T09:36:06.855+0300][68,912s][info ][gc] GC(1208) Concurrent Mark
[2021-04-30T09:36:06.879+0300][68,935s][debug][gc] GC(1208) Concurrent active time: 0,022ms
[2021-04-30T09:36:06.879+0300][68,935s][info ][gc] GC(1208) Concurrent Mark 23,283ms
[2021-04-30T09:36:06.879+0300][68,935s][info ][gc] GC(1208) Concurrent Preclean
[2021-04-30T09:36:06.897+0300][68,953s][debug][gc] GC(1208) Concurrent active time: 0,018ms
[2021-04-30T09:36:06.897+0300][68,953s][info ][gc] GC(1208) Concurrent Preclean 18,098ms
[2021-04-30T09:36:06.897+0300][68,953s][info ][gc] GC(1208) Concurrent Abortable Preclean
[2021-04-30T09:36:06.897+0300][68,953s][debug][gc] GC(1208) Concurrent active time: 0,000ms
[2021-04-30T09:36:06.897+0300][68,953s][info ][gc] GC(1208) Concurrent Abortable Preclean 0,012ms
[2021-04-30T09:36:06.897+0300][68,953s][debug][gc] GC(1208) YG occupancy: 38738 K (39296 K)
[2021-04-30T09:36:06.905+0300][68,961s][info ][gc] GC(1208) Pause Remark 123M->123M(123M) 8,019ms
[2021-04-30T09:36:06.905+0300][68,962s][info ][gc] GC(1208) Concurrent Sweep
[2021-04-30T09:36:06.918+0300][68,974s][debug][gc] GC(1208) Concurrent active time: 0,012ms
[2021-04-30T09:36:06.918+0300][68,974s][info ][gc] GC(1208) Concurrent Sweep 12,606ms
[2021-04-30T09:36:06.918+0300][68,974s][debug][gc] GC(1209) Concurrent mode failure
[2021-04-30T09:36:06.977+0300][69,033s][info ][gc] GC(1209) Pause Full (Allocation Failure) 123M->118M(123M) 65,789ms
[2021-04-30T09:36:07.076+0300][69,133s][info ][gc] GC(1210) Pause Full (Allocation Failure) 123M->118M(123M) 54,780ms
[2021-04-30T09:36:07.082+0300][69,138s][info ][gc] GC(1211) Pause Initial Mark 119M->119M(123M) 5,225ms
[2021-04-30T09:36:07.082+0300][69,138s][info ][gc] GC(1211) Concurrent Mark
[2021-04-30T09:36:07.107+0300][69,164s][debug][gc] GC(1211) Concurrent active time: 0,025ms
[2021-04-30T09:36:07.107+0300][69,164s][info ][gc] GC(1211) Concurrent Mark 25,515ms
[2021-04-30T09:36:07.107+0300][69,164s][info ][gc] GC(1211) Concurrent Preclean
[2021-04-30T09:36:07.123+0300][69,180s][debug][gc] GC(1211) Concurrent active time: 0,016ms
[2021-04-30T09:36:07.124+0300][69,180s][info ][gc] GC(1211) Concurrent Preclean 16,355ms
[2021-04-30T09:36:07.124+0300][69,180s][debug][gc] GC(1212) Concurrent mode failure
[2021-04-30T09:36:07.176+0300][69,233s][info ][gc] GC(1212) Pause Full (Allocation Failure) 123M->119M(123M) 56,759ms
[2021-04-30T09:36:07.257+0300][69,314s][info ][gc] GC(1213) Pause Full (Allocation Failure) 123M->119M(123M) 51,973ms
[2021-04-30T09:36:07.263+0300][69,319s][info ][gc] GC(1214) Pause Initial Mark 119M->119M(123M) 5,278ms
[2021-04-30T09:36:07.263+0300][69,319s][info ][gc] GC(1214) Concurrent Mark
[2021-04-30T09:36:07.283+0300][69,340s][debug][gc] GC(1214) Concurrent active time: 0,020ms
[2021-04-30T09:36:07.283+0300][69,340s][info ][gc] GC(1214) Concurrent Mark 20,356ms
[2021-04-30T09:36:07.283+0300][69,340s][info ][gc] GC(1214) Concurrent Preclean
[2021-04-30T09:36:07.301+0300][69,357s][debug][gc] GC(1214) Concurrent active time: 0,018ms
[2021-04-30T09:36:07.301+0300][69,357s][info ][gc] GC(1214) Concurrent Preclean 17,779ms
[2021-04-30T09:36:07.301+0300][69,357s][debug][gc] GC(1215) Concurrent mode failure
[2021-04-30T09:36:07.353+0300][69,410s][info ][gc] GC(1215) Pause Full (Allocation Failure) 123M->119M(123M) 61,785ms
[2021-04-30T09:36:07.436+0300][69,493s][info ][gc] GC(1216) Pause Full (Allocation Failure) 123M->119M(123M) 55,884ms
[2021-04-30T09:36:07.442+0300][69,498s][info ][gc] GC(1217) Pause Initial Mark 119M->119M(123M) 5,323ms
[2021-04-30T09:36:07.442+0300][69,498s][info ][gc] GC(1217) Concurrent Mark
[2021-04-30T09:36:07.468+0300][69,524s][debug][gc] GC(1217) Concurrent active time: 0,026ms
[2021-04-30T09:36:07.468+0300][69,524s][info ][gc] GC(1217) Concurrent Mark 25,729ms
[2021-04-30T09:36:07.468+0300][69,524s][info ][gc] GC(1217) Concurrent Preclean
[2021-04-30T09:36:07.486+0300][69,542s][debug][gc] GC(1217) Concurrent active time: 0,018ms
[2021-04-30T09:36:07.486+0300][69,542s][info ][gc] GC(1217) Concurrent Preclean 18,217ms
[2021-04-30T09:36:07.486+0300][69,543s][debug][gc] GC(1218) Concurrent mode failure
[2021-04-30T09:36:07.540+0300][69,596s][info ][gc] GC(1218) Pause Full (Allocation Failure) 123M->119M(123M) 69,229ms
[2021-04-30T09:36:07.622+0300][69,679s][info ][gc] GC(1219) Pause Full (Allocation Failure) 123M->119M(123M) 52,250ms
[2021-04-30T09:36:07.628+0300][69,684s][info ][gc] GC(1220) Pause Initial Mark 119M->119M(123M) 5,407ms
[2021-04-30T09:36:07.628+0300][69,685s][info ][gc] GC(1220) Concurrent Mark
[2021-04-30T09:36:07.649+0300][69,705s][debug][gc] GC(1220) Concurrent active time: 0,021ms
[2021-04-30T09:36:07.649+0300][69,705s][info ][gc] GC(1220) Concurrent Mark 20,564ms
[2021-04-30T09:36:07.649+0300][69,705s][info ][gc] GC(1220) Concurrent Preclean
[2021-04-30T09:36:07.666+0300][69,722s][debug][gc] GC(1220) Concurrent active time: 0,017ms
[2021-04-30T09:36:07.666+0300][69,723s][info ][gc] GC(1220) Concurrent Preclean 17,330ms
[2021-04-30T09:36:07.666+0300][69,723s][debug][gc] GC(1221) Concurrent mode failure
[2021-04-30T09:36:07.721+0300][69,778s][info ][gc] GC(1221) Pause Full (Allocation Failure) 123M->119M(123M) 64,513ms
[2021-04-30T09:36:07.803+0300][69,859s][info ][gc] GC(1222) Pause Full (Allocation Failure) 123M->119M(123M) 53,316ms
[2021-04-30T09:36:07.809+0300][69,865s][info ][gc] GC(1223) Pause Initial Mark 119M->119M(123M) 5,912ms
[2021-04-30T09:36:07.809+0300][69,866s][info ][gc] GC(1223) Concurrent Mark
[2021-04-30T09:36:07.832+0300][69,888s][debug][gc] GC(1223) Concurrent active time: 0,022ms
[2021-04-30T09:36:07.832+0300][69,888s][info ][gc] GC(1223) Concurrent Mark 22,905ms
[2021-04-30T09:36:07.832+0300][69,888s][info ][gc] GC(1223) Concurrent Preclean
[2021-04-30T09:36:07.849+0300][69,906s][debug][gc] GC(1223) Concurrent active time: 0,017ms
[2021-04-30T09:36:07.849+0300][69,906s][info ][gc] GC(1223) Concurrent Preclean 17,332ms
[2021-04-30T09:36:07.849+0300][69,906s][debug][gc] GC(1224) Concurrent mode failure
[2021-04-30T09:36:07.905+0300][69,961s][info ][gc] GC(1224) Pause Full (Allocation Failure) 123M->119M(123M) 59,984ms
[2021-04-30T09:36:07.996+0300][70,052s][info ][gc] GC(1225) Pause Full (Allocation Failure) 123M->119M(123M) 64,701ms
[2021-04-30T09:36:08.001+0300][70,058s][info ][gc] GC(1226) Pause Initial Mark 119M->119M(123M) 5,566ms
[2021-04-30T09:36:08.001+0300][70,058s][info ][gc] GC(1226) Concurrent Mark
[2021-04-30T09:36:08.022+0300][70,079s][debug][gc] GC(1226) Concurrent active time: 0,021ms
[2021-04-30T09:36:08.022+0300][70,079s][info ][gc] GC(1226) Concurrent Mark 20,757ms
[2021-04-30T09:36:08.022+0300][70,079s][info ][gc] GC(1226) Concurrent Preclean
[2021-04-30T09:36:08.038+0300][70,095s][debug][gc] GC(1226) Concurrent active time: 0,016ms
[2021-04-30T09:36:08.038+0300][70,095s][info ][gc] GC(1226) Concurrent Preclean 16,129ms
[2021-04-30T09:36:08.038+0300][70,095s][debug][gc] GC(1227) Concurrent mode failure
[2021-04-30T09:36:08.093+0300][70,149s][info ][gc] GC(1227) Pause Full (Allocation Failure) 123M->119M(123M) 56,118ms
[2021-04-30T09:36:08.171+0300][70,228s][info ][gc] GC(1228) Pause Full (Allocation Failure) 123M->119M(123M) 52,068ms
[2021-04-30T09:36:08.177+0300][70,234s][info ][gc] GC(1229) Pause Initial Mark 119M->119M(123M) 5,386ms
[2021-04-30T09:36:08.177+0300][70,234s][info ][gc] GC(1229) Concurrent Mark
[2021-04-30T09:36:08.198+0300][70,255s][debug][gc] GC(1229) Concurrent active time: 0,021ms
[2021-04-30T09:36:08.198+0300][70,255s][info ][gc] GC(1229) Concurrent Mark 21,414ms
[2021-04-30T09:36:08.198+0300][70,255s][info ][gc] GC(1229) Concurrent Preclean
[2021-04-30T09:36:08.215+0300][70,271s][debug][gc] GC(1229) Concurrent active time: 0,016ms
[2021-04-30T09:36:08.215+0300][70,271s][info ][gc] GC(1229) Concurrent Preclean 16,258ms
[2021-04-30T09:36:08.215+0300][70,271s][debug][gc] GC(1230) Concurrent mode failure
[2021-04-30T09:36:08.267+0300][70,324s][info ][gc] GC(1230) Pause Full (Allocation Failure) 123M->119M(123M) 56,342ms
[2021-04-30T09:36:08.348+0300][70,405s][info ][gc] GC(1231) Pause Full (Allocation Failure) 123M->119M(123M) 56,646ms
[2021-04-30T09:36:08.354+0300][70,411s][info ][gc] GC(1232) Pause Initial Mark 119M->119M(123M) 5,526ms
[2021-04-30T09:36:08.354+0300][70,411s][info ][gc] GC(1232) Concurrent Mark
[2021-04-30T09:36:08.375+0300][70,432s][debug][gc] GC(1232) Concurrent active time: 0,021ms
[2021-04-30T09:36:08.375+0300][70,432s][info ][gc] GC(1232) Concurrent Mark 21,365ms
[2021-04-30T09:36:08.375+0300][70,432s][info ][gc] GC(1232) Concurrent Preclean
[2021-04-30T09:36:08.391+0300][70,448s][debug][gc] GC(1232) Concurrent active time: 0,016ms
[2021-04-30T09:36:08.391+0300][70,448s][info ][gc] GC(1232) Concurrent Preclean 15,996ms
[2021-04-30T09:36:08.392+0300][70,448s][debug][gc] GC(1233) Concurrent mode failure
[2021-04-30T09:36:08.445+0300][70,501s][info ][gc] GC(1233) Pause Full (Allocation Failure) 123M->120M(123M) 57,417ms
[2021-04-30T09:36:08.522+0300][70,579s][info ][gc] GC(1234) Pause Full (Allocation Failure) 123M->120M(123M) 52,249ms
[2021-04-30T09:36:08.528+0300][70,584s][info ][gc] GC(1235) Pause Initial Mark 120M->120M(123M) 5,409ms
[2021-04-30T09:36:08.528+0300][70,584s][info ][gc] GC(1235) Concurrent Mark
[2021-04-30T09:36:08.550+0300][70,606s][debug][gc] GC(1235) Concurrent active time: 0,022ms
[2021-04-30T09:36:08.550+0300][70,606s][info ][gc] GC(1235) Concurrent Mark 21,923ms
[2021-04-30T09:36:08.550+0300][70,606s][info ][gc] GC(1235) Concurrent Preclean
[2021-04-30T09:36:08.565+0300][70,622s][debug][gc] GC(1235) Concurrent active time: 0,015ms
[2021-04-30T09:36:08.565+0300][70,622s][info ][gc] GC(1235) Concurrent Preclean 15,641ms
[2021-04-30T09:36:08.565+0300][70,622s][debug][gc] GC(1236) Concurrent mode failure
[2021-04-30T09:36:08.621+0300][70,678s][info ][gc] GC(1236) Pause Full (Allocation Failure) 123M->120M(123M) 70,217ms
[2021-04-30T09:36:08.698+0300][70,754s][info ][gc] GC(1237) Pause Full (Allocation Failure) 123M->120M(123M) 52,251ms
[2021-04-30T09:36:08.703+0300][70,760s][info ][gc] GC(1238) Pause Initial Mark 120M->120M(123M) 5,183ms
[2021-04-30T09:36:08.703+0300][70,760s][info ][gc] GC(1238) Concurrent Mark
[2021-04-30T09:36:08.726+0300][70,782s][debug][gc] GC(1238) Concurrent active time: 0,023ms
[2021-04-30T09:36:08.726+0300][70,782s][info ][gc] GC(1238) Concurrent Mark 22,643ms
[2021-04-30T09:36:08.726+0300][70,782s][info ][gc] GC(1238) Concurrent Preclean
[2021-04-30T09:36:08.742+0300][70,798s][debug][gc] GC(1238) Concurrent active time: 0,016ms
[2021-04-30T09:36:08.742+0300][70,798s][info ][gc] GC(1238) Concurrent Preclean 15,715ms
[2021-04-30T09:36:08.742+0300][70,798s][debug][gc] GC(1239) Concurrent mode failure
[2021-04-30T09:36:08.794+0300][70,851s][info ][gc] GC(1239) Pause Full (Allocation Failure) 123M->120M(123M) 64,931ms
[2021-04-30T09:36:08.885+0300][70,942s][info ][gc] GC(1240) Pause Full (Allocation Failure) 123M->120M(123M) 69,254ms
[2021-04-30T09:36:08.891+0300][70,948s][info ][gc] GC(1241) Pause Initial Mark 120M->120M(123M) 5,610ms
[2021-04-30T09:36:08.891+0300][70,948s][info ][gc] GC(1241) Concurrent Mark
[2021-04-30T09:36:08.916+0300][70,973s][debug][gc] GC(1241) Concurrent active time: 0,025ms
[2021-04-30T09:36:08.916+0300][70,973s][info ][gc] GC(1241) Concurrent Mark 24,972ms
[2021-04-30T09:36:08.916+0300][70,973s][info ][gc] GC(1241) Concurrent Preclean
[2021-04-30T09:36:08.934+0300][70,991s][debug][gc] GC(1241) Concurrent active time: 0,018ms
[2021-04-30T09:36:08.934+0300][70,991s][info ][gc] GC(1241) Concurrent Preclean 18,111ms
[2021-04-30T09:36:08.934+0300][70,991s][debug][gc] GC(1242) Concurrent mode failure
[2021-04-30T09:36:08.997+0300][71,054s][info ][gc] GC(1242) Pause Full (Allocation Failure) 123M->120M(123M) 68,147ms
[2021-04-30T09:36:09.073+0300][71,129s][info ][gc] GC(1243) Pause Full (Allocation Failure) 123M->120M(123M) 52,385ms
[2021-04-30T09:36:09.078+0300][71,135s][info ][gc] GC(1244) Pause Initial Mark 120M->120M(123M) 5,153ms
[2021-04-30T09:36:09.078+0300][71,135s][info ][gc] GC(1244) Concurrent Mark
[2021-04-30T09:36:09.098+0300][71,154s][debug][gc] GC(1244) Concurrent active time: 0,020ms
[2021-04-30T09:36:09.098+0300][71,154s][info ][gc] GC(1244) Concurrent Mark 19,634ms
[2021-04-30T09:36:09.098+0300][71,154s][info ][gc] GC(1244) Concurrent Preclean
[2021-04-30T09:36:09.119+0300][71,175s][debug][gc] GC(1244) Concurrent active time: 0,021ms
[2021-04-30T09:36:09.119+0300][71,175s][info ][gc] GC(1244) Concurrent Preclean 20,775ms
[2021-04-30T09:36:09.119+0300][71,175s][debug][gc] GC(1245) Concurrent mode failure
[2021-04-30T09:36:09.174+0300][71,230s][info ][gc] GC(1245) Pause Full (Allocation Failure) 123M->120M(123M) 73,072ms
[2021-04-30T09:36:09.252+0300][71,309s][info ][gc] GC(1246) Pause Full (Allocation Failure) 123M->120M(123M) 57,043ms
[2021-04-30T09:36:09.258+0300][71,314s][info ][gc] GC(1247) Pause Initial Mark 120M->120M(123M) 5,282ms
[2021-04-30T09:36:09.258+0300][71,314s][info ][gc] GC(1247) Concurrent Mark
[2021-04-30T09:36:09.278+0300][71,334s][debug][gc] GC(1247) Concurrent active time: 0,020ms
[2021-04-30T09:36:09.278+0300][71,334s][info ][gc] GC(1247) Concurrent Mark 19,826ms
[2021-04-30T09:36:09.278+0300][71,334s][info ][gc] GC(1247) Concurrent Preclean
[2021-04-30T09:36:09.298+0300][71,354s][debug][gc] GC(1247) Concurrent active time: 0,020ms
[2021-04-30T09:36:09.298+0300][71,354s][info ][gc] GC(1247) Concurrent Preclean 20,138ms
[2021-04-30T09:36:09.298+0300][71,355s][debug][gc] GC(1248) Concurrent mode failure
[2021-04-30T09:36:09.353+0300][71,409s][info ][gc] GC(1248) Pause Full (Allocation Failure) 123M->120M(123M) 73,099ms
[2021-04-30T09:36:09.428+0300][71,484s][info ][gc] GC(1249) Pause Full (Allocation Failure) 123M->120M(123M) 53,477ms
[2021-04-30T09:36:09.433+0300][71,490s][info ][gc] GC(1250) Pause Initial Mark 120M->120M(123M) 5,248ms
[2021-04-30T09:36:09.433+0300][71,490s][info ][gc] GC(1250) Concurrent Mark
[2021-04-30T09:36:09.454+0300][71,511s][debug][gc] GC(1250) Concurrent active time: 0,020ms
[2021-04-30T09:36:09.454+0300][71,511s][info ][gc] GC(1250) Concurrent Mark 20,913ms
[2021-04-30T09:36:09.454+0300][71,511s][debug][gc] GC(1251) Concurrent mode failure
[2021-04-30T09:36:09.509+0300][71,566s][info ][gc] GC(1251) Pause Full (Allocation Failure) 123M->120M(123M) 56,110ms
[2021-04-30T09:36:09.584+0300][71,640s][info ][gc] GC(1252) Pause Full (Allocation Failure) 123M->120M(123M) 53,333ms
[2021-04-30T09:36:09.589+0300][71,646s][info ][gc] GC(1253) Pause Initial Mark 120M->120M(123M) 5,417ms
[2021-04-30T09:36:09.590+0300][71,646s][info ][gc] GC(1253) Concurrent Mark
[2021-04-30T09:36:09.619+0300][71,676s][debug][gc] GC(1253) Concurrent active time: 0,028ms
[2021-04-30T09:36:09.619+0300][71,676s][info ][gc] GC(1253) Concurrent Mark 29,465ms
[2021-04-30T09:36:09.619+0300][71,676s][debug][gc] GC(1254) Concurrent mode failure
[2021-04-30T09:36:09.674+0300][71,731s][info ][gc] GC(1254) Pause Full (Allocation Failure) 123M->120M(123M) 63,340ms
[2021-04-30T09:36:09.747+0300][71,803s][info ][gc] GC(1255) Pause Full (Allocation Failure) 123M->120M(123M) 53,717ms
[2021-04-30T09:36:09.752+0300][71,809s][info ][gc] GC(1256) Pause Initial Mark 120M->120M(123M) 5,426ms
[2021-04-30T09:36:09.752+0300][71,809s][info ][gc] GC(1256) Concurrent Mark
[2021-04-30T09:36:09.778+0300][71,835s][debug][gc] GC(1256) Concurrent active time: 0,025ms
[2021-04-30T09:36:09.778+0300][71,835s][info ][gc] GC(1256) Concurrent Mark 25,805ms
[2021-04-30T09:36:09.778+0300][71,835s][debug][gc] GC(1257) Concurrent mode failure
[2021-04-30T09:36:09.834+0300][71,890s][info ][gc] GC(1257) Pause Full (Allocation Failure) 123M->120M(123M) 60,769ms
[2021-04-30T09:36:09.914+0300][71,970s][info ][gc] GC(1258) Pause Full (Allocation Failure) 123M->120M(123M) 56,822ms
[2021-04-30T09:36:09.920+0300][71,976s][info ][gc] GC(1259) Pause Initial Mark 120M->120M(123M) 5,714ms
[2021-04-30T09:36:09.920+0300][71,976s][info ][gc] GC(1259) Concurrent Mark
[2021-04-30T09:36:09.950+0300][72,006s][debug][gc] GC(1259) Concurrent active time: 0,028ms
[2021-04-30T09:36:09.950+0300][72,006s][info ][gc] GC(1259) Concurrent Mark 29,862ms
[2021-04-30T09:36:09.950+0300][72,006s][debug][gc] GC(1260) Concurrent mode failure
[2021-04-30T09:36:10.007+0300][72,064s][info ][gc] GC(1260) Pause Full (Allocation Failure) 123M->120M(123M) 64,869ms
[2021-04-30T09:36:10.081+0300][72,137s][info ][gc] GC(1261) Pause Full (Allocation Failure) 123M->121M(123M) 54,312ms
[2021-04-30T09:36:10.086+0300][72,143s][info ][gc] GC(1262) Pause Initial Mark 121M->121M(123M) 5,579ms
[2021-04-30T09:36:10.086+0300][72,143s][info ][gc] GC(1262) Concurrent Mark
[2021-04-30T09:36:10.108+0300][72,165s][debug][gc] GC(1262) Concurrent active time: 0,021ms
[2021-04-30T09:36:10.108+0300][72,165s][info ][gc] GC(1262) Concurrent Mark 21,955ms
[2021-04-30T09:36:10.108+0300][72,165s][debug][gc] GC(1263) Concurrent mode failure
[2021-04-30T09:36:10.161+0300][72,218s][info ][gc] GC(1263) Pause Full (Allocation Failure) 123M->121M(123M) 56,895ms
[2021-04-30T09:36:10.233+0300][72,290s][info ][gc] GC(1264) Pause Full (Allocation Failure) 123M->121M(123M) 52,478ms
[2021-04-30T09:36:10.239+0300][72,295s][info ][gc] GC(1265) Pause Initial Mark 121M->121M(123M) 5,300ms
[2021-04-30T09:36:10.239+0300][72,295s][info ][gc] GC(1265) Concurrent Mark
[2021-04-30T09:36:10.264+0300][72,321s][debug][gc] GC(1265) Concurrent active time: 0,025ms
[2021-04-30T09:36:10.264+0300][72,321s][info ][gc] GC(1265) Concurrent Mark 25,932ms
[2021-04-30T09:36:10.265+0300][72,321s][debug][gc] GC(1266) Concurrent mode failure
[2021-04-30T09:36:10.318+0300][72,375s][info ][gc] GC(1266) Pause Full (Allocation Failure) 123M->121M(123M) 62,612ms
[2021-04-30T09:36:10.393+0300][72,450s][info ][gc] GC(1267) Pause Full (Allocation Failure) 123M->121M(123M) 57,075ms
[2021-04-30T09:36:10.399+0300][72,455s][info ][gc] GC(1268) Pause Initial Mark 121M->121M(123M) 5,467ms
[2021-04-30T09:36:10.399+0300][72,455s][info ][gc] GC(1268) Concurrent Mark
[2021-04-30T09:36:10.420+0300][72,477s][debug][gc] GC(1268) Concurrent active time: 0,020ms
[2021-04-30T09:36:10.420+0300][72,477s][info ][gc] GC(1268) Concurrent Mark 21,284ms
[2021-04-30T09:36:10.420+0300][72,477s][debug][gc] GC(1269) Concurrent mode failure
[2021-04-30T09:36:10.476+0300][72,533s][info ][gc] GC(1269) Pause Full (Allocation Failure) 123M->121M(123M) 60,547ms
[2021-04-30T09:36:10.546+0300][72,602s][info ][gc] GC(1270) Pause Full (Allocation Failure) 123M->121M(123M) 52,274ms
[2021-04-30T09:36:10.552+0300][72,608s][info ][gc] GC(1271) Pause Initial Mark 121M->121M(123M) 5,443ms
[2021-04-30T09:36:10.552+0300][72,608s][info ][gc] GC(1271) Concurrent Mark
[2021-04-30T09:36:10.573+0300][72,630s][debug][gc] GC(1271) Concurrent active time: 0,020ms
[2021-04-30T09:36:10.573+0300][72,630s][info ][gc] GC(1271) Concurrent Mark 21,571ms
[2021-04-30T09:36:10.573+0300][72,630s][debug][gc] GC(1272) Concurrent mode failure
[2021-04-30T09:36:10.626+0300][72,682s][info ][gc] GC(1272) Pause Full (Allocation Failure) 123M->121M(123M) 57,518ms
[2021-04-30T09:36:10.698+0300][72,755s][info ][gc] GC(1273) Pause Full (Allocation Failure) 123M->121M(123M) 55,716ms
[2021-04-30T09:36:10.704+0300][72,760s][info ][gc] GC(1274) Pause Initial Mark 121M->121M(123M) 5,509ms
[2021-04-30T09:36:10.704+0300][72,761s][info ][gc] GC(1274) Concurrent Mark
[2021-04-30T09:36:10.725+0300][72,781s][debug][gc] GC(1274) Concurrent active time: 0,019ms
[2021-04-30T09:36:10.725+0300][72,781s][info ][gc] GC(1274) Concurrent Mark 20,711ms
[2021-04-30T09:36:10.725+0300][72,781s][debug][gc] GC(1275) Concurrent mode failure
[2021-04-30T09:36:10.779+0300][72,835s][info ][gc] GC(1275) Pause Full (Allocation Failure) 123M->121M(123M) 59,503ms
[2021-04-30T09:36:10.849+0300][72,905s][info ][gc] GC(1276) Pause Full (Allocation Failure) 123M->121M(123M) 53,498ms
[2021-04-30T09:36:10.854+0300][72,911s][info ][gc] GC(1277) Pause Initial Mark 121M->121M(123M) 5,272ms
[2021-04-30T09:36:10.854+0300][72,911s][info ][gc] GC(1277) Concurrent Mark
[2021-04-30T09:36:10.878+0300][72,935s][debug][gc] GC(1277) Concurrent active time: 0,022ms
[2021-04-30T09:36:10.878+0300][72,935s][info ][gc] GC(1277) Concurrent Mark 24,204ms
[2021-04-30T09:36:10.878+0300][72,935s][debug][gc] GC(1278) Concurrent mode failure
[2021-04-30T09:36:10.935+0300][72,991s][info ][gc] GC(1278) Pause Full (Allocation Failure) 123M->121M(123M) 57,829ms
[2021-04-30T09:36:11.021+0300][73,077s][info ][gc] GC(1279) Pause Full (Allocation Failure) 123M->121M(123M) 60,169ms
[2021-04-30T09:36:11.026+0300][73,083s][info ][gc] GC(1280) Pause Initial Mark 121M->121M(123M) 5,564ms
[2021-04-30T09:36:11.027+0300][73,083s][info ][gc] GC(1280) Concurrent Mark
[2021-04-30T09:36:11.050+0300][73,107s][debug][gc] GC(1280) Concurrent active time: 0,023ms
[2021-04-30T09:36:11.050+0300][73,107s][info ][gc] GC(1280) Concurrent Mark 23,747ms
[2021-04-30T09:36:11.050+0300][73,107s][debug][gc] GC(1281) Concurrent mode failure
[2021-04-30T09:36:11.104+0300][73,161s][info ][gc] GC(1281) Pause Full (Allocation Failure) 123M->121M(123M) 60,651ms
[2021-04-30T09:36:11.170+0300][73,227s][info ][gc] GC(1282) Pause Full (Allocation Failure) 123M->121M(123M) 52,210ms
[2021-04-30T09:36:11.176+0300][73,233s][info ][gc] GC(1283) Pause Initial Mark 121M->121M(123M) 5,458ms
[2021-04-30T09:36:11.176+0300][73,233s][info ][gc] GC(1283) Concurrent Mark
[2021-04-30T09:36:11.199+0300][73,256s][debug][gc] GC(1283) Concurrent active time: 0,022ms
[2021-04-30T09:36:11.200+0300][73,256s][info ][gc] GC(1283) Concurrent Mark 23,488ms
[2021-04-30T09:36:11.200+0300][73,256s][debug][gc] GC(1284) Concurrent mode failure
[2021-04-30T09:36:11.255+0300][73,311s][info ][gc] GC(1284) Pause Full (Allocation Failure) 123M->121M(123M) 62,751ms
[2021-04-30T09:36:11.322+0300][73,379s][info ][gc] GC(1285) Pause Full (Allocation Failure) 123M->121M(123M) 53,950ms
[2021-04-30T09:36:11.328+0300][73,384s][info ][gc] GC(1286) Pause Initial Mark 121M->121M(123M) 5,336ms
[2021-04-30T09:36:11.328+0300][73,384s][info ][gc] GC(1286) Concurrent Mark
[2021-04-30T09:36:11.351+0300][73,408s][debug][gc] GC(1286) Concurrent active time: 0,023ms
[2021-04-30T09:36:11.351+0300][73,408s][info ][gc] GC(1286) Concurrent Mark 23,639ms
[2021-04-30T09:36:11.352+0300][73,408s][debug][gc] GC(1287) Concurrent mode failure
[2021-04-30T09:36:11.405+0300][73,461s][info ][gc] GC(1287) Pause Full (Allocation Failure) 123M->121M(123M) 61,250ms
[2021-04-30T09:36:11.470+0300][73,527s][info ][gc] GC(1288) Pause Full (Allocation Failure) 123M->121M(123M) 52,725ms
[2021-04-30T09:36:11.476+0300][73,533s][info ][gc] GC(1289) Pause Initial Mark 121M->121M(123M) 5,419ms
[2021-04-30T09:36:11.476+0300][73,533s][info ][gc] GC(1289) Concurrent Mark
[2021-04-30T09:36:11.501+0300][73,558s][debug][gc] GC(1289) Concurrent active time: 0,024ms
[2021-04-30T09:36:11.501+0300][73,558s][info ][gc] GC(1289) Concurrent Mark 25,272ms
[2021-04-30T09:36:11.501+0300][73,558s][debug][gc] GC(1290) Concurrent mode failure
[2021-04-30T09:36:11.554+0300][73,610s][info ][gc] GC(1290) Pause Full (Allocation Failure) 123M->121M(123M) 61,616ms
[2021-04-30T09:36:11.621+0300][73,678s][info ][gc] GC(1291) Pause Full (Allocation Failure) 123M->121M(123M) 54,706ms
[2021-04-30T09:36:11.628+0300][73,684s][info ][gc] GC(1292) Pause Initial Mark 121M->121M(123M) 6,027ms
[2021-04-30T09:36:11.628+0300][73,684s][info ][gc] GC(1292) Concurrent Mark
[2021-04-30T09:36:11.650+0300][73,706s][debug][gc] GC(1292) Concurrent active time: 0,021ms
[2021-04-30T09:36:11.650+0300][73,706s][info ][gc] GC(1292) Concurrent Mark 21,906ms
[2021-04-30T09:36:11.650+0300][73,706s][debug][gc] GC(1293) Concurrent mode failure
[2021-04-30T09:36:11.702+0300][73,759s][info ][gc] GC(1293) Pause Full (Allocation Failure) 123M->121M(123M) 59,206ms
[2021-04-30T09:36:11.769+0300][73,826s][info ][gc] GC(1294) Pause Full (Allocation Failure) 123M->121M(123M) 54,472ms
[2021-04-30T09:36:11.775+0300][73,831s][info ][gc] GC(1295) Pause Initial Mark 121M->121M(123M) 5,375ms
[2021-04-30T09:36:11.775+0300][73,832s][info ][gc] GC(1295) Concurrent Mark
[2021-04-30T09:36:11.802+0300][73,858s][debug][gc] GC(1295) Concurrent active time: 0,026ms
[2021-04-30T09:36:11.802+0300][73,858s][info ][gc] GC(1295) Concurrent Mark 26,817ms
[2021-04-30T09:36:11.802+0300][73,858s][debug][gc] GC(1296) Concurrent mode failure
[2021-04-30T09:36:11.854+0300][73,911s][info ][gc] GC(1296) Pause Full (Allocation Failure) 123M->121M(123M) 65,237ms
[2021-04-30T09:36:11.925+0300][73,982s][info ][gc] GC(1297) Pause Full (Allocation Failure) 123M->121M(123M) 56,419ms
[2021-04-30T09:36:11.931+0300][73,988s][info ][gc] GC(1298) Pause Initial Mark 121M->121M(123M) 5,531ms
[2021-04-30T09:36:11.931+0300][73,988s][info ][gc] GC(1298) Concurrent Mark
[2021-04-30T09:36:11.957+0300][74,014s][debug][gc] GC(1298) Concurrent active time: 0,025ms
[2021-04-30T09:36:11.957+0300][74,014s][info ][gc] GC(1298) Concurrent Mark 26,046ms
[2021-04-30T09:36:11.957+0300][74,014s][debug][gc] GC(1299) Concurrent mode failure
[2021-04-30T09:36:12.018+0300][74,074s][info ][gc] GC(1299) Pause Full (Allocation Failure) 123M->121M(123M) 66,066ms
[2021-04-30T09:36:12.083+0300][74,139s][info ][gc] GC(1300) Pause Full (Allocation Failure) 123M->121M(123M) 53,083ms
[2021-04-30T09:36:12.088+0300][74,145s][info ][gc] GC(1301) Pause Initial Mark 121M->121M(123M) 5,292ms
[2021-04-30T09:36:12.088+0300][74,145s][info ][gc] GC(1301) Concurrent Mark
[2021-04-30T09:36:12.117+0300][74,173s][debug][gc] GC(1301) Concurrent active time: 0,027ms
[2021-04-30T09:36:12.117+0300][74,173s][info ][gc] GC(1301) Concurrent Mark 28,384ms
[2021-04-30T09:36:12.117+0300][74,173s][debug][gc] GC(1302) Concurrent mode failure
[2021-04-30T09:36:12.171+0300][74,227s][info ][gc] GC(1302) Pause Full (Allocation Failure) 123M->121M(123M) 68,966ms
[2021-04-30T09:36:12.236+0300][74,293s][info ][gc] GC(1303) Pause Full (Allocation Failure) 123M->121M(123M) 54,430ms
[2021-04-30T09:36:12.243+0300][74,299s][info ][gc] GC(1304) Pause Initial Mark 121M->121M(123M) 6,337ms
[2021-04-30T09:36:12.243+0300][74,299s][info ][gc] GC(1304) Concurrent Mark
[2021-04-30T09:36:12.267+0300][74,324s][debug][gc] GC(1304) Concurrent active time: 0,023ms
[2021-04-30T09:36:12.267+0300][74,324s][info ][gc] GC(1304) Concurrent Mark 24,542ms
[2021-04-30T09:36:12.267+0300][74,324s][debug][gc] GC(1305) Concurrent mode failure
[2021-04-30T09:36:12.321+0300][74,378s][info ][gc] GC(1305) Pause Full (Allocation Failure) 123M->122M(123M) 65,065ms
[2021-04-30T09:36:12.385+0300][74,441s][info ][gc] GC(1306) Pause Full (Allocation Failure) 123M->122M(123M) 52,734ms
[2021-04-30T09:36:12.390+0300][74,447s][info ][gc] GC(1307) Pause Initial Mark 122M->122M(123M) 5,294ms
[2021-04-30T09:36:12.390+0300][74,447s][info ][gc] GC(1307) Concurrent Mark
[2021-04-30T09:36:12.416+0300][74,472s][debug][gc] GC(1307) Concurrent active time: 0,024ms
[2021-04-30T09:36:12.416+0300][74,472s][info ][gc] GC(1307) Concurrent Mark 25,494ms
[2021-04-30T09:36:12.416+0300][74,473s][debug][gc] GC(1308) Concurrent mode failure
[2021-04-30T09:36:12.468+0300][74,525s][info ][gc] GC(1308) Pause Full (Allocation Failure) 123M->122M(123M) 65,384ms
[2021-04-30T09:36:12.533+0300][74,589s][info ][gc] GC(1309) Pause Full (Allocation Failure) 123M->122M(123M) 54,018ms
[2021-04-30T09:36:12.539+0300][74,595s][info ][gc] GC(1310) Pause Initial Mark 122M->122M(123M) 5,638ms
[2021-04-30T09:36:12.539+0300][74,595s][info ][gc] GC(1310) Concurrent Mark
[2021-04-30T09:36:12.562+0300][74,619s][debug][gc] GC(1310) Concurrent active time: 0,022ms
[2021-04-30T09:36:12.562+0300][74,619s][info ][gc] GC(1310) Concurrent Mark 23,370ms
[2021-04-30T09:36:12.562+0300][74,619s][debug][gc] GC(1311) Concurrent mode failure
[2021-04-30T09:36:12.614+0300][74,671s][info ][gc] GC(1311) Pause Full (Allocation Failure) 123M->122M(123M) 63,037ms
[2021-04-30T09:36:12.677+0300][74,734s][info ][gc] GC(1312) Pause Full (Allocation Failure) 123M->122M(123M) 52,697ms
[2021-04-30T09:36:12.683+0300][74,740s][info ][gc] GC(1313) Pause Initial Mark 122M->122M(123M) 5,537ms
[2021-04-30T09:36:12.683+0300][74,740s][info ][gc] GC(1313) Concurrent Mark
[2021-04-30T09:36:12.707+0300][74,763s][debug][gc] GC(1313) Concurrent active time: 0,022ms
[2021-04-30T09:36:12.707+0300][74,763s][info ][gc] GC(1313) Concurrent Mark 23,496ms
[2021-04-30T09:36:12.707+0300][74,763s][debug][gc] GC(1314) Concurrent mode failure
[2021-04-30T09:36:12.759+0300][74,815s][info ][gc] GC(1314) Pause Full (Allocation Failure) 123M->122M(123M) 63,706ms
[2021-04-30T09:36:12.825+0300][74,881s][info ][gc] GC(1315) Pause Full (Allocation Failure) 123M->122M(123M) 56,174ms
[2021-04-30T09:36:12.830+0300][74,887s][info ][gc] GC(1316) Pause Initial Mark 122M->122M(123M) 5,312ms
[2021-04-30T09:36:12.831+0300][74,887s][info ][gc] GC(1316) Concurrent Mark
[2021-04-30T09:36:12.859+0300][74,915s][debug][gc] GC(1316) Concurrent active time: 0,026ms
[2021-04-30T09:36:12.859+0300][74,915s][info ][gc] GC(1316) Concurrent Mark 28,234ms
[2021-04-30T09:36:12.859+0300][74,915s][debug][gc] GC(1317) Concurrent mode failure
[2021-04-30T09:36:12.915+0300][74,972s][info ][gc] GC(1317) Pause Full (Allocation Failure) 123M->122M(123M) 67,700ms
[2021-04-30T09:36:12.987+0300][75,043s][info ][gc] GC(1318) Pause Full (Allocation Failure) 123M->122M(123M) 61,674ms
[2021-04-30T09:36:12.993+0300][75,049s][info ][gc] GC(1319) Pause Initial Mark 122M->122M(123M) 5,719ms
[2021-04-30T09:36:12.993+0300][75,049s][info ][gc] GC(1319) Concurrent Mark
[2021-04-30T09:36:13.016+0300][75,073s][debug][gc] GC(1319) Concurrent active time: 0,023ms
[2021-04-30T09:36:13.017+0300][75,073s][info ][gc] GC(1319) Concurrent Mark 23,876ms
[2021-04-30T09:36:13.017+0300][75,073s][debug][gc] GC(1320) Concurrent mode failure
[2021-04-30T09:36:13.070+0300][75,127s][info ][gc] GC(1320) Pause Full (Allocation Failure) 123M->122M(123M) 66,138ms
[2021-04-30T09:36:13.136+0300][75,192s][info ][gc] GC(1321) Pause Full (Allocation Failure) 123M->122M(123M) 55,635ms
[2021-04-30T09:36:13.141+0300][75,198s][info ][gc] GC(1322) Pause Initial Mark 122M->122M(123M) 5,563ms
[2021-04-30T09:36:13.141+0300][75,198s][info ][gc] GC(1322) Concurrent Mark
[2021-04-30T09:36:13.166+0300][75,222s][debug][gc] GC(1322) Concurrent active time: 0,023ms
[2021-04-30T09:36:13.166+0300][75,222s][info ][gc] GC(1322) Concurrent Mark 24,199ms
[2021-04-30T09:36:13.166+0300][75,222s][debug][gc] GC(1323) Concurrent mode failure
[2021-04-30T09:36:13.221+0300][75,277s][info ][gc] GC(1323) Pause Full (Allocation Failure) 123M->122M(123M) 67,648ms
[2021-04-30T09:36:13.282+0300][75,339s][info ][gc] GC(1324) Pause Full (Allocation Failure) 123M->122M(123M) 52,308ms
[2021-04-30T09:36:13.288+0300][75,344s][info ][gc] GC(1325) Pause Initial Mark 122M->122M(123M) 5,374ms
[2021-04-30T09:36:13.289+0300][75,345s][info ][gc] GC(1325) Concurrent Mark
[2021-04-30T09:36:13.310+0300][75,367s][debug][gc] GC(1325) Concurrent active time: 0,020ms
[2021-04-30T09:36:13.310+0300][75,367s][info ][gc] GC(1325) Concurrent Mark 21,567ms
[2021-04-30T09:36:13.310+0300][75,367s][debug][gc] GC(1326) Concurrent mode failure
[2021-04-30T09:36:13.364+0300][75,421s][info ][gc] GC(1326) Pause Full (Allocation Failure) 123M->122M(123M) 59,241ms
[2021-04-30T09:36:13.427+0300][75,483s][info ][gc] GC(1327) Pause Full (Allocation Failure) 123M->122M(123M) 53,856ms
[2021-04-30T09:36:13.432+0300][75,489s][info ][gc] GC(1328) Pause Initial Mark 122M->122M(123M) 5,328ms
[2021-04-30T09:36:13.432+0300][75,489s][info ][gc] GC(1328) Concurrent Mark
[2021-04-30T09:36:13.454+0300][75,511s][debug][gc] GC(1328) Concurrent active time: 0,021ms
[2021-04-30T09:36:13.454+0300][75,511s][info ][gc] GC(1328) Concurrent Mark 21,780ms
[2021-04-30T09:36:13.454+0300][75,511s][debug][gc] GC(1329) Concurrent mode failure
[2021-04-30T09:36:13.509+0300][75,565s][info ][gc] GC(1329) Pause Full (Allocation Failure) 123M->122M(123M) 61,064ms
[2021-04-30T09:36:13.570+0300][75,627s][info ][gc] GC(1330) Pause Full (Allocation Failure) 123M->122M(123M) 52,738ms
[2021-04-30T09:36:13.576+0300][75,632s][info ][gc] GC(1331) Pause Initial Mark 122M->122M(123M) 5,364ms
[2021-04-30T09:36:13.576+0300][75,632s][info ][gc] GC(1331) Concurrent Mark
[2021-04-30T09:36:13.599+0300][75,656s][debug][gc] GC(1331) Concurrent active time: 0,022ms
[2021-04-30T09:36:13.599+0300][75,656s][info ][gc] GC(1331) Concurrent Mark 23,566ms
[2021-04-30T09:36:13.600+0300][75,656s][debug][gc] GC(1332) Concurrent mode failure
[2021-04-30T09:36:13.653+0300][75,709s][info ][gc] GC(1332) Pause Full (Allocation Failure) 123M->122M(123M) 60,332ms
[2021-04-30T09:36:13.721+0300][75,777s][info ][gc] GC(1333) Pause Full (Allocation Failure) 123M->122M(123M) 54,135ms
[2021-04-30T09:36:13.727+0300][75,784s][info ][gc] GC(1334) Pause Initial Mark 122M->122M(123M) 5,970ms
[2021-04-30T09:36:13.727+0300][75,784s][info ][gc] GC(1334) Concurrent Mark
[2021-04-30T09:36:13.750+0300][75,806s][debug][gc] GC(1334) Concurrent active time: 0,022ms
[2021-04-30T09:36:13.750+0300][75,806s][info ][gc] GC(1334) Concurrent Mark 22,673ms
[2021-04-30T09:36:13.750+0300][75,806s][debug][gc] GC(1335) Concurrent mode failure
[2021-04-30T09:36:13.803+0300][75,860s][info ][gc] GC(1335) Pause Full (Allocation Failure) 123M->122M(123M) 63,078ms
[2021-04-30T09:36:13.870+0300][75,926s][info ][gc] GC(1336) Pause Full (Allocation Failure) 123M->122M(123M) 55,466ms
[2021-04-30T09:36:13.876+0300][75,932s][info ][gc] GC(1337) Pause Initial Mark 122M->122M(123M) 5,599ms
[2021-04-30T09:36:13.876+0300][75,932s][info ][gc] GC(1337) Concurrent Mark
[2021-04-30T09:36:13.900+0300][75,956s][debug][gc] GC(1337) Concurrent active time: 0,023ms
[2021-04-30T09:36:13.900+0300][75,956s][info ][gc] GC(1337) Concurrent Mark 24,152ms
[2021-04-30T09:36:13.900+0300][75,956s][debug][gc] GC(1338) Concurrent mode failure
[2021-04-30T09:36:13.960+0300][76,016s][info ][gc] GC(1338) Pause Full (Allocation Failure) 123M->122M(123M) 68,964ms
[2021-04-30T09:36:14.027+0300][76,083s][info ][gc] GC(1339) Pause Full (Allocation Failure) 123M->122M(123M) 58,508ms
[2021-04-30T09:36:14.032+0300][76,089s][info ][gc] GC(1340) Pause Initial Mark 122M->122M(123M) 5,265ms
[2021-04-30T09:36:14.032+0300][76,089s][info ][gc] GC(1340) Concurrent Mark
[2021-04-30T09:36:14.056+0300][76,113s][debug][gc] GC(1340) Concurrent active time: 0,023ms
[2021-04-30T09:36:14.056+0300][76,113s][info ][gc] GC(1340) Concurrent Mark 24,071ms
[2021-04-30T09:36:14.056+0300][76,113s][debug][gc] GC(1341) Concurrent mode failure
[2021-04-30T09:36:14.109+0300][76,165s][info ][gc] GC(1341) Pause Full (Allocation Failure) 123M->122M(123M) 66,820ms
[2021-04-30T09:36:14.170+0300][76,227s][info ][gc] GC(1342) Pause Full (Allocation Failure) 123M->122M(123M) 53,808ms
[2021-04-30T09:36:14.176+0300][76,233s][info ][gc] GC(1343) Pause Initial Mark 122M->122M(123M) 5,891ms
[2021-04-30T09:36:14.176+0300][76,233s][info ][gc] GC(1343) Concurrent Mark
[2021-04-30T09:36:14.199+0300][76,256s][debug][gc] GC(1343) Concurrent active time: 0,022ms
[2021-04-30T09:36:14.199+0300][76,256s][info ][gc] GC(1343) Concurrent Mark 22,787ms
[2021-04-30T09:36:14.199+0300][76,256s][debug][gc] GC(1344) Concurrent mode failure
[2021-04-30T09:36:14.252+0300][76,308s][info ][gc] GC(1344) Pause Full (Allocation Failure) 123M->122M(123M) 67,919ms
[2021-04-30T09:36:14.313+0300][76,370s][info ][gc] GC(1345) Pause Full (Allocation Failure) 123M->122M(123M) 54,137ms
[2021-04-30T09:36:14.319+0300][76,376s][info ][gc] GC(1346) Pause Initial Mark 122M->122M(123M) 5,363ms
[2021-04-30T09:36:14.319+0300][76,376s][info ][gc] GC(1346) Concurrent Mark
[2021-04-30T09:36:14.343+0300][76,399s][debug][gc] GC(1346) Concurrent active time: 0,022ms
[2021-04-30T09:36:14.343+0300][76,399s][info ][gc] GC(1346) Concurrent Mark 23,595ms
[2021-04-30T09:36:14.343+0300][76,399s][debug][gc] GC(1347) Concurrent mode failure
[2021-04-30T09:36:14.397+0300][76,454s][info ][gc] GC(1347) Pause Full (Allocation Failure) 123M->122M(123M) 68,967ms
[2021-04-30T09:36:14.459+0300][76,515s][info ][gc] GC(1348) Pause Full (Allocation Failure) 123M->122M(123M) 52,389ms
[2021-04-30T09:36:14.464+0300][76,521s][info ][gc] GC(1349) Pause Initial Mark 122M->122M(123M) 5,352ms
[2021-04-30T09:36:14.464+0300][76,521s][info ][gc] GC(1349) Concurrent Mark
[2021-04-30T09:36:14.488+0300][76,544s][debug][gc] GC(1349) Concurrent active time: 0,022ms
[2021-04-30T09:36:14.488+0300][76,544s][info ][gc] GC(1349) Concurrent Mark 23,087ms
[2021-04-30T09:36:14.488+0300][76,544s][debug][gc] GC(1350) Concurrent mode failure
[2021-04-30T09:36:14.541+0300][76,598s][info ][gc] GC(1350) Pause Full (Allocation Failure) 123M->122M(123M) 67,940ms
[2021-04-30T09:36:14.600+0300][76,657s][info ][gc] GC(1351) Pause Full (Allocation Failure) 123M->122M(123M) 52,451ms
[2021-04-30T09:36:14.606+0300][76,663s][info ][gc] GC(1352) Pause Initial Mark 122M->122M(123M) 5,370ms
[2021-04-30T09:36:14.606+0300][76,663s][info ][gc] GC(1352) Concurrent Mark
[2021-04-30T09:36:14.629+0300][76,686s][debug][gc] GC(1352) Concurrent active time: 0,022ms
[2021-04-30T09:36:14.629+0300][76,686s][info ][gc] GC(1352) Concurrent Mark 23,355ms
[2021-04-30T09:36:14.630+0300][76,686s][debug][gc] GC(1353) Concurrent mode failure
[2021-04-30T09:36:14.686+0300][76,743s][info ][gc] GC(1353) Pause Full (Allocation Failure) 123M->122M(123M) 71,636ms
[2021-04-30T09:36:14.745+0300][76,802s][info ][gc] GC(1354) Pause Full (Allocation Failure) 123M->122M(123M) 52,446ms
[2021-04-30T09:36:14.751+0300][76,807s][info ][gc] GC(1355) Pause Initial Mark 122M->122M(123M) 5,347ms
[2021-04-30T09:36:14.751+0300][76,807s][info ][gc] GC(1355) Concurrent Mark
[2021-04-30T09:36:14.779+0300][76,835s][debug][gc] GC(1355) Concurrent active time: 0,027ms
[2021-04-30T09:36:14.779+0300][76,835s][info ][gc] GC(1355) Concurrent Mark 27,759ms
[2021-04-30T09:36:14.779+0300][76,835s][debug][gc] GC(1356) Concurrent mode failure
[2021-04-30T09:36:14.833+0300][76,890s][info ][gc] GC(1356) Pause Full (Allocation Failure) 123M->122M(123M) 73,852ms
[2021-04-30T09:36:14.899+0300][76,956s][info ][gc] GC(1357) Pause Full (Allocation Failure) 123M->122M(123M) 57,998ms
[2021-04-30T09:36:14.905+0300][76,962s][info ][gc] GC(1358) Pause Initial Mark 122M->122M(123M) 5,722ms
[2021-04-30T09:36:14.905+0300][76,962s][info ][gc] GC(1358) Concurrent Mark
[2021-04-30T09:36:14.931+0300][76,988s][debug][gc] GC(1358) Concurrent active time: 0,025ms
[2021-04-30T09:36:14.931+0300][76,988s][info ][gc] GC(1358) Concurrent Mark 26,237ms
[2021-04-30T09:36:14.931+0300][76,988s][debug][gc] GC(1359) Concurrent mode failure
[2021-04-30T09:36:14.996+0300][77,052s][info ][gc] GC(1359) Pause Full (Allocation Failure) 123M->122M(123M) 80,998ms
[2021-04-30T09:36:15.058+0300][77,114s][info ][gc] GC(1360) Pause Full (Allocation Failure) 123M->122M(123M) 55,761ms
[2021-04-30T09:36:15.064+0300][77,120s][info ][gc] GC(1361) Pause Initial Mark 122M->122M(123M) 5,718ms
[2021-04-30T09:36:15.064+0300][77,120s][info ][gc] GC(1361) Concurrent Mark
[2021-04-30T09:36:15.093+0300][77,150s][debug][gc] GC(1361) Concurrent active time: 0,028ms
[2021-04-30T09:36:15.093+0300][77,150s][info ][gc] GC(1361) Concurrent Mark 29,312ms
[2021-04-30T09:36:15.093+0300][77,150s][debug][gc] GC(1362) Concurrent mode failure
[2021-04-30T09:36:15.147+0300][77,204s][info ][gc] GC(1362) Pause Full (Allocation Failure) 123M->122M(123M) 75,592ms
[2021-04-30T09:36:15.208+0300][77,265s][info ][gc] GC(1363) Pause Full (Allocation Failure) 123M->122M(123M) 54,458ms
[2021-04-30T09:36:15.213+0300][77,270s][info ][gc] GC(1364) Pause Initial Mark 122M->122M(123M) 5,405ms
[2021-04-30T09:36:15.214+0300][77,270s][info ][gc] GC(1364) Concurrent Mark
[2021-04-30T09:36:15.235+0300][77,292s][debug][gc] GC(1364) Concurrent active time: 0,020ms
[2021-04-30T09:36:15.235+0300][77,292s][info ][gc] GC(1364) Concurrent Mark 21,499ms
[2021-04-30T09:36:15.235+0300][77,292s][debug][gc] GC(1365) Concurrent mode failure
[2021-04-30T09:36:15.290+0300][77,347s][info ][gc] GC(1365) Pause Full (Allocation Failure) 123M->122M(123M) 69,091ms
[2021-04-30T09:36:15.350+0300][77,406s][info ][gc] GC(1366) Pause Full (Allocation Failure) 123M->122M(123M) 53,950ms
[2021-04-30T09:36:15.355+0300][77,412s][info ][gc] GC(1367) Pause Initial Mark 122M->122M(123M) 5,319ms
[2021-04-30T09:36:15.355+0300][77,412s][info ][gc] GC(1367) Concurrent Mark
[2021-04-30T09:36:15.382+0300][77,438s][debug][gc] GC(1367) Concurrent active time: 0,025ms
[2021-04-30T09:36:15.382+0300][77,438s][info ][gc] GC(1367) Concurrent Mark 26,139ms
[2021-04-30T09:36:15.382+0300][77,438s][debug][gc] GC(1368) Concurrent mode failure
[2021-04-30T09:36:15.434+0300][77,491s][info ][gc] GC(1368) Pause Full (Allocation Failure) 123M->122M(123M) 71,361ms
[2021-04-30T09:36:15.494+0300][77,550s][info ][gc] GC(1369) Pause Full (Allocation Failure) 123M->122M(123M) 53,954ms
[2021-04-30T09:36:15.500+0300][77,557s][info ][gc] GC(1370) Pause Initial Mark 122M->122M(123M) 6,514ms
[2021-04-30T09:36:15.501+0300][77,557s][info ][gc] GC(1370) Concurrent Mark
[2021-04-30T09:36:15.529+0300][77,586s][debug][gc] GC(1370) Concurrent active time: 0,027ms
[2021-04-30T09:36:15.529+0300][77,586s][info ][gc] GC(1370) Concurrent Mark 28,446ms
[2021-04-30T09:36:15.529+0300][77,586s][debug][gc] GC(1371) Concurrent mode failure
[2021-04-30T09:36:15.586+0300][77,642s][info ][gc] GC(1371) Pause Full (Allocation Failure) 123M->122M(123M) 77,409ms
[2021-04-30T09:36:15.645+0300][77,701s][info ][gc] GC(1372) Pause Full (Allocation Failure) 123M->122M(123M) 53,650ms
[2021-04-30T09:36:15.650+0300][77,707s][info ][gc] GC(1373) Pause Initial Mark 122M->122M(123M) 5,473ms
[2021-04-30T09:36:15.651+0300][77,707s][info ][gc] GC(1373) Concurrent Mark
[2021-04-30T09:36:15.672+0300][77,729s][debug][gc] GC(1373) Concurrent active time: 0,021ms
[2021-04-30T09:36:15.673+0300][77,729s][info ][gc] GC(1373) Concurrent Mark 21,964ms
[2021-04-30T09:36:15.673+0300][77,729s][debug][gc] GC(1374) Concurrent mode failure
[2021-04-30T09:36:15.727+0300][77,784s][info ][gc] GC(1374) Pause Full (Allocation Failure) 123M->122M(123M) 69,165ms
[2021-04-30T09:36:15.785+0300][77,842s][info ][gc] GC(1375) Pause Full (Allocation Failure) 123M->122M(123M) 53,000ms
[2021-04-30T09:36:15.791+0300][77,848s][info ][gc] GC(1376) Pause Initial Mark 122M->122M(123M) 5,581ms
[2021-04-30T09:36:15.791+0300][77,848s][info ][gc] GC(1376) Concurrent Mark
[2021-04-30T09:36:15.817+0300][77,874s][debug][gc] GC(1376) Concurrent active time: 0,025ms
[2021-04-30T09:36:15.817+0300][77,874s][info ][gc] GC(1376) Concurrent Mark 26,132ms
[2021-04-30T09:36:15.817+0300][77,874s][debug][gc] GC(1377) Concurrent mode failure
[2021-04-30T09:36:15.880+0300][77,937s][info ][gc] GC(1377) Pause Full (Allocation Failure) 123M->122M(123M) 81,425ms
[2021-04-30T09:36:15.951+0300][78,008s][info ][gc] GC(1378) Pause Full (Allocation Failure) 123M->122M(123M) 65,963ms
[2021-04-30T09:36:15.964+0300][78,020s][info ][gc] GC(1379) Pause Initial Mark 122M->122M(123M) 9,056ms
[2021-04-30T09:36:15.964+0300][78,021s][info ][gc] GC(1379) Concurrent Mark
[2021-04-30T09:36:16.001+0300][78,058s][debug][gc] GC(1379) Concurrent active time: 0,034ms
[2021-04-30T09:36:16.001+0300][78,058s][info ][gc] GC(1379) Concurrent Mark 37,066ms
[2021-04-30T09:36:16.001+0300][78,058s][debug][gc] GC(1380) Concurrent mode failure
[2021-04-30T09:36:16.060+0300][78,117s][info ][gc] GC(1380) Pause Full (Allocation Failure) 123M->122M(123M) 82,243ms
[2021-04-30T09:36:16.124+0300][78,181s][info ][gc] GC(1381) Pause Full (Allocation Failure) 123M->122M(123M) 56,637ms
[2021-04-30T09:36:16.130+0300][78,187s][info ][gc] GC(1382) Pause Initial Mark 122M->122M(123M) 5,758ms
[2021-04-30T09:36:16.131+0300][78,187s][info ][gc] GC(1382) Concurrent Mark
[2021-04-30T09:36:16.152+0300][78,209s][debug][gc] GC(1382) Concurrent active time: 0,020ms
[2021-04-30T09:36:16.152+0300][78,209s][info ][gc] GC(1382) Concurrent Mark 21,436ms
[2021-04-30T09:36:16.152+0300][78,209s][debug][gc] GC(1383) Concurrent mode failure
[2021-04-30T09:36:16.206+0300][78,262s][info ][gc] GC(1383) Pause Full (Allocation Failure) 123M->122M(123M) 66,962ms
[2021-04-30T09:36:16.268+0300][78,324s][info ][gc] GC(1384) Pause Full (Allocation Failure) 123M->123M(123M) 55,282ms
[2021-04-30T09:36:16.273+0300][78,330s][info ][gc] GC(1385) Pause Initial Mark 123M->123M(123M) 5,353ms
[2021-04-30T09:36:16.273+0300][78,330s][info ][gc] GC(1385) Concurrent Mark
[2021-04-30T09:36:16.294+0300][78,351s][debug][gc] GC(1385) Concurrent active time: 0,020ms
[2021-04-30T09:36:16.294+0300][78,351s][info ][gc] GC(1385) Concurrent Mark 21,108ms
[2021-04-30T09:36:16.294+0300][78,351s][debug][gc] GC(1386) Concurrent mode failure
[2021-04-30T09:36:16.347+0300][78,404s][info ][gc] GC(1386) Pause Full (Allocation Failure) 123M->123M(123M) 66,327ms
[2021-04-30T09:36:16.409+0300][78,466s][info ][gc] GC(1387) Pause Full (Allocation Failure) 123M->123M(123M) 55,397ms
[2021-04-30T09:36:16.415+0300][78,471s][info ][gc] GC(1388) Pause Initial Mark 123M->123M(123M) 5,304ms
[2021-04-30T09:36:16.415+0300][78,471s][info ][gc] GC(1388) Concurrent Mark
[2021-04-30T09:36:16.436+0300][78,492s][debug][gc] GC(1388) Concurrent active time: 0,020ms
[2021-04-30T09:36:16.436+0300][78,492s][info ][gc] GC(1388) Concurrent Mark 21,127ms
[2021-04-30T09:36:16.436+0300][78,492s][debug][gc] GC(1389) Concurrent mode failure
[2021-04-30T09:36:16.490+0300][78,547s][info ][gc] GC(1389) Pause Full (Allocation Failure) 123M->123M(123M) 67,683ms
[2021-04-30T09:36:16.551+0300][78,607s][info ][gc] GC(1390) Pause Full (Allocation Failure) 123M->123M(123M) 54,200ms
[2021-04-30T09:36:16.556+0300][78,613s][info ][gc] GC(1391) Pause Initial Mark 123M->123M(123M) 5,367ms
[2021-04-30T09:36:16.556+0300][78,613s][info ][gc] GC(1391) Concurrent Mark
[2021-04-30T09:36:16.578+0300][78,635s][debug][gc] GC(1391) Concurrent active time: 0,021ms
[2021-04-30T09:36:16.578+0300][78,635s][info ][gc] GC(1391) Concurrent Mark 21,996ms
[2021-04-30T09:36:16.578+0300][78,635s][debug][gc] GC(1392) Concurrent mode failure
[2021-04-30T09:36:16.631+0300][78,688s][info ][gc] GC(1392) Pause Full (Allocation Failure) 123M->123M(123M) 67,707ms
[2021-04-30T09:36:16.692+0300][78,748s][info ][gc] GC(1393) Pause Full (Allocation Failure) 123M->123M(123M) 54,094ms
[2021-04-30T09:36:16.697+0300][78,754s][info ][gc] GC(1394) Pause Initial Mark 123M->123M(123M) 5,232ms
[2021-04-30T09:36:16.697+0300][78,754s][info ][gc] GC(1394) Concurrent Mark
[2021-04-30T09:36:16.719+0300][78,776s][debug][gc] GC(1394) Concurrent active time: 0,021ms
[2021-04-30T09:36:16.719+0300][78,776s][info ][gc] GC(1394) Concurrent Mark 22,023ms
[2021-04-30T09:36:16.719+0300][78,776s][debug][gc] GC(1395) Concurrent mode failure
[2021-04-30T09:36:16.775+0300][78,831s][info ][gc] GC(1395) Pause Full (Allocation Failure) 123M->123M(123M) 70,069ms
[2021-04-30T09:36:16.833+0300][78,890s][info ][gc] GC(1396) Pause Full (Allocation Failure) 123M->123M(123M) 52,660ms
[2021-04-30T09:36:16.839+0300][78,896s][info ][gc] GC(1397) Pause Initial Mark 123M->123M(123M) 5,298ms
[2021-04-30T09:36:16.839+0300][78,896s][info ][gc] GC(1397) Concurrent Mark
[2021-04-30T09:36:16.863+0300][78,920s][debug][gc] GC(1397) Concurrent active time: 0,022ms
[2021-04-30T09:36:16.863+0300][78,920s][info ][gc] GC(1397) Concurrent Mark 24,305ms
[2021-04-30T09:36:16.863+0300][78,920s][debug][gc] GC(1398) Concurrent mode failure
[2021-04-30T09:36:16.920+0300][78,977s][info ][gc] GC(1398) Pause Full (Allocation Failure) 123M->123M(123M) 74,888ms
[2021-04-30T09:36:16.988+0300][79,044s][info ][gc] GC(1399) Pause Full (Allocation Failure) 123M->123M(123M) 60,975ms
[2021-04-30T09:36:16.995+0300][79,051s][info ][gc] GC(1400) Pause Initial Mark 123M->123M(123M) 6,767ms
[2021-04-30T09:36:16.995+0300][79,051s][info ][gc] GC(1400) Concurrent Mark
[2021-04-30T09:36:17.019+0300][79,076s][debug][gc] GC(1400) Concurrent active time: 0,023ms
[2021-04-30T09:36:17.019+0300][79,076s][info ][gc] GC(1400) Concurrent Mark 24,545ms
[2021-04-30T09:36:17.020+0300][79,076s][debug][gc] GC(1401) Concurrent mode failure
[2021-04-30T09:36:17.076+0300][79,133s][info ][gc] GC(1401) Pause Full (Allocation Failure) 123M->123M(123M) 74,307ms
[2021-04-30T09:36:17.136+0300][79,192s][info ][gc] GC(1402) Pause Full (Allocation Failure) 123M->123M(123M) 53,749ms
[2021-04-30T09:36:17.141+0300][79,198s][info ][gc] GC(1403) Pause Initial Mark 123M->123M(123M) 5,379ms
[2021-04-30T09:36:17.141+0300][79,198s][info ][gc] GC(1403) Concurrent Mark
[2021-04-30T09:36:17.169+0300][79,226s][debug][gc] GC(1403) Concurrent active time: 0,027ms
[2021-04-30T09:36:17.169+0300][79,226s][info ][gc] GC(1403) Concurrent Mark 27,959ms
[2021-04-30T09:36:17.170+0300][79,226s][debug][gc] GC(1404) Concurrent mode failure
[2021-04-30T09:36:17.227+0300][79,283s][info ][gc] GC(1404) Pause Full (Allocation Failure) 123M->123M(123M) 80,817ms
[2021-04-30T09:36:17.286+0300][79,342s][info ][gc] GC(1405) Pause Full (Allocation Failure) 123M->123M(123M) 53,730ms
[2021-04-30T09:36:17.293+0300][79,349s][info ][gc] GC(1406) Pause Initial Mark 123M->123M(123M) 6,539ms
[2021-04-30T09:36:17.293+0300][79,349s][info ][gc] GC(1406) Concurrent Mark
[2021-04-30T09:36:17.314+0300][79,371s][debug][gc] GC(1406) Concurrent active time: 0,020ms
[2021-04-30T09:36:17.314+0300][79,371s][info ][gc] GC(1406) Concurrent Mark 21,304ms
[2021-04-30T09:36:17.314+0300][79,371s][debug][gc] GC(1407) Concurrent mode failure
[2021-04-30T09:36:17.368+0300][79,425s][info ][gc] GC(1407) Pause Full (Allocation Failure) 123M->123M(123M) 68,857ms
[2021-04-30T09:36:17.426+0300][79,483s][info ][gc] GC(1408) Pause Full (Allocation Failure) 123M->123M(123M) 52,666ms
[2021-04-30T09:36:17.433+0300][79,489s][info ][gc] GC(1409) Pause Initial Mark 123M->123M(123M) 6,124ms
[2021-04-30T09:36:17.433+0300][79,489s][info ][gc] GC(1409) Concurrent Mark
[2021-04-30T09:36:17.454+0300][79,510s][debug][gc] GC(1409) Concurrent active time: 0,020ms
[2021-04-30T09:36:17.454+0300][79,510s][info ][gc] GC(1409) Concurrent Mark 21,005ms
[2021-04-30T09:36:17.454+0300][79,510s][debug][gc] GC(1410) Concurrent mode failure
[2021-04-30T09:36:17.506+0300][79,563s][info ][gc] GC(1410) Pause Full (Allocation Failure) 123M->123M(123M) 67,256ms
[2021-04-30T09:36:17.566+0300][79,623s][info ][gc] GC(1411) Pause Full (Allocation Failure) 123M->123M(123M) 54,298ms
[2021-04-30T09:36:17.572+0300][79,629s][info ][gc] GC(1412) Pause Initial Mark 123M->123M(123M) 5,638ms
[2021-04-30T09:36:17.572+0300][79,629s][info ][gc] GC(1412) Concurrent Mark
[2021-04-30T09:36:17.595+0300][79,651s][debug][gc] GC(1412) Concurrent active time: 0,021ms
[2021-04-30T09:36:17.595+0300][79,651s][info ][gc] GC(1412) Concurrent Mark 22,537ms
[2021-04-30T09:36:17.595+0300][79,651s][debug][gc] GC(1413) Concurrent mode failure
[2021-04-30T09:36:17.653+0300][79,710s][info ][gc] GC(1413) Pause Full (Allocation Failure) 123M->123M(123M) 74,834ms
[2021-04-30T09:36:17.716+0300][79,772s][info ][gc] GC(1414) Pause Full (Allocation Failure) 123M->123M(123M) 56,983ms
[2021-04-30T09:36:17.721+0300][79,778s][info ][gc] GC(1415) Pause Initial Mark 123M->123M(123M) 5,480ms
[2021-04-30T09:36:17.721+0300][79,778s][info ][gc] GC(1415) Concurrent Mark
[2021-04-30T09:36:17.742+0300][79,799s][debug][gc] GC(1415) Concurrent active time: 0,020ms
[2021-04-30T09:36:17.742+0300][79,799s][info ][gc] GC(1415) Concurrent Mark 20,954ms
[2021-04-30T09:36:17.742+0300][79,799s][debug][gc] GC(1416) Concurrent mode failure
[2021-04-30T09:36:17.795+0300][79,852s][info ][gc] GC(1416) Pause Full (Allocation Failure) 123M->123M(123M) 67,840ms
[2021-04-30T09:36:17.857+0300][79,913s][info ][gc] GC(1417) Pause Full (Allocation Failure) 123M->123M(123M) 55,594ms
[2021-04-30T09:36:17.863+0300][79,919s][info ][gc] GC(1418) Pause Initial Mark 123M->123M(123M) 6,090ms
[2021-04-30T09:36:17.863+0300][79,919s][info ][gc] GC(1418) Concurrent Mark
[2021-04-30T09:36:17.885+0300][79,942s][debug][gc] GC(1418) Concurrent active time: 0,021ms
[2021-04-30T09:36:17.885+0300][79,942s][info ][gc] GC(1418) Concurrent Mark 22,352ms
[2021-04-30T09:36:17.885+0300][79,942s][debug][gc] GC(1419) Concurrent mode failure
[2021-04-30T09:36:17.945+0300][80,001s][info ][gc] GC(1419) Pause Full (Allocation Failure) 123M->123M(123M) 77,959ms
[2021-04-30T09:36:18.007+0300][80,064s][info ][gc] GC(1420) Pause Full (Allocation Failure) 123M->123M(123M) 56,141ms
[2021-04-30T09:36:18.013+0300][80,069s][info ][gc] GC(1421) Pause Initial Mark 123M->123M(123M) 5,493ms
[2021-04-30T09:36:18.013+0300][80,069s][info ][gc] GC(1421) Concurrent Mark
[2021-04-30T09:36:18.034+0300][80,090s][debug][gc] GC(1421) Concurrent active time: 0,020ms
[2021-04-30T09:36:18.034+0300][80,090s][info ][gc] GC(1421) Concurrent Mark 21,035ms
[2021-04-30T09:36:18.034+0300][80,091s][debug][gc] GC(1422) Concurrent mode failure
[2021-04-30T09:36:18.087+0300][80,144s][info ][gc] GC(1422) Pause Full (Allocation Failure) 123M->123M(123M) 70,736ms
[2021-04-30T09:36:18.146+0300][80,203s][info ][gc] GC(1423) Pause Full (Allocation Failure) 123M->123M(123M) 53,764ms
[2021-04-30T09:36:18.151+0300][80,208s][info ][gc] GC(1424) Pause Initial Mark 123M->123M(123M) 5,371ms
[2021-04-30T09:36:18.152+0300][80,208s][info ][gc] GC(1424) Concurrent Mark
[2021-04-30T09:36:18.180+0300][80,236s][debug][gc] GC(1424) Concurrent active time: 0,027ms
[2021-04-30T09:36:18.180+0300][80,236s][info ][gc] GC(1424) Concurrent Mark 28,129ms
[2021-04-30T09:36:18.180+0300][80,236s][debug][gc] GC(1425) Concurrent mode failure
[2021-04-30T09:36:18.234+0300][80,291s][info ][gc] GC(1425) Pause Full (Allocation Failure) 123M->123M(123M) 79,418ms
[2021-04-30T09:36:18.294+0300][80,351s][info ][gc] GC(1426) Pause Full (Allocation Failure) 123M->123M(123M) 53,867ms
[2021-04-30T09:36:18.299+0300][80,356s][info ][gc] GC(1427) Pause Initial Mark 123M->123M(123M) 5,248ms
[2021-04-30T09:36:18.301+0300][80,357s][info ][gc] GC(1427) Concurrent Mark
[2021-04-30T09:36:18.327+0300][80,384s][debug][gc] GC(1427) Concurrent active time: 0,025ms
[2021-04-30T09:36:18.327+0300][80,384s][info ][gc] GC(1427) Concurrent Mark 26,269ms
[2021-04-30T09:36:18.327+0300][80,384s][debug][gc] GC(1428) Concurrent mode failure
[2021-04-30T09:36:18.381+0300][80,437s][info ][gc] GC(1428) Pause Full (Allocation Failure) 123M->123M(123M) 74,452ms
[2021-04-30T09:36:18.440+0300][80,497s][info ][gc] GC(1429) Pause Full (Allocation Failure) 123M->123M(123M) 52,466ms
[2021-04-30T09:36:18.446+0300][80,503s][info ][gc] GC(1430) Pause Initial Mark 123M->123M(123M) 5,527ms
[2021-04-30T09:36:18.446+0300][80,503s][info ][gc] GC(1430) Concurrent Mark
[2021-04-30T09:36:18.475+0300][80,531s][debug][gc] GC(1430) Concurrent active time: 0,027ms
[2021-04-30T09:36:18.475+0300][80,531s][info ][gc] GC(1430) Concurrent Mark 28,635ms
[2021-04-30T09:36:18.475+0300][80,531s][debug][gc] GC(1431) Concurrent mode failure
[2021-04-30T09:36:18.530+0300][80,586s][info ][gc] GC(1431) Pause Full (Allocation Failure) 123M->123M(123M) 78,036ms
[2021-04-30T09:36:18.591+0300][80,647s][info ][gc] GC(1432) Pause Full (Allocation Failure) 123M->123M(123M) 54,297ms
[2021-04-30T09:36:18.596+0300][80,653s][info ][gc] GC(1433) Pause Initial Mark 123M->123M(123M) 5,480ms
[2021-04-30T09:36:18.596+0300][80,653s][info ][gc] GC(1433) Concurrent Mark
[2021-04-30T09:36:18.623+0300][80,680s][debug][gc] GC(1433) Concurrent active time: 0,025ms
[2021-04-30T09:36:18.623+0300][80,680s][info ][gc] GC(1433) Concurrent Mark 26,530ms
[2021-04-30T09:36:18.623+0300][80,680s][debug][gc] GC(1434) Concurrent mode failure
[2021-04-30T09:36:18.677+0300][80,733s][info ][gc] GC(1434) Pause Full (Allocation Failure) 123M->123M(123M) 75,069ms
[2021-04-30T09:36:18.736+0300][80,793s][info ][gc] GC(1435) Pause Full (Allocation Failure) 123M->123M(123M) 52,859ms
[2021-04-30T09:36:18.742+0300][80,799s][info ][gc] GC(1436) Pause Initial Mark 123M->123M(123M) 5,592ms
[2021-04-30T09:36:18.742+0300][80,799s][info ][gc] GC(1436) Concurrent Mark
[2021-04-30T09:36:18.764+0300][80,820s][debug][gc] GC(1436) Concurrent active time: 0,020ms
[2021-04-30T09:36:18.764+0300][80,820s][info ][gc] GC(1436) Concurrent Mark 21,350ms
[2021-04-30T09:36:18.764+0300][80,820s][debug][gc] GC(1437) Concurrent mode failure
[2021-04-30T09:36:18.818+0300][80,875s][info ][gc] GC(1437) Pause Full (Allocation Failure) 123M->123M(123M) 72,650ms
[2021-04-30T09:36:18.884+0300][80,941s][info ][gc] GC(1438) Pause Full (Allocation Failure) 123M->123M(123M) 59,505ms
[2021-04-30T09:36:18.890+0300][80,947s][info ][gc] GC(1439) Pause Initial Mark 123M->123M(123M) 6,028ms
[2021-04-30T09:36:18.890+0300][80,947s][info ][gc] GC(1439) Concurrent Mark
[2021-04-30T09:36:18.916+0300][80,972s][debug][gc] GC(1439) Concurrent active time: 0,024ms
[2021-04-30T09:36:18.916+0300][80,972s][info ][gc] GC(1439) Concurrent Mark 25,453ms
[2021-04-30T09:36:18.916+0300][80,972s][debug][gc] GC(1440) Concurrent mode failure
[2021-04-30T09:36:18.974+0300][81,031s][info ][gc] GC(1440) Pause Full (Allocation Failure) 123M->123M(123M) 79,120ms
[2021-04-30T09:36:19.038+0300][81,095s][info ][gc] GC(1441) Pause Full (Allocation Failure) 123M->123M(123M) 58,344ms
[2021-04-30T09:36:19.044+0300][81,100s][info ][gc] GC(1442) Pause Initial Mark 123M->123M(123M) 5,580ms
[2021-04-30T09:36:19.044+0300][81,101s][info ][gc] GC(1442) Concurrent Mark
[2021-04-30T09:36:19.065+0300][81,121s][debug][gc] GC(1442) Concurrent active time: 0,020ms
[2021-04-30T09:36:19.065+0300][81,121s][info ][gc] GC(1442) Concurrent Mark 20,955ms
[2021-04-30T09:36:19.065+0300][81,122s][debug][gc] GC(1443) Concurrent mode failure
[2021-04-30T09:36:19.119+0300][81,176s][info ][gc] GC(1443) Pause Full (Allocation Failure) 123M->123M(123M) 72,538ms
[2021-04-30T09:36:19.183+0300][81,240s][info ][gc] GC(1444) Pause Full (Allocation Failure) 123M->123M(123M) 58,992ms
[2021-04-30T09:36:19.189+0300][81,245s][info ][gc] GC(1445) Pause Initial Mark 123M->123M(123M) 5,430ms
[2021-04-30T09:36:19.189+0300][81,245s][info ][gc] GC(1445) Concurrent Mark
[2021-04-30T09:36:19.217+0300][81,273s][debug][gc] GC(1445) Concurrent active time: 0,027ms
[2021-04-30T09:36:19.217+0300][81,273s][info ][gc] GC(1445) Concurrent Mark 28,096ms
[2021-04-30T09:36:19.217+0300][81,273s][debug][gc] GC(1446) Concurrent mode failure
[2021-04-30T09:36:19.269+0300][81,326s][info ][gc] GC(1446) Pause Full (Allocation Failure) 123M->123M(123M) 77,903ms
[2021-04-30T09:36:19.328+0300][81,385s][info ][gc] GC(1447) Pause Full (Allocation Failure) 123M->123M(123M) 54,184ms
[2021-04-30T09:36:19.333+0300][81,390s][info ][gc] GC(1448) Pause Initial Mark 123M->123M(123M) 5,351ms
[2021-04-30T09:36:19.334+0300][81,390s][info ][gc] GC(1448) Concurrent Mark
[2021-04-30T09:36:19.359+0300][81,416s][debug][gc] GC(1448) Concurrent active time: 0,025ms
[2021-04-30T09:36:19.359+0300][81,416s][info ][gc] GC(1448) Concurrent Mark 25,883ms
[2021-04-30T09:36:19.360+0300][81,416s][debug][gc] GC(1449) Concurrent mode failure
[2021-04-30T09:36:19.415+0300][81,472s][info ][gc] GC(1449) Pause Full (Allocation Failure) 123M->123M(123M) 78,737ms
[2021-04-30T09:36:19.474+0300][81,530s][info ][gc] GC(1450) Pause Full (Allocation Failure) 123M->123M(123M) 54,248ms
[2021-04-30T09:36:19.479+0300][81,536s][info ][gc] GC(1451) Pause Initial Mark 123M->123M(123M) 5,429ms
[2021-04-30T09:36:19.480+0300][81,536s][info ][gc] GC(1451) Concurrent Mark
[2021-04-30T09:36:19.501+0300][81,557s][debug][gc] GC(1451) Concurrent active time: 0,020ms
[2021-04-30T09:36:19.501+0300][81,557s][info ][gc] GC(1451) Concurrent Mark 21,183ms
[2021-04-30T09:36:19.501+0300][81,557s][debug][gc] GC(1452) Concurrent mode failure
[2021-04-30T09:36:19.556+0300][81,612s][info ][gc] GC(1452) Pause Full (Allocation Failure) 123M->123M(123M) 73,589ms
[2021-04-30T09:36:19.613+0300][81,670s][info ][gc] GC(1453) Pause Full (Allocation Failure) 123M->123M(123M) 53,255ms
[2021-04-30T09:36:19.619+0300][81,676s][info ][gc] GC(1454) Pause Initial Mark 123M->123M(123M) 5,444ms
[2021-04-30T09:36:19.619+0300][81,676s][info ][gc] GC(1454) Concurrent Mark
[2021-04-30T09:36:19.647+0300][81,704s][debug][gc] GC(1454) Concurrent active time: 0,027ms
[2021-04-30T09:36:19.647+0300][81,704s][info ][gc] GC(1454) Concurrent Mark 28,133ms
[2021-04-30T09:36:19.647+0300][81,704s][debug][gc] GC(1455) Concurrent mode failure
[2021-04-30T09:36:19.705+0300][81,762s][info ][gc] GC(1455) Pause Full (Allocation Failure) 123M->123M(123M) 83,403ms
[2021-04-30T09:36:19.764+0300][81,821s][info ][gc] GC(1456) Pause Full (Allocation Failure) 123M->123M(123M) 54,867ms
[2021-04-30T09:36:19.770+0300][81,826s][info ][gc] GC(1457) Pause Initial Mark 123M->123M(123M) 5,296ms
[2021-04-30T09:36:19.770+0300][81,826s][info ][gc] GC(1457) Concurrent Mark
[2021-04-30T09:36:19.796+0300][81,853s][debug][gc] GC(1457) Concurrent active time: 0,025ms
[2021-04-30T09:36:19.796+0300][81,853s][info ][gc] GC(1457) Concurrent Mark 26,367ms
[2021-04-30T09:36:19.796+0300][81,853s][debug][gc] GC(1458) Concurrent mode failure
[2021-04-30T09:36:19.851+0300][81,907s][info ][gc] GC(1458) Pause Full (Allocation Failure) 123M->123M(123M) 78,307ms
[2021-04-30T09:36:19.921+0300][81,977s][info ][gc] GC(1459) Pause Full (Allocation Failure) 123M->123M(123M) 65,794ms
[2021-04-30T09:36:19.926+0300][81,983s][info ][gc] GC(1460) Pause Initial Mark 123M->123M(123M) 5,667ms
[2021-04-30T09:36:19.926+0300][81,983s][info ][gc] GC(1460) Concurrent Mark
[2021-04-30T09:36:19.955+0300][82,011s][debug][gc] GC(1460) Concurrent active time: 0,027ms
[2021-04-30T09:36:19.955+0300][82,011s][info ][gc] GC(1460) Concurrent Mark 28,193ms
[2021-04-30T09:36:19.955+0300][82,011s][debug][gc] GC(1461) Concurrent mode failure
[2021-04-30T09:36:20.017+0300][82,073s][info ][gc] GC(1461) Pause Full (Allocation Failure) 123M->123M(123M) 87,755ms
[2021-04-30T09:36:20.079+0300][82,135s][info ][gc] GC(1462) Pause Full (Allocation Failure) 123M->123M(123M) 57,842ms
[2021-04-30T09:36:20.085+0300][82,141s][info ][gc] GC(1463) Pause Initial Mark 123M->123M(123M) 5,815ms
[2021-04-30T09:36:20.085+0300][82,141s][info ][gc] GC(1463) Concurrent Mark
[2021-04-30T09:36:20.106+0300][82,163s][debug][gc] GC(1463) Concurrent active time: 0,020ms
[2021-04-30T09:36:20.106+0300][82,163s][info ][gc] GC(1463) Concurrent Mark 21,228ms
[2021-04-30T09:36:20.106+0300][82,163s][debug][gc] GC(1464) Concurrent mode failure
[2021-04-30T09:36:20.159+0300][82,215s][info ][gc] GC(1464) Pause Full (Allocation Failure) 123M->123M(123M) 70,258ms
[2021-04-30T09:36:20.218+0300][82,274s][info ][gc] GC(1465) Pause Full (Allocation Failure) 123M->123M(123M) 55,154ms
[2021-04-30T09:36:20.224+0300][82,280s][info ][gc] GC(1466) Pause Initial Mark 123M->123M(123M) 5,652ms
[2021-04-30T09:36:20.224+0300][82,280s][info ][gc] GC(1466) Concurrent Mark
[2021-04-30T09:36:20.247+0300][82,303s][debug][gc] GC(1466) Concurrent active time: 0,022ms
[2021-04-30T09:36:20.247+0300][82,303s][info ][gc] GC(1466) Concurrent Mark 22,986ms
[2021-04-30T09:36:20.247+0300][82,303s][debug][gc] GC(1467) Concurrent mode failure
[2021-04-30T09:36:20.299+0300][82,356s][info ][gc] GC(1467) Pause Full (Allocation Failure) 123M->123M(123M) 73,379ms
[2021-04-30T09:36:20.363+0300][82,419s][info ][gc] GC(1468) Pause Full (Allocation Failure) 123M->123M(123M) 59,432ms
[2021-04-30T09:36:20.368+0300][82,425s][info ][gc] GC(1469) Pause Initial Mark 123M->123M(123M) 5,430ms
[2021-04-30T09:36:20.369+0300][82,425s][info ][gc] GC(1469) Concurrent Mark
[2021-04-30T09:36:20.390+0300][82,447s][debug][gc] GC(1469) Concurrent active time: 0,020ms
[2021-04-30T09:36:20.390+0300][82,447s][info ][gc] GC(1469) Concurrent Mark 21,474ms
[2021-04-30T09:36:20.390+0300][82,447s][debug][gc] GC(1470) Concurrent mode failure
[2021-04-30T09:36:20.443+0300][82,499s][info ][gc] GC(1470) Pause Full (Allocation Failure) 123M->123M(123M) 71,764ms
[2021-04-30T09:36:20.502+0300][82,558s][info ][gc] GC(1471) Pause Full (Allocation Failure) 123M->123M(123M) 54,988ms
[2021-04-30T09:36:20.507+0300][82,564s][info ][gc] GC(1472) Pause Initial Mark 123M->123M(123M) 5,500ms
[2021-04-30T09:36:20.508+0300][82,564s][info ][gc] GC(1472) Concurrent Mark
[2021-04-30T09:36:20.529+0300][82,586s][debug][gc] GC(1472) Concurrent active time: 0,020ms
[2021-04-30T09:36:20.529+0300][82,586s][info ][gc] GC(1472) Concurrent Mark 21,584ms
[2021-04-30T09:36:20.529+0300][82,586s][debug][gc] GC(1473) Concurrent mode failure
[2021-04-30T09:36:20.582+0300][82,639s][info ][gc] GC(1473) Pause Full (Allocation Failure) 123M->123M(123M) 72,523ms
[2021-04-30T09:36:20.875+0300][82,931s][info ][gc] GC(1474) Pause Full (Allocation Failure) 123M->119M(123M) 78,889ms
[2021-04-30T09:36:20.881+0300][82,937s][info ][gc] GC(1475) Pause Initial Mark 119M->119M(123M) 5,624ms
[2021-04-30T09:36:20.881+0300][82,937s][info ][gc] GC(1475) Concurrent Mark
[2021-04-30T09:36:20.905+0300][82,961s][debug][gc] GC(1475) Concurrent active time: 0,023ms
[2021-04-30T09:36:20.905+0300][82,961s][info ][gc] GC(1475) Concurrent Mark 23,925ms
[2021-04-30T09:36:20.905+0300][82,961s][info ][gc] GC(1475) Concurrent Preclean
[2021-04-30T09:36:20.921+0300][82,978s][debug][gc] GC(1475) Concurrent active time: 0,017ms
[2021-04-30T09:36:20.921+0300][82,978s][info ][gc] GC(1475) Concurrent Preclean 16,819ms
[2021-04-30T09:36:20.921+0300][82,978s][info ][gc] GC(1475) Concurrent Abortable Preclean
[2021-04-30T09:36:20.921+0300][82,978s][debug][gc] GC(1475) Concurrent active time: 0,000ms
[2021-04-30T09:36:20.922+0300][82,978s][info ][gc] GC(1475) Concurrent Abortable Preclean 0,012ms
[2021-04-30T09:36:20.922+0300][82,978s][debug][gc] GC(1475) YG occupancy: 34634 K (39296 K)
[2021-04-30T09:36:20.929+0300][82,985s][info ][gc] GC(1475) Pause Remark 119M->119M(123M) 7,293ms
[2021-04-30T09:36:20.929+0300][82,986s][info ][gc] GC(1475) Concurrent Sweep
[2021-04-30T09:36:20.943+0300][82,999s][debug][gc] GC(1475) Concurrent active time: 0,014ms
[2021-04-30T09:36:20.943+0300][82,999s][info ][gc] GC(1475) Concurrent Sweep 13,826ms
[2021-04-30T09:36:20.943+0300][82,999s][info ][gc] GC(1475) Concurrent Reset
[2021-04-30T09:36:20.943+0300][83,000s][debug][gc] GC(1475) Concurrent active time: 0,000ms
[2021-04-30T09:36:20.943+0300][83,000s][info ][gc] GC(1475) Concurrent Reset 0,089ms
[2021-04-30T09:36:21.994+0300][84,050s][info ][gc] GC(1477) Pause Full (Allocation Failure) 123M->75M(123M) 61,732ms
[2021-04-30T09:36:21.994+0300][84,050s][info ][gc] GC(1476) Pause Young (Allocation Failure) 123M->75M(123M) 84,911ms
[2021-04-30T09:36:22.049+0300][84,106s][info ][gc] GC(1478) Pause Young (Allocation Failure) 109M->79M(123M) 0,717ms
[2021-04-30T09:36:22.101+0300][84,157s][info ][gc] GC(1479) Pause Young (Allocation Failure) 113M->77M(123M) 0,993ms
[2021-04-30T09:36:22.147+0300][84,203s][info ][gc] GC(1480) Pause Young (Allocation Failure) 111M->78M(123M) 1,004ms
[2021-04-30T09:36:22.196+0300][84,252s][info ][gc] GC(1481) Pause Young (Allocation Failure) 112M->78M(123M) 1,287ms
[2021-04-30T09:36:22.245+0300][84,301s][info ][gc] GC(1482) Pause Young (Allocation Failure) 112M->79M(123M) 1,662ms
[2021-04-30T09:36:22.291+0300][84,348s][info ][gc] GC(1483) Pause Young (Allocation Failure) 113M->80M(123M) 1,413ms
[2021-04-30T09:36:22.344+0300][84,400s][info ][gc] GC(1484) Pause Young (Allocation Failure) 114M->80M(123M) 1,166ms
[2021-04-30T09:36:22.396+0300][84,453s][info ][gc] GC(1485) Pause Young (Allocation Failure) 114M->81M(123M) 1,188ms
[2021-04-30T09:36:22.446+0300][84,503s][info ][gc] GC(1486) Pause Young (Allocation Failure) 115M->81M(123M) 1,316ms
[2021-04-30T09:36:22.447+0300][84,503s][info ][gc] GC(1487) Pause Initial Mark 82M->82M(123M) 0,327ms
[2021-04-30T09:36:22.447+0300][84,503s][info ][gc] GC(1487) Concurrent Mark
[2021-04-30T09:36:22.465+0300][84,522s][debug][gc] GC(1487) Concurrent active time: 0,018ms
[2021-04-30T09:36:22.465+0300][84,522s][info ][gc] GC(1487) Concurrent Mark 18,436ms
[2021-04-30T09:36:22.465+0300][84,522s][info ][gc] GC(1487) Concurrent Preclean
[2021-04-30T09:36:22.466+0300][84,522s][debug][gc] GC(1487) Concurrent active time: 0,000ms
[2021-04-30T09:36:22.466+0300][84,522s][info ][gc] GC(1487) Concurrent Preclean 0,521ms
[2021-04-30T09:36:22.466+0300][84,522s][info ][gc] GC(1487) Concurrent Abortable Preclean
[2021-04-30T09:36:22.498+0300][84,555s][info ][gc] GC(1488) Pause Young (Allocation Failure) 116M->82M(123M) 1,531ms
[2021-04-30T09:36:22.546+0300][84,603s][info ][gc] GC(1489) Pause Young (Allocation Failure) 116M->83M(123M) 1,605ms
[2021-04-30T09:36:22.596+0300][84,653s][info ][gc] GC(1490) Pause Young (Allocation Failure) 117M->83M(123M) 1,578ms
[2021-04-30T09:36:22.648+0300][84,705s][info ][gc] GC(1491) Pause Young (Allocation Failure) 117M->84M(123M) 1,465ms
[2021-04-30T09:36:22.700+0300][84,756s][info ][gc] GC(1492) Pause Young (Allocation Failure) 118M->84M(123M) 2,135ms
[2021-04-30T09:36:22.749+0300][84,805s][info ][gc] GC(1493) Pause Young (Allocation Failure) 118M->85M(123M) 1,657ms
[2021-04-30T09:36:22.799+0300][84,856s][info ][gc] GC(1494) Pause Young (Allocation Failure) 119M->85M(123M) 1,806ms
[2021-04-30T09:36:22.851+0300][84,907s][info ][gc] GC(1495) Pause Young (Allocation Failure) 119M->86M(123M) 1,876ms
[2021-04-30T09:36:22.903+0300][84,959s][info ][gc] GC(1496) Pause Young (Allocation Failure) 120M->86M(123M) 1,773ms
[2021-04-30T09:36:22.974+0300][85,030s][info ][gc] GC(1497) Pause Young (Allocation Failure) 120M->87M(123M) 1,937ms
[2021-04-30T09:36:23.026+0300][85,083s][info ][gc] GC(1498) Pause Young (Allocation Failure) 121M->87M(123M) 1,930ms
[2021-04-30T09:36:23.082+0300][85,139s][debug][gc] GC(1487) Concurrent active time: 0,057ms
[2021-04-30T09:36:23.082+0300][85,139s][info ][gc] GC(1487) Concurrent Abortable Preclean 616,761ms
[2021-04-30T09:36:23.083+0300][85,139s][debug][gc] GC(1500) Concurrent mode failure
[2021-04-30T09:36:23.132+0300][85,189s][info ][gc] GC(1500) Pause Full (Allocation Failure) 122M->87M(123M) 50,141ms
[2021-04-30T09:36:23.132+0300][85,189s][info ][gc] GC(1499) Pause Young (Allocation Failure) 122M->87M(123M) 58,914ms
[2021-04-30T09:36:23.252+0300][85,309s][info ][gc] GC(1501) Pause Full (Allocation Failure) 123M->87M(123M) 47,977ms
[2021-04-30T09:36:23.253+0300][85,310s][info ][gc] GC(1502) Pause Initial Mark 88M->88M(123M) 0,702ms
[2021-04-30T09:36:23.254+0300][85,310s][info ][gc] GC(1502) Concurrent Mark
[2021-04-30T09:36:23.277+0300][85,334s][debug][gc] GC(1502) Concurrent active time: 0,024ms
[2021-04-30T09:36:23.277+0300][85,334s][info ][gc] GC(1502) Concurrent Mark 23,917ms
[2021-04-30T09:36:23.277+0300][85,334s][info ][gc] GC(1502) Concurrent Preclean
[2021-04-30T09:36:23.294+0300][85,351s][debug][gc] GC(1502) Concurrent active time: 0,017ms
[2021-04-30T09:36:23.294+0300][85,351s][info ][gc] GC(1502) Concurrent Preclean 17,009ms
[2021-04-30T09:36:23.294+0300][85,351s][info ][gc] GC(1502) Concurrent Abortable Preclean
[2021-04-30T09:36:23.294+0300][85,351s][debug][gc] GC(1502) Concurrent active time: 0,000ms
[2021-04-30T09:36:23.295+0300][85,351s][info ][gc] GC(1502) Concurrent Abortable Preclean 0,012ms
[2021-04-30T09:36:23.295+0300][85,351s][debug][gc] GC(1502) YG occupancy: 28516 K (39296 K)
[2021-04-30T09:36:23.300+0300][85,357s][info ][gc] GC(1502) Pause Remark 113M->113M(123M) 5,810ms
[2021-04-30T09:36:23.300+0300][85,357s][info ][gc] GC(1502) Concurrent Sweep
[2021-04-30T09:36:23.319+0300][85,376s][debug][gc] GC(1502) Concurrent active time: 0,012ms
[2021-04-30T09:36:23.319+0300][85,376s][info ][gc] GC(1502) Concurrent Sweep 18,559ms
[2021-04-30T09:36:23.319+0300][85,376s][info ][gc] GC(1502) Concurrent Reset
[2021-04-30T09:36:23.319+0300][85,376s][debug][gc] GC(1502) Concurrent active time: 0,000ms
[2021-04-30T09:36:23.319+0300][85,376s][info ][gc] GC(1502) Concurrent Reset 0,068ms
[2021-04-30T09:36:23.385+0300][85,442s][info ][gc] GC(1504) Pause Full (Allocation Failure) 123M->88M(123M) 48,037ms
[2021-04-30T09:36:23.385+0300][85,442s][info ][gc] GC(1503) Pause Young (Allocation Failure) 123M->88M(123M) 48,108ms
[2021-04-30T09:36:23.386+0300][85,443s][info ][gc] GC(1505) Pause Initial Mark 89M->89M(123M) 0,642ms
[2021-04-30T09:36:23.386+0300][85,443s][info ][gc] GC(1505) Concurrent Mark
[2021-04-30T09:36:23.409+0300][85,465s][debug][gc] GC(1505) Concurrent active time: 0,022ms
[2021-04-30T09:36:23.409+0300][85,465s][info ][gc] GC(1505) Concurrent Mark 22,242ms
[2021-04-30T09:36:23.409+0300][85,465s][info ][gc] GC(1505) Concurrent Preclean
[2021-04-30T09:36:23.425+0300][85,481s][debug][gc] GC(1505) Concurrent active time: 0,016ms
[2021-04-30T09:36:23.425+0300][85,482s][info ][gc] GC(1505) Concurrent Preclean 16,287ms
[2021-04-30T09:36:23.425+0300][85,482s][info ][gc] GC(1505) Concurrent Abortable Preclean
[2021-04-30T09:36:23.425+0300][85,482s][debug][gc] GC(1505) Concurrent active time: 0,000ms
[2021-04-30T09:36:23.425+0300][85,482s][info ][gc] GC(1505) Concurrent Abortable Preclean 0,012ms
[2021-04-30T09:36:23.425+0300][85,482s][debug][gc] GC(1505) YG occupancy: 27751 K (39296 K)
[2021-04-30T09:36:23.431+0300][85,487s][info ][gc] GC(1505) Pause Remark 112M->112M(123M) 5,692ms
[2021-04-30T09:36:23.431+0300][85,487s][info ][gc] GC(1505) Concurrent Sweep
[2021-04-30T09:36:23.443+0300][85,500s][debug][gc] GC(1505) Concurrent active time: 0,012ms
[2021-04-30T09:36:23.443+0300][85,500s][info ][gc] GC(1505) Concurrent Sweep 12,452ms
[2021-04-30T09:36:23.443+0300][85,500s][info ][gc] GC(1505) Concurrent Reset
[2021-04-30T09:36:23.443+0300][85,500s][debug][gc] GC(1505) Concurrent active time: 0,000ms
[2021-04-30T09:36:23.443+0300][85,500s][info ][gc] GC(1505) Concurrent Reset 0,065ms
[2021-04-30T09:36:23.519+0300][85,576s][info ][gc] GC(1507) Pause Full (Allocation Failure) 123M->89M(123M) 50,017ms
[2021-04-30T09:36:23.519+0300][85,576s][info ][gc] GC(1506) Pause Young (Allocation Failure) 123M->89M(123M) 50,093ms
[2021-04-30T09:36:23.520+0300][85,577s][info ][gc] GC(1508) Pause Initial Mark 89M->89M(123M) 0,745ms
[2021-04-30T09:36:23.520+0300][85,577s][info ][gc] GC(1508) Concurrent Mark
[2021-04-30T09:36:23.543+0300][85,600s][debug][gc] GC(1508) Concurrent active time: 0,023ms
[2021-04-30T09:36:23.543+0300][85,600s][info ][gc] GC(1508) Concurrent Mark 22,850ms
[2021-04-30T09:36:23.543+0300][85,600s][info ][gc] GC(1508) Concurrent Preclean
[2021-04-30T09:36:23.560+0300][85,617s][debug][gc] GC(1508) Concurrent active time: 0,017ms
[2021-04-30T09:36:23.560+0300][85,617s][info ][gc] GC(1508) Concurrent Preclean 16,978ms
[2021-04-30T09:36:23.560+0300][85,617s][info ][gc] GC(1508) Concurrent Abortable Preclean
[2021-04-30T09:36:23.560+0300][85,617s][debug][gc] GC(1508) Concurrent active time: 0,000ms
[2021-04-30T09:36:23.560+0300][85,617s][info ][gc] GC(1508) Concurrent Abortable Preclean 0,012ms
[2021-04-30T09:36:23.560+0300][85,617s][debug][gc] GC(1508) YG occupancy: 30434 K (39296 K)
[2021-04-30T09:36:23.566+0300][85,623s][info ][gc] GC(1508) Pause Remark 115M->115M(123M) 6,089ms
[2021-04-30T09:36:23.567+0300][85,623s][info ][gc] GC(1508) Concurrent Sweep
[2021-04-30T09:36:23.580+0300][85,636s][debug][gc] GC(1508) Concurrent active time: 0,013ms
[2021-04-30T09:36:23.580+0300][85,636s][info ][gc] GC(1508) Concurrent Sweep 13,233ms
[2021-04-30T09:36:23.580+0300][85,636s][info ][gc] GC(1508) Concurrent Reset
[2021-04-30T09:36:23.580+0300][85,636s][debug][gc] GC(1508) Concurrent active time: 0,000ms
[2021-04-30T09:36:23.580+0300][85,636s][info ][gc] GC(1508) Concurrent Reset 0,066ms
[2021-04-30T09:36:23.651+0300][85,707s][info ][gc] GC(1510) Pause Full (Allocation Failure) 123M->89M(123M) 48,069ms
[2021-04-30T09:36:23.651+0300][85,707s][info ][gc] GC(1509) Pause Young (Allocation Failure) 123M->89M(123M) 48,139ms
[2021-04-30T09:36:23.652+0300][85,708s][info ][gc] GC(1511) Pause Initial Mark 90M->90M(123M) 0,834ms
[2021-04-30T09:36:23.652+0300][85,708s][info ][gc] GC(1511) Concurrent Mark
[2021-04-30T09:36:23.678+0300][85,735s][debug][gc] GC(1511) Concurrent active time: 0,026ms
[2021-04-30T09:36:23.678+0300][85,735s][info ][gc] GC(1511) Concurrent Mark 26,143ms
[2021-04-30T09:36:23.678+0300][85,735s][info ][gc] GC(1511) Concurrent Preclean
[2021-04-30T09:36:23.695+0300][85,751s][debug][gc] GC(1511) Concurrent active time: 0,017ms
[2021-04-30T09:36:23.695+0300][85,751s][info ][gc] GC(1511) Concurrent Preclean 16,671ms
[2021-04-30T09:36:23.695+0300][85,751s][info ][gc] GC(1511) Concurrent Abortable Preclean
[2021-04-30T09:36:23.695+0300][85,751s][debug][gc] GC(1511) Concurrent active time: 0,000ms
[2021-04-30T09:36:23.695+0300][85,751s][info ][gc] GC(1511) Concurrent Abortable Preclean 0,012ms
[2021-04-30T09:36:23.695+0300][85,751s][debug][gc] GC(1511) YG occupancy: 32408 K (39296 K)
[2021-04-30T09:36:23.701+0300][85,758s][info ][gc] GC(1511) Pause Remark 117M->117M(123M) 6,305ms
[2021-04-30T09:36:23.701+0300][85,758s][info ][gc] GC(1511) Concurrent Sweep
[2021-04-30T09:36:23.716+0300][85,773s][debug][gc] GC(1511) Concurrent active time: 0,015ms
[2021-04-30T09:36:23.716+0300][85,773s][info ][gc] GC(1511) Concurrent Sweep 15,134ms
[2021-04-30T09:36:23.716+0300][85,773s][info ][gc] GC(1511) Concurrent Reset
[2021-04-30T09:36:23.716+0300][85,773s][debug][gc] GC(1511) Concurrent active time: 0,000ms
[2021-04-30T09:36:23.716+0300][85,773s][info ][gc] GC(1511) Concurrent Reset 0,066ms
[2021-04-30T09:36:23.781+0300][85,838s][info ][gc] GC(1513) Pause Full (Allocation Failure) 123M->90M(123M) 48,539ms
[2021-04-30T09:36:23.781+0300][85,838s][info ][gc] GC(1512) Pause Young (Allocation Failure) 123M->90M(123M) 48,610ms
[2021-04-30T09:36:23.782+0300][85,839s][info ][gc] GC(1514) Pause Initial Mark 90M->90M(123M) 0,892ms
[2021-04-30T09:36:23.783+0300][85,839s][info ][gc] GC(1514) Concurrent Mark
[2021-04-30T09:36:23.808+0300][85,865s][debug][gc] GC(1514) Concurrent active time: 0,026ms
[2021-04-30T09:36:23.808+0300][85,865s][info ][gc] GC(1514) Concurrent Mark 25,719ms
[2021-04-30T09:36:23.808+0300][85,865s][info ][gc] GC(1514) Concurrent Preclean
[2021-04-30T09:36:23.827+0300][85,884s][debug][gc] GC(1514) Concurrent active time: 0,019ms
[2021-04-30T09:36:23.827+0300][85,884s][info ][gc] GC(1514) Concurrent Preclean 18,874ms
[2021-04-30T09:36:23.827+0300][85,884s][info ][gc] GC(1514) Concurrent Abortable Preclean
[2021-04-30T09:36:23.827+0300][85,884s][debug][gc] GC(1514) Concurrent active time: 0,000ms
[2021-04-30T09:36:23.827+0300][85,884s][info ][gc] GC(1514) Concurrent Abortable Preclean 0,013ms
[2021-04-30T09:36:23.827+0300][85,884s][debug][gc] GC(1514) YG occupancy: 31567 K (39296 K)
[2021-04-30T09:36:23.836+0300][85,893s][info ][gc] GC(1514) Pause Remark 116M->116M(123M) 9,053ms
[2021-04-30T09:36:23.836+0300][85,893s][info ][gc] GC(1514) Concurrent Sweep
[2021-04-30T09:36:23.850+0300][85,907s][debug][gc] GC(1514) Concurrent active time: 0,014ms
[2021-04-30T09:36:23.850+0300][85,907s][info ][gc] GC(1514) Concurrent Sweep 13,765ms
[2021-04-30T09:36:23.850+0300][85,907s][info ][gc] GC(1514) Concurrent Reset
[2021-04-30T09:36:23.850+0300][85,907s][debug][gc] GC(1514) Concurrent active time: 0,000ms
[2021-04-30T09:36:23.850+0300][85,907s][info ][gc] GC(1514) Concurrent Reset 0,072ms
[2021-04-30T09:36:23.926+0300][85,982s][info ][gc] GC(1516) Pause Full (Allocation Failure) 123M->90M(123M) 52,963ms
[2021-04-30T09:36:23.926+0300][85,982s][info ][gc] GC(1515) Pause Young (Allocation Failure) 123M->90M(123M) 53,036ms
[2021-04-30T09:36:23.927+0300][85,983s][info ][gc] GC(1517) Pause Initial Mark 91M->91M(123M) 1,003ms
[2021-04-30T09:36:23.927+0300][85,983s][info ][gc] GC(1517) Concurrent Mark
[2021-04-30T09:36:23.955+0300][86,012s][debug][gc] GC(1517) Concurrent active time: 0,027ms
[2021-04-30T09:36:23.955+0300][86,012s][info ][gc] GC(1517) Concurrent Mark 28,223ms
[2021-04-30T09:36:23.955+0300][86,012s][info ][gc] GC(1517) Concurrent Preclean
[2021-04-30T09:36:23.973+0300][86,029s][debug][gc] GC(1517) Concurrent active time: 0,017ms
[2021-04-30T09:36:23.973+0300][86,029s][info ][gc] GC(1517) Concurrent Preclean 17,412ms
[2021-04-30T09:36:23.973+0300][86,029s][info ][gc] GC(1517) Concurrent Abortable Preclean
[2021-04-30T09:36:23.973+0300][86,029s][debug][gc] GC(1517) Concurrent active time: 0,000ms
[2021-04-30T09:36:23.973+0300][86,029s][info ][gc] GC(1517) Concurrent Abortable Preclean 0,012ms
[2021-04-30T09:36:23.973+0300][86,029s][debug][gc] GC(1517) YG occupancy: 29928 K (39296 K)
[2021-04-30T09:36:23.981+0300][86,038s][info ][gc] GC(1517) Pause Remark 114M->114M(123M) 8,527ms
[2021-04-30T09:36:23.981+0300][86,038s][info ][gc] GC(1517) Concurrent Sweep
[2021-04-30T09:36:23.994+0300][86,051s][debug][gc] GC(1517) Concurrent active time: 0,013ms
[2021-04-30T09:36:23.994+0300][86,051s][info ][gc] GC(1517) Concurrent Sweep 12,789ms
[2021-04-30T09:36:23.994+0300][86,051s][info ][gc] GC(1517) Concurrent Reset
[2021-04-30T09:36:23.994+0300][86,051s][debug][gc] GC(1517) Concurrent active time: 0,000ms
[2021-04-30T09:36:23.994+0300][86,051s][info ][gc] GC(1517) Concurrent Reset 0,072ms
[2021-04-30T09:36:24.066+0300][86,123s][info ][gc] GC(1519) Pause Full (Allocation Failure) 123M->91M(123M) 50,270ms
[2021-04-30T09:36:24.066+0300][86,123s][info ][gc] GC(1518) Pause Young (Allocation Failure) 123M->91M(123M) 50,340ms
[2021-04-30T09:36:24.068+0300][86,124s][info ][gc] GC(1520) Pause Initial Mark 91M->91M(123M) 1,369ms
[2021-04-30T09:36:24.068+0300][86,124s][info ][gc] GC(1520) Concurrent Mark
[2021-04-30T09:36:24.093+0300][86,149s][debug][gc] GC(1520) Concurrent active time: 0,025ms
[2021-04-30T09:36:24.093+0300][86,149s][info ][gc] GC(1520) Concurrent Mark 25,005ms
[2021-04-30T09:36:24.093+0300][86,149s][info ][gc] GC(1520) Concurrent Preclean
[2021-04-30T09:36:24.112+0300][86,168s][debug][gc] GC(1520) Concurrent active time: 0,019ms
[2021-04-30T09:36:24.112+0300][86,168s][info ][gc] GC(1520) Concurrent Preclean 18,979ms
[2021-04-30T09:36:24.112+0300][86,168s][info ][gc] GC(1520) Concurrent Abortable Preclean
[2021-04-30T09:36:24.112+0300][86,168s][debug][gc] GC(1520) Concurrent active time: 0,000ms
[2021-04-30T09:36:24.112+0300][86,168s][info ][gc] GC(1520) Concurrent Abortable Preclean 0,012ms
[2021-04-30T09:36:24.112+0300][86,168s][debug][gc] GC(1520) YG occupancy: 34219 K (39296 K)
[2021-04-30T09:36:24.122+0300][86,179s][info ][gc] GC(1520) Pause Remark 118M->118M(123M) 10,368ms
[2021-04-30T09:36:24.122+0300][86,179s][info ][gc] GC(1520) Concurrent Sweep
[2021-04-30T09:36:24.134+0300][86,191s][debug][gc] GC(1520) Concurrent active time: 0,012ms
[2021-04-30T09:36:24.134+0300][86,191s][info ][gc] GC(1520) Concurrent Sweep 12,131ms
[2021-04-30T09:36:24.134+0300][86,191s][info ][gc] GC(1520) Concurrent Reset
[2021-04-30T09:36:24.135+0300][86,191s][debug][gc] GC(1520) Concurrent active time: 0,000ms
[2021-04-30T09:36:24.135+0300][86,191s][info ][gc] GC(1520) Concurrent Reset 0,066ms
[2021-04-30T09:36:24.201+0300][86,258s][info ][gc] GC(1522) Pause Full (Allocation Failure) 123M->91M(123M) 51,173ms
[2021-04-30T09:36:24.201+0300][86,258s][info ][gc] GC(1521) Pause Young (Allocation Failure) 123M->91M(123M) 51,251ms
[2021-04-30T09:36:24.203+0300][86,259s][info ][gc] GC(1523) Pause Initial Mark 92M->92M(123M) 1,099ms
[2021-04-30T09:36:24.203+0300][86,259s][info ][gc] GC(1523) Concurrent Mark
[2021-04-30T09:36:24.230+0300][86,286s][debug][gc] GC(1523) Concurrent active time: 0,027ms
[2021-04-30T09:36:24.230+0300][86,286s][info ][gc] GC(1523) Concurrent Mark 27,087ms
[2021-04-30T09:36:24.230+0300][86,286s][info ][gc] GC(1523) Concurrent Preclean
[2021-04-30T09:36:24.246+0300][86,303s][debug][gc] GC(1523) Concurrent active time: 0,017ms
[2021-04-30T09:36:24.246+0300][86,303s][info ][gc] GC(1523) Concurrent Preclean 16,626ms
[2021-04-30T09:36:24.246+0300][86,303s][info ][gc] GC(1523) Concurrent Abortable Preclean
[2021-04-30T09:36:24.246+0300][86,303s][debug][gc] GC(1523) Concurrent active time: 0,000ms
[2021-04-30T09:36:24.246+0300][86,303s][info ][gc] GC(1523) Concurrent Abortable Preclean 0,021ms
[2021-04-30T09:36:24.246+0300][86,303s][debug][gc] GC(1523) YG occupancy: 35062 K (39296 K)
[2021-04-30T09:36:24.254+0300][86,311s][info ][gc] GC(1523) Pause Remark 119M->119M(123M) 7,521ms
[2021-04-30T09:36:24.254+0300][86,311s][info ][gc] GC(1523) Concurrent Sweep
[2021-04-30T09:36:24.267+0300][86,324s][debug][gc] GC(1523) Concurrent active time: 0,013ms
[2021-04-30T09:36:24.267+0300][86,324s][info ][gc] GC(1523) Concurrent Sweep 13,045ms
[2021-04-30T09:36:24.267+0300][86,324s][info ][gc] GC(1523) Concurrent Reset
[2021-04-30T09:36:24.267+0300][86,324s][debug][gc] GC(1523) Concurrent active time: 0,000ms
[2021-04-30T09:36:24.267+0300][86,324s][info ][gc] GC(1523) Concurrent Reset 0,065ms
[2021-04-30T09:36:24.330+0300][86,387s][info ][gc] GC(1525) Pause Full (Allocation Failure) 123M->92M(123M) 49,127ms
[2021-04-30T09:36:24.330+0300][86,387s][info ][gc] GC(1524) Pause Young (Allocation Failure) 123M->92M(123M) 49,198ms
[2021-04-30T09:36:24.332+0300][86,388s][info ][gc] GC(1526) Pause Initial Mark 92M->92M(123M) 1,171ms
[2021-04-30T09:36:24.332+0300][86,389s][info ][gc] GC(1526) Concurrent Mark
[2021-04-30T09:36:24.352+0300][86,409s][debug][gc] GC(1526) Concurrent active time: 0,020ms
[2021-04-30T09:36:24.352+0300][86,409s][info ][gc] GC(1526) Concurrent Mark 20,325ms
[2021-04-30T09:36:24.352+0300][86,409s][info ][gc] GC(1526) Concurrent Preclean
[2021-04-30T09:36:24.368+0300][86,425s][debug][gc] GC(1526) Concurrent active time: 0,016ms
[2021-04-30T09:36:24.368+0300][86,425s][info ][gc] GC(1526) Concurrent Preclean 16,110ms
[2021-04-30T09:36:24.368+0300][86,425s][info ][gc] GC(1526) Concurrent Abortable Preclean
[2021-04-30T09:36:24.368+0300][86,425s][debug][gc] GC(1526) Concurrent active time: 0,000ms
[2021-04-30T09:36:24.368+0300][86,425s][info ][gc] GC(1526) Concurrent Abortable Preclean 0,022ms
[2021-04-30T09:36:24.368+0300][86,425s][debug][gc] GC(1526) YG occupancy: 31916 K (39296 K)
[2021-04-30T09:36:24.374+0300][86,431s][info ][gc] GC(1526) Pause Remark 116M->116M(123M) 5,997ms
[2021-04-30T09:36:24.375+0300][86,431s][info ][gc] GC(1526) Concurrent Sweep
[2021-04-30T09:36:24.387+0300][86,444s][debug][gc] GC(1526) Concurrent active time: 0,012ms
[2021-04-30T09:36:24.387+0300][86,444s][info ][gc] GC(1526) Concurrent Sweep 12,397ms
[2021-04-30T09:36:24.387+0300][86,444s][info ][gc] GC(1526) Concurrent Reset
[2021-04-30T09:36:24.387+0300][86,444s][debug][gc] GC(1526) Concurrent active time: 0,000ms
[2021-04-30T09:36:24.387+0300][86,444s][info ][gc] GC(1526) Concurrent Reset 0,067ms
[2021-04-30T09:36:24.462+0300][86,519s][info ][gc] GC(1528) Pause Full (Allocation Failure) 123M->92M(123M) 53,164ms
[2021-04-30T09:36:24.462+0300][86,519s][info ][gc] GC(1527) Pause Young (Allocation Failure) 123M->92M(123M) 53,236ms
[2021-04-30T09:36:24.464+0300][86,520s][info ][gc] GC(1529) Pause Initial Mark 93M->93M(123M) 1,281ms
[2021-04-30T09:36:24.464+0300][86,520s][info ][gc] GC(1529) Concurrent Mark
[2021-04-30T09:36:24.490+0300][86,547s][debug][gc] GC(1529) Concurrent active time: 0,026ms
[2021-04-30T09:36:24.490+0300][86,547s][info ][gc] GC(1529) Concurrent Mark 26,350ms
[2021-04-30T09:36:24.490+0300][86,547s][info ][gc] GC(1529) Concurrent Preclean
[2021-04-30T09:36:24.506+0300][86,563s][debug][gc] GC(1529) Concurrent active time: 0,016ms
[2021-04-30T09:36:24.506+0300][86,563s][info ][gc] GC(1529) Concurrent Preclean 16,271ms
[2021-04-30T09:36:24.506+0300][86,563s][info ][gc] GC(1529) Concurrent Abortable Preclean
[2021-04-30T09:36:24.506+0300][86,563s][debug][gc] GC(1529) Concurrent active time: 0,000ms
[2021-04-30T09:36:24.506+0300][86,563s][info ][gc] GC(1529) Concurrent Abortable Preclean 0,015ms
[2021-04-30T09:36:24.507+0300][86,563s][debug][gc] GC(1529) YG occupancy: 35010 K (39296 K)
[2021-04-30T09:36:24.513+0300][86,570s][info ][gc] GC(1529) Pause Remark 119M->119M(123M) 6,644ms
[2021-04-30T09:36:24.513+0300][86,570s][info ][gc] GC(1529) Concurrent Sweep
[2021-04-30T09:36:24.528+0300][86,584s][debug][gc] GC(1529) Concurrent active time: 0,014ms
[2021-04-30T09:36:24.528+0300][86,584s][info ][gc] GC(1529) Concurrent Sweep 14,302ms
[2021-04-30T09:36:24.528+0300][86,584s][info ][gc] GC(1529) Concurrent Reset
[2021-04-30T09:36:24.528+0300][86,584s][debug][gc] GC(1529) Concurrent active time: 0,000ms
[2021-04-30T09:36:24.528+0300][86,584s][info ][gc] GC(1529) Concurrent Reset 0,065ms
[2021-04-30T09:36:24.588+0300][86,645s][info ][gc] GC(1531) Pause Full (Allocation Failure) 123M->93M(123M) 48,749ms
[2021-04-30T09:36:24.588+0300][86,645s][info ][gc] GC(1530) Pause Young (Allocation Failure) 123M->93M(123M) 48,828ms
[2021-04-30T09:36:24.590+0300][86,646s][info ][gc] GC(1532) Pause Initial Mark 93M->93M(123M) 1,376ms
[2021-04-30T09:36:24.590+0300][86,646s][info ][gc] GC(1532) Concurrent Mark
[2021-04-30T09:36:24.617+0300][86,673s][debug][gc] GC(1532) Concurrent active time: 0,027ms
[2021-04-30T09:36:24.617+0300][86,673s][info ][gc] GC(1532) Concurrent Mark 26,867ms
[2021-04-30T09:36:24.617+0300][86,673s][info ][gc] GC(1532) Concurrent Preclean
[2021-04-30T09:36:24.633+0300][86,689s][debug][gc] GC(1532) Concurrent active time: 0,016ms
[2021-04-30T09:36:24.633+0300][86,689s][info ][gc] GC(1532) Concurrent Preclean 16,083ms
[2021-04-30T09:36:24.633+0300][86,689s][info ][gc] GC(1532) Concurrent Abortable Preclean
[2021-04-30T09:36:24.633+0300][86,689s][debug][gc] GC(1532) Concurrent active time: 0,000ms
[2021-04-30T09:36:24.633+0300][86,689s][info ][gc] GC(1532) Concurrent Abortable Preclean 0,012ms
[2021-04-30T09:36:24.633+0300][86,689s][debug][gc] GC(1532) YG occupancy: 35223 K (39296 K)
[2021-04-30T09:36:24.639+0300][86,696s][info ][gc] GC(1532) Pause Remark 119M->119M(123M) 6,587ms
[2021-04-30T09:36:24.639+0300][86,696s][info ][gc] GC(1532) Concurrent Sweep
[2021-04-30T09:36:24.651+0300][86,708s][debug][gc] GC(1532) Concurrent active time: 0,012ms
[2021-04-30T09:36:24.651+0300][86,708s][info ][gc] GC(1532) Concurrent Sweep 11,717ms
[2021-04-30T09:36:24.651+0300][86,708s][info ][gc] GC(1532) Concurrent Reset
[2021-04-30T09:36:24.651+0300][86,708s][debug][gc] GC(1532) Concurrent active time: 0,000ms
[2021-04-30T09:36:24.651+0300][86,708s][info ][gc] GC(1532) Concurrent Reset 0,066ms
[2021-04-30T09:36:24.719+0300][86,775s][info ][gc] GC(1534) Pause Full (Allocation Failure) 123M->93M(123M) 52,888ms
[2021-04-30T09:36:24.719+0300][86,775s][info ][gc] GC(1533) Pause Young (Allocation Failure) 123M->93M(123M) 52,970ms
[2021-04-30T09:36:24.720+0300][86,777s][info ][gc] GC(1535) Pause Initial Mark 94M->94M(123M) 1,508ms
[2021-04-30T09:36:24.720+0300][86,777s][info ][gc] GC(1535) Concurrent Mark
[2021-04-30T09:36:24.743+0300][86,799s][debug][gc] GC(1535) Concurrent active time: 0,022ms
[2021-04-30T09:36:24.743+0300][86,799s][info ][gc] GC(1535) Concurrent Mark 22,338ms
[2021-04-30T09:36:24.743+0300][86,799s][info ][gc] GC(1535) Concurrent Preclean
[2021-04-30T09:36:24.762+0300][86,819s][debug][gc] GC(1535) Concurrent active time: 0,019ms
[2021-04-30T09:36:24.762+0300][86,819s][info ][gc] GC(1535) Concurrent Preclean 19,335ms
[2021-04-30T09:36:24.762+0300][86,819s][info ][gc] GC(1535) Concurrent Abortable Preclean
[2021-04-30T09:36:24.762+0300][86,819s][debug][gc] GC(1535) Concurrent active time: 0,000ms
[2021-04-30T09:36:24.762+0300][86,819s][info ][gc] GC(1535) Concurrent Abortable Preclean 0,012ms
[2021-04-30T09:36:24.762+0300][86,819s][debug][gc] GC(1535) YG occupancy: 34980 K (39296 K)
[2021-04-30T09:36:24.768+0300][86,825s][info ][gc] GC(1535) Pause Remark 119M->119M(123M) 6,169ms
[2021-04-30T09:36:24.768+0300][86,825s][info ][gc] GC(1535) Concurrent Sweep
[2021-04-30T09:36:24.781+0300][86,838s][debug][gc] GC(1535) Concurrent active time: 0,013ms
[2021-04-30T09:36:24.782+0300][86,838s][info ][gc] GC(1535) Concurrent Sweep 13,076ms
[2021-04-30T09:36:24.782+0300][86,838s][info ][gc] GC(1535) Concurrent Reset
[2021-04-30T09:36:24.782+0300][86,838s][debug][gc] GC(1535) Concurrent active time: 0,000ms
[2021-04-30T09:36:24.782+0300][86,838s][info ][gc] GC(1535) Concurrent Reset 0,065ms
[2021-04-30T09:36:24.849+0300][86,905s][info ][gc] GC(1537) Pause Full (Allocation Failure) 123M->94M(123M) 51,282ms
[2021-04-30T09:36:24.849+0300][86,905s][info ][gc] GC(1536) Pause Young (Allocation Failure) 123M->94M(123M) 51,359ms
[2021-04-30T09:36:24.850+0300][86,907s][info ][gc] GC(1538) Pause Initial Mark 94M->94M(123M) 1,564ms
[2021-04-30T09:36:24.850+0300][86,907s][info ][gc] GC(1538) Concurrent Mark
[2021-04-30T09:36:24.875+0300][86,931s][debug][gc] GC(1538) Concurrent active time: 0,024ms
[2021-04-30T09:36:24.875+0300][86,931s][info ][gc] GC(1538) Concurrent Mark 24,413ms
[2021-04-30T09:36:24.875+0300][86,931s][info ][gc] GC(1538) Concurrent Preclean
[2021-04-30T09:36:24.895+0300][86,952s][debug][gc] GC(1538) Concurrent active time: 0,020ms
[2021-04-30T09:36:24.895+0300][86,952s][info ][gc] GC(1538) Concurrent Preclean 20,449ms
[2021-04-30T09:36:24.895+0300][86,952s][info ][gc] GC(1538) Concurrent Abortable Preclean
[2021-04-30T09:36:24.895+0300][86,952s][debug][gc] GC(1538) Concurrent active time: 0,000ms
[2021-04-30T09:36:24.895+0300][86,952s][info ][gc] GC(1538) Concurrent Abortable Preclean 0,012ms
[2021-04-30T09:36:24.895+0300][86,952s][debug][gc] GC(1538) YG occupancy: 35157 K (39296 K)
[2021-04-30T09:36:24.902+0300][86,958s][info ][gc] GC(1538) Pause Remark 119M->119M(123M) 6,313ms
[2021-04-30T09:36:24.902+0300][86,958s][info ][gc] GC(1538) Concurrent Sweep
[2021-04-30T09:36:24.914+0300][86,971s][debug][gc] GC(1538) Concurrent active time: 0,013ms
[2021-04-30T09:36:24.914+0300][86,971s][info ][gc] GC(1538) Concurrent Sweep 12,731ms
[2021-04-30T09:36:24.914+0300][86,971s][info ][gc] GC(1538) Concurrent Reset
[2021-04-30T09:36:24.915+0300][86,971s][debug][gc] GC(1538) Concurrent active time: 0,000ms
[2021-04-30T09:36:24.915+0300][86,971s][info ][gc] GC(1538) Concurrent Reset 0,128ms
[2021-04-30T09:36:24.984+0300][87,041s][info ][gc] GC(1540) Pause Full (Allocation Failure) 123M->94M(123M) 56,906ms
[2021-04-30T09:36:24.984+0300][87,041s][info ][gc] GC(1539) Pause Young (Allocation Failure) 123M->94M(123M) 57,006ms
[2021-04-30T09:36:24.986+0300][87,043s][info ][gc] GC(1541) Pause Initial Mark 95M->95M(123M) 1,700ms
[2021-04-30T09:36:24.986+0300][87,043s][info ][gc] GC(1541) Concurrent Mark
[2021-04-30T09:36:25.008+0300][87,065s][debug][gc] GC(1541) Concurrent active time: 0,021ms
[2021-04-30T09:36:25.009+0300][87,065s][info ][gc] GC(1541) Concurrent Mark 22,353ms
[2021-04-30T09:36:25.009+0300][87,065s][info ][gc] GC(1541) Concurrent Preclean
[2021-04-30T09:36:25.036+0300][87,093s][debug][gc] GC(1541) Concurrent active time: 0,028ms
[2021-04-30T09:36:25.036+0300][87,093s][info ][gc] GC(1541) Concurrent Preclean 27,768ms
[2021-04-30T09:36:25.036+0300][87,093s][info ][gc] GC(1541) Concurrent Abortable Preclean
[2021-04-30T09:36:25.036+0300][87,093s][debug][gc] GC(1541) Concurrent active time: 0,000ms
[2021-04-30T09:36:25.036+0300][87,093s][info ][gc] GC(1541) Concurrent Abortable Preclean 0,019ms
[2021-04-30T09:36:25.036+0300][87,093s][debug][gc] GC(1541) YG occupancy: 34944 K (39296 K)
[2021-04-30T09:36:25.043+0300][87,100s][info ][gc] GC(1541) Pause Remark 119M->119M(123M) 6,834ms
[2021-04-30T09:36:25.043+0300][87,100s][info ][gc] GC(1541) Concurrent Sweep
[2021-04-30T09:36:25.061+0300][87,118s][debug][gc] GC(1541) Concurrent active time: 0,018ms
[2021-04-30T09:36:25.061+0300][87,118s][info ][gc] GC(1541) Concurrent Sweep 17,740ms
[2021-04-30T09:36:25.061+0300][87,118s][info ][gc] GC(1541) Concurrent Reset
[2021-04-30T09:36:25.061+0300][87,118s][debug][gc] GC(1541) Concurrent active time: 0,000ms
[2021-04-30T09:36:25.061+0300][87,118s][info ][gc] GC(1541) Concurrent Reset 0,085ms
[2021-04-30T09:36:25.128+0300][87,185s][info ][gc] GC(1543) Pause Full (Allocation Failure) 123M->95M(123M) 51,140ms
[2021-04-30T09:36:25.128+0300][87,185s][info ][gc] GC(1542) Pause Young (Allocation Failure) 123M->95M(123M) 51,251ms
[2021-04-30T09:36:25.130+0300][87,187s][info ][gc] GC(1544) Pause Initial Mark 95M->95M(123M) 1,685ms
[2021-04-30T09:36:25.131+0300][87,187s][info ][gc] GC(1544) Concurrent Mark
[2021-04-30T09:36:25.151+0300][87,207s][debug][gc] GC(1544) Concurrent active time: 0,020ms
[2021-04-30T09:36:25.151+0300][87,208s][info ][gc] GC(1544) Concurrent Mark 20,330ms
[2021-04-30T09:36:25.151+0300][87,208s][info ][gc] GC(1544) Concurrent Preclean
[2021-04-30T09:36:25.176+0300][87,233s][debug][gc] GC(1544) Concurrent active time: 0,025ms
[2021-04-30T09:36:25.176+0300][87,233s][info ][gc] GC(1544) Concurrent Preclean 25,313ms
[2021-04-30T09:36:25.176+0300][87,233s][info ][gc] GC(1544) Concurrent Abortable Preclean
[2021-04-30T09:36:25.176+0300][87,233s][debug][gc] GC(1544) Concurrent active time: 0,000ms
[2021-04-30T09:36:25.176+0300][87,233s][info ][gc] GC(1544) Concurrent Abortable Preclean 0,019ms
[2021-04-30T09:36:25.176+0300][87,233s][debug][gc] GC(1544) YG occupancy: 34959 K (39296 K)
[2021-04-30T09:36:25.183+0300][87,239s][info ][gc] GC(1544) Pause Remark 119M->119M(123M) 6,160ms
[2021-04-30T09:36:25.183+0300][87,239s][info ][gc] GC(1544) Concurrent Sweep
[2021-04-30T09:36:25.199+0300][87,256s][debug][gc] GC(1544) Concurrent active time: 0,016ms
[2021-04-30T09:36:25.199+0300][87,256s][info ][gc] GC(1544) Concurrent Sweep 16,240ms
[2021-04-30T09:36:25.199+0300][87,256s][info ][gc] GC(1544) Concurrent Reset
[2021-04-30T09:36:25.199+0300][87,256s][debug][gc] GC(1544) Concurrent active time: 0,000ms
[2021-04-30T09:36:25.199+0300][87,256s][info ][gc] GC(1544) Concurrent Reset 0,066ms
[2021-04-30T09:36:25.264+0300][87,321s][info ][gc] GC(1546) Pause Full (Allocation Failure) 123M->95M(123M) 50,342ms
[2021-04-30T09:36:25.264+0300][87,321s][info ][gc] GC(1545) Pause Young (Allocation Failure) 123M->95M(123M) 50,423ms
[2021-04-30T09:36:25.266+0300][87,323s][info ][gc] GC(1547) Pause Initial Mark 96M->96M(123M) 1,746ms
[2021-04-30T09:36:25.266+0300][87,323s][info ][gc] GC(1547) Concurrent Mark
[2021-04-30T09:36:25.293+0300][87,350s][debug][gc] GC(1547) Concurrent active time: 0,027ms
[2021-04-30T09:36:25.293+0300][87,350s][info ][gc] GC(1547) Concurrent Mark 26,777ms
[2021-04-30T09:36:25.293+0300][87,350s][info ][gc] GC(1547) Concurrent Preclean
[2021-04-30T09:36:25.311+0300][87,368s][debug][gc] GC(1547) Concurrent active time: 0,018ms
[2021-04-30T09:36:25.311+0300][87,368s][info ][gc] GC(1547) Concurrent Preclean 17,930ms
[2021-04-30T09:36:25.311+0300][87,368s][info ][gc] GC(1547) Concurrent Abortable Preclean
[2021-04-30T09:36:25.311+0300][87,368s][debug][gc] GC(1547) Concurrent active time: 0,000ms
[2021-04-30T09:36:25.311+0300][87,368s][info ][gc] GC(1547) Concurrent Abortable Preclean 0,021ms
[2021-04-30T09:36:25.311+0300][87,368s][debug][gc] GC(1547) YG occupancy: 36116 K (39296 K)
[2021-04-30T09:36:25.318+0300][87,374s][info ][gc] GC(1547) Pause Remark 120M->120M(123M) 6,242ms
[2021-04-30T09:36:25.318+0300][87,374s][info ][gc] GC(1547) Concurrent Sweep
[2021-04-30T09:36:25.332+0300][87,388s][debug][gc] GC(1547) Concurrent active time: 0,014ms
[2021-04-30T09:36:25.332+0300][87,388s][info ][gc] GC(1547) Concurrent Sweep 14,053ms
[2021-04-30T09:36:25.332+0300][87,388s][info ][gc] GC(1547) Concurrent Reset
[2021-04-30T09:36:25.332+0300][87,388s][debug][gc] GC(1547) Concurrent active time: 0,000ms
[2021-04-30T09:36:25.332+0300][87,388s][info ][gc] GC(1547) Concurrent Reset 0,066ms
[2021-04-30T09:36:25.395+0300][87,452s][info ][gc] GC(1549) Pause Full (Allocation Failure) 123M->96M(123M) 54,577ms
[2021-04-30T09:36:25.395+0300][87,452s][info ][gc] GC(1548) Pause Young (Allocation Failure) 123M->96M(123M) 54,652ms
[2021-04-30T09:36:25.397+0300][87,454s][info ][gc] GC(1550) Pause Initial Mark 96M->96M(123M) 1,723ms
[2021-04-30T09:36:25.397+0300][87,454s][info ][gc] GC(1550) Concurrent Mark
[2021-04-30T09:36:25.417+0300][87,474s][debug][gc] GC(1550) Concurrent active time: 0,020ms
[2021-04-30T09:36:25.417+0300][87,474s][info ][gc] GC(1550) Concurrent Mark 20,087ms
[2021-04-30T09:36:25.417+0300][87,474s][info ][gc] GC(1550) Concurrent Preclean
[2021-04-30T09:36:25.433+0300][87,490s][debug][gc] GC(1550) Concurrent active time: 0,016ms
[2021-04-30T09:36:25.433+0300][87,490s][info ][gc] GC(1550) Concurrent Preclean 16,070ms
[2021-04-30T09:36:25.433+0300][87,490s][info ][gc] GC(1550) Concurrent Abortable Preclean
[2021-04-30T09:36:25.433+0300][87,490s][debug][gc] GC(1550) Concurrent active time: 0,000ms
[2021-04-30T09:36:25.433+0300][87,490s][info ][gc] GC(1550) Concurrent Abortable Preclean 0,012ms
[2021-04-30T09:36:25.433+0300][87,490s][debug][gc] GC(1550) YG occupancy: 35001 K (39296 K)
[2021-04-30T09:36:25.440+0300][87,496s][info ][gc] GC(1550) Pause Remark 119M->119M(123M) 6,171ms
[2021-04-30T09:36:25.440+0300][87,496s][info ][gc] GC(1550) Concurrent Sweep
[2021-04-30T09:36:25.454+0300][87,511s][debug][gc] GC(1550) Concurrent active time: 0,014ms
[2021-04-30T09:36:25.454+0300][87,511s][info ][gc] GC(1550) Concurrent Sweep 14,351ms
[2021-04-30T09:36:25.454+0300][87,511s][info ][gc] GC(1550) Concurrent Reset
[2021-04-30T09:36:25.454+0300][87,511s][debug][gc] GC(1550) Concurrent active time: 0,000ms
[2021-04-30T09:36:25.454+0300][87,511s][info ][gc] GC(1550) Concurrent Reset 0,065ms
[2021-04-30T09:36:25.519+0300][87,575s][info ][gc] GC(1552) Pause Full (Allocation Failure) 123M->96M(123M) 49,970ms
[2021-04-30T09:36:25.519+0300][87,575s][info ][gc] GC(1551) Pause Young (Allocation Failure) 123M->96M(123M) 50,047ms
[2021-04-30T09:36:25.521+0300][87,577s][info ][gc] GC(1553) Pause Initial Mark 97M->97M(123M) 1,758ms
[2021-04-30T09:36:25.521+0300][87,577s][info ][gc] GC(1553) Concurrent Mark
[2021-04-30T09:36:25.541+0300][87,598s][debug][gc] GC(1553) Concurrent active time: 0,020ms
[2021-04-30T09:36:25.541+0300][87,598s][info ][gc] GC(1553) Concurrent Mark 20,100ms
[2021-04-30T09:36:25.541+0300][87,598s][info ][gc] GC(1553) Concurrent Preclean
[2021-04-30T09:36:25.557+0300][87,614s][debug][gc] GC(1553) Concurrent active time: 0,016ms
[2021-04-30T09:36:25.557+0300][87,614s][info ][gc] GC(1553) Concurrent Preclean 16,071ms
[2021-04-30T09:36:25.557+0300][87,614s][info ][gc] GC(1553) Concurrent Abortable Preclean
[2021-04-30T09:36:25.557+0300][87,614s][debug][gc] GC(1553) Concurrent active time: 0,000ms
[2021-04-30T09:36:25.557+0300][87,614s][info ][gc] GC(1553) Concurrent Abortable Preclean 0,023ms
[2021-04-30T09:36:25.557+0300][87,614s][debug][gc] GC(1553) YG occupancy: 35072 K (39296 K)
[2021-04-30T09:36:25.563+0300][87,620s][info ][gc] GC(1553) Pause Remark 119M->119M(123M) 6,113ms
[2021-04-30T09:36:25.563+0300][87,620s][info ][gc] GC(1553) Concurrent Sweep
[2021-04-30T09:36:25.578+0300][87,634s][debug][gc] GC(1553) Concurrent active time: 0,014ms
[2021-04-30T09:36:25.578+0300][87,634s][info ][gc] GC(1553) Concurrent Sweep 14,148ms
[2021-04-30T09:36:25.578+0300][87,634s][info ][gc] GC(1553) Concurrent Reset
[2021-04-30T09:36:25.578+0300][87,634s][debug][gc] GC(1553) Concurrent active time: 0,000ms
[2021-04-30T09:36:25.578+0300][87,634s][info ][gc] GC(1553) Concurrent Reset 0,082ms
[2021-04-30T09:36:25.646+0300][87,703s][info ][gc] GC(1555) Pause Full (Allocation Failure) 123M->97M(123M) 55,128ms
[2021-04-30T09:36:25.646+0300][87,703s][info ][gc] GC(1554) Pause Young (Allocation Failure) 123M->97M(123M) 55,205ms
[2021-04-30T09:36:25.649+0300][87,705s][info ][gc] GC(1556) Pause Initial Mark 97M->97M(123M) 2,485ms
[2021-04-30T09:36:25.649+0300][87,705s][info ][gc] GC(1556) Concurrent Mark
[2021-04-30T09:36:25.669+0300][87,726s][debug][gc] GC(1556) Concurrent active time: 0,020ms
[2021-04-30T09:36:25.669+0300][87,726s][info ][gc] GC(1556) Concurrent Mark 20,460ms
[2021-04-30T09:36:25.669+0300][87,726s][info ][gc] GC(1556) Concurrent Preclean
[2021-04-30T09:36:25.687+0300][87,744s][debug][gc] GC(1556) Concurrent active time: 0,018ms
[2021-04-30T09:36:25.687+0300][87,744s][info ][gc] GC(1556) Concurrent Preclean 18,103ms
[2021-04-30T09:36:25.687+0300][87,744s][info ][gc] GC(1556) Concurrent Abortable Preclean
[2021-04-30T09:36:25.687+0300][87,744s][debug][gc] GC(1556) Concurrent active time: 0,000ms
[2021-04-30T09:36:25.687+0300][87,744s][info ][gc] GC(1556) Concurrent Abortable Preclean 0,012ms
[2021-04-30T09:36:25.687+0300][87,744s][debug][gc] GC(1556) YG occupancy: 35213 K (39296 K)
[2021-04-30T09:36:25.694+0300][87,750s][info ][gc] GC(1556) Pause Remark 119M->119M(123M) 6,238ms
[2021-04-30T09:36:25.694+0300][87,750s][info ][gc] GC(1556) Concurrent Sweep
[2021-04-30T09:36:25.706+0300][87,762s][debug][gc] GC(1556) Concurrent active time: 0,012ms
[2021-04-30T09:36:25.706+0300][87,762s][info ][gc] GC(1556) Concurrent Sweep 11,876ms
[2021-04-30T09:36:25.706+0300][87,762s][info ][gc] GC(1556) Concurrent Reset
[2021-04-30T09:36:25.706+0300][87,762s][debug][gc] GC(1556) Concurrent active time: 0,000ms
[2021-04-30T09:36:25.706+0300][87,762s][info ][gc] GC(1556) Concurrent Reset 0,065ms
[2021-04-30T09:36:25.770+0300][87,826s][info ][gc] GC(1558) Pause Full (Allocation Failure) 123M->97M(123M) 49,722ms
[2021-04-30T09:36:25.770+0300][87,826s][info ][gc] GC(1557) Pause Young (Allocation Failure) 123M->97M(123M) 49,795ms
[2021-04-30T09:36:25.772+0300][87,829s][info ][gc] GC(1559) Pause Initial Mark 98M->98M(123M) 1,972ms
[2021-04-30T09:36:25.772+0300][87,829s][info ][gc] GC(1559) Concurrent Mark
[2021-04-30T09:36:25.794+0300][87,851s][debug][gc] GC(1559) Concurrent active time: 0,022ms
[2021-04-30T09:36:25.794+0300][87,851s][info ][gc] GC(1559) Concurrent Mark 22,068ms
[2021-04-30T09:36:25.794+0300][87,851s][info ][gc] GC(1559) Concurrent Preclean
[2021-04-30T09:36:25.811+0300][87,868s][debug][gc] GC(1559) Concurrent active time: 0,017ms
[2021-04-30T09:36:25.811+0300][87,868s][info ][gc] GC(1559) Concurrent Preclean 16,996ms
[2021-04-30T09:36:25.811+0300][87,868s][info ][gc] GC(1559) Concurrent Abortable Preclean
[2021-04-30T09:36:25.811+0300][87,868s][debug][gc] GC(1559) Concurrent active time: 0,000ms
[2021-04-30T09:36:25.811+0300][87,868s][info ][gc] GC(1559) Concurrent Abortable Preclean 0,012ms
[2021-04-30T09:36:25.811+0300][87,868s][debug][gc] GC(1559) YG occupancy: 35650 K (39296 K)
[2021-04-30T09:36:25.818+0300][87,874s][info ][gc] GC(1559) Pause Remark 120M->120M(123M) 6,191ms
[2021-04-30T09:36:25.818+0300][87,874s][info ][gc] GC(1559) Concurrent Sweep
[2021-04-30T09:36:25.831+0300][87,887s][debug][gc] GC(1559) Concurrent active time: 0,013ms
[2021-04-30T09:36:25.831+0300][87,887s][info ][gc] GC(1559) Concurrent Sweep 12,917ms
[2021-04-30T09:36:25.831+0300][87,887s][info ][gc] GC(1559) Concurrent Reset
[2021-04-30T09:36:25.831+0300][87,887s][debug][gc] GC(1559) Concurrent active time: 0,000ms
[2021-04-30T09:36:25.831+0300][87,887s][info ][gc] GC(1559) Concurrent Reset 0,067ms
[2021-04-30T09:36:25.897+0300][87,953s][info ][gc] GC(1561) Pause Full (Allocation Failure) 123M->97M(123M) 54,210ms
[2021-04-30T09:36:25.897+0300][87,953s][info ][gc] GC(1560) Pause Young (Allocation Failure) 123M->97M(123M) 54,285ms
[2021-04-30T09:36:25.899+0300][87,956s][info ][gc] GC(1562) Pause Initial Mark 98M->98M(123M) 2,200ms
[2021-04-30T09:36:25.899+0300][87,956s][info ][gc] GC(1562) Concurrent Mark
[2021-04-30T09:36:25.922+0300][87,978s][debug][gc] GC(1562) Concurrent active time: 0,022ms
[2021-04-30T09:36:25.922+0300][87,978s][info ][gc] GC(1562) Concurrent Mark 22,310ms
[2021-04-30T09:36:25.922+0300][87,978s][info ][gc] GC(1562) Concurrent Preclean
[2021-04-30T09:36:25.948+0300][88,005s][debug][gc] GC(1562) Concurrent active time: 0,027ms
[2021-04-30T09:36:25.948+0300][88,005s][info ][gc] GC(1562) Concurrent Preclean 26,802ms
[2021-04-30T09:36:25.948+0300][88,005s][info ][gc] GC(1562) Concurrent Abortable Preclean
[2021-04-30T09:36:25.948+0300][88,005s][debug][gc] GC(1562) Concurrent active time: 0,000ms
[2021-04-30T09:36:25.948+0300][88,005s][info ][gc] GC(1562) Concurrent Abortable Preclean 0,012ms
[2021-04-30T09:36:25.949+0300][88,005s][debug][gc] GC(1562) YG occupancy: 35693 K (39296 K)
[2021-04-30T09:36:25.956+0300][88,012s][info ][gc] GC(1562) Pause Remark 120M->120M(123M) 7,096ms
[2021-04-30T09:36:25.956+0300][88,012s][info ][gc] GC(1562) Concurrent Sweep
[2021-04-30T09:36:25.968+0300][88,025s][debug][gc] GC(1562) Concurrent active time: 0,012ms
[2021-04-30T09:36:25.968+0300][88,025s][info ][gc] GC(1562) Concurrent Sweep 12,288ms
[2021-04-30T09:36:25.968+0300][88,025s][info ][gc] GC(1562) Concurrent Reset
[2021-04-30T09:36:25.968+0300][88,025s][debug][gc] GC(1562) Concurrent active time: 0,000ms
[2021-04-30T09:36:25.968+0300][88,025s][info ][gc] GC(1562) Concurrent Reset 0,068ms
[2021-04-30T09:36:26.030+0300][88,086s][info ][gc] GC(1564) Pause Full (Allocation Failure) 123M->98M(123M) 51,726ms
[2021-04-30T09:36:26.030+0300][88,086s][info ][gc] GC(1563) Pause Young (Allocation Failure) 123M->98M(123M) 51,805ms
[2021-04-30T09:36:26.032+0300][88,089s][info ][gc] GC(1565) Pause Initial Mark 98M->98M(123M) 2,013ms
[2021-04-30T09:36:26.032+0300][88,089s][info ][gc] GC(1565) Concurrent Mark
[2021-04-30T09:36:26.056+0300][88,113s][debug][gc] GC(1565) Concurrent active time: 0,024ms
[2021-04-30T09:36:26.056+0300][88,113s][info ][gc] GC(1565) Concurrent Mark 24,114ms
[2021-04-30T09:36:26.056+0300][88,113s][info ][gc] GC(1565) Concurrent Preclean
[2021-04-30T09:36:26.073+0300][88,129s][debug][gc] GC(1565) Concurrent active time: 0,016ms
[2021-04-30T09:36:26.073+0300][88,129s][info ][gc] GC(1565) Concurrent Preclean 16,369ms
[2021-04-30T09:36:26.073+0300][88,129s][info ][gc] GC(1565) Concurrent Abortable Preclean
[2021-04-30T09:36:26.073+0300][88,129s][debug][gc] GC(1565) Concurrent active time: 0,000ms
[2021-04-30T09:36:26.073+0300][88,129s][info ][gc] GC(1565) Concurrent Abortable Preclean 0,014ms
[2021-04-30T09:36:26.073+0300][88,129s][debug][gc] GC(1565) YG occupancy: 34944 K (39296 K)
[2021-04-30T09:36:26.079+0300][88,136s][info ][gc] GC(1565) Pause Remark 119M->119M(123M) 6,261ms
[2021-04-30T09:36:26.079+0300][88,136s][info ][gc] GC(1565) Concurrent Sweep
[2021-04-30T09:36:26.091+0300][88,148s][debug][gc] GC(1565) Concurrent active time: 0,012ms
[2021-04-30T09:36:26.091+0300][88,148s][info ][gc] GC(1565) Concurrent Sweep 12,304ms
[2021-04-30T09:36:26.091+0300][88,148s][info ][gc] GC(1565) Concurrent Reset
[2021-04-30T09:36:26.092+0300][88,148s][debug][gc] GC(1565) Concurrent active time: 0,000ms
[2021-04-30T09:36:26.092+0300][88,148s][info ][gc] GC(1565) Concurrent Reset 0,083ms
[2021-04-30T09:36:26.157+0300][88,213s][info ][gc] GC(1567) Pause Full (Allocation Failure) 123M->98M(123M) 50,711ms
[2021-04-30T09:36:26.157+0300][88,213s][info ][gc] GC(1566) Pause Young (Allocation Failure) 123M->98M(123M) 50,794ms
[2021-04-30T09:36:26.159+0300][88,216s][info ][gc] GC(1568) Pause Initial Mark 99M->99M(123M) 2,230ms
[2021-04-30T09:36:26.159+0300][88,216s][info ][gc] GC(1568) Concurrent Mark
[2021-04-30T09:36:26.185+0300][88,241s][debug][gc] GC(1568) Concurrent active time: 0,025ms
[2021-04-30T09:36:26.185+0300][88,241s][info ][gc] GC(1568) Concurrent Mark 25,502ms
[2021-04-30T09:36:26.185+0300][88,241s][info ][gc] GC(1568) Concurrent Preclean
[2021-04-30T09:36:26.202+0300][88,258s][debug][gc] GC(1568) Concurrent active time: 0,017ms
[2021-04-30T09:36:26.202+0300][88,258s][info ][gc] GC(1568) Concurrent Preclean 16,976ms
[2021-04-30T09:36:26.202+0300][88,258s][info ][gc] GC(1568) Concurrent Abortable Preclean
[2021-04-30T09:36:26.202+0300][88,258s][debug][gc] GC(1568) Concurrent active time: 0,000ms
[2021-04-30T09:36:26.202+0300][88,258s][info ][gc] GC(1568) Concurrent Abortable Preclean 0,014ms
[2021-04-30T09:36:26.202+0300][88,259s][debug][gc] GC(1568) YG occupancy: 36335 K (39296 K)
[2021-04-30T09:36:26.209+0300][88,266s][info ][gc] GC(1568) Pause Remark 120M->120M(123M) 7,209ms
[2021-04-30T09:36:26.209+0300][88,266s][info ][gc] GC(1568) Concurrent Sweep
[2021-04-30T09:36:26.223+0300][88,280s][debug][gc] GC(1568) Concurrent active time: 0,014ms
[2021-04-30T09:36:26.223+0300][88,280s][info ][gc] GC(1568) Concurrent Sweep 13,691ms
[2021-04-30T09:36:26.223+0300][88,280s][info ][gc] GC(1568) Concurrent Reset
[2021-04-30T09:36:26.223+0300][88,280s][debug][gc] GC(1568) Concurrent active time: 0,000ms
[2021-04-30T09:36:26.223+0300][88,280s][info ][gc] GC(1568) Concurrent Reset 0,082ms
[2021-04-30T09:36:26.287+0300][88,343s][info ][gc] GC(1570) Pause Full (Allocation Failure) 123M->99M(123M) 54,412ms
[2021-04-30T09:36:26.287+0300][88,344s][info ][gc] GC(1569) Pause Young (Allocation Failure) 123M->99M(123M) 54,489ms
[2021-04-30T09:36:26.290+0300][88,346s][info ][gc] GC(1571) Pause Initial Mark 99M->99M(123M) 2,491ms
[2021-04-30T09:36:26.290+0300][88,346s][info ][gc] GC(1571) Concurrent Mark
[2021-04-30T09:36:26.311+0300][88,367s][debug][gc] GC(1571) Concurrent active time: 0,021ms
[2021-04-30T09:36:26.311+0300][88,367s][info ][gc] GC(1571) Concurrent Mark 21,007ms
[2021-04-30T09:36:26.311+0300][88,367s][info ][gc] GC(1571) Concurrent Preclean
[2021-04-30T09:36:26.327+0300][88,384s][debug][gc] GC(1571) Concurrent active time: 0,016ms
[2021-04-30T09:36:26.327+0300][88,384s][info ][gc] GC(1571) Concurrent Preclean 16,226ms
[2021-04-30T09:36:26.327+0300][88,384s][info ][gc] GC(1571) Concurrent Abortable Preclean
[2021-04-30T09:36:26.327+0300][88,384s][debug][gc] GC(1571) Concurrent active time: 0,000ms
[2021-04-30T09:36:26.327+0300][88,384s][info ][gc] GC(1571) Concurrent Abortable Preclean 0,012ms
[2021-04-30T09:36:26.327+0300][88,384s][debug][gc] GC(1571) YG occupancy: 35695 K (39296 K)
[2021-04-30T09:36:26.333+0300][88,390s][info ][gc] GC(1571) Pause Remark 120M->120M(123M) 6,005ms
[2021-04-30T09:36:26.333+0300][88,390s][info ][gc] GC(1571) Concurrent Sweep
[2021-04-30T09:36:26.345+0300][88,402s][debug][gc] GC(1571) Concurrent active time: 0,012ms
[2021-04-30T09:36:26.345+0300][88,402s][info ][gc] GC(1571) Concurrent Sweep 12,145ms
[2021-04-30T09:36:26.345+0300][88,402s][info ][gc] GC(1571) Concurrent Reset
[2021-04-30T09:36:26.346+0300][88,402s][debug][gc] GC(1571) Concurrent active time: 0,000ms
[2021-04-30T09:36:26.346+0300][88,402s][info ][gc] GC(1571) Concurrent Reset 0,065ms
[2021-04-30T09:36:26.405+0300][88,462s][info ][gc] GC(1573) Pause Full (Allocation Failure) 123M->99M(123M) 50,171ms
[2021-04-30T09:36:26.405+0300][88,462s][info ][gc] GC(1572) Pause Young (Allocation Failure) 123M->99M(123M) 50,241ms
[2021-04-30T09:36:26.408+0300][88,465s][info ][gc] GC(1574) Pause Initial Mark 100M->100M(123M) 2,493ms
[2021-04-30T09:36:26.408+0300][88,465s][info ][gc] GC(1574) Concurrent Mark
[2021-04-30T09:36:26.430+0300][88,486s][debug][gc] GC(1574) Concurrent active time: 0,021ms
[2021-04-30T09:36:26.430+0300][88,486s][info ][gc] GC(1574) Concurrent Mark 21,503ms
[2021-04-30T09:36:26.430+0300][88,486s][info ][gc] GC(1574) Concurrent Preclean
[2021-04-30T09:36:26.457+0300][88,513s][debug][gc] GC(1574) Concurrent active time: 0,027ms
[2021-04-30T09:36:26.457+0300][88,513s][info ][gc] GC(1574) Concurrent Preclean 27,140ms
[2021-04-30T09:36:26.457+0300][88,513s][info ][gc] GC(1574) Concurrent Abortable Preclean
[2021-04-30T09:36:26.457+0300][88,513s][debug][gc] GC(1574) Concurrent active time: 0,000ms
[2021-04-30T09:36:26.457+0300][88,513s][info ][gc] GC(1574) Concurrent Abortable Preclean 0,018ms
[2021-04-30T09:36:26.457+0300][88,514s][debug][gc] GC(1574) YG occupancy: 35883 K (39296 K)
[2021-04-30T09:36:26.463+0300][88,520s][info ][gc] GC(1574) Pause Remark 120M->120M(123M) 5,965ms
[2021-04-30T09:36:26.463+0300][88,520s][info ][gc] GC(1574) Concurrent Sweep
[2021-04-30T09:36:26.480+0300][88,536s][debug][gc] GC(1574) Concurrent active time: 0,017ms
[2021-04-30T09:36:26.480+0300][88,536s][info ][gc] GC(1574) Concurrent Sweep 16,596ms
[2021-04-30T09:36:26.480+0300][88,536s][info ][gc] GC(1574) Concurrent Reset
[2021-04-30T09:36:26.480+0300][88,536s][debug][gc] GC(1574) Concurrent active time: 0,000ms
[2021-04-30T09:36:26.480+0300][88,536s][info ][gc] GC(1574) Concurrent Reset 0,069ms
[2021-04-30T09:36:26.544+0300][88,601s][info ][gc] GC(1576) Pause Full (Allocation Failure) 123M->99M(123M) 55,464ms
[2021-04-30T09:36:26.544+0300][88,601s][info ][gc] GC(1575) Pause Young (Allocation Failure) 123M->99M(123M) 55,550ms
[2021-04-30T09:36:26.547+0300][88,603s][info ][gc] GC(1577) Pause Initial Mark 100M->100M(123M) 2,361ms
[2021-04-30T09:36:26.547+0300][88,603s][info ][gc] GC(1577) Concurrent Mark
[2021-04-30T09:36:26.575+0300][88,631s][debug][gc] GC(1577) Concurrent active time: 0,028ms
[2021-04-30T09:36:26.575+0300][88,631s][info ][gc] GC(1577) Concurrent Mark 27,886ms
[2021-04-30T09:36:26.575+0300][88,631s][info ][gc] GC(1577) Concurrent Preclean
[2021-04-30T09:36:26.591+0300][88,647s][debug][gc] GC(1577) Concurrent active time: 0,016ms
[2021-04-30T09:36:26.591+0300][88,647s][info ][gc] GC(1577) Concurrent Preclean 16,176ms
[2021-04-30T09:36:26.591+0300][88,647s][info ][gc] GC(1577) Concurrent Abortable Preclean
[2021-04-30T09:36:26.591+0300][88,647s][debug][gc] GC(1577) Concurrent active time: 0,000ms
[2021-04-30T09:36:26.591+0300][88,647s][info ][gc] GC(1577) Concurrent Abortable Preclean 0,013ms
[2021-04-30T09:36:26.591+0300][88,648s][debug][gc] GC(1577) YG occupancy: 36829 K (39296 K)
[2021-04-30T09:36:26.598+0300][88,654s][info ][gc] GC(1577) Pause Remark 121M->121M(123M) 6,633ms
[2021-04-30T09:36:26.598+0300][88,654s][info ][gc] GC(1577) Concurrent Sweep
[2021-04-30T09:36:26.610+0300][88,666s][debug][gc] GC(1577) Concurrent active time: 0,012ms
[2021-04-30T09:36:26.610+0300][88,666s][info ][gc] GC(1577) Concurrent Sweep 11,891ms
[2021-04-30T09:36:26.610+0300][88,666s][info ][gc] GC(1577) Concurrent Reset
[2021-04-30T09:36:26.610+0300][88,666s][debug][gc] GC(1577) Concurrent active time: 0,000ms
[2021-04-30T09:36:26.610+0300][88,666s][info ][gc] GC(1577) Concurrent Reset 0,066ms
[2021-04-30T09:36:26.664+0300][88,721s][info ][gc] GC(1579) Pause Full (Allocation Failure) 123M->100M(123M) 49,636ms
[2021-04-30T09:36:26.664+0300][88,721s][info ][gc] GC(1578) Pause Young (Allocation Failure) 123M->100M(123M) 49,708ms
[2021-04-30T09:36:26.667+0300][88,724s][info ][gc] GC(1580) Pause Initial Mark 100M->100M(123M) 2,520ms
[2021-04-30T09:36:26.667+0300][88,724s][info ][gc] GC(1580) Concurrent Mark
[2021-04-30T09:36:26.693+0300][88,749s][debug][gc] GC(1580) Concurrent active time: 0,026ms
[2021-04-30T09:36:26.693+0300][88,749s][info ][gc] GC(1580) Concurrent Mark 25,820ms
[2021-04-30T09:36:26.693+0300][88,749s][info ][gc] GC(1580) Concurrent Preclean
[2021-04-30T09:36:26.709+0300][88,766s][debug][gc] GC(1580) Concurrent active time: 0,016ms
[2021-04-30T09:36:26.709+0300][88,766s][info ][gc] GC(1580) Concurrent Preclean 16,041ms
[2021-04-30T09:36:26.709+0300][88,766s][info ][gc] GC(1580) Concurrent Abortable Preclean
[2021-04-30T09:36:26.709+0300][88,766s][debug][gc] GC(1580) Concurrent active time: 0,000ms
[2021-04-30T09:36:26.709+0300][88,766s][info ][gc] GC(1580) Concurrent Abortable Preclean 0,013ms
[2021-04-30T09:36:26.709+0300][88,766s][debug][gc] GC(1580) YG occupancy: 36699 K (39296 K)
[2021-04-30T09:36:26.715+0300][88,772s][info ][gc] GC(1580) Pause Remark 121M->121M(123M) 6,122ms
[2021-04-30T09:36:26.715+0300][88,772s][info ][gc] GC(1580) Concurrent Sweep
[2021-04-30T09:36:26.727+0300][88,784s][debug][gc] GC(1580) Concurrent active time: 0,012ms
[2021-04-30T09:36:26.727+0300][88,784s][info ][gc] GC(1580) Concurrent Sweep 11,808ms
[2021-04-30T09:36:26.727+0300][88,784s][info ][gc] GC(1580) Concurrent Reset
[2021-04-30T09:36:26.727+0300][88,784s][debug][gc] GC(1580) Concurrent active time: 0,000ms
[2021-04-30T09:36:26.727+0300][88,784s][info ][gc] GC(1580) Concurrent Reset 0,065ms
[2021-04-30T09:36:26.781+0300][88,838s][info ][gc] GC(1582) Pause Full (Allocation Failure) 123M->100M(123M) 49,863ms
[2021-04-30T09:36:26.781+0300][88,838s][info ][gc] GC(1581) Pause Young (Allocation Failure) 123M->100M(123M) 49,935ms
[2021-04-30T09:36:26.784+0300][88,840s][info ][gc] GC(1583) Pause Initial Mark 101M->101M(123M) 2,492ms
[2021-04-30T09:36:26.784+0300][88,841s][info ][gc] GC(1583) Concurrent Mark
[2021-04-30T09:36:26.806+0300][88,863s][debug][gc] GC(1583) Concurrent active time: 0,022ms
[2021-04-30T09:36:26.807+0300][88,863s][info ][gc] GC(1583) Concurrent Mark 22,554ms
[2021-04-30T09:36:26.807+0300][88,863s][info ][gc] GC(1583) Concurrent Preclean
[2021-04-30T09:36:26.824+0300][88,881s][debug][gc] GC(1583) Concurrent active time: 0,018ms
[2021-04-30T09:36:26.824+0300][88,881s][info ][gc] GC(1583) Concurrent Preclean 17,583ms
[2021-04-30T09:36:26.824+0300][88,881s][info ][gc] GC(1583) Concurrent Abortable Preclean
[2021-04-30T09:36:26.824+0300][88,881s][debug][gc] GC(1583) Concurrent active time: 0,000ms
[2021-04-30T09:36:26.824+0300][88,881s][info ][gc] GC(1583) Concurrent Abortable Preclean 0,012ms
[2021-04-30T09:36:26.824+0300][88,881s][debug][gc] GC(1583) YG occupancy: 36192 K (39296 K)
[2021-04-30T09:36:26.831+0300][88,888s][info ][gc] GC(1583) Pause Remark 120M->120M(123M) 6,920ms
[2021-04-30T09:36:26.831+0300][88,888s][info ][gc] GC(1583) Concurrent Sweep
[2021-04-30T09:36:26.845+0300][88,901s][debug][gc] GC(1583) Concurrent active time: 0,013ms
[2021-04-30T09:36:26.845+0300][88,901s][info ][gc] GC(1583) Concurrent Sweep 13,422ms
[2021-04-30T09:36:26.845+0300][88,901s][info ][gc] GC(1583) Concurrent Reset
[2021-04-30T09:36:26.845+0300][88,901s][debug][gc] GC(1583) Concurrent active time: 0,000ms
[2021-04-30T09:36:26.845+0300][88,901s][info ][gc] GC(1583) Concurrent Reset 0,067ms
[2021-04-30T09:36:26.908+0300][88,964s][info ][gc] GC(1585) Pause Full (Allocation Failure) 123M->101M(123M) 56,177ms
[2021-04-30T09:36:26.908+0300][88,964s][info ][gc] GC(1584) Pause Young (Allocation Failure) 123M->101M(123M) 56,257ms
[2021-04-30T09:36:26.911+0300][88,967s][info ][gc] GC(1586) Pause Initial Mark 101M->101M(123M) 2,873ms
[2021-04-30T09:36:26.911+0300][88,967s][info ][gc] GC(1586) Concurrent Mark
[2021-04-30T09:36:26.936+0300][88,992s][debug][gc] GC(1586) Concurrent active time: 0,024ms
[2021-04-30T09:36:26.936+0300][88,992s][info ][gc] GC(1586) Concurrent Mark 24,715ms
[2021-04-30T09:36:26.936+0300][88,992s][info ][gc] GC(1586) Concurrent Preclean
[2021-04-30T09:36:26.958+0300][89,015s][debug][gc] GC(1586) Concurrent active time: 0,022ms
[2021-04-30T09:36:26.958+0300][89,015s][info ][gc] GC(1586) Concurrent Preclean 22,470ms
[2021-04-30T09:36:26.958+0300][89,015s][info ][gc] GC(1586) Concurrent Abortable Preclean
[2021-04-30T09:36:26.958+0300][89,015s][debug][gc] GC(1586) Concurrent active time: 0,000ms
[2021-04-30T09:36:26.958+0300][89,015s][info ][gc] GC(1586) Concurrent Abortable Preclean 0,012ms
[2021-04-30T09:36:26.958+0300][89,015s][debug][gc] GC(1586) YG occupancy: 36642 K (39296 K)
[2021-04-30T09:36:26.967+0300][89,023s][info ][gc] GC(1586) Pause Remark 121M->121M(123M) 8,323ms
[2021-04-30T09:36:26.967+0300][89,023s][info ][gc] GC(1586) Concurrent Sweep
[2021-04-30T09:36:26.979+0300][89,036s][debug][gc] GC(1586) Concurrent active time: 0,012ms
[2021-04-30T09:36:26.979+0300][89,036s][info ][gc] GC(1586) Concurrent Sweep 12,523ms
[2021-04-30T09:36:26.979+0300][89,036s][info ][gc] GC(1586) Concurrent Reset
[2021-04-30T09:36:26.979+0300][89,036s][debug][gc] GC(1586) Concurrent active time: 0,000ms
[2021-04-30T09:36:26.979+0300][89,036s][info ][gc] GC(1586) Concurrent Reset 0,065ms
[2021-04-30T09:36:27.037+0300][89,094s][info ][gc] GC(1588) Pause Full (Allocation Failure) 123M->101M(123M) 52,136ms
[2021-04-30T09:36:27.037+0300][89,094s][info ][gc] GC(1587) Pause Young (Allocation Failure) 123M->101M(123M) 52,208ms
[2021-04-30T09:36:27.040+0300][89,096s][info ][gc] GC(1589) Pause Initial Mark 101M->101M(123M) 2,503ms
[2021-04-30T09:36:27.040+0300][89,096s][info ][gc] GC(1589) Concurrent Mark
[2021-04-30T09:36:27.061+0300][89,118s][debug][gc] GC(1589) Concurrent active time: 0,021ms
[2021-04-30T09:36:27.061+0300][89,118s][info ][gc] GC(1589) Concurrent Mark 21,530ms
[2021-04-30T09:36:27.061+0300][89,118s][info ][gc] GC(1589) Concurrent Preclean
[2021-04-30T09:36:27.078+0300][89,135s][debug][gc] GC(1589) Concurrent active time: 0,017ms
[2021-04-30T09:36:27.078+0300][89,135s][info ][gc] GC(1589) Concurrent Preclean 16,771ms
[2021-04-30T09:36:27.078+0300][89,135s][info ][gc] GC(1589) Concurrent Abortable Preclean
[2021-04-30T09:36:27.078+0300][89,135s][debug][gc] GC(1589) Concurrent active time: 0,000ms
[2021-04-30T09:36:27.078+0300][89,135s][info ][gc] GC(1589) Concurrent Abortable Preclean 0,012ms
[2021-04-30T09:36:27.078+0300][89,135s][debug][gc] GC(1589) YG occupancy: 36433 K (39296 K)
[2021-04-30T09:36:27.087+0300][89,143s][info ][gc] GC(1589) Pause Remark 120M->120M(123M) 8,379ms
[2021-04-30T09:36:27.087+0300][89,143s][info ][gc] GC(1589) Concurrent Sweep
[2021-04-30T09:36:27.100+0300][89,156s][debug][gc] GC(1589) Concurrent active time: 0,013ms
[2021-04-30T09:36:27.100+0300][89,156s][info ][gc] GC(1589) Concurrent Sweep 12,941ms
[2021-04-30T09:36:27.100+0300][89,156s][info ][gc] GC(1589) Concurrent Reset
[2021-04-30T09:36:27.100+0300][89,156s][debug][gc] GC(1589) Concurrent active time: 0,000ms
[2021-04-30T09:36:27.100+0300][89,156s][info ][gc] GC(1589) Concurrent Reset 0,065ms
[2021-04-30T09:36:27.159+0300][89,216s][info ][gc] GC(1591) Pause Full (Allocation Failure) 123M->101M(123M) 54,455ms
[2021-04-30T09:36:27.159+0300][89,216s][info ][gc] GC(1590) Pause Young (Allocation Failure) 123M->101M(123M) 54,535ms
[2021-04-30T09:36:27.162+0300][89,218s][info ][gc] GC(1592) Pause Initial Mark 102M->102M(123M) 2,684ms
[2021-04-30T09:36:27.162+0300][89,218s][info ][gc] GC(1592) Concurrent Mark
[2021-04-30T09:36:27.183+0300][89,240s][debug][gc] GC(1592) Concurrent active time: 0,022ms
[2021-04-30T09:36:27.183+0300][89,240s][info ][gc] GC(1592) Concurrent Mark 21,583ms
[2021-04-30T09:36:27.183+0300][89,240s][info ][gc] GC(1592) Concurrent Preclean
[2021-04-30T09:36:27.201+0300][89,257s][debug][gc] GC(1592) Concurrent active time: 0,017ms
[2021-04-30T09:36:27.201+0300][89,257s][info ][gc] GC(1592) Concurrent Preclean 17,304ms
[2021-04-30T09:36:27.201+0300][89,257s][info ][gc] GC(1592) Concurrent Abortable Preclean
[2021-04-30T09:36:27.201+0300][89,257s][debug][gc] GC(1592) Concurrent active time: 0,000ms
[2021-04-30T09:36:27.201+0300][89,257s][info ][gc] GC(1592) Concurrent Abortable Preclean 0,012ms
[2021-04-30T09:36:27.201+0300][89,257s][debug][gc] GC(1592) YG occupancy: 36042 K (39296 K)
[2021-04-30T09:36:27.207+0300][89,264s][info ][gc] GC(1592) Pause Remark 120M->120M(123M) 6,454ms
[2021-04-30T09:36:27.207+0300][89,264s][info ][gc] GC(1592) Concurrent Sweep
[2021-04-30T09:36:27.219+0300][89,276s][debug][gc] GC(1592) Concurrent active time: 0,012ms
[2021-04-30T09:36:27.219+0300][89,276s][info ][gc] GC(1592) Concurrent Sweep 11,907ms
[2021-04-30T09:36:27.219+0300][89,276s][info ][gc] GC(1592) Concurrent Reset
[2021-04-30T09:36:27.219+0300][89,276s][debug][gc] GC(1592) Concurrent active time: 0,000ms
[2021-04-30T09:36:27.219+0300][89,276s][info ][gc] GC(1592) Concurrent Reset 0,074ms
[2021-04-30T09:36:27.278+0300][89,335s][info ][gc] GC(1594) Pause Full (Allocation Failure) 123M->102M(123M) 50,732ms
[2021-04-30T09:36:27.278+0300][89,335s][info ][gc] GC(1593) Pause Young (Allocation Failure) 123M->102M(123M) 50,808ms
[2021-04-30T09:36:27.281+0300][89,337s][info ][gc] GC(1595) Pause Initial Mark 102M->102M(123M) 2,647ms
[2021-04-30T09:36:27.281+0300][89,338s][info ][gc] GC(1595) Concurrent Mark
[2021-04-30T09:36:27.308+0300][89,364s][debug][gc] GC(1595) Concurrent active time: 0,027ms
[2021-04-30T09:36:27.308+0300][89,364s][info ][gc] GC(1595) Concurrent Mark 26,703ms
[2021-04-30T09:36:27.308+0300][89,364s][info ][gc] GC(1595) Concurrent Preclean
[2021-04-30T09:36:27.323+0300][89,380s][debug][gc] GC(1595) Concurrent active time: 0,015ms
[2021-04-30T09:36:27.323+0300][89,380s][info ][gc] GC(1595) Concurrent Preclean 15,422ms
[2021-04-30T09:36:27.323+0300][89,380s][info ][gc] GC(1595) Concurrent Abortable Preclean
[2021-04-30T09:36:27.323+0300][89,380s][debug][gc] GC(1595) Concurrent active time: 0,000ms
[2021-04-30T09:36:27.323+0300][89,380s][info ][gc] GC(1595) Concurrent Abortable Preclean 0,012ms
[2021-04-30T09:36:27.323+0300][89,380s][debug][gc] GC(1595) YG occupancy: 37278 K (39296 K)
[2021-04-30T09:36:27.330+0300][89,386s][info ][gc] GC(1595) Pause Remark 121M->121M(123M) 6,546ms
[2021-04-30T09:36:27.330+0300][89,386s][info ][gc] GC(1595) Concurrent Sweep
[2021-04-30T09:36:27.343+0300][89,399s][debug][gc] GC(1595) Concurrent active time: 0,013ms
[2021-04-30T09:36:27.343+0300][89,399s][info ][gc] GC(1595) Concurrent Sweep 13,016ms
[2021-04-30T09:36:27.343+0300][89,399s][info ][gc] GC(1595) Concurrent Reset
[2021-04-30T09:36:27.343+0300][89,399s][debug][gc] GC(1595) Concurrent active time: 0,000ms
[2021-04-30T09:36:27.343+0300][89,400s][info ][gc] GC(1595) Concurrent Reset 0,095ms
[2021-04-30T09:36:27.393+0300][89,450s][info ][gc] GC(1597) Pause Full (Allocation Failure) 123M->102M(123M) 50,286ms
[2021-04-30T09:36:27.394+0300][89,450s][info ][gc] GC(1596) Pause Young (Allocation Failure) 123M->102M(123M) 50,359ms
[2021-04-30T09:36:27.397+0300][89,453s][info ][gc] GC(1598) Pause Initial Mark 102M->102M(123M) 2,765ms
[2021-04-30T09:36:27.397+0300][89,453s][info ][gc] GC(1598) Concurrent Mark
[2021-04-30T09:36:27.418+0300][89,474s][debug][gc] GC(1598) Concurrent active time: 0,021ms
[2021-04-30T09:36:27.418+0300][89,474s][info ][gc] GC(1598) Concurrent Mark 21,095ms
[2021-04-30T09:36:27.418+0300][89,474s][info ][gc] GC(1598) Concurrent Preclean
[2021-04-30T09:36:27.434+0300][89,491s][debug][gc] GC(1598) Concurrent active time: 0,017ms
[2021-04-30T09:36:27.434+0300][89,491s][info ][gc] GC(1598) Concurrent Preclean 16,793ms
[2021-04-30T09:36:27.434+0300][89,491s][info ][gc] GC(1598) Concurrent Abortable Preclean
[2021-04-30T09:36:27.434+0300][89,491s][debug][gc] GC(1598) Concurrent active time: 0,000ms
[2021-04-30T09:36:27.434+0300][89,491s][info ][gc] GC(1598) Concurrent Abortable Preclean 0,012ms
[2021-04-30T09:36:27.435+0300][89,491s][debug][gc] GC(1598) YG occupancy: 36464 K (39296 K)
[2021-04-30T09:36:27.441+0300][89,497s][info ][gc] GC(1598) Pause Remark 120M->120M(123M) 6,195ms
[2021-04-30T09:36:27.441+0300][89,497s][info ][gc] GC(1598) Concurrent Sweep
[2021-04-30T09:36:27.453+0300][89,510s][debug][gc] GC(1598) Concurrent active time: 0,012ms
[2021-04-30T09:36:27.453+0300][89,510s][info ][gc] GC(1598) Concurrent Sweep 12,391ms
[2021-04-30T09:36:27.453+0300][89,510s][info ][gc] GC(1598) Concurrent Reset
[2021-04-30T09:36:27.453+0300][89,510s][debug][gc] GC(1598) Concurrent active time: 0,000ms
[2021-04-30T09:36:27.453+0300][89,510s][info ][gc] GC(1598) Concurrent Reset 0,067ms
[2021-04-30T09:36:27.514+0300][89,571s][info ][gc] GC(1600) Pause Full (Allocation Failure) 123M->102M(123M) 52,032ms
[2021-04-30T09:36:27.514+0300][89,571s][info ][gc] GC(1599) Pause Young (Allocation Failure) 123M->102M(123M) 52,111ms
[2021-04-30T09:36:27.517+0300][89,574s][info ][gc] GC(1601) Pause Initial Mark 103M->103M(123M) 2,799ms
[2021-04-30T09:36:27.517+0300][89,574s][info ][gc] GC(1601) Concurrent Mark
[2021-04-30T09:36:27.538+0300][89,595s][debug][gc] GC(1601) Concurrent active time: 0,021ms
[2021-04-30T09:36:27.538+0300][89,595s][info ][gc] GC(1601) Concurrent Mark 20,781ms
[2021-04-30T09:36:27.538+0300][89,595s][info ][gc] GC(1601) Concurrent Preclean
[2021-04-30T09:36:27.554+0300][89,610s][debug][gc] GC(1601) Concurrent active time: 0,015ms
[2021-04-30T09:36:27.554+0300][89,610s][info ][gc] GC(1601) Concurrent Preclean 15,456ms
[2021-04-30T09:36:27.554+0300][89,610s][info ][gc] GC(1601) Concurrent Abortable Preclean
[2021-04-30T09:36:27.554+0300][89,610s][debug][gc] GC(1601) Concurrent active time: 0,000ms
[2021-04-30T09:36:27.554+0300][89,610s][info ][gc] GC(1601) Concurrent Abortable Preclean 0,012ms
[2021-04-30T09:36:27.554+0300][89,610s][debug][gc] GC(1601) YG occupancy: 36674 K (39296 K)
[2021-04-30T09:36:27.560+0300][89,616s][info ][gc] GC(1601) Pause Remark 121M->121M(123M) 6,103ms
[2021-04-30T09:36:27.560+0300][89,616s][info ][gc] GC(1601) Concurrent Sweep
[2021-04-30T09:36:27.572+0300][89,629s][debug][gc] GC(1601) Concurrent active time: 0,012ms
[2021-04-30T09:36:27.572+0300][89,629s][info ][gc] GC(1601) Concurrent Sweep 12,286ms
[2021-04-30T09:36:27.572+0300][89,629s][info ][gc] GC(1601) Concurrent Reset
[2021-04-30T09:36:27.572+0300][89,629s][debug][gc] GC(1601) Concurrent active time: 0,000ms
[2021-04-30T09:36:27.572+0300][89,629s][info ][gc] GC(1601) Concurrent Reset 0,065ms
[2021-04-30T09:36:27.629+0300][89,685s][info ][gc] GC(1603) Pause Full (Allocation Failure) 123M->103M(123M) 51,119ms
[2021-04-30T09:36:27.629+0300][89,685s][info ][gc] GC(1602) Pause Young (Allocation Failure) 123M->103M(123M) 51,191ms
[2021-04-30T09:36:27.632+0300][89,688s][info ][gc] GC(1604) Pause Initial Mark 103M->103M(123M) 2,776ms
[2021-04-30T09:36:27.632+0300][89,688s][info ][gc] GC(1604) Concurrent Mark
[2021-04-30T09:36:27.658+0300][89,714s][debug][gc] GC(1604) Concurrent active time: 0,026ms
[2021-04-30T09:36:27.658+0300][89,714s][info ][gc] GC(1604) Concurrent Mark 25,981ms
[2021-04-30T09:36:27.658+0300][89,714s][info ][gc] GC(1604) Concurrent Preclean
[2021-04-30T09:36:27.673+0300][89,730s][debug][gc] GC(1604) Concurrent active time: 0,015ms
[2021-04-30T09:36:27.673+0300][89,730s][info ][gc] GC(1604) Concurrent Preclean 15,403ms
[2021-04-30T09:36:27.673+0300][89,730s][info ][gc] GC(1604) Concurrent Abortable Preclean
[2021-04-30T09:36:27.673+0300][89,730s][debug][gc] GC(1604) Concurrent active time: 0,000ms
[2021-04-30T09:36:27.673+0300][89,730s][info ][gc] GC(1604) Concurrent Abortable Preclean 0,012ms
[2021-04-30T09:36:27.673+0300][89,730s][debug][gc] GC(1604) YG occupancy: 37657 K (39296 K)
[2021-04-30T09:36:27.680+0300][89,736s][info ][gc] GC(1604) Pause Remark 122M->122M(123M) 6,227ms
[2021-04-30T09:36:27.680+0300][89,736s][info ][gc] GC(1604) Concurrent Sweep
[2021-04-30T09:36:27.692+0300][89,749s][debug][gc] GC(1604) Concurrent active time: 0,013ms
[2021-04-30T09:36:27.692+0300][89,749s][info ][gc] GC(1604) Concurrent Sweep 12,675ms
[2021-04-30T09:36:27.692+0300][89,749s][debug][gc] GC(1605) Concurrent mode failure
[2021-04-30T09:36:27.748+0300][89,805s][info ][gc] GC(1605) Pause Full (Allocation Failure) 123M->103M(123M) 56,828ms
[2021-04-30T09:36:27.856+0300][89,912s][info ][gc] GC(1606) Pause Full (Allocation Failure) 123M->103M(123M) 52,097ms
[2021-04-30T09:36:27.859+0300][89,916s][info ][gc] GC(1607) Pause Initial Mark 104M->104M(123M) 3,014ms
[2021-04-30T09:36:27.859+0300][89,916s][info ][gc] GC(1607) Concurrent Mark
[2021-04-30T09:36:27.880+0300][89,936s][debug][gc] GC(1607) Concurrent active time: 0,020ms
[2021-04-30T09:36:27.880+0300][89,936s][info ][gc] GC(1607) Concurrent Mark 20,522ms
[2021-04-30T09:36:27.880+0300][89,936s][info ][gc] GC(1607) Concurrent Preclean
[2021-04-30T09:36:27.897+0300][89,954s][debug][gc] GC(1607) Concurrent active time: 0,017ms
[2021-04-30T09:36:27.897+0300][89,954s][info ][gc] GC(1607) Concurrent Preclean 17,457ms
[2021-04-30T09:36:27.897+0300][89,954s][info ][gc] GC(1607) Concurrent Abortable Preclean
[2021-04-30T09:36:27.897+0300][89,954s][debug][gc] GC(1607) Concurrent active time: 0,000ms
[2021-04-30T09:36:27.897+0300][89,954s][info ][gc] GC(1607) Concurrent Abortable Preclean 0,022ms
[2021-04-30T09:36:27.897+0300][89,954s][debug][gc] GC(1607) YG occupancy: 34667 K (39296 K)
[2021-04-30T09:36:27.903+0300][89,960s][info ][gc] GC(1607) Pause Remark 119M->119M(123M) 5,743ms
[2021-04-30T09:36:27.903+0300][89,960s][info ][gc] GC(1607) Concurrent Sweep
[2021-04-30T09:36:27.916+0300][89,973s][debug][gc] GC(1607) Concurrent active time: 0,013ms
[2021-04-30T09:36:27.916+0300][89,973s][info ][gc] GC(1607) Concurrent Sweep 13,258ms
[2021-04-30T09:36:27.916+0300][89,973s][info ][gc] GC(1607) Concurrent Reset
[2021-04-30T09:36:27.916+0300][89,973s][debug][gc] GC(1607) Concurrent active time: 0,000ms
[2021-04-30T09:36:27.916+0300][89,973s][info ][gc] GC(1607) Concurrent Reset 0,085ms
[2021-04-30T09:36:27.990+0300][90,047s][info ][gc] GC(1609) Pause Full (Allocation Failure) 123M->104M(123M) 55,897ms
[2021-04-30T09:36:27.990+0300][90,047s][info ][gc] GC(1608) Pause Young (Allocation Failure) 123M->104M(123M) 55,986ms
[2021-04-30T09:36:27.994+0300][90,051s][info ][gc] GC(1610) Pause Initial Mark 104M->104M(123M) 3,785ms
[2021-04-30T09:36:27.994+0300][90,051s][info ][gc] GC(1610) Concurrent Mark
[2021-04-30T09:36:28.022+0300][90,079s][debug][gc] GC(1610) Concurrent active time: 0,027ms
[2021-04-30T09:36:28.022+0300][90,079s][info ][gc] GC(1610) Concurrent Mark 27,957ms
[2021-04-30T09:36:28.022+0300][90,079s][info ][gc] GC(1610) Concurrent Preclean
[2021-04-30T09:36:28.039+0300][90,096s][debug][gc] GC(1610) Concurrent active time: 0,017ms
[2021-04-30T09:36:28.039+0300][90,096s][info ][gc] GC(1610) Concurrent Preclean 16,684ms
[2021-04-30T09:36:28.039+0300][90,096s][info ][gc] GC(1610) Concurrent Abortable Preclean
[2021-04-30T09:36:28.039+0300][90,096s][debug][gc] GC(1610) Concurrent active time: 0,000ms
[2021-04-30T09:36:28.039+0300][90,096s][info ][gc] GC(1610) Concurrent Abortable Preclean 0,012ms
[2021-04-30T09:36:28.039+0300][90,096s][debug][gc] GC(1610) YG occupancy: 38150 K (39296 K)
[2021-04-30T09:36:28.046+0300][90,102s][info ][gc] GC(1610) Pause Remark 122M->122M(123M) 6,345ms
[2021-04-30T09:36:28.046+0300][90,102s][info ][gc] GC(1610) Concurrent Sweep
[2021-04-30T09:36:28.060+0300][90,116s][debug][gc] GC(1610) Concurrent active time: 0,014ms
[2021-04-30T09:36:28.060+0300][90,116s][info ][gc] GC(1610) Concurrent Sweep 13,912ms
[2021-04-30T09:36:28.060+0300][90,116s][debug][gc] GC(1611) Concurrent mode failure
[2021-04-30T09:36:28.110+0300][90,167s][info ][gc] GC(1611) Pause Full (Allocation Failure) 123M->104M(123M) 57,561ms
[2021-04-30T09:36:28.210+0300][90,267s][info ][gc] GC(1612) Pause Full (Allocation Failure) 123M->104M(123M) 50,025ms
[2021-04-30T09:36:28.214+0300][90,270s][info ][gc] GC(1613) Pause Initial Mark 105M->105M(123M) 2,922ms
[2021-04-30T09:36:28.214+0300][90,270s][info ][gc] GC(1613) Concurrent Mark
[2021-04-30T09:36:28.236+0300][90,292s][debug][gc] GC(1613) Concurrent active time: 0,022ms
[2021-04-30T09:36:28.236+0300][90,292s][info ][gc] GC(1613) Concurrent Mark 22,189ms
[2021-04-30T09:36:28.236+0300][90,292s][info ][gc] GC(1613) Concurrent Preclean
[2021-04-30T09:36:28.252+0300][90,309s][debug][gc] GC(1613) Concurrent active time: 0,016ms
[2021-04-30T09:36:28.252+0300][90,309s][info ][gc] GC(1613) Concurrent Preclean 16,422ms
[2021-04-30T09:36:28.252+0300][90,309s][info ][gc] GC(1613) Concurrent Abortable Preclean
[2021-04-30T09:36:28.252+0300][90,309s][debug][gc] GC(1613) Concurrent active time: 0,000ms
[2021-04-30T09:36:28.252+0300][90,309s][info ][gc] GC(1613) Concurrent Abortable Preclean 0,013ms
[2021-04-30T09:36:28.252+0300][90,309s][debug][gc] GC(1613) YG occupancy: 37279 K (39296 K)
[2021-04-30T09:36:28.259+0300][90,316s][info ][gc] GC(1613) Pause Remark 121M->121M(123M) 6,747ms
[2021-04-30T09:36:28.259+0300][90,316s][info ][gc] GC(1613) Concurrent Sweep
[2021-04-30T09:36:28.271+0300][90,328s][debug][gc] GC(1613) Concurrent active time: 0,012ms
[2021-04-30T09:36:28.271+0300][90,328s][info ][gc] GC(1613) Concurrent Sweep 12,094ms
[2021-04-30T09:36:28.271+0300][90,328s][info ][gc] GC(1613) Concurrent Reset
[2021-04-30T09:36:28.272+0300][90,328s][debug][gc] GC(1613) Concurrent active time: 0,000ms
[2021-04-30T09:36:28.272+0300][90,328s][info ][gc] GC(1613) Concurrent Reset 0,083ms
[2021-04-30T09:36:28.324+0300][90,381s][info ][gc] GC(1615) Pause Full (Allocation Failure) 123M->105M(123M) 52,210ms
[2021-04-30T09:36:28.324+0300][90,381s][info ][gc] GC(1614) Pause Young (Allocation Failure) 123M->105M(123M) 52,285ms
[2021-04-30T09:36:28.327+0300][90,384s][info ][gc] GC(1616) Pause Initial Mark 105M->105M(123M) 3,162ms
[2021-04-30T09:36:28.328+0300][90,384s][info ][gc] GC(1616) Concurrent Mark
[2021-04-30T09:36:28.350+0300][90,407s][debug][gc] GC(1616) Concurrent active time: 0,023ms
[2021-04-30T09:36:28.350+0300][90,407s][info ][gc] GC(1616) Concurrent Mark 22,891ms
[2021-04-30T09:36:28.351+0300][90,407s][info ][gc] GC(1616) Concurrent Preclean
[2021-04-30T09:36:28.368+0300][90,425s][debug][gc] GC(1616) Concurrent active time: 0,018ms
[2021-04-30T09:36:28.368+0300][90,425s][info ][gc] GC(1616) Concurrent Preclean 17,941ms
[2021-04-30T09:36:28.368+0300][90,425s][info ][gc] GC(1616) Concurrent Abortable Preclean
[2021-04-30T09:36:28.368+0300][90,425s][debug][gc] GC(1616) Concurrent active time: 0,000ms
[2021-04-30T09:36:28.368+0300][90,425s][info ][gc] GC(1616) Concurrent Abortable Preclean 0,012ms
[2021-04-30T09:36:28.369+0300][90,425s][debug][gc] GC(1616) YG occupancy: 37523 K (39296 K)
[2021-04-30T09:36:28.375+0300][90,431s][info ][gc] GC(1616) Pause Remark 122M->122M(123M) 5,979ms
[2021-04-30T09:36:28.375+0300][90,431s][info ][gc] GC(1616) Concurrent Sweep
[2021-04-30T09:36:28.387+0300][90,444s][debug][gc] GC(1616) Concurrent active time: 0,012ms
[2021-04-30T09:36:28.387+0300][90,444s][info ][gc] GC(1616) Concurrent Sweep 12,621ms
[2021-04-30T09:36:28.387+0300][90,444s][debug][gc] GC(1617) Concurrent mode failure
[2021-04-30T09:36:28.438+0300][90,495s][info ][gc] GC(1617) Pause Full (Allocation Failure) 123M->105M(123M) 52,789ms
[2021-04-30T09:36:28.537+0300][90,594s][info ][gc] GC(1618) Pause Full (Allocation Failure) 123M->105M(123M) 51,595ms
[2021-04-30T09:36:28.542+0300][90,598s][info ][gc] GC(1619) Pause Initial Mark 106M->106M(123M) 3,841ms
[2021-04-30T09:36:28.542+0300][90,598s][info ][gc] GC(1619) Concurrent Mark
[2021-04-30T09:36:28.562+0300][90,619s][debug][gc] GC(1619) Concurrent active time: 0,020ms
[2021-04-30T09:36:28.562+0300][90,619s][info ][gc] GC(1619) Concurrent Mark 20,520ms
[2021-04-30T09:36:28.562+0300][90,619s][info ][gc] GC(1619) Concurrent Preclean
[2021-04-30T09:36:28.585+0300][90,642s][debug][gc] GC(1619) Concurrent active time: 0,023ms
[2021-04-30T09:36:28.585+0300][90,642s][info ][gc] GC(1619) Concurrent Preclean 23,044ms
[2021-04-30T09:36:28.585+0300][90,642s][info ][gc] GC(1619) Concurrent Abortable Preclean
[2021-04-30T09:36:28.585+0300][90,642s][debug][gc] GC(1619) Concurrent active time: 0,000ms
[2021-04-30T09:36:28.585+0300][90,642s][info ][gc] GC(1619) Concurrent Abortable Preclean 0,013ms
[2021-04-30T09:36:28.585+0300][90,642s][debug][gc] GC(1619) YG occupancy: 37572 K (39296 K)
[2021-04-30T09:36:28.592+0300][90,648s][info ][gc] GC(1619) Pause Remark 122M->122M(123M) 6,071ms
[2021-04-30T09:36:28.592+0300][90,648s][info ][gc] GC(1619) Concurrent Sweep
[2021-04-30T09:36:28.605+0300][90,661s][debug][gc] GC(1619) Concurrent active time: 0,013ms
[2021-04-30T09:36:28.605+0300][90,661s][info ][gc] GC(1619) Concurrent Sweep 12,985ms
[2021-04-30T09:36:28.605+0300][90,661s][debug][gc] GC(1620) Concurrent mode failure
[2021-04-30T09:36:28.661+0300][90,717s][info ][gc] GC(1620) Pause Full (Allocation Failure) 123M->105M(123M) 58,583ms
[2021-04-30T09:36:28.765+0300][90,822s][info ][gc] GC(1621) Pause Full (Allocation Failure) 123M->106M(123M) 49,928ms
[2021-04-30T09:36:28.768+0300][90,825s][info ][gc] GC(1622) Pause Initial Mark 106M->106M(123M) 3,320ms
[2021-04-30T09:36:28.769+0300][90,825s][info ][gc] GC(1622) Concurrent Mark
[2021-04-30T09:36:28.790+0300][90,846s][debug][gc] GC(1622) Concurrent active time: 0,021ms
[2021-04-30T09:36:28.790+0300][90,846s][info ][gc] GC(1622) Concurrent Mark 21,108ms
[2021-04-30T09:36:28.790+0300][90,846s][info ][gc] GC(1622) Concurrent Preclean
[2021-04-30T09:36:28.808+0300][90,864s][debug][gc] GC(1622) Concurrent active time: 0,018ms
[2021-04-30T09:36:28.808+0300][90,864s][info ][gc] GC(1622) Concurrent Preclean 18,056ms
[2021-04-30T09:36:28.808+0300][90,864s][info ][gc] GC(1622) Concurrent Abortable Preclean
[2021-04-30T09:36:28.808+0300][90,864s][debug][gc] GC(1622) Concurrent active time: 0,000ms
[2021-04-30T09:36:28.808+0300][90,864s][info ][gc] GC(1622) Concurrent Abortable Preclean 0,012ms
[2021-04-30T09:36:28.808+0300][90,864s][debug][gc] GC(1622) YG occupancy: 37280 K (39296 K)
[2021-04-30T09:36:28.814+0300][90,870s][info ][gc] GC(1622) Pause Remark 121M->121M(123M) 5,726ms
[2021-04-30T09:36:28.814+0300][90,870s][info ][gc] GC(1622) Concurrent Sweep
[2021-04-30T09:36:28.832+0300][90,889s][debug][gc] GC(1622) Concurrent active time: 0,018ms
[2021-04-30T09:36:28.832+0300][90,889s][info ][gc] GC(1622) Concurrent Sweep 18,441ms
[2021-04-30T09:36:28.832+0300][90,889s][info ][gc] GC(1622) Concurrent Reset
[2021-04-30T09:36:28.832+0300][90,889s][debug][gc] GC(1622) Concurrent active time: 0,000ms
[2021-04-30T09:36:28.832+0300][90,889s][info ][gc] GC(1622) Concurrent Reset 0,083ms
[2021-04-30T09:36:28.887+0300][90,944s][info ][gc] GC(1624) Pause Full (Allocation Failure) 123M->106M(123M) 53,713ms
[2021-04-30T09:36:28.887+0300][90,944s][info ][gc] GC(1623) Pause Young (Allocation Failure) 123M->106M(123M) 53,784ms
[2021-04-30T09:36:28.891+0300][90,948s][info ][gc] GC(1625) Pause Initial Mark 106M->106M(123M) 3,328ms
[2021-04-30T09:36:28.891+0300][90,948s][info ][gc] GC(1625) Concurrent Mark
[2021-04-30T09:36:28.916+0300][90,973s][debug][gc] GC(1625) Concurrent active time: 0,025ms
[2021-04-30T09:36:28.917+0300][90,973s][info ][gc] GC(1625) Concurrent Mark 25,462ms
[2021-04-30T09:36:28.917+0300][90,973s][info ][gc] GC(1625) Concurrent Preclean
[2021-04-30T09:36:28.936+0300][90,992s][debug][gc] GC(1625) Concurrent active time: 0,019ms
[2021-04-30T09:36:28.936+0300][90,992s][info ][gc] GC(1625) Concurrent Preclean 19,054ms
[2021-04-30T09:36:28.936+0300][90,992s][info ][gc] GC(1625) Concurrent Abortable Preclean
[2021-04-30T09:36:28.936+0300][90,992s][debug][gc] GC(1625) Concurrent active time: 0,000ms
[2021-04-30T09:36:28.936+0300][90,992s][info ][gc] GC(1625) Concurrent Abortable Preclean 0,021ms
[2021-04-30T09:36:28.936+0300][90,992s][debug][gc] GC(1625) YG occupancy: 37311 K (39296 K)
[2021-04-30T09:36:28.947+0300][91,004s][info ][gc] GC(1625) Pause Remark 121M->121M(123M) 11,326ms
[2021-04-30T09:36:28.947+0300][91,004s][info ][gc] GC(1625) Concurrent Sweep
[2021-04-30T09:36:28.965+0300][91,022s][debug][gc] GC(1625) Concurrent active time: 0,018ms
[2021-04-30T09:36:28.965+0300][91,022s][info ][gc] GC(1625) Concurrent Sweep 17,775ms
[2021-04-30T09:36:28.965+0300][91,022s][debug][gc] GC(1626) Concurrent mode failure
[2021-04-30T09:36:29.018+0300][91,075s][info ][gc] GC(1626) Pause Full (Allocation Failure) 123M->106M(123M) 58,582ms
[2021-04-30T09:36:29.117+0300][91,173s][info ][gc] GC(1627) Pause Full (Allocation Failure) 123M->107M(123M) 51,609ms
[2021-04-30T09:36:29.121+0300][91,177s][info ][gc] GC(1628) Pause Initial Mark 107M->107M(123M) 3,442ms
[2021-04-30T09:36:29.121+0300][91,177s][info ][gc] GC(1628) Concurrent Mark
[2021-04-30T09:36:29.146+0300][91,203s][debug][gc] GC(1628) Concurrent active time: 0,026ms
[2021-04-30T09:36:29.146+0300][91,203s][info ][gc] GC(1628) Concurrent Mark 25,561ms
[2021-04-30T09:36:29.146+0300][91,203s][info ][gc] GC(1628) Concurrent Preclean
[2021-04-30T09:36:29.162+0300][91,218s][debug][gc] GC(1628) Concurrent active time: 0,015ms
[2021-04-30T09:36:29.162+0300][91,218s][info ][gc] GC(1628) Concurrent Preclean 15,430ms
[2021-04-30T09:36:29.162+0300][91,218s][info ][gc] GC(1628) Concurrent Abortable Preclean
[2021-04-30T09:36:29.162+0300][91,218s][debug][gc] GC(1628) Concurrent active time: 0,000ms
[2021-04-30T09:36:29.162+0300][91,218s][info ][gc] GC(1628) Concurrent Abortable Preclean 0,022ms
[2021-04-30T09:36:29.162+0300][91,218s][debug][gc] GC(1628) YG occupancy: 38465 K (39296 K)
[2021-04-30T09:36:29.168+0300][91,224s][info ][gc] GC(1628) Pause Remark 122M->122M(123M) 5,963ms
[2021-04-30T09:36:29.168+0300][91,224s][info ][gc] GC(1628) Concurrent Sweep
[2021-04-30T09:36:29.182+0300][91,239s][debug][gc] GC(1628) Concurrent active time: 0,014ms
[2021-04-30T09:36:29.182+0300][91,239s][info ][gc] GC(1628) Concurrent Sweep 14,130ms
[2021-04-30T09:36:29.182+0300][91,239s][debug][gc] GC(1629) Concurrent mode failure
[2021-04-30T09:36:29.237+0300][91,294s][info ][gc] GC(1629) Pause Full (Allocation Failure) 123M->107M(123M) 64,072ms
[2021-04-30T09:36:29.336+0300][91,393s][info ][gc] GC(1630) Pause Full (Allocation Failure) 123M->107M(123M) 52,629ms
[2021-04-30T09:36:29.340+0300][91,397s][info ][gc] GC(1631) Pause Initial Mark 107M->107M(123M) 3,541ms
[2021-04-30T09:36:29.340+0300][91,397s][info ][gc] GC(1631) Concurrent Mark
[2021-04-30T09:36:29.365+0300][91,421s][debug][gc] GC(1631) Concurrent active time: 0,024ms
[2021-04-30T09:36:29.365+0300][91,421s][info ][gc] GC(1631) Concurrent Mark 24,432ms
[2021-04-30T09:36:29.365+0300][91,421s][info ][gc] GC(1631) Concurrent Preclean
[2021-04-30T09:36:29.380+0300][91,437s][debug][gc] GC(1631) Concurrent active time: 0,015ms
[2021-04-30T09:36:29.380+0300][91,437s][info ][gc] GC(1631) Concurrent Preclean 15,398ms
[2021-04-30T09:36:29.380+0300][91,437s][info ][gc] GC(1631) Concurrent Abortable Preclean
[2021-04-30T09:36:29.380+0300][91,437s][debug][gc] GC(1631) Concurrent active time: 0,000ms
[2021-04-30T09:36:29.380+0300][91,437s][info ][gc] GC(1631) Concurrent Abortable Preclean 0,012ms
[2021-04-30T09:36:29.380+0300][91,437s][debug][gc] GC(1631) YG occupancy: 38380 K (39296 K)
[2021-04-30T09:36:29.386+0300][91,443s][info ][gc] GC(1631) Pause Remark 122M->122M(123M) 5,782ms
[2021-04-30T09:36:29.386+0300][91,443s][info ][gc] GC(1631) Concurrent Sweep
[2021-04-30T09:36:29.400+0300][91,456s][debug][gc] GC(1631) Concurrent active time: 0,013ms
[2021-04-30T09:36:29.400+0300][91,456s][info ][gc] GC(1631) Concurrent Sweep 13,332ms
[2021-04-30T09:36:29.400+0300][91,456s][debug][gc] GC(1632) Concurrent mode failure
[2021-04-30T09:36:29.456+0300][91,513s][info ][gc] GC(1632) Pause Full (Allocation Failure) 123M->107M(123M) 64,363ms
[2021-04-30T09:36:29.561+0300][91,618s][info ][gc] GC(1633) Pause Full (Allocation Failure) 123M->108M(123M) 52,817ms
[2021-04-30T09:36:29.565+0300][91,622s][info ][gc] GC(1634) Pause Initial Mark 108M->108M(123M) 3,483ms
[2021-04-30T09:36:29.565+0300][91,622s][info ][gc] GC(1634) Concurrent Mark
[2021-04-30T09:36:29.591+0300][91,648s][debug][gc] GC(1634) Concurrent active time: 0,026ms
[2021-04-30T09:36:29.591+0300][91,648s][info ][gc] GC(1634) Concurrent Mark 26,030ms
[2021-04-30T09:36:29.591+0300][91,648s][info ][gc] GC(1634) Concurrent Preclean
[2021-04-30T09:36:29.607+0300][91,663s][debug][gc] GC(1634) Concurrent active time: 0,016ms
[2021-04-30T09:36:29.607+0300][91,663s][info ][gc] GC(1634) Concurrent Preclean 15,814ms
[2021-04-30T09:36:29.607+0300][91,664s][info ][gc] GC(1634) Concurrent Abortable Preclean
[2021-04-30T09:36:29.607+0300][91,664s][debug][gc] GC(1634) Concurrent active time: 0,000ms
[2021-04-30T09:36:29.607+0300][91,664s][info ][gc] GC(1634) Concurrent Abortable Preclean 0,012ms
[2021-04-30T09:36:29.607+0300][91,664s][debug][gc] GC(1634) YG occupancy: 38510 K (39296 K)
[2021-04-30T09:36:29.613+0300][91,669s][info ][gc] GC(1634) Pause Remark 122M->122M(123M) 5,647ms
[2021-04-30T09:36:29.613+0300][91,669s][info ][gc] GC(1634) Concurrent Sweep
[2021-04-30T09:36:29.627+0300][91,683s][debug][gc] GC(1634) Concurrent active time: 0,014ms
[2021-04-30T09:36:29.627+0300][91,683s][info ][gc] GC(1634) Concurrent Sweep 14,029ms
[2021-04-30T09:36:29.627+0300][91,684s][debug][gc] GC(1635) Concurrent mode failure
[2021-04-30T09:36:29.678+0300][91,734s][info ][gc] GC(1635) Pause Full (Allocation Failure) 123M->108M(123M) 59,859ms
[2021-04-30T09:36:29.776+0300][91,832s][info ][gc] GC(1636) Pause Full (Allocation Failure) 123M->108M(123M) 53,380ms
[2021-04-30T09:36:29.779+0300][91,836s][info ][gc] GC(1637) Pause Initial Mark 108M->108M(123M) 3,490ms
[2021-04-30T09:36:29.779+0300][91,836s][info ][gc] GC(1637) Concurrent Mark
[2021-04-30T09:36:29.800+0300][91,857s][debug][gc] GC(1637) Concurrent active time: 0,021ms
[2021-04-30T09:36:29.800+0300][91,857s][info ][gc] GC(1637) Concurrent Mark 20,743ms
[2021-04-30T09:36:29.800+0300][91,857s][info ][gc] GC(1637) Concurrent Preclean
[2021-04-30T09:36:29.816+0300][91,873s][debug][gc] GC(1637) Concurrent active time: 0,016ms
[2021-04-30T09:36:29.816+0300][91,873s][info ][gc] GC(1637) Concurrent Preclean 16,276ms
[2021-04-30T09:36:29.816+0300][91,873s][info ][gc] GC(1637) Concurrent Abortable Preclean
[2021-04-30T09:36:29.817+0300][91,873s][debug][gc] GC(1637) Concurrent active time: 0,000ms
[2021-04-30T09:36:29.817+0300][91,873s][info ][gc] GC(1637) Concurrent Abortable Preclean 0,012ms
[2021-04-30T09:36:29.817+0300][91,873s][debug][gc] GC(1637) YG occupancy: 37903 K (39296 K)
[2021-04-30T09:36:29.822+0300][91,879s][info ][gc] GC(1637) Pause Remark 122M->122M(123M) 5,887ms
[2021-04-30T09:36:29.823+0300][91,879s][info ][gc] GC(1637) Concurrent Sweep
[2021-04-30T09:36:29.837+0300][91,894s][debug][gc] GC(1637) Concurrent active time: 0,014ms
[2021-04-30T09:36:29.837+0300][91,894s][info ][gc] GC(1637) Concurrent Sweep 14,586ms
[2021-04-30T09:36:29.837+0300][91,894s][debug][gc] GC(1638) Concurrent mode failure
[2021-04-30T09:36:29.893+0300][91,950s][info ][gc] GC(1638) Pause Full (Allocation Failure) 123M->108M(123M) 59,905ms
[2021-04-30T09:36:29.995+0300][92,051s][info ][gc] GC(1639) Pause Full (Allocation Failure) 123M->109M(123M) 55,514ms
[2021-04-30T09:36:29.999+0300][92,055s][info ][gc] GC(1640) Pause Initial Mark 109M->109M(123M) 3,703ms
[2021-04-30T09:36:29.999+0300][92,055s][info ][gc] GC(1640) Concurrent Mark
[2021-04-30T09:36:30.019+0300][92,076s][debug][gc] GC(1640) Concurrent active time: 0,021ms
[2021-04-30T09:36:30.020+0300][92,076s][info ][gc] GC(1640) Concurrent Mark 20,766ms
[2021-04-30T09:36:30.020+0300][92,076s][info ][gc] GC(1640) Concurrent Preclean
[2021-04-30T09:36:30.035+0300][92,092s][debug][gc] GC(1640) Concurrent active time: 0,016ms
[2021-04-30T09:36:30.035+0300][92,092s][info ][gc] GC(1640) Concurrent Preclean 15,735ms
[2021-04-30T09:36:30.035+0300][92,092s][info ][gc] GC(1640) Concurrent Abortable Preclean
[2021-04-30T09:36:30.035+0300][92,092s][debug][gc] GC(1640) Concurrent active time: 0,000ms
[2021-04-30T09:36:30.035+0300][92,092s][info ][gc] GC(1640) Concurrent Abortable Preclean 0,012ms
[2021-04-30T09:36:30.035+0300][92,092s][debug][gc] GC(1640) YG occupancy: 37044 K (39296 K)
[2021-04-30T09:36:30.041+0300][92,098s][info ][gc] GC(1640) Pause Remark 121M->121M(123M) 5,755ms
[2021-04-30T09:36:30.041+0300][92,098s][info ][gc] GC(1640) Concurrent Sweep
[2021-04-30T09:36:30.053+0300][92,109s][debug][gc] GC(1640) Concurrent active time: 0,012ms
[2021-04-30T09:36:30.053+0300][92,109s][info ][gc] GC(1640) Concurrent Sweep 11,782ms
[2021-04-30T09:36:30.053+0300][92,110s][info ][gc] GC(1640) Concurrent Reset
[2021-04-30T09:36:30.053+0300][92,110s][debug][gc] GC(1640) Concurrent active time: 0,000ms
[2021-04-30T09:36:30.053+0300][92,110s][info ][gc] GC(1640) Concurrent Reset 0,065ms
[2021-04-30T09:36:30.113+0300][92,169s][info ][gc] GC(1642) Pause Full (Allocation Failure) 123M->109M(123M) 57,639ms
[2021-04-30T09:36:30.113+0300][92,169s][info ][gc] GC(1641) Pause Young (Allocation Failure) 123M->109M(123M) 57,708ms
[2021-04-30T09:36:30.116+0300][92,173s][info ][gc] GC(1643) Pause Initial Mark 109M->109M(123M) 3,597ms
[2021-04-30T09:36:30.117+0300][92,173s][info ][gc] GC(1643) Concurrent Mark
[2021-04-30T09:36:30.149+0300][92,206s][debug][gc] GC(1643) Concurrent active time: 0,033ms
[2021-04-30T09:36:30.149+0300][92,206s][info ][gc] GC(1643) Concurrent Mark 32,659ms
[2021-04-30T09:36:30.149+0300][92,206s][info ][gc] GC(1643) Concurrent Preclean
[2021-04-30T09:36:30.165+0300][92,222s][debug][gc] GC(1643) Concurrent active time: 0,016ms
[2021-04-30T09:36:30.165+0300][92,222s][info ][gc] GC(1643) Concurrent Preclean 16,125ms
[2021-04-30T09:36:30.165+0300][92,222s][info ][gc] GC(1643) Concurrent Abortable Preclean
[2021-04-30T09:36:30.165+0300][92,222s][debug][gc] GC(1643) Concurrent active time: 0,000ms
[2021-04-30T09:36:30.165+0300][92,222s][info ][gc] GC(1643) Concurrent Abortable Preclean 0,012ms
[2021-04-30T09:36:30.165+0300][92,222s][debug][gc] GC(1643) YG occupancy: 38526 K (39296 K)
[2021-04-30T09:36:30.171+0300][92,228s][info ][gc] GC(1643) Pause Remark 122M->122M(123M) 5,664ms
[2021-04-30T09:36:30.171+0300][92,228s][info ][gc] GC(1643) Concurrent Sweep
[2021-04-30T09:36:30.184+0300][92,240s][debug][gc] GC(1643) Concurrent active time: 0,012ms
[2021-04-30T09:36:30.184+0300][92,240s][info ][gc] GC(1643) Concurrent Sweep 12,439ms
[2021-04-30T09:36:30.184+0300][92,240s][debug][gc] GC(1644) Concurrent mode failure
[2021-04-30T09:36:30.235+0300][92,291s][info ][gc] GC(1644) Pause Full (Allocation Failure) 123M->109M(123M) 58,453ms
[2021-04-30T09:36:30.329+0300][92,386s][info ][gc] GC(1645) Pause Full (Allocation Failure) 123M->109M(123M) 51,815ms
[2021-04-30T09:36:30.333+0300][92,390s][info ][gc] GC(1646) Pause Initial Mark 110M->110M(123M) 3,656ms
[2021-04-30T09:36:30.333+0300][92,390s][info ][gc] GC(1646) Concurrent Mark
[2021-04-30T09:36:30.358+0300][92,414s][debug][gc] GC(1646) Concurrent active time: 0,025ms
[2021-04-30T09:36:30.358+0300][92,414s][info ][gc] GC(1646) Concurrent Mark 24,803ms
[2021-04-30T09:36:30.358+0300][92,414s][info ][gc] GC(1646) Concurrent Preclean
[2021-04-30T09:36:30.374+0300][92,431s][debug][gc] GC(1646) Concurrent active time: 0,016ms
[2021-04-30T09:36:30.374+0300][92,431s][info ][gc] GC(1646) Concurrent Preclean 16,438ms
[2021-04-30T09:36:30.374+0300][92,431s][info ][gc] GC(1646) Concurrent Abortable Preclean
[2021-04-30T09:36:30.374+0300][92,431s][debug][gc] GC(1646) Concurrent active time: 0,000ms
[2021-04-30T09:36:30.374+0300][92,431s][info ][gc] GC(1646) Concurrent Abortable Preclean 0,012ms
[2021-04-30T09:36:30.375+0300][92,431s][debug][gc] GC(1646) YG occupancy: 37667 K (39296 K)
[2021-04-30T09:36:30.381+0300][92,437s][info ][gc] GC(1646) Pause Remark 122M->122M(123M) 6,083ms
[2021-04-30T09:36:30.381+0300][92,437s][info ][gc] GC(1646) Concurrent Sweep
[2021-04-30T09:36:30.394+0300][92,451s][debug][gc] GC(1646) Concurrent active time: 0,013ms
[2021-04-30T09:36:30.394+0300][92,451s][info ][gc] GC(1646) Concurrent Sweep 13,393ms
[2021-04-30T09:36:30.394+0300][92,451s][debug][gc] GC(1647) Concurrent mode failure
[2021-04-30T09:36:30.445+0300][92,502s][info ][gc] GC(1647) Pause Full (Allocation Failure) 123M->110M(123M) 54,142ms
[2021-04-30T09:36:30.542+0300][92,599s][info ][gc] GC(1648) Pause Full (Allocation Failure) 123M->110M(123M) 54,571ms
[2021-04-30T09:36:30.546+0300][92,603s][info ][gc] GC(1649) Pause Initial Mark 110M->110M(123M) 3,932ms
[2021-04-30T09:36:30.546+0300][92,603s][info ][gc] GC(1649) Concurrent Mark
[2021-04-30T09:36:30.566+0300][92,623s][debug][gc] GC(1649) Concurrent active time: 0,020ms
[2021-04-30T09:36:30.566+0300][92,623s][info ][gc] GC(1649) Concurrent Mark 20,053ms
[2021-04-30T09:36:30.566+0300][92,623s][info ][gc] GC(1649) Concurrent Preclean
[2021-04-30T09:36:30.582+0300][92,639s][debug][gc] GC(1649) Concurrent active time: 0,016ms
[2021-04-30T09:36:30.582+0300][92,639s][info ][gc] GC(1649) Concurrent Preclean 15,827ms
[2021-04-30T09:36:30.582+0300][92,639s][info ][gc] GC(1649) Concurrent Abortable Preclean
[2021-04-30T09:36:30.582+0300][92,639s][debug][gc] GC(1649) Concurrent active time: 0,000ms
[2021-04-30T09:36:30.582+0300][92,639s][info ][gc] GC(1649) Concurrent Abortable Preclean 0,012ms
[2021-04-30T09:36:30.582+0300][92,639s][debug][gc] GC(1649) YG occupancy: 36274 K (39296 K)
[2021-04-30T09:36:30.588+0300][92,645s][info ][gc] GC(1649) Pause Remark 120M->120M(123M) 6,061ms
[2021-04-30T09:36:30.588+0300][92,645s][info ][gc] GC(1649) Concurrent Sweep
[2021-04-30T09:36:30.600+0300][92,657s][debug][gc] GC(1649) Concurrent active time: 0,012ms
[2021-04-30T09:36:30.600+0300][92,657s][info ][gc] GC(1649) Concurrent Sweep 11,903ms
[2021-04-30T09:36:30.600+0300][92,657s][info ][gc] GC(1649) Concurrent Reset
[2021-04-30T09:36:30.600+0300][92,657s][debug][gc] GC(1649) Concurrent active time: 0,000ms
[2021-04-30T09:36:30.600+0300][92,657s][info ][gc] GC(1649) Concurrent Reset 0,065ms
[2021-04-30T09:36:30.665+0300][92,722s][info ][gc] GC(1651) Pause Full (Allocation Failure) 123M->110M(123M) 55,052ms
[2021-04-30T09:36:30.665+0300][92,722s][info ][gc] GC(1650) Pause Young (Allocation Failure) 123M->110M(123M) 55,123ms
[2021-04-30T09:36:30.669+0300][92,726s][info ][gc] GC(1652) Pause Initial Mark 110M->110M(123M) 3,795ms
[2021-04-30T09:36:30.670+0300][92,726s][info ][gc] GC(1652) Concurrent Mark
[2021-04-30T09:36:30.696+0300][92,752s][debug][gc] GC(1652) Concurrent active time: 0,026ms
[2021-04-30T09:36:30.696+0300][92,752s][info ][gc] GC(1652) Concurrent Mark 26,176ms
[2021-04-30T09:36:30.696+0300][92,752s][info ][gc] GC(1652) Concurrent Preclean
[2021-04-30T09:36:30.712+0300][92,769s][debug][gc] GC(1652) Concurrent active time: 0,016ms
[2021-04-30T09:36:30.712+0300][92,769s][info ][gc] GC(1652) Concurrent Preclean 16,623ms
[2021-04-30T09:36:30.712+0300][92,769s][debug][gc] GC(1653) Concurrent mode failure
[2021-04-30T09:36:30.768+0300][92,825s][info ][gc] GC(1653) Pause Full (Allocation Failure) 123M->110M(123M) 56,645ms
[2021-04-30T09:36:30.863+0300][92,920s][info ][gc] GC(1654) Pause Full (Allocation Failure) 123M->110M(123M) 53,236ms
[2021-04-30T09:36:30.868+0300][92,924s][info ][gc] GC(1655) Pause Initial Mark 111M->111M(123M) 4,201ms
[2021-04-30T09:36:30.868+0300][92,924s][info ][gc] GC(1655) Concurrent Mark
[2021-04-30T09:36:30.893+0300][92,950s][debug][gc] GC(1655) Concurrent active time: 0,025ms
[2021-04-30T09:36:30.893+0300][92,950s][info ][gc] GC(1655) Concurrent Mark 25,451ms
[2021-04-30T09:36:30.893+0300][92,950s][info ][gc] GC(1655) Concurrent Preclean
[2021-04-30T09:36:30.911+0300][92,968s][debug][gc] GC(1655) Concurrent active time: 0,018ms
[2021-04-30T09:36:30.912+0300][92,968s][info ][gc] GC(1655) Concurrent Preclean 18,255ms
[2021-04-30T09:36:30.912+0300][92,968s][info ][gc] GC(1655) Concurrent Abortable Preclean
[2021-04-30T09:36:30.912+0300][92,968s][debug][gc] GC(1655) Concurrent active time: 0,000ms
[2021-04-30T09:36:30.912+0300][92,968s][info ][gc] GC(1655) Concurrent Abortable Preclean 0,013ms
[2021-04-30T09:36:30.912+0300][92,968s][debug][gc] GC(1655) YG occupancy: 38242 K (39296 K)
[2021-04-30T09:36:30.918+0300][92,975s][info ][gc] GC(1655) Pause Remark 122M->122M(123M) 6,458ms
[2021-04-30T09:36:30.918+0300][92,975s][info ][gc] GC(1655) Concurrent Sweep
[2021-04-30T09:36:30.931+0300][92,988s][debug][gc] GC(1655) Concurrent active time: 0,013ms
[2021-04-30T09:36:30.931+0300][92,988s][info ][gc] GC(1655) Concurrent Sweep 13,028ms
[2021-04-30T09:36:30.931+0300][92,988s][debug][gc] GC(1656) Concurrent mode failure
[2021-04-30T09:36:30.989+0300][93,045s][info ][gc] GC(1656) Pause Full (Allocation Failure) 123M->111M(123M) 63,978ms
[2021-04-30T09:36:31.087+0300][93,143s][info ][gc] GC(1657) Pause Full (Allocation Failure) 123M->111M(123M) 52,787ms
[2021-04-30T09:36:31.091+0300][93,148s][info ][gc] GC(1658) Pause Initial Mark 111M->111M(123M) 4,033ms
[2021-04-30T09:36:31.091+0300][93,148s][info ][gc] GC(1658) Concurrent Mark
[2021-04-30T09:36:31.111+0300][93,168s][debug][gc] GC(1658) Concurrent active time: 0,020ms
[2021-04-30T09:36:31.111+0300][93,168s][info ][gc] GC(1658) Concurrent Mark 20,252ms
[2021-04-30T09:36:31.111+0300][93,168s][info ][gc] GC(1658) Concurrent Preclean
[2021-04-30T09:36:31.127+0300][93,183s][debug][gc] GC(1658) Concurrent active time: 0,015ms
[2021-04-30T09:36:31.127+0300][93,183s][info ][gc] GC(1658) Concurrent Preclean 15,515ms
[2021-04-30T09:36:31.127+0300][93,184s][info ][gc] GC(1658) Concurrent Abortable Preclean
[2021-04-30T09:36:31.127+0300][93,184s][debug][gc] GC(1658) Concurrent active time: 0,000ms
[2021-04-30T09:36:31.127+0300][93,184s][info ][gc] GC(1658) Concurrent Abortable Preclean 0,012ms
[2021-04-30T09:36:31.127+0300][93,184s][debug][gc] GC(1658) YG occupancy: 38551 K (39296 K)
[2021-04-30T09:36:31.133+0300][93,190s][info ][gc] GC(1658) Pause Remark 123M->123M(123M) 6,217ms
[2021-04-30T09:36:31.133+0300][93,190s][info ][gc] GC(1658) Concurrent Sweep
[2021-04-30T09:36:31.145+0300][93,202s][debug][gc] GC(1658) Concurrent active time: 0,012ms
[2021-04-30T09:36:31.145+0300][93,202s][info ][gc] GC(1658) Concurrent Sweep 12,058ms
[2021-04-30T09:36:31.146+0300][93,202s][debug][gc] GC(1659) Concurrent mode failure
[2021-04-30T09:36:31.200+0300][93,257s][info ][gc] GC(1659) Pause Full (Allocation Failure) 123M->111M(123M) 62,326ms
[2021-04-30T09:36:31.295+0300][93,351s][info ][gc] GC(1660) Pause Full (Allocation Failure) 123M->111M(123M) 54,696ms
[2021-04-30T09:36:31.299+0300][93,356s][info ][gc] GC(1661) Pause Initial Mark 111M->111M(123M) 4,054ms
[2021-04-30T09:36:31.299+0300][93,356s][info ][gc] GC(1661) Concurrent Mark
[2021-04-30T09:36:31.319+0300][93,376s][debug][gc] GC(1661) Concurrent active time: 0,020ms
[2021-04-30T09:36:31.319+0300][93,376s][info ][gc] GC(1661) Concurrent Mark 20,037ms
[2021-04-30T09:36:31.319+0300][93,376s][info ][gc] GC(1661) Concurrent Preclean
[2021-04-30T09:36:31.337+0300][93,393s][debug][gc] GC(1661) Concurrent active time: 0,017ms
[2021-04-30T09:36:31.337+0300][93,393s][info ][gc] GC(1661) Concurrent Preclean 17,448ms
[2021-04-30T09:36:31.337+0300][93,393s][info ][gc] GC(1661) Concurrent Abortable Preclean
[2021-04-30T09:36:31.337+0300][93,393s][debug][gc] GC(1661) Concurrent active time: 0,000ms
[2021-04-30T09:36:31.337+0300][93,393s][info ][gc] GC(1661) Concurrent Abortable Preclean 0,012ms
[2021-04-30T09:36:31.337+0300][93,393s][debug][gc] GC(1661) YG occupancy: 38475 K (39296 K)
[2021-04-30T09:36:31.343+0300][93,399s][info ][gc] GC(1661) Pause Remark 122M->122M(123M) 6,080ms
[2021-04-30T09:36:31.343+0300][93,400s][info ][gc] GC(1661) Concurrent Sweep
[2021-04-30T09:36:31.355+0300][93,412s][debug][gc] GC(1661) Concurrent active time: 0,012ms
[2021-04-30T09:36:31.355+0300][93,412s][info ][gc] GC(1661) Concurrent Sweep 12,487ms
[2021-04-30T09:36:31.356+0300][93,412s][debug][gc] GC(1662) Concurrent mode failure
[2021-04-30T09:36:31.410+0300][93,466s][info ][gc] GC(1662) Pause Full (Allocation Failure) 123M->111M(123M) 61,768ms
[2021-04-30T09:36:31.502+0300][93,559s][info ][gc] GC(1663) Pause Full (Allocation Failure) 123M->112M(123M) 51,520ms
[2021-04-30T09:36:31.506+0300][93,563s][info ][gc] GC(1664) Pause Initial Mark 112M->112M(123M) 4,129ms
[2021-04-30T09:36:31.507+0300][93,563s][info ][gc] GC(1664) Concurrent Mark
[2021-04-30T09:36:31.532+0300][93,589s][debug][gc] GC(1664) Concurrent active time: 0,026ms
[2021-04-30T09:36:31.533+0300][93,589s][info ][gc] GC(1664) Concurrent Mark 25,957ms
[2021-04-30T09:36:31.533+0300][93,589s][info ][gc] GC(1664) Concurrent Preclean
[2021-04-30T09:36:31.549+0300][93,606s][debug][gc] GC(1664) Concurrent active time: 0,017ms
[2021-04-30T09:36:31.549+0300][93,606s][info ][gc] GC(1664) Concurrent Preclean 16,855ms
[2021-04-30T09:36:31.549+0300][93,606s][debug][gc] GC(1665) Concurrent mode failure
[2021-04-30T09:36:31.605+0300][93,662s][info ][gc] GC(1665) Pause Full (Allocation Failure) 123M->112M(123M) 60,534ms
[2021-04-30T09:36:31.698+0300][93,755s][info ][gc] GC(1666) Pause Full (Allocation Failure) 123M->112M(123M) 54,207ms
[2021-04-30T09:36:31.703+0300][93,759s][info ][gc] GC(1667) Pause Initial Mark 112M->112M(123M) 4,190ms
[2021-04-30T09:36:31.703+0300][93,759s][info ][gc] GC(1667) Concurrent Mark
[2021-04-30T09:36:31.723+0300][93,779s][debug][gc] GC(1667) Concurrent active time: 0,020ms
[2021-04-30T09:36:31.723+0300][93,779s][info ][gc] GC(1667) Concurrent Mark 19,725ms
[2021-04-30T09:36:31.723+0300][93,779s][info ][gc] GC(1667) Concurrent Preclean
[2021-04-30T09:36:31.738+0300][93,795s][debug][gc] GC(1667) Concurrent active time: 0,016ms
[2021-04-30T09:36:31.738+0300][93,795s][info ][gc] GC(1667) Concurrent Preclean 15,850ms
[2021-04-30T09:36:31.738+0300][93,795s][info ][gc] GC(1667) Concurrent Abortable Preclean
[2021-04-30T09:36:31.738+0300][93,795s][debug][gc] GC(1667) Concurrent active time: 0,000ms
[2021-04-30T09:36:31.738+0300][93,795s][info ][gc] GC(1667) Concurrent Abortable Preclean 0,021ms
[2021-04-30T09:36:31.739+0300][93,795s][debug][gc] GC(1667) YG occupancy: 38752 K (39296 K)
[2021-04-30T09:36:31.745+0300][93,801s][info ][gc] GC(1667) Pause Remark 123M->123M(123M) 6,281ms
[2021-04-30T09:36:31.745+0300][93,802s][info ][gc] GC(1667) Concurrent Sweep
[2021-04-30T09:36:31.757+0300][93,814s][debug][gc] GC(1667) Concurrent active time: 0,012ms
[2021-04-30T09:36:31.757+0300][93,814s][info ][gc] GC(1667) Concurrent Sweep 12,328ms
[2021-04-30T09:36:31.757+0300][93,814s][debug][gc] GC(1668) Concurrent mode failure
[2021-04-30T09:36:31.810+0300][93,867s][info ][gc] GC(1668) Pause Full (Allocation Failure) 123M->112M(123M) 61,811ms
[2021-04-30T09:36:31.905+0300][93,961s][info ][gc] GC(1669) Pause Full (Allocation Failure) 123M->112M(123M) 56,006ms
[2021-04-30T09:36:31.910+0300][93,967s][info ][gc] GC(1670) Pause Initial Mark 113M->113M(123M) 5,397ms
[2021-04-30T09:36:31.910+0300][93,967s][info ][gc] GC(1670) Concurrent Mark
[2021-04-30T09:36:31.934+0300][93,990s][debug][gc] GC(1670) Concurrent active time: 0,023ms
[2021-04-30T09:36:31.934+0300][93,990s][info ][gc] GC(1670) Concurrent Mark 23,512ms
[2021-04-30T09:36:31.934+0300][93,990s][info ][gc] GC(1670) Concurrent Preclean
[2021-04-30T09:36:31.955+0300][94,012s][debug][gc] GC(1670) Concurrent active time: 0,021ms
[2021-04-30T09:36:31.955+0300][94,012s][info ][gc] GC(1670) Concurrent Preclean 21,381ms
[2021-04-30T09:36:31.955+0300][94,012s][info ][gc] GC(1670) Concurrent Abortable Preclean
[2021-04-30T09:36:31.955+0300][94,012s][debug][gc] GC(1670) Concurrent active time: 0,000ms
[2021-04-30T09:36:31.955+0300][94,012s][info ][gc] GC(1670) Concurrent Abortable Preclean 0,012ms
[2021-04-30T09:36:31.955+0300][94,012s][debug][gc] GC(1670) YG occupancy: 38541 K (39296 K)
[2021-04-30T09:36:31.963+0300][94,020s][info ][gc] GC(1670) Pause Remark 123M->123M(123M) 8,225ms
[2021-04-30T09:36:31.964+0300][94,020s][info ][gc] GC(1670) Concurrent Sweep
[2021-04-30T09:36:31.977+0300][94,033s][debug][gc] GC(1670) Concurrent active time: 0,013ms
[2021-04-30T09:36:31.977+0300][94,033s][info ][gc] GC(1670) Concurrent Sweep 13,189ms
[2021-04-30T09:36:31.977+0300][94,033s][debug][gc] GC(1671) Concurrent mode failure
[2021-04-30T09:36:32.030+0300][94,086s][info ][gc] GC(1671) Pause Full (Allocation Failure) 123M->112M(123M) 61,185ms
[2021-04-30T09:36:32.120+0300][94,177s][info ][gc] GC(1672) Pause Full (Allocation Failure) 123M->113M(123M) 52,523ms
[2021-04-30T09:36:32.125+0300][94,181s][info ][gc] GC(1673) Pause Initial Mark 113M->113M(123M) 4,231ms
[2021-04-30T09:36:32.125+0300][94,181s][info ][gc] GC(1673) Concurrent Mark
[2021-04-30T09:36:32.146+0300][94,203s][debug][gc] GC(1673) Concurrent active time: 0,021ms
[2021-04-30T09:36:32.146+0300][94,203s][info ][gc] GC(1673) Concurrent Mark 21,539ms
[2021-04-30T09:36:32.146+0300][94,203s][info ][gc] GC(1673) Concurrent Preclean
[2021-04-30T09:36:32.162+0300][94,219s][debug][gc] GC(1673) Concurrent active time: 0,016ms
[2021-04-30T09:36:32.162+0300][94,219s][info ][gc] GC(1673) Concurrent Preclean 16,025ms
[2021-04-30T09:36:32.162+0300][94,219s][info ][gc] GC(1673) Concurrent Abortable Preclean
[2021-04-30T09:36:32.162+0300][94,219s][debug][gc] GC(1673) Concurrent active time: 0,000ms
[2021-04-30T09:36:32.162+0300][94,219s][info ][gc] GC(1673) Concurrent Abortable Preclean 0,012ms
[2021-04-30T09:36:32.163+0300][94,219s][debug][gc] GC(1673) YG occupancy: 39232 K (39296 K)
[2021-04-30T09:36:32.169+0300][94,226s][info ][gc] GC(1673) Pause Remark 123M->123M(123M) 6,436ms
[2021-04-30T09:36:32.169+0300][94,226s][info ][gc] GC(1673) Concurrent Sweep
[2021-04-30T09:36:32.181+0300][94,238s][debug][gc] GC(1673) Concurrent active time: 0,012ms
[2021-04-30T09:36:32.181+0300][94,238s][info ][gc] GC(1673) Concurrent Sweep 11,907ms
[2021-04-30T09:36:32.181+0300][94,238s][debug][gc] GC(1674) Concurrent mode failure
[2021-04-30T09:36:32.235+0300][94,292s][info ][gc] GC(1674) Pause Full (Allocation Failure) 123M->113M(123M) 65,301ms
[2021-04-30T09:36:32.326+0300][94,383s][info ][gc] GC(1675) Pause Full (Allocation Failure) 123M->113M(123M) 51,862ms
[2021-04-30T09:36:32.331+0300][94,387s][info ][gc] GC(1676) Pause Initial Mark 113M->113M(123M) 4,342ms
[2021-04-30T09:36:32.331+0300][94,387s][info ][gc] GC(1676) Concurrent Mark
[2021-04-30T09:36:32.353+0300][94,409s][debug][gc] GC(1676) Concurrent active time: 0,022ms
[2021-04-30T09:36:32.353+0300][94,409s][info ][gc] GC(1676) Concurrent Mark 21,805ms
[2021-04-30T09:36:32.353+0300][94,409s][info ][gc] GC(1676) Concurrent Preclean
[2021-04-30T09:36:32.370+0300][94,426s][debug][gc] GC(1676) Concurrent active time: 0,017ms
[2021-04-30T09:36:32.370+0300][94,426s][info ][gc] GC(1676) Concurrent Preclean 16,985ms
[2021-04-30T09:36:32.370+0300][94,426s][debug][gc] GC(1677) Concurrent mode failure
[2021-04-30T09:36:32.421+0300][94,478s][info ][gc] GC(1677) Pause Full (Allocation Failure) 123M->113M(123M) 52,177ms
[2021-04-30T09:36:32.510+0300][94,566s][info ][gc] GC(1678) Pause Full (Allocation Failure) 123M->113M(123M) 53,490ms
[2021-04-30T09:36:32.514+0300][94,571s][info ][gc] GC(1679) Pause Initial Mark 114M->114M(123M) 4,288ms
[2021-04-30T09:36:32.514+0300][94,571s][info ][gc] GC(1679) Concurrent Mark
[2021-04-30T09:36:32.536+0300][94,593s][debug][gc] GC(1679) Concurrent active time: 0,022ms
[2021-04-30T09:36:32.536+0300][94,593s][info ][gc] GC(1679) Concurrent Mark 21,685ms
[2021-04-30T09:36:32.536+0300][94,593s][info ][gc] GC(1679) Concurrent Preclean
[2021-04-30T09:36:32.553+0300][94,609s][debug][gc] GC(1679) Concurrent active time: 0,016ms
[2021-04-30T09:36:32.553+0300][94,609s][info ][gc] GC(1679) Concurrent Preclean 16,706ms
[2021-04-30T09:36:32.553+0300][94,610s][debug][gc] GC(1680) Concurrent mode failure
[2021-04-30T09:36:32.606+0300][94,662s][info ][gc] GC(1680) Pause Full (Allocation Failure) 123M->113M(123M) 53,798ms
[2021-04-30T09:36:32.693+0300][94,749s][info ][gc] GC(1681) Pause Full (Allocation Failure) 123M->114M(123M) 51,496ms
[2021-04-30T09:36:32.697+0300][94,754s][info ][gc] GC(1682) Pause Initial Mark 114M->114M(123M) 4,383ms
[2021-04-30T09:36:32.697+0300][94,754s][info ][gc] GC(1682) Concurrent Mark
[2021-04-30T09:36:32.719+0300][94,775s][debug][gc] GC(1682) Concurrent active time: 0,021ms
[2021-04-30T09:36:32.719+0300][94,775s][info ][gc] GC(1682) Concurrent Mark 21,540ms
[2021-04-30T09:36:32.719+0300][94,775s][info ][gc] GC(1682) Concurrent Preclean
[2021-04-30T09:36:32.735+0300][94,792s][debug][gc] GC(1682) Concurrent active time: 0,016ms
[2021-04-30T09:36:32.735+0300][94,792s][info ][gc] GC(1682) Concurrent Preclean 16,304ms
[2021-04-30T09:36:32.735+0300][94,792s][debug][gc] GC(1683) Concurrent mode failure
[2021-04-30T09:36:32.789+0300][94,845s][info ][gc] GC(1683) Pause Full (Allocation Failure) 123M->114M(123M) 56,319ms
[2021-04-30T09:36:32.882+0300][94,939s][info ][gc] GC(1684) Pause Full (Allocation Failure) 123M->114M(123M) 55,863ms
[2021-04-30T09:36:32.887+0300][94,944s][info ][gc] GC(1685) Pause Initial Mark 114M->114M(123M) 4,754ms
[2021-04-30T09:36:32.887+0300][94,944s][info ][gc] GC(1685) Concurrent Mark
[2021-04-30T09:36:32.913+0300][94,970s][debug][gc] GC(1685) Concurrent active time: 0,026ms
[2021-04-30T09:36:32.913+0300][94,970s][info ][gc] GC(1685) Concurrent Mark 26,011ms
[2021-04-30T09:36:32.913+0300][94,970s][info ][gc] GC(1685) Concurrent Preclean
[2021-04-30T09:36:32.932+0300][94,988s][debug][gc] GC(1685) Concurrent active time: 0,018ms
[2021-04-30T09:36:32.932+0300][94,988s][info ][gc] GC(1685) Concurrent Preclean 18,414ms
[2021-04-30T09:36:32.932+0300][94,988s][debug][gc] GC(1686) Concurrent mode failure
[2021-04-30T09:36:32.989+0300][95,045s][info ][gc] GC(1686) Pause Full (Allocation Failure) 123M->114M(123M) 63,107ms
[2021-04-30T09:36:33.077+0300][95,133s][info ][gc] GC(1687) Pause Full (Allocation Failure) 123M->114M(123M) 52,046ms
[2021-04-30T09:36:33.082+0300][95,138s][info ][gc] GC(1688) Pause Initial Mark 114M->114M(123M) 4,653ms
[2021-04-30T09:36:33.082+0300][95,138s][info ][gc] GC(1688) Concurrent Mark
[2021-04-30T09:36:33.105+0300][95,161s][debug][gc] GC(1688) Concurrent active time: 0,023ms
[2021-04-30T09:36:33.105+0300][95,161s][info ][gc] GC(1688) Concurrent Mark 22,760ms
[2021-04-30T09:36:33.105+0300][95,161s][info ][gc] GC(1688) Concurrent Preclean
[2021-04-30T09:36:33.123+0300][95,180s][debug][gc] GC(1688) Concurrent active time: 0,018ms
[2021-04-30T09:36:33.123+0300][95,180s][info ][gc] GC(1688) Concurrent Preclean 18,646ms
[2021-04-30T09:36:33.123+0300][95,180s][debug][gc] GC(1689) Concurrent mode failure
[2021-04-30T09:36:33.177+0300][95,233s][info ][gc] GC(1689) Pause Full (Allocation Failure) 123M->114M(123M) 57,473ms
[2021-04-30T09:36:33.263+0300][95,320s][info ][gc] GC(1690) Pause Full (Allocation Failure) 123M->115M(123M) 52,528ms
[2021-04-30T09:36:33.268+0300][95,325s][info ][gc] GC(1691) Pause Initial Mark 115M->115M(123M) 4,777ms
[2021-04-30T09:36:33.269+0300][95,325s][info ][gc] GC(1691) Concurrent Mark
[2021-04-30T09:36:33.291+0300][95,347s][debug][gc] GC(1691) Concurrent active time: 0,022ms
[2021-04-30T09:36:33.291+0300][95,347s][info ][gc] GC(1691) Concurrent Mark 22,089ms
[2021-04-30T09:36:33.291+0300][95,347s][info ][gc] GC(1691) Concurrent Preclean
[2021-04-30T09:36:33.311+0300][95,367s][debug][gc] GC(1691) Concurrent active time: 0,020ms
[2021-04-30T09:36:33.311+0300][95,367s][info ][gc] GC(1691) Concurrent Preclean 20,196ms
[2021-04-30T09:36:33.311+0300][95,368s][debug][gc] GC(1692) Concurrent mode failure
[2021-04-30T09:36:33.365+0300][95,421s][info ][gc] GC(1692) Pause Full (Allocation Failure) 123M->115M(123M) 60,059ms
[2021-04-30T09:36:33.453+0300][95,510s][info ][gc] GC(1693) Pause Full (Allocation Failure) 123M->115M(123M) 52,989ms
[2021-04-30T09:36:33.458+0300][95,515s][info ][gc] GC(1694) Pause Initial Mark 115M->115M(123M) 4,758ms
[2021-04-30T09:36:33.458+0300][95,515s][info ][gc] GC(1694) Concurrent Mark
[2021-04-30T09:36:33.480+0300][95,537s][debug][gc] GC(1694) Concurrent active time: 0,022ms
[2021-04-30T09:36:33.480+0300][95,537s][info ][gc] GC(1694) Concurrent Mark 21,920ms
[2021-04-30T09:36:33.480+0300][95,537s][info ][gc] GC(1694) Concurrent Preclean
[2021-04-30T09:36:33.497+0300][95,553s][debug][gc] GC(1694) Concurrent active time: 0,016ms
[2021-04-30T09:36:33.497+0300][95,553s][info ][gc] GC(1694) Concurrent Preclean 16,258ms
[2021-04-30T09:36:33.497+0300][95,553s][debug][gc] GC(1695) Concurrent mode failure
[2021-04-30T09:36:33.550+0300][95,607s][info ][gc] GC(1695) Pause Full (Allocation Failure) 123M->115M(123M) 58,259ms
[2021-04-30T09:36:33.638+0300][95,695s][info ][gc] GC(1696) Pause Full (Allocation Failure) 123M->115M(123M) 54,290ms
[2021-04-30T09:36:33.643+0300][95,700s][info ][gc] GC(1697) Pause Initial Mark 115M->115M(123M) 4,615ms
[2021-04-30T09:36:33.644+0300][95,700s][info ][gc] GC(1697) Concurrent Mark
[2021-04-30T09:36:33.665+0300][95,722s][debug][gc] GC(1697) Concurrent active time: 0,022ms
[2021-04-30T09:36:33.665+0300][95,722s][info ][gc] GC(1697) Concurrent Mark 21,766ms
[2021-04-30T09:36:33.665+0300][95,722s][info ][gc] GC(1697) Concurrent Preclean
[2021-04-30T09:36:33.682+0300][95,739s][debug][gc] GC(1697) Concurrent active time: 0,016ms
[2021-04-30T09:36:33.682+0300][95,739s][info ][gc] GC(1697) Concurrent Preclean 16,647ms
[2021-04-30T09:36:33.682+0300][95,739s][debug][gc] GC(1698) Concurrent mode failure
[2021-04-30T09:36:33.734+0300][95,791s][info ][gc] GC(1698) Pause Full (Allocation Failure) 123M->115M(123M) 55,925ms
[2021-04-30T09:36:33.821+0300][95,878s][info ][gc] GC(1699) Pause Full (Allocation Failure) 123M->115M(123M) 54,720ms
[2021-04-30T09:36:33.826+0300][95,883s][info ][gc] GC(1700) Pause Initial Mark 115M->115M(123M) 4,693ms
[2021-04-30T09:36:33.827+0300][95,883s][info ][gc] GC(1700) Concurrent Mark
[2021-04-30T09:36:33.848+0300][95,905s][debug][gc] GC(1700) Concurrent active time: 0,020ms
[2021-04-30T09:36:33.848+0300][95,905s][info ][gc] GC(1700) Concurrent Mark 21,436ms
[2021-04-30T09:36:33.848+0300][95,905s][info ][gc] GC(1700) Concurrent Preclean
[2021-04-30T09:36:33.866+0300][95,922s][debug][gc] GC(1700) Concurrent active time: 0,017ms
[2021-04-30T09:36:33.866+0300][95,922s][info ][gc] GC(1700) Concurrent Preclean 17,600ms
[2021-04-30T09:36:33.866+0300][95,922s][debug][gc] GC(1701) Concurrent mode failure
[2021-04-30T09:36:33.922+0300][95,979s][info ][gc] GC(1701) Pause Full (Allocation Failure) 123M->115M(123M) 58,742ms
[2021-04-30T09:36:34.014+0300][96,071s][info ][gc] GC(1702) Pause Full (Allocation Failure) 123M->116M(123M) 55,765ms
[2021-04-30T09:36:34.020+0300][96,076s][info ][gc] GC(1703) Pause Initial Mark 116M->116M(123M) 4,770ms
[2021-04-30T09:36:34.020+0300][96,076s][info ][gc] GC(1703) Concurrent Mark
[2021-04-30T09:36:34.050+0300][96,107s][debug][gc] GC(1703) Concurrent active time: 0,024ms
[2021-04-30T09:36:34.050+0300][96,107s][info ][gc] GC(1703) Concurrent Mark 30,840ms
[2021-04-30T09:36:34.050+0300][96,107s][info ][gc] GC(1703) Concurrent Preclean
[2021-04-30T09:36:34.066+0300][96,123s][debug][gc] GC(1703) Concurrent active time: 0,016ms
[2021-04-30T09:36:34.066+0300][96,123s][info ][gc] GC(1703) Concurrent Preclean 15,947ms
[2021-04-30T09:36:34.067+0300][96,123s][debug][gc] GC(1704) Concurrent mode failure
[2021-04-30T09:36:34.120+0300][96,176s][info ][gc] GC(1704) Pause Full (Allocation Failure) 123M->116M(123M) 67,571ms
[2021-04-30T09:36:34.207+0300][96,264s][info ][gc] GC(1705) Pause Full (Allocation Failure) 123M->116M(123M) 55,174ms
[2021-04-30T09:36:34.213+0300][96,270s][info ][gc] GC(1706) Pause Initial Mark 116M->116M(123M) 5,345ms
[2021-04-30T09:36:34.213+0300][96,270s][info ][gc] GC(1706) Concurrent Mark
[2021-04-30T09:36:34.233+0300][96,289s][debug][gc] GC(1706) Concurrent active time: 0,020ms
[2021-04-30T09:36:34.233+0300][96,289s][info ][gc] GC(1706) Concurrent Mark 19,662ms
[2021-04-30T09:36:34.233+0300][96,289s][info ][gc] GC(1706) Concurrent Preclean
[2021-04-30T09:36:34.249+0300][96,305s][debug][gc] GC(1706) Concurrent active time: 0,016ms
[2021-04-30T09:36:34.249+0300][96,305s][info ][gc] GC(1706) Concurrent Preclean 15,809ms
[2021-04-30T09:36:34.249+0300][96,305s][debug][gc] GC(1707) Concurrent mode failure
[2021-04-30T09:36:34.302+0300][96,358s][info ][gc] GC(1707) Pause Full (Allocation Failure) 123M->116M(123M) 55,703ms
[2021-04-30T09:36:34.387+0300][96,443s][info ][gc] GC(1708) Pause Full (Allocation Failure) 123M->116M(123M) 52,197ms
[2021-04-30T09:36:34.392+0300][96,448s][info ][gc] GC(1709) Pause Initial Mark 116M->116M(123M) 4,967ms
[2021-04-30T09:36:34.392+0300][96,449s][info ][gc] GC(1709) Concurrent Mark
[2021-04-30T09:36:34.414+0300][96,470s][debug][gc] GC(1709) Concurrent active time: 0,022ms
[2021-04-30T09:36:34.414+0300][96,470s][info ][gc] GC(1709) Concurrent Mark 21,829ms
[2021-04-30T09:36:34.414+0300][96,470s][info ][gc] GC(1709) Concurrent Preclean
[2021-04-30T09:36:34.430+0300][96,487s][debug][gc] GC(1709) Concurrent active time: 0,016ms
[2021-04-30T09:36:34.430+0300][96,487s][info ][gc] GC(1709) Concurrent Preclean 16,156ms
[2021-04-30T09:36:34.430+0300][96,487s][debug][gc] GC(1710) Concurrent mode failure
[2021-04-30T09:36:34.484+0300][96,541s][info ][gc] GC(1710) Pause Full (Allocation Failure) 123M->116M(123M) 59,027ms
[2021-04-30T09:36:34.569+0300][96,625s][info ][gc] GC(1711) Pause Full (Allocation Failure) 123M->116M(123M) 52,116ms
[2021-04-30T09:36:34.574+0300][96,630s][info ][gc] GC(1712) Pause Initial Mark 116M->116M(123M) 4,793ms
[2021-04-30T09:36:34.574+0300][96,630s][info ][gc] GC(1712) Concurrent Mark
[2021-04-30T09:36:34.596+0300][96,652s][debug][gc] GC(1712) Concurrent active time: 0,022ms
[2021-04-30T09:36:34.596+0300][96,652s][info ][gc] GC(1712) Concurrent Mark 21,835ms
[2021-04-30T09:36:34.596+0300][96,652s][info ][gc] GC(1712) Concurrent Preclean
[2021-04-30T09:36:34.612+0300][96,669s][debug][gc] GC(1712) Concurrent active time: 0,016ms
[2021-04-30T09:36:34.612+0300][96,669s][info ][gc] GC(1712) Concurrent Preclean 16,408ms
[2021-04-30T09:36:34.612+0300][96,669s][debug][gc] GC(1713) Concurrent mode failure
[2021-04-30T09:36:34.664+0300][96,720s][info ][gc] GC(1713) Pause Full (Allocation Failure) 123M->116M(123M) 56,948ms
[2021-04-30T09:36:34.749+0300][96,805s][info ][gc] GC(1714) Pause Full (Allocation Failure) 123M->117M(123M) 53,316ms
[2021-04-30T09:36:34.754+0300][96,810s][info ][gc] GC(1715) Pause Initial Mark 117M->117M(123M) 4,819ms
[2021-04-30T09:36:34.754+0300][96,810s][info ][gc] GC(1715) Concurrent Mark
[2021-04-30T09:36:34.778+0300][96,835s][debug][gc] GC(1715) Concurrent active time: 0,024ms
[2021-04-30T09:36:34.778+0300][96,835s][info ][gc] GC(1715) Concurrent Mark 24,107ms
[2021-04-30T09:36:34.778+0300][96,835s][info ][gc] GC(1715) Concurrent Preclean
[2021-04-30T09:36:34.795+0300][96,851s][debug][gc] GC(1715) Concurrent active time: 0,017ms
[2021-04-30T09:36:34.795+0300][96,851s][info ][gc] GC(1715) Concurrent Preclean 16,779ms
[2021-04-30T09:36:34.795+0300][96,851s][debug][gc] GC(1716) Concurrent mode failure
[2021-04-30T09:36:34.848+0300][96,905s][info ][gc] GC(1716) Pause Full (Allocation Failure) 123M->117M(123M) 62,961ms
[2021-04-30T09:36:34.953+0300][97,009s][info ][gc] GC(1717) Pause Full (Allocation Failure) 123M->117M(123M) 67,164ms
[2021-04-30T09:36:34.958+0300][97,015s][info ][gc] GC(1718) Pause Initial Mark 117M->117M(123M) 5,409ms
[2021-04-30T09:36:34.958+0300][97,015s][info ][gc] GC(1718) Concurrent Mark
[2021-04-30T09:36:34.985+0300][97,041s][debug][gc] GC(1718) Concurrent active time: 0,026ms
[2021-04-30T09:36:34.985+0300][97,041s][info ][gc] GC(1718) Concurrent Mark 26,422ms
[2021-04-30T09:36:34.985+0300][97,041s][info ][gc] GC(1718) Concurrent Preclean
[2021-04-30T09:36:35.003+0300][97,059s][debug][gc] GC(1718) Concurrent active time: 0,018ms
[2021-04-30T09:36:35.003+0300][97,059s][info ][gc] GC(1718) Concurrent Preclean 18,121ms
[2021-04-30T09:36:35.003+0300][97,059s][debug][gc] GC(1719) Concurrent mode failure
[2021-04-30T09:36:35.059+0300][97,116s][info ][gc] GC(1719) Pause Full (Allocation Failure) 123M->117M(123M) 58,428ms
[2021-04-30T09:36:35.144+0300][97,200s][info ][gc] GC(1720) Pause Full (Allocation Failure) 123M->117M(123M) 53,517ms
[2021-04-30T09:36:35.149+0300][97,205s][info ][gc] GC(1721) Pause Initial Mark 117M->117M(123M) 4,883ms
[2021-04-30T09:36:35.149+0300][97,206s][info ][gc] GC(1721) Concurrent Mark
[2021-04-30T09:36:35.169+0300][97,226s][debug][gc] GC(1721) Concurrent active time: 0,020ms
[2021-04-30T09:36:35.169+0300][97,226s][info ][gc] GC(1721) Concurrent Mark 20,144ms
[2021-04-30T09:36:35.169+0300][97,226s][info ][gc] GC(1721) Concurrent Preclean
[2021-04-30T09:36:35.185+0300][97,241s][debug][gc] GC(1721) Concurrent active time: 0,016ms
[2021-04-30T09:36:35.185+0300][97,241s][info ][gc] GC(1721) Concurrent Preclean 15,631ms
[2021-04-30T09:36:35.185+0300][97,241s][info ][gc] GC(1721) Concurrent Abortable Preclean
[2021-04-30T09:36:35.185+0300][97,241s][debug][gc] GC(1721) Concurrent active time: 0,000ms
[2021-04-30T09:36:35.185+0300][97,241s][info ][gc] GC(1721) Concurrent Abortable Preclean 0,012ms
[2021-04-30T09:36:35.185+0300][97,241s][debug][gc] GC(1721) YG occupancy: 39005 K (39296 K)
[2021-04-30T09:36:35.192+0300][97,248s][info ][gc] GC(1721) Pause Remark 123M->123M(123M) 7,027ms
[2021-04-30T09:36:35.192+0300][97,249s][info ][gc] GC(1721) Concurrent Sweep
[2021-04-30T09:36:35.204+0300][97,261s][debug][gc] GC(1721) Concurrent active time: 0,012ms
[2021-04-30T09:36:35.204+0300][97,261s][info ][gc] GC(1721) Concurrent Sweep 12,035ms
[2021-04-30T09:36:35.204+0300][97,261s][debug][gc] GC(1722) Concurrent mode failure
[2021-04-30T09:36:35.259+0300][97,315s][info ][gc] GC(1722) Pause Full (Allocation Failure) 123M->117M(123M) 64,736ms
[2021-04-30T09:36:35.341+0300][97,398s][info ][gc] GC(1723) Pause Full (Allocation Failure) 123M->117M(123M) 51,745ms
[2021-04-30T09:36:35.347+0300][97,403s][info ][gc] GC(1724) Pause Initial Mark 117M->117M(123M) 4,977ms
[2021-04-30T09:36:35.347+0300][97,403s][info ][gc] GC(1724) Concurrent Mark
[2021-04-30T09:36:35.367+0300][97,424s][debug][gc] GC(1724) Concurrent active time: 0,020ms
[2021-04-30T09:36:35.367+0300][97,424s][info ][gc] GC(1724) Concurrent Mark 20,356ms
[2021-04-30T09:36:35.367+0300][97,424s][info ][gc] GC(1724) Concurrent Preclean
[2021-04-30T09:36:35.383+0300][97,440s][debug][gc] GC(1724) Concurrent active time: 0,016ms
[2021-04-30T09:36:35.383+0300][97,440s][info ][gc] GC(1724) Concurrent Preclean 16,056ms
[2021-04-30T09:36:35.383+0300][97,440s][info ][gc] GC(1724) Concurrent Abortable Preclean
[2021-04-30T09:36:35.383+0300][97,440s][debug][gc] GC(1724) Concurrent active time: 0,000ms
[2021-04-30T09:36:35.383+0300][97,440s][info ][gc] GC(1724) Concurrent Abortable Preclean 0,013ms
[2021-04-30T09:36:35.383+0300][97,440s][debug][gc] GC(1724) YG occupancy: 39114 K (39296 K)
[2021-04-30T09:36:35.391+0300][97,448s][info ][gc] GC(1724) Pause Remark 123M->123M(123M) 8,232ms
[2021-04-30T09:36:35.392+0300][97,448s][info ][gc] GC(1724) Concurrent Sweep
[2021-04-30T09:36:35.404+0300][97,460s][debug][gc] GC(1724) Concurrent active time: 0,012ms
[2021-04-30T09:36:35.404+0300][97,460s][info ][gc] GC(1724) Concurrent Sweep 12,392ms
[2021-04-30T09:36:35.404+0300][97,461s][debug][gc] GC(1725) Concurrent mode failure
[2021-04-30T09:36:35.458+0300][97,515s][info ][gc] GC(1725) Pause Full (Allocation Failure) 123M->117M(123M) 65,669ms
[2021-04-30T09:36:35.542+0300][97,598s][info ][gc] GC(1726) Pause Full (Allocation Failure) 123M->117M(123M) 53,120ms
[2021-04-30T09:36:35.547+0300][97,603s][info ][gc] GC(1727) Pause Initial Mark 117M->117M(123M) 4,909ms
[2021-04-30T09:36:35.547+0300][97,604s][info ][gc] GC(1727) Concurrent Mark
[2021-04-30T09:36:35.567+0300][97,624s][debug][gc] GC(1727) Concurrent active time: 0,020ms
[2021-04-30T09:36:35.567+0300][97,624s][info ][gc] GC(1727) Concurrent Mark 20,098ms
[2021-04-30T09:36:35.567+0300][97,624s][info ][gc] GC(1727) Concurrent Preclean
[2021-04-30T09:36:35.583+0300][97,639s][debug][gc] GC(1727) Concurrent active time: 0,016ms
[2021-04-30T09:36:35.583+0300][97,639s][info ][gc] GC(1727) Concurrent Preclean 15,591ms
[2021-04-30T09:36:35.583+0300][97,639s][info ][gc] GC(1727) Concurrent Abortable Preclean
[2021-04-30T09:36:35.583+0300][97,639s][debug][gc] GC(1727) Concurrent active time: 0,000ms
[2021-04-30T09:36:35.583+0300][97,639s][info ][gc] GC(1727) Concurrent Abortable Preclean 0,012ms
[2021-04-30T09:36:35.583+0300][97,639s][debug][gc] GC(1727) YG occupancy: 39082 K (39296 K)
[2021-04-30T09:36:35.590+0300][97,647s][info ][gc] GC(1727) Pause Remark 123M->123M(123M) 7,195ms
[2021-04-30T09:36:35.590+0300][97,647s][info ][gc] GC(1727) Concurrent Sweep
[2021-04-30T09:36:35.604+0300][97,661s][debug][gc] GC(1727) Concurrent active time: 0,014ms
[2021-04-30T09:36:35.604+0300][97,661s][info ][gc] GC(1727) Concurrent Sweep 14,011ms
[2021-04-30T09:36:35.604+0300][97,661s][debug][gc] GC(1728) Concurrent mode failure
[2021-04-30T09:36:35.659+0300][97,715s][info ][gc] GC(1728) Pause Full (Allocation Failure) 123M->117M(123M) 67,103ms
[2021-04-30T09:36:35.745+0300][97,802s][info ][gc] GC(1729) Pause Full (Allocation Failure) 123M->118M(123M) 56,532ms
[2021-04-30T09:36:35.750+0300][97,807s][info ][gc] GC(1730) Pause Initial Mark 118M->118M(123M) 5,069ms
[2021-04-30T09:36:35.751+0300][97,807s][info ][gc] GC(1730) Concurrent Mark
[2021-04-30T09:36:35.771+0300][97,828s][debug][gc] GC(1730) Concurrent active time: 0,021ms
[2021-04-30T09:36:35.771+0300][97,828s][info ][gc] GC(1730) Concurrent Mark 20,843ms
[2021-04-30T09:36:35.771+0300][97,828s][info ][gc] GC(1730) Concurrent Preclean
[2021-04-30T09:36:35.788+0300][97,844s][debug][gc] GC(1730) Concurrent active time: 0,016ms
[2021-04-30T09:36:35.788+0300][97,844s][info ][gc] GC(1730) Concurrent Preclean 16,482ms
[2021-04-30T09:36:35.788+0300][97,844s][info ][gc] GC(1730) Concurrent Abortable Preclean
[2021-04-30T09:36:35.788+0300][97,844s][debug][gc] GC(1730) Concurrent active time: 0,000ms
[2021-04-30T09:36:35.788+0300][97,844s][info ][gc] GC(1730) Concurrent Abortable Preclean 0,012ms
[2021-04-30T09:36:35.788+0300][97,845s][debug][gc] GC(1730) YG occupancy: 39238 K (39296 K)
[2021-04-30T09:36:35.795+0300][97,852s][info ][gc] GC(1730) Pause Remark 123M->123M(123M) 7,427ms
[2021-04-30T09:36:35.796+0300][97,852s][info ][gc] GC(1730) Concurrent Sweep
[2021-04-30T09:36:35.808+0300][97,864s][debug][gc] GC(1730) Concurrent active time: 0,012ms
[2021-04-30T09:36:35.808+0300][97,864s][info ][gc] GC(1730) Concurrent Sweep 12,260ms
[2021-04-30T09:36:35.808+0300][97,864s][debug][gc] GC(1731) Concurrent mode failure
[2021-04-30T09:36:35.861+0300][97,917s][info ][gc] GC(1731) Pause Full (Allocation Failure) 123M->118M(123M) 64,640ms
[2021-04-30T09:36:35.948+0300][98,005s][info ][gc] GC(1732) Pause Full (Allocation Failure) 123M->118M(123M) 56,910ms
[2021-04-30T09:36:35.954+0300][98,011s][info ][gc] GC(1733) Pause Initial Mark 118M->118M(123M) 6,166ms
[2021-04-30T09:36:35.954+0300][98,011s][info ][gc] GC(1733) Concurrent Mark
[2021-04-30T09:36:35.980+0300][98,037s][debug][gc] GC(1733) Concurrent active time: 0,026ms
[2021-04-30T09:36:35.980+0300][98,037s][info ][gc] GC(1733) Concurrent Mark 25,943ms
[2021-04-30T09:36:35.980+0300][98,037s][info ][gc] GC(1733) Concurrent Preclean
[2021-04-30T09:36:35.998+0300][98,054s][debug][gc] GC(1733) Concurrent active time: 0,017ms
[2021-04-30T09:36:35.998+0300][98,054s][info ][gc] GC(1733) Concurrent Preclean 17,302ms
[2021-04-30T09:36:35.998+0300][98,054s][debug][gc] GC(1734) Concurrent mode failure
[2021-04-30T09:36:36.055+0300][98,112s][info ][gc] GC(1734) Pause Full (Allocation Failure) 123M->118M(123M) 60,587ms
[2021-04-30T09:36:36.140+0300][98,196s][info ][gc] GC(1735) Pause Full (Allocation Failure) 123M->118M(123M) 52,364ms
[2021-04-30T09:36:36.145+0300][98,202s][info ][gc] GC(1736) Pause Initial Mark 118M->118M(123M) 5,023ms
[2021-04-30T09:36:36.145+0300][98,202s][info ][gc] GC(1736) Concurrent Mark
[2021-04-30T09:36:36.165+0300][98,221s][debug][gc] GC(1736) Concurrent active time: 0,020ms
[2021-04-30T09:36:36.165+0300][98,221s][info ][gc] GC(1736) Concurrent Mark 19,847ms
[2021-04-30T09:36:36.165+0300][98,221s][info ][gc] GC(1736) Concurrent Preclean
[2021-04-30T09:36:36.181+0300][98,237s][debug][gc] GC(1736) Concurrent active time: 0,016ms
[2021-04-30T09:36:36.181+0300][98,237s][info ][gc] GC(1736) Concurrent Preclean 15,791ms
[2021-04-30T09:36:36.181+0300][98,237s][debug][gc] GC(1737) Concurrent mode failure
[2021-04-30T09:36:36.233+0300][98,290s][info ][gc] GC(1737) Pause Full (Allocation Failure) 123M->118M(123M) 57,442ms
[2021-04-30T09:36:36.319+0300][98,376s][info ][gc] GC(1738) Pause Full (Allocation Failure) 123M->118M(123M) 56,432ms
[2021-04-30T09:36:36.324+0300][98,381s][info ][gc] GC(1739) Pause Initial Mark 118M->118M(123M) 5,122ms
[2021-04-30T09:36:36.324+0300][98,381s][info ][gc] GC(1739) Concurrent Mark
[2021-04-30T09:36:36.350+0300][98,407s][debug][gc] GC(1739) Concurrent active time: 0,026ms
[2021-04-30T09:36:36.350+0300][98,407s][info ][gc] GC(1739) Concurrent Mark 25,812ms
[2021-04-30T09:36:36.350+0300][98,407s][info ][gc] GC(1739) Concurrent Preclean
[2021-04-30T09:36:36.367+0300][98,423s][debug][gc] GC(1739) Concurrent active time: 0,016ms
[2021-04-30T09:36:36.367+0300][98,423s][info ][gc] GC(1739) Concurrent Preclean 16,613ms
[2021-04-30T09:36:36.367+0300][98,423s][debug][gc] GC(1740) Concurrent mode failure
[2021-04-30T09:36:36.421+0300][98,477s][info ][gc] GC(1740) Pause Full (Allocation Failure) 123M->118M(123M) 68,602ms
[2021-04-30T09:36:36.504+0300][98,560s][info ][gc] GC(1741) Pause Full (Allocation Failure) 123M->118M(123M) 52,627ms
[2021-04-30T09:36:36.509+0300][98,566s][info ][gc] GC(1742) Pause Initial Mark 118M->118M(123M) 5,053ms
[2021-04-30T09:36:36.509+0300][98,566s][info ][gc] GC(1742) Concurrent Mark
[2021-04-30T09:36:36.529+0300][98,585s][debug][gc] GC(1742) Concurrent active time: 0,020ms
[2021-04-30T09:36:36.529+0300][98,585s][info ][gc] GC(1742) Concurrent Mark 19,747ms
[2021-04-30T09:36:36.529+0300][98,585s][info ][gc] GC(1742) Concurrent Preclean
[2021-04-30T09:36:36.549+0300][98,605s][debug][gc] GC(1742) Concurrent active time: 0,020ms
[2021-04-30T09:36:36.549+0300][98,605s][info ][gc] GC(1742) Concurrent Preclean 19,897ms
[2021-04-30T09:36:36.549+0300][98,605s][debug][gc] GC(1743) Concurrent mode failure
[2021-04-30T09:36:36.608+0300][98,665s][info ][gc] GC(1743) Pause Full (Allocation Failure) 123M->118M(123M) 69,682ms
[2021-04-30T09:36:36.695+0300][98,751s][info ][gc] GC(1744) Pause Full (Allocation Failure) 123M->118M(123M) 57,837ms
[2021-04-30T09:36:36.701+0300][98,758s][info ][gc] GC(1745) Pause Initial Mark 118M->118M(123M) 6,000ms
[2021-04-30T09:36:36.701+0300][98,758s][info ][gc] GC(1745) Concurrent Mark
[2021-04-30T09:36:36.727+0300][98,783s][debug][gc] GC(1745) Concurrent active time: 0,026ms
[2021-04-30T09:36:36.727+0300][98,783s][info ][gc] GC(1745) Concurrent Mark 25,615ms
[2021-04-30T09:36:36.727+0300][98,783s][info ][gc] GC(1745) Concurrent Preclean
[2021-04-30T09:36:36.743+0300][98,800s][debug][gc] GC(1745) Concurrent active time: 0,016ms
[2021-04-30T09:36:36.743+0300][98,800s][info ][gc] GC(1745) Concurrent Preclean 16,134ms
[2021-04-30T09:36:36.743+0300][98,800s][debug][gc] GC(1746) Concurrent mode failure
[2021-04-30T09:36:36.795+0300][98,852s][info ][gc] GC(1746) Pause Full (Allocation Failure) 123M->118M(123M) 63,832ms
[2021-04-30T09:36:36.881+0300][98,938s][info ][gc] GC(1747) Pause Full (Allocation Failure) 123M->119M(123M) 56,312ms
[2021-04-30T09:36:36.887+0300][98,944s][info ][gc] GC(1748) Pause Initial Mark 119M->119M(123M) 5,937ms
[2021-04-30T09:36:36.887+0300][98,944s][info ][gc] GC(1748) Concurrent Mark
[2021-04-30T09:36:36.915+0300][98,971s][debug][gc] GC(1748) Concurrent active time: 0,027ms
[2021-04-30T09:36:36.915+0300][98,971s][info ][gc] GC(1748) Concurrent Mark 27,233ms
[2021-04-30T09:36:36.915+0300][98,971s][info ][gc] GC(1748) Concurrent Preclean
[2021-04-30T09:36:36.931+0300][98,988s][debug][gc] GC(1748) Concurrent active time: 0,017ms
[2021-04-30T09:36:36.931+0300][98,988s][info ][gc] GC(1748) Concurrent Preclean 16,869ms
[2021-04-30T09:36:36.932+0300][98,988s][debug][gc] GC(1749) Concurrent mode failure
[2021-04-30T09:36:36.990+0300][99,046s][info ][gc] GC(1749) Pause Full (Allocation Failure) 123M->119M(123M) 71,420ms
[2021-04-30T09:36:37.071+0300][99,127s][info ][gc] GC(1750) Pause Full (Allocation Failure) 123M->119M(123M) 51,914ms
[2021-04-30T09:36:37.076+0300][99,133s][info ][gc] GC(1751) Pause Initial Mark 119M->119M(123M) 5,271ms
[2021-04-30T09:36:37.077+0300][99,133s][info ][gc] GC(1751) Concurrent Mark
[2021-04-30T09:36:37.100+0300][99,157s][debug][gc] GC(1751) Concurrent active time: 0,024ms
[2021-04-30T09:36:37.100+0300][99,157s][info ][gc] GC(1751) Concurrent Mark 23,579ms
[2021-04-30T09:36:37.100+0300][99,157s][info ][gc] GC(1751) Concurrent Preclean
[2021-04-30T09:36:37.117+0300][99,173s][debug][gc] GC(1751) Concurrent active time: 0,017ms
[2021-04-30T09:36:37.117+0300][99,174s][info ][gc] GC(1751) Concurrent Preclean 16,804ms
[2021-04-30T09:36:37.117+0300][99,174s][debug][gc] GC(1752) Concurrent mode failure
[2021-04-30T09:36:37.172+0300][99,229s][info ][gc] GC(1752) Pause Full (Allocation Failure) 123M->119M(123M) 68,200ms
[2021-04-30T09:36:37.255+0300][99,312s][info ][gc] GC(1753) Pause Full (Allocation Failure) 123M->119M(123M) 54,410ms
[2021-04-30T09:36:37.261+0300][99,318s][info ][gc] GC(1754) Pause Initial Mark 119M->119M(123M) 5,393ms
[2021-04-30T09:36:37.261+0300][99,318s][info ][gc] GC(1754) Concurrent Mark
[2021-04-30T09:36:37.287+0300][99,344s][debug][gc] GC(1754) Concurrent active time: 0,026ms
[2021-04-30T09:36:37.287+0300][99,344s][info ][gc] GC(1754) Concurrent Mark 25,964ms
[2021-04-30T09:36:37.287+0300][99,344s][info ][gc] GC(1754) Concurrent Preclean
[2021-04-30T09:36:37.309+0300][99,365s][debug][gc] GC(1754) Concurrent active time: 0,021ms
[2021-04-30T09:36:37.309+0300][99,365s][info ][gc] GC(1754) Concurrent Preclean 21,684ms
[2021-04-30T09:36:37.309+0300][99,365s][debug][gc] GC(1755) Concurrent mode failure
[2021-04-30T09:36:37.362+0300][99,418s][info ][gc] GC(1755) Pause Full (Allocation Failure) 123M->119M(123M) 70,454ms
[2021-04-30T09:36:37.443+0300][99,500s][info ][gc] GC(1756) Pause Full (Allocation Failure) 123M->119M(123M) 52,480ms
[2021-04-30T09:36:37.449+0300][99,505s][info ][gc] GC(1757) Pause Initial Mark 119M->119M(123M) 5,308ms
[2021-04-30T09:36:37.449+0300][99,505s][info ][gc] GC(1757) Concurrent Mark
[2021-04-30T09:36:37.473+0300][99,530s][debug][gc] GC(1757) Concurrent active time: 0,024ms
[2021-04-30T09:36:37.473+0300][99,530s][info ][gc] GC(1757) Concurrent Mark 24,567ms
[2021-04-30T09:36:37.473+0300][99,530s][info ][gc] GC(1757) Concurrent Preclean
[2021-04-30T09:36:37.495+0300][99,551s][debug][gc] GC(1757) Concurrent active time: 0,021ms
[2021-04-30T09:36:37.495+0300][99,551s][info ][gc] GC(1757) Concurrent Preclean 21,539ms
[2021-04-30T09:36:37.495+0300][99,552s][debug][gc] GC(1758) Concurrent mode failure
[2021-04-30T09:36:37.549+0300][99,605s][info ][gc] GC(1758) Pause Full (Allocation Failure) 123M->119M(123M) 69,512ms
[2021-04-30T09:36:37.631+0300][99,687s][info ][gc] GC(1759) Pause Full (Allocation Failure) 123M->119M(123M) 53,756ms
[2021-04-30T09:36:37.636+0300][99,693s][info ][gc] GC(1760) Pause Initial Mark 119M->119M(123M) 5,324ms
[2021-04-30T09:36:37.636+0300][99,693s][info ][gc] GC(1760) Concurrent Mark
[2021-04-30T09:36:37.656+0300][99,713s][debug][gc] GC(1760) Concurrent active time: 0,020ms
[2021-04-30T09:36:37.656+0300][99,713s][info ][gc] GC(1760) Concurrent Mark 19,871ms
[2021-04-30T09:36:37.656+0300][99,713s][info ][gc] GC(1760) Concurrent Preclean
[2021-04-30T09:36:37.672+0300][99,728s][debug][gc] GC(1760) Concurrent active time: 0,016ms
[2021-04-30T09:36:37.672+0300][99,728s][info ][gc] GC(1760) Concurrent Preclean 15,702ms
[2021-04-30T09:36:37.672+0300][99,728s][debug][gc] GC(1761) Concurrent mode failure
[2021-04-30T09:36:37.725+0300][99,782s][info ][gc] GC(1761) Pause Full (Allocation Failure) 123M->119M(123M) 60,213ms
[2021-04-30T09:36:37.808+0300][99,865s][info ][gc] GC(1762) Pause Full (Allocation Failure) 123M->119M(123M) 56,009ms
[2021-04-30T09:36:37.814+0300][99,871s][info ][gc] GC(1763) Pause Initial Mark 119M->119M(123M) 5,492ms
[2021-04-30T09:36:37.814+0300][99,871s][info ][gc] GC(1763) Concurrent Mark
[2021-04-30T09:36:37.840+0300][99,897s][debug][gc] GC(1763) Concurrent active time: 0,025ms
[2021-04-30T09:36:37.840+0300][99,897s][info ][gc] GC(1763) Concurrent Mark 26,166ms
[2021-04-30T09:36:37.840+0300][99,897s][info ][gc] GC(1763) Concurrent Preclean
[2021-04-30T09:36:37.858+0300][99,914s][debug][gc] GC(1763) Concurrent active time: 0,017ms
[2021-04-30T09:36:37.858+0300][99,914s][info ][gc] GC(1763) Concurrent Preclean 17,339ms
[2021-04-30T09:36:37.858+0300][99,914s][debug][gc] GC(1764) Concurrent mode failure
[2021-04-30T09:36:37.914+0300][99,970s][info ][gc] GC(1764) Pause Full (Allocation Failure) 123M->119M(123M) 70,147ms
[2021-04-30T09:36:37.999+0300][100,056s][info ][gc] GC(1765) Pause Full (Allocation Failure) 123M->119M(123M) 55,054ms
[2021-04-30T09:36:38.005+0300][100,062s][info ][gc] GC(1766) Pause Initial Mark 119M->119M(123M) 5,369ms
[2021-04-30T09:36:38.005+0300][100,062s][info ][gc] GC(1766) Concurrent Mark
[2021-04-30T09:36:38.030+0300][100,087s][debug][gc] GC(1766) Concurrent active time: 0,025ms
[2021-04-30T09:36:38.031+0300][100,087s][info ][gc] GC(1766) Concurrent Mark 25,474ms
[2021-04-30T09:36:38.031+0300][100,087s][info ][gc] GC(1766) Concurrent Preclean
[2021-04-30T09:36:38.050+0300][100,107s][debug][gc] GC(1766) Concurrent active time: 0,020ms
[2021-04-30T09:36:38.050+0300][100,107s][info ][gc] GC(1766) Concurrent Preclean 19,924ms
[2021-04-30T09:36:38.051+0300][100,107s][debug][gc] GC(1767) Concurrent mode failure
[2021-04-30T09:36:38.106+0300][100,163s][info ][gc] GC(1767) Pause Full (Allocation Failure) 123M->119M(123M) 74,944ms
[2021-04-30T09:36:38.188+0300][100,244s][info ][gc] GC(1768) Pause Full (Allocation Failure) 123M->119M(123M) 55,682ms
[2021-04-30T09:36:38.194+0300][100,250s][info ][gc] GC(1769) Pause Initial Mark 119M->119M(123M) 5,491ms
[2021-04-30T09:36:38.194+0300][100,250s][info ][gc] GC(1769) Concurrent Mark
[2021-04-30T09:36:38.214+0300][100,270s][debug][gc] GC(1769) Concurrent active time: 0,020ms
[2021-04-30T09:36:38.214+0300][100,270s][info ][gc] GC(1769) Concurrent Mark 19,940ms
[2021-04-30T09:36:38.214+0300][100,270s][info ][gc] GC(1769) Concurrent Preclean
[2021-04-30T09:36:38.232+0300][100,289s][debug][gc] GC(1769) Concurrent active time: 0,018ms
[2021-04-30T09:36:38.232+0300][100,289s][info ][gc] GC(1769) Concurrent Preclean 18,546ms
[2021-04-30T09:36:38.232+0300][100,289s][debug][gc] GC(1770) Concurrent mode failure
[2021-04-30T09:36:38.286+0300][100,343s][info ][gc] GC(1770) Pause Full (Allocation Failure) 123M->120M(123M) 68,037ms
[2021-04-30T09:36:38.364+0300][100,420s][info ][gc] GC(1771) Pause Full (Allocation Failure) 123M->120M(123M) 52,269ms
[2021-04-30T09:36:38.369+0300][100,426s][info ][gc] GC(1772) Pause Initial Mark 120M->120M(123M) 5,214ms
[2021-04-30T09:36:38.369+0300][100,426s][info ][gc] GC(1772) Concurrent Mark
[2021-04-30T09:36:38.396+0300][100,452s][debug][gc] GC(1772) Concurrent active time: 0,025ms
[2021-04-30T09:36:38.396+0300][100,452s][info ][gc] GC(1772) Concurrent Mark 26,297ms
[2021-04-30T09:36:38.396+0300][100,452s][debug][gc] GC(1773) Concurrent mode failure
[2021-04-30T09:36:38.456+0300][100,512s][info ][gc] GC(1773) Pause Full (Allocation Failure) 123M->120M(123M) 61,821ms
[2021-04-30T09:36:38.534+0300][100,590s][info ][gc] GC(1774) Pause Full (Allocation Failure) 123M->120M(123M) 55,132ms
[2021-04-30T09:36:38.539+0300][100,596s][info ][gc] GC(1775) Pause Initial Mark 120M->120M(123M) 5,217ms
[2021-04-30T09:36:38.539+0300][100,596s][info ][gc] GC(1775) Concurrent Mark
[2021-04-30T09:36:38.559+0300][100,615s][debug][gc] GC(1775) Concurrent active time: 0,020ms
[2021-04-30T09:36:38.559+0300][100,615s][info ][gc] GC(1775) Concurrent Mark 19,727ms
[2021-04-30T09:36:38.559+0300][100,615s][info ][gc] GC(1775) Concurrent Preclean
[2021-04-30T09:36:38.575+0300][100,632s][debug][gc] GC(1775) Concurrent active time: 0,016ms
[2021-04-30T09:36:38.575+0300][100,632s][info ][gc] GC(1775) Concurrent Preclean 16,151ms
[2021-04-30T09:36:38.575+0300][100,632s][debug][gc] GC(1776) Concurrent mode failure
[2021-04-30T09:36:38.628+0300][100,684s][info ][gc] GC(1776) Pause Full (Allocation Failure) 123M->120M(123M) 64,493ms
[2021-04-30T09:36:38.709+0300][100,766s][info ][gc] GC(1777) Pause Full (Allocation Failure) 123M->120M(123M) 57,906ms
[2021-04-30T09:36:38.714+0300][100,771s][info ][gc] GC(1778) Pause Initial Mark 120M->120M(123M) 5,319ms
[2021-04-30T09:36:38.715+0300][100,771s][info ][gc] GC(1778) Concurrent Mark
[2021-04-30T09:36:38.737+0300][100,794s][debug][gc] GC(1778) Concurrent active time: 0,022ms
[2021-04-30T09:36:38.737+0300][100,794s][info ][gc] GC(1778) Concurrent Mark 22,790ms
[2021-04-30T09:36:38.737+0300][100,794s][debug][gc] GC(1779) Concurrent mode failure
[2021-04-30T09:36:38.791+0300][100,847s][info ][gc] GC(1779) Pause Full (Allocation Failure) 123M->120M(123M) 54,398ms
[2021-04-30T09:36:38.870+0300][100,926s][info ][gc] GC(1780) Pause Full (Allocation Failure) 123M->120M(123M) 56,381ms
[2021-04-30T09:36:38.876+0300][100,933s][info ][gc] GC(1781) Pause Initial Mark 120M->120M(123M) 5,853ms
[2021-04-30T09:36:38.876+0300][100,933s][info ][gc] GC(1781) Concurrent Mark
[2021-04-30T09:36:38.900+0300][100,957s][debug][gc] GC(1781) Concurrent active time: 0,024ms
[2021-04-30T09:36:38.900+0300][100,957s][info ][gc] GC(1781) Concurrent Mark 23,990ms
[2021-04-30T09:36:38.900+0300][100,957s][info ][gc] GC(1781) Concurrent Preclean
[2021-04-30T09:36:38.917+0300][100,974s][debug][gc] GC(1781) Concurrent active time: 0,017ms
[2021-04-30T09:36:38.917+0300][100,974s][info ][gc] GC(1781) Concurrent Preclean 16,968ms
[2021-04-30T09:36:38.917+0300][100,974s][debug][gc] GC(1782) Concurrent mode failure
[2021-04-30T09:36:38.980+0300][101,037s][info ][gc] GC(1782) Pause Full (Allocation Failure) 123M->120M(123M) 72,329ms
[2021-04-30T09:36:39.058+0300][101,114s][info ][gc] GC(1783) Pause Full (Allocation Failure) 123M->120M(123M) 53,604ms
[2021-04-30T09:36:39.063+0300][101,120s][info ][gc] GC(1784) Pause Initial Mark 120M->120M(123M) 5,213ms
[2021-04-30T09:36:39.064+0300][101,121s][info ][gc] GC(1784) Concurrent Mark
[2021-04-30T09:36:39.090+0300][101,146s][debug][gc] GC(1784) Concurrent active time: 0,024ms
[2021-04-30T09:36:39.090+0300][101,146s][info ][gc] GC(1784) Concurrent Mark 25,171ms
[2021-04-30T09:36:39.090+0300][101,146s][debug][gc] GC(1785) Concurrent mode failure
[2021-04-30T09:36:39.143+0300][101,199s][info ][gc] GC(1785) Pause Full (Allocation Failure) 123M->120M(123M) 57,077ms
[2021-04-30T09:36:39.218+0300][101,274s][info ][gc] GC(1786) Pause Full (Allocation Failure) 123M->120M(123M) 53,511ms
[2021-04-30T09:36:39.223+0300][101,280s][info ][gc] GC(1787) Pause Initial Mark 120M->120M(123M) 5,335ms
[2021-04-30T09:36:39.223+0300][101,280s][info ][gc] GC(1787) Concurrent Mark
[2021-04-30T09:36:39.251+0300][101,308s][debug][gc] GC(1787) Concurrent active time: 0,027ms
[2021-04-30T09:36:39.251+0300][101,308s][info ][gc] GC(1787) Concurrent Mark 28,020ms
[2021-04-30T09:36:39.251+0300][101,308s][debug][gc] GC(1788) Concurrent mode failure
[2021-04-30T09:36:39.307+0300][101,363s][info ][gc] GC(1788) Pause Full (Allocation Failure) 123M->120M(123M) 61,974ms
[2021-04-30T09:36:39.380+0300][101,437s][info ][gc] GC(1789) Pause Full (Allocation Failure) 123M->120M(123M) 54,541ms
[2021-04-30T09:36:39.386+0300][101,442s][info ][gc] GC(1790) Pause Initial Mark 120M->120M(123M) 5,288ms
[2021-04-30T09:36:39.386+0300][101,443s][info ][gc] GC(1790) Concurrent Mark
[2021-04-30T09:36:39.406+0300][101,462s][debug][gc] GC(1790) Concurrent active time: 0,020ms
[2021-04-30T09:36:39.406+0300][101,462s][info ][gc] GC(1790) Concurrent Mark 19,829ms
[2021-04-30T09:36:39.406+0300][101,462s][info ][gc] GC(1790) Concurrent Preclean
[2021-04-30T09:36:39.421+0300][101,478s][debug][gc] GC(1790) Concurrent active time: 0,015ms
[2021-04-30T09:36:39.421+0300][101,478s][info ][gc] GC(1790) Concurrent Preclean 15,702ms
[2021-04-30T09:36:39.422+0300][101,478s][debug][gc] GC(1791) Concurrent mode failure
[2021-04-30T09:36:39.475+0300][101,531s][info ][gc] GC(1791) Pause Full (Allocation Failure) 123M->120M(123M) 68,588ms
[2021-04-30T09:36:39.549+0300][101,605s][info ][gc] GC(1792) Pause Full (Allocation Failure) 123M->120M(123M) 53,149ms
[2021-04-30T09:36:39.554+0300][101,611s][info ][gc] GC(1793) Pause Initial Mark 120M->120M(123M) 5,245ms
[2021-04-30T09:36:39.554+0300][101,611s][info ][gc] GC(1793) Concurrent Mark
[2021-04-30T09:36:39.575+0300][101,632s][debug][gc] GC(1793) Concurrent active time: 0,020ms
[2021-04-30T09:36:39.575+0300][101,632s][info ][gc] GC(1793) Concurrent Mark 20,940ms
[2021-04-30T09:36:39.575+0300][101,632s][debug][gc] GC(1794) Concurrent mode failure
[2021-04-30T09:36:39.631+0300][101,688s][info ][gc] GC(1794) Pause Full (Allocation Failure) 123M->120M(123M) 58,631ms
[2021-04-30T09:36:39.705+0300][101,761s][info ][gc] GC(1795) Pause Full (Allocation Failure) 123M->120M(123M) 53,883ms
[2021-04-30T09:36:39.710+0300][101,767s][info ][gc] GC(1796) Pause Initial Mark 120M->120M(123M) 5,148ms
[2021-04-30T09:36:39.710+0300][101,767s][info ][gc] GC(1796) Concurrent Mark
[2021-04-30T09:36:39.736+0300][101,793s][debug][gc] GC(1796) Concurrent active time: 0,025ms
[2021-04-30T09:36:39.736+0300][101,793s][info ][gc] GC(1796) Concurrent Mark 25,755ms
[2021-04-30T09:36:39.736+0300][101,793s][debug][gc] GC(1797) Concurrent mode failure
[2021-04-30T09:36:39.789+0300][101,845s][info ][gc] GC(1797) Pause Full (Allocation Failure) 123M->120M(123M) 60,530ms
[2021-04-30T09:36:39.868+0300][101,925s][info ][gc] GC(1798) Pause Full (Allocation Failure) 123M->121M(123M) 55,711ms
[2021-04-30T09:36:39.874+0300][101,931s][info ][gc] GC(1799) Pause Initial Mark 121M->121M(123M) 5,585ms
[2021-04-30T09:36:39.874+0300][101,931s][info ][gc] GC(1799) Concurrent Mark
[2021-04-30T09:36:39.901+0300][101,957s][debug][gc] GC(1799) Concurrent active time: 0,027ms
[2021-04-30T09:36:39.901+0300][101,957s][info ][gc] GC(1799) Concurrent Mark 26,641ms
[2021-04-30T09:36:39.901+0300][101,957s][info ][gc] GC(1799) Concurrent Preclean
[2021-04-30T09:36:39.919+0300][101,976s][debug][gc] GC(1799) Concurrent active time: 0,018ms
[2021-04-30T09:36:39.919+0300][101,976s][info ][gc] GC(1799) Concurrent Preclean 18,494ms
[2021-04-30T09:36:39.919+0300][101,976s][debug][gc] GC(1800) Concurrent mode failure
[2021-04-30T09:36:39.982+0300][102,039s][info ][gc] GC(1800) Pause Full (Allocation Failure) 123M->121M(123M) 78,463ms
[2021-04-30T09:36:40.054+0300][102,111s][info ][gc] GC(1801) Pause Full (Allocation Failure) 123M->121M(123M) 52,979ms
[2021-04-30T09:36:40.060+0300][102,116s][info ][gc] GC(1802) Pause Initial Mark 121M->121M(123M) 5,301ms
[2021-04-30T09:36:40.060+0300][102,117s][info ][gc] GC(1802) Concurrent Mark
[2021-04-30T09:36:40.080+0300][102,137s][debug][gc] GC(1802) Concurrent active time: 0,019ms
[2021-04-30T09:36:40.081+0300][102,137s][info ][gc] GC(1802) Concurrent Mark 20,511ms
[2021-04-30T09:36:40.081+0300][102,137s][debug][gc] GC(1803) Concurrent mode failure
[2021-04-30T09:36:40.134+0300][102,190s][info ][gc] GC(1803) Pause Full (Allocation Failure) 123M->121M(123M) 56,974ms
[2021-04-30T09:36:40.205+0300][102,261s][info ][gc] GC(1804) Pause Full (Allocation Failure) 123M->121M(123M) 52,624ms
[2021-04-30T09:36:40.210+0300][102,267s][info ][gc] GC(1805) Pause Initial Mark 121M->121M(123M) 5,406ms
[2021-04-30T09:36:40.211+0300][102,267s][info ][gc] GC(1805) Concurrent Mark
[2021-04-30T09:36:40.232+0300][102,289s][debug][gc] GC(1805) Concurrent active time: 0,020ms
[2021-04-30T09:36:40.232+0300][102,289s][info ][gc] GC(1805) Concurrent Mark 21,454ms
[2021-04-30T09:36:40.232+0300][102,289s][debug][gc] GC(1806) Concurrent mode failure
[2021-04-30T09:36:40.287+0300][102,344s][info ][gc] GC(1806) Pause Full (Allocation Failure) 123M->121M(123M) 60,085ms
[2021-04-30T09:36:40.359+0300][102,415s][info ][gc] GC(1807) Pause Full (Allocation Failure) 123M->121M(123M) 53,932ms
[2021-04-30T09:36:40.364+0300][102,421s][info ][gc] GC(1808) Pause Initial Mark 121M->121M(123M) 5,296ms
[2021-04-30T09:36:40.364+0300][102,421s][info ][gc] GC(1808) Concurrent Mark
[2021-04-30T09:36:40.392+0300][102,448s][debug][gc] GC(1808) Concurrent active time: 0,026ms
[2021-04-30T09:36:40.392+0300][102,448s][info ][gc] GC(1808) Concurrent Mark 27,188ms
[2021-04-30T09:36:40.392+0300][102,448s][debug][gc] GC(1809) Concurrent mode failure
[2021-04-30T09:36:40.445+0300][102,502s][info ][gc] GC(1809) Pause Full (Allocation Failure) 123M->121M(123M) 65,252ms
[2021-04-30T09:36:40.515+0300][102,571s][info ][gc] GC(1810) Pause Full (Allocation Failure) 123M->121M(123M) 52,492ms
[2021-04-30T09:36:40.520+0300][102,577s][info ][gc] GC(1811) Pause Initial Mark 121M->121M(123M) 5,348ms
[2021-04-30T09:36:40.521+0300][102,577s][info ][gc] GC(1811) Concurrent Mark
[2021-04-30T09:36:40.542+0300][102,599s][debug][gc] GC(1811) Concurrent active time: 0,020ms
[2021-04-30T09:36:40.542+0300][102,599s][info ][gc] GC(1811) Concurrent Mark 21,593ms
[2021-04-30T09:36:40.542+0300][102,599s][debug][gc] GC(1812) Concurrent mode failure
[2021-04-30T09:36:40.597+0300][102,653s][info ][gc] GC(1812) Pause Full (Allocation Failure) 123M->121M(123M) 59,794ms
[2021-04-30T09:36:40.669+0300][102,726s][info ][gc] GC(1813) Pause Full (Allocation Failure) 123M->121M(123M) 55,464ms
[2021-04-30T09:36:40.675+0300][102,731s][info ][gc] GC(1814) Pause Initial Mark 121M->121M(123M) 5,407ms
[2021-04-30T09:36:40.675+0300][102,731s][info ][gc] GC(1814) Concurrent Mark
[2021-04-30T09:36:40.695+0300][102,752s][debug][gc] GC(1814) Concurrent active time: 0,020ms
[2021-04-30T09:36:40.695+0300][102,752s][info ][gc] GC(1814) Concurrent Mark 20,094ms
[2021-04-30T09:36:40.695+0300][102,752s][info ][gc] GC(1814) Concurrent Preclean
[2021-04-30T09:36:40.711+0300][102,768s][debug][gc] GC(1814) Concurrent active time: 0,016ms
[2021-04-30T09:36:40.711+0300][102,768s][info ][gc] GC(1814) Concurrent Preclean 16,212ms
[2021-04-30T09:36:40.711+0300][102,768s][debug][gc] GC(1815) Concurrent mode failure
[2021-04-30T09:36:40.765+0300][102,821s][info ][gc] GC(1815) Pause Full (Allocation Failure) 123M->121M(123M) 66,233ms
[2021-04-30T09:36:40.834+0300][102,890s][info ][gc] GC(1816) Pause Full (Allocation Failure) 123M->121M(123M) 54,303ms
[2021-04-30T09:36:40.839+0300][102,896s][info ][gc] GC(1817) Pause Initial Mark 121M->121M(123M) 5,463ms
[2021-04-30T09:36:40.839+0300][102,896s][info ][gc] GC(1817) Concurrent Mark
[2021-04-30T09:36:40.861+0300][102,918s][debug][gc] GC(1817) Concurrent active time: 0,021ms
[2021-04-30T09:36:40.861+0300][102,918s][info ][gc] GC(1817) Concurrent Mark 21,836ms
[2021-04-30T09:36:40.861+0300][102,918s][info ][gc] GC(1817) Concurrent Preclean
[2021-04-30T09:36:40.877+0300][102,934s][debug][gc] GC(1817) Concurrent active time: 0,016ms
[2021-04-30T09:36:40.877+0300][102,934s][info ][gc] GC(1817) Concurrent Preclean 16,118ms
[2021-04-30T09:36:40.877+0300][102,934s][debug][gc] GC(1818) Concurrent mode failure
[2021-04-30T09:36:40.936+0300][102,992s][info ][gc] GC(1818) Pause Full (Allocation Failure) 123M->121M(123M) 73,266ms
[2021-04-30T09:36:41.013+0300][103,070s][info ][gc] GC(1819) Pause Full (Allocation Failure) 123M->121M(123M) 59,418ms
[2021-04-30T09:36:41.019+0300][103,075s][info ][gc] GC(1820) Pause Initial Mark 121M->121M(123M) 5,474ms
[2021-04-30T09:36:41.019+0300][103,075s][info ][gc] GC(1820) Concurrent Mark
[2021-04-30T09:36:41.040+0300][103,097s][debug][gc] GC(1820) Concurrent active time: 0,020ms
[2021-04-30T09:36:41.040+0300][103,097s][info ][gc] GC(1820) Concurrent Mark 21,153ms
[2021-04-30T09:36:41.040+0300][103,097s][debug][gc] GC(1821) Concurrent mode failure
[2021-04-30T09:36:41.094+0300][103,150s][info ][gc] GC(1821) Pause Full (Allocation Failure) 123M->121M(123M) 60,993ms
[2021-04-30T09:36:41.161+0300][103,218s][info ][gc] GC(1822) Pause Full (Allocation Failure) 123M->121M(123M) 52,470ms
[2021-04-30T09:36:41.167+0300][103,223s][info ][gc] GC(1823) Pause Initial Mark 121M->121M(123M) 5,465ms
[2021-04-30T09:36:41.167+0300][103,223s][info ][gc] GC(1823) Concurrent Mark
[2021-04-30T09:36:41.189+0300][103,245s][debug][gc] GC(1823) Concurrent active time: 0,021ms
[2021-04-30T09:36:41.189+0300][103,245s][info ][gc] GC(1823) Concurrent Mark 21,772ms
[2021-04-30T09:36:41.189+0300][103,245s][debug][gc] GC(1824) Concurrent mode failure
[2021-04-30T09:36:41.245+0300][103,302s][info ][gc] GC(1824) Pause Full (Allocation Failure) 123M->121M(123M) 64,468ms
[2021-04-30T09:36:41.313+0300][103,369s][info ][gc] GC(1825) Pause Full (Allocation Failure) 123M->121M(123M) 52,465ms
[2021-04-30T09:36:41.318+0300][103,375s][info ][gc] GC(1826) Pause Initial Mark 121M->121M(123M) 5,290ms
[2021-04-30T09:36:41.318+0300][103,375s][info ][gc] GC(1826) Concurrent Mark
[2021-04-30T09:36:41.344+0300][103,401s][debug][gc] GC(1826) Concurrent active time: 0,025ms
[2021-04-30T09:36:41.344+0300][103,401s][info ][gc] GC(1826) Concurrent Mark 26,175ms
[2021-04-30T09:36:41.344+0300][103,401s][debug][gc] GC(1827) Concurrent mode failure
[2021-04-30T09:36:41.397+0300][103,453s][info ][gc] GC(1827) Pause Full (Allocation Failure) 123M->121M(123M) 65,019ms
[2021-04-30T09:36:41.464+0300][103,521s][info ][gc] GC(1828) Pause Full (Allocation Failure) 123M->121M(123M) 53,134ms
[2021-04-30T09:36:41.470+0300][103,527s][info ][gc] GC(1829) Pause Initial Mark 121M->121M(123M) 5,828ms
[2021-04-30T09:36:41.470+0300][103,527s][info ][gc] GC(1829) Concurrent Mark
[2021-04-30T09:36:41.491+0300][103,548s][debug][gc] GC(1829) Concurrent active time: 0,020ms
[2021-04-30T09:36:41.491+0300][103,548s][info ][gc] GC(1829) Concurrent Mark 20,713ms
[2021-04-30T09:36:41.491+0300][103,548s][debug][gc] GC(1830) Concurrent mode failure
[2021-04-30T09:36:41.547+0300][103,603s][info ][gc] GC(1830) Pause Full (Allocation Failure) 123M->121M(123M) 63,687ms
[2021-04-30T09:36:41.615+0300][103,671s][info ][gc] GC(1831) Pause Full (Allocation Failure) 123M->121M(123M) 53,642ms
[2021-04-30T09:36:41.620+0300][103,677s][info ][gc] GC(1832) Pause Initial Mark 121M->121M(123M) 5,263ms
[2021-04-30T09:36:41.620+0300][103,677s][info ][gc] GC(1832) Concurrent Mark
[2021-04-30T09:36:41.648+0300][103,704s][debug][gc] GC(1832) Concurrent active time: 0,026ms
[2021-04-30T09:36:41.648+0300][103,704s][info ][gc] GC(1832) Concurrent Mark 27,566ms
[2021-04-30T09:36:41.648+0300][103,704s][debug][gc] GC(1833) Concurrent mode failure
[2021-04-30T09:36:41.701+0300][103,757s][info ][gc] GC(1833) Pause Full (Allocation Failure) 123M->121M(123M) 68,244ms
[2021-04-30T09:36:41.771+0300][103,827s][info ][gc] GC(1834) Pause Full (Allocation Failure) 123M->121M(123M) 55,872ms
[2021-04-30T09:36:41.776+0300][103,833s][info ][gc] GC(1835) Pause Initial Mark 121M->121M(123M) 5,443ms
[2021-04-30T09:36:41.776+0300][103,833s][info ][gc] GC(1835) Concurrent Mark
[2021-04-30T09:36:41.797+0300][103,854s][debug][gc] GC(1835) Concurrent active time: 0,020ms
[2021-04-30T09:36:41.797+0300][103,854s][info ][gc] GC(1835) Concurrent Mark 21,062ms
[2021-04-30T09:36:41.797+0300][103,854s][debug][gc] GC(1836) Concurrent mode failure
[2021-04-30T09:36:41.854+0300][103,910s][info ][gc] GC(1836) Pause Full (Allocation Failure) 123M->121M(123M) 65,225ms
[2021-04-30T09:36:41.929+0300][103,986s][info ][gc] GC(1837) Pause Full (Allocation Failure) 123M->121M(123M) 55,890ms
[2021-04-30T09:36:41.935+0300][103,992s][info ][gc] GC(1838) Pause Initial Mark 121M->121M(123M) 5,595ms
[2021-04-30T09:36:41.935+0300][103,992s][info ][gc] GC(1838) Concurrent Mark
[2021-04-30T09:36:41.961+0300][104,018s][debug][gc] GC(1838) Concurrent active time: 0,025ms
[2021-04-30T09:36:41.961+0300][104,018s][info ][gc] GC(1838) Concurrent Mark 25,998ms
[2021-04-30T09:36:41.961+0300][104,018s][debug][gc] GC(1839) Concurrent mode failure
[2021-04-30T09:36:42.020+0300][104,076s][info ][gc] GC(1839) Pause Full (Allocation Failure) 123M->121M(123M) 67,458ms
[2021-04-30T09:36:42.086+0300][104,142s][info ][gc] GC(1840) Pause Full (Allocation Failure) 123M->122M(123M) 53,218ms
[2021-04-30T09:36:42.092+0300][104,149s][info ][gc] GC(1841) Pause Initial Mark 122M->122M(123M) 6,208ms
[2021-04-30T09:36:42.092+0300][104,149s][info ][gc] GC(1841) Concurrent Mark
[2021-04-30T09:36:42.113+0300][104,170s][debug][gc] GC(1841) Concurrent active time: 0,020ms
[2021-04-30T09:36:42.113+0300][104,170s][info ][gc] GC(1841) Concurrent Mark 20,957ms
[2021-04-30T09:36:42.113+0300][104,170s][debug][gc] GC(1842) Concurrent mode failure
[2021-04-30T09:36:42.167+0300][104,223s][info ][gc] GC(1842) Pause Full (Allocation Failure) 123M->122M(123M) 63,240ms
[2021-04-30T09:36:42.232+0300][104,288s][info ][gc] GC(1843) Pause Full (Allocation Failure) 123M->122M(123M) 52,477ms
[2021-04-30T09:36:42.237+0300][104,294s][info ][gc] GC(1844) Pause Initial Mark 122M->122M(123M) 5,403ms
[2021-04-30T09:36:42.237+0300][104,294s][info ][gc] GC(1844) Concurrent Mark
[2021-04-30T09:36:42.259+0300][104,315s][debug][gc] GC(1844) Concurrent active time: 0,020ms
[2021-04-30T09:36:42.259+0300][104,315s][info ][gc] GC(1844) Concurrent Mark 21,451ms
[2021-04-30T09:36:42.259+0300][104,315s][debug][gc] GC(1845) Concurrent mode failure
[2021-04-30T09:36:42.312+0300][104,369s][info ][gc] GC(1845) Pause Full (Allocation Failure) 123M->122M(123M) 61,463ms
[2021-04-30T09:36:42.379+0300][104,436s][info ][gc] GC(1846) Pause Full (Allocation Failure) 123M->122M(123M) 55,224ms
[2021-04-30T09:36:42.385+0300][104,442s][info ][gc] GC(1847) Pause Initial Mark 122M->122M(123M) 5,519ms
[2021-04-30T09:36:42.385+0300][104,442s][info ][gc] GC(1847) Concurrent Mark
[2021-04-30T09:36:42.411+0300][104,467s][debug][gc] GC(1847) Concurrent active time: 0,024ms
[2021-04-30T09:36:42.411+0300][104,467s][info ][gc] GC(1847) Concurrent Mark 25,407ms
[2021-04-30T09:36:42.411+0300][104,467s][debug][gc] GC(1848) Concurrent mode failure
[2021-04-30T09:36:42.465+0300][104,522s][info ][gc] GC(1848) Pause Full (Allocation Failure) 123M->122M(123M) 69,484ms
[2021-04-30T09:36:42.531+0300][104,588s][info ][gc] GC(1849) Pause Full (Allocation Failure) 123M->122M(123M) 54,207ms
[2021-04-30T09:36:42.537+0300][104,593s][info ][gc] GC(1850) Pause Initial Mark 122M->122M(123M) 5,474ms
[2021-04-30T09:36:42.537+0300][104,593s][info ][gc] GC(1850) Concurrent Mark
[2021-04-30T09:36:42.558+0300][104,614s][debug][gc] GC(1850) Concurrent active time: 0,020ms
[2021-04-30T09:36:42.558+0300][104,614s][info ][gc] GC(1850) Concurrent Mark 20,870ms
[2021-04-30T09:36:42.558+0300][104,614s][debug][gc] GC(1851) Concurrent mode failure
[2021-04-30T09:36:42.612+0300][104,669s][info ][gc] GC(1851) Pause Full (Allocation Failure) 123M->122M(123M) 65,130ms
[2021-04-30T09:36:42.678+0300][104,734s][info ][gc] GC(1852) Pause Full (Allocation Failure) 123M->122M(123M) 54,073ms
[2021-04-30T09:36:42.683+0300][104,740s][info ][gc] GC(1853) Pause Initial Mark 122M->122M(123M) 5,424ms
[2021-04-30T09:36:42.683+0300][104,740s][info ][gc] GC(1853) Concurrent Mark
[2021-04-30T09:36:42.705+0300][104,762s][debug][gc] GC(1853) Concurrent active time: 0,021ms
[2021-04-30T09:36:42.705+0300][104,762s][info ][gc] GC(1853) Concurrent Mark 21,999ms
[2021-04-30T09:36:42.706+0300][104,762s][debug][gc] GC(1854) Concurrent mode failure
[2021-04-30T09:36:42.761+0300][104,818s][info ][gc] GC(1854) Pause Full (Allocation Failure) 123M->122M(123M) 67,689ms
[2021-04-30T09:36:42.827+0300][104,883s][info ][gc] GC(1855) Pause Full (Allocation Failure) 123M->122M(123M) 53,860ms
[2021-04-30T09:36:42.832+0300][104,889s][info ][gc] GC(1856) Pause Initial Mark 122M->122M(123M) 5,246ms
[2021-04-30T09:36:42.832+0300][104,889s][info ][gc] GC(1856) Concurrent Mark
[2021-04-30T09:36:42.857+0300][104,914s][debug][gc] GC(1856) Concurrent active time: 0,023ms
[2021-04-30T09:36:42.857+0300][104,914s][info ][gc] GC(1856) Concurrent Mark 24,966ms
[2021-04-30T09:36:42.857+0300][104,914s][debug][gc] GC(1857) Concurrent mode failure
[2021-04-30T09:36:42.916+0300][104,972s][info ][gc] GC(1857) Pause Full (Allocation Failure) 123M->122M(123M) 73,643ms
[2021-04-30T09:36:42.994+0300][105,051s][info ][gc] GC(1858) Pause Full (Allocation Failure) 123M->122M(123M) 66,665ms
[2021-04-30T09:36:43.001+0300][105,057s][info ][gc] GC(1859) Pause Initial Mark 122M->122M(123M) 6,359ms
[2021-04-30T09:36:43.001+0300][105,057s][info ][gc] GC(1859) Concurrent Mark
[2021-04-30T09:36:43.022+0300][105,078s][debug][gc] GC(1859) Concurrent active time: 0,020ms
[2021-04-30T09:36:43.022+0300][105,078s][info ][gc] GC(1859) Concurrent Mark 20,717ms
[2021-04-30T09:36:43.022+0300][105,078s][debug][gc] GC(1860) Concurrent mode failure
[2021-04-30T09:36:43.079+0300][105,136s][info ][gc] GC(1860) Pause Full (Allocation Failure) 123M->122M(123M) 68,964ms
[2021-04-30T09:36:43.144+0300][105,200s][info ][gc] GC(1861) Pause Full (Allocation Failure) 123M->122M(123M) 53,693ms
[2021-04-30T09:36:43.149+0300][105,206s][info ][gc] GC(1862) Pause Initial Mark 122M->122M(123M) 5,220ms
[2021-04-30T09:36:43.149+0300][105,206s][info ][gc] GC(1862) Concurrent Mark
[2021-04-30T09:36:43.175+0300][105,232s][debug][gc] GC(1862) Concurrent active time: 0,025ms
[2021-04-30T09:36:43.175+0300][105,232s][info ][gc] GC(1862) Concurrent Mark 25,808ms
[2021-04-30T09:36:43.175+0300][105,232s][debug][gc] GC(1863) Concurrent mode failure
[2021-04-30T09:36:43.229+0300][105,286s][info ][gc] GC(1863) Pause Full (Allocation Failure) 123M->122M(123M) 70,922ms
[2021-04-30T09:36:43.295+0300][105,352s][info ][gc] GC(1864) Pause Full (Allocation Failure) 123M->122M(123M) 53,779ms
[2021-04-30T09:36:43.302+0300][105,359s][info ][gc] GC(1865) Pause Initial Mark 122M->122M(123M) 6,233ms
[2021-04-30T09:36:43.302+0300][105,359s][info ][gc] GC(1865) Concurrent Mark
[2021-04-30T09:36:43.328+0300][105,384s][debug][gc] GC(1865) Concurrent active time: 0,025ms
[2021-04-30T09:36:43.328+0300][105,385s][info ][gc] GC(1865) Concurrent Mark 25,878ms
[2021-04-30T09:36:43.328+0300][105,385s][debug][gc] GC(1866) Concurrent mode failure
[2021-04-30T09:36:43.384+0300][105,441s][info ][gc] GC(1866) Pause Full (Allocation Failure) 123M->122M(123M) 73,464ms
[2021-04-30T09:36:43.450+0300][105,506s][info ][gc] GC(1867) Pause Full (Allocation Failure) 123M->122M(123M) 55,355ms
[2021-04-30T09:36:43.455+0300][105,512s][info ][gc] GC(1868) Pause Initial Mark 122M->122M(123M) 5,245ms
[2021-04-30T09:36:43.455+0300][105,512s][info ][gc] GC(1868) Concurrent Mark
[2021-04-30T09:36:43.476+0300][105,532s][debug][gc] GC(1868) Concurrent active time: 0,019ms
[2021-04-30T09:36:43.476+0300][105,532s][info ][gc] GC(1868) Concurrent Mark 20,478ms
[2021-04-30T09:36:43.476+0300][105,532s][debug][gc] GC(1869) Concurrent mode failure
[2021-04-30T09:36:43.530+0300][105,586s][info ][gc] GC(1869) Pause Full (Allocation Failure) 123M->122M(123M) 65,982ms
[2021-04-30T09:36:43.595+0300][105,652s][info ][gc] GC(1870) Pause Full (Allocation Failure) 123M->122M(123M) 55,856ms
[2021-04-30T09:36:43.602+0300][105,658s][info ][gc] GC(1871) Pause Initial Mark 122M->122M(123M) 5,975ms
[2021-04-30T09:36:43.602+0300][105,658s][info ][gc] GC(1871) Concurrent Mark
[2021-04-30T09:36:43.628+0300][105,685s][debug][gc] GC(1871) Concurrent active time: 0,025ms
[2021-04-30T09:36:43.628+0300][105,685s][info ][gc] GC(1871) Concurrent Mark 26,414ms
[2021-04-30T09:36:43.628+0300][105,685s][debug][gc] GC(1872) Concurrent mode failure
[2021-04-30T09:36:43.682+0300][105,739s][info ][gc] GC(1872) Pause Full (Allocation Failure) 123M->122M(123M) 72,181ms
[2021-04-30T09:36:43.746+0300][105,803s][info ][gc] GC(1873) Pause Full (Allocation Failure) 123M->122M(123M) 54,350ms
[2021-04-30T09:36:43.752+0300][105,809s][info ][gc] GC(1874) Pause Initial Mark 122M->122M(123M) 5,370ms
[2021-04-30T09:36:43.752+0300][105,809s][info ][gc] GC(1874) Concurrent Mark
[2021-04-30T09:36:43.777+0300][105,834s][debug][gc] GC(1874) Concurrent active time: 0,024ms
[2021-04-30T09:36:43.777+0300][105,834s][info ][gc] GC(1874) Concurrent Mark 25,150ms
[2021-04-30T09:36:43.777+0300][105,834s][debug][gc] GC(1875) Concurrent mode failure
[2021-04-30T09:36:43.831+0300][105,887s][info ][gc] GC(1875) Pause Full (Allocation Failure) 123M->122M(123M) 70,929ms
[2021-04-30T09:36:43.897+0300][105,954s][info ][gc] GC(1876) Pause Full (Allocation Failure) 123M->122M(123M) 56,470ms
[2021-04-30T09:36:43.904+0300][105,960s][info ][gc] GC(1877) Pause Initial Mark 122M->122M(123M) 6,411ms
[2021-04-30T09:36:43.904+0300][105,961s][info ][gc] GC(1877) Concurrent Mark
[2021-04-30T09:36:43.928+0300][105,985s][debug][gc] GC(1877) Concurrent active time: 0,023ms
[2021-04-30T09:36:43.928+0300][105,985s][info ][gc] GC(1877) Concurrent Mark 24,238ms
[2021-04-30T09:36:43.928+0300][105,985s][debug][gc] GC(1878) Concurrent mode failure
[2021-04-30T09:36:43.993+0300][106,050s][info ][gc] GC(1878) Pause Full (Allocation Failure) 123M->122M(123M) 79,853ms
[2021-04-30T09:36:44.057+0300][106,113s][info ][gc] GC(1879) Pause Full (Allocation Failure) 123M->122M(123M) 54,049ms
[2021-04-30T09:36:44.063+0300][106,119s][info ][gc] GC(1880) Pause Initial Mark 122M->122M(123M) 5,469ms
[2021-04-30T09:36:44.063+0300][106,119s][info ][gc] GC(1880) Concurrent Mark
[2021-04-30T09:36:44.084+0300][106,141s][debug][gc] GC(1880) Concurrent active time: 0,020ms
[2021-04-30T09:36:44.084+0300][106,141s][info ][gc] GC(1880) Concurrent Mark 21,303ms
[2021-04-30T09:36:44.084+0300][106,141s][debug][gc] GC(1881) Concurrent mode failure
[2021-04-30T09:36:44.139+0300][106,195s][info ][gc] GC(1881) Pause Full (Allocation Failure) 123M->122M(123M) 63,846ms
[2021-04-30T09:36:44.201+0300][106,258s][info ][gc] GC(1882) Pause Full (Allocation Failure) 123M->122M(123M) 53,535ms
[2021-04-30T09:36:44.207+0300][106,263s][info ][gc] GC(1883) Pause Initial Mark 122M->122M(123M) 5,488ms
[2021-04-30T09:36:44.207+0300][106,263s][info ][gc] GC(1883) Concurrent Mark
[2021-04-30T09:36:44.229+0300][106,286s][debug][gc] GC(1883) Concurrent active time: 0,021ms
[2021-04-30T09:36:44.229+0300][106,286s][info ][gc] GC(1883) Concurrent Mark 22,316ms
[2021-04-30T09:36:44.229+0300][106,286s][debug][gc] GC(1884) Concurrent mode failure
[2021-04-30T09:36:44.286+0300][106,342s][info ][gc] GC(1884) Pause Full (Allocation Failure) 123M->122M(123M) 71,320ms
[2021-04-30T09:36:44.348+0300][106,405s][info ][gc] GC(1885) Pause Full (Allocation Failure) 123M->122M(123M) 53,629ms
[2021-04-30T09:36:44.354+0300][106,410s][info ][gc] GC(1886) Pause Initial Mark 122M->122M(123M) 5,324ms
[2021-04-30T09:36:44.354+0300][106,410s][info ][gc] GC(1886) Concurrent Mark
[2021-04-30T09:36:44.381+0300][106,437s][debug][gc] GC(1886) Concurrent active time: 0,026ms
[2021-04-30T09:36:44.381+0300][106,437s][info ][gc] GC(1886) Concurrent Mark 26,823ms
[2021-04-30T09:36:44.381+0300][106,437s][debug][gc] GC(1887) Concurrent mode failure
[2021-04-30T09:36:44.433+0300][106,490s][info ][gc] GC(1887) Pause Full (Allocation Failure) 123M->122M(123M) 72,471ms
[2021-04-30T09:36:44.502+0300][106,559s][info ][gc] GC(1888) Pause Full (Allocation Failure) 123M->122M(123M) 59,960ms
[2021-04-30T09:36:44.508+0300][106,565s][info ][gc] GC(1889) Pause Initial Mark 122M->122M(123M) 5,864ms
[2021-04-30T09:36:44.508+0300][106,565s][info ][gc] GC(1889) Concurrent Mark
[2021-04-30T09:36:44.534+0300][106,591s][debug][gc] GC(1889) Concurrent active time: 0,025ms
[2021-04-30T09:36:44.534+0300][106,591s][info ][gc] GC(1889) Concurrent Mark 26,211ms
[2021-04-30T09:36:44.535+0300][106,591s][debug][gc] GC(1890) Concurrent mode failure
[2021-04-30T09:36:44.593+0300][106,650s][info ][gc] GC(1890) Pause Full (Allocation Failure) 123M->122M(123M) 77,843ms
[2021-04-30T09:36:44.657+0300][106,713s][info ][gc] GC(1891) Pause Full (Allocation Failure) 123M->122M(123M) 55,111ms
[2021-04-30T09:36:44.662+0300][106,719s][info ][gc] GC(1892) Pause Initial Mark 122M->122M(123M) 5,379ms
[2021-04-30T09:36:44.663+0300][106,719s][info ][gc] GC(1892) Concurrent Mark
[2021-04-30T09:36:44.690+0300][106,746s][debug][gc] GC(1892) Concurrent active time: 0,026ms
[2021-04-30T09:36:44.690+0300][106,746s][info ][gc] GC(1892) Concurrent Mark 27,134ms
[2021-04-30T09:36:44.690+0300][106,746s][debug][gc] GC(1893) Concurrent mode failure
[2021-04-30T09:36:44.742+0300][106,799s][info ][gc] GC(1893) Pause Full (Allocation Failure) 123M->122M(123M) 73,146ms
[2021-04-30T09:36:44.806+0300][106,863s][info ][gc] GC(1894) Pause Full (Allocation Failure) 123M->122M(123M) 55,951ms
[2021-04-30T09:36:44.812+0300][106,869s][info ][gc] GC(1895) Pause Initial Mark 122M->122M(123M) 5,485ms
[2021-04-30T09:36:44.812+0300][106,869s][info ][gc] GC(1895) Concurrent Mark
[2021-04-30T09:36:44.837+0300][106,893s][debug][gc] GC(1895) Concurrent active time: 0,023ms
[2021-04-30T09:36:44.837+0300][106,893s][info ][gc] GC(1895) Concurrent Mark 24,425ms
[2021-04-30T09:36:44.837+0300][106,893s][debug][gc] GC(1896) Concurrent mode failure
[2021-04-30T09:36:44.895+0300][106,952s][info ][gc] GC(1896) Pause Full (Allocation Failure) 123M->122M(123M) 76,245ms
[2021-04-30T09:36:44.965+0300][107,021s][info ][gc] GC(1897) Pause Full (Allocation Failure) 123M->122M(123M) 60,889ms
[2021-04-30T09:36:44.971+0300][107,027s][info ][gc] GC(1898) Pause Initial Mark 122M->122M(123M) 6,222ms
[2021-04-30T09:36:44.971+0300][107,028s][info ][gc] GC(1898) Concurrent Mark
[2021-04-30T09:36:45.001+0300][107,057s][debug][gc] GC(1898) Concurrent active time: 0,027ms
[2021-04-30T09:36:45.001+0300][107,057s][info ][gc] GC(1898) Concurrent Mark 29,577ms
[2021-04-30T09:36:45.001+0300][107,057s][debug][gc] GC(1899) Concurrent mode failure
[2021-04-30T09:36:45.055+0300][107,112s][info ][gc] GC(1899) Pause Full (Allocation Failure) 123M->122M(123M) 77,459ms
[2021-04-30T09:36:45.121+0300][107,177s][info ][gc] GC(1900) Pause Full (Allocation Failure) 123M->122M(123M) 57,581ms
[2021-04-30T09:36:45.126+0300][107,183s][info ][gc] GC(1901) Pause Initial Mark 122M->122M(123M) 5,236ms
[2021-04-30T09:36:45.126+0300][107,183s][info ][gc] GC(1901) Concurrent Mark
[2021-04-30T09:36:45.147+0300][107,204s][debug][gc] GC(1901) Concurrent active time: 0,020ms
[2021-04-30T09:36:45.147+0300][107,204s][info ][gc] GC(1901) Concurrent Mark 21,208ms
[2021-04-30T09:36:45.147+0300][107,204s][debug][gc] GC(1902) Concurrent mode failure
[2021-04-30T09:36:45.203+0300][107,260s][info ][gc] GC(1902) Pause Full (Allocation Failure) 123M->122M(123M) 71,176ms
[2021-04-30T09:36:45.264+0300][107,321s][info ][gc] GC(1903) Pause Full (Allocation Failure) 123M->122M(123M) 53,541ms
[2021-04-30T09:36:45.270+0300][107,326s][info ][gc] GC(1904) Pause Initial Mark 122M->122M(123M) 5,206ms
[2021-04-30T09:36:45.270+0300][107,326s][info ][gc] GC(1904) Concurrent Mark
[2021-04-30T09:36:45.296+0300][107,353s][debug][gc] GC(1904) Concurrent active time: 0,025ms
[2021-04-30T09:36:45.296+0300][107,353s][info ][gc] GC(1904) Concurrent Mark 26,464ms
[2021-04-30T09:36:45.296+0300][107,353s][debug][gc] GC(1905) Concurrent mode failure
[2021-04-30T09:36:45.353+0300][107,409s][info ][gc] GC(1905) Pause Full (Allocation Failure) 123M->122M(123M) 76,266ms
[2021-04-30T09:36:45.417+0300][107,474s][info ][gc] GC(1906) Pause Full (Allocation Failure) 123M->122M(123M) 56,990ms
[2021-04-30T09:36:45.423+0300][107,480s][info ][gc] GC(1907) Pause Initial Mark 122M->122M(123M) 5,900ms
[2021-04-30T09:36:45.423+0300][107,480s][info ][gc] GC(1907) Concurrent Mark
[2021-04-30T09:36:45.445+0300][107,501s][debug][gc] GC(1907) Concurrent active time: 0,020ms
[2021-04-30T09:36:45.445+0300][107,501s][info ][gc] GC(1907) Concurrent Mark 21,302ms
[2021-04-30T09:36:45.445+0300][107,501s][debug][gc] GC(1908) Concurrent mode failure
[2021-04-30T09:36:45.504+0300][107,561s][info ][gc] GC(1908) Pause Full (Allocation Failure) 123M->122M(123M) 74,973ms
[2021-04-30T09:36:45.567+0300][107,624s][info ][gc] GC(1909) Pause Full (Allocation Failure) 123M->122M(123M) 56,066ms
[2021-04-30T09:36:45.574+0300][107,630s][info ][gc] GC(1910) Pause Initial Mark 122M->122M(123M) 5,929ms
[2021-04-30T09:36:45.574+0300][107,630s][info ][gc] GC(1910) Concurrent Mark
[2021-04-30T09:36:45.597+0300][107,654s][debug][gc] GC(1910) Concurrent active time: 0,022ms
[2021-04-30T09:36:45.597+0300][107,654s][info ][gc] GC(1910) Concurrent Mark 23,510ms
[2021-04-30T09:36:45.597+0300][107,654s][debug][gc] GC(1911) Concurrent mode failure
[2021-04-30T09:36:45.655+0300][107,712s][info ][gc] GC(1911) Pause Full (Allocation Failure) 123M->122M(123M) 72,367ms
[2021-04-30T09:36:45.720+0300][107,776s][info ][gc] GC(1912) Pause Full (Allocation Failure) 123M->122M(123M) 57,464ms
[2021-04-30T09:36:45.725+0300][107,782s][info ][gc] GC(1913) Pause Initial Mark 122M->122M(123M) 5,306ms
[2021-04-30T09:36:45.725+0300][107,782s][info ][gc] GC(1913) Concurrent Mark
[2021-04-30T09:36:45.746+0300][107,803s][debug][gc] GC(1913) Concurrent active time: 0,020ms
[2021-04-30T09:36:45.747+0300][107,803s][info ][gc] GC(1913) Concurrent Mark 21,253ms
[2021-04-30T09:36:45.747+0300][107,803s][debug][gc] GC(1914) Concurrent mode failure
[2021-04-30T09:36:45.802+0300][107,859s][info ][gc] GC(1914) Pause Full (Allocation Failure) 123M->122M(123M) 68,338ms
[2021-04-30T09:36:45.866+0300][107,922s][info ][gc] GC(1915) Pause Full (Allocation Failure) 123M->122M(123M) 56,492ms
[2021-04-30T09:36:45.872+0300][107,928s][info ][gc] GC(1916) Pause Initial Mark 122M->122M(123M) 5,795ms
[2021-04-30T09:36:45.872+0300][107,928s][info ][gc] GC(1916) Concurrent Mark
[2021-04-30T09:36:45.899+0300][107,955s][debug][gc] GC(1916) Concurrent active time: 0,026ms
[2021-04-30T09:36:45.899+0300][107,955s][info ][gc] GC(1916) Concurrent Mark 27,194ms
[2021-04-30T09:36:45.899+0300][107,955s][debug][gc] GC(1917) Concurrent mode failure
[2021-04-30T09:36:45.962+0300][108,019s][info ][gc] GC(1917) Pause Full (Allocation Failure) 123M->122M(123M) 84,912ms
[2021-04-30T09:36:46.025+0300][108,082s][info ][gc] GC(1918) Pause Full (Allocation Failure) 123M->122M(123M) 56,079ms
[2021-04-30T09:36:46.031+0300][108,087s][info ][gc] GC(1919) Pause Initial Mark 122M->122M(123M) 5,506ms
[2021-04-30T09:36:46.031+0300][108,087s][info ][gc] GC(1919) Concurrent Mark
[2021-04-30T09:36:46.052+0300][108,109s][debug][gc] GC(1919) Concurrent active time: 0,020ms
[2021-04-30T09:36:46.052+0300][108,109s][info ][gc] GC(1919) Concurrent Mark 21,464ms
[2021-04-30T09:36:46.052+0300][108,109s][debug][gc] GC(1920) Concurrent mode failure
[2021-04-30T09:36:46.109+0300][108,166s][info ][gc] GC(1920) Pause Full (Allocation Failure) 123M->122M(123M) 73,188ms
[2021-04-30T09:36:46.169+0300][108,226s][info ][gc] GC(1921) Pause Full (Allocation Failure) 123M->123M(123M) 53,197ms
[2021-04-30T09:36:46.175+0300][108,232s][info ][gc] GC(1922) Pause Initial Mark 123M->123M(123M) 5,377ms
[2021-04-30T09:36:46.175+0300][108,232s][info ][gc] GC(1922) Concurrent Mark
[2021-04-30T09:36:46.202+0300][108,259s][debug][gc] GC(1922) Concurrent active time: 0,026ms
[2021-04-30T09:36:46.202+0300][108,259s][info ][gc] GC(1922) Concurrent Mark 27,364ms
[2021-04-30T09:36:46.202+0300][108,259s][debug][gc] GC(1923) Concurrent mode failure
[2021-04-30T09:36:46.257+0300][108,313s][info ][gc] GC(1923) Pause Full (Allocation Failure) 123M->123M(123M) 76,454ms
[2021-04-30T09:36:46.319+0300][108,376s][info ][gc] GC(1924) Pause Full (Allocation Failure) 123M->123M(123M) 56,026ms
[2021-04-30T09:36:46.325+0300][108,381s][info ][gc] GC(1925) Pause Initial Mark 123M->123M(123M) 5,292ms
[2021-04-30T09:36:46.325+0300][108,381s][info ][gc] GC(1925) Concurrent Mark
[2021-04-30T09:36:46.348+0300][108,405s][debug][gc] GC(1925) Concurrent active time: 0,022ms
[2021-04-30T09:36:46.348+0300][108,405s][info ][gc] GC(1925) Concurrent Mark 23,350ms
[2021-04-30T09:36:46.348+0300][108,405s][debug][gc] GC(1926) Concurrent mode failure
[2021-04-30T09:36:46.403+0300][108,460s][info ][gc] GC(1926) Pause Full (Allocation Failure) 123M->123M(123M) 70,934ms
[2021-04-30T09:36:46.463+0300][108,519s][info ][gc] GC(1927) Pause Full (Allocation Failure) 123M->123M(123M) 53,306ms
[2021-04-30T09:36:46.468+0300][108,525s][info ][gc] GC(1928) Pause Initial Mark 123M->123M(123M) 5,294ms
[2021-04-30T09:36:46.469+0300][108,525s][info ][gc] GC(1928) Concurrent Mark
[2021-04-30T09:36:46.491+0300][108,548s][debug][gc] GC(1928) Concurrent active time: 0,022ms
[2021-04-30T09:36:46.491+0300][108,548s][info ][gc] GC(1928) Concurrent Mark 22,808ms
[2021-04-30T09:36:46.491+0300][108,548s][debug][gc] GC(1929) Concurrent mode failure
[2021-04-30T09:36:46.545+0300][108,601s][info ][gc] GC(1929) Pause Full (Allocation Failure) 123M->123M(123M) 70,675ms
[2021-04-30T09:36:46.606+0300][108,663s][info ][gc] GC(1930) Pause Full (Allocation Failure) 123M->123M(123M) 55,369ms
[2021-04-30T09:36:46.612+0300][108,668s][info ][gc] GC(1931) Pause Initial Mark 123M->123M(123M) 5,578ms
[2021-04-30T09:36:46.612+0300][108,669s][info ][gc] GC(1931) Concurrent Mark
[2021-04-30T09:36:46.635+0300][108,691s][debug][gc] GC(1931) Concurrent active time: 0,022ms
[2021-04-30T09:36:46.635+0300][108,691s][info ][gc] GC(1931) Concurrent Mark 22,687ms
[2021-04-30T09:36:46.635+0300][108,691s][debug][gc] GC(1932) Concurrent mode failure
[2021-04-30T09:36:46.690+0300][108,746s][info ][gc] GC(1932) Pause Full (Allocation Failure) 123M->123M(123M) 72,310ms
[2021-04-30T09:36:46.754+0300][108,810s][info ][gc] GC(1933) Pause Full (Allocation Failure) 123M->123M(123M) 57,708ms
[2021-04-30T09:36:46.759+0300][108,816s][info ][gc] GC(1934) Pause Initial Mark 123M->123M(123M) 5,437ms
[2021-04-30T09:36:46.759+0300][108,816s][info ][gc] GC(1934) Concurrent Mark
[2021-04-30T09:36:46.782+0300][108,839s][debug][gc] GC(1934) Concurrent active time: 0,022ms
[2021-04-30T09:36:46.782+0300][108,839s][info ][gc] GC(1934) Concurrent Mark 22,629ms
[2021-04-30T09:36:46.782+0300][108,839s][debug][gc] GC(1935) Concurrent mode failure
[2021-04-30T09:36:46.835+0300][108,891s][info ][gc] GC(1935) Pause Full (Allocation Failure) 123M->123M(123M) 70,933ms
[2021-04-30T09:36:46.897+0300][108,954s][info ][gc] GC(1936) Pause Full (Allocation Failure) 123M->123M(123M) 55,645ms
[2021-04-30T09:36:46.903+0300][108,959s][info ][gc] GC(1937) Pause Initial Mark 123M->123M(123M) 5,662ms
[2021-04-30T09:36:46.903+0300][108,959s][info ][gc] GC(1937) Concurrent Mark
[2021-04-30T09:36:46.925+0300][108,981s][debug][gc] GC(1937) Concurrent active time: 0,021ms
[2021-04-30T09:36:46.925+0300][108,981s][info ][gc] GC(1937) Concurrent Mark 21,822ms
[2021-04-30T09:36:46.925+0300][108,981s][debug][gc] GC(1938) Concurrent mode failure
[2021-04-30T09:36:46.990+0300][109,047s][info ][gc] GC(1938) Pause Full (Allocation Failure) 123M->123M(123M) 83,003ms
[2021-04-30T09:36:47.057+0300][109,114s][info ][gc] GC(1939) Pause Full (Allocation Failure) 123M->123M(123M) 60,352ms
[2021-04-30T09:36:47.063+0300][109,119s][info ][gc] GC(1940) Pause Initial Mark 123M->123M(123M) 5,315ms
[2021-04-30T09:36:47.063+0300][109,119s][info ][gc] GC(1940) Concurrent Mark
[2021-04-30T09:36:47.084+0300][109,140s][debug][gc] GC(1940) Concurrent active time: 0,020ms
[2021-04-30T09:36:47.084+0300][109,140s][info ][gc] GC(1940) Concurrent Mark 20,717ms
[2021-04-30T09:36:47.084+0300][109,140s][debug][gc] GC(1941) Concurrent mode failure
[2021-04-30T09:36:47.141+0300][109,198s][info ][gc] GC(1941) Pause Full (Allocation Failure) 123M->123M(123M) 73,955ms
[2021-04-30T09:36:47.201+0300][109,258s][info ][gc] GC(1942) Pause Full (Allocation Failure) 123M->123M(123M) 54,538ms
[2021-04-30T09:36:47.208+0300][109,264s][info ][gc] GC(1943) Pause Initial Mark 123M->123M(123M) 5,894ms
[2021-04-30T09:36:47.208+0300][109,264s][info ][gc] GC(1943) Concurrent Mark
[2021-04-30T09:36:47.228+0300][109,285s][debug][gc] GC(1943) Concurrent active time: 0,019ms
[2021-04-30T09:36:47.228+0300][109,285s][info ][gc] GC(1943) Concurrent Mark 20,652ms
[2021-04-30T09:36:47.228+0300][109,285s][debug][gc] GC(1944) Concurrent mode failure
[2021-04-30T09:36:47.286+0300][109,342s][info ][gc] GC(1944) Pause Full (Allocation Failure) 123M->123M(123M) 73,832ms
[2021-04-30T09:36:47.346+0300][109,402s][info ][gc] GC(1945) Pause Full (Allocation Failure) 123M->123M(123M) 54,686ms
[2021-04-30T09:36:47.351+0300][109,408s][info ][gc] GC(1946) Pause Initial Mark 123M->123M(123M) 5,254ms
[2021-04-30T09:36:47.351+0300][109,408s][info ][gc] GC(1946) Concurrent Mark
[2021-04-30T09:36:47.372+0300][109,429s][debug][gc] GC(1946) Concurrent active time: 0,020ms
[2021-04-30T09:36:47.372+0300][109,429s][info ][gc] GC(1946) Concurrent Mark 21,048ms
[2021-04-30T09:36:47.372+0300][109,429s][debug][gc] GC(1947) Concurrent mode failure
[2021-04-30T09:36:47.429+0300][109,485s][info ][gc] GC(1947) Pause Full (Allocation Failure) 123M->123M(123M) 70,927ms
[2021-04-30T09:36:47.487+0300][109,544s][info ][gc] GC(1948) Pause Full (Allocation Failure) 123M->123M(123M) 53,593ms
[2021-04-30T09:36:47.494+0300][109,551s][info ][gc] GC(1949) Pause Initial Mark 123M->123M(123M) 6,524ms
[2021-04-30T09:36:47.494+0300][109,551s][info ][gc] GC(1949) Concurrent Mark
[2021-04-30T09:36:47.515+0300][109,571s][debug][gc] GC(1949) Concurrent active time: 0,019ms
[2021-04-30T09:36:47.515+0300][109,571s][info ][gc] GC(1949) Concurrent Mark 20,502ms
[2021-04-30T09:36:47.515+0300][109,571s][debug][gc] GC(1950) Concurrent mode failure
[2021-04-30T09:36:47.572+0300][109,628s][info ][gc] GC(1950) Pause Full (Allocation Failure) 123M->123M(123M) 73,788ms
[2021-04-30T09:36:47.630+0300][109,687s][info ][gc] GC(1951) Pause Full (Allocation Failure) 123M->123M(123M) 52,995ms
[2021-04-30T09:36:47.636+0300][109,692s][info ][gc] GC(1952) Pause Initial Mark 123M->123M(123M) 5,315ms
[2021-04-30T09:36:47.636+0300][109,692s][info ][gc] GC(1952) Concurrent Mark
[2021-04-30T09:36:47.663+0300][109,720s][debug][gc] GC(1952) Concurrent active time: 0,026ms
[2021-04-30T09:36:47.663+0300][109,720s][info ][gc] GC(1952) Concurrent Mark 27,572ms
[2021-04-30T09:36:47.663+0300][109,720s][debug][gc] GC(1953) Concurrent mode failure
[2021-04-30T09:36:47.719+0300][109,775s][info ][gc] GC(1953) Pause Full (Allocation Failure) 123M->123M(123M) 79,492ms
[2021-04-30T09:36:47.777+0300][109,834s][info ][gc] GC(1954) Pause Full (Allocation Failure) 123M->123M(123M) 53,673ms
[2021-04-30T09:36:47.783+0300][109,840s][info ][gc] GC(1955) Pause Initial Mark 123M->123M(123M) 5,325ms
[2021-04-30T09:36:47.783+0300][109,840s][info ][gc] GC(1955) Concurrent Mark
[2021-04-30T09:36:47.808+0300][109,865s][debug][gc] GC(1955) Concurrent active time: 0,024ms
[2021-04-30T09:36:47.808+0300][109,865s][info ][gc] GC(1955) Concurrent Mark 25,056ms
[2021-04-30T09:36:47.808+0300][109,865s][debug][gc] GC(1956) Concurrent mode failure
[2021-04-30T09:36:47.863+0300][109,920s][info ][gc] GC(1956) Pause Full (Allocation Failure) 123M->123M(123M) 74,450ms
[2021-04-30T09:36:47.926+0300][109,982s][info ][gc] GC(1957) Pause Full (Allocation Failure) 123M->123M(123M) 56,107ms
[2021-04-30T09:36:47.931+0300][109,988s][info ][gc] GC(1958) Pause Initial Mark 123M->123M(123M) 5,651ms
[2021-04-30T09:36:47.932+0300][109,988s][info ][gc] GC(1958) Concurrent Mark
[2021-04-30T09:36:47.956+0300][110,013s][debug][gc] GC(1958) Concurrent active time: 0,024ms
[2021-04-30T09:36:47.956+0300][110,013s][info ][gc] GC(1958) Concurrent Mark 24,784ms
[2021-04-30T09:36:47.956+0300][110,013s][debug][gc] GC(1959) Concurrent mode failure
[2021-04-30T09:36:48.015+0300][110,071s][info ][gc] GC(1959) Pause Full (Allocation Failure) 123M->123M(123M) 76,438ms
[2021-04-30T09:36:48.079+0300][110,136s][info ][gc] GC(1960) Pause Full (Allocation Failure) 123M->123M(123M) 59,099ms
[2021-04-30T09:36:48.085+0300][110,141s][info ][gc] GC(1961) Pause Initial Mark 123M->123M(123M) 5,531ms
[2021-04-30T09:36:48.085+0300][110,141s][info ][gc] GC(1961) Concurrent Mark
[2021-04-30T09:36:48.106+0300][110,163s][debug][gc] GC(1961) Concurrent active time: 0,020ms
[2021-04-30T09:36:48.106+0300][110,163s][info ][gc] GC(1961) Concurrent Mark 21,136ms
[2021-04-30T09:36:48.106+0300][110,163s][debug][gc] GC(1962) Concurrent mode failure
[2021-04-30T09:36:48.161+0300][110,218s][info ][gc] GC(1962) Pause Full (Allocation Failure) 123M->123M(123M) 72,911ms
[2021-04-30T09:36:48.221+0300][110,277s][info ][gc] GC(1963) Pause Full (Allocation Failure) 123M->123M(123M) 54,717ms
[2021-04-30T09:36:48.227+0300][110,283s][info ][gc] GC(1964) Pause Initial Mark 123M->123M(123M) 5,402ms
[2021-04-30T09:36:48.227+0300][110,283s][info ][gc] GC(1964) Concurrent Mark
[2021-04-30T09:36:48.252+0300][110,309s][debug][gc] GC(1964) Concurrent active time: 0,024ms
[2021-04-30T09:36:48.252+0300][110,309s][info ][gc] GC(1964) Concurrent Mark 25,535ms
[2021-04-30T09:36:48.252+0300][110,309s][debug][gc] GC(1965) Concurrent mode failure
[2021-04-30T09:36:48.305+0300][110,362s][info ][gc] GC(1965) Pause Full (Allocation Failure) 123M->123M(123M) 75,162ms
[2021-04-30T09:36:48.365+0300][110,421s][info ][gc] GC(1966) Pause Full (Allocation Failure) 123M->123M(123M) 55,014ms
[2021-04-30T09:36:48.370+0300][110,427s][info ][gc] GC(1967) Pause Initial Mark 123M->123M(123M) 5,187ms
[2021-04-30T09:36:48.370+0300][110,427s][info ][gc] GC(1967) Concurrent Mark
[2021-04-30T09:36:48.391+0300][110,448s][debug][gc] GC(1967) Concurrent active time: 0,020ms
[2021-04-30T09:36:48.391+0300][110,448s][info ][gc] GC(1967) Concurrent Mark 20,760ms
[2021-04-30T09:36:48.391+0300][110,448s][debug][gc] GC(1968) Concurrent mode failure
[2021-04-30T09:36:48.449+0300][110,505s][info ][gc] GC(1968) Pause Full (Allocation Failure) 123M->123M(123M) 75,187ms
[2021-04-30T09:36:48.509+0300][110,566s][info ][gc] GC(1969) Pause Full (Allocation Failure) 123M->123M(123M) 55,301ms
[2021-04-30T09:36:48.515+0300][110,571s][info ][gc] GC(1970) Pause Initial Mark 123M->123M(123M) 5,212ms
[2021-04-30T09:36:48.515+0300][110,572s][info ][gc] GC(1970) Concurrent Mark
[2021-04-30T09:36:48.540+0300][110,597s][debug][gc] GC(1970) Concurrent active time: 0,024ms
[2021-04-30T09:36:48.540+0300][110,597s][info ][gc] GC(1970) Concurrent Mark 25,106ms
[2021-04-30T09:36:48.540+0300][110,597s][debug][gc] GC(1971) Concurrent mode failure
[2021-04-30T09:36:48.599+0300][110,656s][info ][gc] GC(1971) Pause Full (Allocation Failure) 123M->123M(123M) 81,098ms
[2021-04-30T09:36:48.657+0300][110,714s][info ][gc] GC(1972) Pause Full (Allocation Failure) 123M->123M(123M) 53,300ms
[2021-04-30T09:36:48.663+0300][110,720s][info ][gc] GC(1973) Pause Initial Mark 123M->123M(123M) 5,479ms
[2021-04-30T09:36:48.663+0300][110,720s][info ][gc] GC(1973) Concurrent Mark
[2021-04-30T09:36:48.691+0300][110,747s][debug][gc] GC(1973) Concurrent active time: 0,026ms
[2021-04-30T09:36:48.691+0300][110,747s][info ][gc] GC(1973) Concurrent Mark 27,496ms
[2021-04-30T09:36:48.691+0300][110,747s][debug][gc] GC(1974) Concurrent mode failure
[2021-04-30T09:36:48.750+0300][110,806s][info ][gc] GC(1974) Pause Full (Allocation Failure) 123M->123M(123M) 82,977ms
[2021-04-30T09:36:48.808+0300][110,864s][info ][gc] GC(1975) Pause Full (Allocation Failure) 123M->123M(123M) 53,289ms
[2021-04-30T09:36:48.813+0300][110,870s][info ][gc] GC(1976) Pause Initial Mark 123M->123M(123M) 5,456ms
[2021-04-30T09:36:48.813+0300][110,870s][info ][gc] GC(1976) Concurrent Mark
[2021-04-30T09:36:48.835+0300][110,892s][debug][gc] GC(1976) Concurrent active time: 0,021ms
[2021-04-30T09:36:48.836+0300][110,892s][info ][gc] GC(1976) Concurrent Mark 22,092ms
[2021-04-30T09:36:48.836+0300][110,892s][debug][gc] GC(1977) Concurrent mode failure
[2021-04-30T09:36:48.892+0300][110,949s][info ][gc] GC(1977) Pause Full (Allocation Failure) 123M->123M(123M) 74,657ms
[2021-04-30T09:36:48.958+0300][111,015s][info ][gc] GC(1978) Pause Full (Allocation Failure) 123M->123M(123M) 61,043ms
[2021-04-30T09:36:48.964+0300][111,021s][info ][gc] GC(1979) Pause Initial Mark 123M->123M(123M) 5,471ms
[2021-04-30T09:36:48.964+0300][111,021s][info ][gc] GC(1979) Concurrent Mark
[2021-04-30T09:36:48.991+0300][111,048s][debug][gc] GC(1979) Concurrent active time: 0,026ms
[2021-04-30T09:36:48.992+0300][111,048s][info ][gc] GC(1979) Concurrent Mark 27,445ms
[2021-04-30T09:36:48.992+0300][111,048s][debug][gc] GC(1980) Concurrent mode failure
[2021-04-30T09:36:49.047+0300][111,103s][info ][gc] GC(1980) Pause Full (Allocation Failure) 123M->123M(123M) 79,623ms
[2021-04-30T09:36:49.106+0300][111,162s][info ][gc] GC(1981) Pause Full (Allocation Failure) 123M->123M(123M) 54,191ms
[2021-04-30T09:36:49.112+0300][111,169s][info ][gc] GC(1982) Pause Initial Mark 123M->123M(123M) 6,130ms
[2021-04-30T09:36:49.112+0300][111,169s][info ][gc] GC(1982) Concurrent Mark
[2021-04-30T09:36:49.138+0300][111,195s][debug][gc] GC(1982) Concurrent active time: 0,025ms
[2021-04-30T09:36:49.138+0300][111,195s][info ][gc] GC(1982) Concurrent Mark 25,930ms
[2021-04-30T09:36:49.138+0300][111,195s][debug][gc] GC(1983) Concurrent mode failure
[2021-04-30T09:36:49.191+0300][111,248s][info ][gc] GC(1983) Pause Full (Allocation Failure) 123M->123M(123M) 76,121ms
[2021-04-30T09:36:49.255+0300][111,312s][info ][gc] GC(1984) Pause Full (Allocation Failure) 123M->123M(123M) 59,347ms
[2021-04-30T09:36:49.261+0300][111,317s][info ][gc] GC(1985) Pause Initial Mark 123M->123M(123M) 5,459ms
[2021-04-30T09:36:49.261+0300][111,317s][info ][gc] GC(1985) Concurrent Mark
[2021-04-30T09:36:49.288+0300][111,345s][debug][gc] GC(1985) Concurrent active time: 0,026ms
[2021-04-30T09:36:49.288+0300][111,345s][info ][gc] GC(1985) Concurrent Mark 27,182ms
[2021-04-30T09:36:49.288+0300][111,345s][debug][gc] GC(1986) Concurrent mode failure
[2021-04-30T09:36:49.342+0300][111,399s][info ][gc] GC(1986) Pause Full (Allocation Failure) 123M->123M(123M) 77,644ms
[2021-04-30T09:36:49.402+0300][111,458s][info ][gc] GC(1987) Pause Full (Allocation Failure) 123M->123M(123M) 55,193ms
[2021-04-30T09:36:49.408+0300][111,464s][info ][gc] GC(1988) Pause Initial Mark 123M->123M(123M) 5,360ms
[2021-04-30T09:36:49.408+0300][111,464s][info ][gc] GC(1988) Concurrent Mark
[2021-04-30T09:36:49.429+0300][111,486s][debug][gc] GC(1988) Concurrent active time: 0,020ms
[2021-04-30T09:36:49.429+0300][111,486s][info ][gc] GC(1988) Concurrent Mark 21,396ms
[2021-04-30T09:36:49.429+0300][111,486s][debug][gc] GC(1989) Concurrent mode failure
[2021-04-30T09:36:49.482+0300][111,539s][info ][gc] GC(1989) Pause Full (Allocation Failure) 123M->123M(123M) 71,837ms
[2021-04-30T09:36:49.542+0300][111,598s][info ][gc] GC(1990) Pause Full (Allocation Failure) 123M->123M(123M) 55,429ms
[2021-04-30T09:36:49.547+0300][111,604s][info ][gc] GC(1991) Pause Initial Mark 123M->123M(123M) 5,465ms
[2021-04-30T09:36:49.547+0300][111,604s][info ][gc] GC(1991) Concurrent Mark
[2021-04-30T09:36:49.569+0300][111,626s][debug][gc] GC(1991) Concurrent active time: 0,021ms
[2021-04-30T09:36:49.569+0300][111,626s][info ][gc] GC(1991) Concurrent Mark 21,769ms
[2021-04-30T09:36:49.569+0300][111,626s][debug][gc] GC(1992) Concurrent mode failure
[2021-04-30T09:36:49.624+0300][111,680s][info ][gc] GC(1992) Pause Full (Allocation Failure) 123M->123M(123M) 73,739ms
[2021-04-30T09:36:49.684+0300][111,741s][info ][gc] GC(1993) Pause Full (Allocation Failure) 123M->123M(123M) 56,239ms
[2021-04-30T09:36:49.690+0300][111,746s][info ][gc] GC(1994) Pause Initial Mark 123M->123M(123M) 5,289ms
[2021-04-30T09:36:49.690+0300][111,746s][info ][gc] GC(1994) Concurrent Mark
[2021-04-30T09:36:49.711+0300][111,768s][debug][gc] GC(1994) Concurrent active time: 0,020ms
[2021-04-30T09:36:49.711+0300][111,768s][info ][gc] GC(1994) Concurrent Mark 21,405ms
[2021-04-30T09:36:49.711+0300][111,768s][debug][gc] GC(1995) Concurrent mode failure
[2021-04-30T09:36:49.767+0300][111,823s][info ][gc] GC(1995) Pause Full (Allocation Failure) 123M->123M(123M) 73,313ms
[2021-04-30T09:36:49.830+0300][111,886s][info ][gc] GC(1996) Pause Full (Allocation Failure) 123M->123M(123M) 58,407ms
[2021-04-30T09:36:49.835+0300][111,892s][info ][gc] GC(1997) Pause Initial Mark 123M->123M(123M) 5,376ms
[2021-04-30T09:36:49.836+0300][111,892s][info ][gc] GC(1997) Concurrent Mark
[2021-04-30T09:36:49.868+0300][111,925s][debug][gc] GC(1997) Concurrent active time: 0,031ms
[2021-04-30T09:36:49.868+0300][111,925s][info ][gc] GC(1997) Concurrent Mark 32,729ms
[2021-04-30T09:36:49.868+0300][111,925s][debug][gc] GC(1998) Concurrent mode failure
[2021-04-30T09:36:49.928+0300][111,985s][info ][gc] GC(1998) Pause Full (Allocation Failure) 123M->123M(123M) 89,649ms
[2021-04-30T09:36:49.993+0300][112,050s][info ][gc] GC(1999) Pause Full (Allocation Failure) 123M->123M(123M) 61,126ms
[2021-04-30T09:36:50.000+0300][112,056s][info ][gc] GC(2000) Pause Initial Mark 123M->123M(123M) 5,814ms
[2021-04-30T09:36:50.000+0300][112,056s][info ][gc] GC(2000) Concurrent Mark
[2021-04-30T09:36:50.021+0300][112,078s][debug][gc] GC(2000) Concurrent active time: 0,020ms
[2021-04-30T09:36:50.021+0300][112,078s][info ][gc] GC(2000) Concurrent Mark 21,424ms
[2021-04-30T09:36:50.021+0300][112,078s][debug][gc] GC(2001) Concurrent mode failure
[2021-04-30T09:36:50.076+0300][112,133s][info ][gc] GC(2001) Pause Full (Allocation Failure) 123M->123M(123M) 74,380ms
[2021-04-30T09:36:50.134+0300][112,190s][info ][gc] GC(2002) Pause Full (Allocation Failure) 123M->123M(123M) 53,272ms
[2021-04-30T09:36:50.139+0300][112,196s][info ][gc] GC(2003) Pause Initial Mark 123M->123M(123M) 5,242ms
[2021-04-30T09:36:50.139+0300][112,196s][info ][gc] GC(2003) Concurrent Mark
[2021-04-30T09:36:50.165+0300][112,222s][debug][gc] GC(2003) Concurrent active time: 0,025ms
[2021-04-30T09:36:50.165+0300][112,222s][info ][gc] GC(2003) Concurrent Mark 26,304ms
[2021-04-30T09:36:50.165+0300][112,222s][debug][gc] GC(2004) Concurrent mode failure
[2021-04-30T09:36:50.222+0300][112,278s][info ][gc] GC(2004) Pause Full (Allocation Failure) 123M->123M(123M) 80,267ms
[2021-04-30T09:36:50.293+0300][112,349s][info ][gc] GC(2005) Pause Full (Allocation Failure) 123M->123M(123M) 66,830ms
[2021-04-30T09:36:50.298+0300][112,355s][info ][gc] GC(2006) Pause Initial Mark 123M->123M(123M) 5,795ms
[2021-04-30T09:36:50.299+0300][112,355s][info ][gc] GC(2006) Concurrent Mark
[2021-04-30T09:36:50.319+0300][112,376s][debug][gc] GC(2006) Concurrent active time: 0,020ms
[2021-04-30T09:36:50.319+0300][112,376s][info ][gc] GC(2006) Concurrent Mark 20,726ms
[2021-04-30T09:36:50.319+0300][112,376s][debug][gc] GC(2007) Concurrent mode failure
[2021-04-30T09:36:50.374+0300][112,431s][info ][gc] GC(2007) Pause Full (Allocation Failure) 123M->123M(123M) 72,295ms
[2021-04-30T09:36:50.434+0300][112,491s][info ][gc] GC(2008) Pause Full (Allocation Failure) 123M->123M(123M) 56,201ms
[2021-04-30T09:36:50.441+0300][112,497s][info ][gc] GC(2009) Pause Initial Mark 123M->123M(123M) 5,954ms
[2021-04-30T09:36:50.441+0300][112,497s][info ][gc] GC(2009) Concurrent Mark
[2021-04-30T09:36:50.467+0300][112,524s][debug][gc] GC(2009) Concurrent active time: 0,025ms
[2021-04-30T09:36:50.467+0300][112,524s][info ][gc] GC(2009) Concurrent Mark 26,293ms
[2021-04-30T09:36:50.467+0300][112,524s][debug][gc] GC(2010) Concurrent mode failure
[2021-04-30T09:36:50.523+0300][112,580s][info ][gc] GC(2010) Pause Full (Allocation Failure) 123M->123M(123M) 79,855ms
[2021-04-30T09:36:50.585+0300][112,641s][info ][gc] GC(2011) Pause Full (Allocation Failure) 123M->123M(123M) 58,237ms
[2021-04-30T09:36:50.590+0300][112,647s][info ][gc] GC(2012) Pause Initial Mark 123M->123M(123M) 5,424ms
[2021-04-30T09:36:50.591+0300][112,647s][info ][gc] GC(2012) Concurrent Mark
[2021-04-30T09:36:50.612+0300][112,668s][debug][gc] GC(2012) Concurrent active time: 0,020ms
[2021-04-30T09:36:50.612+0300][112,668s][info ][gc] GC(2012) Concurrent Mark 21,146ms
[2021-04-30T09:36:50.612+0300][112,668s][debug][gc] GC(2013) Concurrent mode failure
[2021-04-30T09:36:50.669+0300][112,726s][info ][gc] GC(2013) Pause Full (Allocation Failure) 123M->123M(123M) 76,395ms
[2021-04-30T09:36:50.728+0300][112,784s][info ][gc] GC(2014) Pause Full (Allocation Failure) 123M->123M(123M) 54,488ms
[2021-04-30T09:36:50.733+0300][112,790s][info ][gc] GC(2015) Pause Initial Mark 123M->123M(123M) 5,427ms
[2021-04-30T09:36:50.733+0300][112,790s][info ][gc] GC(2015) Concurrent Mark
[2021-04-30T09:36:50.760+0300][112,816s][debug][gc] GC(2015) Concurrent active time: 0,025ms
[2021-04-30T09:36:50.760+0300][112,816s][info ][gc] GC(2015) Concurrent Mark 26,469ms
[2021-04-30T09:36:50.760+0300][112,816s][debug][gc] GC(2016) Concurrent mode failure
[2021-04-30T09:36:50.816+0300][112,872s][info ][gc] GC(2016) Pause Full (Allocation Failure) 123M->123M(123M) 80,172ms
[2021-04-30T09:36:50.878+0300][112,935s][info ][gc] GC(2017) Pause Full (Allocation Failure) 123M->123M(123M) 57,897ms
[2021-04-30T09:36:50.884+0300][112,941s][info ][gc] GC(2018) Pause Initial Mark 123M->123M(123M) 5,699ms
[2021-04-30T09:36:50.884+0300][112,941s][info ][gc] GC(2018) Concurrent Mark
[2021-04-30T09:36:50.905+0300][112,961s][debug][gc] GC(2018) Concurrent active time: 0,020ms
[2021-04-30T09:36:50.905+0300][112,961s][info ][gc] GC(2018) Concurrent Mark 20,863ms
[2021-04-30T09:36:50.905+0300][112,961s][debug][gc] GC(2019) Concurrent mode failure
[2021-04-30T09:36:50.964+0300][113,020s][info ][gc] GC(2019) Pause Full (Allocation Failure) 123M->123M(123M) 77,549ms
[2021-04-30T09:36:51.027+0300][113,084s][info ][gc] GC(2020) Pause Full (Allocation Failure) 123M->123M(123M) 59,185ms
[2021-04-30T09:36:51.033+0300][113,089s][info ][gc] GC(2021) Pause Initial Mark 123M->123M(123M) 5,599ms
[2021-04-30T09:36:51.033+0300][113,090s][info ][gc] GC(2021) Concurrent Mark
[2021-04-30T09:36:51.054+0300][113,111s][debug][gc] GC(2021) Concurrent active time: 0,020ms
[2021-04-30T09:36:51.054+0300][113,111s][info ][gc] GC(2021) Concurrent Mark 21,451ms
[2021-04-30T09:36:51.054+0300][113,111s][debug][gc] GC(2022) Concurrent mode failure
[2021-04-30T09:36:51.110+0300][113,166s][info ][gc] GC(2022) Pause Full (Allocation Failure) 123M->123M(123M) 73,802ms
[2021-04-30T09:36:51.168+0300][113,225s][info ][gc] GC(2023) Pause Full (Allocation Failure) 123M->123M(123M) 54,860ms
[2021-04-30T09:36:51.174+0300][113,230s][info ][gc] GC(2024) Pause Initial Mark 123M->123M(123M) 5,334ms
[2021-04-30T09:36:51.174+0300][113,230s][info ][gc] GC(2024) Concurrent Mark
[2021-04-30T09:36:51.194+0300][113,251s][debug][gc] GC(2024) Concurrent active time: 0,019ms
[2021-04-30T09:36:51.195+0300][113,251s][info ][gc] GC(2024) Concurrent Mark 20,618ms
[2021-04-30T09:36:51.195+0300][113,251s][debug][gc] GC(2025) Concurrent mode failure
[2021-04-30T09:36:51.250+0300][113,307s][info ][gc] GC(2025) Pause Full (Allocation Failure) 123M->123M(123M) 73,503ms
[2021-04-30T09:36:51.307+0300][113,364s][info ][gc] GC(2026) Pause Full (Allocation Failure) 123M->123M(123M) 53,058ms
[2021-04-30T09:36:51.313+0300][113,369s][info ][gc] GC(2027) Pause Initial Mark 123M->123M(123M) 5,275ms
[2021-04-30T09:36:51.313+0300][113,369s][info ][gc] GC(2027) Concurrent Mark
[2021-04-30T09:36:51.334+0300][113,391s][debug][gc] GC(2027) Concurrent active time: 0,020ms
[2021-04-30T09:36:51.334+0300][113,391s][info ][gc] GC(2027) Concurrent Mark 21,622ms
[2021-04-30T09:36:51.334+0300][113,391s][debug][gc] GC(2028) Concurrent mode failure
[2021-04-30T09:36:51.389+0300][113,445s][info ][gc] GC(2028) Pause Full (Allocation Failure) 123M->123M(123M) 73,152ms
[2021-04-30T09:36:51.448+0300][113,504s][info ][gc] GC(2029) Pause Full (Allocation Failure) 123M->123M(123M) 55,424ms
[2021-04-30T09:36:51.454+0300][113,511s][info ][gc] GC(2030) Pause Initial Mark 123M->123M(123M) 6,106ms
[2021-04-30T09:36:51.454+0300][113,511s][info ][gc] GC(2030) Concurrent Mark
[2021-04-30T09:36:51.479+0300][113,536s][debug][gc] GC(2030) Concurrent active time: 0,024ms
[2021-04-30T09:36:51.479+0300][113,536s][info ][gc] GC(2030) Concurrent Mark 25,320ms
[2021-04-30T09:36:51.479+0300][113,536s][debug][gc] GC(2031) Concurrent mode failure
[2021-04-30T09:36:51.534+0300][113,591s][info ][gc] GC(2031) Pause Full (Allocation Failure) 123M->123M(123M) 77,574ms
[2021-04-30T09:36:51.591+0300][113,648s][info ][gc] GC(2032) Pause Full (Allocation Failure) 123M->123M(123M) 53,081ms
[2021-04-30T09:36:51.597+0300][113,653s][info ][gc] GC(2033) Pause Initial Mark 123M->123M(123M) 5,454ms
[2021-04-30T09:36:51.597+0300][113,653s][info ][gc] GC(2033) Concurrent Mark
[2021-04-30T09:36:51.624+0300][113,681s][debug][gc] GC(2033) Concurrent active time: 0,026ms
[2021-04-30T09:36:51.624+0300][113,681s][info ][gc] GC(2033) Concurrent Mark 27,601ms
[2021-04-30T09:36:51.625+0300][113,681s][debug][gc] GC(2034) Concurrent mode failure
[2021-04-30T09:36:51.680+0300][113,736s][info ][gc] GC(2034) Pause Full (Allocation Failure) 123M->123M(123M) 80,777ms
[2021-04-30T09:36:51.740+0300][113,797s][info ][gc] GC(2035) Pause Full (Allocation Failure) 123M->123M(123M) 57,140ms
[2021-04-30T09:36:51.747+0300][113,803s][info ][gc] GC(2036) Pause Initial Mark 123M->123M(123M) 6,410ms
[2021-04-30T09:36:51.747+0300][113,803s][info ][gc] GC(2036) Concurrent Mark
[2021-04-30T09:36:51.772+0300][113,829s][debug][gc] GC(2036) Concurrent active time: 0,024ms
[2021-04-30T09:36:51.772+0300][113,829s][info ][gc] GC(2036) Concurrent Mark 25,366ms
[2021-04-30T09:36:51.772+0300][113,829s][debug][gc] GC(2037) Concurrent mode failure
[2021-04-30T09:36:51.826+0300][113,883s][info ][gc] GC(2037) Pause Full (Allocation Failure) 123M->123M(123M) 77,958ms
[2021-04-30T09:36:51.885+0300][113,942s][info ][gc] GC(2038) Pause Full (Allocation Failure) 123M->123M(123M) 55,693ms
[2021-04-30T09:36:51.891+0300][113,948s][info ][gc] GC(2039) Pause Initial Mark 123M->123M(123M) 5,539ms
[2021-04-30T09:36:51.891+0300][113,948s][info ][gc] GC(2039) Concurrent Mark
[2021-04-30T09:36:51.913+0300][113,970s][debug][gc] GC(2039) Concurrent active time: 0,021ms
[2021-04-30T09:36:51.914+0300][113,970s][info ][gc] GC(2039) Concurrent Mark 22,354ms
[2021-04-30T09:36:51.914+0300][113,970s][debug][gc] GC(2040) Concurrent mode failure
[2021-04-30T09:36:51.977+0300][114,034s][info ][gc] GC(2040) Pause Full (Allocation Failure) 123M->123M(123M) 84,539ms
[2021-04-30T09:36:52.039+0300][114,096s][info ][gc] GC(2041) Pause Full (Allocation Failure) 123M->123M(123M) 58,502ms
[2021-04-30T09:36:52.045+0300][114,102s][info ][gc] GC(2042) Pause Initial Mark 123M->123M(123M) 5,388ms
[2021-04-30T09:36:52.045+0300][114,102s][info ][gc] GC(2042) Concurrent Mark
[2021-04-30T09:36:52.066+0300][114,123s][debug][gc] GC(2042) Concurrent active time: 0,020ms
[2021-04-30T09:36:52.066+0300][114,123s][info ][gc] GC(2042) Concurrent Mark 20,838ms
[2021-04-30T09:36:52.066+0300][114,123s][debug][gc] GC(2043) Concurrent mode failure
[2021-04-30T09:36:52.121+0300][114,178s][info ][gc] GC(2043) Pause Full (Allocation Failure) 123M->123M(123M) 73,570ms
[2021-04-30T09:36:52.181+0300][114,238s][info ][gc] GC(2044) Pause Full (Allocation Failure) 123M->123M(123M) 56,525ms
[2021-04-30T09:36:52.187+0300][114,243s][info ][gc] GC(2045) Pause Initial Mark 123M->123M(123M) 5,431ms
[2021-04-30T09:36:52.187+0300][114,244s][info ][gc] GC(2045) Concurrent Mark
[2021-04-30T09:36:52.208+0300][114,264s][debug][gc] GC(2045) Concurrent active time: 0,020ms
[2021-04-30T09:36:52.208+0300][114,264s][info ][gc] GC(2045) Concurrent Mark 20,817ms
[2021-04-30T09:36:52.208+0300][114,264s][debug][gc] GC(2046) Concurrent mode failure
[2021-04-30T09:36:52.262+0300][114,319s][info ][gc] GC(2046) Pause Full (Allocation Failure) 123M->123M(123M) 72,561ms
[2021-04-30T09:36:52.324+0300][114,381s][info ][gc] GC(2047) Pause Full (Allocation Failure) 123M->123M(123M) 58,736ms
[2021-04-30T09:36:52.330+0300][114,387s][info ][gc] GC(2048) Pause Initial Mark 123M->123M(123M) 5,503ms
[2021-04-30T09:36:52.330+0300][114,387s][info ][gc] GC(2048) Concurrent Mark
[2021-04-30T09:36:52.353+0300][114,409s][debug][gc] GC(2048) Concurrent active time: 0,021ms
[2021-04-30T09:36:52.353+0300][114,409s][info ][gc] GC(2048) Concurrent Mark 22,625ms
[2021-04-30T09:36:52.353+0300][114,409s][debug][gc] GC(2049) Concurrent mode failure
[2021-04-30T09:36:52.411+0300][114,468s][info ][gc] GC(2049) Pause Full (Allocation Failure) 123M->123M(123M) 78,512ms
[2021-04-30T09:36:52.470+0300][114,527s][info ][gc] GC(2050) Pause Full (Allocation Failure) 123M->123M(123M) 54,865ms
[2021-04-30T09:36:52.476+0300][114,532s][info ][gc] GC(2051) Pause Initial Mark 123M->123M(123M) 5,420ms
[2021-04-30T09:36:52.476+0300][114,532s][info ][gc] GC(2051) Concurrent Mark
[2021-04-30T09:36:52.499+0300][114,555s][debug][gc] GC(2051) Concurrent active time: 0,022ms
[2021-04-30T09:36:52.499+0300][114,555s][info ][gc] GC(2051) Concurrent Mark 22,968ms
[2021-04-30T09:36:52.499+0300][114,555s][debug][gc] GC(2052) Concurrent mode failure
[2021-04-30T09:36:52.556+0300][114,613s][info ][gc] GC(2052) Pause Full (Allocation Failure) 123M->123M(123M) 78,505ms
[2021-04-30T09:36:52.615+0300][114,672s][info ][gc] GC(2053) Pause Full (Allocation Failure) 123M->123M(123M) 55,689ms
[2021-04-30T09:36:52.621+0300][114,677s][info ][gc] GC(2054) Pause Initial Mark 123M->123M(123M) 5,337ms
[2021-04-30T09:36:52.621+0300][114,677s][info ][gc] GC(2054) Concurrent Mark
[2021-04-30T09:36:52.643+0300][114,700s][debug][gc] GC(2054) Concurrent active time: 0,021ms
[2021-04-30T09:36:52.643+0300][114,700s][info ][gc] GC(2054) Concurrent Mark 22,117ms
[2021-04-30T09:36:52.643+0300][114,700s][debug][gc] GC(2055) Concurrent mode failure
[2021-04-30T09:36:52.699+0300][114,756s][info ][gc] GC(2055) Pause Full (Allocation Failure) 123M->123M(123M) 75,766ms
[2021-04-30T09:36:52.757+0300][114,813s][info ][gc] GC(2056) Pause Full (Allocation Failure) 123M->123M(123M) 53,381ms
[2021-04-30T09:36:52.762+0300][114,819s][info ][gc] GC(2057) Pause Initial Mark 123M->123M(123M) 5,285ms
[2021-04-30T09:36:52.762+0300][114,819s][info ][gc] GC(2057) Concurrent Mark
[2021-04-30T09:36:52.787+0300][114,844s][debug][gc] GC(2057) Concurrent active time: 0,024ms
[2021-04-30T09:36:52.787+0300][114,844s][info ][gc] GC(2057) Concurrent Mark 25,011ms
[2021-04-30T09:36:52.787+0300][114,844s][debug][gc] GC(2058) Concurrent mode failure
[2021-04-30T09:36:52.842+0300][114,899s][info ][gc] GC(2058) Pause Full (Allocation Failure) 123M->123M(123M) 77,733ms
[2021-04-30T09:36:52.901+0300][114,958s][info ][gc] GC(2059) Pause Full (Allocation Failure) 123M->123M(123M) 56,164ms
[2021-04-30T09:36:52.907+0300][114,964s][info ][gc] GC(2060) Pause Initial Mark 123M->123M(123M) 5,926ms
[2021-04-30T09:36:52.907+0300][114,964s][info ][gc] GC(2060) Concurrent Mark
[2021-04-30T09:36:52.929+0300][114,985s][debug][gc] GC(2060) Concurrent active time: 0,020ms
[2021-04-30T09:36:52.929+0300][114,985s][info ][gc] GC(2060) Concurrent Mark 21,245ms
[2021-04-30T09:36:52.929+0300][114,985s][debug][gc] GC(2061) Concurrent mode failure
[2021-04-30T09:36:52.991+0300][115,048s][info ][gc] GC(2061) Pause Full (Allocation Failure) 123M->123M(123M) 82,246ms
[2021-04-30T09:36:53.049+0300][115,106s][info ][gc] GC(2062) Pause Full (Allocation Failure) 123M->123M(123M) 54,849ms
[2021-04-30T09:36:53.055+0300][115,111s][info ][gc] GC(2063) Pause Initial Mark 123M->123M(123M) 5,418ms
[2021-04-30T09:36:53.055+0300][115,111s][info ][gc] GC(2063) Concurrent Mark
[2021-04-30T09:36:53.081+0300][115,138s][debug][gc] GC(2063) Concurrent active time: 0,025ms
[2021-04-30T09:36:53.081+0300][115,138s][info ][gc] GC(2063) Concurrent Mark 26,134ms
[2021-04-30T09:36:53.081+0300][115,138s][debug][gc] GC(2064) Concurrent mode failure
[2021-04-30T09:36:53.134+0300][115,191s][info ][gc] GC(2064) Pause Full (Allocation Failure) 123M->123M(123M) 77,693ms
[2021-04-30T09:36:53.191+0300][115,248s][info ][gc] GC(2065) Pause Full (Allocation Failure) 123M->123M(123M) 54,152ms
[2021-04-30T09:36:53.198+0300][115,254s][info ][gc] GC(2066) Pause Initial Mark 123M->123M(123M) 6,077ms
[2021-04-30T09:36:53.198+0300][115,254s][info ][gc] GC(2066) Concurrent Mark
[2021-04-30T09:36:53.230+0300][115,286s][debug][gc] GC(2066) Concurrent active time: 0,031ms
[2021-04-30T09:36:53.230+0300][115,286s][info ][gc] GC(2066) Concurrent Mark 32,056ms
[2021-04-30T09:36:53.230+0300][115,286s][debug][gc] GC(2067) Concurrent mode failure
[2021-04-30T09:36:53.285+0300][115,341s][info ][gc] GC(2067) Pause Full (Allocation Failure) 123M->123M(123M) 85,602ms
[2021-04-30T09:36:53.344+0300][115,400s][info ][gc] GC(2068) Pause Full (Allocation Failure) 123M->123M(123M) 56,071ms
[2021-04-30T09:36:53.350+0300][115,406s][info ][gc] GC(2069) Pause Initial Mark 123M->123M(123M) 5,460ms
[2021-04-30T09:36:53.350+0300][115,406s][info ][gc] GC(2069) Concurrent Mark
[2021-04-30T09:36:53.374+0300][115,431s][debug][gc] GC(2069) Concurrent active time: 0,024ms
[2021-04-30T09:36:53.374+0300][115,431s][info ][gc] GC(2069) Concurrent Mark 24,817ms
[2021-04-30T09:36:53.374+0300][115,431s][debug][gc] GC(2070) Concurrent mode failure
[2021-04-30T09:36:53.428+0300][115,484s][info ][gc] GC(2070) Pause Full (Allocation Failure) 123M->123M(123M) 76,138ms
[2021-04-30T09:36:53.491+0300][115,547s][info ][gc] GC(2071) Pause Full (Allocation Failure) 123M->123M(123M) 59,935ms
[2021-04-30T09:36:53.497+0300][115,553s][info ][gc] GC(2072) Pause Initial Mark 123M->123M(123M) 6,060ms
[2021-04-30T09:36:53.497+0300][115,554s][info ][gc] GC(2072) Concurrent Mark
[2021-04-30T09:36:53.522+0300][115,579s][debug][gc] GC(2072) Concurrent active time: 0,024ms
[2021-04-30T09:36:53.522+0300][115,579s][info ][gc] GC(2072) Concurrent Mark 25,409ms
[2021-04-30T09:36:53.522+0300][115,579s][debug][gc] GC(2073) Concurrent mode failure
[2021-04-30T09:36:53.578+0300][115,634s][info ][gc] GC(2073) Pause Full (Allocation Failure) 123M->123M(123M) 78,695ms
[2021-04-30T09:36:53.636+0300][115,692s][info ][gc] GC(2074) Pause Full (Allocation Failure) 123M->123M(123M) 54,903ms
[2021-04-30T09:36:53.641+0300][115,698s][info ][gc] GC(2075) Pause Initial Mark 123M->123M(123M) 5,261ms
[2021-04-30T09:36:53.641+0300][115,698s][info ][gc] GC(2075) Concurrent Mark
[2021-04-30T09:36:53.669+0300][115,725s][debug][gc] GC(2075) Concurrent active time: 0,027ms
[2021-04-30T09:36:53.669+0300][115,725s][info ][gc] GC(2075) Concurrent Mark 27,629ms
[2021-04-30T09:36:53.669+0300][115,725s][debug][gc] GC(2076) Concurrent mode failure
[2021-04-30T09:36:53.722+0300][115,778s][info ][gc] GC(2076) Pause Full (Allocation Failure) 123M->123M(123M) 79,310ms
[2021-04-30T09:36:53.779+0300][115,836s][info ][gc] GC(2077) Pause Full (Allocation Failure) 123M->123M(123M) 53,922ms
[2021-04-30T09:36:53.785+0300][115,842s][info ][gc] GC(2078) Pause Initial Mark 123M->123M(123M) 5,381ms
[2021-04-30T09:36:53.785+0300][115,842s][info ][gc] GC(2078) Concurrent Mark
[2021-04-30T09:36:53.806+0300][115,863s][debug][gc] GC(2078) Concurrent active time: 0,020ms
[2021-04-30T09:36:53.806+0300][115,863s][info ][gc] GC(2078) Concurrent Mark 21,319ms
[2021-04-30T09:36:53.806+0300][115,863s][debug][gc] GC(2079) Concurrent mode failure
[2021-04-30T09:36:53.861+0300][115,918s][info ][gc] GC(2079) Pause Full (Allocation Failure) 123M->123M(123M) 75,163ms
[2021-04-30T09:36:53.923+0300][115,980s][info ][gc] GC(2080) Pause Full (Allocation Failure) 123M->123M(123M) 58,302ms
[2021-04-30T09:36:53.929+0300][115,986s][info ][gc] GC(2081) Pause Initial Mark 123M->123M(123M) 5,579ms
[2021-04-30T09:36:53.929+0300][115,986s][info ][gc] GC(2081) Concurrent Mark
[2021-04-30T09:36:53.956+0300][116,012s][debug][gc] GC(2081) Concurrent active time: 0,025ms
[2021-04-30T09:36:53.956+0300][116,012s][info ][gc] GC(2081) Concurrent Mark 26,229ms
[2021-04-30T09:36:53.956+0300][116,012s][debug][gc] GC(2082) Concurrent mode failure
[2021-04-30T09:36:54.017+0300][116,074s][info ][gc] GC(2082) Pause Full (Allocation Failure) 123M->123M(123M) 86,730ms
[2021-04-30T09:36:54.076+0300][116,132s][info ][gc] GC(2083) Pause Full (Allocation Failure) 123M->123M(123M) 54,338ms
[2021-04-30T09:36:54.081+0300][116,138s][info ][gc] GC(2084) Pause Initial Mark 123M->123M(123M) 5,338ms
[2021-04-30T09:36:54.081+0300][116,138s][info ][gc] GC(2084) Concurrent Mark
[2021-04-30T09:36:54.103+0300][116,159s][debug][gc] GC(2084) Concurrent active time: 0,020ms
[2021-04-30T09:36:54.103+0300][116,159s][info ][gc] GC(2084) Concurrent Mark 21,495ms
[2021-04-30T09:36:54.103+0300][116,159s][debug][gc] GC(2085) Concurrent mode failure
[2021-04-30T09:36:54.159+0300][116,215s][info ][gc] GC(2085) Pause Full (Allocation Failure) 123M->123M(123M) 75,618ms
[2021-04-30T09:36:54.215+0300][116,272s][info ][gc] GC(2086) Pause Full (Allocation Failure) 123M->123M(123M) 54,026ms
[2021-04-30T09:36:54.221+0300][116,277s][info ][gc] GC(2087) Pause Initial Mark 123M->123M(123M) 5,284ms
[2021-04-30T09:36:54.221+0300][116,278s][info ][gc] GC(2087) Concurrent Mark
[2021-04-30T09:36:54.242+0300][116,299s][debug][gc] GC(2087) Concurrent active time: 0,020ms
[2021-04-30T09:36:54.242+0300][116,299s][info ][gc] GC(2087) Concurrent Mark 21,190ms
[2021-04-30T09:36:54.242+0300][116,299s][debug][gc] GC(2088) Concurrent mode failure
[2021-04-30T09:36:54.297+0300][116,354s][info ][gc] GC(2088) Pause Full (Allocation Failure) 123M->123M(123M) 74,475ms
[2021-04-30T09:36:54.359+0300][116,415s][info ][gc] GC(2089) Pause Full (Allocation Failure) 123M->123M(123M) 58,904ms
[2021-04-30T09:36:54.365+0300][116,421s][info ][gc] GC(2090) Pause Initial Mark 123M->123M(123M) 5,430ms
[2021-04-30T09:36:54.365+0300][116,421s][info ][gc] GC(2090) Concurrent Mark
[2021-04-30T09:36:54.387+0300][116,444s][debug][gc] GC(2090) Concurrent active time: 0,021ms
[2021-04-30T09:36:54.387+0300][116,444s][info ][gc] GC(2090) Concurrent Mark 22,557ms
[2021-04-30T09:36:54.387+0300][116,444s][debug][gc] GC(2091) Concurrent mode failure
[2021-04-30T09:36:54.444+0300][116,501s][info ][gc] GC(2091) Pause Full (Allocation Failure) 123M->123M(123M) 77,649ms
[2021-04-30T09:36:54.501+0300][116,558s][info ][gc] GC(2092) Pause Full (Allocation Failure) 123M->123M(123M) 54,458ms
[2021-04-30T09:36:54.507+0300][116,564s][info ][gc] GC(2093) Pause Initial Mark 123M->123M(123M) 5,337ms
[2021-04-30T09:36:54.507+0300][116,564s][info ][gc] GC(2093) Concurrent Mark
[2021-04-30T09:36:54.533+0300][116,590s][debug][gc] GC(2093) Concurrent active time: 0,025ms
[2021-04-30T09:36:54.533+0300][116,590s][info ][gc] GC(2093) Concurrent Mark 26,346ms
[2021-04-30T09:36:54.534+0300][116,590s][debug][gc] GC(2094) Concurrent mode failure
[2021-04-30T09:36:54.586+0300][116,643s][info ][gc] GC(2094) Pause Full (Allocation Failure) 123M->123M(123M) 78,093ms
[2021-04-30T09:36:54.642+0300][116,698s][info ][gc] GC(2095) Pause Full (Allocation Failure) 123M->123M(123M) 52,774ms
[2021-04-30T09:36:54.648+0300][116,704s][info ][gc] GC(2096) Pause Initial Mark 123M->123M(123M) 5,591ms
[2021-04-30T09:36:54.648+0300][116,704s][info ][gc] GC(2096) Concurrent Mark
[2021-04-30T09:36:54.674+0300][116,730s][debug][gc] GC(2096) Concurrent active time: 0,025ms
[2021-04-30T09:36:54.674+0300][116,730s][info ][gc] GC(2096) Concurrent Mark 26,167ms
[2021-04-30T09:36:54.674+0300][116,731s][debug][gc] GC(2097) Concurrent mode failure
[2021-04-30T09:36:54.729+0300][116,786s][info ][gc] GC(2097) Pause Full (Allocation Failure) 123M->123M(123M) 80,274ms
[2021-04-30T09:36:54.790+0300][116,846s][info ][gc] GC(2098) Pause Full (Allocation Failure) 123M->123M(123M) 57,665ms
[2021-04-30T09:36:54.796+0300][116,852s][info ][gc] GC(2099) Pause Initial Mark 123M->123M(123M) 5,743ms
[2021-04-30T09:36:54.796+0300][116,852s][info ][gc] GC(2099) Concurrent Mark
[2021-04-30T09:36:54.816+0300][116,873s][debug][gc] GC(2099) Concurrent active time: 0,019ms
[2021-04-30T09:36:54.816+0300][116,873s][info ][gc] GC(2099) Concurrent Mark 20,379ms
[2021-04-30T09:36:54.816+0300][116,873s][debug][gc] GC(2100) Concurrent mode failure
[2021-04-30T09:36:54.869+0300][116,926s][info ][gc] GC(2100) Pause Full (Allocation Failure) 123M->123M(123M) 72,133ms
[2021-04-30T09:36:54.929+0300][116,986s][info ][gc] GC(2101) Pause Full (Allocation Failure) 123M->123M(123M) 57,471ms
[2021-04-30T09:36:54.935+0300][116,992s][info ][gc] GC(2102) Pause Initial Mark 123M->123M(123M) 5,584ms
[2021-04-30T09:36:54.935+0300][116,992s][info ][gc] GC(2102) Concurrent Mark
[2021-04-30T09:36:54.963+0300][117,020s][debug][gc] GC(2102) Concurrent active time: 0,027ms
[2021-04-30T09:36:54.963+0300][117,020s][info ][gc] GC(2102) Concurrent Mark 28,173ms
[2021-04-30T09:36:54.963+0300][117,020s][debug][gc] GC(2103) Concurrent mode failure
[2021-04-30T09:36:55.025+0300][117,082s][info ][gc] GC(2103) Pause Full (Allocation Failure) 123M->123M(123M) 87,460ms
[2021-04-30T09:36:55.089+0300][117,146s][info ][gc] GC(2104) Pause Full (Allocation Failure) 123M->123M(123M) 61,272ms
[2021-04-30T09:36:55.095+0300][117,151s][info ][gc] GC(2105) Pause Initial Mark 123M->123M(123M) 5,382ms
[2021-04-30T09:36:55.095+0300][117,152s][info ][gc] GC(2105) Concurrent Mark
[2021-04-30T09:36:55.122+0300][117,178s][debug][gc] GC(2105) Concurrent active time: 0,025ms
[2021-04-30T09:36:55.122+0300][117,178s][info ][gc] GC(2105) Concurrent Mark 26,715ms
[2021-04-30T09:36:55.122+0300][117,178s][debug][gc] GC(2106) Concurrent mode failure
[2021-04-30T09:36:55.175+0300][117,232s][info ][gc] GC(2106) Pause Full (Allocation Failure) 123M->123M(123M) 79,105ms
[2021-04-30T09:36:55.232+0300][117,289s][info ][gc] GC(2107) Pause Full (Allocation Failure) 123M->123M(123M) 54,161ms
[2021-04-30T09:36:55.238+0300][117,294s][info ][gc] GC(2108) Pause Initial Mark 123M->123M(123M) 5,270ms
[2021-04-30T09:36:55.238+0300][117,295s][info ][gc] GC(2108) Concurrent Mark
[2021-04-30T09:36:55.265+0300][117,322s][debug][gc] GC(2108) Concurrent active time: 0,026ms
[2021-04-30T09:36:55.265+0300][117,322s][info ][gc] GC(2108) Concurrent Mark 27,046ms
[2021-04-30T09:36:55.265+0300][117,322s][debug][gc] GC(2109) Concurrent mode failure
[2021-04-30T09:36:55.322+0300][117,379s][info ][gc] GC(2109) Pause Full (Allocation Failure) 123M->123M(123M) 83,382ms
[2021-04-30T09:36:55.381+0300][117,438s][info ][gc] GC(2110) Pause Full (Allocation Failure) 123M->123M(123M) 56,199ms
[2021-04-30T09:36:55.387+0300][117,443s][info ][gc] GC(2111) Pause Initial Mark 123M->123M(123M) 5,452ms
[2021-04-30T09:36:55.387+0300][117,444s][info ][gc] GC(2111) Concurrent Mark
[2021-04-30T09:36:55.414+0300][117,471s][debug][gc] GC(2111) Concurrent active time: 0,026ms
[2021-04-30T09:36:55.415+0300][117,471s][info ][gc] GC(2111) Concurrent Mark 27,556ms
[2021-04-30T09:36:55.415+0300][117,471s][debug][gc] GC(2112) Concurrent mode failure
[2021-04-30T09:36:55.470+0300][117,527s][info ][gc] GC(2112) Pause Full (Allocation Failure) 123M->123M(123M) 81,973ms
[2021-04-30T09:36:55.527+0300][117,584s][info ][gc] GC(2113) Pause Full (Allocation Failure) 123M->123M(123M) 54,409ms
[2021-04-30T09:36:55.533+0300][117,589s][info ][gc] GC(2114) Pause Initial Mark 123M->123M(123M) 5,427ms
[2021-04-30T09:36:55.533+0300][117,590s][info ][gc] GC(2114) Concurrent Mark
[2021-04-30T09:36:55.558+0300][117,615s][debug][gc] GC(2114) Concurrent active time: 0,024ms
[2021-04-30T09:36:55.558+0300][117,615s][info ][gc] GC(2114) Concurrent Mark 25,562ms
[2021-04-30T09:36:55.559+0300][117,615s][debug][gc] GC(2115) Concurrent mode failure
[2021-04-30T09:36:55.615+0300][117,672s][info ][gc] GC(2115) Pause Full (Allocation Failure) 123M->123M(123M) 81,349ms
[2021-04-30T09:36:55.673+0300][117,730s][info ][gc] GC(2116) Pause Full (Allocation Failure) 123M->123M(123M) 54,888ms
[2021-04-30T09:36:55.679+0300][117,736s][info ][gc] GC(2117) Pause Initial Mark 123M->123M(123M) 5,278ms
[2021-04-30T09:36:55.679+0300][117,736s][info ][gc] GC(2117) Concurrent Mark
[2021-04-30T09:36:55.700+0300][117,756s][debug][gc] GC(2117) Concurrent active time: 0,019ms
[2021-04-30T09:36:55.700+0300][117,756s][info ][gc] GC(2117) Concurrent Mark 20,640ms
[2021-04-30T09:36:55.700+0300][117,756s][debug][gc] GC(2118) Concurrent mode failure
[2021-04-30T09:36:55.755+0300][117,811s][info ][gc] GC(2118) Pause Full (Allocation Failure) 123M->123M(123M) 74,721ms
[2021-04-30T09:36:55.811+0300][117,868s][info ][gc] GC(2119) Pause Full (Allocation Failure) 123M->123M(123M) 53,758ms
[2021-04-30T09:36:55.817+0300][117,873s][info ][gc] GC(2120) Pause Initial Mark 123M->123M(123M) 5,468ms
[2021-04-30T09:36:55.817+0300][117,873s][info ][gc] GC(2120) Concurrent Mark
[2021-04-30T09:36:55.838+0300][117,895s][debug][gc] GC(2120) Concurrent active time: 0,021ms
[2021-04-30T09:36:55.838+0300][117,895s][info ][gc] GC(2120) Concurrent Mark 21,756ms
[2021-04-30T09:36:55.839+0300][117,895s][debug][gc] GC(2121) Concurrent mode failure
[2021-04-30T09:36:55.895+0300][117,951s][info ][gc] GC(2121) Pause Full (Allocation Failure) 123M->123M(123M) 76,825ms
[2021-04-30T09:36:55.958+0300][118,015s][info ][gc] GC(2122) Pause Full (Allocation Failure) 123M->123M(123M) 60,465ms
[2021-04-30T09:36:55.964+0300][118,021s][info ][gc] GC(2123) Pause Initial Mark 123M->123M(123M) 5,656ms
[2021-04-30T09:36:55.964+0300][118,021s][info ][gc] GC(2123) Concurrent Mark
[2021-04-30T09:36:55.992+0300][118,048s][debug][gc] GC(2123) Concurrent active time: 0,027ms
[2021-04-30T09:36:55.992+0300][118,048s][info ][gc] GC(2123) Concurrent Mark 27,674ms
[2021-04-30T09:36:55.992+0300][118,048s][debug][gc] GC(2124) Concurrent mode failure
[2021-04-30T09:36:56.052+0300][118,108s][info ][gc] GC(2124) Pause Full (Allocation Failure) 123M->123M(123M) 86,271ms
[2021-04-30T09:36:56.112+0300][118,169s][info ][gc] GC(2125) Pause Full (Allocation Failure) 123M->123M(123M) 57,853ms
[2021-04-30T09:36:56.118+0300][118,175s][info ][gc] GC(2126) Pause Initial Mark 123M->123M(123M) 5,647ms
[2021-04-30T09:36:56.118+0300][118,175s][info ][gc] GC(2126) Concurrent Mark
[2021-04-30T09:36:56.145+0300][118,202s][debug][gc] GC(2126) Concurrent active time: 0,026ms
[2021-04-30T09:36:56.145+0300][118,202s][info ][gc] GC(2126) Concurrent Mark 27,145ms
[2021-04-30T09:36:56.145+0300][118,202s][debug][gc] GC(2127) Concurrent mode failure
[2021-04-30T09:36:56.200+0300][118,257s][info ][gc] GC(2127) Pause Full (Allocation Failure) 123M->123M(123M) 80,803ms
[2021-04-30T09:36:56.260+0300][118,317s][info ][gc] GC(2128) Pause Full (Allocation Failure) 123M->123M(123M) 57,036ms
[2021-04-30T09:36:56.266+0300][118,323s][info ][gc] GC(2129) Pause Initial Mark 123M->123M(123M) 5,974ms
[2021-04-30T09:36:56.266+0300][118,323s][info ][gc] GC(2129) Concurrent Mark
[2021-04-30T09:36:56.287+0300][118,343s][debug][gc] GC(2129) Concurrent active time: 0,020ms
[2021-04-30T09:36:56.287+0300][118,343s][info ][gc] GC(2129) Concurrent Mark 20,611ms
[2021-04-30T09:36:56.287+0300][118,344s][debug][gc] GC(2130) Concurrent mode failure
[2021-04-30T09:36:56.343+0300][118,400s][info ][gc] GC(2130) Pause Full (Allocation Failure) 123M->123M(123M) 75,577ms
[2021-04-30T09:36:56.402+0300][118,458s][info ][gc] GC(2131) Pause Full (Allocation Failure) 123M->123M(123M) 56,267ms
[2021-04-30T09:36:56.407+0300][118,464s][info ][gc] GC(2132) Pause Initial Mark 123M->123M(123M) 5,268ms
[2021-04-30T09:36:56.407+0300][118,464s][info ][gc] GC(2132) Concurrent Mark
[2021-04-30T09:36:56.433+0300][118,490s][debug][gc] GC(2132) Concurrent active time: 0,024ms
[2021-04-30T09:36:56.433+0300][118,490s][info ][gc] GC(2132) Concurrent Mark 25,536ms
[2021-04-30T09:36:56.433+0300][118,490s][debug][gc] GC(2133) Concurrent mode failure
[2021-04-30T09:36:56.488+0300][118,544s][info ][gc] GC(2133) Pause Full (Allocation Failure) 123M->123M(123M) 78,848ms
[2021-04-30T09:36:56.548+0300][118,604s][info ][gc] GC(2134) Pause Full (Allocation Failure) 123M->123M(123M) 57,688ms
[2021-04-30T09:36:56.554+0300][118,610s][info ][gc] GC(2135) Pause Initial Mark 123M->123M(123M) 5,485ms
[2021-04-30T09:36:56.554+0300][118,610s][info ][gc] GC(2135) Concurrent Mark
[2021-04-30T09:36:56.581+0300][118,638s][debug][gc] GC(2135) Concurrent active time: 0,027ms
[2021-04-30T09:36:56.581+0300][118,638s][info ][gc] GC(2135) Concurrent Mark 27,735ms
[2021-04-30T09:36:56.581+0300][118,638s][debug][gc] GC(2136) Concurrent mode failure
[2021-04-30T09:36:56.641+0300][118,697s][info ][gc] GC(2136) Pause Full (Allocation Failure) 123M->123M(123M) 85,814ms
[2021-04-30T09:36:56.703+0300][118,760s][info ][gc] GC(2137) Pause Full (Allocation Failure) 123M->123M(123M) 60,221ms
[2021-04-30T09:36:56.709+0300][118,766s][info ][gc] GC(2138) Pause Initial Mark 123M->123M(123M) 5,349ms
[2021-04-30T09:36:56.709+0300][118,766s][info ][gc] GC(2138) Concurrent Mark
[2021-04-30T09:36:56.730+0300][118,787s][debug][gc] GC(2138) Concurrent active time: 0,020ms
[2021-04-30T09:36:56.730+0300][118,787s][info ][gc] GC(2138) Concurrent Mark 21,315ms
[2021-04-30T09:36:56.730+0300][118,787s][debug][gc] GC(2139) Concurrent mode failure
[2021-04-30T09:36:56.787+0300][118,844s][info ][gc] GC(2139) Pause Full (Allocation Failure) 123M->123M(123M) 76,916ms
[2021-04-30T09:36:56.845+0300][118,902s][info ][gc] GC(2140) Pause Full (Allocation Failure) 123M->123M(123M) 55,262ms
[2021-04-30T09:36:56.851+0300][118,907s][info ][gc] GC(2141) Pause Initial Mark 123M->123M(123M) 5,313ms
[2021-04-30T09:36:56.851+0300][118,907s][info ][gc] GC(2141) Concurrent Mark
[2021-04-30T09:36:56.872+0300][118,929s][debug][gc] GC(2141) Concurrent active time: 0,020ms
[2021-04-30T09:36:56.872+0300][118,929s][info ][gc] GC(2141) Concurrent Mark 21,313ms
[2021-04-30T09:36:56.872+0300][118,929s][debug][gc] GC(2142) Concurrent mode failure
[2021-04-30T09:36:56.927+0300][118,983s][info ][gc] GC(2142) Pause Full (Allocation Failure) 123M->123M(123M) 75,313ms
[2021-04-30T09:36:56.987+0300][119,044s][info ][gc] GC(2143) Pause Full (Allocation Failure) 123M->123M(123M) 58,656ms
[2021-04-30T09:36:56.993+0300][119,049s][info ][gc] GC(2144) Pause Initial Mark 123M->123M(123M) 5,630ms
[2021-04-30T09:36:56.993+0300][119,050s][info ][gc] GC(2144) Concurrent Mark
[2021-04-30T09:36:57.019+0300][119,076s][debug][gc] GC(2144) Concurrent active time: 0,025ms
[2021-04-30T09:36:57.019+0300][119,076s][info ][gc] GC(2144) Concurrent Mark 26,394ms
[2021-04-30T09:36:57.019+0300][119,076s][debug][gc] GC(2145) Concurrent mode failure
[2021-04-30T09:36:57.079+0300][119,136s][info ][gc] GC(2145) Pause Full (Allocation Failure) 123M->123M(123M) 85,325ms
[2021-04-30T09:36:57.141+0300][119,197s][info ][gc] GC(2146) Pause Full (Allocation Failure) 123M->123M(123M) 59,003ms
[2021-04-30T09:36:57.146+0300][119,203s][info ][gc] GC(2147) Pause Initial Mark 123M->123M(123M) 5,426ms
[2021-04-30T09:36:57.147+0300][119,203s][info ][gc] GC(2147) Concurrent Mark
[2021-04-30T09:36:57.168+0300][119,224s][debug][gc] GC(2147) Concurrent active time: 0,020ms
[2021-04-30T09:36:57.168+0300][119,224s][info ][gc] GC(2147) Concurrent Mark 21,131ms
[2021-04-30T09:36:57.168+0300][119,224s][debug][gc] GC(2148) Concurrent mode failure
[2021-04-30T09:36:57.222+0300][119,279s][info ][gc] GC(2148) Pause Full (Allocation Failure) 123M->123M(123M) 74,753ms
[2021-04-30T09:36:57.279+0300][119,335s][info ][gc] GC(2149) Pause Full (Allocation Failure) 123M->123M(123M) 54,164ms
[2021-04-30T09:36:57.284+0300][119,341s][info ][gc] GC(2150) Pause Initial Mark 123M->123M(123M) 5,344ms
[2021-04-30T09:36:57.284+0300][119,341s][info ][gc] GC(2150) Concurrent Mark
[2021-04-30T09:36:57.305+0300][119,362s][debug][gc] GC(2150) Concurrent active time: 0,020ms
[2021-04-30T09:36:57.305+0300][119,362s][info ][gc] GC(2150) Concurrent Mark 21,009ms
[2021-04-30T09:36:57.305+0300][119,362s][debug][gc] GC(2151) Concurrent mode failure
[2021-04-30T09:36:57.359+0300][119,416s][info ][gc] GC(2151) Pause Full (Allocation Failure) 123M->123M(123M) 73,821ms
[2021-04-30T09:36:57.418+0300][119,475s][info ][gc] GC(2152) Pause Full (Allocation Failure) 123M->123M(123M) 56,495ms
[2021-04-30T09:36:57.424+0300][119,480s][info ][gc] GC(2153) Pause Initial Mark 123M->123M(123M) 5,568ms
[2021-04-30T09:36:57.424+0300][119,480s][info ][gc] GC(2153) Concurrent Mark
[2021-04-30T09:36:57.452+0300][119,509s][debug][gc] GC(2153) Concurrent active time: 0,027ms
[2021-04-30T09:36:57.452+0300][119,509s][info ][gc] GC(2153) Concurrent Mark 28,288ms
[2021-04-30T09:36:57.452+0300][119,509s][debug][gc] GC(2154) Concurrent mode failure
[2021-04-30T09:36:57.509+0300][119,566s][info ][gc] GC(2154) Pause Full (Allocation Failure) 123M->123M(123M) 84,313ms
[2021-04-30T09:36:57.568+0300][119,625s][info ][gc] GC(2155) Pause Full (Allocation Failure) 123M->123M(123M) 56,667ms
[2021-04-30T09:36:57.574+0300][119,631s][info ][gc] GC(2156) Pause Initial Mark 123M->123M(123M) 5,891ms
[2021-04-30T09:36:57.575+0300][119,631s][info ][gc] GC(2156) Concurrent Mark
[2021-04-30T09:36:57.602+0300][119,658s][debug][gc] GC(2156) Concurrent active time: 0,026ms
[2021-04-30T09:36:57.602+0300][119,658s][info ][gc] GC(2156) Concurrent Mark 27,347ms
[2021-04-30T09:36:57.602+0300][119,659s][debug][gc] GC(2157) Concurrent mode failure
[2021-04-30T09:36:57.655+0300][119,712s][info ][gc] GC(2157) Pause Full (Allocation Failure) 123M->123M(123M) 79,664ms
[2021-04-30T09:36:57.713+0300][119,769s][info ][gc] GC(2158) Pause Full (Allocation Failure) 123M->123M(123M) 55,457ms
[2021-04-30T09:36:57.718+0300][119,775s][info ][gc] GC(2159) Pause Initial Mark 123M->123M(123M) 5,275ms
[2021-04-30T09:36:57.719+0300][119,775s][info ][gc] GC(2159) Concurrent Mark
[2021-04-30T09:36:57.740+0300][119,796s][debug][gc] GC(2159) Concurrent active time: 0,020ms
[2021-04-30T09:36:57.740+0300][119,796s][info ][gc] GC(2159) Concurrent Mark 21,194ms
[2021-04-30T09:36:57.740+0300][119,796s][debug][gc] GC(2160) Concurrent mode failure
[2021-04-30T09:36:57.795+0300][119,852s][info ][gc] GC(2160) Pause Full (Allocation Failure) 123M->123M(123M) 75,752ms
[2021-04-30T09:36:57.854+0300][119,911s][info ][gc] GC(2161) Pause Full (Allocation Failure) 123M->123M(123M) 56,559ms
[2021-04-30T09:36:57.860+0300][119,916s][info ][gc] GC(2162) Pause Initial Mark 123M->123M(123M) 5,487ms
[2021-04-30T09:36:57.860+0300][119,916s][info ][gc] GC(2162) Concurrent Mark
[2021-04-30T09:36:57.881+0300][119,938s][debug][gc] GC(2162) Concurrent active time: 0,020ms
[2021-04-30T09:36:57.881+0300][119,938s][info ][gc] GC(2162) Concurrent Mark 21,546ms
[2021-04-30T09:36:57.881+0300][119,938s][debug][gc] GC(2163) Concurrent mode failure
[2021-04-30T09:36:57.935+0300][119,992s][info ][gc] GC(2163) Pause Full (Allocation Failure) 123M->123M(123M) 74,366ms
[2021-04-30T09:36:57.998+0300][120,054s][info ][gc] GC(2164) Pause Full (Allocation Failure) 123M->123M(123M) 59,244ms
[2021-04-30T09:36:58.004+0300][120,060s][info ][gc] GC(2165) Pause Initial Mark 123M->123M(123M) 6,024ms
[2021-04-30T09:36:58.004+0300][120,060s][info ][gc] GC(2165) Concurrent Mark
[2021-04-30T09:36:58.030+0300][120,086s][debug][gc] GC(2165) Concurrent active time: 0,025ms
[2021-04-30T09:36:58.030+0300][120,086s][info ][gc] GC(2165) Concurrent Mark 25,813ms
[2021-04-30T09:36:58.030+0300][120,086s][debug][gc] GC(2166) Concurrent mode failure
[2021-04-30T09:36:58.087+0300][120,144s][info ][gc] GC(2166) Pause Full (Allocation Failure) 123M->123M(123M) 82,640ms
[2021-04-30T09:36:58.144+0300][120,201s][info ][gc] GC(2167) Pause Full (Allocation Failure) 123M->123M(123M) 56,044ms
[2021-04-30T09:36:58.150+0300][120,206s][info ][gc] GC(2168) Pause Initial Mark 123M->123M(123M) 5,433ms
[2021-04-30T09:36:58.150+0300][120,206s][info ][gc] GC(2168) Concurrent Mark
[2021-04-30T09:36:58.176+0300][120,232s][debug][gc] GC(2168) Concurrent active time: 0,025ms
[2021-04-30T09:36:58.176+0300][120,232s][info ][gc] GC(2168) Concurrent Mark 25,897ms
[2021-04-30T09:36:58.176+0300][120,232s][debug][gc] GC(2169) Concurrent mode failure
[2021-04-30T09:36:58.232+0300][120,289s][info ][gc] GC(2169) Pause Full (Allocation Failure) 123M->123M(123M) 81,626ms
[2021-04-30T09:36:58.293+0300][120,349s][info ][gc] GC(2170) Pause Full (Allocation Failure) 123M->123M(123M) 58,176ms
[2021-04-30T09:36:58.298+0300][120,355s][info ][gc] GC(2171) Pause Initial Mark 123M->123M(123M) 5,500ms
[2021-04-30T09:36:58.298+0300][120,355s][info ][gc] GC(2171) Concurrent Mark
[2021-04-30T09:36:58.320+0300][120,376s][debug][gc] GC(2171) Concurrent active time: 0,020ms
[2021-04-30T09:36:58.320+0300][120,376s][info ][gc] GC(2171) Concurrent Mark 21,408ms
[2021-04-30T09:36:58.320+0300][120,376s][debug][gc] GC(2172) Concurrent mode failure
[2021-04-30T09:36:58.380+0300][120,437s][info ][gc] GC(2172) Pause Full (Allocation Failure) 123M->123M(123M) 80,749ms
[2021-04-30T09:36:58.436+0300][120,493s][info ][gc] GC(2173) Pause Full (Allocation Failure) 123M->123M(123M) 52,975ms
[2021-04-30T09:36:58.442+0300][120,498s][info ][gc] GC(2174) Pause Initial Mark 123M->123M(123M) 5,309ms
[2021-04-30T09:36:58.442+0300][120,498s][info ][gc] GC(2174) Concurrent Mark
[2021-04-30T09:36:58.467+0300][120,524s][debug][gc] GC(2174) Concurrent active time: 0,025ms
[2021-04-30T09:36:58.467+0300][120,524s][info ][gc] GC(2174) Concurrent Mark 25,708ms
[2021-04-30T09:36:58.468+0300][120,524s][debug][gc] GC(2175) Concurrent mode failure
[2021-04-30T09:36:58.523+0300][120,579s][info ][gc] GC(2175) Pause Full (Allocation Failure) 123M->123M(123M) 80,447ms
[2021-04-30T09:36:58.579+0300][120,636s][info ][gc] GC(2176) Pause Full (Allocation Failure) 123M->123M(123M) 53,971ms
[2021-04-30T09:36:58.585+0300][120,642s][info ][gc] GC(2177) Pause Initial Mark 123M->123M(123M) 5,517ms
[2021-04-30T09:36:58.585+0300][120,642s][info ][gc] GC(2177) Concurrent Mark
[2021-04-30T09:36:58.608+0300][120,665s][debug][gc] GC(2177) Concurrent active time: 0,022ms
[2021-04-30T09:36:58.608+0300][120,665s][info ][gc] GC(2177) Concurrent Mark 23,196ms
[2021-04-30T09:36:58.608+0300][120,665s][debug][gc] GC(2178) Concurrent mode failure
[2021-04-30T09:36:58.664+0300][120,721s][info ][gc] GC(2178) Pause Full (Allocation Failure) 123M->123M(123M) 78,426ms
[2021-04-30T09:36:58.720+0300][120,777s][info ][gc] GC(2179) Pause Full (Allocation Failure) 123M->123M(123M) 53,243ms
[2021-04-30T09:36:58.726+0300][120,782s][info ][gc] GC(2180) Pause Initial Mark 123M->123M(123M) 5,463ms
[2021-04-30T09:36:58.726+0300][120,782s][info ][gc] GC(2180) Concurrent Mark
[2021-04-30T09:36:58.750+0300][120,806s][debug][gc] GC(2180) Concurrent active time: 0,023ms
[2021-04-30T09:36:58.750+0300][120,806s][info ][gc] GC(2180) Concurrent Mark 23,922ms
[2021-04-30T09:36:58.750+0300][120,806s][debug][gc] GC(2181) Concurrent mode failure
[2021-04-30T09:36:58.808+0300][120,865s][info ][gc] GC(2181) Pause Full (Allocation Failure) 123M->123M(123M) 81,354ms
[2021-04-30T09:36:58.869+0300][120,926s][info ][gc] GC(2182) Pause Full (Allocation Failure) 123M->123M(123M) 58,742ms
[2021-04-30T09:36:58.875+0300][120,931s][info ][gc] GC(2183) Pause Initial Mark 123M->123M(123M) 5,616ms
[2021-04-30T09:36:58.875+0300][120,932s][info ][gc] GC(2183) Concurrent Mark
[2021-04-30T09:36:58.899+0300][120,956s][debug][gc] GC(2183) Concurrent active time: 0,023ms
[2021-04-30T09:36:58.899+0300][120,956s][info ][gc] GC(2183) Concurrent Mark 24,002ms
[2021-04-30T09:36:58.899+0300][120,956s][debug][gc] GC(2184) Concurrent mode failure
[2021-04-30T09:36:58.961+0300][121,018s][info ][gc] GC(2184) Pause Full (Allocation Failure) 123M->123M(123M) 85,099ms
[2021-04-30T09:36:59.021+0300][121,077s][info ][gc] GC(2185) Pause Full (Allocation Failure) 123M->123M(123M) 57,191ms
[2021-04-30T09:36:59.026+0300][121,083s][info ][gc] GC(2186) Pause Initial Mark 123M->123M(123M) 5,286ms
[2021-04-30T09:36:59.026+0300][121,083s][info ][gc] GC(2186) Concurrent Mark
[2021-04-30T09:36:59.049+0300][121,105s][debug][gc] GC(2186) Concurrent active time: 0,022ms
[2021-04-30T09:36:59.049+0300][121,105s][info ][gc] GC(2186) Concurrent Mark 22,661ms
[2021-04-30T09:36:59.049+0300][121,105s][debug][gc] GC(2187) Concurrent mode failure
[2021-04-30T09:36:59.102+0300][121,159s][info ][gc] GC(2187) Pause Full (Allocation Failure) 123M->123M(123M) 75,559ms
[2021-04-30T09:36:59.158+0300][121,215s][info ][gc] GC(2188) Pause Full (Allocation Failure) 123M->123M(123M) 55,279ms
[2021-04-30T09:36:59.164+0300][121,220s][info ][gc] GC(2189) Pause Initial Mark 123M->123M(123M) 5,400ms
[2021-04-30T09:36:59.164+0300][121,220s][info ][gc] GC(2189) Concurrent Mark
[2021-04-30T09:36:59.193+0300][121,250s][debug][gc] GC(2189) Concurrent active time: 0,022ms
[2021-04-30T09:36:59.193+0300][121,250s][info ][gc] GC(2189) Concurrent Mark 29,360ms
[2021-04-30T09:36:59.193+0300][121,250s][debug][gc] GC(2190) Concurrent mode failure
[2021-04-30T09:36:59.249+0300][121,306s][info ][gc] GC(2190) Pause Full (Allocation Failure) 123M->123M(123M) 78,943ms
[2021-04-30T09:36:59.305+0300][121,362s][info ][gc] GC(2191) Pause Full (Allocation Failure) 123M->123M(123M) 54,816ms
[2021-04-30T09:36:59.311+0300][121,367s][info ][gc] GC(2192) Pause Initial Mark 123M->123M(123M) 5,293ms
[2021-04-30T09:36:59.311+0300][121,367s][info ][gc] GC(2192) Concurrent Mark
[2021-04-30T09:36:59.334+0300][121,390s][debug][gc] GC(2192) Concurrent active time: 0,022ms
[2021-04-30T09:36:59.334+0300][121,390s][info ][gc] GC(2192) Concurrent Mark 22,987ms
[2021-04-30T09:36:59.334+0300][121,390s][debug][gc] GC(2193) Concurrent mode failure
[2021-04-30T09:36:59.389+0300][121,446s][info ][gc] GC(2193) Pause Full (Allocation Failure) 123M->123M(123M) 76,142ms
[2021-04-30T09:36:59.446+0300][121,502s][info ][gc] GC(2194) Pause Full (Allocation Failure) 123M->123M(123M) 55,820ms
[2021-04-30T09:36:59.451+0300][121,508s][info ][gc] GC(2195) Pause Initial Mark 123M->123M(123M) 5,295ms
[2021-04-30T09:36:59.451+0300][121,508s][info ][gc] GC(2195) Concurrent Mark
[2021-04-30T09:36:59.474+0300][121,531s][debug][gc] GC(2195) Concurrent active time: 0,022ms
[2021-04-30T09:36:59.474+0300][121,531s][info ][gc] GC(2195) Concurrent Mark 22,956ms
[2021-04-30T09:36:59.474+0300][121,531s][debug][gc] GC(2196) Concurrent mode failure
[2021-04-30T09:36:59.532+0300][121,589s][info ][gc] GC(2196) Pause Full (Allocation Failure) 123M->123M(123M) 78,647ms
[2021-04-30T09:36:59.589+0300][121,646s][info ][gc] GC(2197) Pause Full (Allocation Failure) 123M->123M(123M) 56,246ms
[2021-04-30T09:36:59.595+0300][121,652s][info ][gc] GC(2198) Pause Initial Mark 123M->123M(123M) 5,448ms
[2021-04-30T09:36:59.595+0300][121,652s][info ][gc] GC(2198) Concurrent Mark
[2021-04-30T09:36:59.618+0300][121,675s][debug][gc] GC(2198) Concurrent active time: 0,022ms
[2021-04-30T09:36:59.618+0300][121,675s][info ][gc] GC(2198) Concurrent Mark 22,782ms
[2021-04-30T09:36:59.618+0300][121,675s][debug][gc] GC(2199) Concurrent mode failure
[2021-04-30T09:36:59.673+0300][121,730s][info ][gc] GC(2199) Pause Full (Allocation Failure) 123M->123M(123M) 75,657ms
[2021-04-30T09:36:59.728+0300][121,785s][info ][gc] GC(2200) Pause Full (Allocation Failure) 123M->123M(123M) 54,428ms
[2021-04-30T09:36:59.734+0300][121,790s][info ][gc] GC(2201) Pause Initial Mark 123M->123M(123M) 5,319ms
[2021-04-30T09:36:59.734+0300][121,790s][info ][gc] GC(2201) Concurrent Mark
[2021-04-30T09:36:59.757+0300][121,813s][debug][gc] GC(2201) Concurrent active time: 0,022ms
[2021-04-30T09:36:59.757+0300][121,813s][info ][gc] GC(2201) Concurrent Mark 22,983ms
[2021-04-30T09:36:59.757+0300][121,813s][debug][gc] GC(2202) Concurrent mode failure
[2021-04-30T09:36:59.817+0300][121,873s][info ][gc] GC(2202) Pause Full (Allocation Failure) 123M->123M(123M) 80,503ms
[2021-04-30T09:36:59.873+0300][121,930s][info ][gc] GC(2203) Pause Full (Allocation Failure) 123M->123M(123M) 55,890ms
[2021-04-30T09:36:59.879+0300][121,935s][info ][gc] GC(2204) Pause Initial Mark 123M->123M(123M) 5,390ms
[2021-04-30T09:36:59.879+0300][121,935s][info ][gc] GC(2204) Concurrent Mark
[2021-04-30T09:36:59.901+0300][121,957s][debug][gc] GC(2204) Concurrent active time: 0,021ms
[2021-04-30T09:36:59.901+0300][121,957s][info ][gc] GC(2204) Concurrent Mark 22,040ms
[2021-04-30T09:36:59.901+0300][121,958s][debug][gc] GC(2205) Concurrent mode failure
[2021-04-30T09:36:59.963+0300][122,020s][info ][gc] GC(2205) Pause Full (Allocation Failure) 123M->123M(123M) 83,429ms
[2021-04-30T09:37:00.022+0300][122,079s][info ][gc] GC(2206) Pause Full (Allocation Failure) 123M->123M(123M) 58,447ms
[2021-04-30T09:37:00.028+0300][122,085s][info ][gc] GC(2207) Pause Initial Mark 123M->123M(123M) 5,606ms
[2021-04-30T09:37:00.028+0300][122,085s][info ][gc] GC(2207) Concurrent Mark
[2021-04-30T09:37:00.050+0300][122,106s][debug][gc] GC(2207) Concurrent active time: 0,021ms
[2021-04-30T09:37:00.050+0300][122,106s][info ][gc] GC(2207) Concurrent Mark 21,833ms
[2021-04-30T09:37:00.050+0300][122,106s][debug][gc] GC(2208) Concurrent mode failure
[2021-04-30T09:37:00.108+0300][122,165s][info ][gc] GC(2208) Pause Full (Allocation Failure) 123M->123M(123M) 79,540ms
[2021-04-30T09:37:00.166+0300][122,223s][info ][gc] GC(2209) Pause Full (Allocation Failure) 123M->123M(123M) 56,722ms
[2021-04-30T09:37:00.172+0300][122,229s][info ][gc] GC(2210) Pause Initial Mark 123M->123M(123M) 5,637ms
[2021-04-30T09:37:00.172+0300][122,229s][info ][gc] GC(2210) Concurrent Mark
[2021-04-30T09:37:00.200+0300][122,257s][debug][gc] GC(2210) Concurrent active time: 0,026ms
[2021-04-30T09:37:00.200+0300][122,257s][info ][gc] GC(2210) Concurrent Mark 27,661ms
[2021-04-30T09:37:00.200+0300][122,257s][debug][gc] GC(2211) Concurrent mode failure
[2021-04-30T09:37:00.254+0300][122,310s][info ][gc] GC(2211) Pause Full (Allocation Failure) 123M->123M(123M) 80,993ms
[2021-04-30T09:37:00.310+0300][122,367s][info ][gc] GC(2212) Pause Full (Allocation Failure) 123M->123M(123M) 55,459ms
[2021-04-30T09:37:00.316+0300][122,373s][info ][gc] GC(2213) Pause Initial Mark 123M->123M(123M) 5,524ms
[2021-04-30T09:37:00.316+0300][122,373s][info ][gc] GC(2213) Concurrent Mark
[2021-04-30T09:37:00.343+0300][122,400s][debug][gc] GC(2213) Concurrent active time: 0,026ms
[2021-04-30T09:37:00.343+0300][122,400s][info ][gc] GC(2213) Concurrent Mark 26,860ms
[2021-04-30T09:37:00.343+0300][122,400s][debug][gc] GC(2214) Concurrent mode failure
[2021-04-30T09:37:00.396+0300][122,452s][info ][gc] GC(2214) Pause Full (Allocation Failure) 123M->123M(123M) 79,139ms
[2021-04-30T09:37:00.450+0300][122,507s][info ][gc] GC(2215) Pause Full (Allocation Failure) 123M->123M(123M) 53,300ms
[2021-04-30T09:37:00.456+0300][122,512s][info ][gc] GC(2216) Pause Initial Mark 123M->123M(123M) 5,669ms
[2021-04-30T09:37:00.456+0300][122,512s][info ][gc] GC(2216) Concurrent Mark
[2021-04-30T09:37:00.482+0300][122,539s][debug][gc] GC(2216) Concurrent active time: 0,025ms
[2021-04-30T09:37:00.482+0300][122,539s][info ][gc] GC(2216) Concurrent Mark 26,501ms
[2021-04-30T09:37:00.482+0300][122,539s][debug][gc] GC(2217) Concurrent mode failure
[2021-04-30T09:37:00.537+0300][122,594s][info ][gc] GC(2217) Pause Full (Allocation Failure) 123M->123M(123M) 80,727ms
[2021-04-30T09:37:00.593+0300][122,650s][info ][gc] GC(2218) Pause Full (Allocation Failure) 123M->123M(123M) 55,452ms
[2021-04-30T09:37:00.600+0300][122,656s][info ][gc] GC(2219) Pause Initial Mark 123M->123M(123M) 5,821ms
[2021-04-30T09:37:00.600+0300][122,656s][info ][gc] GC(2219) Concurrent Mark
[2021-04-30T09:37:00.621+0300][122,677s][debug][gc] GC(2219) Concurrent active time: 0,020ms
[2021-04-30T09:37:00.621+0300][122,677s][info ][gc] GC(2219) Concurrent Mark 21,185ms
[2021-04-30T09:37:00.621+0300][122,678s][debug][gc] GC(2220) Concurrent mode failure
[2021-04-30T09:37:00.674+0300][122,731s][info ][gc] GC(2220) Pause Full (Allocation Failure) 123M->123M(123M) 73,999ms
[2021-04-30T09:37:00.730+0300][122,787s][info ][gc] GC(2221) Pause Full (Allocation Failure) 123M->123M(123M) 55,146ms
[2021-04-30T09:37:00.736+0300][122,793s][info ][gc] GC(2222) Pause Initial Mark 123M->123M(123M) 5,911ms
[2021-04-30T09:37:00.736+0300][122,793s][info ][gc] GC(2222) Concurrent Mark
[2021-04-30T09:37:00.762+0300][122,819s][debug][gc] GC(2222) Concurrent active time: 0,025ms
[2021-04-30T09:37:00.762+0300][122,819s][info ][gc] GC(2222) Concurrent Mark 25,735ms
[2021-04-30T09:37:00.762+0300][122,819s][debug][gc] GC(2223) Concurrent mode failure
[2021-04-30T09:37:00.818+0300][122,875s][info ][gc] GC(2223) Pause Full (Allocation Failure) 123M->123M(123M) 81,377ms
[2021-04-30T09:37:00.877+0300][122,934s][info ][gc] GC(2224) Pause Full (Allocation Failure) 123M->123M(123M) 57,680ms
[2021-04-30T09:37:00.883+0300][122,939s][info ][gc] GC(2225) Pause Initial Mark 123M->123M(123M) 5,404ms
[2021-04-30T09:37:00.883+0300][122,939s][info ][gc] GC(2225) Concurrent Mark
[2021-04-30T09:37:00.904+0300][122,960s][debug][gc] GC(2225) Concurrent active time: 0,020ms
[2021-04-30T09:37:00.904+0300][122,960s][info ][gc] GC(2225) Concurrent Mark 21,075ms
[2021-04-30T09:37:00.904+0300][122,960s][debug][gc] GC(2226) Concurrent mode failure
[2021-04-30T09:37:00.966+0300][123,023s][info ][gc] GC(2226) Pause Full (Allocation Failure) 123M->123M(123M) 82,760ms
[2021-04-30T09:37:01.027+0300][123,083s][info ][gc] GC(2227) Pause Full (Allocation Failure) 123M->123M(123M) 59,858ms
[2021-04-30T09:37:01.033+0300][123,089s][info ][gc] GC(2228) Pause Initial Mark 123M->123M(123M) 5,526ms
[2021-04-30T09:37:01.033+0300][123,089s][info ][gc] GC(2228) Concurrent Mark
[2021-04-30T09:37:01.059+0300][123,115s][debug][gc] GC(2228) Concurrent active time: 0,025ms
[2021-04-30T09:37:01.059+0300][123,115s][info ][gc] GC(2228) Concurrent Mark 26,267ms
[2021-04-30T09:37:01.059+0300][123,116s][debug][gc] GC(2229) Concurrent mode failure
[2021-04-30T09:37:01.119+0300][123,176s][info ][gc] GC(2229) Pause Full (Allocation Failure) 123M->123M(123M) 85,842ms
[2021-04-30T09:37:01.174+0300][123,231s][info ][gc] GC(2230) Pause Full (Allocation Failure) 123M->123M(123M) 54,719ms
[2021-04-30T09:37:01.180+0300][123,237s][info ][gc] GC(2231) Pause Initial Mark 123M->123M(123M) 5,349ms
[2021-04-30T09:37:01.180+0300][123,237s][info ][gc] GC(2231) Concurrent Mark
[2021-04-30T09:37:01.206+0300][123,262s][debug][gc] GC(2231) Concurrent active time: 0,024ms
[2021-04-30T09:37:01.206+0300][123,262s][info ][gc] GC(2231) Concurrent Mark 25,621ms
[2021-04-30T09:37:01.206+0300][123,262s][debug][gc] GC(2232) Concurrent mode failure
[2021-04-30T09:37:01.263+0300][123,319s][info ][gc] GC(2232) Pause Full (Allocation Failure) 123M->123M(123M) 82,155ms
[2021-04-30T09:37:01.316+0300][123,373s][info ][gc] GC(2233) Pause Full (Allocation Failure) 123M->123M(123M) 53,140ms
[2021-04-30T09:37:01.322+0300][123,378s][info ][gc] GC(2234) Pause Initial Mark 123M->123M(123M) 5,260ms
[2021-04-30T09:37:01.322+0300][123,379s][info ][gc] GC(2234) Concurrent Mark
[2021-04-30T09:37:01.349+0300][123,405s][debug][gc] GC(2234) Concurrent active time: 0,026ms
[2021-04-30T09:37:01.349+0300][123,405s][info ][gc] GC(2234) Concurrent Mark 26,797ms
[2021-04-30T09:37:01.349+0300][123,405s][debug][gc] GC(2235) Concurrent mode failure
[2021-04-30T09:37:01.407+0300][123,464s][info ][gc] GC(2235) Pause Full (Allocation Failure) 123M->123M(123M) 84,581ms
[2021-04-30T09:37:01.461+0300][123,517s][info ][gc] GC(2236) Pause Full (Allocation Failure) 123M->123M(123M) 53,215ms
[2021-04-30T09:37:01.466+0300][123,523s][info ][gc] GC(2237) Pause Initial Mark 123M->123M(123M) 5,187ms
[2021-04-30T09:37:01.466+0300][123,523s][info ][gc] GC(2237) Concurrent Mark
[2021-04-30T09:37:01.492+0300][123,549s][debug][gc] GC(2237) Concurrent active time: 0,025ms
[2021-04-30T09:37:01.492+0300][123,549s][info ][gc] GC(2237) Concurrent Mark 25,858ms
[2021-04-30T09:37:01.492+0300][123,549s][debug][gc] GC(2238) Concurrent mode failure
[2021-04-30T09:37:01.546+0300][123,602s][info ][gc] GC(2238) Pause Full (Allocation Failure) 123M->123M(123M) 78,870ms
[2021-04-30T09:37:01.599+0300][123,655s][info ][gc] GC(2239) Pause Full (Allocation Failure) 123M->123M(123M) 52,512ms
[2021-04-30T09:37:01.604+0300][123,661s][info ][gc] GC(2240) Pause Initial Mark 123M->123M(123M) 5,283ms
[2021-04-30T09:37:01.604+0300][123,661s][info ][gc] GC(2240) Concurrent Mark
[2021-04-30T09:37:01.630+0300][123,686s][debug][gc] GC(2240) Concurrent active time: 0,025ms
[2021-04-30T09:37:01.630+0300][123,686s][info ][gc] GC(2240) Concurrent Mark 25,760ms
[2021-04-30T09:37:01.630+0300][123,687s][debug][gc] GC(2241) Concurrent mode failure
[2021-04-30T09:37:01.684+0300][123,741s][info ][gc] GC(2241) Pause Full (Allocation Failure) 123M->123M(123M) 79,468ms
[2021-04-30T09:37:01.739+0300][123,796s][info ][gc] GC(2242) Pause Full (Allocation Failure) 123M->123M(123M) 54,505ms
[2021-04-30T09:37:01.745+0300][123,801s][info ][gc] GC(2243) Pause Initial Mark 123M->123M(123M) 5,400ms
[2021-04-30T09:37:01.745+0300][123,801s][info ][gc] GC(2243) Concurrent Mark
[2021-04-30T09:37:01.770+0300][123,827s][debug][gc] GC(2243) Concurrent active time: 0,024ms
[2021-04-30T09:37:01.770+0300][123,827s][info ][gc] GC(2243) Concurrent Mark 25,719ms
[2021-04-30T09:37:01.770+0300][123,827s][debug][gc] GC(2244) Concurrent mode failure
[2021-04-30T09:37:01.825+0300][123,882s][info ][gc] GC(2244) Pause Full (Allocation Failure) 123M->123M(123M) 80,120ms
[2021-04-30T09:37:01.881+0300][123,937s][info ][gc] GC(2245) Pause Full (Allocation Failure) 123M->123M(123M) 55,061ms
[2021-04-30T09:37:01.886+0300][123,943s][info ][gc] GC(2246) Pause Initial Mark 123M->123M(123M) 5,339ms
[2021-04-30T09:37:01.886+0300][123,943s][info ][gc] GC(2246) Concurrent Mark
[2021-04-30T09:37:01.908+0300][123,964s][debug][gc] GC(2246) Concurrent active time: 0,020ms
[2021-04-30T09:37:01.908+0300][123,964s][info ][gc] GC(2246) Concurrent Mark 21,095ms
[2021-04-30T09:37:01.908+0300][123,964s][debug][gc] GC(2247) Concurrent mode failure
[2021-04-30T09:37:01.973+0300][124,029s][info ][gc] GC(2247) Pause Full (Allocation Failure) 123M->123M(123M) 86,006ms
[2021-04-30T09:37:02.028+0300][124,085s][info ][gc] GC(2248) Pause Full (Allocation Failure) 123M->123M(123M) 55,280ms
[2021-04-30T09:37:02.083+0300][124,140s][info ][gc] GC(2249) Pause Full (Allocation Failure) 123M->123M(123M) 54,273ms
[2021-04-30T09:37:02.136+0300][124,192s][info ][gc] GC(2250) Pause Full (Allocation Failure) 123M->123M(123M) 52,644ms
[2021-04-30T09:37:02.141+0300][124,198s][info ][gc] GC(2251) Pause Initial Mark 123M->123M(123M) 5,367ms
[2021-04-30T09:37:02.142+0300][124,198s][info ][gc] GC(2251) Concurrent Mark
[2021-04-30T09:37:02.164+0300][124,221s][debug][gc] GC(2251) Concurrent active time: 0,022ms
[2021-04-30T09:37:02.164+0300][124,221s][info ][gc] GC(2251) Concurrent Mark 22,789ms
[2021-04-30T09:37:02.164+0300][124,221s][debug][gc] GC(2252) Concurrent mode failure
[2021-04-30T09:37:02.217+0300][124,274s][info ][gc] GC(2252) Pause Full (Allocation Failure) 123M->123M(123M) 75,376ms
[2021-04-30T09:37:02.272+0300][124,329s][info ][gc] GC(2253) Pause Full (Allocation Failure) 123M->123M(123M) 54,364ms
[2021-04-30T09:37:02.278+0300][124,334s][info ][gc] GC(2254) Pause Initial Mark 123M->123M(123M) 5,423ms
[2021-04-30T09:37:02.278+0300][124,334s][info ][gc] GC(2254) Concurrent Mark
[2021-04-30T09:37:02.299+0300][124,356s][debug][gc] GC(2254) Concurrent active time: 0,020ms
[2021-04-30T09:37:02.299+0300][124,356s][info ][gc] GC(2254) Concurrent Mark 21,332ms
[2021-04-30T09:37:02.299+0300][124,356s][debug][gc] GC(2255) Concurrent mode failure
[2021-04-30T09:37:02.352+0300][124,409s][info ][gc] GC(2255) Pause Full (Allocation Failure) 123M->123M(123M) 74,158ms
[2021-04-30T09:37:02.407+0300][124,463s][info ][gc] GC(2256) Pause Full (Allocation Failure) 123M->123M(123M) 53,666ms
[2021-04-30T09:37:02.412+0300][124,469s][info ][gc] GC(2257) Pause Initial Mark 123M->123M(123M) 5,181ms
[2021-04-30T09:37:02.412+0300][124,469s][info ][gc] GC(2257) Concurrent Mark
[2021-04-30T09:37:02.436+0300][124,492s][debug][gc] GC(2257) Concurrent active time: 0,022ms
[2021-04-30T09:37:02.436+0300][124,492s][info ][gc] GC(2257) Concurrent Mark 23,194ms
[2021-04-30T09:37:02.436+0300][124,492s][debug][gc] GC(2258) Concurrent mode failure
[2021-04-30T09:37:02.489+0300][124,545s][info ][gc] GC(2258) Pause Full (Allocation Failure) 123M->123M(123M) 75,854ms
[2021-04-30T09:37:02.545+0300][124,601s][info ][gc] GC(2259) Pause Full (Allocation Failure) 123M->123M(123M) 55,424ms
[2021-04-30T09:37:02.550+0300][124,607s][info ][gc] GC(2260) Pause Initial Mark 123M->123M(123M) 5,366ms
[2021-04-30T09:37:02.550+0300][124,607s][info ][gc] GC(2260) Concurrent Mark
[2021-04-30T09:37:02.576+0300][124,633s][debug][gc] GC(2260) Concurrent active time: 0,025ms
[2021-04-30T09:37:02.576+0300][124,633s][info ][gc] GC(2260) Concurrent Mark 25,703ms
[2021-04-30T09:37:02.576+0300][124,633s][debug][gc] GC(2261) Concurrent mode failure
[2021-04-30T09:37:02.629+0300][124,685s][info ][gc] GC(2261) Pause Full (Allocation Failure) 123M->123M(123M) 77,768ms
[2021-04-30T09:37:02.684+0300][124,741s][info ][gc] GC(2262) Pause Full (Allocation Failure) 123M->123M(123M) 55,025ms
[2021-04-30T09:37:02.690+0300][124,747s][info ][gc] GC(2263) Pause Initial Mark 123M->123M(123M) 5,667ms
[2021-04-30T09:37:02.690+0300][124,747s][info ][gc] GC(2263) Concurrent Mark
[2021-04-30T09:37:02.720+0300][124,777s][debug][gc] GC(2263) Concurrent active time: 0,029ms
[2021-04-30T09:37:02.720+0300][124,777s][info ][gc] GC(2263) Concurrent Mark 29,769ms
[2021-04-30T09:37:02.720+0300][124,777s][debug][gc] GC(2264) Concurrent mode failure
[2021-04-30T09:37:02.778+0300][124,834s][info ][gc] GC(2264) Pause Full (Allocation Failure) 123M->123M(123M) 87,086ms
[2021-04-30T09:37:02.836+0300][124,893s][info ][gc] GC(2265) Pause Full (Allocation Failure) 123M->123M(123M) 57,824ms
[2021-04-30T09:37:02.842+0300][124,899s][info ][gc] GC(2266) Pause Initial Mark 123M->123M(123M) 5,860ms
[2021-04-30T09:37:02.842+0300][124,899s][info ][gc] GC(2266) Concurrent Mark
[2021-04-30T09:37:02.863+0300][124,920s][debug][gc] GC(2266) Concurrent active time: 0,020ms
[2021-04-30T09:37:02.864+0300][124,920s][info ][gc] GC(2266) Concurrent Mark 21,073ms
[2021-04-30T09:37:02.864+0300][124,920s][debug][gc] GC(2267) Concurrent mode failure
[2021-04-30T09:37:02.917+0300][124,973s][info ][gc] GC(2267) Pause Full (Allocation Failure) 123M->123M(123M) 73,611ms
[2021-04-30T09:37:02.973+0300][125,030s][info ][gc] GC(2268) Pause Full (Allocation Failure) 123M->123M(123M) 56,066ms
[2021-04-30T09:37:02.979+0300][125,036s][info ][gc] GC(2269) Pause Initial Mark 123M->123M(123M) 5,831ms
[2021-04-30T09:37:02.979+0300][125,036s][info ][gc] GC(2269) Concurrent Mark
[2021-04-30T09:37:03.000+0300][125,057s][debug][gc] GC(2269) Concurrent active time: 0,020ms
[2021-04-30T09:37:03.000+0300][125,057s][info ][gc] GC(2269) Concurrent Mark 21,061ms
[2021-04-30T09:37:03.001+0300][125,057s][debug][gc] GC(2270) Concurrent mode failure
[2021-04-30T09:37:03.055+0300][125,111s][info ][gc] GC(2270) Pause Full (Allocation Failure) 123M->123M(123M) 75,019ms
[2021-04-30T09:37:03.110+0300][125,167s][info ][gc] GC(2271) Pause Full (Allocation Failure) 123M->123M(123M) 55,080ms
[2021-04-30T09:37:03.116+0300][125,172s][info ][gc] GC(2272) Pause Initial Mark 123M->123M(123M) 5,291ms
[2021-04-30T09:37:03.116+0300][125,173s][info ][gc] GC(2272) Concurrent Mark
[2021-04-30T09:37:03.141+0300][125,198s][debug][gc] GC(2272) Concurrent active time: 0,024ms
[2021-04-30T09:37:03.141+0300][125,198s][info ][gc] GC(2272) Concurrent Mark 25,279ms
[2021-04-30T09:37:03.141+0300][125,198s][debug][gc] GC(2273) Concurrent mode failure
[2021-04-30T09:37:03.195+0300][125,251s][info ][gc] GC(2273) Pause Full (Allocation Failure) 123M->123M(123M) 78,510ms
[2021-04-30T09:37:03.264+0300][125,320s][info ][gc] GC(2274) Pause Full (Allocation Failure) 123M->123M(123M) 68,418ms
[2021-04-30T09:37:03.270+0300][125,327s][info ][gc] GC(2275) Pause Initial Mark 123M->123M(123M) 6,266ms
[2021-04-30T09:37:03.270+0300][125,327s][info ][gc] GC(2275) Concurrent Mark
[2021-04-30T09:37:03.293+0300][125,349s][debug][gc] GC(2275) Concurrent active time: 0,021ms
[2021-04-30T09:37:03.293+0300][125,349s][info ][gc] GC(2275) Concurrent Mark 22,453ms
[2021-04-30T09:37:03.293+0300][125,349s][debug][gc] GC(2276) Concurrent mode failure
[2021-04-30T09:37:03.355+0300][125,411s][info ][gc] GC(2276) Pause Full (Allocation Failure) 123M->123M(123M) 83,897ms
[2021-04-30T09:37:03.416+0300][125,472s][info ][gc] GC(2277) Pause Full (Allocation Failure) 123M->123M(123M) 60,140ms
[2021-04-30T09:37:03.421+0300][125,478s][info ][gc] GC(2278) Pause Initial Mark 123M->123M(123M) 5,476ms
[2021-04-30T09:37:03.421+0300][125,478s][info ][gc] GC(2278) Concurrent Mark
[2021-04-30T09:37:03.449+0300][125,505s][debug][gc] GC(2278) Concurrent active time: 0,026ms
[2021-04-30T09:37:03.449+0300][125,505s][info ][gc] GC(2278) Concurrent Mark 27,463ms
[2021-04-30T09:37:03.449+0300][125,506s][debug][gc] GC(2279) Concurrent mode failure
[2021-04-30T09:37:03.506+0300][125,562s][info ][gc] GC(2279) Pause Full (Allocation Failure) 123M->123M(123M) 84,008ms
[2021-04-30T09:37:03.559+0300][125,615s][info ][gc] GC(2280) Pause Full (Allocation Failure) 123M->123M(123M) 52,343ms
[2021-04-30T09:37:03.564+0300][125,621s][info ][gc] GC(2281) Pause Initial Mark 123M->123M(123M) 5,476ms
[2021-04-30T09:37:03.564+0300][125,621s][info ][gc] GC(2281) Concurrent Mark
[2021-04-30T09:37:03.590+0300][125,646s][debug][gc] GC(2281) Concurrent active time: 0,024ms
[2021-04-30T09:37:03.590+0300][125,646s][info ][gc] GC(2281) Concurrent Mark 25,317ms
[2021-04-30T09:37:03.590+0300][125,646s][debug][gc] GC(2282) Concurrent mode failure
[2021-04-30T09:37:03.644+0300][125,700s][info ][gc] GC(2282) Pause Full (Allocation Failure) 123M->123M(123M) 78,787ms
[2021-04-30T09:37:03.697+0300][125,753s][info ][gc] GC(2283) Pause Full (Allocation Failure) 123M->123M(123M) 52,593ms
[2021-04-30T09:37:03.702+0300][125,759s][info ][gc] GC(2284) Pause Initial Mark 123M->123M(123M) 5,294ms
[2021-04-30T09:37:03.702+0300][125,759s][info ][gc] GC(2284) Concurrent Mark
[2021-04-30T09:37:03.729+0300][125,786s][debug][gc] GC(2284) Concurrent active time: 0,026ms
[2021-04-30T09:37:03.729+0300][125,786s][info ][gc] GC(2284) Concurrent Mark 27,088ms
[2021-04-30T09:37:03.729+0300][125,786s][debug][gc] GC(2285) Concurrent mode failure
[2021-04-30T09:37:03.783+0300][125,839s][info ][gc] GC(2285) Pause Full (Allocation Failure) 123M->123M(123M) 80,111ms
[2021-04-30T09:37:03.837+0300][125,893s][info ][gc] GC(2286) Pause Full (Allocation Failure) 123M->123M(123M) 53,653ms
[2021-04-30T09:37:03.842+0300][125,899s][info ][gc] GC(2287) Pause Initial Mark 123M->123M(123M) 5,491ms
[2021-04-30T09:37:03.842+0300][125,899s][info ][gc] GC(2287) Concurrent Mark
[2021-04-30T09:37:03.864+0300][125,921s][debug][gc] GC(2287) Concurrent active time: 0,021ms
[2021-04-30T09:37:03.864+0300][125,921s][info ][gc] GC(2287) Concurrent Mark 21,731ms
[2021-04-30T09:37:03.864+0300][125,921s][debug][gc] GC(2288) Concurrent mode failure
[2021-04-30T09:37:03.918+0300][125,975s][info ][gc] GC(2288) Pause Full (Allocation Failure) 123M->123M(123M) 75,771ms
[2021-04-30T09:37:03.974+0300][126,030s][info ][gc] GC(2289) Pause Full (Allocation Failure) 123M->123M(123M) 55,044ms
[2021-04-30T09:37:03.979+0300][126,036s][info ][gc] GC(2290) Pause Initial Mark 123M->123M(123M) 5,330ms
[2021-04-30T09:37:03.979+0300][126,036s][info ][gc] GC(2290) Concurrent Mark
[2021-04-30T09:37:04.000+0300][126,056s][debug][gc] GC(2290) Concurrent active time: 0,019ms
[2021-04-30T09:37:04.000+0300][126,056s][info ][gc] GC(2290) Concurrent Mark 20,595ms
[2021-04-30T09:37:04.000+0300][126,057s][debug][gc] GC(2291) Concurrent mode failure
[2021-04-30T09:37:04.054+0300][126,110s][info ][gc] GC(2291) Pause Full (Allocation Failure) 123M->123M(123M) 73,973ms
[2021-04-30T09:37:04.106+0300][126,163s][info ][gc] GC(2292) Pause Full (Allocation Failure) 123M->123M(123M) 52,211ms
[2021-04-30T09:37:04.164+0300][126,221s][info ][gc] GC(2293) Pause Full (Allocation Failure) 123M->123M(123M) 58,121ms
[2021-04-30T09:37:04.218+0300][126,274s][info ][gc] GC(2294) Pause Full (Allocation Failure) 123M->123M(123M) 53,141ms
[2021-04-30T09:37:04.271+0300][126,327s][info ][gc] GC(2295) Pause Full (Allocation Failure) 123M->123M(123M) 52,683ms
[2021-04-30T09:37:04.324+0300][126,381s][info ][gc] GC(2296) Pause Full (Allocation Failure) 123M->123M(123M) 53,527ms
[2021-04-30T09:37:04.377+0300][126,434s][info ][gc] GC(2297) Pause Full (Allocation Failure) 123M->123M(123M) 52,754ms
[2021-04-30T09:37:04.431+0300][126,488s][info ][gc] GC(2298) Pause Full (Allocation Failure) 123M->123M(123M) 53,786ms
[2021-04-30T09:37:04.484+0300][126,541s][info ][gc] GC(2299) Pause Full (Allocation Failure) 123M->123M(123M) 52,724ms
[2021-04-30T09:37:04.537+0300][126,594s][info ][gc] GC(2300) Pause Full (Allocation Failure) 123M->123M(123M) 52,740ms
[2021-04-30T09:37:04.591+0300][126,648s][info ][gc] GC(2301) Pause Full (Allocation Failure) 123M->123M(123M) 53,426ms
[2021-04-30T09:37:04.644+0300][126,700s][info ][gc] GC(2303) Pause Full (Allocation Failure) 123M->123M(123M) 52,570ms
[2021-04-30T09:37:04.698+0300][126,754s][info ][gc] GC(2304) Pause Full (Allocation Failure) 123M->123M(123M) 53,674ms
[2021-04-30T09:37:04.751+0300][126,807s][info ][gc] GC(2305) Pause Full (Allocation Failure) 123M->123M(123M) 53,025ms
[2021-04-30T09:37:04.804+0300][126,861s][info ][gc] GC(2306) Pause Full (Allocation Failure) 123M->123M(123M) 52,873ms
[2021-04-30T09:37:04.810+0300][126,866s][info ][gc] GC(2302) Pause Initial Mark 123M->123M(123M) 5,665ms
[2021-04-30T09:37:04.810+0300][126,867s][info ][gc] GC(2302) Concurrent Mark
[2021-04-30T09:37:04.831+0300][126,888s][debug][gc] GC(2302) Concurrent active time: 0,020ms
[2021-04-30T09:37:04.831+0300][126,888s][info ][gc] GC(2302) Concurrent Mark 21,306ms
[2021-04-30T09:37:04.831+0300][126,888s][debug][gc] GC(2307) Concurrent mode failure
[2021-04-30T09:37:04.886+0300][126,942s][info ][gc] GC(2307) Pause Full (Allocation Failure) 123M->123M(123M) 75,500ms
[2021-04-30T09:37:04.941+0300][126,997s][info ][gc] GC(2308) Pause Full (Allocation Failure) 123M->123M(123M) 54,579ms
[2021-04-30T09:37:04.996+0300][127,052s][info ][gc] GC(2310) Pause Full (Allocation Failure) 123M->123M(123M) 55,053ms
[2021-04-30T09:37:05.049+0300][127,105s][info ][gc] GC(2311) Pause Full (Allocation Failure) 123M->123M(123M) 52,493ms
[2021-04-30T09:37:05.102+0300][127,158s][info ][gc] GC(2312) Pause Full (Allocation Failure) 123M->123M(123M) 53,036ms
[2021-04-30T09:37:05.176+0300][127,232s][info ][gc] GC(2313) Pause Full (Allocation Failure) 123M->123M(123M) 73,837ms
[2021-04-30T09:37:05.182+0300][127,238s][info ][gc] GC(2309) Pause Initial Mark 123M->123M(123M) 5,523ms
[2021-04-30T09:37:05.182+0300][127,238s][info ][gc] GC(2309) Concurrent Mark
[2021-04-30T09:37:05.207+0300][127,264s][debug][gc] GC(2309) Concurrent active time: 0,025ms
[2021-04-30T09:37:05.207+0300][127,264s][info ][gc] GC(2309) Concurrent Mark 25,642ms
[2021-04-30T09:37:05.207+0300][127,264s][debug][gc] GC(2314) Concurrent mode failure
[2021-04-30T09:37:05.285+0300][127,341s][info ][gc] GC(2314) Pause Full (Allocation Failure) 123M->123M(123M) 102,315ms
[2021-04-30T09:37:05.349+0300][127,406s][info ][gc] GC(2315) Pause Full (Allocation Failure) 123M->123M(123M) 64,153ms
[2021-04-30T09:37:05.355+0300][127,412s][info ][gc] GC(2316) Pause Initial Mark 123M->123M(123M) 5,599ms
[2021-04-30T09:37:05.355+0300][127,412s][info ][gc] GC(2316) Concurrent Mark
[2021-04-30T09:37:05.382+0300][127,439s][debug][gc] GC(2316) Concurrent active time: 0,026ms
[2021-04-30T09:37:05.382+0300][127,439s][info ][gc] GC(2316) Concurrent Mark 27,038ms
[2021-04-30T09:37:05.382+0300][127,439s][debug][gc] GC(2317) Concurrent mode failure
[2021-04-30T09:37:05.436+0300][127,493s][info ][gc] GC(2317) Pause Full (Allocation Failure) 123M->123M(123M) 80,939ms
[2021-04-30T09:37:05.492+0300][127,549s][info ][gc] GC(2318) Pause Full (Allocation Failure) 123M->123M(123M) 55,757ms
[2021-04-30T09:37:05.498+0300][127,555s][info ][gc] GC(2319) Pause Initial Mark 123M->123M(123M) 5,476ms
[2021-04-30T09:37:05.498+0300][127,555s][info ][gc] GC(2319) Concurrent Mark
[2021-04-30T09:37:05.525+0300][127,581s][debug][gc] GC(2319) Concurrent active time: 0,025ms
[2021-04-30T09:37:05.525+0300][127,581s][info ][gc] GC(2319) Concurrent Mark 26,559ms
[2021-04-30T09:37:05.525+0300][127,582s][debug][gc] GC(2320) Concurrent mode failure
[2021-04-30T09:37:05.582+0300][127,639s][info ][gc] GC(2320) Pause Full (Allocation Failure) 123M->123M(123M) 83,156ms
[2021-04-30T09:37:05.638+0300][127,695s][info ][gc] GC(2321) Pause Full (Allocation Failure) 123M->123M(123M) 55,937ms
[2021-04-30T09:37:05.644+0300][127,701s][info ][gc] GC(2322) Pause Initial Mark 123M->123M(123M) 5,507ms
[2021-04-30T09:37:05.644+0300][127,701s][info ][gc] GC(2322) Concurrent Mark
[2021-04-30T09:37:05.671+0300][127,727s][debug][gc] GC(2322) Concurrent active time: 0,025ms
[2021-04-30T09:37:05.671+0300][127,727s][info ][gc] GC(2322) Concurrent Mark 26,389ms
[2021-04-30T09:37:05.671+0300][127,727s][debug][gc] GC(2323) Concurrent mode failure
[2021-04-30T09:37:05.725+0300][127,781s][info ][gc] GC(2323) Pause Full (Allocation Failure) 123M->123M(123M) 80,032ms
[2021-04-30T09:37:05.781+0300][127,837s][info ][gc] GC(2324) Pause Full (Allocation Failure) 123M->123M(123M) 55,990ms
[2021-04-30T09:37:05.787+0300][127,843s][info ][gc] GC(2325) Pause Initial Mark 123M->123M(123M) 5,380ms
[2021-04-30T09:37:05.787+0300][127,843s][info ][gc] GC(2325) Concurrent Mark
[2021-04-30T09:37:05.811+0300][127,868s][debug][gc] GC(2325) Concurrent active time: 0,023ms
[2021-04-30T09:37:05.811+0300][127,868s][info ][gc] GC(2325) Concurrent Mark 24,537ms
[2021-04-30T09:37:05.811+0300][127,868s][debug][gc] GC(2326) Concurrent mode failure
[2021-04-30T09:37:05.866+0300][127,922s][info ][gc] GC(2326) Pause Full (Allocation Failure) 123M->123M(123M) 79,013ms
[2021-04-30T09:37:05.921+0300][127,978s][info ][gc] GC(2327) Pause Full (Allocation Failure) 123M->123M(123M) 55,013ms
[2021-04-30T09:37:05.927+0300][127,983s][info ][gc] GC(2328) Pause Initial Mark 123M->123M(123M) 5,412ms
[2021-04-30T09:37:05.927+0300][127,984s][info ][gc] GC(2328) Concurrent Mark
[2021-04-30T09:37:05.949+0300][128,006s][debug][gc] GC(2328) Concurrent active time: 0,021ms
[2021-04-30T09:37:05.949+0300][128,006s][info ][gc] GC(2328) Concurrent Mark 21,991ms
[2021-04-30T09:37:05.949+0300][128,006s][debug][gc] GC(2329) Concurrent mode failure
[2021-04-30T09:37:06.004+0300][128,060s][info ][gc] GC(2329) Pause Full (Allocation Failure) 123M->123M(123M) 76,240ms
[2021-04-30T09:37:06.059+0300][128,115s][info ][gc] GC(2330) Pause Full (Allocation Failure) 123M->123M(123M) 55,032ms
[2021-04-30T09:37:06.135+0300][128,192s][info ][gc] GC(2331) Pause Full (Allocation Failure) 123M->123M(123M) 76,422ms
[2021-04-30T09:37:06.194+0300][128,250s][info ][gc] GC(2332) Pause Full (Allocation Failure) 123M->123M(123M) 58,037ms
[2021-04-30T09:37:06.200+0300][128,256s][info ][gc] GC(2333) Pause Initial Mark 123M->123M(123M) 5,509ms
[2021-04-30T09:37:06.200+0300][128,256s][info ][gc] GC(2333) Concurrent Mark
[2021-04-30T09:37:06.221+0300][128,277s][debug][gc] GC(2333) Concurrent active time: 0,020ms
[2021-04-30T09:37:06.221+0300][128,277s][info ][gc] GC(2333) Concurrent Mark 20,982ms
[2021-04-30T09:37:06.221+0300][128,277s][debug][gc] GC(2334) Concurrent mode failure
[2021-04-30T09:37:06.278+0300][128,335s][info ][gc] GC(2334) Pause Full (Allocation Failure) 123M->123M(123M) 78,146ms
[2021-04-30T09:37:06.333+0300][128,390s][info ][gc] GC(2335) Pause Full (Allocation Failure) 123M->123M(123M) 55,110ms
[2021-04-30T09:37:06.387+0300][128,444s][info ][gc] GC(2336) Pause Full (Allocation Failure) 123M->123M(123M) 53,456ms
[2021-04-30T09:37:06.441+0300][128,498s][info ][gc] GC(2337) Pause Full (Allocation Failure) 123M->123M(123M) 53,997ms
[2021-04-30T09:37:06.495+0300][128,551s][info ][gc] GC(2338) Pause Full (Allocation Failure) 123M->123M(123M) 53,312ms
[2021-04-30T09:37:06.549+0300][128,606s][info ][gc] GC(2339) Pause Full (Allocation Failure) 123M->123M(123M) 53,953ms
[2021-04-30T09:37:06.602+0300][128,658s][info ][gc] GC(2340) Pause Full (Allocation Failure) 123M->123M(123M) 52,766ms
[2021-04-30T09:37:06.666+0300][128,722s][info ][gc] GC(2341) Pause Full (Allocation Failure) 123M->123M(123M) 63,365ms
[2021-04-30T09:37:06.672+0300][128,728s][info ][gc] GC(2342) Pause Initial Mark 123M->123M(123M) 5,787ms
[2021-04-30T09:37:06.672+0300][128,728s][info ][gc] GC(2342) Concurrent Mark
[2021-04-30T09:37:06.699+0300][128,756s][debug][gc] GC(2342) Concurrent active time: 0,027ms
[2021-04-30T09:37:06.699+0300][128,756s][info ][gc] GC(2342) Concurrent Mark 27,766ms
[2021-04-30T09:37:06.700+0300][128,756s][debug][gc] GC(2343) Concurrent mode failure
[2021-04-30T09:37:06.754+0300][128,810s][info ][gc] GC(2343) Pause Full (Allocation Failure) 123M->123M(123M) 81,588ms
[2021-04-30T09:37:06.809+0300][128,866s][info ][gc] GC(2344) Pause Full (Allocation Failure) 123M->123M(123M) 55,112ms
[2021-04-30T09:37:06.863+0300][128,919s][info ][gc] GC(2346) Pause Full (Allocation Failure) 123M->123M(123M) 53,442ms
[2021-04-30T09:37:06.922+0300][128,979s][info ][gc] GC(2347) Pause Full (Allocation Failure) 123M->123M(123M) 59,279ms
[2021-04-30T09:37:06.928+0300][128,985s][info ][gc] GC(2345) Pause Initial Mark 123M->123M(123M) 5,648ms
[2021-04-30T09:37:06.928+0300][128,985s][info ][gc] GC(2345) Concurrent Mark
[2021-04-30T09:37:06.955+0300][129,011s][debug][gc] GC(2345) Concurrent active time: 0,025ms
[2021-04-30T09:37:06.955+0300][129,011s][info ][gc] GC(2345) Concurrent Mark 26,518ms
[2021-04-30T09:37:06.955+0300][129,012s][debug][gc] GC(2348) Concurrent mode failure
[2021-04-30T09:37:07.020+0300][129,076s][info ][gc] GC(2348) Pause Full (Allocation Failure) 123M->123M(123M) 91,082ms
[2021-04-30T09:37:07.076+0300][129,132s][info ][gc] GC(2349) Pause Full (Allocation Failure) 123M->123M(123M) 55,502ms
[2021-04-30T09:37:07.081+0300][129,138s][info ][gc] GC(2350) Pause Initial Mark 123M->123M(123M) 5,357ms
[2021-04-30T09:37:07.081+0300][129,138s][info ][gc] GC(2350) Concurrent Mark
[2021-04-30T09:37:07.102+0300][129,158s][debug][gc] GC(2350) Concurrent active time: 0,019ms
[2021-04-30T09:37:07.102+0300][129,158s][info ][gc] GC(2350) Concurrent Mark 20,405ms
[2021-04-30T09:37:07.102+0300][129,158s][debug][gc] GC(2351) Concurrent mode failure
[2021-04-30T09:37:07.156+0300][129,212s][info ][gc] GC(2351) Pause Full (Allocation Failure) 123M->123M(123M) 74,171ms
[2021-04-30T09:37:07.213+0300][129,269s][info ][gc] GC(2352) Pause Full (Allocation Failure) 123M->123M(123M) 56,654ms
[2021-04-30T09:37:07.218+0300][129,275s][info ][gc] GC(2353) Pause Initial Mark 123M->123M(123M) 5,371ms
[2021-04-30T09:37:07.219+0300][129,275s][info ][gc] GC(2353) Concurrent Mark
[2021-04-30T09:37:07.239+0300][129,296s][debug][gc] GC(2353) Concurrent active time: 0,019ms
[2021-04-30T09:37:07.239+0300][129,296s][info ][gc] GC(2353) Concurrent Mark 20,485ms
[2021-04-30T09:37:07.239+0300][129,296s][debug][gc] GC(2354) Concurrent mode failure
[2021-04-30T09:37:07.297+0300][129,353s][info ][gc] GC(2354) Pause Full (Allocation Failure) 123M->123M(123M) 77,845ms
[2021-04-30T09:37:07.362+0300][129,419s][info ][gc] GC(2355) Pause Full (Allocation Failure) 123M->123M(123M) 65,196ms
[2021-04-30T09:37:07.428+0300][129,485s][info ][gc] GC(2356) Pause Full (Allocation Failure) 123M->123M(123M) 65,579ms
[2021-04-30T09:37:07.484+0300][129,541s][info ][gc] GC(2358) Pause Full (Allocation Failure) 123M->123M(123M) 56,122ms
[2021-04-30T09:37:07.538+0300][129,595s][info ][gc] GC(2359) Pause Full (Allocation Failure) 123M->123M(123M) 53,590ms
[2021-04-30T09:37:07.593+0300][129,650s][info ][gc] GC(2360) Pause Full (Allocation Failure) 123M->123M(123M) 54,947ms
[2021-04-30T09:37:07.649+0300][129,705s][info ][gc] GC(2361) Pause Full (Allocation Failure) 123M->123M(123M) 55,000ms
[2021-04-30T09:37:07.703+0300][129,759s][info ][gc] GC(2362) Pause Full (Allocation Failure) 123M->123M(123M) 53,838ms
[2021-04-30T09:37:07.758+0300][129,815s][info ][gc] GC(2363) Pause Full (Allocation Failure) 123M->123M(123M) 55,076ms
[2021-04-30T09:37:07.813+0300][129,869s][info ][gc] GC(2364) Pause Full (Allocation Failure) 123M->123M(123M) 54,755ms
[2021-04-30T09:37:07.819+0300][129,875s][info ][gc] GC(2357) Pause Initial Mark 123M->123M(123M) 5,613ms
[2021-04-30T09:37:07.819+0300][129,875s][info ][gc] GC(2357) Concurrent Mark
[2021-04-30T09:37:07.839+0300][129,896s][debug][gc] GC(2357) Concurrent active time: 0,019ms
[2021-04-30T09:37:07.840+0300][129,896s][info ][gc] GC(2357) Concurrent Mark 20,618ms
[2021-04-30T09:37:07.840+0300][129,896s][debug][gc] GC(2365) Concurrent mode failure
[2021-04-30T09:37:07.895+0300][129,951s][info ][gc] GC(2365) Pause Full (Allocation Failure) 123M->123M(123M) 75,508ms
[2021-04-30T09:37:07.951+0300][130,008s][info ][gc] GC(2366) Pause Full (Allocation Failure) 123M->123M(123M) 56,041ms
[2021-04-30T09:37:08.006+0300][130,062s][info ][gc] GC(2367) Pause Full (Allocation Failure) 123M->123M(123M) 54,726ms
[2021-04-30T09:37:08.012+0300][130,068s][info ][gc] GC(2368) Pause Initial Mark 123M->123M(123M) 5,459ms
[2021-04-30T09:37:08.012+0300][130,068s][info ][gc] GC(2368) Concurrent Mark
[2021-04-30T09:37:08.038+0300][130,094s][debug][gc] GC(2368) Concurrent active time: 0,025ms
[2021-04-30T09:37:08.038+0300][130,094s][info ][gc] GC(2368) Concurrent Mark 25,874ms
[2021-04-30T09:37:08.038+0300][130,094s][debug][gc] GC(2369) Concurrent mode failure
[2021-04-30T09:37:08.114+0300][130,171s][info ][gc] GC(2369) Pause Full (Allocation Failure) 123M->123M(123M) 102,462ms
[2021-04-30T09:37:08.169+0300][130,226s][info ][gc] GC(2370) Pause Full (Allocation Failure) 123M->123M(123M) 54,544ms
[2021-04-30T09:37:08.175+0300][130,232s][info ][gc] GC(2371) Pause Initial Mark 123M->123M(123M) 5,654ms
[2021-04-30T09:37:08.175+0300][130,232s][info ][gc] GC(2371) Concurrent Mark
[2021-04-30T09:37:08.199+0300][130,255s][debug][gc] GC(2371) Concurrent active time: 0,022ms
[2021-04-30T09:37:08.199+0300][130,255s][info ][gc] GC(2371) Concurrent Mark 23,293ms
[2021-04-30T09:37:08.199+0300][130,255s][debug][gc] GC(2372) Concurrent mode failure
[2021-04-30T09:37:08.255+0300][130,312s][info ][gc] GC(2372) Pause Full (Allocation Failure) 123M->123M(123M) 79,809ms
[2021-04-30T09:37:08.311+0300][130,368s][info ][gc] GC(2373) Pause Full (Allocation Failure) 123M->123M(123M) 55,407ms
[2021-04-30T09:37:08.367+0300][130,423s][info ][gc] GC(2374) Pause Full (Allocation Failure) 123M->123M(123M) 55,259ms
[2021-04-30T09:37:08.431+0300][130,488s][info ][gc] GC(2375) Pause Full (Allocation Failure) 123M->123M(123M) 64,071ms
[2021-04-30T09:37:08.486+0300][130,542s][info ][gc] GC(2376) Pause Full (Allocation Failure) 123M->123M(123M) 54,247ms
[2021-04-30T09:37:08.542+0300][130,599s][info ][gc] GC(2377) Pause Full (Allocation Failure) 123M->123M(123M) 56,493ms
[2021-04-30T09:37:08.596+0300][130,653s][info ][gc] GC(2378) Pause Full (Allocation Failure) 123M->123M(123M) 53,867ms
[2021-04-30T09:37:08.602+0300][130,659s][info ][gc] GC(2379) Pause Initial Mark 123M->123M(123M) 5,645ms
[2021-04-30T09:37:08.602+0300][130,659s][info ][gc] GC(2379) Concurrent Mark
[2021-04-30T09:37:08.623+0300][130,680s][debug][gc] GC(2379) Concurrent active time: 0,020ms
[2021-04-30T09:37:08.623+0300][130,680s][info ][gc] GC(2379) Concurrent Mark 20,937ms
[2021-04-30T09:37:08.624+0300][130,680s][debug][gc] GC(2380) Concurrent mode failure
[2021-04-30T09:37:08.682+0300][130,738s][info ][gc] GC(2380) Pause Full (Allocation Failure) 123M->123M(123M) 78,935ms
[2021-04-30T09:37:08.736+0300][130,793s][info ][gc] GC(2381) Pause Full (Allocation Failure) 123M->123M(123M) 54,404ms
[2021-04-30T09:37:08.742+0300][130,799s][info ][gc] GC(2382) Pause Initial Mark 123M->123M(123M) 5,603ms
[2021-04-30T09:37:08.742+0300][130,799s][info ][gc] GC(2382) Concurrent Mark
[2021-04-30T09:37:08.763+0300][130,819s][debug][gc] GC(2382) Concurrent active time: 0,019ms
[2021-04-30T09:37:08.763+0300][130,819s][info ][gc] GC(2382) Concurrent Mark 20,478ms
[2021-04-30T09:37:08.763+0300][130,820s][debug][gc] GC(2383) Concurrent mode failure
[2021-04-30T09:37:08.818+0300][130,875s][info ][gc] GC(2383) Pause Full (Allocation Failure) 123M->123M(123M) 75,810ms
[2021-04-30T09:37:08.873+0300][130,930s][info ][gc] GC(2384) Pause Full (Allocation Failure) 123M->123M(123M) 54,458ms
[2021-04-30T09:37:08.932+0300][130,988s][info ][gc] GC(2385) Pause Full (Allocation Failure) 123M->123M(123M) 58,312ms
[2021-04-30T09:37:09.003+0300][131,060s][info ][gc] GC(2386) Pause Full (Allocation Failure) 123M->123M(123M) 70,918ms
[2021-04-30T09:37:09.009+0300][131,066s][info ][gc] GC(2387) Pause Initial Mark 123M->123M(123M) 5,793ms
[2021-04-30T09:37:09.009+0300][131,066s][info ][gc] GC(2387) Concurrent Mark
[2021-04-30T09:37:09.030+0300][131,087s][debug][gc] GC(2387) Concurrent active time: 0,020ms
[2021-04-30T09:37:09.030+0300][131,087s][info ][gc] GC(2387) Concurrent Mark 21,023ms
[2021-04-30T09:37:09.030+0300][131,087s][debug][gc] GC(2388) Concurrent mode failure
[2021-04-30T09:37:09.090+0300][131,147s][info ][gc] GC(2388) Pause Full (Allocation Failure) 123M->123M(123M) 80,626ms
[2021-04-30T09:37:09.146+0300][131,202s][info ][gc] GC(2389) Pause Full (Allocation Failure) 123M->123M(123M) 55,138ms
[2021-04-30T09:37:09.152+0300][131,208s][info ][gc] GC(2390) Pause Initial Mark 123M->123M(123M) 5,847ms
[2021-04-30T09:37:09.152+0300][131,209s][info ][gc] GC(2390) Concurrent Mark
[2021-04-30T09:37:09.175+0300][131,231s][debug][gc] GC(2390) Concurrent active time: 0,022ms
[2021-04-30T09:37:09.175+0300][131,231s][info ][gc] GC(2390) Concurrent Mark 22,805ms
[2021-04-30T09:37:09.175+0300][131,231s][debug][gc] GC(2391) Concurrent mode failure
[2021-04-30T09:37:09.229+0300][131,286s][info ][gc] GC(2391) Pause Full (Allocation Failure) 123M->123M(123M) 76,560ms
[2021-04-30T09:37:09.284+0300][131,341s][info ][gc] GC(2392) Pause Full (Allocation Failure) 123M->123M(123M) 55,073ms
[2021-04-30T09:37:09.341+0300][131,398s][info ][gc] GC(2393) Pause Full (Allocation Failure) 123M->123M(123M) 56,420ms
[2021-04-30T09:37:09.347+0300][131,404s][info ][gc] GC(2394) Pause Initial Mark 123M->123M(123M) 5,675ms
[2021-04-30T09:37:09.347+0300][131,404s][info ][gc] GC(2394) Concurrent Mark
[2021-04-30T09:37:09.368+0300][131,425s][debug][gc] GC(2394) Concurrent active time: 0,020ms
[2021-04-30T09:37:09.368+0300][131,425s][info ][gc] GC(2394) Concurrent Mark 20,853ms
[2021-04-30T09:37:09.368+0300][131,425s][debug][gc] GC(2395) Concurrent mode failure
[2021-04-30T09:37:09.424+0300][131,481s][info ][gc] GC(2395) Pause Full (Allocation Failure) 123M->123M(123M) 76,771ms
[2021-04-30T09:37:09.482+0300][131,538s][info ][gc] GC(2396) Pause Full (Allocation Failure) 123M->123M(123M) 57,128ms
[2021-04-30T09:37:09.536+0300][131,593s][info ][gc] GC(2397) Pause Full (Allocation Failure) 123M->123M(123M) 53,925ms
[2021-04-30T09:37:09.542+0300][131,599s][info ][gc] GC(2398) Pause Initial Mark 123M->123M(123M) 5,820ms
[2021-04-30T09:37:09.542+0300][131,599s][info ][gc] GC(2398) Concurrent Mark
[2021-04-30T09:37:09.565+0300][131,622s][debug][gc] GC(2398) Concurrent active time: 0,022ms
[2021-04-30T09:37:09.565+0300][131,622s][info ][gc] GC(2398) Concurrent Mark 23,288ms
[2021-04-30T09:37:09.565+0300][131,622s][debug][gc] GC(2399) Concurrent mode failure
[2021-04-30T09:37:09.625+0300][131,682s][info ][gc] GC(2399) Pause Full (Allocation Failure) 123M->123M(123M) 83,016ms
[2021-04-30T09:37:09.681+0300][131,737s][info ][gc] GC(2400) Pause Full (Allocation Failure) 123M->123M(123M) 54,815ms
[2021-04-30T09:37:09.686+0300][131,743s][info ][gc] GC(2401) Pause Initial Mark 123M->123M(123M) 5,735ms
[2021-04-30T09:37:09.687+0300][131,743s][info ][gc] GC(2401) Concurrent Mark
[2021-04-30T09:37:09.707+0300][131,764s][debug][gc] GC(2401) Concurrent active time: 0,020ms
[2021-04-30T09:37:09.707+0300][131,764s][info ][gc] GC(2401) Concurrent Mark 20,695ms
[2021-04-30T09:37:09.707+0300][131,764s][debug][gc] GC(2402) Concurrent mode failure
[2021-04-30T09:37:09.767+0300][131,824s][info ][gc] GC(2402) Pause Full (Allocation Failure) 123M->123M(123M) 80,523ms
[2021-04-30T09:37:09.824+0300][131,880s][info ][gc] GC(2403) Pause Full (Allocation Failure) 123M->123M(123M) 55,843ms
[2021-04-30T09:37:09.879+0300][131,935s][info ][gc] GC(2404) Pause Full (Allocation Failure) 123M->123M(123M) 55,000ms
[2021-04-30T09:37:09.935+0300][131,991s][info ][gc] GC(2405) Pause Full (Allocation Failure) 123M->123M(123M) 55,795ms
[2021-04-30T09:37:09.942+0300][131,998s][info ][gc] GC(2406) Pause Initial Mark 123M->123M(123M) 6,937ms
[2021-04-30T09:37:09.942+0300][131,999s][info ][gc] GC(2406) Concurrent Mark
[2021-04-30T09:37:09.963+0300][132,020s][debug][gc] GC(2406) Concurrent active time: 0,020ms
[2021-04-30T09:37:09.963+0300][132,020s][info ][gc] GC(2406) Concurrent Mark 21,491ms
[2021-04-30T09:37:09.963+0300][132,020s][debug][gc] GC(2407) Concurrent mode failure
[2021-04-30T09:37:10.019+0300][132,075s][info ][gc] GC(2407) Pause Full (Allocation Failure) 123M->123M(123M) 76,368ms
[2021-04-30T09:37:10.074+0300][132,131s][info ][gc] GC(2408) Pause Full (Allocation Failure) 123M->123M(123M) 54,964ms
[2021-04-30T09:37:10.131+0300][132,187s][info ][gc] GC(2409) Pause Full (Allocation Failure) 123M->123M(123M) 56,284ms
[2021-04-30T09:37:10.136+0300][132,193s][info ][gc] GC(2410) Pause Initial Mark 123M->123M(123M) 5,447ms
[2021-04-30T09:37:10.136+0300][132,193s][info ][gc] GC(2410) Concurrent Mark
[2021-04-30T09:37:10.157+0300][132,214s][debug][gc] GC(2410) Concurrent active time: 0,020ms
[2021-04-30T09:37:10.157+0300][132,214s][info ][gc] GC(2410) Concurrent Mark 20,913ms
[2021-04-30T09:37:10.157+0300][132,214s][debug][gc] GC(2411) Concurrent mode failure
[2021-04-30T09:37:10.212+0300][132,269s][info ][gc] GC(2411) Pause Full (Allocation Failure) 123M->123M(123M) 75,681ms
[2021-04-30T09:37:10.269+0300][132,325s][info ][gc] GC(2412) Pause Full (Allocation Failure) 123M->123M(123M) 56,077ms
[2021-04-30T09:37:10.323+0300][132,380s][info ][gc] GC(2413) Pause Full (Allocation Failure) 123M->123M(123M) 54,624ms
[2021-04-30T09:37:10.381+0300][132,437s][info ][gc] GC(2414) Pause Full (Allocation Failure) 123M->123M(123M) 56,893ms
[2021-04-30T09:37:10.435+0300][132,492s][info ][gc] GC(2415) Pause Full (Allocation Failure) 123M->123M(123M) 54,335ms
[2021-04-30T09:37:10.492+0300][132,548s][info ][gc] GC(2416) Pause Full (Allocation Failure) 123M->123M(123M) 56,325ms
[2021-04-30T09:37:10.547+0300][132,604s][info ][gc] GC(2417) Pause Full (Allocation Failure) 123M->123M(123M) 55,006ms
[2021-04-30T09:37:10.602+0300][132,658s][info ][gc] GC(2418) Pause Full (Allocation Failure) 123M->123M(123M) 54,785ms
[2021-04-30T09:37:10.660+0300][132,717s][info ][gc] GC(2419) Pause Full (Allocation Failure) 123M->123M(123M) 58,057ms
[2021-04-30T09:37:10.715+0300][132,772s][info ][gc] GC(2420) Pause Full (Allocation Failure) 123M->123M(123M) 54,508ms
[2021-04-30T09:37:10.721+0300][132,777s][info ][gc] GC(2421) Pause Initial Mark 123M->123M(123M) 5,552ms
[2021-04-30T09:37:10.721+0300][132,777s][info ][gc] GC(2421) Concurrent Mark
[2021-04-30T09:37:10.742+0300][132,798s][debug][gc] GC(2421) Concurrent active time: 0,020ms
[2021-04-30T09:37:10.742+0300][132,798s][info ][gc] GC(2421) Concurrent Mark 20,942ms
[2021-04-30T09:37:10.742+0300][132,798s][debug][gc] GC(2422) Concurrent mode failure
[2021-04-30T09:37:10.797+0300][132,854s][info ][gc] GC(2422) Pause Full (Allocation Failure) 123M->123M(123M) 76,085ms
[2021-04-30T09:37:10.852+0300][132,908s][info ][gc] GC(2423) Pause Full (Allocation Failure) 123M->123M(123M) 54,195ms
[2021-04-30T09:37:10.908+0300][132,964s][info ][gc] GC(2424) Pause Full (Allocation Failure) 123M->123M(123M) 55,663ms
[2021-04-30T09:37:10.981+0300][133,038s][info ][gc] GC(2425) Pause Full (Allocation Failure) 123M->123M(123M) 73,811ms
[2021-04-30T09:37:11.051+0300][133,107s][info ][gc] GC(2426) Pause Full (Allocation Failure) 123M->123M(123M) 68,496ms
[2021-04-30T09:37:11.057+0300][133,113s][info ][gc] GC(2427) Pause Initial Mark 123M->123M(123M) 5,660ms
[2021-04-30T09:37:11.057+0300][133,113s][info ][gc] GC(2427) Concurrent Mark
[2021-04-30T09:37:11.083+0300][133,140s][debug][gc] GC(2427) Concurrent active time: 0,026ms
[2021-04-30T09:37:11.083+0300][133,140s][info ][gc] GC(2427) Concurrent Mark 26,754ms
[2021-04-30T09:37:11.083+0300][133,140s][debug][gc] GC(2428) Concurrent mode failure
[2021-04-30T09:37:11.157+0300][133,214s][info ][gc] GC(2428) Pause Full (Allocation Failure) 123M->123M(123M) 100,113ms
[2021-04-30T09:37:11.230+0300][133,287s][info ][gc] GC(2429) Pause Full (Allocation Failure) 123M->123M(123M) 72,122ms
[2021-04-30T09:37:11.236+0300][133,293s][info ][gc] GC(2430) Pause Initial Mark 123M->123M(123M) 5,584ms
[2021-04-30T09:37:11.236+0300][133,293s][info ][gc] GC(2430) Concurrent Mark
[2021-04-30T09:37:11.262+0300][133,318s][debug][gc] GC(2430) Concurrent active time: 0,025ms
[2021-04-30T09:37:11.262+0300][133,318s][info ][gc] GC(2430) Concurrent Mark 25,715ms
[2021-04-30T09:37:11.262+0300][133,319s][debug][gc] GC(2431) Concurrent mode failure
[2021-04-30T09:37:11.337+0300][133,394s][info ][gc] GC(2431) Pause Full (Allocation Failure) 123M->123M(123M) 100,270ms
[2021-04-30T09:37:11.407+0300][133,464s][info ][gc] GC(2432) Pause Full (Allocation Failure) 123M->123M(123M) 69,858ms
[2021-04-30T09:37:11.413+0300][133,470s][info ][gc] GC(2433) Pause Initial Mark 123M->123M(123M) 5,648ms
[2021-04-30T09:37:11.413+0300][133,470s][info ][gc] GC(2433) Concurrent Mark
[2021-04-30T09:37:11.441+0300][133,498s][debug][gc] GC(2433) Concurrent active time: 0,026ms
[2021-04-30T09:37:11.441+0300][133,498s][info ][gc] GC(2433) Concurrent Mark 27,545ms
[2021-04-30T09:37:11.441+0300][133,498s][debug][gc] GC(2434) Concurrent mode failure
[2021-04-30T09:37:11.514+0300][133,570s][info ][gc] GC(2434) Pause Full (Allocation Failure) 123M->123M(123M) 99,714ms
