[2021-04-30T10:28:35.624+0300][2368,725s][info ][gc] GC(114684) Pause Young (Normal) (G1 Evacuation Pause) 121M->116M(128M) 0,384ms
[2021-04-30T10:28:35.625+0300][2368,725s][info ][gc] GC(114680) Pause Cleanup 116M->116M(128M) 0,092ms
[2021-04-30T10:28:35.625+0300][2368,726s][info ][gc] GC(114680) Concurrent Cycle 52,589ms
[2021-04-30T10:28:35.636+0300][2368,736s][info ][gc] GC(114685) Pause Young (Normal) (G1 Evacuation Pause) 121M->116M(128M) 0,385ms
[2021-04-30T10:28:35.645+0300][2368,745s][info ][gc] GC(114686) Pause Young (Concurrent Start) (G1 Evacuation Pause) 121M->116M(128M) 0,724ms
[2021-04-30T10:28:35.645+0300][2368,745s][info ][gc] GC(114687) Concurrent Cycle
[2021-04-30T10:28:35.656+0300][2368,756s][info ][gc] GC(114688) Pause Young (Normal) (G1 Evacuation Pause) 121M->116M(128M) 0,546ms
[2021-04-30T10:28:35.668+0300][2368,769s][info ][gc] GC(114689) Pause Young (Normal) (G1 Evacuation Pause) 121M->116M(128M) 0,487ms
[2021-04-30T10:28:35.674+0300][2368,775s][info ][gc] GC(114687) Pause Remark 118M->118M(128M) 2,901ms
[2021-04-30T10:28:35.683+0300][2368,783s][info ][gc] GC(114690) Pause Young (Normal) (G1 Evacuation Pause) 121M->116M(128M) 0,804ms
[2021-04-30T10:28:35.695+0300][2368,795s][info ][gc] GC(114691) Pause Young (Normal) (G1 Evacuation Pause) 121M->116M(128M) 0,408ms
[2021-04-30T10:28:35.696+0300][2368,796s][info ][gc] GC(114687) Pause Cleanup 117M->117M(128M) 0,077ms
[2021-04-30T10:28:35.696+0300][2368,796s][info ][gc] GC(114687) Concurrent Cycle 51,302ms
[2021-04-30T10:28:35.708+0300][2368,808s][info ][gc] GC(114692) Pause Young (Normal) (G1 Evacuation Pause) 121M->117M(128M) 0,457ms
[2021-04-30T10:28:35.720+0300][2368,821s][info ][gc] GC(114693) Pause Young (Concurrent Start) (G1 Evacuation Pause) 122M->117M(128M) 0,693ms
[2021-04-30T10:28:35.720+0300][2368,821s][info ][gc] GC(114694) Concurrent Cycle
[2021-04-30T10:28:35.735+0300][2368,836s][info ][gc] GC(114695) Pause Young (Normal) (G1 Evacuation Pause) 122M->117M(128M) 0,900ms
[2021-04-30T10:28:35.746+0300][2368,846s][info ][gc] GC(114696) Pause Young (Normal) (G1 Evacuation Pause) 122M->117M(128M) 0,419ms
[2021-04-30T10:28:35.752+0300][2368,852s][info ][gc] GC(114694) Pause Remark 118M->118M(128M) 3,412ms
[2021-04-30T10:28:35.761+0300][2368,861s][info ][gc] GC(114697) Pause Young (Normal) (G1 Evacuation Pause) 122M->117M(128M) 0,340ms
[2021-04-30T10:28:35.773+0300][2368,873s][info ][gc] GC(114698) Pause Young (Normal) (G1 Evacuation Pause) 122M->117M(128M) 0,670ms
[2021-04-30T10:28:35.774+0300][2368,875s][info ][gc] GC(114694) Pause Cleanup 117M->117M(128M) 0,249ms
[2021-04-30T10:28:35.775+0300][2368,875s][info ][gc] GC(114694) Concurrent Cycle 54,352ms
[2021-04-30T10:28:35.784+0300][2368,884s][info ][gc] GC(114699) Pause Young (Normal) (G1 Evacuation Pause) 122M->117M(128M) 0,544ms
[2021-04-30T10:28:35.796+0300][2368,896s][info ][gc] GC(114700) Pause Young (Concurrent Start) (G1 Evacuation Pause) 122M->117M(128M) 1,033ms
[2021-04-30T10:28:35.796+0300][2368,896s][info ][gc] GC(114701) Concurrent Cycle
[2021-04-30T10:28:35.813+0300][2368,913s][info ][gc] GC(114702) Pause Young (Normal) (G1 Evacuation Pause) 122M->117M(128M) 0,828ms
[2021-04-30T10:28:35.828+0300][2368,928s][info ][gc] GC(114703) Pause Young (Normal) (G1 Evacuation Pause) 122M->117M(128M) 0,389ms
[2021-04-30T10:28:35.841+0300][2368,941s][info ][gc] GC(114701) Pause Remark 122M->122M(128M) 5,303ms
[2021-04-30T10:28:35.843+0300][2368,943s][info ][gc] GC(114704) Pause Young (Normal) (G1 Evacuation Pause) 122M->117M(128M) 0,529ms
[2021-04-30T10:28:35.858+0300][2368,958s][info ][gc] GC(114705) Pause Young (Normal) (G1 Evacuation Pause) 122M->117M(128M) 4,474ms
[2021-04-30T10:28:35.868+0300][2368,968s][info ][gc] GC(114701) Pause Cleanup 122M->122M(128M) 0,106ms
[2021-04-30T10:28:35.868+0300][2368,968s][info ][gc] GC(114701) Concurrent Cycle 72,209ms
[2021-04-30T10:28:35.869+0300][2368,969s][info ][gc] GC(114706) Pause Young (Normal) (G1 Evacuation Pause) 122M->117M(128M) 0,505ms
[2021-04-30T10:28:35.882+0300][2368,983s][info ][gc] GC(114707) Pause Young (Concurrent Start) (G1 Evacuation Pause) 122M->118M(128M) 0,673ms
[2021-04-30T10:28:35.882+0300][2368,983s][info ][gc] GC(114708) Concurrent Cycle
[2021-04-30T10:28:35.894+0300][2368,994s][info ][gc] GC(114709) Pause Young (Normal) (G1 Evacuation Pause) 123M->118M(128M) 0,870ms
[2021-04-30T10:28:35.908+0300][2369,008s][info ][gc] GC(114710) Pause Young (Normal) (G1 Evacuation Pause) 123M->118M(128M) 0,458ms
[2021-04-30T10:28:35.919+0300][2369,019s][info ][gc] GC(114711) Pause Young (Normal) (G1 Evacuation Pause) 123M->118M(128M) 0,537ms
[2021-04-30T10:28:35.924+0300][2369,024s][info ][gc] GC(114708) Pause Remark 118M->118M(128M) 4,499ms
[2021-04-30T10:28:35.934+0300][2369,034s][info ][gc] GC(114712) Pause Young (Normal) (G1 Evacuation Pause) 123M->118M(128M) 0,508ms
[2021-04-30T10:28:35.947+0300][2369,048s][info ][gc] GC(114708) Pause Cleanup 122M->122M(128M) 0,094ms
[2021-04-30T10:28:35.947+0300][2369,048s][info ][gc] GC(114708) Concurrent Cycle 65,047ms
[2021-04-30T10:28:35.950+0300][2369,050s][info ][gc] GC(114713) Pause Young (Normal) (G1 Evacuation Pause) 123M->118M(128M) 0,630ms
[2021-04-30T10:28:35.962+0300][2369,063s][info ][gc] GC(114714) Pause Young (Concurrent Start) (G1 Evacuation Pause) 123M->118M(128M) 0,570ms
[2021-04-30T10:28:35.962+0300][2369,063s][info ][gc] GC(114715) Concurrent Cycle
[2021-04-30T10:28:35.978+0300][2369,079s][info ][gc] GC(114716) Pause Young (Normal) (G1 Evacuation Pause) 123M->118M(128M) 0,787ms
[2021-04-30T10:28:35.991+0300][2369,091s][info ][gc] GC(114717) Pause Young (Normal) (G1 Evacuation Pause) 123M->118M(128M) 0,447ms
[2021-04-30T10:28:35.999+0300][2369,099s][info ][gc] GC(114715) Pause Remark 120M->120M(128M) 2,828ms
[2021-04-30T10:28:36.008+0300][2369,108s][info ][gc] GC(114718) Pause Young (Normal) (G1 Evacuation Pause) 123M->118M(128M) 1,083ms
[2021-04-30T10:28:36.019+0300][2369,119s][info ][gc] GC(114719) Pause Young (Normal) (G1 Evacuation Pause) 123M->118M(128M) 0,514ms
[2021-04-30T10:28:36.026+0300][2369,126s][info ][gc] GC(114715) Pause Cleanup 121M->121M(128M) 0,156ms
[2021-04-30T10:28:36.026+0300][2369,126s][info ][gc] GC(114715) Concurrent Cycle 63,552ms
[2021-04-30T10:28:36.032+0300][2369,132s][info ][gc] GC(114720) Pause Young (Normal) (G1 Evacuation Pause) 123M->119M(128M) 0,633ms
[2021-04-30T10:28:36.042+0300][2369,142s][info ][gc] GC(114721) Pause Young (Concurrent Start) (G1 Evacuation Pause) 124M->119M(128M) 0,747ms
[2021-04-30T10:28:36.042+0300][2369,142s][info ][gc] GC(114722) Concurrent Cycle
[2021-04-30T10:28:36.053+0300][2369,153s][info ][gc] GC(114723) Pause Young (Normal) (G1 Evacuation Pause) 124M->119M(128M) 0,817ms
[2021-04-30T10:28:36.069+0300][2369,169s][info ][gc] GC(114724) Pause Young (Normal) (G1 Evacuation Pause) 124M->119M(128M) 0,686ms
[2021-04-30T10:28:36.080+0300][2369,180s][info ][gc] GC(114722) Pause Remark 122M->122M(128M) 2,392ms
[2021-04-30T10:28:36.087+0300][2369,187s][info ][gc] GC(114725) Pause Young (Normal) (G1 Evacuation Pause) 124M->119M(128M) 0,626ms
[2021-04-30T10:28:36.102+0300][2369,202s][info ][gc] GC(114726) Pause Young (Normal) (G1 Evacuation Pause) 124M->119M(128M) 0,713ms
[2021-04-30T10:28:36.109+0300][2369,209s][info ][gc] GC(114722) Pause Cleanup 120M->120M(128M) 0,130ms
[2021-04-30T10:28:36.109+0300][2369,209s][info ][gc] GC(114722) Concurrent Cycle 67,265ms
[2021-04-30T10:28:36.117+0300][2369,217s][info ][gc] GC(114727) To-space exhausted
[2021-04-30T10:28:36.117+0300][2369,217s][info ][gc] GC(114727) Pause Young (Normal) (G1 Evacuation Pause) 124M->120M(128M) 0,857ms
[2021-04-30T10:28:36.131+0300][2369,232s][info ][gc] GC(114728) To-space exhausted
[2021-04-30T10:28:36.131+0300][2369,232s][info ][gc] GC(114728) Pause Young (Concurrent Start) (G1 Evacuation Pause) 125M->125M(128M) 2,382ms
[2021-04-30T10:28:36.131+0300][2369,232s][info ][gc] GC(114730) Concurrent Cycle
[2021-04-30T10:28:36.132+0300][2369,232s][debug][gc] GC(114729) Clear Next Bitmap 0,155ms
[2021-04-30T10:28:36.210+0300][2369,310s][info ][gc] GC(114729) Pause Full (G1 Evacuation Pause) 125M->119M(128M) 78,403ms
[2021-04-30T10:28:36.211+0300][2369,312s][info ][gc] GC(114730) Concurrent Cycle 79,753ms
[2021-04-30T10:28:36.229+0300][2369,329s][info ][gc] GC(114731) Pause Young (Normal) (G1 Evacuation Pause) 125M->119M(128M) 0,389ms
[2021-04-30T10:28:36.241+0300][2369,341s][info ][gc] GC(114732) Pause Young (Concurrent Start) (G1 Evacuation Pause) 124M->119M(128M) 0,427ms
[2021-04-30T10:28:36.241+0300][2369,341s][info ][gc] GC(114733) Concurrent Cycle
[2021-04-30T10:28:36.257+0300][2369,358s][info ][gc] GC(114734) Pause Young (Normal) (G1 Evacuation Pause) 124M->119M(128M) 3,026ms
[2021-04-30T10:28:36.271+0300][2369,371s][info ][gc] GC(114735) Pause Young (Normal) (G1 Evacuation Pause) 124M->119M(128M) 1,948ms
[2021-04-30T10:28:36.283+0300][2369,384s][info ][gc] GC(114733) Pause Remark 123M->123M(128M) 3,655ms
[2021-04-30T10:28:36.292+0300][2369,392s][info ][gc] GC(114736) Pause Young (Normal) (G1 Evacuation Pause) 124M->119M(128M) 0,403ms
[2021-04-30T10:28:36.304+0300][2369,404s][info ][gc] GC(114737) Pause Young (Normal) (G1 Evacuation Pause) 124M->119M(128M) 0,403ms
[2021-04-30T10:28:36.312+0300][2369,412s][info ][gc] GC(114733) Pause Cleanup 121M->121M(128M) 0,088ms
[2021-04-30T10:28:36.312+0300][2369,412s][info ][gc] GC(114733) Concurrent Cycle 71,174ms
[2021-04-30T10:28:36.317+0300][2369,417s][info ][gc] GC(114738) Pause Young (Normal) (G1 Evacuation Pause) 124M->120M(128M) 0,534ms
[2021-04-30T10:28:36.329+0300][2369,430s][info ][gc] GC(114739) To-space exhausted
[2021-04-30T10:28:36.329+0300][2369,430s][info ][gc] GC(114739) Pause Young (Concurrent Start) (G1 Evacuation Pause) 125M->120M(128M) 0,655ms
[2021-04-30T10:28:36.329+0300][2369,430s][info ][gc] GC(114740) Concurrent Cycle
[2021-04-30T10:28:36.344+0300][2369,445s][info ][gc] GC(114741) To-space exhausted
[2021-04-30T10:28:36.344+0300][2369,445s][info ][gc] GC(114741) Pause Young (Normal) (G1 Evacuation Pause) 125M->125M(128M) 2,078ms
[2021-04-30T10:28:36.345+0300][2369,445s][debug][gc] GC(114742) Clear Next Bitmap 0,088ms
[2021-04-30T10:28:36.413+0300][2369,514s][info ][gc] GC(114742) Pause Full (G1 Evacuation Pause) 125M->120M(128M) 69,006ms
[2021-04-30T10:28:36.414+0300][2369,514s][info ][gc] GC(114740) Concurrent Cycle 84,176ms
[2021-04-30T10:28:36.428+0300][2369,528s][info ][gc] GC(114743) To-space exhausted
[2021-04-30T10:28:36.428+0300][2369,528s][info ][gc] GC(114743) Pause Young (Normal) (G1 Evacuation Pause) 126M->126M(128M) 1,840ms
[2021-04-30T10:28:36.490+0300][2369,590s][info ][gc] GC(114744) Pause Full (G1 Evacuation Pause) 126M->120M(128M) 62,199ms
[2021-04-30T10:28:36.503+0300][2369,603s][info ][gc] GC(114745) To-space exhausted
[2021-04-30T10:28:36.503+0300][2369,603s][info ][gc] GC(114745) Pause Young (Concurrent Start) (G1 Evacuation Pause) 126M->126M(128M) 1,804ms
[2021-04-30T10:28:36.503+0300][2369,603s][info ][gc] GC(114747) Concurrent Cycle
[2021-04-30T10:28:36.503+0300][2369,604s][debug][gc] GC(114746) Clear Next Bitmap 0,261ms
[2021-04-30T10:28:36.571+0300][2369,671s][info ][gc] GC(114746) Pause Full (G1 Evacuation Pause) 126M->120M(128M) 67,510ms
[2021-04-30T10:28:36.571+0300][2369,671s][info ][gc] GC(114747) Concurrent Cycle 67,702ms
[2021-04-30T10:28:36.584+0300][2369,684s][info ][gc] GC(114748) To-space exhausted
[2021-04-30T10:28:36.584+0300][2369,684s][info ][gc] GC(114748) Pause Young (Normal) (G1 Evacuation Pause) 126M->126M(128M) 1,701ms
[2021-04-30T10:28:36.640+0300][2369,740s][info ][gc] GC(114749) Pause Full (G1 Evacuation Pause) 126M->120M(128M) 56,311ms
[2021-04-30T10:28:36.657+0300][2369,757s][info ][gc] GC(114750) To-space exhausted
[2021-04-30T10:28:36.657+0300][2369,757s][info ][gc] GC(114750) Pause Young (Concurrent Start) (G1 Evacuation Pause) 126M->126M(128M) 4,269ms
[2021-04-30T10:28:36.657+0300][2369,757s][info ][gc] GC(114752) Concurrent Cycle
[2021-04-30T10:28:36.657+0300][2369,757s][debug][gc] GC(114751) Clear Next Bitmap 0,199ms
[2021-04-30T10:28:36.723+0300][2369,823s][info ][gc] GC(114751) Pause Full (G1 Evacuation Pause) 126M->120M(128M) 66,291ms
[2021-04-30T10:28:36.723+0300][2369,824s][info ][gc] GC(114752) Concurrent Cycle 66,632ms
[2021-04-30T10:28:36.740+0300][2369,840s][info ][gc] GC(114753) To-space exhausted
[2021-04-30T10:28:36.740+0300][2369,840s][info ][gc] GC(114753) Pause Young (Normal) (G1 Evacuation Pause) 126M->126M(128M) 3,691ms
[2021-04-30T10:28:36.805+0300][2369,906s][info ][gc] GC(114754) Pause Full (G1 Evacuation Pause) 126M->120M(128M) 65,714ms
[2021-04-30T10:28:36.820+0300][2369,921s][info ][gc] GC(114755) To-space exhausted
[2021-04-30T10:28:36.821+0300][2369,921s][info ][gc] GC(114755) Pause Young (Concurrent Start) (G1 Evacuation Pause) 126M->126M(128M) 1,957ms
[2021-04-30T10:28:36.821+0300][2369,921s][info ][gc] GC(114757) Concurrent Cycle
[2021-04-30T10:28:36.821+0300][2369,921s][debug][gc] GC(114756) Clear Next Bitmap 0,077ms
[2021-04-30T10:28:36.926+0300][2370,026s][info ][gc] GC(114756) Pause Full (G1 Evacuation Pause) 126M->120M(128M) 105,348ms
[2021-04-30T10:28:36.929+0300][2370,030s][info ][gc] GC(114757) Concurrent Cycle 108,684ms
[2021-04-30T10:28:36.943+0300][2370,044s][info ][gc] GC(114758) Pause Young (Normal) (G1 Evacuation Pause) 126M->120M(128M) 0,522ms
[2021-04-30T10:28:36.961+0300][2370,061s][info ][gc] GC(114759) Pause Young (Concurrent Start) (G1 Evacuation Pause) 125M->120M(128M) 2,138ms
[2021-04-30T10:28:36.961+0300][2370,061s][info ][gc] GC(114760) Concurrent Cycle
[2021-04-30T10:28:36.976+0300][2370,076s][info ][gc] GC(114761) Pause Young (Normal) (G1 Evacuation Pause) 125M->120M(128M) 1,102ms
[2021-04-30T10:28:36.990+0300][2370,090s][info ][gc] GC(114762) Pause Young (Normal) (G1 Evacuation Pause) 125M->121M(128M) 0,385ms
[2021-04-30T10:28:36.995+0300][2370,096s][info ][gc] GC(114760) Pause Remark 122M->122M(128M) 2,286ms
[2021-04-30T10:28:37.001+0300][2370,101s][info ][gc] GC(114763) Pause Young (Normal) (G1 Evacuation Pause) 126M->121M(128M) 0,503ms
[2021-04-30T10:28:37.013+0300][2370,114s][info ][gc] GC(114764) Pause Young (Normal) (G1 Evacuation Pause) 126M->121M(128M) 0,521ms
[2021-04-30T10:28:37.018+0300][2370,118s][info ][gc] GC(114760) Pause Cleanup 124M->124M(128M) 0,127ms
[2021-04-30T10:28:37.018+0300][2370,119s][info ][gc] GC(114760) Concurrent Cycle 57,408ms
[2021-04-30T10:28:37.026+0300][2370,127s][info ][gc] GC(114765) Pause Young (Normal) (G1 Evacuation Pause) 126M->121M(128M) 0,417ms
[2021-04-30T10:28:37.040+0300][2370,141s][info ][gc] GC(114766) To-space exhausted
[2021-04-30T10:28:37.040+0300][2370,141s][info ][gc] GC(114766) Pause Young (Concurrent Start) (G1 Evacuation Pause) 126M->122M(128M) 3,030ms
[2021-04-30T10:28:37.040+0300][2370,141s][info ][gc] GC(114767) Concurrent Cycle
[2021-04-30T10:28:37.052+0300][2370,152s][info ][gc] GC(114768) To-space exhausted
[2021-04-30T10:28:37.052+0300][2370,152s][info ][gc] GC(114768) Pause Young (Normal) (G1 Evacuation Pause) 127M->127M(128M) 1,925ms
[2021-04-30T10:28:37.052+0300][2370,153s][debug][gc] GC(114769) Clear Next Bitmap 0,079ms
[2021-04-30T10:28:37.137+0300][2370,237s][info ][gc] GC(114769) Pause Full (G1 Evacuation Pause) 127M->121M(128M) 84,630ms
[2021-04-30T10:28:37.137+0300][2370,237s][info ][gc] GC(114767) Concurrent Cycle 96,660ms
[2021-04-30T10:28:37.156+0300][2370,256s][info ][gc] GC(114770) To-space exhausted
[2021-04-30T10:28:37.156+0300][2370,256s][info ][gc] GC(114770) Pause Young (Normal) (G1 Evacuation Pause) 126M->126M(128M) 1,756ms
[2021-04-30T10:28:37.231+0300][2370,331s][info ][gc] GC(114771) Pause Full (G1 Evacuation Pause) 126M->121M(128M) 75,386ms
[2021-04-30T10:28:37.251+0300][2370,352s][info ][gc] GC(114772) To-space exhausted
[2021-04-30T10:28:37.251+0300][2370,352s][info ][gc] GC(114772) Pause Young (Concurrent Start) (G1 Evacuation Pause) 127M->127M(128M) 2,835ms
[2021-04-30T10:28:37.251+0300][2370,352s][info ][gc] GC(114774) Concurrent Cycle
[2021-04-30T10:28:37.251+0300][2370,352s][debug][gc] GC(114773) Clear Next Bitmap 0,077ms
[2021-04-30T10:28:37.326+0300][2370,426s][info ][gc] GC(114773) Pause Full (G1 Evacuation Pause) 127M->121M(128M) 74,455ms
[2021-04-30T10:28:37.326+0300][2370,426s][info ][gc] GC(114774) Concurrent Cycle 74,771ms
[2021-04-30T10:28:37.339+0300][2370,439s][info ][gc] GC(114775) To-space exhausted
[2021-04-30T10:28:37.339+0300][2370,439s][info ][gc] GC(114775) Pause Young (Normal) (G1 Evacuation Pause) 126M->126M(128M) 1,542ms
[2021-04-30T10:28:37.415+0300][2370,515s][info ][gc] GC(114776) Pause Full (G1 Evacuation Pause) 126M->121M(128M) 76,158ms
[2021-04-30T10:28:37.426+0300][2370,526s][info ][gc] GC(114777) To-space exhausted
[2021-04-30T10:28:37.426+0300][2370,526s][info ][gc] GC(114777) Pause Young (Concurrent Start) (G1 Evacuation Pause) 126M->126M(128M) 1,555ms
[2021-04-30T10:28:37.426+0300][2370,526s][info ][gc] GC(114779) Concurrent Cycle
[2021-04-30T10:28:37.426+0300][2370,526s][debug][gc] GC(114778) Clear Next Bitmap 0,077ms
[2021-04-30T10:28:37.486+0300][2370,586s][info ][gc] GC(114778) Pause Full (G1 Evacuation Pause) 126M->121M(128M) 59,795ms
[2021-04-30T10:28:37.486+0300][2370,586s][info ][gc] GC(114779) Concurrent Cycle 59,999ms
[2021-04-30T10:28:37.501+0300][2370,601s][info ][gc] GC(114780) To-space exhausted
[2021-04-30T10:28:37.501+0300][2370,601s][info ][gc] GC(114780) Pause Young (Normal) (G1 Evacuation Pause) 125M->125M(128M) 1,926ms
[2021-04-30T10:28:37.567+0300][2370,668s][info ][gc] GC(114781) Pause Full (G1 Evacuation Pause) 125M->121M(128M) 66,093ms
[2021-04-30T10:28:37.580+0300][2370,680s][info ][gc] GC(114782) To-space exhausted
[2021-04-30T10:28:37.580+0300][2370,680s][info ][gc] GC(114782) Pause Young (Concurrent Start) (G1 Evacuation Pause) 126M->126M(128M) 2,117ms
[2021-04-30T10:28:37.580+0300][2370,680s][info ][gc] GC(114784) Concurrent Cycle
[2021-04-30T10:28:37.580+0300][2370,680s][debug][gc] GC(114783) Clear Next Bitmap 0,089ms
[2021-04-30T10:28:37.647+0300][2370,747s][info ][gc] GC(114783) Pause Full (G1 Evacuation Pause) 126M->121M(128M) 67,038ms
[2021-04-30T10:28:37.647+0300][2370,748s][info ][gc] GC(114784) Concurrent Cycle 67,188ms
[2021-04-30T10:28:37.660+0300][2370,760s][info ][gc] GC(114785) To-space exhausted
[2021-04-30T10:28:37.660+0300][2370,760s][info ][gc] GC(114785) Pause Young (Normal) (G1 Evacuation Pause) 126M->126M(128M) 1,751ms
[2021-04-30T10:28:37.719+0300][2370,819s][info ][gc] GC(114786) Pause Full (G1 Evacuation Pause) 126M->122M(128M) 59,212ms
[2021-04-30T10:28:37.733+0300][2370,833s][info ][gc] GC(114787) To-space exhausted
[2021-04-30T10:28:37.733+0300][2370,833s][info ][gc] GC(114787) Pause Young (Concurrent Start) (G1 Evacuation Pause) 127M->127M(128M) 2,362ms
[2021-04-30T10:28:37.733+0300][2370,833s][info ][gc] GC(114789) Concurrent Cycle
[2021-04-30T10:28:37.733+0300][2370,833s][debug][gc] GC(114788) Clear Next Bitmap 0,096ms
[2021-04-30T10:28:37.800+0300][2370,900s][info ][gc] GC(114788) Pause Full (G1 Evacuation Pause) 127M->122M(128M) 67,029ms
[2021-04-30T10:28:37.800+0300][2370,901s][info ][gc] GC(114789) Concurrent Cycle 67,216ms
[2021-04-30T10:28:37.812+0300][2370,912s][info ][gc] GC(114790) To-space exhausted
[2021-04-30T10:28:37.812+0300][2370,912s][info ][gc] GC(114790) Pause Young (Normal) (G1 Evacuation Pause) 125M->125M(128M) 1,301ms
[2021-04-30T10:28:37.882+0300][2370,983s][info ][gc] GC(114791) Pause Full (G1 Evacuation Pause) 125M->122M(128M) 70,613ms
[2021-04-30T10:28:37.898+0300][2370,999s][info ][gc] GC(114792) To-space exhausted
[2021-04-30T10:28:37.898+0300][2370,999s][info ][gc] GC(114792) Pause Young (Concurrent Start) (G1 Evacuation Pause) 127M->127M(128M) 1,880ms
[2021-04-30T10:28:37.898+0300][2370,999s][info ][gc] GC(114794) Concurrent Cycle
[2021-04-30T10:28:37.899+0300][2370,999s][debug][gc] GC(114793) Clear Next Bitmap 0,079ms
[2021-04-30T10:28:37.980+0300][2371,080s][info ][gc] GC(114793) Pause Full (G1 Evacuation Pause) 127M->122M(128M) 81,241ms
[2021-04-30T10:28:37.983+0300][2371,083s][info ][gc] GC(114794) Concurrent Cycle 84,642ms
[2021-04-30T10:28:37.993+0300][2371,094s][info ][gc] GC(114795) To-space exhausted
[2021-04-30T10:28:37.993+0300][2371,094s][info ][gc] GC(114795) Pause Young (Normal) (G1 Evacuation Pause) 126M->126M(128M) 4,205ms
[2021-04-30T10:28:38.083+0300][2371,183s][info ][gc] GC(114796) Pause Full (G1 Evacuation Pause) 126M->122M(128M) 89,580ms
[2021-04-30T10:28:38.104+0300][2371,205s][info ][gc] GC(114797) To-space exhausted
[2021-04-30T10:28:38.105+0300][2371,205s][info ][gc] GC(114797) Pause Young (Concurrent Start) (G1 Evacuation Pause) 126M->126M(128M) 5,558ms
[2021-04-30T10:28:38.105+0300][2371,205s][debug][gc] GC(114798) Clear Next Bitmap 0,326ms
[2021-04-30T10:28:38.106+0300][2371,206s][info ][gc] GC(114799) Concurrent Cycle
[2021-04-30T10:28:38.203+0300][2371,303s][info ][gc] GC(114798) Pause Full (G1 Evacuation Pause) 126M->122M(128M) 97,746ms
[2021-04-30T10:28:38.203+0300][2371,303s][info ][gc] GC(114799) Concurrent Cycle 96,576ms
[2021-04-30T10:28:38.214+0300][2371,315s][info ][gc] GC(114800) To-space exhausted
[2021-04-30T10:28:38.215+0300][2371,315s][info ][gc] GC(114800) Pause Young (Normal) (G1 Evacuation Pause) 125M->125M(128M) 1,339ms
[2021-04-30T10:28:38.299+0300][2371,399s][info ][gc] GC(114801) Pause Full (G1 Evacuation Pause) 125M->122M(128M) 84,521ms
[2021-04-30T10:28:38.315+0300][2371,416s][info ][gc] GC(114802) To-space exhausted
[2021-04-30T10:28:38.315+0300][2371,416s][info ][gc] GC(114802) Pause Young (Concurrent Start) (G1 Evacuation Pause) 126M->126M(128M) 4,227ms
[2021-04-30T10:28:38.315+0300][2371,416s][info ][gc] GC(114804) Concurrent Cycle
[2021-04-30T10:28:38.315+0300][2371,416s][debug][gc] GC(114803) Clear Next Bitmap 0,087ms
[2021-04-30T10:28:38.398+0300][2371,498s][info ][gc] GC(114803) Pause Full (G1 Evacuation Pause) 126M->122M(128M) 82,316ms
[2021-04-30T10:28:38.398+0300][2371,498s][info ][gc] GC(114804) Concurrent Cycle 82,490ms
[2021-04-30T10:28:38.412+0300][2371,512s][info ][gc] GC(114805) To-space exhausted
[2021-04-30T10:28:38.412+0300][2371,512s][info ][gc] GC(114805) Pause Young (Normal) (G1 Evacuation Pause) 125M->125M(128M) 2,674ms
[2021-04-30T10:28:38.498+0300][2371,598s][info ][gc] GC(114806) Pause Full (G1 Evacuation Pause) 125M->122M(128M) 86,309ms
[2021-04-30T10:28:38.516+0300][2371,617s][info ][gc] GC(114807) To-space exhausted
[2021-04-30T10:28:38.517+0300][2371,617s][info ][gc] GC(114807) Pause Young (Concurrent Start) (G1 Evacuation Pause) 126M->126M(128M) 1,868ms
[2021-04-30T10:28:38.517+0300][2371,617s][info ][gc] GC(114809) Concurrent Cycle
[2021-04-30T10:28:38.517+0300][2371,617s][debug][gc] GC(114808) Clear Next Bitmap 0,145ms
[2021-04-30T10:28:38.588+0300][2371,688s][info ][gc] GC(114808) Pause Full (G1 Evacuation Pause) 126M->122M(128M) 71,295ms
[2021-04-30T10:28:38.588+0300][2371,688s][info ][gc] GC(114809) Concurrent Cycle 71,441ms
[2021-04-30T10:28:38.600+0300][2371,700s][info ][gc] GC(114810) To-space exhausted
[2021-04-30T10:28:38.600+0300][2371,700s][info ][gc] GC(114810) Pause Young (Normal) (G1 Evacuation Pause) 126M->126M(128M) 1,390ms
[2021-04-30T10:28:38.672+0300][2371,773s][info ][gc] GC(114811) Pause Full (G1 Evacuation Pause) 126M->122M(128M) 72,545ms
[2021-04-30T10:28:38.685+0300][2371,785s][info ][gc] GC(114812) To-space exhausted
[2021-04-30T10:28:38.685+0300][2371,785s][info ][gc] GC(114812) Pause Young (Concurrent Start) (G1 Evacuation Pause) 126M->126M(128M) 2,109ms
[2021-04-30T10:28:38.685+0300][2371,785s][info ][gc] GC(114814) Concurrent Cycle
[2021-04-30T10:28:38.685+0300][2371,786s][debug][gc] GC(114813) Clear Next Bitmap 0,105ms
[2021-04-30T10:28:38.744+0300][2371,845s][info ][gc] GC(114813) Pause Full (G1 Evacuation Pause) 126M->122M(128M) 59,183ms
[2021-04-30T10:28:38.744+0300][2371,845s][info ][gc] GC(114814) Concurrent Cycle 59,312ms
[2021-04-30T10:28:38.754+0300][2371,854s][info ][gc] GC(114815) To-space exhausted
[2021-04-30T10:28:38.754+0300][2371,854s][info ][gc] GC(114815) Pause Young (Normal) (G1 Evacuation Pause) 126M->126M(128M) 1,455ms
[2021-04-30T10:28:38.823+0300][2371,923s][info ][gc] GC(114816) Pause Full (G1 Evacuation Pause) 126M->122M(128M) 69,269ms
[2021-04-30T10:28:38.834+0300][2371,935s][info ][gc] GC(114817) To-space exhausted
[2021-04-30T10:28:38.834+0300][2371,935s][info ][gc] GC(114817) Pause Young (Concurrent Start) (G1 Evacuation Pause) 126M->126M(128M) 1,822ms
[2021-04-30T10:28:38.834+0300][2371,935s][info ][gc] GC(114819) Concurrent Cycle
[2021-04-30T10:28:38.835+0300][2371,935s][debug][gc] GC(114818) Clear Next Bitmap 0,164ms
[2021-04-30T10:28:38.902+0300][2372,002s][info ][gc] GC(114818) Pause Full (G1 Evacuation Pause) 126M->122M(128M) 67,514ms
[2021-04-30T10:28:38.902+0300][2372,002s][info ][gc] GC(114819) Concurrent Cycle 67,682ms
[2021-04-30T10:28:38.914+0300][2372,014s][info ][gc] GC(114820) To-space exhausted
[2021-04-30T10:28:38.914+0300][2372,014s][info ][gc] GC(114820) Pause Young (Normal) (G1 Evacuation Pause) 125M->125M(128M) 1,218ms
[2021-04-30T10:28:38.993+0300][2372,094s][info ][gc] GC(114821) Pause Full (G1 Evacuation Pause) 125M->122M(128M) 79,452ms
[2021-04-30T10:28:39.002+0300][2372,102s][info ][gc] GC(114822) To-space exhausted
[2021-04-30T10:28:39.002+0300][2372,102s][info ][gc] GC(114822) Pause Young (Concurrent Start) (G1 Evacuation Pause) 125M->125M(128M) 1,438ms
[2021-04-30T10:28:39.002+0300][2372,102s][info ][gc] GC(114824) Concurrent Cycle
[2021-04-30T10:28:39.002+0300][2372,102s][debug][gc] GC(114823) Clear Next Bitmap 0,105ms
[2021-04-30T10:28:39.069+0300][2372,169s][info ][gc] GC(114823) Pause Full (G1 Evacuation Pause) 125M->123M(128M) 66,880ms
[2021-04-30T10:28:39.069+0300][2372,169s][info ][gc] GC(114824) Concurrent Cycle 67,088ms
[2021-04-30T10:28:39.079+0300][2372,179s][info ][gc] GC(114825) To-space exhausted
[2021-04-30T10:28:39.079+0300][2372,179s][info ][gc] GC(114825) Pause Young (Normal) (G1 Evacuation Pause) 126M->126M(128M) 0,992ms
[2021-04-30T10:28:39.150+0300][2372,250s][info ][gc] GC(114826) Pause Full (G1 Evacuation Pause) 126M->123M(128M) 70,809ms
[2021-04-30T10:28:39.157+0300][2372,258s][info ][gc] GC(114827) To-space exhausted
[2021-04-30T10:28:39.158+0300][2372,258s][info ][gc] GC(114827) Pause Young (Concurrent Start) (G1 Evacuation Pause) 126M->126M(128M) 1,325ms
[2021-04-30T10:28:39.158+0300][2372,258s][info ][gc] GC(114829) Concurrent Cycle
[2021-04-30T10:28:39.158+0300][2372,258s][debug][gc] GC(114828) Clear Next Bitmap 0,094ms
[2021-04-30T10:28:39.221+0300][2372,321s][info ][gc] GC(114828) Pause Full (G1 Evacuation Pause) 126M->123M(128M) 63,514ms
[2021-04-30T10:28:39.221+0300][2372,322s][info ][gc] GC(114829) Concurrent Cycle 63,745ms
[2021-04-30T10:28:39.232+0300][2372,332s][info ][gc] GC(114830) To-space exhausted
[2021-04-30T10:28:39.232+0300][2372,332s][info ][gc] GC(114830) Pause Young (Normal) (G1 Evacuation Pause) 126M->126M(128M) 1,207ms
[2021-04-30T10:28:39.300+0300][2372,401s][info ][gc] GC(114831) Pause Full (G1 Evacuation Pause) 126M->123M(128M) 68,594ms
[2021-04-30T10:28:39.308+0300][2372,408s][info ][gc] GC(114832) To-space exhausted
[2021-04-30T10:28:39.308+0300][2372,408s][info ][gc] GC(114832) Pause Young (Concurrent Start) (G1 Evacuation Pause) 126M->126M(128M) 2,587ms
[2021-04-30T10:28:39.308+0300][2372,409s][info ][gc] GC(114833) Concurrent Cycle
[2021-04-30T10:28:39.309+0300][2372,409s][debug][gc] GC(114834) Clear Next Bitmap 0,524ms
[2021-04-30T10:28:39.380+0300][2372,480s][info ][gc] GC(114834) Pause Full (G1 Evacuation Pause) 126M->123M(128M) 71,702ms
[2021-04-30T10:28:39.380+0300][2372,480s][info ][gc] GC(114833) Concurrent Cycle 71,946ms
[2021-04-30T10:28:39.390+0300][2372,490s][info ][gc] GC(114835) To-space exhausted
[2021-04-30T10:28:39.390+0300][2372,490s][info ][gc] GC(114835) Pause Young (Normal) (G1 Evacuation Pause) 126M->126M(128M) 1,766ms
[2021-04-30T10:28:39.465+0300][2372,566s][info ][gc] GC(114836) Pause Full (G1 Evacuation Pause) 126M->123M(128M) 75,183ms
[2021-04-30T10:28:39.473+0300][2372,573s][info ][gc] GC(114837) To-space exhausted
[2021-04-30T10:28:39.473+0300][2372,573s][info ][gc] GC(114837) Pause Young (Concurrent Start) (G1 Evacuation Pause) 126M->126M(128M) 1,560ms
[2021-04-30T10:28:39.473+0300][2372,573s][info ][gc] GC(114839) Concurrent Cycle
[2021-04-30T10:28:39.473+0300][2372,573s][debug][gc] GC(114838) Clear Next Bitmap 0,157ms
[2021-04-30T10:28:39.544+0300][2372,644s][info ][gc] GC(114838) Pause Full (G1 Evacuation Pause) 126M->123M(128M) 71,116ms
[2021-04-30T10:28:39.544+0300][2372,644s][info ][gc] GC(114839) Concurrent Cycle 71,269ms
[2021-04-30T10:28:39.555+0300][2372,655s][info ][gc] GC(114840) To-space exhausted
[2021-04-30T10:28:39.555+0300][2372,655s][info ][gc] GC(114840) Pause Young (Normal) (G1 Evacuation Pause) 126M->126M(128M) 1,250ms
[2021-04-30T10:28:39.625+0300][2372,725s][info ][gc] GC(114841) Pause Full (G1 Evacuation Pause) 126M->123M(128M) 70,223ms
[2021-04-30T10:28:39.632+0300][2372,733s][info ][gc] GC(114842) To-space exhausted
[2021-04-30T10:28:39.632+0300][2372,733s][info ][gc] GC(114842) Pause Young (Concurrent Start) (G1 Evacuation Pause) 126M->126M(128M) 2,183ms
[2021-04-30T10:28:39.632+0300][2372,733s][info ][gc] GC(114844) Concurrent Cycle
[2021-04-30T10:28:39.632+0300][2372,733s][debug][gc] GC(114843) Clear Next Bitmap 0,080ms
[2021-04-30T10:28:39.689+0300][2372,790s][info ][gc] GC(114843) Pause Full (G1 Evacuation Pause) 126M->123M(128M) 56,984ms
[2021-04-30T10:28:39.689+0300][2372,790s][info ][gc] GC(114844) Concurrent Cycle 57,130ms
[2021-04-30T10:28:39.699+0300][2372,799s][info ][gc] GC(114845) To-space exhausted
[2021-04-30T10:28:39.699+0300][2372,799s][info ][gc] GC(114845) Pause Young (Normal) (G1 Evacuation Pause) 126M->126M(128M) 1,300ms
[2021-04-30T10:28:39.782+0300][2372,882s][info ][gc] GC(114846) Pause Full (G1 Evacuation Pause) 126M->123M(128M) 82,762ms
[2021-04-30T10:28:39.789+0300][2372,890s][info ][gc] GC(114847) To-space exhausted
[2021-04-30T10:28:39.789+0300][2372,890s][info ][gc] GC(114847) Pause Young (Concurrent Start) (G1 Evacuation Pause) 126M->126M(128M) 2,239ms
[2021-04-30T10:28:39.789+0300][2372,890s][info ][gc] GC(114849) Concurrent Cycle
[2021-04-30T10:28:39.790+0300][2372,890s][debug][gc] GC(114848) Clear Next Bitmap 0,179ms
[2021-04-30T10:28:39.865+0300][2372,965s][info ][gc] GC(114848) Pause Full (G1 Evacuation Pause) 126M->123M(128M) 75,410ms
[2021-04-30T10:28:39.865+0300][2372,965s][info ][gc] GC(114849) Concurrent Cycle 75,564ms
[2021-04-30T10:28:39.877+0300][2372,977s][info ][gc] GC(114850) To-space exhausted
[2021-04-30T10:28:39.877+0300][2372,977s][info ][gc] GC(114850) Pause Young (Normal) (G1 Evacuation Pause) 126M->126M(128M) 1,405ms
[2021-04-30T10:28:39.949+0300][2373,049s][info ][gc] GC(114851) Pause Full (G1 Evacuation Pause) 126M->123M(128M) 71,616ms
[2021-04-30T10:28:39.960+0300][2373,061s][info ][gc] GC(114852) To-space exhausted
[2021-04-30T10:28:39.960+0300][2373,061s][info ][gc] GC(114852) Pause Young (Concurrent Start) (G1 Evacuation Pause) 126M->126M(128M) 1,806ms
[2021-04-30T10:28:39.960+0300][2373,061s][info ][gc] GC(114854) Concurrent Cycle
[2021-04-30T10:28:39.961+0300][2373,061s][debug][gc] GC(114853) Clear Next Bitmap 0,119ms
[2021-04-30T10:28:40.037+0300][2373,137s][info ][gc] GC(114853) Pause Full (G1 Evacuation Pause) 126M->123M(128M) 76,335ms
[2021-04-30T10:28:40.037+0300][2373,137s][info ][gc] GC(114854) Concurrent Cycle 76,498ms
[2021-04-30T10:28:40.050+0300][2373,150s][info ][gc] GC(114855) To-space exhausted
[2021-04-30T10:28:40.050+0300][2373,150s][info ][gc] GC(114855) Pause Young (Normal) (G1 Evacuation Pause) 126M->126M(128M) 0,934ms
[2021-04-30T10:28:40.118+0300][2373,218s][info ][gc] GC(114856) Pause Full (G1 Evacuation Pause) 126M->123M(128M) 68,335ms
[2021-04-30T10:28:40.128+0300][2373,228s][info ][gc] GC(114857) To-space exhausted
[2021-04-30T10:28:40.128+0300][2373,228s][info ][gc] GC(114857) Pause Young (Concurrent Start) (G1 Evacuation Pause) 126M->126M(128M) 2,072ms
[2021-04-30T10:28:40.128+0300][2373,228s][info ][gc] GC(114859) Concurrent Cycle
[2021-04-30T10:28:40.128+0300][2373,228s][debug][gc] GC(114858) Clear Next Bitmap 0,111ms
[2021-04-30T10:28:40.199+0300][2373,299s][info ][gc] GC(114858) Pause Full (G1 Evacuation Pause) 126M->123M(128M) 70,999ms
[2021-04-30T10:28:40.199+0300][2373,299s][info ][gc] GC(114859) Concurrent Cycle 71,175ms
[2021-04-30T10:28:40.210+0300][2373,311s][info ][gc] GC(114860) To-space exhausted
[2021-04-30T10:28:40.210+0300][2373,311s][info ][gc] GC(114860) Pause Young (Normal) (G1 Evacuation Pause) 126M->126M(128M) 2,696ms
[2021-04-30T10:28:40.286+0300][2373,386s][info ][gc] GC(114861) Pause Full (G1 Evacuation Pause) 126M->123M(128M) 75,406ms
[2021-04-30T10:28:40.300+0300][2373,400s][info ][gc] GC(114862) To-space exhausted
[2021-04-30T10:28:40.300+0300][2373,400s][info ][gc] GC(114862) Pause Young (Concurrent Start) (G1 Evacuation Pause) 127M->127M(128M) 1,547ms
[2021-04-30T10:28:40.300+0300][2373,400s][info ][gc] GC(114864) Concurrent Cycle
[2021-04-30T10:28:40.300+0300][2373,401s][debug][gc] GC(114863) Clear Next Bitmap 0,115ms
[2021-04-30T10:28:40.371+0300][2373,471s][info ][gc] GC(114863) Pause Full (G1 Evacuation Pause) 127M->123M(128M) 70,845ms
[2021-04-30T10:28:40.371+0300][2373,471s][info ][gc] GC(114864) Concurrent Cycle 70,992ms
[2021-04-30T10:28:40.378+0300][2373,478s][info ][gc] GC(114865) To-space exhausted
[2021-04-30T10:28:40.378+0300][2373,478s][info ][gc] GC(114865) Pause Young (Normal) (G1 Evacuation Pause) 126M->126M(128M) 1,412ms
[2021-04-30T10:28:40.439+0300][2373,539s][info ][gc] GC(114866) Pause Full (G1 Evacuation Pause) 126M->123M(128M) 60,902ms
[2021-04-30T10:28:40.449+0300][2373,550s][info ][gc] GC(114867) To-space exhausted
[2021-04-30T10:28:40.450+0300][2373,550s][info ][gc] GC(114867) Pause Young (Concurrent Start) (G1 Evacuation Pause) 126M->126M(128M) 1,516ms
[2021-04-30T10:28:40.450+0300][2373,550s][info ][gc] GC(114869) Concurrent Cycle
[2021-04-30T10:28:40.450+0300][2373,550s][debug][gc] GC(114868) Clear Next Bitmap 0,455ms
[2021-04-30T10:28:40.511+0300][2373,611s][info ][gc] GC(114868) Pause Full (G1 Evacuation Pause) 126M->123M(128M) 61,294ms
[2021-04-30T10:28:40.511+0300][2373,611s][info ][gc] GC(114869) Concurrent Cycle 61,444ms
[2021-04-30T10:28:40.517+0300][2373,617s][info ][gc] GC(114870) To-space exhausted
[2021-04-30T10:28:40.517+0300][2373,617s][info ][gc] GC(114870) Pause Young (Normal) (G1 Evacuation Pause) 126M->126M(128M) 1,207ms
[2021-04-30T10:28:40.584+0300][2373,684s][info ][gc] GC(114871) Pause Full (G1 Evacuation Pause) 126M->123M(128M) 66,983ms
[2021-04-30T10:28:40.592+0300][2373,692s][info ][gc] GC(114872) To-space exhausted
[2021-04-30T10:28:40.592+0300][2373,692s][info ][gc] GC(114872) Pause Young (Concurrent Start) (G1 Evacuation Pause) 126M->126M(128M) 1,357ms
[2021-04-30T10:28:40.592+0300][2373,692s][info ][gc] GC(114874) Concurrent Cycle
[2021-04-30T10:28:40.592+0300][2373,693s][debug][gc] GC(114873) Clear Next Bitmap 0,079ms
[2021-04-30T10:28:40.646+0300][2373,747s][info ][gc] GC(114873) Pause Full (G1 Evacuation Pause) 126M->123M(128M) 54,379ms
[2021-04-30T10:28:40.647+0300][2373,747s][info ][gc] GC(114874) Concurrent Cycle 54,579ms
[2021-04-30T10:28:40.652+0300][2373,752s][info ][gc] GC(114875) To-space exhausted
[2021-04-30T10:28:40.652+0300][2373,753s][info ][gc] GC(114875) Pause Young (Normal) (G1 Evacuation Pause) 126M->126M(128M) 1,451ms
[2021-04-30T10:28:40.729+0300][2373,829s][info ][gc] GC(114876) Pause Full (G1 Evacuation Pause) 126M->123M(128M) 76,895ms
[2021-04-30T10:28:40.738+0300][2373,838s][info ][gc] GC(114877) To-space exhausted
[2021-04-30T10:28:40.738+0300][2373,838s][info ][gc] GC(114877) Pause Young (Concurrent Start) (G1 Evacuation Pause) 126M->126M(128M) 1,569ms
[2021-04-30T10:28:40.738+0300][2373,839s][info ][gc] GC(114879) Concurrent Cycle
[2021-04-30T10:28:40.738+0300][2373,839s][debug][gc] GC(114878) Clear Next Bitmap 0,181ms
[2021-04-30T10:28:40.809+0300][2373,910s][info ][gc] GC(114878) Pause Full (G1 Evacuation Pause) 126M->124M(128M) 71,137ms
[2021-04-30T10:28:40.810+0300][2373,910s][info ][gc] GC(114879) Concurrent Cycle 71,706ms
[2021-04-30T10:28:40.817+0300][2373,917s][info ][gc] GC(114880) To-space exhausted
[2021-04-30T10:28:40.817+0300][2373,917s][info ][gc] GC(114880) Pause Young (Normal) (G1 Evacuation Pause) 127M->127M(128M) 1,041ms
[2021-04-30T10:28:40.891+0300][2373,992s][info ][gc] GC(114881) Pause Full (G1 Evacuation Pause) 127M->123M(128M) 74,331ms
[2021-04-30T10:28:40.904+0300][2374,005s][info ][gc] GC(114882) To-space exhausted
[2021-04-30T10:28:40.905+0300][2374,005s][info ][gc] GC(114882) Pause Young (Concurrent Start) (G1 Evacuation Pause) 126M->126M(128M) 1,256ms
[2021-04-30T10:28:40.905+0300][2374,005s][info ][gc] GC(114884) Concurrent Cycle
[2021-04-30T10:28:40.905+0300][2374,005s][debug][gc] GC(114883) Clear Next Bitmap 0,080ms
[2021-04-30T10:28:40.977+0300][2374,078s][info ][gc] GC(114883) Pause Full (G1 Evacuation Pause) 126M->124M(128M) 72,810ms
[2021-04-30T10:28:40.978+0300][2374,078s][info ][gc] GC(114884) Concurrent Cycle 72,964ms
[2021-04-30T10:28:40.984+0300][2374,084s][info ][gc] GC(114885) To-space exhausted
[2021-04-30T10:28:40.984+0300][2374,084s][info ][gc] GC(114885) Pause Young (Normal) (G1 Evacuation Pause) 127M->127M(128M) 0,859ms
[2021-04-30T10:28:41.053+0300][2374,153s][info ][gc] GC(114886) Pause Full (G1 Evacuation Pause) 127M->124M(128M) 69,206ms
[2021-04-30T10:28:41.064+0300][2374,164s][info ][gc] GC(114887) To-space exhausted
[2021-04-30T10:28:41.064+0300][2374,164s][info ][gc] GC(114887) Pause Young (Concurrent Start) (G1 Evacuation Pause) 126M->126M(128M) 1,188ms
[2021-04-30T10:28:41.064+0300][2374,164s][info ][gc] GC(114889) Concurrent Cycle
[2021-04-30T10:28:41.064+0300][2374,164s][debug][gc] GC(114888) Clear Next Bitmap 0,105ms
[2021-04-30T10:28:41.132+0300][2374,233s][info ][gc] GC(114888) Pause Full (G1 Evacuation Pause) 126M->124M(128M) 68,480ms
[2021-04-30T10:28:41.132+0300][2374,233s][info ][gc] GC(114889) Concurrent Cycle 68,675ms
[2021-04-30T10:28:41.137+0300][2374,238s][info ][gc] GC(114890) To-space exhausted
[2021-04-30T10:28:41.137+0300][2374,238s][info ][gc] GC(114890) Pause Young (Normal) (G1 Evacuation Pause) 126M->126M(128M) 1,229ms
[2021-04-30T10:28:41.206+0300][2374,306s][info ][gc] GC(114891) Pause Full (G1 Evacuation Pause) 126M->124M(128M) 68,571ms
[2021-04-30T10:28:41.216+0300][2374,317s][info ][gc] GC(114892) To-space exhausted
[2021-04-30T10:28:41.217+0300][2374,317s][info ][gc] GC(114892) Pause Young (Concurrent Start) (G1 Evacuation Pause) 126M->126M(128M) 1,414ms
[2021-04-30T10:28:41.217+0300][2374,317s][info ][gc] GC(114894) Concurrent Cycle
[2021-04-30T10:28:41.217+0300][2374,317s][debug][gc] GC(114893) Clear Next Bitmap 0,122ms
[2021-04-30T10:28:41.295+0300][2374,395s][info ][gc] GC(114893) Pause Full (G1 Evacuation Pause) 126M->124M(128M) 78,522ms
[2021-04-30T10:28:41.295+0300][2374,396s][info ][gc] GC(114894) Concurrent Cycle 78,768ms
[2021-04-30T10:28:41.301+0300][2374,401s][info ][gc] GC(114895) To-space exhausted
[2021-04-30T10:28:41.301+0300][2374,401s][info ][gc] GC(114895) Pause Young (Normal) (G1 Evacuation Pause) 126M->126M(128M) 1,339ms
[2021-04-30T10:28:41.368+0300][2374,469s][info ][gc] GC(114896) Pause Full (G1 Evacuation Pause) 126M->124M(128M) 67,599ms
[2021-04-30T10:28:41.378+0300][2374,478s][info ][gc] GC(114897) To-space exhausted
[2021-04-30T10:28:41.378+0300][2374,478s][info ][gc] GC(114897) Pause Young (Concurrent Start) (G1 Evacuation Pause) 126M->126M(128M) 3,344ms
[2021-04-30T10:28:41.378+0300][2374,479s][info ][gc] GC(114899) Concurrent Cycle
[2021-04-30T10:28:41.379+0300][2374,479s][debug][gc] GC(114898) Clear Next Bitmap 0,261ms
[2021-04-30T10:28:41.444+0300][2374,545s][info ][gc] GC(114898) Pause Full (G1 Evacuation Pause) 126M->124M(128M) 66,234ms
[2021-04-30T10:28:41.445+0300][2374,545s][info ][gc] GC(114899) Concurrent Cycle 66,379ms
[2021-04-30T10:28:41.451+0300][2374,551s][info ][gc] GC(114900) To-space exhausted
[2021-04-30T10:28:41.451+0300][2374,551s][info ][gc] GC(114900) Pause Young (Normal) (G1 Evacuation Pause) 127M->127M(128M) 1,217ms
[2021-04-30T10:28:41.524+0300][2374,624s][info ][gc] GC(114901) Pause Full (G1 Evacuation Pause) 127M->124M(128M) 73,239ms
[2021-04-30T10:28:41.536+0300][2374,636s][info ][gc] GC(114902) To-space exhausted
[2021-04-30T10:28:41.536+0300][2374,636s][info ][gc] GC(114902) Pause Young (Concurrent Start) (G1 Evacuation Pause) 126M->126M(128M) 2,460ms
[2021-04-30T10:28:41.536+0300][2374,636s][info ][gc] GC(114904) Concurrent Cycle
[2021-04-30T10:28:41.536+0300][2374,636s][debug][gc] GC(114903) Clear Next Bitmap 0,091ms
[2021-04-30T10:28:41.606+0300][2374,706s][info ][gc] GC(114903) Pause Full (G1 Evacuation Pause) 126M->124M(128M) 69,557ms
[2021-04-30T10:28:41.606+0300][2374,706s][info ][gc] GC(114904) Concurrent Cycle 69,684ms
[2021-04-30T10:28:41.610+0300][2374,710s][info ][gc] GC(114905) To-space exhausted
[2021-04-30T10:28:41.610+0300][2374,710s][info ][gc] GC(114905) Pause Young (Normal) (G1 Evacuation Pause) 126M->126M(128M) 1,153ms
[2021-04-30T10:28:41.670+0300][2374,770s][info ][gc] GC(114906) Pause Full (G1 Evacuation Pause) 126M->124M(128M) 60,324ms
[2021-04-30T10:28:41.676+0300][2374,777s][info ][gc] GC(114907) To-space exhausted
[2021-04-30T10:28:41.676+0300][2374,777s][info ][gc] GC(114907) Pause Young (Concurrent Start) (G1 Evacuation Pause) 126M->126M(128M) 1,282ms
[2021-04-30T10:28:41.677+0300][2374,777s][info ][gc] GC(114909) Concurrent Cycle
[2021-04-30T10:28:41.677+0300][2374,777s][debug][gc] GC(114908) Clear Next Bitmap 0,151ms
[2021-04-30T10:28:41.747+0300][2374,848s][info ][gc] GC(114908) Pause Full (G1 Evacuation Pause) 126M->124M(128M) 70,783ms
[2021-04-30T10:28:41.748+0300][2374,848s][info ][gc] GC(114909) Concurrent Cycle 70,948ms
[2021-04-30T10:28:41.752+0300][2374,853s][info ][gc] GC(114910) To-space exhausted
[2021-04-30T10:28:41.752+0300][2374,853s][info ][gc] GC(114910) Pause Young (Normal) (G1 Evacuation Pause) 126M->126M(128M) 1,489ms
[2021-04-30T10:28:41.825+0300][2374,925s][info ][gc] GC(114911) Pause Full (G1 Evacuation Pause) 126M->124M(128M) 72,110ms
[2021-04-30T10:28:41.836+0300][2374,936s][info ][gc] GC(114912) To-space exhausted
[2021-04-30T10:28:41.836+0300][2374,936s][info ][gc] GC(114912) Pause Young (Concurrent Start) (G1 Evacuation Pause) 126M->126M(128M) 1,290ms
[2021-04-30T10:28:41.836+0300][2374,936s][info ][gc] GC(114914) Concurrent Cycle
[2021-04-30T10:28:41.836+0300][2374,936s][debug][gc] GC(114913) Clear Next Bitmap 0,098ms
[2021-04-30T10:28:41.909+0300][2375,010s][info ][gc] GC(114913) Pause Full (G1 Evacuation Pause) 126M->124M(128M) 73,380ms
[2021-04-30T10:28:41.910+0300][2375,010s][info ][gc] GC(114914) Concurrent Cycle 73,932ms
[2021-04-30T10:28:41.916+0300][2375,016s][info ][gc] GC(114915) To-space exhausted
[2021-04-30T10:28:41.916+0300][2375,016s][info ][gc] GC(114915) Pause Young (Normal) (G1 Evacuation Pause) 126M->126M(128M) 1,143ms
[2021-04-30T10:28:41.993+0300][2375,093s][info ][gc] GC(114916) Pause Full (G1 Evacuation Pause) 126M->124M(128M) 76,684ms
[2021-04-30T10:28:42.002+0300][2375,102s][info ][gc] GC(114917) To-space exhausted
[2021-04-30T10:28:42.002+0300][2375,102s][info ][gc] GC(114917) Pause Young (Concurrent Start) (G1 Evacuation Pause) 126M->126M(128M) 1,097ms
[2021-04-30T10:28:42.002+0300][2375,102s][info ][gc] GC(114919) Concurrent Cycle
[2021-04-30T10:28:42.002+0300][2375,102s][debug][gc] GC(114918) Clear Next Bitmap 0,101ms
[2021-04-30T10:28:42.073+0300][2375,173s][info ][gc] GC(114918) Pause Full (G1 Evacuation Pause) 126M->124M(128M) 71,162ms
[2021-04-30T10:28:42.073+0300][2375,173s][info ][gc] GC(114919) Concurrent Cycle 71,378ms
[2021-04-30T10:28:42.079+0300][2375,180s][info ][gc] GC(114920) To-space exhausted
[2021-04-30T10:28:42.079+0300][2375,180s][info ][gc] GC(114920) Pause Young (Normal) (G1 Evacuation Pause) 126M->126M(128M) 1,608ms
[2021-04-30T10:28:42.152+0300][2375,252s][info ][gc] GC(114921) Pause Full (G1 Evacuation Pause) 126M->124M(128M) 72,167ms
[2021-04-30T10:28:42.159+0300][2375,259s][info ][gc] GC(114922) To-space exhausted
[2021-04-30T10:28:42.159+0300][2375,259s][info ][gc] GC(114922) Pause Young (Concurrent Start) (G1 Evacuation Pause) 126M->126M(128M) 1,446ms
[2021-04-30T10:28:42.159+0300][2375,260s][info ][gc] GC(114924) Concurrent Cycle
[2021-04-30T10:28:42.160+0300][2375,260s][debug][gc] GC(114923) Clear Next Bitmap 0,460ms
[2021-04-30T10:28:42.233+0300][2375,333s][info ][gc] GC(114923) Pause Full (G1 Evacuation Pause) 126M->124M(128M) 73,854ms
[2021-04-30T10:28:42.233+0300][2375,334s][info ][gc] GC(114924) Concurrent Cycle 74,080ms
[2021-04-30T10:28:42.238+0300][2375,338s][info ][gc] GC(114925) To-space exhausted
[2021-04-30T10:28:42.238+0300][2375,338s][info ][gc] GC(114925) Pause Young (Normal) (G1 Evacuation Pause) 126M->126M(128M) 0,930ms
[2021-04-30T10:28:42.311+0300][2375,411s][info ][gc] GC(114926) Pause Full (G1 Evacuation Pause) 126M->124M(128M) 72,795ms
[2021-04-30T10:28:42.319+0300][2375,420s][info ][gc] GC(114927) To-space exhausted
[2021-04-30T10:28:42.319+0300][2375,420s][info ][gc] GC(114927) Pause Young (Concurrent Start) (G1 Evacuation Pause) 126M->126M(128M) 1,334ms
[2021-04-30T10:28:42.320+0300][2375,420s][info ][gc] GC(114929) Concurrent Cycle
[2021-04-30T10:28:42.320+0300][2375,420s][debug][gc] GC(114928) Clear Next Bitmap 0,104ms
[2021-04-30T10:28:42.394+0300][2375,495s][info ][gc] GC(114928) Pause Full (G1 Evacuation Pause) 126M->124M(128M) 74,825ms
[2021-04-30T10:28:42.395+0300][2375,495s][info ][gc] GC(114929) Concurrent Cycle 75,065ms
[2021-04-30T10:28:42.400+0300][2375,501s][info ][gc] GC(114930) To-space exhausted
[2021-04-30T10:28:42.400+0300][2375,501s][info ][gc] GC(114930) Pause Young (Normal) (G1 Evacuation Pause) 126M->126M(128M) 1,379ms
[2021-04-30T10:28:42.473+0300][2375,573s][info ][gc] GC(114931) Pause Full (G1 Evacuation Pause) 126M->124M(128M) 72,188ms
[2021-04-30T10:28:42.484+0300][2375,584s][info ][gc] GC(114932) To-space exhausted
[2021-04-30T10:28:42.484+0300][2375,584s][info ][gc] GC(114932) Pause Young (Concurrent Start) (G1 Evacuation Pause) 126M->126M(128M) 1,858ms
[2021-04-30T10:28:42.484+0300][2375,584s][info ][gc] GC(114934) Concurrent Cycle
[2021-04-30T10:28:42.484+0300][2375,584s][debug][gc] GC(114933) Clear Next Bitmap 0,090ms
[2021-04-30T10:28:42.546+0300][2375,647s][info ][gc] GC(114933) Pause Full (G1 Evacuation Pause) 126M->124M(128M) 62,635ms
[2021-04-30T10:28:42.546+0300][2375,647s][info ][gc] GC(114934) Concurrent Cycle 62,810ms
[2021-04-30T10:28:42.554+0300][2375,654s][info ][gc] GC(114935) To-space exhausted
[2021-04-30T10:28:42.554+0300][2375,654s][info ][gc] GC(114935) Pause Young (Normal) (G1 Evacuation Pause) 126M->126M(128M) 0,865ms
[2021-04-30T10:28:42.614+0300][2375,714s][info ][gc] GC(114936) Pause Full (G1 Evacuation Pause) 126M->124M(128M) 60,167ms
[2021-04-30T10:28:42.621+0300][2375,721s][info ][gc] GC(114937) To-space exhausted
[2021-04-30T10:28:42.621+0300][2375,721s][info ][gc] GC(114937) Pause Young (Concurrent Start) (G1 Evacuation Pause) 126M->126M(128M) 1,364ms
[2021-04-30T10:28:42.621+0300][2375,721s][info ][gc] GC(114939) Concurrent Cycle
[2021-04-30T10:28:42.621+0300][2375,721s][debug][gc] GC(114938) Clear Next Bitmap 0,093ms
[2021-04-30T10:28:42.688+0300][2375,788s][info ][gc] GC(114938) Pause Full (G1 Evacuation Pause) 126M->124M(128M) 67,154ms
[2021-04-30T10:28:42.688+0300][2375,789s][info ][gc] GC(114939) Concurrent Cycle 67,412ms
[2021-04-30T10:28:42.693+0300][2375,793s][info ][gc] GC(114940) To-space exhausted
[2021-04-30T10:28:42.693+0300][2375,793s][info ][gc] GC(114940) Pause Young (Normal) (G1 Evacuation Pause) 126M->126M(128M) 0,958ms
[2021-04-30T10:28:42.750+0300][2375,851s][info ][gc] GC(114941) Pause Full (G1 Evacuation Pause) 126M->124M(128M) 57,359ms
[2021-04-30T10:28:42.760+0300][2375,860s][info ][gc] GC(114942) To-space exhausted
[2021-04-30T10:28:42.760+0300][2375,861s][info ][gc] GC(114942) Pause Young (Concurrent Start) (G1 Evacuation Pause) 126M->126M(128M) 3,226ms
[2021-04-30T10:28:42.760+0300][2375,861s][info ][gc] GC(114944) Concurrent Cycle
[2021-04-30T10:28:42.761+0300][2375,861s][debug][gc] GC(114943) Clear Next Bitmap 0,516ms
[2021-04-30T10:28:42.823+0300][2375,923s][info ][gc] GC(114943) Pause Full (G1 Evacuation Pause) 126M->124M(128M) 62,794ms
[2021-04-30T10:28:42.823+0300][2375,924s][info ][gc] GC(114944) Concurrent Cycle 63,049ms
[2021-04-30T10:28:42.830+0300][2375,930s][info ][gc] GC(114945) To-space exhausted
[2021-04-30T10:28:42.830+0300][2375,931s][info ][gc] GC(114945) Pause Young (Normal) (G1 Evacuation Pause) 126M->126M(128M) 2,289ms
[2021-04-30T10:28:42.902+0300][2376,002s][info ][gc] GC(114946) Pause Full (G1 Evacuation Pause) 126M->124M(128M) 71,298ms
[2021-04-30T10:28:42.909+0300][2376,009s][info ][gc] GC(114947) To-space exhausted
[2021-04-30T10:28:42.909+0300][2376,010s][info ][gc] GC(114947) Pause Young (Concurrent Start) (G1 Evacuation Pause) 126M->126M(128M) 1,440ms
[2021-04-30T10:28:42.909+0300][2376,010s][info ][gc] GC(114949) Concurrent Cycle
[2021-04-30T10:28:42.910+0300][2376,010s][debug][gc] GC(114948) Clear Next Bitmap 0,322ms
[2021-04-30T10:28:42.992+0300][2376,092s][info ][gc] GC(114948) Pause Full (G1 Evacuation Pause) 126M->124M(128M) 82,716ms
[2021-04-30T10:28:42.992+0300][2376,093s][info ][gc] GC(114949) Concurrent Cycle 82,886ms
[2021-04-30T10:28:42.997+0300][2376,097s][info ][gc] GC(114950) To-space exhausted
[2021-04-30T10:28:42.997+0300][2376,097s][info ][gc] GC(114950) Pause Young (Normal) (G1 Evacuation Pause) 126M->126M(128M) 1,145ms
[2021-04-30T10:28:43.064+0300][2376,164s][info ][gc] GC(114951) Pause Full (G1 Evacuation Pause) 126M->124M(128M) 67,163ms
[2021-04-30T10:28:43.072+0300][2376,172s][info ][gc] GC(114952) To-space exhausted
[2021-04-30T10:28:43.072+0300][2376,172s][info ][gc] GC(114952) Pause Young (Concurrent Start) (G1 Evacuation Pause) 126M->126M(128M) 1,664ms
[2021-04-30T10:28:43.072+0300][2376,172s][info ][gc] GC(114954) Concurrent Cycle
[2021-04-30T10:28:43.072+0300][2376,172s][debug][gc] GC(114953) Clear Next Bitmap 0,113ms
[2021-04-30T10:28:43.141+0300][2376,241s][info ][gc] GC(114953) Pause Full (G1 Evacuation Pause) 126M->124M(128M) 68,866ms
[2021-04-30T10:28:43.141+0300][2376,241s][info ][gc] GC(114954) Concurrent Cycle 69,055ms
[2021-04-30T10:28:43.147+0300][2376,247s][info ][gc] GC(114955) To-space exhausted
[2021-04-30T10:28:43.147+0300][2376,247s][info ][gc] GC(114955) Pause Young (Normal) (G1 Evacuation Pause) 126M->126M(128M) 1,703ms
[2021-04-30T10:28:43.210+0300][2376,310s][info ][gc] GC(114956) Pause Full (G1 Evacuation Pause) 126M->124M(128M) 63,207ms
[2021-04-30T10:28:43.219+0300][2376,319s][info ][gc] GC(114957) To-space exhausted
[2021-04-30T10:28:43.219+0300][2376,319s][info ][gc] GC(114957) Pause Young (Concurrent Start) (G1 Evacuation Pause) 126M->126M(128M) 1,124ms
[2021-04-30T10:28:43.219+0300][2376,319s][info ][gc] GC(114959) Concurrent Cycle
[2021-04-30T10:28:43.219+0300][2376,319s][debug][gc] GC(114958) Clear Next Bitmap 0,080ms
[2021-04-30T10:28:43.278+0300][2376,378s][info ][gc] GC(114958) Pause Full (G1 Evacuation Pause) 126M->124M(128M) 58,798ms
[2021-04-30T10:28:43.278+0300][2376,378s][info ][gc] GC(114959) Concurrent Cycle 58,948ms
[2021-04-30T10:28:43.282+0300][2376,382s][info ][gc] GC(114960) To-space exhausted
[2021-04-30T10:28:43.282+0300][2376,382s][info ][gc] GC(114960) Pause Young (Normal) (G1 Evacuation Pause) 126M->126M(128M) 1,190ms
[2021-04-30T10:28:43.351+0300][2376,451s][info ][gc] GC(114961) Pause Full (G1 Evacuation Pause) 126M->125M(128M) 68,741ms
[2021-04-30T10:28:43.358+0300][2376,458s][info ][gc] GC(114962) To-space exhausted
[2021-04-30T10:28:43.358+0300][2376,458s][info ][gc] GC(114962) Pause Young (Concurrent Start) (G1 Evacuation Pause) 127M->127M(128M) 1,199ms
[2021-04-30T10:28:43.358+0300][2376,458s][info ][gc] GC(114964) Concurrent Cycle
[2021-04-30T10:28:43.358+0300][2376,458s][debug][gc] GC(114963) Clear Next Bitmap 0,074ms
[2021-04-30T10:28:43.429+0300][2376,530s][info ][gc] GC(114963) Pause Full (G1 Evacuation Pause) 127M->125M(128M) 71,246ms
[2021-04-30T10:28:43.430+0300][2376,530s][info ][gc] GC(114964) Concurrent Cycle 71,878ms
[2021-04-30T10:28:43.436+0300][2376,536s][info ][gc] GC(114965) To-space exhausted
[2021-04-30T10:28:43.436+0300][2376,536s][info ][gc] GC(114965) Pause Young (Normal) (G1 Evacuation Pause) 127M->127M(128M) 1,337ms
[2021-04-30T10:28:43.504+0300][2376,605s][info ][gc] GC(114966) Pause Full (G1 Evacuation Pause) 127M->125M(128M) 68,409ms
[2021-04-30T10:28:43.512+0300][2376,612s][info ][gc] GC(114967) To-space exhausted
[2021-04-30T10:28:43.512+0300][2376,612s][info ][gc] GC(114967) Pause Young (Concurrent Start) (G1 Evacuation Pause) 127M->127M(128M) 1,084ms
[2021-04-30T10:28:43.512+0300][2376,612s][info ][gc] GC(114969) Concurrent Cycle
[2021-04-30T10:28:43.512+0300][2376,612s][debug][gc] GC(114968) Clear Next Bitmap 0,073ms
[2021-04-30T10:28:43.581+0300][2376,681s][info ][gc] GC(114968) Pause Full (G1 Evacuation Pause) 127M->125M(128M) 69,027ms
[2021-04-30T10:28:43.582+0300][2376,682s][info ][gc] GC(114969) Concurrent Cycle 69,527ms
[2021-04-30T10:28:43.587+0300][2376,688s][info ][gc] GC(114970) To-space exhausted
[2021-04-30T10:28:43.587+0300][2376,688s][info ][gc] GC(114970) Pause Young (Normal) (G1 Evacuation Pause) 127M->127M(128M) 0,972ms
[2021-04-30T10:28:43.647+0300][2376,747s][info ][gc] GC(114971) Pause Full (G1 Evacuation Pause) 127M->125M(128M) 59,151ms
[2021-04-30T10:28:43.654+0300][2376,755s][info ][gc] GC(114972) To-space exhausted
[2021-04-30T10:28:43.655+0300][2376,755s][info ][gc] GC(114972) Pause Young (Concurrent Start) (G1 Evacuation Pause) 127M->127M(128M) 3,023ms
[2021-04-30T10:28:43.655+0300][2376,755s][info ][gc] GC(114974) Concurrent Cycle
[2021-04-30T10:28:43.655+0300][2376,756s][debug][gc] GC(114973) Clear Next Bitmap 0,410ms
[2021-04-30T10:28:43.719+0300][2376,819s][info ][gc] GC(114973) Pause Full (G1 Evacuation Pause) 127M->125M(128M) 64,028ms
[2021-04-30T10:28:43.719+0300][2376,819s][info ][gc] GC(114974) Concurrent Cycle 64,199ms
[2021-04-30T10:28:43.724+0300][2376,824s][info ][gc] GC(114975) To-space exhausted
[2021-04-30T10:28:43.724+0300][2376,824s][info ][gc] GC(114975) Pause Young (Normal) (G1 Evacuation Pause) 127M->127M(128M) 1,374ms
[2021-04-30T10:28:43.804+0300][2376,905s][info ][gc] GC(114976) Pause Full (G1 Evacuation Pause) 127M->125M(128M) 80,743ms
[2021-04-30T10:28:43.814+0300][2376,915s][info ][gc] GC(114977) To-space exhausted
[2021-04-30T10:28:43.814+0300][2376,915s][info ][gc] GC(114977) Pause Young (Concurrent Start) (G1 Evacuation Pause) 127M->127M(128M) 2,024ms
[2021-04-30T10:28:43.815+0300][2376,915s][info ][gc] GC(114979) Concurrent Cycle
[2021-04-30T10:28:43.815+0300][2376,915s][debug][gc] GC(114978) Clear Next Bitmap 0,114ms
[2021-04-30T10:28:43.889+0300][2376,990s][info ][gc] GC(114978) Pause Full (G1 Evacuation Pause) 127M->125M(128M) 74,838ms
[2021-04-30T10:28:43.890+0300][2376,990s][info ][gc] GC(114979) Concurrent Cycle 75,053ms
[2021-04-30T10:28:43.896+0300][2376,997s][info ][gc] GC(114980) To-space exhausted
[2021-04-30T10:28:43.896+0300][2376,997s][info ][gc] GC(114980) Pause Young (Normal) (G1 Evacuation Pause) 127M->127M(128M) 2,132ms
[2021-04-30T10:28:43.963+0300][2377,064s][info ][gc] GC(114981) Pause Full (G1 Evacuation Pause) 127M->125M(128M) 67,009ms
[2021-04-30T10:28:43.971+0300][2377,071s][info ][gc] GC(114982) To-space exhausted
[2021-04-30T10:28:43.971+0300][2377,071s][info ][gc] GC(114982) Pause Young (Concurrent Start) (G1 Evacuation Pause) 127M->127M(128M) 1,299ms
[2021-04-30T10:28:43.971+0300][2377,071s][info ][gc] GC(114984) Concurrent Cycle
[2021-04-30T10:28:43.971+0300][2377,071s][debug][gc] GC(114983) Clear Next Bitmap 0,112ms
[2021-04-30T10:28:44.041+0300][2377,141s][info ][gc] GC(114983) Pause Full (G1 Evacuation Pause) 127M->125M(128M) 70,390ms
[2021-04-30T10:28:44.041+0300][2377,142s][info ][gc] GC(114984) Concurrent Cycle 70,533ms
[2021-04-30T10:28:44.047+0300][2377,148s][info ][gc] GC(114985) To-space exhausted
[2021-04-30T10:28:44.048+0300][2377,148s][info ][gc] GC(114985) Pause Young (Normal) (G1 Evacuation Pause) 127M->127M(128M) 1,082ms
[2021-04-30T10:28:44.121+0300][2377,221s][info ][gc] GC(114986) Pause Full (G1 Evacuation Pause) 127M->125M(128M) 73,097ms
[2021-04-30T10:28:44.131+0300][2377,232s][info ][gc] GC(114987) To-space exhausted
[2021-04-30T10:28:44.131+0300][2377,232s][info ][gc] GC(114987) Pause Young (Concurrent Start) (G1 Evacuation Pause) 127M->127M(128M) 3,605ms
[2021-04-30T10:28:44.132+0300][2377,232s][info ][gc] GC(114989) Concurrent Cycle
[2021-04-30T10:28:44.132+0300][2377,232s][debug][gc] GC(114988) Clear Next Bitmap 0,171ms
[2021-04-30T10:28:44.209+0300][2377,309s][info ][gc] GC(114988) Pause Full (G1 Evacuation Pause) 127M->125M(128M) 77,050ms
[2021-04-30T10:28:44.212+0300][2377,312s][info ][gc] GC(114989) Concurrent Cycle 80,594ms
[2021-04-30T10:28:44.219+0300][2377,319s][info ][gc] GC(114990) To-space exhausted
[2021-04-30T10:28:44.219+0300][2377,319s][info ][gc] GC(114990) Pause Young (Normal) (G1 Evacuation Pause) 127M->127M(128M) 1,133ms
[2021-04-30T10:28:44.311+0300][2377,411s][info ][gc] GC(114991) Pause Full (G1 Evacuation Pause) 127M->125M(128M) 92,020ms
[2021-04-30T10:28:44.324+0300][2377,424s][info ][gc] GC(114992) To-space exhausted
[2021-04-30T10:28:44.324+0300][2377,424s][info ][gc] GC(114992) Pause Young (Concurrent Start) (G1 Evacuation Pause) 127M->127M(128M) 5,020ms
[2021-04-30T10:28:44.324+0300][2377,424s][info ][gc] GC(114994) Concurrent Cycle
[2021-04-30T10:28:44.324+0300][2377,424s][debug][gc] GC(114993) Clear Next Bitmap 0,081ms
[2021-04-30T10:28:44.403+0300][2377,504s][info ][gc] GC(114993) Pause Full (G1 Evacuation Pause) 127M->125M(128M) 79,124ms
[2021-04-30T10:28:44.403+0300][2377,504s][info ][gc] GC(114994) Concurrent Cycle 79,304ms
[2021-04-30T10:28:44.408+0300][2377,508s][info ][gc] GC(114995) To-space exhausted
[2021-04-30T10:28:44.408+0300][2377,508s][info ][gc] GC(114995) Pause Young (Normal) (G1 Evacuation Pause) 127M->127M(128M) 0,936ms
[2021-04-30T10:28:44.474+0300][2377,574s][info ][gc] GC(114996) Pause Full (G1 Evacuation Pause) 127M->125M(128M) 65,639ms
[2021-04-30T10:28:44.481+0300][2377,582s][info ][gc] GC(114997) To-space exhausted
[2021-04-30T10:28:44.482+0300][2377,582s][info ][gc] GC(114997) Pause Young (Concurrent Start) (G1 Evacuation Pause) 127M->127M(128M) 1,291ms
[2021-04-30T10:28:44.482+0300][2377,582s][info ][gc] GC(114999) Concurrent Cycle
[2021-04-30T10:28:44.482+0300][2377,582s][debug][gc] GC(114998) Clear Next Bitmap 0,109ms
[2021-04-30T10:28:44.542+0300][2377,643s][info ][gc] GC(114998) Pause Full (G1 Evacuation Pause) 127M->125M(128M) 60,733ms
[2021-04-30T10:28:44.542+0300][2377,643s][info ][gc] GC(114999) Concurrent Cycle 60,862ms
[2021-04-30T10:28:44.548+0300][2377,648s][info ][gc] GC(115000) To-space exhausted
[2021-04-30T10:28:44.548+0300][2377,648s][info ][gc] GC(115000) Pause Young (Normal) (G1 Evacuation Pause) 127M->127M(128M) 0,806ms
[2021-04-30T10:28:44.608+0300][2377,708s][info ][gc] GC(115001) Pause Full (G1 Evacuation Pause) 127M->125M(128M) 59,873ms
[2021-04-30T10:28:44.615+0300][2377,715s][info ][gc] GC(115002) To-space exhausted
[2021-04-30T10:28:44.615+0300][2377,715s][info ][gc] GC(115002) Pause Young (Concurrent Start) (G1 Evacuation Pause) 127M->127M(128M) 1,271ms
[2021-04-30T10:28:44.615+0300][2377,716s][info ][gc] GC(115004) Concurrent Cycle
[2021-04-30T10:28:44.615+0300][2377,716s][debug][gc] GC(115003) Clear Next Bitmap 0,091ms
[2021-04-30T10:28:44.681+0300][2377,781s][info ][gc] GC(115003) Pause Full (G1 Evacuation Pause) 127M->125M(128M) 65,520ms
[2021-04-30T10:28:44.681+0300][2377,781s][info ][gc] GC(115004) Concurrent Cycle 65,658ms
[2021-04-30T10:28:44.686+0300][2377,786s][info ][gc] GC(115005) To-space exhausted
[2021-04-30T10:28:44.686+0300][2377,786s][info ][gc] GC(115005) Pause Young (Normal) (G1 Evacuation Pause) 127M->127M(128M) 1,205ms
[2021-04-30T10:28:44.752+0300][2377,853s][info ][gc] GC(115006) Pause Full (G1 Evacuation Pause) 127M->125M(128M) 66,660ms
[2021-04-30T10:28:44.759+0300][2377,859s][info ][gc] GC(115007) To-space exhausted
[2021-04-30T10:28:44.759+0300][2377,859s][info ][gc] GC(115007) Pause Young (Concurrent Start) (G1 Evacuation Pause) 126M->126M(128M) 1,763ms
[2021-04-30T10:28:44.759+0300][2377,859s][info ][gc] GC(115009) Concurrent Cycle
[2021-04-30T10:28:44.759+0300][2377,859s][debug][gc] GC(115008) Clear Next Bitmap 0,080ms
[2021-04-30T10:28:44.824+0300][2377,924s][info ][gc] GC(115008) Pause Full (G1 Evacuation Pause) 126M->125M(128M) 65,366ms
[2021-04-30T10:28:44.824+0300][2377,925s][info ][gc] GC(115009) Concurrent Cycle 65,574ms
[2021-04-30T10:28:44.827+0300][2377,927s][info ][gc] GC(115010) To-space exhausted
[2021-04-30T10:28:44.827+0300][2377,928s][info ][gc] GC(115010) Pause Young (Normal) (G1 Evacuation Pause) 126M->126M(128M) 1,527ms
[2021-04-30T10:28:44.902+0300][2378,002s][info ][gc] GC(115011) Pause Full (G1 Evacuation Pause) 126M->125M(128M) 74,338ms
[2021-04-30T10:28:44.909+0300][2378,010s][info ][gc] GC(115012) To-space exhausted
[2021-04-30T10:28:44.909+0300][2378,010s][info ][gc] GC(115012) Pause Young (Concurrent Start) (G1 Evacuation Pause) 127M->127M(128M) 1,445ms
[2021-04-30T10:28:44.909+0300][2378,010s][info ][gc] GC(115014) Concurrent Cycle
[2021-04-30T10:28:44.910+0300][2378,010s][debug][gc] GC(115013) Clear Next Bitmap 0,088ms
[2021-04-30T10:28:44.987+0300][2378,087s][info ][gc] GC(115013) Pause Full (G1 Evacuation Pause) 127M->125M(128M) 77,248ms
[2021-04-30T10:28:44.987+0300][2378,087s][info ][gc] GC(115014) Concurrent Cycle 77,376ms
[2021-04-30T10:28:44.990+0300][2378,090s][info ][gc] GC(115015) To-space exhausted
[2021-04-30T10:28:44.990+0300][2378,090s][info ][gc] GC(115015) Pause Young (Normal) (G1 Evacuation Pause) 126M->126M(128M) 0,896ms
[2021-04-30T10:28:45.067+0300][2378,167s][info ][gc] GC(115016) Pause Full (G1 Evacuation Pause) 126M->125M(128M) 76,489ms
[2021-04-30T10:28:45.074+0300][2378,175s][info ][gc] GC(115017) To-space exhausted
[2021-04-30T10:28:45.074+0300][2378,175s][info ][gc] GC(115017) Pause Young (Concurrent Start) (G1 Evacuation Pause) 127M->127M(128M) 1,422ms
[2021-04-30T10:28:45.074+0300][2378,175s][info ][gc] GC(115019) Concurrent Cycle
[2021-04-30T10:28:45.075+0300][2378,175s][debug][gc] GC(115018) Clear Next Bitmap 0,119ms
[2021-04-30T10:28:45.149+0300][2378,250s][info ][gc] GC(115018) Pause Full (G1 Evacuation Pause) 127M->125M(128M) 74,939ms
[2021-04-30T10:28:45.150+0300][2378,250s][info ][gc] GC(115019) Concurrent Cycle 75,112ms
[2021-04-30T10:28:45.155+0300][2378,255s][info ][gc] GC(115020) To-space exhausted
[2021-04-30T10:28:45.155+0300][2378,255s][info ][gc] GC(115020) Pause Young (Normal) (G1 Evacuation Pause) 127M->127M(128M) 1,096ms
[2021-04-30T10:28:45.229+0300][2378,329s][info ][gc] GC(115021) Pause Full (G1 Evacuation Pause) 127M->125M(128M) 74,049ms
[2021-04-30T10:28:45.238+0300][2378,339s][info ][gc] GC(115022) To-space exhausted
[2021-04-30T10:28:45.239+0300][2378,339s][info ][gc] GC(115022) Pause Young (Concurrent Start) (G1 Evacuation Pause) 127M->127M(128M) 1,146ms
[2021-04-30T10:28:45.239+0300][2378,339s][info ][gc] GC(115024) Concurrent Cycle
[2021-04-30T10:28:45.239+0300][2378,339s][debug][gc] GC(115023) Clear Next Bitmap 0,116ms
[2021-04-30T10:28:45.314+0300][2378,415s][info ][gc] GC(115023) Pause Full (G1 Evacuation Pause) 127M->125M(128M) 75,892ms
[2021-04-30T10:28:45.315+0300][2378,416s][info ][gc] GC(115024) Concurrent Cycle 76,741ms
[2021-04-30T10:28:45.319+0300][2378,420s][info ][gc] GC(115025) To-space exhausted
[2021-04-30T10:28:45.319+0300][2378,420s][info ][gc] GC(115025) Pause Young (Normal) (G1 Evacuation Pause) 126M->126M(128M) 0,952ms
[2021-04-30T10:28:45.388+0300][2378,489s][info ][gc] GC(115026) Pause Full (G1 Evacuation Pause) 126M->125M(128M) 68,644ms
[2021-04-30T10:28:45.394+0300][2378,494s][info ][gc] GC(115027) To-space exhausted
[2021-04-30T10:28:45.394+0300][2378,494s][info ][gc] GC(115027) Pause Young (Concurrent Start) (G1 Evacuation Pause) 126M->126M(128M) 1,257ms
[2021-04-30T10:28:45.394+0300][2378,494s][info ][gc] GC(115029) Concurrent Cycle
[2021-04-30T10:28:45.394+0300][2378,494s][debug][gc] GC(115028) Clear Next Bitmap 0,227ms
[2021-04-30T10:28:45.460+0300][2378,560s][info ][gc] GC(115028) Pause Full (G1 Evacuation Pause) 126M->125M(128M) 65,624ms
[2021-04-30T10:28:45.460+0300][2378,560s][info ][gc] GC(115029) Concurrent Cycle 65,877ms
[2021-04-30T10:28:45.465+0300][2378,565s][info ][gc] GC(115030) To-space exhausted
[2021-04-30T10:28:45.465+0300][2378,565s][info ][gc] GC(115030) Pause Young (Normal) (G1 Evacuation Pause) 126M->126M(128M) 2,597ms
[2021-04-30T10:28:45.533+0300][2378,633s][info ][gc] GC(115031) Pause Full (G1 Evacuation Pause) 126M->125M(128M) 68,335ms
[2021-04-30T10:28:45.539+0300][2378,639s][info ][gc] GC(115032) To-space exhausted
[2021-04-30T10:28:45.539+0300][2378,639s][info ][gc] GC(115032) Pause Young (Concurrent Start) (G1 Evacuation Pause) 126M->126M(128M) 1,349ms
[2021-04-30T10:28:45.539+0300][2378,639s][info ][gc] GC(115034) Concurrent Cycle
[2021-04-30T10:28:45.539+0300][2378,640s][debug][gc] GC(115033) Clear Next Bitmap 0,155ms
[2021-04-30T10:28:45.604+0300][2378,705s][info ][gc] GC(115033) Pause Full (G1 Evacuation Pause) 126M->125M(128M) 65,406ms
[2021-04-30T10:28:45.606+0300][2378,706s][info ][gc] GC(115034) Concurrent Cycle 67,011ms
[2021-04-30T10:28:45.613+0300][2378,713s][info ][gc] GC(115035) To-space exhausted
[2021-04-30T10:28:45.613+0300][2378,713s][info ][gc] GC(115035) Pause Young (Normal) (G1 Evacuation Pause) 127M->127M(128M) 1,793ms
[2021-04-30T10:28:45.675+0300][2378,776s][info ][gc] GC(115036) Pause Full (G1 Evacuation Pause) 127M->125M(128M) 62,576ms
[2021-04-30T10:28:45.683+0300][2378,783s][info ][gc] GC(115037) To-space exhausted
[2021-04-30T10:28:45.683+0300][2378,783s][info ][gc] GC(115037) Pause Young (Concurrent Start) (G1 Evacuation Pause) 127M->127M(128M) 1,447ms
[2021-04-30T10:28:45.683+0300][2378,783s][info ][gc] GC(115039) Concurrent Cycle
[2021-04-30T10:28:45.683+0300][2378,783s][debug][gc] GC(115038) Clear Next Bitmap 0,093ms
[2021-04-30T10:28:45.743+0300][2378,844s][info ][gc] GC(115038) Pause Full (G1 Evacuation Pause) 127M->125M(128M) 60,611ms
[2021-04-30T10:28:45.744+0300][2378,844s][info ][gc] GC(115039) Concurrent Cycle 60,760ms
[2021-04-30T10:28:45.746+0300][2378,847s][info ][gc] GC(115040) To-space exhausted
[2021-04-30T10:28:45.746+0300][2378,847s][info ][gc] GC(115040) Pause Young (Normal) (G1 Evacuation Pause) 126M->126M(128M) 1,083ms
[2021-04-30T10:28:45.816+0300][2378,916s][info ][gc] GC(115041) Pause Full (G1 Evacuation Pause) 126M->125M(128M) 69,121ms
[2021-04-30T10:28:45.821+0300][2378,921s][info ][gc] GC(115042) To-space exhausted
[2021-04-30T10:28:45.821+0300][2378,921s][info ][gc] GC(115042) Pause Young (Concurrent Start) (G1 Evacuation Pause) 126M->126M(128M) 1,340ms
[2021-04-30T10:28:45.821+0300][2378,921s][info ][gc] GC(115044) Concurrent Cycle
[2021-04-30T10:28:45.821+0300][2378,921s][debug][gc] GC(115043) Clear Next Bitmap 0,093ms
[2021-04-30T10:28:45.892+0300][2378,992s][info ][gc] GC(115043) Pause Full (G1 Evacuation Pause) 126M->125M(128M) 71,116ms
[2021-04-30T10:28:45.892+0300][2378,993s][info ][gc] GC(115044) Concurrent Cycle 71,312ms
[2021-04-30T10:28:45.900+0300][2379,000s][info ][gc] GC(115045) To-space exhausted
[2021-04-30T10:28:45.900+0300][2379,000s][info ][gc] GC(115045) Pause Young (Normal) (G1 Evacuation Pause) 127M->127M(128M) 1,540ms
[2021-04-30T10:28:45.981+0300][2379,082s][info ][gc] GC(115046) Pause Full (G1 Evacuation Pause) 127M->125M(128M) 81,588ms
[2021-04-30T10:28:45.988+0300][2379,088s][info ][gc] GC(115047) To-space exhausted
[2021-04-30T10:28:45.988+0300][2379,088s][info ][gc] GC(115047) Pause Young (Concurrent Start) (G1 Evacuation Pause) 126M->126M(128M) 1,219ms
[2021-04-30T10:28:45.988+0300][2379,088s][info ][gc] GC(115049) Concurrent Cycle
[2021-04-30T10:28:45.988+0300][2379,088s][debug][gc] GC(115048) Clear Next Bitmap 0,125ms
[2021-04-30T10:28:46.056+0300][2379,156s][info ][gc] GC(115048) Pause Full (G1 Evacuation Pause) 126M->125M(128M) 67,882ms
[2021-04-30T10:28:46.056+0300][2379,156s][info ][gc] GC(115049) Concurrent Cycle 68,036ms
[2021-04-30T10:28:46.058+0300][2379,159s][info ][gc] GC(115050) To-space exhausted
[2021-04-30T10:28:46.058+0300][2379,159s][info ][gc] GC(115050) Pause Young (Normal) (G1 Evacuation Pause) 126M->126M(128M) 0,817ms
[2021-04-30T10:28:46.123+0300][2379,224s][info ][gc] GC(115051) Pause Full (G1 Evacuation Pause) 126M->125M(128M) 65,035ms
[2021-04-30T10:28:46.129+0300][2379,229s][info ][gc] GC(115052) To-space exhausted
[2021-04-30T10:28:46.129+0300][2379,229s][info ][gc] GC(115052) Pause Young (Concurrent Start) (G1 Evacuation Pause) 126M->126M(128M) 1,142ms
[2021-04-30T10:28:46.129+0300][2379,229s][info ][gc] GC(115054) Concurrent Cycle
[2021-04-30T10:28:46.130+0300][2379,231s][debug][gc] GC(115053) Clear Next Bitmap 1,085ms
[2021-04-30T10:28:46.197+0300][2379,297s][info ][gc] GC(115053) Pause Full (G1 Evacuation Pause) 126M->126M(128M) 67,766ms
[2021-04-30T10:28:46.197+0300][2379,298s][info ][gc] GC(115054) Concurrent Cycle 68,227ms
[2021-04-30T10:28:46.202+0300][2379,302s][info ][gc] GC(115055) To-space exhausted
[2021-04-30T10:28:46.202+0300][2379,302s][info ][gc] GC(115055) Pause Young (Normal) (G1 Evacuation Pause) 127M->127M(128M) 1,775ms
[2021-04-30T10:28:46.275+0300][2379,375s][info ][gc] GC(115056) Pause Full (G1 Evacuation Pause) 127M->125M(128M) 73,048ms
[2021-04-30T10:28:46.283+0300][2379,384s][info ][gc] GC(115057) To-space exhausted
[2021-04-30T10:28:46.284+0300][2379,384s][info ][gc] GC(115057) Pause Young (Concurrent Start) (G1 Evacuation Pause) 127M->127M(128M) 1,194ms
[2021-04-30T10:28:46.284+0300][2379,384s][info ][gc] GC(115059) Concurrent Cycle
[2021-04-30T10:28:46.284+0300][2379,384s][debug][gc] GC(115058) Clear Next Bitmap 0,096ms
[2021-04-30T10:28:46.355+0300][2379,455s][info ][gc] GC(115058) Pause Full (G1 Evacuation Pause) 127M->125M(128M) 70,926ms
[2021-04-30T10:28:46.355+0300][2379,455s][info ][gc] GC(115059) Concurrent Cycle 71,117ms
[2021-04-30T10:28:46.360+0300][2379,460s][info ][gc] GC(115060) To-space exhausted
[2021-04-30T10:28:46.360+0300][2379,460s][info ][gc] GC(115060) Pause Young (Normal) (G1 Evacuation Pause) 127M->127M(128M) 1,058ms
[2021-04-30T10:28:46.435+0300][2379,535s][info ][gc] GC(115061) Pause Full (G1 Evacuation Pause) 127M->125M(128M) 75,004ms
[2021-04-30T10:28:46.442+0300][2379,543s][info ][gc] GC(115062) To-space exhausted
[2021-04-30T10:28:46.443+0300][2379,543s][info ][gc] GC(115062) Pause Young (Concurrent Start) (G1 Evacuation Pause) 126M->126M(128M) 1,553ms
[2021-04-30T10:28:46.443+0300][2379,543s][info ][gc] GC(115064) Concurrent Cycle
[2021-04-30T10:28:46.443+0300][2379,543s][debug][gc] GC(115063) Clear Next Bitmap 0,107ms
[2021-04-30T10:28:46.506+0300][2379,606s][info ][gc] GC(115063) Pause Full (G1 Evacuation Pause) 126M->126M(128M) 63,578ms
[2021-04-30T10:28:46.506+0300][2379,607s][info ][gc] GC(115064) Concurrent Cycle 63,764ms
[2021-04-30T10:28:46.510+0300][2379,610s][info ][gc] GC(115065) To-space exhausted
[2021-04-30T10:28:46.510+0300][2379,610s][info ][gc] GC(115065) Pause Young (Normal) (G1 Evacuation Pause) 127M->127M(128M) 1,277ms
[2021-04-30T10:28:46.576+0300][2379,676s][info ][gc] GC(115066) Pause Full (G1 Evacuation Pause) 127M->126M(128M) 65,697ms
[2021-04-30T10:28:46.580+0300][2379,681s][info ][gc] GC(115067) To-space exhausted
[2021-04-30T10:28:46.581+0300][2379,681s][info ][gc] GC(115067) Pause Young (Concurrent Start) (G1 Evacuation Pause) 127M->127M(128M) 1,167ms
[2021-04-30T10:28:46.581+0300][2379,681s][info ][gc] GC(115069) Concurrent Cycle
[2021-04-30T10:28:46.581+0300][2379,681s][debug][gc] GC(115068) Clear Next Bitmap 0,098ms
[2021-04-30T10:28:46.640+0300][2379,740s][info ][gc] GC(115068) Pause Full (G1 Evacuation Pause) 127M->126M(128M) 59,147ms
[2021-04-30T10:28:46.640+0300][2379,740s][info ][gc] GC(115069) Concurrent Cycle 59,322ms
[2021-04-30T10:28:46.645+0300][2379,745s][info ][gc] GC(115070) To-space exhausted
[2021-04-30T10:28:46.645+0300][2379,745s][info ][gc] GC(115070) Pause Young (Normal) (G1 Evacuation Pause) 127M->127M(128M) 1,064ms
[2021-04-30T10:28:46.724+0300][2379,824s][info ][gc] GC(115071) Pause Full (G1 Evacuation Pause) 127M->126M(128M) 78,526ms
[2021-04-30T10:28:46.729+0300][2379,829s][info ][gc] GC(115072) To-space exhausted
[2021-04-30T10:28:46.729+0300][2379,829s][info ][gc] GC(115072) Pause Young (Concurrent Start) (G1 Evacuation Pause) 127M->127M(128M) 1,327ms
[2021-04-30T10:28:46.729+0300][2379,830s][info ][gc] GC(115074) Concurrent Cycle
[2021-04-30T10:28:46.729+0300][2379,830s][debug][gc] GC(115073) Clear Next Bitmap 0,161ms
[2021-04-30T10:28:46.805+0300][2379,906s][info ][gc] GC(115073) Pause Full (G1 Evacuation Pause) 127M->126M(128M) 76,104ms
[2021-04-30T10:28:46.805+0300][2379,906s][info ][gc] GC(115074) Concurrent Cycle 76,238ms
[2021-04-30T10:28:46.809+0300][2379,910s][info ][gc] GC(115075) To-space exhausted
[2021-04-30T10:28:46.809+0300][2379,910s][info ][gc] GC(115075) Pause Young (Normal) (G1 Evacuation Pause) 127M->127M(128M) 1,482ms
[2021-04-30T10:28:46.882+0300][2379,982s][info ][gc] GC(115076) Pause Full (G1 Evacuation Pause) 127M->126M(128M) 72,613ms
[2021-04-30T10:28:46.888+0300][2379,988s][info ][gc] GC(115077) To-space exhausted
[2021-04-30T10:28:46.888+0300][2379,988s][info ][gc] GC(115077) Pause Young (Concurrent Start) (G1 Evacuation Pause) 127M->127M(128M) 1,475ms
[2021-04-30T10:28:46.888+0300][2379,988s][info ][gc] GC(115079) Concurrent Cycle
[2021-04-30T10:28:46.888+0300][2379,988s][debug][gc] GC(115078) Clear Next Bitmap 0,130ms
[2021-04-30T10:28:46.961+0300][2380,061s][info ][gc] GC(115078) Pause Full (G1 Evacuation Pause) 127M->126M(128M) 72,495ms
[2021-04-30T10:28:46.961+0300][2380,061s][info ][gc] GC(115079) Concurrent Cycle 72,700ms
[2021-04-30T10:28:46.965+0300][2380,066s][info ][gc] GC(115080) To-space exhausted
[2021-04-30T10:28:46.966+0300][2380,066s][info ][gc] GC(115080) Pause Young (Normal) (G1 Evacuation Pause) 127M->127M(128M) 2,441ms
[2021-04-30T10:28:47.043+0300][2380,144s][info ][gc] GC(115081) Pause Full (G1 Evacuation Pause) 127M->126M(128M) 77,400ms
[2021-04-30T10:28:47.051+0300][2380,151s][info ][gc] GC(115082) To-space exhausted
[2021-04-30T10:28:47.051+0300][2380,151s][info ][gc] GC(115082) Pause Young (Concurrent Start) (G1 Evacuation Pause) 127M->127M(128M) 1,016ms
[2021-04-30T10:28:47.051+0300][2380,151s][info ][gc] GC(115084) Concurrent Cycle
[2021-04-30T10:28:47.051+0300][2380,151s][debug][gc] GC(115083) Clear Next Bitmap 0,093ms
[2021-04-30T10:28:47.123+0300][2380,224s][info ][gc] GC(115083) Pause Full (G1 Evacuation Pause) 127M->126M(128M) 72,411ms
[2021-04-30T10:28:47.124+0300][2380,224s][info ][gc] GC(115084) Concurrent Cycle 72,633ms
[2021-04-30T10:28:47.128+0300][2380,228s][info ][gc] GC(115085) To-space exhausted
[2021-04-30T10:28:47.128+0300][2380,228s][info ][gc] GC(115085) Pause Young (Normal) (G1 Evacuation Pause) 127M->127M(128M) 0,881ms
[2021-04-30T10:28:47.205+0300][2380,305s][info ][gc] GC(115086) Pause Full (G1 Evacuation Pause) 127M->126M(128M) 76,814ms
[2021-04-30T10:28:47.211+0300][2380,311s][info ][gc] GC(115087) To-space exhausted
[2021-04-30T10:28:47.211+0300][2380,311s][info ][gc] GC(115087) Pause Young (Concurrent Start) (G1 Evacuation Pause) 127M->127M(128M) 1,147ms
[2021-04-30T10:28:47.211+0300][2380,311s][info ][gc] GC(115089) Concurrent Cycle
[2021-04-30T10:28:47.211+0300][2380,312s][debug][gc] GC(115088) Clear Next Bitmap 0,282ms
[2021-04-30T10:28:47.279+0300][2380,379s][info ][gc] GC(115088) Pause Full (G1 Evacuation Pause) 127M->126M(128M) 67,602ms
[2021-04-30T10:28:47.279+0300][2380,379s][info ][gc] GC(115089) Concurrent Cycle 67,989ms
[2021-04-30T10:28:47.284+0300][2380,384s][info ][gc] GC(115090) To-space exhausted
[2021-04-30T10:28:47.284+0300][2380,384s][info ][gc] GC(115090) Pause Young (Normal) (G1 Evacuation Pause) 127M->127M(128M) 0,840ms
[2021-04-30T10:28:47.358+0300][2380,459s][info ][gc] GC(115091) Pause Full (G1 Evacuation Pause) 127M->126M(128M) 74,614ms
[2021-04-30T10:28:47.366+0300][2380,467s][info ][gc] GC(115092) To-space exhausted
[2021-04-30T10:28:47.366+0300][2380,467s][info ][gc] GC(115092) Pause Young (Concurrent Start) (G1 Evacuation Pause) 127M->127M(128M) 2,986ms
[2021-04-30T10:28:47.366+0300][2380,467s][info ][gc] GC(115094) Concurrent Cycle
[2021-04-30T10:28:47.367+0300][2380,467s][debug][gc] GC(115093) Clear Next Bitmap 0,143ms
[2021-04-30T10:28:47.440+0300][2380,541s][info ][gc] GC(115093) Pause Full (G1 Evacuation Pause) 127M->126M(128M) 73,789ms
[2021-04-30T10:28:47.440+0300][2380,541s][info ][gc] GC(115094) Concurrent Cycle 74,000ms
[2021-04-30T10:28:47.444+0300][2380,544s][info ][gc] GC(115095) To-space exhausted
[2021-04-30T10:28:47.444+0300][2380,545s][info ][gc] GC(115095) Pause Young (Normal) (G1 Evacuation Pause) 127M->127M(128M) 1,374ms
[2021-04-30T10:28:47.507+0300][2380,608s][info ][gc] GC(115096) Pause Full (G1 Evacuation Pause) 127M->126M(128M) 62,935ms
[2021-04-30T10:28:47.513+0300][2380,613s][info ][gc] GC(115097) To-space exhausted
[2021-04-30T10:28:47.513+0300][2380,613s][info ][gc] GC(115097) Pause Young (Concurrent Start) (G1 Evacuation Pause) 127M->127M(128M) 1,263ms
[2021-04-30T10:28:47.513+0300][2380,613s][info ][gc] GC(115099) Concurrent Cycle
[2021-04-30T10:28:47.513+0300][2380,613s][debug][gc] GC(115098) Clear Next Bitmap 0,121ms
[2021-04-30T10:28:47.572+0300][2380,672s][info ][gc] GC(115098) Pause Full (G1 Evacuation Pause) 127M->126M(128M) 59,199ms
[2021-04-30T10:28:47.572+0300][2380,672s][info ][gc] GC(115099) Concurrent Cycle 59,290ms
[2021-04-30T10:28:47.575+0300][2380,675s][info ][gc] GC(115100) To-space exhausted
[2021-04-30T10:28:47.575+0300][2380,675s][info ][gc] GC(115100) Pause Young (Normal) (G1 Evacuation Pause) 127M->127M(128M) 0,986ms
[2021-04-30T10:28:47.648+0300][2380,748s][info ][gc] GC(115101) Pause Full (G1 Evacuation Pause) 127M->126M(128M) 73,168ms
[2021-04-30T10:28:47.655+0300][2380,755s][info ][gc] GC(115102) To-space exhausted
[2021-04-30T10:28:47.655+0300][2380,755s][info ][gc] GC(115102) Pause Young (Concurrent Start) (G1 Evacuation Pause) 127M->127M(128M) 1,624ms
[2021-04-30T10:28:47.655+0300][2380,755s][info ][gc] GC(115104) Concurrent Cycle
[2021-04-30T10:28:47.655+0300][2380,755s][debug][gc] GC(115103) Clear Next Bitmap 0,132ms
[2021-04-30T10:28:47.739+0300][2380,839s][info ][gc] GC(115103) Pause Full (G1 Evacuation Pause) 127M->126M(128M) 83,992ms
[2021-04-30T10:28:47.739+0300][2380,839s][info ][gc] GC(115104) Concurrent Cycle 84,153ms
[2021-04-30T10:28:47.742+0300][2380,842s][info ][gc] GC(115105) To-space exhausted
[2021-04-30T10:28:47.742+0300][2380,842s][info ][gc] GC(115105) Pause Young (Normal) (G1 Evacuation Pause) 127M->127M(128M) 1,103ms
[2021-04-30T10:28:47.816+0300][2380,917s][info ][gc] GC(115106) Pause Full (G1 Evacuation Pause) 127M->126M(128M) 74,421ms
[2021-04-30T10:28:47.823+0300][2380,923s][info ][gc] GC(115107) To-space exhausted
[2021-04-30T10:28:47.823+0300][2380,923s][info ][gc] GC(115107) Pause Young (Concurrent Start) (G1 Evacuation Pause) 127M->127M(128M) 1,892ms
[2021-04-30T10:28:47.823+0300][2380,923s][info ][gc] GC(115109) Concurrent Cycle
[2021-04-30T10:28:47.823+0300][2380,923s][debug][gc] GC(115108) Clear Next Bitmap 0,084ms
[2021-04-30T10:28:47.894+0300][2380,994s][info ][gc] GC(115108) Pause Full (G1 Evacuation Pause) 127M->126M(128M) 70,572ms
[2021-04-30T10:28:47.894+0300][2380,994s][info ][gc] GC(115109) Concurrent Cycle 70,743ms
[2021-04-30T10:28:47.897+0300][2380,997s][info ][gc] GC(115110) To-space exhausted
[2021-04-30T10:28:47.897+0300][2380,997s][info ][gc] GC(115110) Pause Young (Normal) (G1 Evacuation Pause) 127M->127M(128M) 1,103ms
[2021-04-30T10:28:47.973+0300][2381,073s][info ][gc] GC(115111) Pause Full (G1 Evacuation Pause) 127M->126M(128M) 75,824ms
[2021-04-30T10:28:47.979+0300][2381,079s][info ][gc] GC(115112) To-space exhausted
[2021-04-30T10:28:47.979+0300][2381,079s][info ][gc] GC(115112) Pause Young (Concurrent Start) (G1 Evacuation Pause) 127M->127M(128M) 1,096ms
[2021-04-30T10:28:47.979+0300][2381,079s][info ][gc] GC(115114) Concurrent Cycle
[2021-04-30T10:28:47.979+0300][2381,079s][debug][gc] GC(115113) Clear Next Bitmap 0,095ms
[2021-04-30T10:28:48.054+0300][2381,154s][info ][gc] GC(115113) Pause Full (G1 Evacuation Pause) 127M->126M(128M) 75,072ms
[2021-04-30T10:28:48.054+0300][2381,154s][info ][gc] GC(115114) Concurrent Cycle 75,283ms
[2021-04-30T10:28:48.057+0300][2381,157s][info ][gc] GC(115115) To-space exhausted
[2021-04-30T10:28:48.057+0300][2381,157s][info ][gc] GC(115115) Pause Young (Normal) (G1 Evacuation Pause) 127M->127M(128M) 0,872ms
[2021-04-30T10:28:48.126+0300][2381,226s][info ][gc] GC(115116) Pause Full (G1 Evacuation Pause) 127M->126M(128M) 69,067ms
[2021-04-30T10:28:48.134+0300][2381,235s][info ][gc] GC(115117) To-space exhausted
[2021-04-30T10:28:48.135+0300][2381,235s][info ][gc] GC(115117) Pause Young (Concurrent Start) (G1 Evacuation Pause) 127M->127M(128M) 3,241ms
[2021-04-30T10:28:48.135+0300][2381,235s][info ][gc] GC(115119) Concurrent Cycle
[2021-04-30T10:28:48.135+0300][2381,235s][debug][gc] GC(115118) Clear Next Bitmap 0,236ms
[2021-04-30T10:28:48.210+0300][2381,310s][info ][gc] GC(115118) Pause Full (G1 Evacuation Pause) 127M->126M(128M) 75,498ms
[2021-04-30T10:28:48.210+0300][2381,311s][info ][gc] GC(115119) Concurrent Cycle 75,568ms
[2021-04-30T10:28:49.928+0300][2383,028s][info ][gc] GC(115120) To-space exhausted
[2021-04-30T10:28:49.928+0300][2383,028s][info ][gc] GC(115120) Pause Young (Normal) (G1 Evacuation Pause) 127M->127M(128M) 2,428ms
[2021-04-30T10:28:50.010+0300][2383,110s][info ][gc] GC(115121) Pause Full (G1 Evacuation Pause) 127M->77M(128M) 81,494ms
[2021-04-30T10:28:50.089+0300][2383,190s][info ][gc] GC(115122) Pause Young (Normal) (G1 Evacuation Pause) 112M->78M(128M) 0,731ms
[2021-04-30T10:28:50.159+0300][2383,260s][info ][gc] GC(115123) Pause Young (Normal) (G1 Evacuation Pause) 112M->78M(128M) 0,681ms
[2021-04-30T10:28:50.244+0300][2383,345s][info ][gc] GC(115124) Pause Young (Concurrent Start) (G1 Evacuation Pause) 110M->79M(128M) 1,477ms
[2021-04-30T10:28:50.244+0300][2383,345s][info ][gc] GC(115125) Concurrent Cycle
[2021-04-30T10:28:50.277+0300][2383,378s][info ][gc] GC(115125) Pause Remark 91M->91M(128M) 2,821ms
[2021-04-30T10:28:50.295+0300][2383,395s][info ][gc] GC(115125) Pause Cleanup 98M->98M(128M) 0,114ms
[2021-04-30T10:28:50.295+0300][2383,396s][info ][gc] GC(115125) Concurrent Cycle 50,933ms
[2021-04-30T10:28:50.330+0300][2383,431s][info ][gc] GC(115126) Pause Young (Normal) (G1 Evacuation Pause) 111M->79M(128M) 1,316ms
[2021-04-30T10:28:50.397+0300][2383,497s][info ][gc] GC(115127) Pause Young (Concurrent Start) (G1 Evacuation Pause) 109M->80M(128M) 1,777ms
[2021-04-30T10:28:50.397+0300][2383,497s][info ][gc] GC(115128) Concurrent Cycle
[2021-04-30T10:28:50.423+0300][2383,523s][info ][gc] GC(115128) Pause Remark 90M->90M(128M) 4,067ms
[2021-04-30T10:28:50.442+0300][2383,542s][info ][gc] GC(115128) Pause Cleanup 97M->97M(128M) 0,262ms
[2021-04-30T10:28:50.445+0300][2383,545s][info ][gc] GC(115128) Concurrent Cycle 48,204ms
[2021-04-30T10:28:50.472+0300][2383,572s][info ][gc] GC(115129) Pause Young (Normal) (G1 Evacuation Pause) 110M->80M(128M) 1,512ms
[2021-04-30T10:28:50.540+0300][2383,640s][info ][gc] GC(115130) Pause Young (Concurrent Start) (G1 Evacuation Pause) 109M->81M(128M) 1,519ms
[2021-04-30T10:28:50.540+0300][2383,640s][info ][gc] GC(115131) Concurrent Cycle
[2021-04-30T10:28:50.563+0300][2383,664s][info ][gc] GC(115131) Pause Remark 90M->90M(128M) 2,366ms
[2021-04-30T10:28:50.581+0300][2383,681s][info ][gc] GC(115131) Pause Cleanup 98M->98M(128M) 0,117ms
[2021-04-30T10:28:50.581+0300][2383,681s][info ][gc] GC(115131) Concurrent Cycle 40,764ms
[2021-04-30T10:28:50.601+0300][2383,701s][info ][gc] GC(115132) Pause Young (Normal) (G1 Evacuation Pause) 109M->81M(128M) 1,049ms
[2021-04-30T10:28:50.658+0300][2383,758s][info ][gc] GC(115133) Pause Young (Concurrent Start) (G1 Evacuation Pause) 109M->82M(128M) 1,411ms
[2021-04-30T10:28:50.658+0300][2383,758s][info ][gc] GC(115134) Concurrent Cycle
[2021-04-30T10:28:50.681+0300][2383,782s][info ][gc] GC(115134) Pause Remark 92M->92M(128M) 2,474ms
[2021-04-30T10:28:50.695+0300][2383,795s][info ][gc] GC(115134) Pause Cleanup 99M->99M(128M) 0,077ms
[2021-04-30T10:28:50.695+0300][2383,796s][info ][gc] GC(115134) Concurrent Cycle 37,204ms
[2021-04-30T10:28:50.719+0300][2383,819s][info ][gc] GC(115135) Pause Young (Normal) (G1 Evacuation Pause) 109M->82M(128M) 3,499ms
[2021-04-30T10:28:50.775+0300][2383,875s][info ][gc] GC(115136) Pause Young (Concurrent Start) (G1 Evacuation Pause) 109M->83M(128M) 1,287ms
[2021-04-30T10:28:50.775+0300][2383,875s][info ][gc] GC(115137) Concurrent Cycle
[2021-04-30T10:28:50.801+0300][2383,902s][info ][gc] GC(115137) Pause Remark 94M->94M(128M) 4,632ms
[2021-04-30T10:28:50.821+0300][2383,922s][info ][gc] GC(115137) Pause Cleanup 102M->102M(128M) 0,082ms
[2021-04-30T10:28:50.821+0300][2383,922s][info ][gc] GC(115137) Concurrent Cycle 46,414ms
[2021-04-30T10:28:50.840+0300][2383,940s][info ][gc] GC(115138) Pause Young (Normal) (G1 Evacuation Pause) 109M->83M(128M) 1,271ms
[2021-04-30T10:28:50.890+0300][2383,991s][info ][gc] GC(115139) Pause Young (Concurrent Start) (G1 Evacuation Pause) 109M->84M(128M) 1,080ms
[2021-04-30T10:28:50.890+0300][2383,991s][info ][gc] GC(115140) Concurrent Cycle
[2021-04-30T10:28:50.913+0300][2384,013s][info ][gc] GC(115140) Pause Remark 93M->93M(128M) 2,670ms
[2021-04-30T10:28:50.929+0300][2384,030s][info ][gc] GC(115140) Pause Cleanup 102M->102M(128M) 0,087ms
[2021-04-30T10:28:50.929+0300][2384,030s][info ][gc] GC(115140) Concurrent Cycle 39,161ms
[2021-04-30T10:28:50.947+0300][2384,048s][info ][gc] GC(115141) Pause Young (Normal) (G1 Evacuation Pause) 109M->84M(128M) 1,832ms
[2021-04-30T10:28:51.003+0300][2384,103s][info ][gc] GC(115142) Pause Young (Concurrent Start) (G1 Evacuation Pause) 109M->85M(128M) 3,912ms
[2021-04-30T10:28:51.003+0300][2384,103s][info ][gc] GC(115143) Concurrent Cycle
[2021-04-30T10:28:51.027+0300][2384,128s][info ][gc] GC(115143) Pause Remark 97M->97M(128M) 2,428ms
[2021-04-30T10:28:51.042+0300][2384,143s][info ][gc] GC(115143) Pause Cleanup 104M->104M(128M) 0,174ms
[2021-04-30T10:28:51.043+0300][2384,143s][info ][gc] GC(115143) Concurrent Cycle 39,739ms
[2021-04-30T10:28:51.054+0300][2384,155s][info ][gc] GC(115144) Pause Young (Normal) (G1 Evacuation Pause) 109M->85M(128M) 1,015ms
[2021-04-30T10:28:51.115+0300][2384,216s][info ][gc] GC(115145) Pause Young (Concurrent Start) (G1 Evacuation Pause) 109M->86M(128M) 1,615ms
[2021-04-30T10:28:51.115+0300][2384,216s][info ][gc] GC(115146) Concurrent Cycle
[2021-04-30T10:28:51.145+0300][2384,245s][info ][gc] GC(115146) Pause Remark 97M->97M(128M) 2,975ms
[2021-04-30T10:28:51.161+0300][2384,261s][info ][gc] GC(115146) Pause Cleanup 104M->104M(128M) 0,166ms
[2021-04-30T10:28:51.161+0300][2384,262s][info ][gc] GC(115146) Concurrent Cycle 45,792ms
[2021-04-30T10:28:51.173+0300][2384,273s][info ][gc] GC(115147) Pause Young (Normal) (G1 Evacuation Pause) 109M->86M(128M) 1,194ms
[2021-04-30T10:28:51.228+0300][2384,328s][info ][gc] GC(115148) Pause Young (Concurrent Start) (G1 Evacuation Pause) 109M->86M(128M) 1,521ms
[2021-04-30T10:28:51.228+0300][2384,328s][info ][gc] GC(115149) Concurrent Cycle
[2021-04-30T10:28:51.260+0300][2384,361s][info ][gc] GC(115149) Pause Remark 99M->99M(128M) 3,363ms
[2021-04-30T10:28:51.277+0300][2384,377s][info ][gc] GC(115149) Pause Cleanup 107M->107M(128M) 0,114ms
[2021-04-30T10:28:51.277+0300][2384,377s][info ][gc] GC(115149) Concurrent Cycle 48,971ms
[2021-04-30T10:28:51.284+0300][2384,385s][info ][gc] GC(115150) Pause Young (Normal) (G1 Evacuation Pause) 109M->87M(128M) 1,817ms
[2021-04-30T10:28:51.343+0300][2384,443s][info ][gc] GC(115151) Pause Young (Concurrent Start) (G1 Evacuation Pause) 109M->87M(128M) 1,206ms
[2021-04-30T10:28:51.343+0300][2384,443s][info ][gc] GC(115152) Concurrent Cycle
[2021-04-30T10:28:51.374+0300][2384,475s][info ][gc] GC(115152) Pause Remark 99M->99M(128M) 3,159ms
[2021-04-30T10:28:51.388+0300][2384,489s][info ][gc] GC(115152) Pause Cleanup 104M->104M(128M) 0,080ms
[2021-04-30T10:28:51.389+0300][2384,489s][info ][gc] GC(115152) Concurrent Cycle 45,929ms
[2021-04-30T10:28:51.404+0300][2384,505s][info ][gc] GC(115153) Pause Young (Normal) (G1 Evacuation Pause) 109M->88M(128M) 1,282ms
[2021-04-30T10:28:51.455+0300][2384,555s][info ][gc] GC(115154) Pause Young (Concurrent Start) (G1 Evacuation Pause) 109M->88M(128M) 2,088ms
[2021-04-30T10:28:51.455+0300][2384,555s][info ][gc] GC(115155) Concurrent Cycle
[2021-04-30T10:28:51.481+0300][2384,581s][info ][gc] GC(115155) Pause Remark 97M->97M(128M) 2,646ms
[2021-04-30T10:28:51.496+0300][2384,596s][info ][gc] GC(115155) Pause Cleanup 102M->102M(128M) 0,104ms
[2021-04-30T10:28:51.496+0300][2384,596s][info ][gc] GC(115155) Concurrent Cycle 40,985ms
[2021-04-30T10:28:51.514+0300][2384,615s][info ][gc] GC(115156) Pause Young (Normal) (G1 Evacuation Pause) 110M->88M(128M) 0,987ms
[2021-04-30T10:28:51.570+0300][2384,671s][info ][gc] GC(115157) Pause Young (Concurrent Start) (G1 Evacuation Pause) 109M->89M(128M) 2,791ms
[2021-04-30T10:28:51.570+0300][2384,671s][info ][gc] GC(115158) Concurrent Cycle
[2021-04-30T10:28:51.590+0300][2384,690s][info ][gc] GC(115158) Pause Remark 95M->95M(128M) 2,642ms
[2021-04-30T10:28:51.603+0300][2384,704s][info ][gc] GC(115158) Pause Cleanup 100M->100M(128M) 0,068ms
[2021-04-30T10:28:51.604+0300][2384,704s][info ][gc] GC(115158) Concurrent Cycle 33,314ms
[2021-04-30T10:28:51.624+0300][2384,724s][info ][gc] GC(115159) Pause Young (Normal) (G1 Evacuation Pause) 110M->89M(128M) 1,065ms
[2021-04-30T10:28:51.675+0300][2384,775s][info ][gc] GC(115160) Pause Young (Concurrent Start) (G1 Evacuation Pause) 110M->90M(128M) 2,980ms
[2021-04-30T10:28:51.675+0300][2384,775s][info ][gc] GC(115161) Concurrent Cycle
[2021-04-30T10:28:51.698+0300][2384,798s][info ][gc] GC(115161) Pause Remark 98M->98M(128M) 2,976ms
[2021-04-30T10:28:51.719+0300][2384,820s][info ][gc] GC(115161) Pause Cleanup 106M->106M(128M) 0,587ms
[2021-04-30T10:28:51.720+0300][2384,820s][info ][gc] GC(115161) Concurrent Cycle 44,571ms
[2021-04-30T10:28:51.728+0300][2384,829s][info ][gc] GC(115162) Pause Young (Normal) (G1 Evacuation Pause) 110M->90M(128M) 1,375ms
[2021-04-30T10:28:51.772+0300][2384,873s][info ][gc] GC(115163) Pause Young (Concurrent Start) (G1 Evacuation Pause) 110M->90M(128M) 1,057ms
[2021-04-30T10:28:51.772+0300][2384,873s][info ][gc] GC(115164) Concurrent Cycle
[2021-04-30T10:28:51.794+0300][2384,895s][info ][gc] GC(115164) Pause Remark 100M->100M(128M) 3,671ms
[2021-04-30T10:28:51.810+0300][2384,910s][info ][gc] GC(115164) Pause Cleanup 106M->106M(128M) 0,094ms
[2021-04-30T10:28:51.810+0300][2384,910s][info ][gc] GC(115164) Concurrent Cycle 37,662ms
[2021-04-30T10:28:51.823+0300][2384,923s][info ][gc] GC(115165) Pause Young (Normal) (G1 Evacuation Pause) 110M->91M(128M) 3,193ms
[2021-04-30T10:28:51.873+0300][2384,974s][info ][gc] GC(115166) Pause Young (Concurrent Start) (G1 Evacuation Pause) 111M->91M(128M) 1,052ms
[2021-04-30T10:28:51.873+0300][2384,974s][info ][gc] GC(115167) Concurrent Cycle
[2021-04-30T10:28:51.907+0300][2385,007s][info ][gc] GC(115167) Pause Remark 103M->103M(128M) 2,470ms
[2021-04-30T10:28:51.925+0300][2385,025s][info ][gc] GC(115167) Pause Cleanup 109M->109M(128M) 0,098ms
[2021-04-30T10:28:51.925+0300][2385,025s][info ][gc] GC(115167) Concurrent Cycle 51,499ms
[2021-04-30T10:28:51.929+0300][2385,030s][info ][gc] GC(115168) Pause Young (Normal) (G1 Evacuation Pause) 110M->91M(128M) 2,205ms
[2021-04-30T10:28:51.977+0300][2385,078s][info ][gc] GC(115169) Pause Young (Concurrent Start) (G1 Evacuation Pause) 110M->92M(128M) 1,151ms
[2021-04-30T10:28:51.977+0300][2385,078s][info ][gc] GC(115170) Concurrent Cycle
[2021-04-30T10:28:52.002+0300][2385,102s][info ][gc] GC(115170) Pause Remark 101M->101M(128M) 2,600ms
[2021-04-30T10:28:52.019+0300][2385,119s][info ][gc] GC(115170) Pause Cleanup 109M->109M(128M) 0,109ms
[2021-04-30T10:28:52.020+0300][2385,120s][info ][gc] GC(115170) Concurrent Cycle 42,095ms
[2021-04-30T10:28:52.026+0300][2385,126s][info ][gc] GC(115171) Pause Young (Normal) (G1 Evacuation Pause) 111M->92M(128M) 1,550ms
[2021-04-30T10:28:52.065+0300][2385,165s][info ][gc] GC(115172) Pause Young (Concurrent Start) (G1 Evacuation Pause) 110M->92M(128M) 1,514ms
[2021-04-30T10:28:52.065+0300][2385,165s][info ][gc] GC(115173) Concurrent Cycle
[2021-04-30T10:28:52.096+0300][2385,196s][info ][gc] GC(115173) Pause Remark 105M->105M(128M) 2,718ms
[2021-04-30T10:28:52.114+0300][2385,214s][info ][gc] GC(115174) Pause Young (Normal) (G1 Evacuation Pause) 110M->92M(128M) 1,406ms
[2021-04-30T10:28:52.115+0300][2385,215s][info ][gc] GC(115173) Pause Cleanup 93M->93M(128M) 0,087ms
[2021-04-30T10:28:52.115+0300][2385,215s][info ][gc] GC(115173) Concurrent Cycle 50,081ms
[2021-04-30T10:28:52.151+0300][2385,251s][info ][gc] GC(115175) Pause Young (Normal) (G1 Evacuation Pause) 110M->93M(128M) 1,122ms
[2021-04-30T10:28:52.197+0300][2385,297s][info ][gc] GC(115176) Pause Young (Concurrent Start) (G1 Evacuation Pause) 110M->93M(128M) 1,278ms
[2021-04-30T10:28:52.197+0300][2385,297s][info ][gc] GC(115177) Concurrent Cycle
[2021-04-30T10:28:52.226+0300][2385,326s][info ][gc] GC(115177) Pause Remark 103M->103M(128M) 3,867ms
[2021-04-30T10:28:52.242+0300][2385,342s][info ][gc] GC(115178) Pause Young (Normal) (G1 Evacuation Pause) 110M->93M(128M) 0,950ms
[2021-04-30T10:28:52.245+0300][2385,345s][info ][gc] GC(115177) Pause Cleanup 95M->95M(128M) 0,090ms
[2021-04-30T10:28:52.245+0300][2385,346s][info ][gc] GC(115177) Concurrent Cycle 48,081ms
[2021-04-30T10:28:52.281+0300][2385,381s][info ][gc] GC(115179) Pause Young (Normal) (G1 Evacuation Pause) 110M->94M(128M) 1,124ms
[2021-04-30T10:28:52.319+0300][2385,419s][info ][gc] GC(115180) Pause Young (Concurrent Start) (G1 Evacuation Pause) 111M->94M(128M) 2,756ms
[2021-04-30T10:28:52.319+0300][2385,419s][info ][gc] GC(115181) Concurrent Cycle
[2021-04-30T10:28:52.358+0300][2385,459s][info ][gc] GC(115181) Pause Remark 106M->106M(128M) 5,755ms
[2021-04-30T10:28:52.368+0300][2385,468s][info ][gc] GC(115182) Pause Young (Normal) (G1 Evacuation Pause) 110M->94M(128M) 1,113ms
[2021-04-30T10:28:52.376+0300][2385,476s][info ][gc] GC(115181) Pause Cleanup 98M->98M(128M) 0,075ms
[2021-04-30T10:28:52.376+0300][2385,477s][info ][gc] GC(115181) Concurrent Cycle 57,335ms
[2021-04-30T10:28:52.402+0300][2385,502s][info ][gc] GC(115183) Pause Young (Normal) (G1 Evacuation Pause) 110M->95M(128M) 1,070ms
[2021-04-30T10:28:52.440+0300][2385,541s][info ][gc] GC(115184) Pause Young (Concurrent Start) (G1 Evacuation Pause) 111M->95M(128M) 1,956ms
[2021-04-30T10:28:52.441+0300][2385,541s][info ][gc] GC(115185) Concurrent Cycle
[2021-04-30T10:28:52.469+0300][2385,569s][info ][gc] GC(115185) Pause Remark 103M->103M(128M) 2,822ms
[2021-04-30T10:28:52.483+0300][2385,583s][info ][gc] GC(115185) Pause Cleanup 109M->109M(128M) 0,137ms
[2021-04-30T10:28:52.483+0300][2385,583s][info ][gc] GC(115185) Concurrent Cycle 42,285ms
[2021-04-30T10:28:52.487+0300][2385,587s][info ][gc] GC(115186) Pause Young (Normal) (G1 Evacuation Pause) 110M->95M(128M) 0,954ms
[2021-04-30T10:28:52.527+0300][2385,627s][info ][gc] GC(115187) Pause Young (Concurrent Start) (G1 Evacuation Pause) 110M->95M(128M) 2,465ms
[2021-04-30T10:28:52.527+0300][2385,627s][info ][gc] GC(115188) Concurrent Cycle
[2021-04-30T10:28:52.551+0300][2385,651s][info ][gc] GC(115188) Pause Remark 106M->106M(128M) 2,828ms
[2021-04-30T10:28:52.568+0300][2385,668s][info ][gc] GC(115189) Pause Young (Normal) (G1 Evacuation Pause) 110M->96M(128M) 3,801ms
[2021-04-30T10:28:52.575+0300][2385,675s][info ][gc] GC(115188) Pause Cleanup 98M->98M(128M) 0,158ms
[2021-04-30T10:28:52.575+0300][2385,676s][info ][gc] GC(115188) Concurrent Cycle 48,144ms
[2021-04-30T10:28:52.601+0300][2385,701s][info ][gc] GC(115190) Pause Young (Normal) (G1 Evacuation Pause) 111M->96M(128M) 0,947ms
[2021-04-30T10:28:52.633+0300][2385,733s][info ][gc] GC(115191) Pause Young (Concurrent Start) (G1 Evacuation Pause) 110M->96M(128M) 1,127ms
[2021-04-30T10:28:52.633+0300][2385,733s][info ][gc] GC(115192) Concurrent Cycle
[2021-04-30T10:28:52.659+0300][2385,759s][info ][gc] GC(115192) Pause Remark 105M->105M(128M) 2,640ms
[2021-04-30T10:28:52.674+0300][2385,774s][info ][gc] GC(115193) Pause Young (Normal) (G1 Evacuation Pause) 110M->96M(128M) 0,987ms
[2021-04-30T10:28:52.681+0300][2385,781s][info ][gc] GC(115192) Pause Cleanup 100M->100M(128M) 0,126ms
[2021-04-30T10:28:52.681+0300][2385,782s][info ][gc] GC(115192) Concurrent Cycle 48,655ms
[2021-04-30T10:28:52.702+0300][2385,802s][info ][gc] GC(115194) Pause Young (Normal) (G1 Evacuation Pause) 109M->97M(128M) 1,504ms
[2021-04-30T10:28:52.733+0300][2385,833s][info ][gc] GC(115195) Pause Young (Concurrent Start) (G1 Evacuation Pause) 110M->97M(128M) 0,898ms
[2021-04-30T10:28:52.733+0300][2385,833s][info ][gc] GC(115196) Concurrent Cycle
[2021-04-30T10:28:52.760+0300][2385,861s][info ][gc] GC(115196) Pause Remark 108M->108M(128M) 2,344ms
[2021-04-30T10:28:52.765+0300][2385,865s][info ][gc] GC(115197) Pause Young (Normal) (G1 Evacuation Pause) 110M->97M(128M) 0,927ms
[2021-04-30T10:28:52.779+0300][2385,880s][info ][gc] GC(115196) Pause Cleanup 103M->103M(128M) 0,127ms
[2021-04-30T10:28:52.780+0300][2385,880s][info ][gc] GC(115196) Concurrent Cycle 46,521ms
[2021-04-30T10:28:52.797+0300][2385,897s][info ][gc] GC(115198) Pause Young (Normal) (G1 Evacuation Pause) 110M->97M(128M) 1,039ms
[2021-04-30T10:28:52.823+0300][2385,924s][info ][gc] GC(115199) Pause Young (Concurrent Start) (G1 Evacuation Pause) 109M->98M(128M) 2,864ms
[2021-04-30T10:28:52.823+0300][2385,924s][info ][gc] GC(115200) Concurrent Cycle
[2021-04-30T10:28:52.850+0300][2385,951s][info ][gc] GC(115200) Pause Remark 109M->109M(128M) 2,584ms
[2021-04-30T10:28:52.856+0300][2385,956s][info ][gc] GC(115201) Pause Young (Normal) (G1 Evacuation Pause) 110M->98M(128M) 3,010ms
[2021-04-30T10:28:52.875+0300][2385,975s][info ][gc] GC(115200) Pause Cleanup 104M->104M(128M) 0,088ms
[2021-04-30T10:28:52.875+0300][2385,975s][info ][gc] GC(115200) Concurrent Cycle 51,644ms
[2021-04-30T10:28:52.884+0300][2385,985s][info ][gc] GC(115202) Pause Young (Normal) (G1 Evacuation Pause) 110M->98M(128M) 0,773ms
[2021-04-30T10:28:52.915+0300][2386,015s][info ][gc] GC(115203) Pause Young (Concurrent Start) (G1 Evacuation Pause) 110M->98M(128M) 0,685ms
[2021-04-30T10:28:52.915+0300][2386,015s][info ][gc] GC(115204) Concurrent Cycle
[2021-04-30T10:28:52.948+0300][2386,049s][info ][gc] GC(115204) Pause Remark 108M->108M(128M) 6,274ms
[2021-04-30T10:28:52.954+0300][2386,055s][info ][gc] GC(115205) Pause Young (Normal) (G1 Evacuation Pause) 109M->98M(128M) 1,489ms
[2021-04-30T10:28:52.974+0300][2386,074s][info ][gc] GC(115204) Pause Cleanup 107M->107M(128M) 0,069ms
[2021-04-30T10:28:52.974+0300][2386,074s][info ][gc] GC(115204) Concurrent Cycle 59,338ms
[2021-04-30T10:28:52.979+0300][2386,079s][info ][gc] GC(115206) Pause Young (Normal) (G1 Evacuation Pause) 109M->99M(128M) 0,702ms
[2021-04-30T10:28:53.003+0300][2386,104s][info ][gc] GC(115207) Pause Young (Concurrent Start) (G1 Evacuation Pause) 110M->99M(128M) 1,606ms
[2021-04-30T10:28:53.004+0300][2386,104s][info ][gc] GC(115208) Concurrent Cycle
[2021-04-30T10:28:53.029+0300][2386,130s][info ][gc] GC(115209) Pause Young (Normal) (G1 Evacuation Pause) 110M->99M(128M) 0,927ms
[2021-04-30T10:28:53.039+0300][2386,139s][info ][gc] GC(115208) Pause Remark 101M->101M(128M) 4,604ms
[2021-04-30T10:28:53.057+0300][2386,157s][info ][gc] GC(115208) Pause Cleanup 108M->108M(128M) 0,084ms
[2021-04-30T10:28:53.057+0300][2386,157s][info ][gc] GC(115208) Concurrent Cycle 53,410ms
[2021-04-30T10:28:53.061+0300][2386,162s][info ][gc] GC(115210) Pause Young (Normal) (G1 Evacuation Pause) 110M->99M(128M) 0,617ms
[2021-04-30T10:28:53.088+0300][2386,188s][info ][gc] GC(115211) Pause Young (Concurrent Start) (G1 Evacuation Pause) 110M->99M(128M) 3,526ms
[2021-04-30T10:28:53.088+0300][2386,188s][info ][gc] GC(115212) Concurrent Cycle
[2021-04-30T10:28:53.112+0300][2386,212s][info ][gc] GC(115213) Pause Young (Normal) (G1 Evacuation Pause) 109M->99M(128M) 2,105ms
[2021-04-30T10:28:53.126+0300][2386,226s][info ][gc] GC(115212) Pause Remark 102M->102M(128M) 6,009ms
[2021-04-30T10:28:53.143+0300][2386,243s][info ][gc] GC(115214) Pause Young (Normal) (G1 Evacuation Pause) 109M->100M(128M) 1,132ms
[2021-04-30T10:28:53.143+0300][2386,243s][info ][gc] GC(115212) Pause Cleanup 100M->100M(128M) 0,104ms
[2021-04-30T10:28:53.143+0300][2386,244s][info ][gc] GC(115212) Concurrent Cycle 55,674ms
[2021-04-30T10:28:53.173+0300][2386,273s][info ][gc] GC(115215) Pause Young (Normal) (G1 Evacuation Pause) 110M->100M(128M) 0,751ms
[2021-04-30T10:28:53.196+0300][2386,296s][info ][gc] GC(115216) Pause Young (Concurrent Start) (G1 Evacuation Pause) 110M->100M(128M) 0,948ms
[2021-04-30T10:28:53.196+0300][2386,296s][info ][gc] GC(115217) Concurrent Cycle
[2021-04-30T10:28:53.221+0300][2386,321s][info ][gc] GC(115218) Pause Young (Normal) (G1 Evacuation Pause) 110M->100M(128M) 0,986ms
[2021-04-30T10:28:53.230+0300][2386,330s][info ][gc] GC(115217) Pause Remark 102M->102M(128M) 3,728ms
[2021-04-30T10:28:53.251+0300][2386,352s][info ][gc] GC(115219) Pause Young (Normal) (G1 Evacuation Pause) 109M->100M(128M) 1,144ms
[2021-04-30T10:28:53.252+0300][2386,353s][info ][gc] GC(115217) Pause Cleanup 101M->101M(128M) 0,081ms
[2021-04-30T10:28:53.252+0300][2386,353s][info ][gc] GC(115217) Concurrent Cycle 56,520ms
[2021-04-30T10:28:53.276+0300][2386,377s][info ][gc] GC(115220) Pause Young (Normal) (G1 Evacuation Pause) 109M->101M(128M) 0,585ms
[2021-04-30T10:28:53.297+0300][2386,397s][info ][gc] GC(115221) Pause Young (Concurrent Start) (G1 Evacuation Pause) 110M->101M(128M) 1,076ms
[2021-04-30T10:28:53.297+0300][2386,397s][info ][gc] GC(115222) Concurrent Cycle
[2021-04-30T10:28:53.325+0300][2386,425s][info ][gc] GC(115223) Pause Young (Normal) (G1 Evacuation Pause) 110M->101M(128M) 0,881ms
[2021-04-30T10:28:53.330+0300][2386,430s][info ][gc] GC(115222) Pause Remark 102M->102M(128M) 2,883ms
[2021-04-30T10:28:53.348+0300][2386,448s][info ][gc] GC(115222) Pause Cleanup 108M->108M(128M) 0,114ms
[2021-04-30T10:28:53.348+0300][2386,448s][info ][gc] GC(115222) Concurrent Cycle 51,145ms
[2021-04-30T10:28:53.351+0300][2386,451s][info ][gc] GC(115224) Pause Young (Normal) (G1 Evacuation Pause) 110M->101M(128M) 0,667ms
[2021-04-30T10:28:53.372+0300][2386,472s][info ][gc] GC(115225) Pause Young (Concurrent Start) (G1 Evacuation Pause) 110M->101M(128M) 0,908ms
[2021-04-30T10:28:53.372+0300][2386,472s][info ][gc] GC(115226) Concurrent Cycle
[2021-04-30T10:28:53.393+0300][2386,493s][info ][gc] GC(115227) Pause Young (Normal) (G1 Evacuation Pause) 109M->101M(128M) 0,729ms
[2021-04-30T10:28:53.408+0300][2386,509s][info ][gc] GC(115226) Pause Remark 104M->104M(128M) 7,436ms
[2021-04-30T10:28:53.439+0300][2386,540s][info ][gc] GC(115228) Pause Young (Normal) (G1 Evacuation Pause) 109M->101M(128M) 8,242ms
[2021-04-30T10:28:53.473+0300][2386,573s][info ][gc] GC(115226) Pause Cleanup 111M->111M(128M) 0,178ms
[2021-04-30T10:28:53.473+0300][2386,574s][info ][gc] GC(115226) Concurrent Cycle 101,546ms
[2021-04-30T10:28:53.475+0300][2386,576s][info ][gc] GC(115229) Pause Young (Normal) (G1 Evacuation Pause) 111M->102M(128M) 0,950ms
[2021-04-30T10:28:53.496+0300][2386,596s][info ][gc] GC(115230) Pause Young (Concurrent Start) (G1 Evacuation Pause) 110M->102M(128M) 2,533ms
[2021-04-30T10:28:53.496+0300][2386,596s][info ][gc] GC(115231) Concurrent Cycle
[2021-04-30T10:28:53.524+0300][2386,625s][info ][gc] GC(115232) Pause Young (Normal) (G1 Evacuation Pause) 110M->102M(128M) 4,212ms
[2021-04-30T10:28:53.535+0300][2386,635s][info ][gc] GC(115231) Pause Remark 104M->104M(128M) 3,017ms
[2021-04-30T10:28:53.549+0300][2386,650s][info ][gc] GC(115233) Pause Young (Normal) (G1 Evacuation Pause) 110M->102M(128M) 1,693ms
[2021-04-30T10:28:53.557+0300][2386,657s][info ][gc] GC(115231) Pause Cleanup 105M->105M(128M) 0,100ms
[2021-04-30T10:28:53.557+0300][2386,658s][info ][gc] GC(115231) Concurrent Cycle 61,370ms
[2021-04-30T10:28:53.571+0300][2386,672s][info ][gc] GC(115234) Pause Young (Normal) (G1 Evacuation Pause) 110M->102M(128M) 1,858ms
[2021-04-30T10:28:53.588+0300][2386,688s][info ][gc] GC(115235) Pause Young (Concurrent Start) (G1 Evacuation Pause) 110M->102M(128M) 0,974ms
[2021-04-30T10:28:53.588+0300][2386,689s][info ][gc] GC(115236) Concurrent Cycle
[2021-04-30T10:28:53.612+0300][2386,712s][info ][gc] GC(115237) Pause Young (Normal) (G1 Evacuation Pause) 109M->102M(128M) 0,770ms
[2021-04-30T10:28:53.616+0300][2386,717s][info ][gc] GC(115236) Pause Remark 103M->103M(128M) 2,741ms
[2021-04-30T10:28:53.632+0300][2386,732s][info ][gc] GC(115236) Pause Cleanup 109M->109M(128M) 0,212ms
[2021-04-30T10:28:53.633+0300][2386,733s][info ][gc] GC(115238) Pause Young (Normal) (G1 Evacuation Pause) 109M->102M(128M) 0,753ms
[2021-04-30T10:28:53.633+0300][2386,733s][info ][gc] GC(115236) Concurrent Cycle 44,941ms
[2021-04-30T10:28:53.646+0300][2386,746s][info ][gc] GC(115239) Pause Young (Normal) (G1 Evacuation Pause) 109M->103M(128M) 0,593ms
[2021-04-30T10:28:53.662+0300][2386,763s][info ][gc] GC(115240) Pause Young (Concurrent Start) (G1 Evacuation Pause) 110M->103M(128M) 1,296ms
[2021-04-30T10:28:53.662+0300][2386,763s][info ][gc] GC(115241) Concurrent Cycle
[2021-04-30T10:28:53.677+0300][2386,778s][info ][gc] GC(115242) Pause Young (Normal) (G1 Evacuation Pause) 110M->103M(128M) 0,849ms
[2021-04-30T10:28:53.693+0300][2386,793s][info ][gc] GC(115241) Pause Remark 107M->107M(128M) 4,041ms
[2021-04-30T10:28:53.700+0300][2386,800s][info ][gc] GC(115243) Pause Young (Normal) (G1 Evacuation Pause) 110M->103M(128M) 1,167ms
[2021-04-30T10:28:53.715+0300][2386,815s][info ][gc] GC(115241) Pause Cleanup 108M->108M(128M) 0,117ms
[2021-04-30T10:28:53.715+0300][2386,815s][info ][gc] GC(115241) Concurrent Cycle 52,546ms
[2021-04-30T10:28:53.719+0300][2386,819s][info ][gc] GC(115244) Pause Young (Normal) (G1 Evacuation Pause) 110M->103M(128M) 0,684ms
[2021-04-30T10:28:53.734+0300][2386,834s][info ][gc] GC(115245) Pause Young (Concurrent Start) (G1 Evacuation Pause) 110M->103M(128M) 0,863ms
[2021-04-30T10:28:53.734+0300][2386,834s][info ][gc] GC(115246) Concurrent Cycle
[2021-04-30T10:28:53.750+0300][2386,850s][info ][gc] GC(115247) Pause Young (Normal) (G1 Evacuation Pause) 109M->103M(128M) 0,884ms
[2021-04-30T10:28:53.763+0300][2386,863s][info ][gc] GC(115246) Pause Remark 107M->107M(128M) 3,075ms
[2021-04-30T10:28:53.774+0300][2386,875s][info ][gc] GC(115248) Pause Young (Normal) (G1 Evacuation Pause) 111M->103M(128M) 1,441ms
[2021-04-30T10:28:53.786+0300][2386,887s][info ][gc] GC(115246) Pause Cleanup 108M->108M(128M) 0,084ms
[2021-04-30T10:28:53.786+0300][2386,887s][info ][gc] GC(115246) Concurrent Cycle 52,780ms
[2021-04-30T10:28:53.792+0300][2386,893s][info ][gc] GC(115249) Pause Young (Normal) (G1 Evacuation Pause) 110M->104M(128M) 0,523ms
[2021-04-30T10:28:53.810+0300][2386,910s][info ][gc] GC(115250) Pause Young (Concurrent Start) (G1 Evacuation Pause) 111M->104M(128M) 0,858ms
[2021-04-30T10:28:53.810+0300][2386,910s][info ][gc] GC(115251) Concurrent Cycle
[2021-04-30T10:28:53.826+0300][2386,926s][info ][gc] GC(115252) Pause Young (Normal) (G1 Evacuation Pause) 110M->104M(128M) 0,881ms
[2021-04-30T10:28:53.844+0300][2386,945s][info ][gc] GC(115251) Pause Remark 108M->108M(128M) 3,706ms
[2021-04-30T10:28:53.848+0300][2386,949s][info ][gc] GC(115253) Pause Young (Normal) (G1 Evacuation Pause) 110M->104M(128M) 0,547ms
[2021-04-30T10:28:53.866+0300][2386,966s][info ][gc] GC(115254) Pause Young (Normal) (G1 Evacuation Pause) 110M->104M(128M) 0,475ms
[2021-04-30T10:28:53.869+0300][2386,970s][info ][gc] GC(115251) Pause Cleanup 105M->105M(128M) 0,082ms
[2021-04-30T10:28:53.869+0300][2386,970s][info ][gc] GC(115251) Concurrent Cycle 59,726ms
[2021-04-30T10:28:53.879+0300][2386,980s][info ][gc] GC(115255) Pause Young (Normal) (G1 Evacuation Pause) 110M->104M(128M) 0,620ms
[2021-04-30T10:28:53.895+0300][2386,996s][info ][gc] GC(115256) Pause Young (Concurrent Start) (G1 Evacuation Pause) 110M->104M(128M) 0,589ms
[2021-04-30T10:28:53.895+0300][2386,996s][info ][gc] GC(115257) Concurrent Cycle
[2021-04-30T10:28:53.911+0300][2387,011s][info ][gc] GC(115258) Pause Young (Normal) (G1 Evacuation Pause) 110M->104M(128M) 1,221ms
[2021-04-30T10:28:53.925+0300][2387,025s][info ][gc] GC(115259) Pause Young (Normal) (G1 Evacuation Pause) 110M->104M(128M) 0,791ms
[2021-04-30T10:28:53.935+0300][2387,036s][info ][gc] GC(115257) Pause Remark 107M->107M(128M) 2,940ms
[2021-04-30T10:28:53.946+0300][2387,046s][info ][gc] GC(115260) Pause Young (Normal) (G1 Evacuation Pause) 110M->104M(128M) 0,551ms
[2021-04-30T10:28:53.956+0300][2387,057s][info ][gc] GC(115257) Pause Cleanup 110M->110M(128M) 0,072ms
[2021-04-30T10:28:53.957+0300][2387,057s][info ][gc] GC(115257) Concurrent Cycle 61,176ms
[2021-04-30T10:28:53.960+0300][2387,060s][info ][gc] GC(115261) Pause Young (Normal) (G1 Evacuation Pause) 110M->105M(128M) 2,030ms
[2021-04-30T10:28:53.973+0300][2387,074s][info ][gc] GC(115262) Pause Young (Concurrent Start) (G1 Evacuation Pause) 111M->105M(128M) 0,548ms
[2021-04-30T10:28:53.973+0300][2387,074s][info ][gc] GC(115263) Concurrent Cycle
[2021-04-30T10:28:53.984+0300][2387,085s][info ][gc] GC(115264) Pause Young (Normal) (G1 Evacuation Pause) 110M->105M(128M) 0,775ms
[2021-04-30T10:28:53.994+0300][2387,095s][info ][gc] GC(115265) Pause Young (Normal) (G1 Evacuation Pause) 110M->105M(128M) 0,422ms
[2021-04-30T10:28:54.007+0300][2387,108s][info ][gc] GC(115263) Pause Remark 109M->109M(128M) 3,619ms
[2021-04-30T10:28:54.011+0300][2387,111s][info ][gc] GC(115266) Pause Young (Normal) (G1 Evacuation Pause) 110M->105M(128M) 0,437ms
[2021-04-30T10:28:54.025+0300][2387,125s][info ][gc] GC(115267) Pause Young (Normal) (G1 Evacuation Pause) 110M->105M(128M) 0,391ms
[2021-04-30T10:28:54.028+0300][2387,129s][info ][gc] GC(115263) Pause Cleanup 107M->107M(128M) 0,077ms
[2021-04-30T10:28:54.029+0300][2387,129s][info ][gc] GC(115263) Concurrent Cycle 55,110ms
[2021-04-30T10:28:54.039+0300][2387,139s][info ][gc] GC(115268) Pause Young (Normal) (G1 Evacuation Pause) 110M->105M(128M) 0,888ms
[2021-04-30T10:28:54.047+0300][2387,148s][info ][gc] GC(115269) Pause Young (Concurrent Start) (G1 Evacuation Pause) 110M->105M(128M) 0,917ms
[2021-04-30T10:28:54.048+0300][2387,148s][info ][gc] GC(115270) Concurrent Cycle
[2021-04-30T10:28:54.060+0300][2387,160s][info ][gc] GC(115271) Pause Young (Normal) (G1 Evacuation Pause) 110M->105M(128M) 0,670ms
[2021-04-30T10:28:54.074+0300][2387,175s][info ][gc] GC(115272) Pause Young (Normal) (G1 Evacuation Pause) 110M->105M(128M) 1,313ms
[2021-04-30T10:28:54.083+0300][2387,183s][info ][gc] GC(115270) Pause Remark 107M->107M(128M) 4,193ms
[2021-04-30T10:28:54.094+0300][2387,194s][info ][gc] GC(115273) Pause Young (Normal) (G1 Evacuation Pause) 110M->105M(128M) 0,553ms
[2021-04-30T10:28:54.106+0300][2387,207s][info ][gc] GC(115274) Pause Young (Normal) (G1 Evacuation Pause) 110M->106M(128M) 1,312ms
[2021-04-30T10:28:54.107+0300][2387,207s][info ][gc] GC(115270) Pause Cleanup 106M->106M(128M) 0,320ms
[2021-04-30T10:28:54.108+0300][2387,208s][info ][gc] GC(115270) Concurrent Cycle 60,010ms
[2021-04-30T10:28:54.119+0300][2387,219s][info ][gc] GC(115275) Pause Young (Normal) (G1 Evacuation Pause) 111M->106M(128M) 0,509ms
[2021-04-30T10:28:54.130+0300][2387,231s][info ][gc] GC(115276) Pause Young (Concurrent Start) (G1 Evacuation Pause) 111M->106M(128M) 0,611ms
[2021-04-30T10:28:54.130+0300][2387,231s][info ][gc] GC(115277) Concurrent Cycle
[2021-04-30T10:28:54.144+0300][2387,245s][info ][gc] GC(115278) Pause Young (Normal) (G1 Evacuation Pause) 111M->106M(128M) 2,208ms
[2021-04-30T10:28:54.161+0300][2387,261s][info ][gc] GC(115279) Pause Young (Normal) (G1 Evacuation Pause) 111M->106M(128M) 0,456ms
[2021-04-30T10:28:54.171+0300][2387,271s][info ][gc] GC(115277) Pause Remark 107M->107M(128M) 6,955ms
[2021-04-30T10:28:54.182+0300][2387,282s][info ][gc] GC(115280) Pause Young (Normal) (G1 Evacuation Pause) 111M->106M(128M) 0,621ms
[2021-04-30T10:28:54.191+0300][2387,291s][info ][gc] GC(115277) Pause Cleanup 110M->110M(128M) 0,144ms
[2021-04-30T10:28:54.191+0300][2387,292s][info ][gc] GC(115277) Concurrent Cycle 60,788ms
[2021-04-30T10:28:54.196+0300][2387,296s][info ][gc] GC(115281) Pause Young (Normal) (G1 Evacuation Pause) 111M->106M(128M) 0,511ms
[2021-04-30T10:28:54.206+0300][2387,307s][info ][gc] GC(115282) Pause Young (Concurrent Start) (G1 Evacuation Pause) 111M->106M(128M) 1,066ms
[2021-04-30T10:28:54.206+0300][2387,307s][info ][gc] GC(115283) Concurrent Cycle
[2021-04-30T10:28:54.217+0300][2387,317s][info ][gc] GC(115284) Pause Young (Normal) (G1 Evacuation Pause) 111M->106M(128M) 0,652ms
[2021-04-30T10:28:54.231+0300][2387,331s][info ][gc] GC(115285) Pause Young (Normal) (G1 Evacuation Pause) 111M->106M(128M) 0,657ms
[2021-04-30T10:28:54.235+0300][2387,336s][info ][gc] GC(115283) Pause Remark 107M->107M(128M) 2,684ms
[2021-04-30T10:28:54.249+0300][2387,349s][info ][gc] GC(115286) Pause Young (Normal) (G1 Evacuation Pause) 111M->107M(128M) 0,567ms
[2021-04-30T10:28:54.262+0300][2387,362s][info ][gc] GC(115287) Pause Young (Normal) (G1 Evacuation Pause) 112M->107M(128M) 0,389ms
[2021-04-30T10:28:54.262+0300][2387,363s][info ][gc] GC(115283) Pause Cleanup 107M->107M(128M) 0,090ms
[2021-04-30T10:28:54.262+0300][2387,363s][info ][gc] GC(115283) Concurrent Cycle 56,008ms
[2021-04-30T10:28:54.274+0300][2387,375s][info ][gc] GC(115288) Pause Young (Normal) (G1 Evacuation Pause) 112M->107M(128M) 0,495ms
[2021-04-30T10:28:54.285+0300][2387,385s][info ][gc] GC(115289) Pause Young (Concurrent Start) (G1 Evacuation Pause) 112M->107M(128M) 0,832ms
[2021-04-30T10:28:54.285+0300][2387,385s][info ][gc] GC(115290) Concurrent Cycle
[2021-04-30T10:28:54.298+0300][2387,399s][info ][gc] GC(115291) Pause Young (Normal) (G1 Evacuation Pause) 112M->107M(128M) 0,749ms
[2021-04-30T10:28:54.310+0300][2387,410s][info ][gc] GC(115292) Pause Young (Normal) (G1 Evacuation Pause) 112M->107M(128M) 0,647ms
[2021-04-30T10:28:54.321+0300][2387,421s][info ][gc] GC(115290) Pause Remark 109M->109M(128M) 3,334ms
[2021-04-30T10:28:54.330+0300][2387,431s][info ][gc] GC(115293) Pause Young (Normal) (G1 Evacuation Pause) 112M->107M(128M) 0,482ms
[2021-04-30T10:28:54.345+0300][2387,445s][info ][gc] GC(115294) Pause Young (Normal) (G1 Evacuation Pause) 112M->107M(128M) 0,423ms
[2021-04-30T10:28:54.345+0300][2387,446s][info ][gc] GC(115290) Pause Cleanup 107M->107M(128M) 0,067ms
[2021-04-30T10:28:54.346+0300][2387,446s][info ][gc] GC(115290) Concurrent Cycle 61,178ms
[2021-04-30T10:28:54.354+0300][2387,454s][info ][gc] GC(115295) Pause Young (Normal) (G1 Evacuation Pause) 112M->107M(128M) 0,477ms
[2021-04-30T10:28:54.365+0300][2387,466s][info ][gc] GC(115296) Pause Young (Concurrent Start) (G1 Evacuation Pause) 112M->107M(128M) 0,907ms
[2021-04-30T10:28:54.366+0300][2387,466s][info ][gc] GC(115297) Concurrent Cycle
[2021-04-30T10:28:54.381+0300][2387,481s][info ][gc] GC(115298) Pause Young (Normal) (G1 Evacuation Pause) 112M->107M(128M) 0,809ms
[2021-04-30T10:28:54.394+0300][2387,495s][info ][gc] GC(115299) Pause Young (Normal) (G1 Evacuation Pause) 112M->108M(128M) 1,038ms
[2021-04-30T10:28:54.402+0300][2387,502s][info ][gc] GC(115297) Pause Remark 110M->110M(128M) 3,112ms
[2021-04-30T10:28:54.409+0300][2387,509s][info ][gc] GC(115300) Pause Young (Normal) (G1 Evacuation Pause) 113M->108M(128M) 0,494ms
[2021-04-30T10:28:54.420+0300][2387,520s][info ][gc] GC(115301) Pause Young (Normal) (G1 Evacuation Pause) 113M->108M(128M) 0,635ms
[2021-04-30T10:28:54.428+0300][2387,529s][info ][gc] GC(115297) Pause Cleanup 110M->110M(128M) 0,122ms
[2021-04-30T10:28:54.433+0300][2387,533s][info ][gc] GC(115302) Pause Young (Normal) (G1 Evacuation Pause) 113M->108M(128M) 0,534ms
[2021-04-30T10:28:54.433+0300][2387,533s][info ][gc] GC(115297) Concurrent Cycle 67,536ms
[2021-04-30T10:28:54.444+0300][2387,544s][info ][gc] GC(115303) Pause Young (Normal) (G1 Evacuation Pause) 113M->108M(128M) 0,437ms
[2021-04-30T10:28:54.452+0300][2387,552s][info ][gc] GC(115304) Pause Young (Concurrent Start) (G1 Evacuation Pause) 113M->108M(128M) 0,708ms
[2021-04-30T10:28:54.452+0300][2387,552s][info ][gc] GC(115305) Concurrent Cycle
[2021-04-30T10:28:54.463+0300][2387,563s][info ][gc] GC(115306) Pause Young (Normal) (G1 Evacuation Pause) 113M->108M(128M) 0,725ms
[2021-04-30T10:28:54.474+0300][2387,575s][info ][gc] GC(115307) Pause Young (Normal) (G1 Evacuation Pause) 113M->108M(128M) 0,677ms
[2021-04-30T10:28:54.482+0300][2387,582s][info ][gc] GC(115305) Pause Remark 110M->110M(128M) 2,994ms
[2021-04-30T10:28:54.487+0300][2387,587s][info ][gc] GC(115308) Pause Young (Normal) (G1 Evacuation Pause) 113M->108M(128M) 0,467ms
[2021-04-30T10:28:54.498+0300][2387,598s][info ][gc] GC(115309) Pause Young (Normal) (G1 Evacuation Pause) 113M->108M(128M) 0,362ms
[2021-04-30T10:28:54.499+0300][2387,599s][info ][gc] GC(115305) Pause Cleanup 109M->109M(128M) 0,071ms
[2021-04-30T10:28:54.499+0300][2387,599s][info ][gc] GC(115305) Concurrent Cycle 47,294ms
[2021-04-30T10:28:54.509+0300][2387,609s][info ][gc] GC(115310) Pause Young (Normal) (G1 Evacuation Pause) 113M->108M(128M) 0,834ms
[2021-04-30T10:28:54.523+0300][2387,623s][info ][gc] GC(115311) Pause Young (Concurrent Start) (G1 Evacuation Pause) 113M->109M(128M) 0,644ms
[2021-04-30T10:28:54.523+0300][2387,623s][info ][gc] GC(115312) Concurrent Cycle
[2021-04-30T10:28:54.534+0300][2387,634s][info ][gc] GC(115313) Pause Young (Normal) (G1 Evacuation Pause) 114M->109M(128M) 1,450ms
[2021-04-30T10:28:54.548+0300][2387,648s][info ][gc] GC(115314) Pause Young (Normal) (G1 Evacuation Pause) 114M->109M(128M) 0,408ms
[2021-04-30T10:28:54.554+0300][2387,654s][info ][gc] GC(115312) Pause Remark 111M->111M(128M) 2,415ms
[2021-04-30T10:28:54.563+0300][2387,663s][info ][gc] GC(115315) Pause Young (Normal) (G1 Evacuation Pause) 114M->109M(128M) 0,415ms
[2021-04-30T10:28:54.575+0300][2387,675s][info ][gc] GC(115312) Pause Cleanup 113M->113M(128M) 0,117ms
[2021-04-30T10:28:54.576+0300][2387,676s][info ][gc] GC(115312) Concurrent Cycle 52,754ms
[2021-04-30T10:28:54.578+0300][2387,678s][info ][gc] GC(115316) Pause Young (Normal) (G1 Evacuation Pause) 114M->109M(128M) 0,433ms
[2021-04-30T10:28:54.592+0300][2387,692s][info ][gc] GC(115317) Pause Young (Concurrent Start) (G1 Evacuation Pause) 114M->109M(128M) 2,275ms
[2021-04-30T10:28:54.592+0300][2387,692s][info ][gc] GC(115318) Concurrent Cycle
[2021-04-30T10:28:54.607+0300][2387,708s][info ][gc] GC(115319) Pause Young (Normal) (G1 Evacuation Pause) 114M->109M(128M) 1,583ms
[2021-04-30T10:28:54.626+0300][2387,727s][info ][gc] GC(115318) Pause Remark 112M->112M(128M) 4,283ms
[2021-04-30T10:28:54.632+0300][2387,732s][info ][gc] GC(115320) Pause Young (Normal) (G1 Evacuation Pause) 114M->109M(128M) 0,470ms
[2021-04-30T10:28:54.649+0300][2387,750s][info ][gc] GC(115321) Pause Young (Normal) (G1 Evacuation Pause) 114M->109M(128M) 2,042ms
[2021-04-30T10:28:54.654+0300][2387,754s][info ][gc] GC(115318) Pause Cleanup 111M->111M(128M) 0,097ms
[2021-04-30T10:28:54.654+0300][2387,754s][info ][gc] GC(115318) Concurrent Cycle 61,768ms
[2021-04-30T10:28:54.660+0300][2387,761s][info ][gc] GC(115322) Pause Young (Normal) (G1 Evacuation Pause) 114M->109M(128M) 0,381ms
[2021-04-30T10:28:54.671+0300][2387,771s][info ][gc] GC(115323) Pause Young (Concurrent Start) (G1 Evacuation Pause) 114M->109M(128M) 0,885ms
[2021-04-30T10:28:54.671+0300][2387,771s][info ][gc] GC(115324) Concurrent Cycle
[2021-04-30T10:28:54.688+0300][2387,788s][info ][gc] GC(115325) Pause Young (Normal) (G1 Evacuation Pause) 114M->110M(128M) 2,434ms
[2021-04-30T10:28:54.700+0300][2387,800s][info ][gc] GC(115326) Pause Young (Normal) (G1 Evacuation Pause) 115M->110M(128M) 0,543ms
[2021-04-30T10:28:54.716+0300][2387,816s][info ][gc] GC(115324) Pause Remark 114M->114M(128M) 3,620ms
[2021-04-30T10:28:54.722+0300][2387,822s][info ][gc] GC(115327) Pause Young (Normal) (G1 Evacuation Pause) 115M->110M(128M) 1,957ms
[2021-04-30T10:28:54.738+0300][2387,839s][info ][gc] GC(115328) Pause Young (Normal) (G1 Evacuation Pause) 115M->110M(128M) 2,045ms
[2021-04-30T10:28:54.741+0300][2387,841s][info ][gc] GC(115324) Pause Cleanup 110M->110M(128M) 0,154ms
[2021-04-30T10:28:54.741+0300][2387,842s][info ][gc] GC(115324) Concurrent Cycle 70,342ms
[2021-04-30T10:28:54.751+0300][2387,852s][info ][gc] GC(115329) Pause Young (Normal) (G1 Evacuation Pause) 115M->110M(128M) 0,547ms
[2021-04-30T10:28:54.761+0300][2387,861s][info ][gc] GC(115330) Pause Young (Concurrent Start) (G1 Evacuation Pause) 115M->110M(128M) 0,704ms
[2021-04-30T10:28:54.761+0300][2387,861s][info ][gc] GC(115331) Concurrent Cycle
[2021-04-30T10:28:54.773+0300][2387,873s][info ][gc] GC(115332) Pause Young (Normal) (G1 Evacuation Pause) 115M->110M(128M) 0,609ms
[2021-04-30T10:28:54.785+0300][2387,885s][info ][gc] GC(115333) Pause Young (Normal) (G1 Evacuation Pause) 115M->110M(128M) 0,389ms
[2021-04-30T10:28:54.791+0300][2387,892s][info ][gc] GC(115331) Pause Remark 112M->112M(128M) 2,394ms
[2021-04-30T10:28:54.799+0300][2387,899s][info ][gc] GC(115334) Pause Young (Normal) (G1 Evacuation Pause) 115M->110M(128M) 0,538ms
[2021-04-30T10:28:54.811+0300][2387,911s][info ][gc] GC(115335) Pause Young (Normal) (G1 Evacuation Pause) 115M->110M(128M) 1,358ms
[2021-04-30T10:28:54.813+0300][2387,914s][info ][gc] GC(115331) Pause Cleanup 111M->111M(128M) 0,087ms
[2021-04-30T10:28:54.813+0300][2387,914s][info ][gc] GC(115331) Concurrent Cycle 52,342ms
[2021-04-30T10:28:54.825+0300][2387,926s][info ][gc] GC(115336) Pause Young (Normal) (G1 Evacuation Pause) 115M->110M(128M) 0,452ms
[2021-04-30T10:28:54.837+0300][2387,937s][info ][gc] GC(115337) Pause Young (Concurrent Start) (G1 Evacuation Pause) 115M->111M(128M) 1,465ms
[2021-04-30T10:28:54.837+0300][2387,937s][info ][gc] GC(115338) Concurrent Cycle
[2021-04-30T10:28:54.851+0300][2387,951s][info ][gc] GC(115339) Pause Young (Normal) (G1 Evacuation Pause) 116M->111M(128M) 0,860ms
[2021-04-30T10:28:54.867+0300][2387,967s][info ][gc] GC(115340) Pause Young (Normal) (G1 Evacuation Pause) 116M->111M(128M) 0,696ms
[2021-04-30T10:28:54.880+0300][2387,980s][info ][gc] GC(115338) Pause Remark 114M->114M(128M) 2,837ms
[2021-04-30T10:28:54.885+0300][2387,985s][info ][gc] GC(115341) Pause Young (Normal) (G1 Evacuation Pause) 116M->111M(128M) 0,537ms
[2021-04-30T10:28:54.898+0300][2387,998s][info ][gc] GC(115342) Pause Young (Normal) (G1 Evacuation Pause) 116M->111M(128M) 0,442ms
[2021-04-30T10:28:54.899+0300][2387,999s][info ][gc] GC(115338) Pause Cleanup 112M->112M(128M) 0,100ms
[2021-04-30T10:28:54.899+0300][2387,999s][info ][gc] GC(115338) Concurrent Cycle 62,273ms
[2021-04-30T10:28:54.908+0300][2388,008s][info ][gc] GC(115343) Pause Young (Normal) (G1 Evacuation Pause) 116M->111M(128M) 0,590ms
[2021-04-30T10:28:54.918+0300][2388,018s][info ][gc] GC(115344) Pause Young (Concurrent Start) (G1 Evacuation Pause) 116M->111M(128M) 0,722ms
[2021-04-30T10:28:54.918+0300][2388,019s][info ][gc] GC(115345) Concurrent Cycle
[2021-04-30T10:28:54.934+0300][2388,034s][info ][gc] GC(115346) Pause Young (Normal) (G1 Evacuation Pause) 116M->111M(128M) 0,784ms
[2021-04-30T10:28:54.950+0300][2388,050s][info ][gc] GC(115345) Pause Remark 115M->115M(128M) 4,311ms
[2021-04-30T10:28:54.958+0300][2388,058s][info ][gc] GC(115347) Pause Young (Normal) (G1 Evacuation Pause) 116M->111M(128M) 0,484ms
[2021-04-30T10:28:54.972+0300][2388,072s][info ][gc] GC(115348) Pause Young (Normal) (G1 Evacuation Pause) 116M->111M(128M) 0,493ms
[2021-04-30T10:28:54.980+0300][2388,080s][info ][gc] GC(115345) Pause Cleanup 114M->114M(128M) 0,191ms
[2021-04-30T10:28:54.980+0300][2388,081s][info ][gc] GC(115345) Concurrent Cycle 62,039ms
[2021-04-30T10:28:54.986+0300][2388,087s][info ][gc] GC(115349) Pause Young (Normal) (G1 Evacuation Pause) 116M->112M(128M) 0,568ms
[2021-04-30T10:28:54.999+0300][2388,100s][info ][gc] GC(115350) Pause Young (Concurrent Start) (G1 Evacuation Pause) 117M->112M(128M) 1,880ms
[2021-04-30T10:28:54.999+0300][2388,100s][info ][gc] GC(115351) Concurrent Cycle
[2021-04-30T10:28:55.015+0300][2388,115s][info ][gc] GC(115352) Pause Young (Normal) (G1 Evacuation Pause) 117M->112M(128M) 1,567ms
[2021-04-30T10:28:55.028+0300][2388,129s][info ][gc] GC(115353) Pause Young (Normal) (G1 Evacuation Pause) 117M->112M(128M) 0,568ms
[2021-04-30T10:28:55.043+0300][2388,143s][info ][gc] GC(115354) Pause Young (Normal) (G1 Evacuation Pause) 117M->112M(128M) 0,515ms
[2021-04-30T10:28:55.048+0300][2388,148s][info ][gc] GC(115351) Pause Remark 112M->112M(128M) 3,723ms
[2021-04-30T10:28:55.059+0300][2388,160s][info ][gc] GC(115355) Pause Young (Normal) (G1 Evacuation Pause) 117M->112M(128M) 0,401ms
[2021-04-30T10:28:55.071+0300][2388,171s][info ][gc] GC(115356) Pause Young (Normal) (G1 Evacuation Pause) 117M->112M(128M) 1,552ms
[2021-04-30T10:28:55.073+0300][2388,173s][info ][gc] GC(115351) Pause Cleanup 112M->112M(128M) 0,522ms
[2021-04-30T10:28:55.074+0300][2388,174s][info ][gc] GC(115351) Concurrent Cycle 74,430ms
[2021-04-30T10:28:55.084+0300][2388,185s][info ][gc] GC(115357) Pause Young (Normal) (G1 Evacuation Pause) 117M->112M(128M) 0,521ms
[2021-04-30T10:28:55.098+0300][2388,198s][info ][gc] GC(115358) Pause Young (Concurrent Start) (G1 Evacuation Pause) 117M->112M(128M) 0,929ms
[2021-04-30T10:28:55.098+0300][2388,198s][info ][gc] GC(115359) Concurrent Cycle
[2021-04-30T10:28:55.112+0300][2388,212s][info ][gc] GC(115360) Pause Young (Normal) (G1 Evacuation Pause) 117M->112M(128M) 1,861ms
[2021-04-30T10:28:55.124+0300][2388,224s][info ][gc] GC(115361) Pause Young (Normal) (G1 Evacuation Pause) 117M->113M(128M) 0,464ms
[2021-04-30T10:28:55.135+0300][2388,235s][info ][gc] GC(115359) Pause Remark 116M->116M(128M) 3,060ms
[2021-04-30T10:28:55.142+0300][2388,242s][info ][gc] GC(115362) Pause Young (Normal) (G1 Evacuation Pause) 118M->113M(128M) 1,186ms
[2021-04-30T10:28:55.157+0300][2388,257s][info ][gc] GC(115363) Pause Young (Normal) (G1 Evacuation Pause) 118M->113M(128M) 1,333ms
[2021-04-30T10:28:55.162+0300][2388,262s][info ][gc] GC(115359) Pause Cleanup 114M->114M(128M) 0,113ms
[2021-04-30T10:28:55.162+0300][2388,262s][info ][gc] GC(115359) Concurrent Cycle 64,256ms
[2021-04-30T10:28:55.170+0300][2388,271s][info ][gc] GC(115364) Pause Young (Normal) (G1 Evacuation Pause) 118M->113M(128M) 0,577ms
[2021-04-30T10:28:55.182+0300][2388,283s][info ][gc] GC(115365) Pause Young (Concurrent Start) (G1 Evacuation Pause) 118M->113M(128M) 0,717ms
[2021-04-30T10:28:55.183+0300][2388,283s][info ][gc] GC(115366) Concurrent Cycle
[2021-04-30T10:28:55.196+0300][2388,296s][info ][gc] GC(115367) Pause Young (Normal) (G1 Evacuation Pause) 118M->113M(128M) 0,728ms
[2021-04-30T10:28:55.208+0300][2388,308s][info ][gc] GC(115368) Pause Young (Normal) (G1 Evacuation Pause) 118M->113M(128M) 0,343ms
[2021-04-30T10:28:55.218+0300][2388,318s][info ][gc] GC(115366) Pause Remark 117M->117M(128M) 3,671ms
[2021-04-30T10:28:55.223+0300][2388,323s][info ][gc] GC(115369) Pause Young (Normal) (G1 Evacuation Pause) 118M->113M(128M) 0,577ms
[2021-04-30T10:28:55.235+0300][2388,335s][info ][gc] GC(115370) Pause Young (Normal) (G1 Evacuation Pause) 118M->113M(128M) 0,725ms
[2021-04-30T10:28:55.244+0300][2388,345s][info ][gc] GC(115366) Pause Cleanup 116M->116M(128M) 0,117ms
[2021-04-30T10:28:55.244+0300][2388,345s][info ][gc] GC(115366) Concurrent Cycle 61,867ms
[2021-04-30T10:28:55.249+0300][2388,349s][info ][gc] GC(115371) Pause Young (Normal) (G1 Evacuation Pause) 118M->113M(128M) 0,630ms
[2021-04-30T10:28:55.261+0300][2388,361s][info ][gc] GC(115372) Pause Young (Concurrent Start) (G1 Evacuation Pause) 118M->113M(128M) 0,532ms
[2021-04-30T10:28:55.261+0300][2388,361s][info ][gc] GC(115373) Concurrent Cycle
[2021-04-30T10:28:55.269+0300][2388,370s][info ][gc] GC(115374) Pause Young (Normal) (G1 Evacuation Pause) 118M->113M(128M) 0,897ms
[2021-04-30T10:28:55.283+0300][2388,383s][info ][gc] GC(115375) Pause Young (Normal) (G1 Evacuation Pause) 118M->114M(128M) 0,488ms
[2021-04-30T10:28:55.294+0300][2388,395s][info ][gc] GC(115373) Pause Remark 116M->116M(128M) 5,737ms
[2021-04-30T10:28:55.300+0300][2388,400s][info ][gc] GC(115376) Pause Young (Normal) (G1 Evacuation Pause) 119M->114M(128M) 0,694ms
[2021-04-30T10:28:55.313+0300][2388,413s][info ][gc] GC(115377) Pause Young (Normal) (G1 Evacuation Pause) 119M->114M(128M) 0,419ms
[2021-04-30T10:28:55.317+0300][2388,417s][info ][gc] GC(115373) Pause Cleanup 116M->116M(128M) 0,111ms
[2021-04-30T10:28:55.317+0300][2388,417s][info ][gc] GC(115373) Concurrent Cycle 56,369ms
[2021-04-30T10:28:55.325+0300][2388,425s][info ][gc] GC(115378) Pause Young (Normal) (G1 Evacuation Pause) 119M->114M(128M) 2,336ms
[2021-04-30T10:28:55.335+0300][2388,435s][info ][gc] GC(115379) Pause Young (Concurrent Start) (G1 Evacuation Pause) 119M->114M(128M) 0,918ms
[2021-04-30T10:28:55.335+0300][2388,435s][info ][gc] GC(115380) Concurrent Cycle
[2021-04-30T10:28:55.348+0300][2388,448s][info ][gc] GC(115381) Pause Young (Normal) (G1 Evacuation Pause) 119M->114M(128M) 0,686ms
[2021-04-30T10:28:55.362+0300][2388,462s][info ][gc] GC(115382) Pause Young (Normal) (G1 Evacuation Pause) 119M->114M(128M) 1,833ms
[2021-04-30T10:28:55.377+0300][2388,477s][info ][gc] GC(115380) Pause Remark 118M->118M(128M) 3,606ms
[2021-04-30T10:28:55.380+0300][2388,480s][info ][gc] GC(115383) Pause Young (Normal) (G1 Evacuation Pause) 119M->114M(128M) 0,496ms
[2021-04-30T10:28:55.397+0300][2388,498s][info ][gc] GC(115384) Pause Young (Normal) (G1 Evacuation Pause) 119M->114M(128M) 0,464ms
[2021-04-30T10:28:55.406+0300][2388,507s][info ][gc] GC(115380) Pause Cleanup 118M->118M(128M) 0,907ms
[2021-04-30T10:28:55.409+0300][2388,510s][info ][gc] GC(115380) Concurrent Cycle 74,564ms
[2021-04-30T10:28:55.413+0300][2388,513s][info ][gc] GC(115385) Pause Young (Normal) (G1 Evacuation Pause) 119M->114M(128M) 0,444ms
[2021-04-30T10:28:55.426+0300][2388,526s][info ][gc] GC(115386) Pause Young (Concurrent Start) (G1 Evacuation Pause) 119M->115M(128M) 1,474ms
[2021-04-30T10:28:55.426+0300][2388,527s][info ][gc] GC(115387) Concurrent Cycle
[2021-04-30T10:28:55.443+0300][2388,543s][info ][gc] GC(115388) Pause Young (Normal) (G1 Evacuation Pause) 120M->115M(128M) 0,739ms
[2021-04-30T10:28:55.458+0300][2388,558s][info ][gc] GC(115389) Pause Young (Normal) (G1 Evacuation Pause) 120M->115M(128M) 0,580ms
[2021-04-30T10:28:55.461+0300][2388,562s][info ][gc] GC(115387) Pause Remark 115M->115M(128M) 2,703ms
[2021-04-30T10:28:55.472+0300][2388,572s][info ][gc] GC(115390) Pause Young (Normal) (G1 Evacuation Pause) 120M->115M(128M) 0,442ms
[2021-04-30T10:28:55.480+0300][2388,580s][info ][gc] GC(115387) Pause Cleanup 119M->119M(128M) 0,087ms
[2021-04-30T10:28:55.480+0300][2388,580s][info ][gc] GC(115387) Concurrent Cycle 53,837ms
[2021-04-30T10:28:55.482+0300][2388,583s][info ][gc] GC(115391) Pause Young (Normal) (G1 Evacuation Pause) 120M->115M(128M) 0,580ms
[2021-04-30T10:28:55.493+0300][2388,593s][info ][gc] GC(115392) Pause Young (Concurrent Start) (G1 Evacuation Pause) 120M->115M(128M) 0,974ms
[2021-04-30T10:28:55.493+0300][2388,593s][info ][gc] GC(115393) Concurrent Cycle
[2021-04-30T10:28:55.507+0300][2388,607s][info ][gc] GC(115394) Pause Young (Normal) (G1 Evacuation Pause) 120M->115M(128M) 0,718ms
[2021-04-30T10:28:55.525+0300][2388,626s][info ][gc] GC(115393) Pause Remark 120M->120M(128M) 3,177ms
[2021-04-30T10:28:55.527+0300][2388,627s][info ][gc] GC(115395) Pause Young (Normal) (G1 Evacuation Pause) 120M->115M(128M) 0,496ms
[2021-04-30T10:28:55.534+0300][2388,635s][info ][gc] GC(115396) Pause Young (Normal) (G1 Evacuation Pause) 120M->115M(128M) 0,474ms
[2021-04-30T10:28:55.541+0300][2388,641s][info ][gc] GC(115393) Pause Cleanup 118M->118M(128M) 0,089ms
[2021-04-30T10:28:55.541+0300][2388,641s][info ][gc] GC(115393) Concurrent Cycle 48,229ms
[2021-04-30T10:28:55.544+0300][2388,644s][info ][gc] GC(115397) Pause Young (Normal) (G1 Evacuation Pause) 120M->115M(128M) 0,498ms
[2021-04-30T10:28:55.554+0300][2388,655s][info ][gc] GC(115398) Pause Young (Concurrent Start) (G1 Evacuation Pause) 120M->115M(128M) 0,599ms
[2021-04-30T10:28:55.554+0300][2388,655s][info ][gc] GC(115399) Concurrent Cycle
[2021-04-30T10:28:55.565+0300][2388,665s][info ][gc] GC(115400) Pause Young (Normal) (G1 Evacuation Pause) 120M->116M(128M) 0,621ms
[2021-04-30T10:28:55.573+0300][2388,673s][info ][gc] GC(115401) Pause Young (Normal) (G1 Evacuation Pause) 121M->116M(128M) 0,392ms
[2021-04-30T10:28:55.577+0300][2388,677s][info ][gc] GC(115399) Pause Remark 117M->117M(128M) 2,139ms
[2021-04-30T10:28:55.589+0300][2388,690s][info ][gc] GC(115402) Pause Young (Normal) (G1 Evacuation Pause) 121M->116M(128M) 0,715ms
[2021-04-30T10:28:55.599+0300][2388,699s][info ][gc] GC(115399) Pause Cleanup 119M->119M(128M) 0,365ms
[2021-04-30T10:28:55.599+0300][2388,699s][info ][gc] GC(115399) Concurrent Cycle 44,819ms
[2021-04-30T10:28:55.602+0300][2388,702s][info ][gc] GC(115403) Pause Young (Normal) (G1 Evacuation Pause) 121M->116M(128M) 0,447ms
[2021-04-30T10:28:55.610+0300][2388,710s][info ][gc] GC(115404) Pause Young (Concurrent Start) (G1 Evacuation Pause) 121M->116M(128M) 0,846ms
[2021-04-30T10:28:55.610+0300][2388,710s][info ][gc] GC(115405) Concurrent Cycle
[2021-04-30T10:28:55.625+0300][2388,725s][info ][gc] GC(115406) Pause Young (Normal) (G1 Evacuation Pause) 121M->116M(128M) 1,372ms
[2021-04-30T10:28:55.636+0300][2388,736s][info ][gc] GC(115407) Pause Young (Normal) (G1 Evacuation Pause) 121M->116M(128M) 0,392ms
[2021-04-30T10:28:55.650+0300][2388,751s][info ][gc] GC(115405) Pause Remark 120M->120M(128M) 5,672ms
[2021-04-30T10:28:55.654+0300][2388,754s][info ][gc] GC(115408) Pause Young (Normal) (G1 Evacuation Pause) 121M->116M(128M) 0,827ms
[2021-04-30T10:28:55.671+0300][2388,771s][info ][gc] GC(115409) Pause Young (Normal) (G1 Evacuation Pause) 121M->116M(128M) 2,800ms
[2021-04-30T10:28:55.684+0300][2388,785s][info ][gc] GC(115410) Pause Young (Normal) (G1 Evacuation Pause) 121M->116M(128M) 0,597ms
[2021-04-30T10:28:55.688+0300][2388,788s][info ][gc] GC(115405) Pause Cleanup 118M->118M(128M) 0,104ms
[2021-04-30T10:28:55.688+0300][2388,788s][info ][gc] GC(115405) Concurrent Cycle 78,322ms
[2021-04-30T10:28:55.699+0300][2388,799s][info ][gc] GC(115411) Pause Young (Normal) (G1 Evacuation Pause) 121M->117M(128M) 0,695ms
[2021-04-30T10:28:55.713+0300][2388,813s][info ][gc] GC(115412) Pause Young (Concurrent Start) (G1 Evacuation Pause) 122M->117M(128M) 0,964ms
[2021-04-30T10:28:55.713+0300][2388,813s][info ][gc] GC(115413) Concurrent Cycle
[2021-04-30T10:28:55.727+0300][2388,827s][info ][gc] GC(115414) Pause Young (Normal) (G1 Evacuation Pause) 122M->117M(128M) 1,491ms
[2021-04-30T10:28:55.742+0300][2388,843s][info ][gc] GC(115415) Pause Young (Normal) (G1 Evacuation Pause) 122M->117M(128M) 0,448ms
[2021-04-30T10:28:55.758+0300][2388,859s][info ][gc] GC(115413) Pause Remark 120M->120M(128M) 7,272ms
[2021-04-30T10:28:55.762+0300][2388,863s][info ][gc] GC(115416) Pause Young (Normal) (G1 Evacuation Pause) 122M->117M(128M) 0,574ms
[2021-04-30T10:28:55.776+0300][2388,876s][info ][gc] GC(115417) Pause Young (Normal) (G1 Evacuation Pause) 122M->117M(128M) 0,579ms
[2021-04-30T10:28:55.784+0300][2388,885s][info ][gc] GC(115413) Pause Cleanup 120M->120M(128M) 0,106ms
[2021-04-30T10:28:55.785+0300][2388,885s][info ][gc] GC(115413) Concurrent Cycle 71,541ms
[2021-04-30T10:28:55.792+0300][2388,892s][info ][gc] GC(115418) Pause Young (Normal) (G1 Evacuation Pause) 122M->117M(128M) 1,554ms
[2021-04-30T10:28:55.803+0300][2388,903s][info ][gc] GC(115419) Pause Young (Concurrent Start) (G1 Evacuation Pause) 122M->117M(128M) 0,805ms
[2021-04-30T10:28:55.803+0300][2388,903s][info ][gc] GC(115420) Concurrent Cycle
[2021-04-30T10:28:55.818+0300][2388,918s][info ][gc] GC(115421) Pause Young (Normal) (G1 Evacuation Pause) 122M->117M(128M) 0,963ms
[2021-04-30T10:28:55.829+0300][2388,929s][info ][gc] GC(115422) Pause Young (Normal) (G1 Evacuation Pause) 122M->117M(128M) 0,454ms
[2021-04-30T10:28:55.843+0300][2388,943s][info ][gc] GC(115420) Pause Remark 121M->121M(128M) 4,645ms
[2021-04-30T10:28:55.846+0300][2388,946s][info ][gc] GC(115423) Pause Young (Normal) (G1 Evacuation Pause) 122M->117M(128M) 0,418ms
[2021-04-30T10:28:55.858+0300][2388,958s][info ][gc] GC(115424) Pause Young (Normal) (G1 Evacuation Pause) 122M->118M(128M) 0,427ms
[2021-04-30T10:28:55.865+0300][2388,965s][info ][gc] GC(115420) Pause Cleanup 120M->120M(128M) 0,100ms
[2021-04-30T10:28:55.865+0300][2388,965s][info ][gc] GC(115420) Concurrent Cycle 62,372ms
[2021-04-30T10:28:55.871+0300][2388,972s][info ][gc] GC(115425) Pause Young (Normal) (G1 Evacuation Pause) 123M->118M(128M) 0,547ms
[2021-04-30T10:28:55.881+0300][2388,981s][info ][gc] GC(115426) Pause Young (Concurrent Start) (G1 Evacuation Pause) 123M->118M(128M) 0,603ms
[2021-04-30T10:28:55.881+0300][2388,981s][info ][gc] GC(115427) Concurrent Cycle
[2021-04-30T10:28:55.894+0300][2388,995s][info ][gc] GC(115428) Pause Young (Normal) (G1 Evacuation Pause) 123M->118M(128M) 0,759ms
[2021-04-30T10:28:55.907+0300][2389,008s][info ][gc] GC(115429) Pause Young (Normal) (G1 Evacuation Pause) 123M->118M(128M) 2,477ms
[2021-04-30T10:28:55.914+0300][2389,015s][info ][gc] GC(115427) Pause Remark 121M->121M(128M) 2,403ms
[2021-04-30T10:28:55.922+0300][2389,023s][info ][gc] GC(115430) Pause Young (Normal) (G1 Evacuation Pause) 123M->118M(128M) 1,340ms
[2021-04-30T10:28:55.933+0300][2389,033s][info ][gc] GC(115431) Pause Young (Normal) (G1 Evacuation Pause) 123M->118M(128M) 0,608ms
[2021-04-30T10:28:55.945+0300][2389,045s][info ][gc] GC(115427) Pause Cleanup 121M->121M(128M) 0,774ms
[2021-04-30T10:28:55.945+0300][2389,045s][info ][gc] GC(115427) Concurrent Cycle 64,101ms
[2021-04-30T10:28:55.951+0300][2389,051s][info ][gc] GC(115432) Pause Young (Normal) (G1 Evacuation Pause) 123M->118M(128M) 0,754ms
[2021-04-30T10:28:55.966+0300][2389,066s][info ][gc] GC(115433) Pause Young (Concurrent Start) (G1 Evacuation Pause) 123M->118M(128M) 2,291ms
[2021-04-30T10:28:55.966+0300][2389,066s][info ][gc] GC(115434) Concurrent Cycle
[2021-04-30T10:28:55.978+0300][2389,078s][info ][gc] GC(115435) Pause Young (Normal) (G1 Evacuation Pause) 123M->118M(128M) 1,893ms
[2021-04-30T10:28:55.993+0300][2389,093s][info ][gc] GC(115436) Pause Young (Normal) (G1 Evacuation Pause) 123M->118M(128M) 1,145ms
[2021-04-30T10:28:56.007+0300][2389,107s][info ][gc] GC(115437) Pause Young (Normal) (G1 Evacuation Pause) 123M->119M(128M) 1,812ms
[2021-04-30T10:28:56.016+0300][2389,117s][info ][gc] GC(115434) Pause Remark 122M->122M(128M) 3,300ms
[2021-04-30T10:28:56.025+0300][2389,125s][info ][gc] GC(115438) Pause Young (Normal) (G1 Evacuation Pause) 124M->119M(128M) 1,119ms
[2021-04-30T10:28:56.038+0300][2389,139s][info ][gc] GC(115439) Pause Young (Normal) (G1 Evacuation Pause) 124M->119M(128M) 0,746ms
[2021-04-30T10:28:56.043+0300][2389,143s][info ][gc] GC(115434) Pause Cleanup 120M->120M(128M) 0,202ms
[2021-04-30T10:28:56.043+0300][2389,143s][info ][gc] GC(115434) Concurrent Cycle 77,276ms
[2021-04-30T10:28:56.053+0300][2389,154s][info ][gc] GC(115440) Pause Young (Normal) (G1 Evacuation Pause) 124M->119M(128M) 0,878ms
[2021-04-30T10:28:56.066+0300][2389,167s][info ][gc] GC(115441) Pause Young (Concurrent Start) (G1 Evacuation Pause) 124M->119M(128M) 1,255ms
[2021-04-30T10:28:56.066+0300][2389,167s][info ][gc] GC(115442) Concurrent Cycle
[2021-04-30T10:28:56.079+0300][2389,179s][info ][gc] GC(115443) Pause Young (Normal) (G1 Evacuation Pause) 124M->119M(128M) 1,135ms
[2021-04-30T10:28:56.087+0300][2389,187s][info ][gc] GC(115444) Pause Young (Normal) (G1 Evacuation Pause) 124M->119M(128M) 0,543ms
[2021-04-30T10:28:56.096+0300][2389,197s][info ][gc] GC(115442) Pause Remark 121M->121M(128M) 2,682ms
[2021-04-30T10:28:56.105+0300][2389,205s][info ][gc] GC(115445) Pause Young (Normal) (G1 Evacuation Pause) 124M->119M(128M) 1,272ms
[2021-04-30T10:28:56.119+0300][2389,219s][info ][gc] GC(115442) Pause Cleanup 122M->122M(128M) 0,117ms
[2021-04-30T10:28:56.119+0300][2389,219s][info ][gc] GC(115442) Concurrent Cycle 52,510ms
[2021-04-30T10:28:56.125+0300][2389,225s][info ][gc] GC(115446) Pause Young (Normal) (G1 Evacuation Pause) 124M->119M(128M) 0,592ms
[2021-04-30T10:28:56.138+0300][2389,238s][info ][gc] GC(115447) Pause Young (Concurrent Start) (G1 Evacuation Pause) 124M->119M(128M) 0,758ms
[2021-04-30T10:28:56.138+0300][2389,238s][info ][gc] GC(115448) Concurrent Cycle
[2021-04-30T10:28:56.152+0300][2389,252s][info ][gc] GC(115449) Pause Young (Normal) (G1 Evacuation Pause) 124M->119M(128M) 0,710ms
[2021-04-30T10:28:56.166+0300][2389,267s][info ][gc] GC(115450) Pause Young (Normal) (G1 Evacuation Pause) 124M->120M(128M) 0,563ms
[2021-04-30T10:28:56.173+0300][2389,274s][info ][gc] GC(115448) Pause Remark 121M->121M(128M) 3,183ms
[2021-04-30T10:28:56.184+0300][2389,284s][info ][gc] GC(115451) To-space exhausted
[2021-04-30T10:28:56.184+0300][2389,284s][info ][gc] GC(115451) Pause Young (Normal) (G1 Evacuation Pause) 125M->120M(128M) 0,743ms
[2021-04-30T10:28:56.196+0300][2389,296s][info ][gc] GC(115448) Pause Cleanup 125M->125M(128M) 0,121ms
[2021-04-30T10:28:56.196+0300][2389,297s][info ][gc] GC(115448) Concurrent Cycle 58,442ms
[2021-04-30T10:28:56.198+0300][2389,299s][info ][gc] GC(115452) To-space exhausted
[2021-04-30T10:28:56.198+0300][2389,299s][info ][gc] GC(115452) Pause Young (Normal) (G1 Evacuation Pause) 125M->125M(128M) 1,670ms
[2021-04-30T10:28:56.278+0300][2389,378s][info ][gc] GC(115453) Pause Full (G1 Evacuation Pause) 125M->115M(128M) 79,267ms
[2021-04-30T10:28:56.295+0300][2389,395s][info ][gc] GC(115454) Pause Young (Concurrent Start) (G1 Evacuation Pause) 121M->116M(128M) 1,049ms
[2021-04-30T10:28:56.295+0300][2389,395s][info ][gc] GC(115455) Concurrent Cycle
[2021-04-30T10:28:56.309+0300][2389,409s][info ][gc] GC(115456) Pause Young (Normal) (G1 Evacuation Pause) 121M->116M(128M) 0,653ms
[2021-04-30T10:28:56.324+0300][2389,425s][info ][gc] GC(115457) Pause Young (Normal) (G1 Evacuation Pause) 121M->116M(128M) 0,421ms
[2021-04-30T10:28:56.340+0300][2389,441s][info ][gc] GC(115458) Pause Young (Normal) (G1 Evacuation Pause) 121M->116M(128M) 1,788ms
[2021-04-30T10:28:56.349+0300][2389,449s][info ][gc] GC(115455) Pause Remark 117M->117M(128M) 2,364ms
[2021-04-30T10:28:56.360+0300][2389,460s][info ][gc] GC(115459) Pause Young (Normal) (G1 Evacuation Pause) 121M->116M(128M) 1,389ms
[2021-04-30T10:28:56.372+0300][2389,472s][info ][gc] GC(115455) Pause Cleanup 121M->121M(128M) 0,089ms
[2021-04-30T10:28:56.372+0300][2389,472s][info ][gc] GC(115455) Concurrent Cycle 76,669ms
[2021-04-30T10:28:56.373+0300][2389,473s][info ][gc] GC(115460) Pause Young (Normal) (G1 Evacuation Pause) 121M->116M(128M) 0,402ms
[2021-04-30T10:28:56.383+0300][2389,483s][info ][gc] GC(115461) Pause Young (Concurrent Start) (G1 Evacuation Pause) 121M->116M(128M) 0,674ms
[2021-04-30T10:28:56.383+0300][2389,483s][info ][gc] GC(115462) Concurrent Cycle
[2021-04-30T10:28:56.394+0300][2389,494s][info ][gc] GC(115463) Pause Young (Normal) (G1 Evacuation Pause) 121M->116M(128M) 0,744ms
[2021-04-30T10:28:56.405+0300][2389,505s][info ][gc] GC(115464) Pause Young (Normal) (G1 Evacuation Pause) 121M->116M(128M) 0,473ms
[2021-04-30T10:28:56.419+0300][2389,519s][info ][gc] GC(115462) Pause Remark 120M->120M(128M) 3,786ms
[2021-04-30T10:28:56.422+0300][2389,522s][info ][gc] GC(115465) Pause Young (Normal) (G1 Evacuation Pause) 121M->116M(128M) 0,510ms
[2021-04-30T10:28:56.438+0300][2389,539s][info ][gc] GC(115466) Pause Young (Normal) (G1 Evacuation Pause) 121M->116M(128M) 3,145ms
[2021-04-30T10:28:56.447+0300][2389,547s][info ][gc] GC(115462) Pause Cleanup 121M->121M(128M) 0,095ms
[2021-04-30T10:28:56.447+0300][2389,548s][info ][gc] GC(115462) Concurrent Cycle 64,154ms
[2021-04-30T10:28:56.449+0300][2389,549s][info ][gc] GC(115467) Pause Young (Normal) (G1 Evacuation Pause) 121M->117M(128M) 0,479ms
[2021-04-30T10:28:56.459+0300][2389,559s][info ][gc] GC(115468) Pause Young (Concurrent Start) (G1 Evacuation Pause) 122M->117M(128M) 0,529ms
[2021-04-30T10:28:56.459+0300][2389,559s][info ][gc] GC(115469) Concurrent Cycle
[2021-04-30T10:28:56.472+0300][2389,572s][info ][gc] GC(115470) Pause Young (Normal) (G1 Evacuation Pause) 122M->117M(128M) 1,010ms
[2021-04-30T10:28:56.486+0300][2389,587s][info ][gc] GC(115471) Pause Young (Normal) (G1 Evacuation Pause) 122M->117M(128M) 1,562ms
[2021-04-30T10:28:56.496+0300][2389,597s][info ][gc] GC(115469) Pause Remark 120M->120M(128M) 3,280ms
[2021-04-30T10:28:56.503+0300][2389,603s][info ][gc] GC(115472) Pause Young (Normal) (G1 Evacuation Pause) 122M->117M(128M) 0,426ms
[2021-04-30T10:28:56.517+0300][2389,617s][info ][gc] GC(115469) Pause Cleanup 122M->122M(128M) 0,300ms
[2021-04-30T10:28:56.517+0300][2389,617s][info ][gc] GC(115469) Concurrent Cycle 58,149ms
[2021-04-30T10:28:56.521+0300][2389,621s][info ][gc] GC(115473) Pause Young (Normal) (G1 Evacuation Pause) 122M->117M(128M) 3,267ms
[2021-04-30T10:28:56.533+0300][2389,634s][info ][gc] GC(115474) Pause Young (Concurrent Start) (G1 Evacuation Pause) 122M->117M(128M) 0,809ms
[2021-04-30T10:28:56.534+0300][2389,634s][info ][gc] GC(115475) Concurrent Cycle
[2021-04-30T10:28:56.545+0300][2389,646s][info ][gc] GC(115476) Pause Young (Normal) (G1 Evacuation Pause) 122M->117M(128M) 0,885ms
[2021-04-30T10:28:56.557+0300][2389,658s][info ][gc] GC(115477) Pause Young (Normal) (G1 Evacuation Pause) 122M->117M(128M) 0,472ms
[2021-04-30T10:28:56.569+0300][2389,669s][info ][gc] GC(115475) Pause Remark 121M->121M(128M) 2,295ms
[2021-04-30T10:28:56.571+0300][2389,671s][info ][gc] GC(115478) Pause Young (Normal) (G1 Evacuation Pause) 122M->117M(128M) 0,430ms
[2021-04-30T10:28:56.583+0300][2389,683s][info ][gc] GC(115479) Pause Young (Normal) (G1 Evacuation Pause) 122M->117M(128M) 0,616ms
[2021-04-30T10:28:56.586+0300][2389,687s][info ][gc] GC(115475) Pause Cleanup 119M->119M(128M) 0,318ms
[2021-04-30T10:28:56.586+0300][2389,687s][info ][gc] GC(115475) Concurrent Cycle 52,891ms
[2021-04-30T10:28:56.599+0300][2389,699s][info ][gc] GC(115480) Pause Young (Normal) (G1 Evacuation Pause) 122M->117M(128M) 3,764ms
[2021-04-30T10:28:56.610+0300][2389,711s][info ][gc] GC(115481) Pause Young (Concurrent Start) (G1 Evacuation Pause) 122M->117M(128M) 0,640ms
[2021-04-30T10:28:56.610+0300][2389,711s][info ][gc] GC(115482) Concurrent Cycle
[2021-04-30T10:28:56.628+0300][2389,728s][info ][gc] GC(115483) Pause Young (Normal) (G1 Evacuation Pause) 122M->118M(128M) 1,941ms
[2021-04-30T10:28:56.648+0300][2389,748s][info ][gc] GC(115484) Pause Young (Normal) (G1 Evacuation Pause) 123M->118M(128M) 0,592ms
[2021-04-30T10:28:56.660+0300][2389,760s][info ][gc] GC(115482) Pause Remark 119M->119M(128M) 8,252ms
[2021-04-30T10:28:56.668+0300][2389,769s][info ][gc] GC(115485) Pause Young (Normal) (G1 Evacuation Pause) 123M->118M(128M) 0,481ms
[2021-04-30T10:28:56.683+0300][2389,783s][info ][gc] GC(115486) Pause Young (Normal) (G1 Evacuation Pause) 123M->118M(128M) 0,554ms
[2021-04-30T10:28:56.685+0300][2389,785s][info ][gc] GC(115482) Pause Cleanup 119M->119M(128M) 0,097ms
[2021-04-30T10:28:56.685+0300][2389,785s][info ][gc] GC(115482) Concurrent Cycle 74,392ms
[2021-04-30T10:28:56.696+0300][2389,796s][info ][gc] GC(115487) Pause Young (Normal) (G1 Evacuation Pause) 123M->118M(128M) 0,639ms
[2021-04-30T10:28:56.708+0300][2389,809s][info ][gc] GC(115488) Pause Young (Concurrent Start) (G1 Evacuation Pause) 123M->118M(128M) 0,556ms
[2021-04-30T10:28:56.708+0300][2389,809s][info ][gc] GC(115489) Concurrent Cycle
[2021-04-30T10:28:56.720+0300][2389,821s][info ][gc] GC(115490) Pause Young (Normal) (G1 Evacuation Pause) 123M->118M(128M) 0,729ms
[2021-04-30T10:28:56.736+0300][2389,836s][info ][gc] GC(115491) Pause Young (Normal) (G1 Evacuation Pause) 123M->118M(128M) 0,655ms
[2021-04-30T10:28:56.748+0300][2389,849s][info ][gc] GC(115489) Pause Remark 121M->121M(128M) 4,589ms
[2021-04-30T10:28:56.754+0300][2389,854s][info ][gc] GC(115492) Pause Young (Normal) (G1 Evacuation Pause) 123M->118M(128M) 0,465ms
[2021-04-30T10:28:56.766+0300][2389,866s][info ][gc] GC(115493) Pause Young (Normal) (G1 Evacuation Pause) 123M->118M(128M) 0,369ms
[2021-04-30T10:28:56.768+0300][2389,868s][info ][gc] GC(115489) Pause Cleanup 118M->118M(128M) 0,368ms
[2021-04-30T10:28:56.768+0300][2389,869s][info ][gc] GC(115489) Concurrent Cycle 59,960ms
[2021-04-30T10:28:56.778+0300][2389,878s][info ][gc] GC(115494) Pause Young (Normal) (G1 Evacuation Pause) 123M->118M(128M) 0,371ms
[2021-04-30T10:28:56.789+0300][2389,890s][info ][gc] GC(115495) Pause Young (Concurrent Start) (G1 Evacuation Pause) 123M->118M(128M) 2,307ms
[2021-04-30T10:28:56.789+0300][2389,890s][info ][gc] GC(115496) Concurrent Cycle
[2021-04-30T10:28:56.804+0300][2389,905s][info ][gc] GC(115497) Pause Young (Normal) (G1 Evacuation Pause) 123M->119M(128M) 0,623ms
[2021-04-30T10:28:56.815+0300][2389,915s][info ][gc] GC(115498) Pause Young (Normal) (G1 Evacuation Pause) 124M->119M(128M) 0,459ms
[2021-04-30T10:28:56.825+0300][2389,925s][info ][gc] GC(115496) Pause Remark 121M->121M(128M) 4,646ms
[2021-04-30T10:28:56.831+0300][2389,932s][info ][gc] GC(115499) Pause Young (Normal) (G1 Evacuation Pause) 124M->119M(128M) 0,618ms
[2021-04-30T10:28:56.846+0300][2389,947s][info ][gc] GC(115500) Pause Young (Normal) (G1 Evacuation Pause) 124M->119M(128M) 1,124ms
[2021-04-30T10:28:56.850+0300][2389,950s][info ][gc] GC(115496) Pause Cleanup 120M->120M(128M) 0,137ms
[2021-04-30T10:28:56.850+0300][2389,950s][info ][gc] GC(115496) Concurrent Cycle 60,532ms
[2021-04-30T10:28:56.863+0300][2389,963s][info ][gc] GC(115501) Pause Young (Normal) (G1 Evacuation Pause) 124M->119M(128M) 0,520ms
[2021-04-30T10:28:56.876+0300][2389,976s][info ][gc] GC(115502) Pause Young (Concurrent Start) (G1 Evacuation Pause) 124M->119M(128M) 0,677ms
[2021-04-30T10:28:56.876+0300][2389,977s][info ][gc] GC(115503) Concurrent Cycle
[2021-04-30T10:28:56.890+0300][2389,990s][info ][gc] GC(115504) Pause Young (Normal) (G1 Evacuation Pause) 124M->119M(128M) 0,839ms
[2021-04-30T10:28:56.906+0300][2390,007s][info ][gc] GC(115505) To-space exhausted
[2021-04-30T10:28:56.906+0300][2390,007s][info ][gc] GC(115505) Pause Young (Normal) (G1 Evacuation Pause) 124M->120M(128M) 1,826ms
[2021-04-30T10:28:56.914+0300][2390,014s][info ][gc] GC(115503) Pause Remark 122M->122M(128M) 2,694ms
[2021-04-30T10:28:56.925+0300][2390,026s][info ][gc] GC(115506) To-space exhausted
[2021-04-30T10:28:56.926+0300][2390,026s][info ][gc] GC(115506) Pause Young (Normal) (G1 Evacuation Pause) 125M->125M(128M) 1,969ms
[2021-04-30T10:28:56.926+0300][2390,026s][debug][gc] GC(115507) Clear Next Bitmap 0,086ms
[2021-04-30T10:28:56.995+0300][2390,096s][info ][gc] GC(115507) Pause Full (G1 Evacuation Pause) 125M->119M(128M) 69,714ms
[2021-04-30T10:28:56.995+0300][2390,096s][info ][gc] GC(115503) Concurrent Cycle 119,244ms
[2021-04-30T10:28:57.006+0300][2390,106s][info ][gc] GC(115508) Pause Young (Normal) (G1 Evacuation Pause) 125M->119M(128M) 0,286ms
[2021-04-30T10:28:57.016+0300][2390,116s][info ][gc] GC(115509) Pause Young (Concurrent Start) (G1 Evacuation Pause) 124M->119M(128M) 0,575ms
[2021-04-30T10:28:57.016+0300][2390,116s][info ][gc] GC(115510) Concurrent Cycle
[2021-04-30T10:28:57.031+0300][2390,131s][info ][gc] GC(115511) Pause Young (Normal) (G1 Evacuation Pause) 124M->119M(128M) 0,463ms
[2021-04-30T10:28:57.046+0300][2390,146s][info ][gc] GC(115512) Pause Young (Normal) (G1 Evacuation Pause) 124M->119M(128M) 0,326ms
[2021-04-30T10:28:57.052+0300][2390,152s][info ][gc] GC(115510) Pause Remark 121M->121M(128M) 3,374ms
[2021-04-30T10:28:57.060+0300][2390,160s][info ][gc] GC(115513) Pause Young (Normal) (G1 Evacuation Pause) 124M->120M(128M) 0,424ms
[2021-04-30T10:28:57.076+0300][2390,176s][info ][gc] GC(115514) Pause Young (Normal) (G1 Evacuation Pause) 125M->120M(128M) 1,674ms
[2021-04-30T10:28:57.077+0300][2390,177s][info ][gc] GC(115510) Pause Cleanup 120M->120M(128M) 0,106ms
[2021-04-30T10:28:57.077+0300][2390,178s][info ][gc] GC(115510) Concurrent Cycle 61,190ms
[2021-04-30T10:28:57.088+0300][2390,189s][info ][gc] GC(115515) Pause Young (Normal) (G1 Evacuation Pause) 125M->120M(128M) 1,216ms
[2021-04-30T10:28:57.101+0300][2390,201s][info ][gc] GC(115516) To-space exhausted
[2021-04-30T10:28:57.101+0300][2390,201s][info ][gc] GC(115516) Pause Young (Concurrent Start) (G1 Evacuation Pause) 125M->120M(128M) 0,752ms
[2021-04-30T10:28:57.101+0300][2390,201s][info ][gc] GC(115517) Concurrent Cycle
[2021-04-30T10:28:57.112+0300][2390,212s][info ][gc] GC(115518) To-space exhausted
[2021-04-30T10:28:57.112+0300][2390,212s][info ][gc] GC(115518) Pause Young (Normal) (G1 Evacuation Pause) 125M->125M(128M) 1,722ms
[2021-04-30T10:28:57.112+0300][2390,212s][debug][gc] GC(115519) Clear Next Bitmap 0,073ms
[2021-04-30T10:28:57.174+0300][2390,274s][info ][gc] GC(115519) Pause Full (G1 Evacuation Pause) 125M->120M(128M) 62,192ms
[2021-04-30T10:28:57.174+0300][2390,275s][info ][gc] GC(115517) Concurrent Cycle 73,311ms
[2021-04-30T10:28:57.190+0300][2390,290s][info ][gc] GC(115520) To-space exhausted
[2021-04-30T10:28:57.190+0300][2390,290s][info ][gc] GC(115520) Pause Young (Normal) (G1 Evacuation Pause) 126M->126M(128M) 1,679ms
[2021-04-30T10:28:57.264+0300][2390,364s][info ][gc] GC(115521) Pause Full (G1 Evacuation Pause) 126M->120M(128M) 73,579ms
[2021-04-30T10:28:57.281+0300][2390,381s][info ][gc] GC(115522) To-space exhausted
[2021-04-30T10:28:57.281+0300][2390,381s][info ][gc] GC(115522) Pause Young (Concurrent Start) (G1 Evacuation Pause) 126M->126M(128M) 1,634ms
[2021-04-30T10:28:57.281+0300][2390,381s][info ][gc] GC(115524) Concurrent Cycle
[2021-04-30T10:28:57.281+0300][2390,381s][debug][gc] GC(115523) Clear Next Bitmap 0,079ms
[2021-04-30T10:28:57.349+0300][2390,449s][info ][gc] GC(115523) Pause Full (G1 Evacuation Pause) 126M->120M(128M) 68,158ms
[2021-04-30T10:28:57.349+0300][2390,450s][info ][gc] GC(115524) Concurrent Cycle 68,405ms
[2021-04-30T10:28:57.367+0300][2390,468s][info ][gc] GC(115525) To-space exhausted
[2021-04-30T10:28:57.367+0300][2390,468s][info ][gc] GC(115525) Pause Young (Normal) (G1 Evacuation Pause) 126M->126M(128M) 1,858ms
[2021-04-30T10:28:57.439+0300][2390,539s][info ][gc] GC(115526) Pause Full (G1 Evacuation Pause) 126M->120M(128M) 71,371ms
[2021-04-30T10:28:57.458+0300][2390,558s][info ][gc] GC(115527) To-space exhausted
[2021-04-30T10:28:57.458+0300][2390,558s][info ][gc] GC(115527) Pause Young (Concurrent Start) (G1 Evacuation Pause) 126M->126M(128M) 3,000ms
[2021-04-30T10:28:57.458+0300][2390,558s][info ][gc] GC(115529) Concurrent Cycle
[2021-04-30T10:28:57.458+0300][2390,558s][debug][gc] GC(115528) Clear Next Bitmap 0,089ms
[2021-04-30T10:28:57.522+0300][2390,622s][info ][gc] GC(115528) Pause Full (G1 Evacuation Pause) 126M->120M(128M) 63,848ms
[2021-04-30T10:28:57.522+0300][2390,622s][info ][gc] GC(115529) Concurrent Cycle 64,088ms
[2021-04-30T10:28:57.538+0300][2390,639s][info ][gc] GC(115530) To-space exhausted
[2021-04-30T10:28:57.538+0300][2390,639s][info ][gc] GC(115530) Pause Young (Normal) (G1 Evacuation Pause) 126M->126M(128M) 1,782ms
[2021-04-30T10:28:57.601+0300][2390,702s][info ][gc] GC(115531) Pause Full (G1 Evacuation Pause) 126M->120M(128M) 62,965ms
[2021-04-30T10:28:57.620+0300][2390,720s][info ][gc] GC(115532) To-space exhausted
[2021-04-30T10:28:57.620+0300][2390,720s][info ][gc] GC(115532) Pause Young (Concurrent Start) (G1 Evacuation Pause) 126M->126M(128M) 3,388ms
[2021-04-30T10:28:57.620+0300][2390,720s][info ][gc] GC(115534) Concurrent Cycle
[2021-04-30T10:28:57.620+0300][2390,720s][debug][gc] GC(115533) Clear Next Bitmap 0,179ms
[2021-04-30T10:28:57.685+0300][2390,785s][info ][gc] GC(115533) Pause Full (G1 Evacuation Pause) 126M->120M(128M) 65,114ms
[2021-04-30T10:28:57.685+0300][2390,785s][info ][gc] GC(115534) Concurrent Cycle 65,427ms
[2021-04-30T10:28:57.698+0300][2390,798s][info ][gc] GC(115535) To-space exhausted
[2021-04-30T10:28:57.698+0300][2390,798s][info ][gc] GC(115535) Pause Young (Normal) (G1 Evacuation Pause) 126M->126M(128M) 1,912ms
[2021-04-30T10:28:57.768+0300][2390,869s][info ][gc] GC(115536) Pause Full (G1 Evacuation Pause) 126M->120M(128M) 70,255ms
[2021-04-30T10:28:57.786+0300][2390,886s][info ][gc] GC(115537) To-space exhausted
[2021-04-30T10:28:57.786+0300][2390,886s][info ][gc] GC(115537) Pause Young (Concurrent Start) (G1 Evacuation Pause) 126M->126M(128M) 2,077ms
[2021-04-30T10:28:57.786+0300][2390,886s][info ][gc] GC(115539) Concurrent Cycle
[2021-04-30T10:28:57.786+0300][2390,886s][debug][gc] GC(115538) Clear Next Bitmap 0,142ms
[2021-04-30T10:28:57.852+0300][2390,952s][info ][gc] GC(115538) Pause Full (G1 Evacuation Pause) 126M->121M(128M) 66,047ms
[2021-04-30T10:28:57.852+0300][2390,952s][info ][gc] GC(115539) Concurrent Cycle 66,227ms
[2021-04-30T10:28:57.864+0300][2390,965s][info ][gc] GC(115540) To-space exhausted
[2021-04-30T10:28:57.864+0300][2390,965s][info ][gc] GC(115540) Pause Young (Normal) (G1 Evacuation Pause) 126M->126M(128M) 1,534ms
[2021-04-30T10:28:57.934+0300][2391,035s][info ][gc] GC(115541) Pause Full (G1 Evacuation Pause) 126M->121M(128M) 69,875ms
[2021-04-30T10:28:57.956+0300][2391,056s][info ][gc] GC(115542) To-space exhausted
[2021-04-30T10:28:57.956+0300][2391,056s][info ][gc] GC(115542) Pause Young (Concurrent Start) (G1 Evacuation Pause) 126M->126M(128M) 1,876ms
[2021-04-30T10:28:57.956+0300][2391,056s][info ][gc] GC(115544) Concurrent Cycle
[2021-04-30T10:28:57.956+0300][2391,056s][debug][gc] GC(115543) Clear Next Bitmap 0,091ms
[2021-04-30T10:28:58.022+0300][2391,122s][info ][gc] GC(115543) Pause Full (G1 Evacuation Pause) 126M->121M(128M) 65,854ms
[2021-04-30T10:28:58.022+0300][2391,122s][info ][gc] GC(115544) Concurrent Cycle 66,049ms
[2021-04-30T10:28:58.037+0300][2391,138s][info ][gc] GC(115545) To-space exhausted
[2021-04-30T10:28:58.037+0300][2391,138s][info ][gc] GC(115545) Pause Young (Normal) (G1 Evacuation Pause) 127M->127M(128M) 1,923ms
[2021-04-30T10:28:58.114+0300][2391,215s][info ][gc] GC(115546) Pause Full (G1 Evacuation Pause) 127M->121M(128M) 76,690ms
[2021-04-30T10:28:58.130+0300][2391,230s][info ][gc] GC(115547) To-space exhausted
[2021-04-30T10:28:58.130+0300][2391,231s][info ][gc] GC(115547) Pause Young (Concurrent Start) (G1 Evacuation Pause) 126M->126M(128M) 2,261ms
[2021-04-30T10:28:58.130+0300][2391,231s][info ][gc] GC(115549) Concurrent Cycle
[2021-04-30T10:28:58.131+0300][2391,231s][debug][gc] GC(115548) Clear Next Bitmap 0,127ms
[2021-04-30T10:28:58.202+0300][2391,302s][info ][gc] GC(115548) Pause Full (G1 Evacuation Pause) 126M->121M(128M) 71,361ms
[2021-04-30T10:28:58.202+0300][2391,302s][info ][gc] GC(115549) Concurrent Cycle 71,526ms
[2021-04-30T10:28:58.214+0300][2391,315s][info ][gc] GC(115550) To-space exhausted
[2021-04-30T10:28:58.214+0300][2391,315s][info ][gc] GC(115550) Pause Young (Normal) (G1 Evacuation Pause) 126M->126M(128M) 1,637ms
[2021-04-30T10:28:58.282+0300][2391,382s][info ][gc] GC(115551) Pause Full (G1 Evacuation Pause) 126M->121M(128M) 67,266ms
[2021-04-30T10:28:58.297+0300][2391,397s][info ][gc] GC(115552) To-space exhausted
[2021-04-30T10:28:58.297+0300][2391,397s][info ][gc] GC(115552) Pause Young (Concurrent Start) (G1 Evacuation Pause) 126M->126M(128M) 2,932ms
[2021-04-30T10:28:58.297+0300][2391,397s][info ][gc] GC(115554) Concurrent Cycle
[2021-04-30T10:28:58.297+0300][2391,398s][debug][gc] GC(115553) Clear Next Bitmap 0,131ms
[2021-04-30T10:28:58.366+0300][2391,467s][info ][gc] GC(115553) Pause Full (G1 Evacuation Pause) 126M->121M(128M) 69,070ms
[2021-04-30T10:28:58.369+0300][2391,469s][info ][gc] GC(115554) Concurrent Cycle 72,033ms
[2021-04-30T10:28:58.384+0300][2391,484s][info ][gc] GC(115555) To-space exhausted
[2021-04-30T10:28:58.384+0300][2391,484s][info ][gc] GC(115555) Pause Young (Normal) (G1 Evacuation Pause) 126M->126M(128M) 1,679ms
[2021-04-30T10:28:58.450+0300][2391,550s][info ][gc] GC(115556) Pause Full (G1 Evacuation Pause) 126M->121M(128M) 65,910ms
[2021-04-30T10:28:58.464+0300][2391,564s][info ][gc] GC(115557) To-space exhausted
[2021-04-30T10:28:58.464+0300][2391,564s][info ][gc] GC(115557) Pause Young (Concurrent Start) (G1 Evacuation Pause) 126M->126M(128M) 1,843ms
[2021-04-30T10:28:58.464+0300][2391,564s][info ][gc] GC(115559) Concurrent Cycle
[2021-04-30T10:28:58.464+0300][2391,564s][debug][gc] GC(115558) Clear Next Bitmap 0,070ms
[2021-04-30T10:28:58.525+0300][2391,625s][info ][gc] GC(115558) Pause Full (G1 Evacuation Pause) 126M->121M(128M) 61,123ms
[2021-04-30T10:28:58.532+0300][2391,632s][info ][gc] GC(115559) Concurrent Cycle 68,000ms
[2021-04-30T10:28:58.545+0300][2391,645s][info ][gc] GC(115560) To-space exhausted
[2021-04-30T10:28:58.545+0300][2391,645s][info ][gc] GC(115560) Pause Young (Normal) (G1 Evacuation Pause) 126M->126M(128M) 1,271ms
[2021-04-30T10:28:58.610+0300][2391,710s][info ][gc] GC(115561) Pause Full (G1 Evacuation Pause) 126M->121M(128M) 64,791ms
[2021-04-30T10:28:58.622+0300][2391,722s][info ][gc] GC(115562) To-space exhausted
[2021-04-30T10:28:58.622+0300][2391,722s][info ][gc] GC(115562) Pause Young (Concurrent Start) (G1 Evacuation Pause) 126M->126M(128M) 2,051ms
[2021-04-30T10:28:58.622+0300][2391,722s][info ][gc] GC(115564) Concurrent Cycle
[2021-04-30T10:28:58.622+0300][2391,722s][debug][gc] GC(115563) Clear Next Bitmap 0,121ms
[2021-04-30T10:28:58.693+0300][2391,793s][info ][gc] GC(115563) Pause Full (G1 Evacuation Pause) 126M->121M(128M) 71,148ms
[2021-04-30T10:28:58.693+0300][2391,794s][info ][gc] GC(115564) Concurrent Cycle 71,444ms
[2021-04-30T10:28:58.713+0300][2391,813s][info ][gc] GC(115565) To-space exhausted
[2021-04-30T10:28:58.713+0300][2391,814s][info ][gc] GC(115565) Pause Young (Normal) (G1 Evacuation Pause) 126M->126M(128M) 2,623ms
[2021-04-30T10:28:58.801+0300][2391,901s][info ][gc] GC(115566) Pause Full (G1 Evacuation Pause) 126M->122M(128M) 87,376ms
[2021-04-30T10:28:58.811+0300][2391,911s][info ][gc] GC(115567) To-space exhausted
[2021-04-30T10:28:58.811+0300][2391,911s][info ][gc] GC(115567) Pause Young (Concurrent Start) (G1 Evacuation Pause) 126M->126M(128M) 1,413ms
[2021-04-30T10:28:58.811+0300][2391,911s][info ][gc] GC(115569) Concurrent Cycle
[2021-04-30T10:28:58.811+0300][2391,911s][debug][gc] GC(115568) Clear Next Bitmap 0,069ms
[2021-04-30T10:28:58.879+0300][2391,979s][info ][gc] GC(115568) Pause Full (G1 Evacuation Pause) 126M->122M(128M) 68,320ms
[2021-04-30T10:28:58.879+0300][2391,980s][info ][gc] GC(115569) Concurrent Cycle 68,497ms
[2021-04-30T10:28:58.887+0300][2391,987s][info ][gc] GC(115570) To-space exhausted
[2021-04-30T10:28:58.887+0300][2391,987s][info ][gc] GC(115570) Pause Young (Normal) (G1 Evacuation Pause) 126M->126M(128M) 1,332ms
[2021-04-30T10:28:58.961+0300][2392,061s][info ][gc] GC(115571) Pause Full (G1 Evacuation Pause) 126M->122M(128M) 73,751ms
[2021-04-30T10:28:58.975+0300][2392,075s][info ][gc] GC(115572) To-space exhausted
[2021-04-30T10:28:58.975+0300][2392,075s][info ][gc] GC(115572) Pause Young (Concurrent Start) (G1 Evacuation Pause) 126M->126M(128M) 3,704ms
[2021-04-30T10:28:58.975+0300][2392,075s][info ][gc] GC(115574) Concurrent Cycle
[2021-04-30T10:28:58.975+0300][2392,076s][debug][gc] GC(115573) Clear Next Bitmap 0,084ms
[2021-04-30T10:28:59.044+0300][2392,144s][info ][gc] GC(115573) Pause Full (G1 Evacuation Pause) 126M->122M(128M) 68,345ms
[2021-04-30T10:28:59.044+0300][2392,144s][info ][gc] GC(115574) Concurrent Cycle 68,537ms
[2021-04-30T10:28:59.057+0300][2392,157s][info ][gc] GC(115575) To-space exhausted
[2021-04-30T10:28:59.057+0300][2392,157s][info ][gc] GC(115575) Pause Young (Normal) (G1 Evacuation Pause) 126M->126M(128M) 1,559ms
[2021-04-30T10:28:59.123+0300][2392,223s][info ][gc] GC(115576) Pause Full (G1 Evacuation Pause) 126M->122M(128M) 65,526ms
[2021-04-30T10:28:59.135+0300][2392,236s][info ][gc] GC(115577) To-space exhausted
[2021-04-30T10:28:59.135+0300][2392,236s][info ][gc] GC(115577) Pause Young (Concurrent Start) (G1 Evacuation Pause) 127M->127M(128M) 2,158ms
[2021-04-30T10:28:59.135+0300][2392,236s][info ][gc] GC(115579) Concurrent Cycle
[2021-04-30T10:28:59.136+0300][2392,236s][debug][gc] GC(115578) Clear Next Bitmap 0,124ms
[2021-04-30T10:28:59.220+0300][2392,321s][info ][gc] GC(115578) Pause Full (G1 Evacuation Pause) 127M->122M(128M) 84,827ms
[2021-04-30T10:28:59.221+0300][2392,321s][info ][gc] GC(115579) Concurrent Cycle 85,042ms
[2021-04-30T10:28:59.236+0300][2392,336s][info ][gc] GC(115580) To-space exhausted
[2021-04-30T10:28:59.236+0300][2392,336s][info ][gc] GC(115580) Pause Young (Normal) (G1 Evacuation Pause) 126M->126M(128M) 1,388ms
[2021-04-30T10:28:59.314+0300][2392,414s][info ][gc] GC(115581) Pause Full (G1 Evacuation Pause) 126M->122M(128M) 77,724ms
[2021-04-30T10:28:59.328+0300][2392,428s][info ][gc] GC(115582) To-space exhausted
[2021-04-30T10:28:59.328+0300][2392,428s][info ][gc] GC(115582) Pause Young (Concurrent Start) (G1 Evacuation Pause) 126M->126M(128M) 3,034ms
[2021-04-30T10:28:59.328+0300][2392,428s][info ][gc] GC(115584) Concurrent Cycle
[2021-04-30T10:28:59.328+0300][2392,428s][debug][gc] GC(115583) Clear Next Bitmap 0,077ms
[2021-04-30T10:28:59.403+0300][2392,503s][info ][gc] GC(115583) Pause Full (G1 Evacuation Pause) 126M->122M(128M) 74,906ms
[2021-04-30T10:28:59.404+0300][2392,504s][info ][gc] GC(115584) Concurrent Cycle 76,078ms
[2021-04-30T10:28:59.418+0300][2392,518s][info ][gc] GC(115585) To-space exhausted
[2021-04-30T10:28:59.418+0300][2392,518s][info ][gc] GC(115585) Pause Young (Normal) (G1 Evacuation Pause) 127M->127M(128M) 1,822ms
[2021-04-30T10:28:59.501+0300][2392,602s][info ][gc] GC(115586) Pause Full (G1 Evacuation Pause) 127M->122M(128M) 83,199ms
[2021-04-30T10:28:59.514+0300][2392,614s][info ][gc] GC(115587) To-space exhausted
[2021-04-30T10:28:59.514+0300][2392,614s][info ][gc] GC(115587) Pause Young (Concurrent Start) (G1 Evacuation Pause) 126M->126M(128M) 1,799ms
[2021-04-30T10:28:59.514+0300][2392,614s][info ][gc] GC(115589) Concurrent Cycle
[2021-04-30T10:28:59.514+0300][2392,615s][debug][gc] GC(115588) Clear Next Bitmap 0,133ms
[2021-04-30T10:28:59.569+0300][2392,669s][info ][gc] GC(115588) Pause Full (G1 Evacuation Pause) 126M->122M(128M) 54,825ms
[2021-04-30T10:28:59.569+0300][2392,669s][info ][gc] GC(115589) Concurrent Cycle 54,983ms
[2021-04-30T10:28:59.583+0300][2392,683s][info ][gc] GC(115590) To-space exhausted
[2021-04-30T10:28:59.583+0300][2392,683s][info ][gc] GC(115590) Pause Young (Normal) (G1 Evacuation Pause) 126M->126M(128M) 1,803ms
[2021-04-30T10:28:59.639+0300][2392,740s][info ][gc] GC(115591) Pause Full (G1 Evacuation Pause) 126M->122M(128M) 56,338ms
[2021-04-30T10:28:59.650+0300][2392,751s][info ][gc] GC(115592) To-space exhausted
[2021-04-30T10:28:59.650+0300][2392,751s][info ][gc] GC(115592) Pause Young (Concurrent Start) (G1 Evacuation Pause) 126M->126M(128M) 1,312ms
[2021-04-30T10:28:59.650+0300][2392,751s][info ][gc] GC(115594) Concurrent Cycle
[2021-04-30T10:28:59.651+0300][2392,751s][debug][gc] GC(115593) Clear Next Bitmap 0,101ms
[2021-04-30T10:28:59.707+0300][2392,808s][info ][gc] GC(115593) Pause Full (G1 Evacuation Pause) 126M->122M(128M) 56,987ms
[2021-04-30T10:28:59.708+0300][2392,808s][info ][gc] GC(115594) Concurrent Cycle 57,146ms
[2021-04-30T10:28:59.720+0300][2392,820s][info ][gc] GC(115595) To-space exhausted
[2021-04-30T10:28:59.720+0300][2392,820s][info ][gc] GC(115595) Pause Young (Normal) (G1 Evacuation Pause) 126M->126M(128M) 1,254ms
[2021-04-30T10:28:59.786+0300][2392,887s][info ][gc] GC(115596) Pause Full (G1 Evacuation Pause) 126M->122M(128M) 66,602ms
[2021-04-30T10:28:59.800+0300][2392,900s][info ][gc] GC(115597) To-space exhausted
[2021-04-30T10:28:59.800+0300][2392,900s][info ][gc] GC(115597) Pause Young (Concurrent Start) (G1 Evacuation Pause) 126M->126M(128M) 2,050ms
[2021-04-30T10:28:59.800+0300][2392,900s][info ][gc] GC(115599) Concurrent Cycle
[2021-04-30T10:28:59.800+0300][2392,900s][debug][gc] GC(115598) Clear Next Bitmap 0,081ms
[2021-04-30T10:28:59.868+0300][2392,969s][info ][gc] GC(115598) Pause Full (G1 Evacuation Pause) 126M->122M(128M) 68,596ms
[2021-04-30T10:28:59.869+0300][2392,969s][info ][gc] GC(115599) Concurrent Cycle 69,230ms
[2021-04-30T10:28:59.879+0300][2392,979s][info ][gc] GC(115600) To-space exhausted
[2021-04-30T10:28:59.879+0300][2392,979s][info ][gc] GC(115600) Pause Young (Normal) (G1 Evacuation Pause) 126M->126M(128M) 1,547ms
[2021-04-30T10:28:59.958+0300][2393,058s][info ][gc] GC(115601) Pause Full (G1 Evacuation Pause) 126M->122M(128M) 79,046ms
[2021-04-30T10:28:59.975+0300][2393,075s][info ][gc] GC(115602) To-space exhausted
[2021-04-30T10:28:59.975+0300][2393,076s][info ][gc] GC(115602) Pause Young (Concurrent Start) (G1 Evacuation Pause) 126M->126M(128M) 3,161ms
[2021-04-30T10:28:59.975+0300][2393,076s][info ][gc] GC(115604) Concurrent Cycle
[2021-04-30T10:28:59.976+0300][2393,076s][debug][gc] GC(115603) Clear Next Bitmap 0,503ms
[2021-04-30T10:29:00.045+0300][2393,145s][info ][gc] GC(115603) Pause Full (G1 Evacuation Pause) 126M->123M(128M) 69,589ms
[2021-04-30T10:29:00.045+0300][2393,146s][info ][gc] GC(115604) Concurrent Cycle 69,792ms
[2021-04-30T10:29:00.060+0300][2393,160s][info ][gc] GC(115605) To-space exhausted
[2021-04-30T10:29:00.060+0300][2393,160s][info ][gc] GC(115605) Pause Young (Normal) (G1 Evacuation Pause) 127M->127M(128M) 3,743ms
[2021-04-30T10:29:00.132+0300][2393,232s][info ][gc] GC(115606) Pause Full (G1 Evacuation Pause) 127M->122M(128M) 71,459ms
[2021-04-30T10:29:00.139+0300][2393,240s][info ][gc] GC(115607) To-space exhausted
[2021-04-30T10:29:00.139+0300][2393,240s][info ][gc] GC(115607) Pause Young (Concurrent Start) (G1 Evacuation Pause) 126M->126M(128M) 1,799ms
[2021-04-30T10:29:00.140+0300][2393,240s][info ][gc] GC(115609) Concurrent Cycle
[2021-04-30T10:29:00.140+0300][2393,240s][debug][gc] GC(115608) Clear Next Bitmap 0,086ms
[2021-04-30T10:29:00.217+0300][2393,318s][info ][gc] GC(115608) Pause Full (G1 Evacuation Pause) 126M->123M(128M) 77,704ms
[2021-04-30T10:29:00.217+0300][2393,318s][info ][gc] GC(115609) Concurrent Cycle 77,862ms
[2021-04-30T10:29:00.233+0300][2393,334s][info ][gc] GC(115610) To-space exhausted
[2021-04-30T10:29:00.233+0300][2393,334s][info ][gc] GC(115610) Pause Young (Normal) (G1 Evacuation Pause) 127M->127M(128M) 1,795ms
[2021-04-30T10:29:00.304+0300][2393,404s][info ][gc] GC(115611) Pause Full (G1 Evacuation Pause) 127M->123M(128M) 70,094ms
[2021-04-30T10:29:00.317+0300][2393,417s][info ][gc] GC(115612) To-space exhausted
[2021-04-30T10:29:00.317+0300][2393,417s][info ][gc] GC(115612) Pause Young (Concurrent Start) (G1 Evacuation Pause) 127M->127M(128M) 1,624ms
[2021-04-30T10:29:00.317+0300][2393,417s][info ][gc] GC(115614) Concurrent Cycle
[2021-04-30T10:29:00.317+0300][2393,418s][debug][gc] GC(115613) Clear Next Bitmap 0,133ms
[2021-04-30T10:29:00.387+0300][2393,487s][info ][gc] GC(115613) Pause Full (G1 Evacuation Pause) 127M->123M(128M) 70,050ms
[2021-04-30T10:29:00.387+0300][2393,488s][info ][gc] GC(115614) Concurrent Cycle 70,254ms
[2021-04-30T10:29:00.397+0300][2393,498s][info ][gc] GC(115615) To-space exhausted
[2021-04-30T10:29:00.397+0300][2393,498s][info ][gc] GC(115615) Pause Young (Normal) (G1 Evacuation Pause) 127M->127M(128M) 1,648ms
[2021-04-30T10:29:00.470+0300][2393,570s][info ][gc] GC(115616) Pause Full (G1 Evacuation Pause) 127M->123M(128M) 72,334ms
[2021-04-30T10:29:00.486+0300][2393,586s][info ][gc] GC(115617) To-space exhausted
[2021-04-30T10:29:00.486+0300][2393,586s][info ][gc] GC(115617) Pause Young (Concurrent Start) (G1 Evacuation Pause) 127M->127M(128M) 2,282ms
[2021-04-30T10:29:00.486+0300][2393,586s][info ][gc] GC(115619) Concurrent Cycle
[2021-04-30T10:29:00.486+0300][2393,586s][debug][gc] GC(115618) Clear Next Bitmap 0,174ms
[2021-04-30T10:29:00.546+0300][2393,646s][info ][gc] GC(115618) Pause Full (G1 Evacuation Pause) 127M->123M(128M) 59,748ms
[2021-04-30T10:29:00.546+0300][2393,646s][info ][gc] GC(115619) Concurrent Cycle 59,865ms
[2021-04-30T10:29:00.555+0300][2393,655s][info ][gc] GC(115620) To-space exhausted
[2021-04-30T10:29:00.555+0300][2393,655s][info ][gc] GC(115620) Pause Young (Normal) (G1 Evacuation Pause) 126M->126M(128M) 1,192ms
[2021-04-30T10:29:00.623+0300][2393,723s][info ][gc] GC(115621) Pause Full (G1 Evacuation Pause) 126M->123M(128M) 67,827ms
[2021-04-30T10:29:00.634+0300][2393,734s][info ][gc] GC(115622) To-space exhausted
[2021-04-30T10:29:00.634+0300][2393,734s][info ][gc] GC(115622) Pause Young (Concurrent Start) (G1 Evacuation Pause) 126M->126M(128M) 1,370ms
[2021-04-30T10:29:00.634+0300][2393,734s][info ][gc] GC(115624) Concurrent Cycle
[2021-04-30T10:29:00.634+0300][2393,734s][debug][gc] GC(115623) Clear Next Bitmap 0,136ms
[2021-04-30T10:29:00.702+0300][2393,803s][info ][gc] GC(115623) Pause Full (G1 Evacuation Pause) 126M->123M(128M) 68,626ms
[2021-04-30T10:29:00.703+0300][2393,803s][info ][gc] GC(115624) Concurrent Cycle 68,807ms
[2021-04-30T10:29:00.710+0300][2393,810s][info ][gc] GC(115625) To-space exhausted
[2021-04-30T10:29:00.710+0300][2393,810s][info ][gc] GC(115625) Pause Young (Normal) (G1 Evacuation Pause) 126M->126M(128M) 1,338ms
[2021-04-30T10:29:00.781+0300][2393,881s][info ][gc] GC(115626) Pause Full (G1 Evacuation Pause) 126M->123M(128M) 71,090ms
[2021-04-30T10:29:00.790+0300][2393,891s][info ][gc] GC(115627) To-space exhausted
[2021-04-30T10:29:00.790+0300][2393,891s][info ][gc] GC(115627) Pause Young (Concurrent Start) (G1 Evacuation Pause) 126M->126M(128M) 1,568ms
[2021-04-30T10:29:00.790+0300][2393,891s][info ][gc] GC(115629) Concurrent Cycle
[2021-04-30T10:29:00.791+0300][2393,891s][debug][gc] GC(115628) Clear Next Bitmap 0,340ms
[2021-04-30T10:29:00.871+0300][2393,971s][info ][gc] GC(115628) Pause Full (G1 Evacuation Pause) 126M->123M(128M) 80,319ms
[2021-04-30T10:29:00.871+0300][2393,971s][info ][gc] GC(115629) Concurrent Cycle 80,473ms
[2021-04-30T10:29:00.882+0300][2393,982s][info ][gc] GC(115630) To-space exhausted
[2021-04-30T10:29:00.882+0300][2393,982s][info ][gc] GC(115630) Pause Young (Normal) (G1 Evacuation Pause) 126M->126M(128M) 1,628ms
[2021-04-30T10:29:00.953+0300][2394,054s][info ][gc] GC(115631) Pause Full (G1 Evacuation Pause) 126M->123M(128M) 71,286ms
[2021-04-30T10:29:00.965+0300][2394,065s][info ][gc] GC(115632) To-space exhausted
[2021-04-30T10:29:00.965+0300][2394,065s][info ][gc] GC(115632) Pause Young (Concurrent Start) (G1 Evacuation Pause) 126M->126M(128M) 2,167ms
[2021-04-30T10:29:00.965+0300][2394,066s][info ][gc] GC(115634) Concurrent Cycle
[2021-04-30T10:29:00.965+0300][2394,066s][debug][gc] GC(115633) Clear Next Bitmap 0,074ms
[2021-04-30T10:29:01.035+0300][2394,135s][info ][gc] GC(115633) Pause Full (G1 Evacuation Pause) 126M->123M(128M) 69,822ms
[2021-04-30T10:29:01.035+0300][2394,136s][info ][gc] GC(115634) Concurrent Cycle 69,980ms
[2021-04-30T10:29:01.042+0300][2394,142s][info ][gc] GC(115635) To-space exhausted
[2021-04-30T10:29:01.042+0300][2394,142s][info ][gc] GC(115635) Pause Young (Normal) (G1 Evacuation Pause) 126M->126M(128M) 1,033ms
[2021-04-30T10:29:01.119+0300][2394,219s][info ][gc] GC(115636) Pause Full (G1 Evacuation Pause) 126M->123M(128M) 77,000ms
[2021-04-30T10:29:01.141+0300][2394,241s][info ][gc] GC(115637) To-space exhausted
[2021-04-30T10:29:01.141+0300][2394,241s][info ][gc] GC(115637) Pause Young (Concurrent Start) (G1 Evacuation Pause) 126M->126M(128M) 6,240ms
[2021-04-30T10:29:01.141+0300][2394,242s][debug][gc] GC(115638) Clear Next Bitmap 0,097ms
[2021-04-30T10:29:01.142+0300][2394,242s][info ][gc] GC(115639) Concurrent Cycle
[2021-04-30T10:29:01.248+0300][2394,348s][info ][gc] GC(115638) Pause Full (G1 Evacuation Pause) 126M->123M(128M) 106,864ms
[2021-04-30T10:29:01.250+0300][2394,350s][info ][gc] GC(115639) Concurrent Cycle 108,327ms
[2021-04-30T10:29:01.256+0300][2394,356s][info ][gc] GC(115640) To-space exhausted
[2021-04-30T10:29:01.256+0300][2394,357s][info ][gc] GC(115640) Pause Young (Normal) (G1 Evacuation Pause) 126M->126M(128M) 1,217ms
[2021-04-30T10:29:01.332+0300][2394,432s][info ][gc] GC(115641) Pause Full (G1 Evacuation Pause) 126M->123M(128M) 75,718ms
[2021-04-30T10:29:01.340+0300][2394,441s][info ][gc] GC(115642) To-space exhausted
[2021-04-30T10:29:01.340+0300][2394,441s][info ][gc] GC(115642) Pause Young (Concurrent Start) (G1 Evacuation Pause) 126M->126M(128M) 1,473ms
[2021-04-30T10:29:01.340+0300][2394,441s][info ][gc] GC(115644) Concurrent Cycle
[2021-04-30T10:29:01.341+0300][2394,441s][debug][gc] GC(115643) Clear Next Bitmap 0,146ms
[2021-04-30T10:29:01.418+0300][2394,518s][info ][gc] GC(115643) Pause Full (G1 Evacuation Pause) 126M->123M(128M) 77,416ms
[2021-04-30T10:29:01.418+0300][2394,518s][info ][gc] GC(115644) Concurrent Cycle 77,566ms
[2021-04-30T10:29:01.428+0300][2394,528s][info ][gc] GC(115645) To-space exhausted
[2021-04-30T10:29:01.428+0300][2394,528s][info ][gc] GC(115645) Pause Young (Normal) (G1 Evacuation Pause) 126M->126M(128M) 1,935ms
[2021-04-30T10:29:01.510+0300][2394,610s][info ][gc] GC(115646) Pause Full (G1 Evacuation Pause) 126M->123M(128M) 81,700ms
[2021-04-30T10:29:01.516+0300][2394,616s][info ][gc] GC(115647) To-space exhausted
[2021-04-30T10:29:01.516+0300][2394,616s][info ][gc] GC(115647) Pause Young (Concurrent Start) (G1 Evacuation Pause) 125M->125M(128M) 1,352ms
[2021-04-30T10:29:01.516+0300][2394,616s][info ][gc] GC(115649) Concurrent Cycle
[2021-04-30T10:29:01.516+0300][2394,616s][debug][gc] GC(115648) Clear Next Bitmap 0,081ms
[2021-04-30T10:29:01.572+0300][2394,673s][info ][gc] GC(115648) Pause Full (G1 Evacuation Pause) 125M->123M(128M) 56,667ms
[2021-04-30T10:29:01.573+0300][2394,673s][info ][gc] GC(115649) Concurrent Cycle 56,801ms
[2021-04-30T10:29:01.581+0300][2394,681s][info ][gc] GC(115650) To-space exhausted
[2021-04-30T10:29:01.581+0300][2394,681s][info ][gc] GC(115650) Pause Young (Normal) (G1 Evacuation Pause) 125M->125M(128M) 1,198ms
[2021-04-30T10:29:01.646+0300][2394,747s][info ][gc] GC(115651) Pause Full (G1 Evacuation Pause) 125M->123M(128M) 65,418ms
[2021-04-30T10:29:01.653+0300][2394,753s][info ][gc] GC(115652) To-space exhausted
[2021-04-30T10:29:01.653+0300][2394,754s][info ][gc] GC(115652) Pause Young (Concurrent Start) (G1 Evacuation Pause) 125M->125M(128M) 1,281ms
[2021-04-30T10:29:01.653+0300][2394,754s][info ][gc] GC(115654) Concurrent Cycle
[2021-04-30T10:29:01.653+0300][2394,754s][debug][gc] GC(115653) Clear Next Bitmap 0,102ms
[2021-04-30T10:29:01.722+0300][2394,823s][info ][gc] GC(115653) Pause Full (G1 Evacuation Pause) 125M->124M(128M) 69,183ms
[2021-04-30T10:29:01.723+0300][2394,823s][info ][gc] GC(115654) Concurrent Cycle 69,361ms
[2021-04-30T10:29:01.730+0300][2394,831s][info ][gc] GC(115655) To-space exhausted
[2021-04-30T10:29:01.730+0300][2394,831s][info ][gc] GC(115655) Pause Young (Normal) (G1 Evacuation Pause) 126M->126M(128M) 1,072ms
[2021-04-30T10:29:01.800+0300][2394,900s][info ][gc] GC(115656) Pause Full (G1 Evacuation Pause) 126M->123M(128M) 69,127ms
[2021-04-30T10:29:01.808+0300][2394,909s][info ][gc] GC(115657) To-space exhausted
[2021-04-30T10:29:01.808+0300][2394,909s][info ][gc] GC(115657) Pause Young (Concurrent Start) (G1 Evacuation Pause) 126M->126M(128M) 1,505ms
[2021-04-30T10:29:01.808+0300][2394,909s][info ][gc] GC(115659) Concurrent Cycle
[2021-04-30T10:29:01.808+0300][2394,909s][debug][gc] GC(115658) Clear Next Bitmap 0,073ms
[2021-04-30T10:29:01.882+0300][2394,982s][info ][gc] GC(115658) Pause Full (G1 Evacuation Pause) 126M->124M(128M) 73,268ms
[2021-04-30T10:29:01.882+0300][2394,982s][info ][gc] GC(115659) Concurrent Cycle 73,443ms
[2021-04-30T10:29:01.897+0300][2394,998s][info ][gc] GC(115660) To-space exhausted
[2021-04-30T10:29:01.897+0300][2394,998s][info ][gc] GC(115660) Pause Young (Normal) (G1 Evacuation Pause) 127M->127M(128M) 2,397ms
[2021-04-30T10:29:01.982+0300][2395,082s][info ][gc] GC(115661) Pause Full (G1 Evacuation Pause) 127M->123M(128M) 84,426ms
[2021-04-30T10:29:01.990+0300][2395,091s][info ][gc] GC(115662) To-space exhausted
[2021-04-30T10:29:01.990+0300][2395,091s][info ][gc] GC(115662) Pause Young (Concurrent Start) (G1 Evacuation Pause) 126M->126M(128M) 1,544ms
[2021-04-30T10:29:01.991+0300][2395,091s][info ][gc] GC(115664) Concurrent Cycle
[2021-04-30T10:29:01.991+0300][2395,091s][debug][gc] GC(115663) Clear Next Bitmap 0,184ms
[2021-04-30T10:29:02.075+0300][2395,176s][info ][gc] GC(115663) Pause Full (G1 Evacuation Pause) 126M->124M(128M) 84,740ms
[2021-04-30T10:29:02.075+0300][2395,176s][info ][gc] GC(115664) Concurrent Cycle 84,886ms
[2021-04-30T10:29:02.080+0300][2395,180s][info ][gc] GC(115665) To-space exhausted
[2021-04-30T10:29:02.080+0300][2395,180s][info ][gc] GC(115665) Pause Young (Normal) (G1 Evacuation Pause) 126M->126M(128M) 1,023ms
[2021-04-30T10:29:02.152+0300][2395,252s][info ][gc] GC(115666) Pause Full (G1 Evacuation Pause) 126M->124M(128M) 72,109ms
[2021-04-30T10:29:02.163+0300][2395,263s][info ][gc] GC(115667) To-space exhausted
[2021-04-30T10:29:02.163+0300][2395,263s][info ][gc] GC(115667) Pause Young (Concurrent Start) (G1 Evacuation Pause) 126M->126M(128M) 2,117ms
[2021-04-30T10:29:02.163+0300][2395,263s][info ][gc] GC(115669) Concurrent Cycle
[2021-04-30T10:29:02.163+0300][2395,264s][debug][gc] GC(115668) Clear Next Bitmap 0,132ms
[2021-04-30T10:29:02.233+0300][2395,333s][info ][gc] GC(115668) Pause Full (G1 Evacuation Pause) 126M->124M(128M) 69,949ms
[2021-04-30T10:29:02.233+0300][2395,334s][info ][gc] GC(115669) Concurrent Cycle 70,123ms
[2021-04-30T10:29:02.240+0300][2395,340s][info ][gc] GC(115670) To-space exhausted
[2021-04-30T10:29:02.240+0300][2395,340s][info ][gc] GC(115670) Pause Young (Normal) (G1 Evacuation Pause) 126M->126M(128M) 1,307ms
[2021-04-30T10:29:02.317+0300][2395,417s][info ][gc] GC(115671) Pause Full (G1 Evacuation Pause) 126M->124M(128M) 76,706ms
[2021-04-30T10:29:02.324+0300][2395,424s][info ][gc] GC(115672) To-space exhausted
[2021-04-30T10:29:02.324+0300][2395,425s][info ][gc] GC(115672) Pause Young (Concurrent Start) (G1 Evacuation Pause) 126M->126M(128M) 1,445ms
[2021-04-30T10:29:02.324+0300][2395,425s][info ][gc] GC(115674) Concurrent Cycle
[2021-04-30T10:29:02.324+0300][2395,425s][debug][gc] GC(115673) Clear Next Bitmap 0,167ms
[2021-04-30T10:29:02.394+0300][2395,495s][info ][gc] GC(115673) Pause Full (G1 Evacuation Pause) 126M->124M(128M) 70,131ms
[2021-04-30T10:29:02.395+0300][2395,495s][info ][gc] GC(115674) Concurrent Cycle 70,282ms
[2021-04-30T10:29:02.401+0300][2395,501s][info ][gc] GC(115675) To-space exhausted
[2021-04-30T10:29:02.401+0300][2395,501s][info ][gc] GC(115675) Pause Young (Normal) (G1 Evacuation Pause) 126M->126M(128M) 1,121ms
[2021-04-30T10:29:02.474+0300][2395,575s][info ][gc] GC(115676) Pause Full (G1 Evacuation Pause) 126M->124M(128M) 73,294ms
[2021-04-30T10:29:02.485+0300][2395,585s][info ][gc] GC(115677) To-space exhausted
[2021-04-30T10:29:02.485+0300][2395,585s][info ][gc] GC(115677) Pause Young (Concurrent Start) (G1 Evacuation Pause) 126M->126M(128M) 1,543ms
[2021-04-30T10:29:02.485+0300][2395,585s][info ][gc] GC(115679) Concurrent Cycle
[2021-04-30T10:29:02.485+0300][2395,585s][debug][gc] GC(115678) Clear Next Bitmap 0,076ms
[2021-04-30T10:29:02.552+0300][2395,652s][info ][gc] GC(115678) Pause Full (G1 Evacuation Pause) 126M->124M(128M) 67,004ms
[2021-04-30T10:29:02.552+0300][2395,653s][info ][gc] GC(115679) Concurrent Cycle 67,618ms
[2021-04-30T10:29:02.557+0300][2395,658s][info ][gc] GC(115680) To-space exhausted
[2021-04-30T10:29:02.558+0300][2395,658s][info ][gc] GC(115680) Pause Young (Normal) (G1 Evacuation Pause) 126M->126M(128M) 1,114ms
[2021-04-30T10:29:02.622+0300][2395,722s][info ][gc] GC(115681) Pause Full (G1 Evacuation Pause) 126M->124M(128M) 64,407ms
[2021-04-30T10:29:02.633+0300][2395,733s][info ][gc] GC(115682) To-space exhausted
[2021-04-30T10:29:02.633+0300][2395,734s][info ][gc] GC(115682) Pause Young (Concurrent Start) (G1 Evacuation Pause) 126M->126M(128M) 2,749ms
[2021-04-30T10:29:02.633+0300][2395,734s][info ][gc] GC(115684) Concurrent Cycle
[2021-04-30T10:29:02.633+0300][2395,734s][debug][gc] GC(115683) Clear Next Bitmap 0,139ms
[2021-04-30T10:29:02.706+0300][2395,806s][info ][gc] GC(115683) Pause Full (G1 Evacuation Pause) 126M->124M(128M) 72,229ms
[2021-04-30T10:29:02.706+0300][2395,806s][info ][gc] GC(115684) Concurrent Cycle 72,421ms
[2021-04-30T10:29:02.711+0300][2395,811s][info ][gc] GC(115685) To-space exhausted
[2021-04-30T10:29:02.711+0300][2395,811s][info ][gc] GC(115685) Pause Young (Normal) (G1 Evacuation Pause) 126M->126M(128M) 1,124ms
[2021-04-30T10:29:02.784+0300][2395,884s][info ][gc] GC(115686) Pause Full (G1 Evacuation Pause) 126M->124M(128M) 72,703ms
[2021-04-30T10:29:02.805+0300][2395,905s][info ][gc] GC(115687) To-space exhausted
[2021-04-30T10:29:02.805+0300][2395,906s][info ][gc] GC(115687) Pause Young (Concurrent Start) (G1 Evacuation Pause) 126M->126M(128M) 15,027ms
[2021-04-30T10:29:02.805+0300][2395,906s][info ][gc] GC(115689) Concurrent Cycle
[2021-04-30T10:29:02.805+0300][2395,906s][debug][gc] GC(115688) Clear Next Bitmap 0,154ms
[2021-04-30T10:29:02.878+0300][2395,979s][info ][gc] GC(115688) Pause Full (G1 Evacuation Pause) 126M->124M(128M) 73,128ms
[2021-04-30T10:29:02.879+0300][2395,979s][info ][gc] GC(115689) Concurrent Cycle 73,244ms
[2021-04-30T10:29:02.883+0300][2395,983s][info ][gc] GC(115690) To-space exhausted
[2021-04-30T10:29:02.883+0300][2395,983s][info ][gc] GC(115690) Pause Young (Normal) (G1 Evacuation Pause) 125M->125M(128M) 2,087ms
[2021-04-30T10:29:02.955+0300][2396,055s][info ][gc] GC(115691) Pause Full (G1 Evacuation Pause) 125M->124M(128M) 71,954ms
[2021-04-30T10:29:02.964+0300][2396,065s][info ][gc] GC(115692) To-space exhausted
[2021-04-30T10:29:02.964+0300][2396,065s][info ][gc] GC(115692) Pause Young (Concurrent Start) (G1 Evacuation Pause) 125M->125M(128M) 4,876ms
[2021-04-30T10:29:02.965+0300][2396,065s][debug][gc] GC(115693) Clear Next Bitmap 0,168ms
[2021-04-30T10:29:02.966+0300][2396,066s][info ][gc] GC(115694) Concurrent Cycle
[2021-04-30T10:29:03.039+0300][2396,140s][info ][gc] GC(115693) Pause Full (G1 Evacuation Pause) 125M->124M(128M) 74,883ms
[2021-04-30T10:29:03.040+0300][2396,140s][info ][gc] GC(115694) Concurrent Cycle 73,911ms
[2021-04-30T10:29:03.046+0300][2396,146s][info ][gc] GC(115695) To-space exhausted
[2021-04-30T10:29:03.046+0300][2396,146s][info ][gc] GC(115695) Pause Young (Normal) (G1 Evacuation Pause) 126M->126M(128M) 2,185ms
[2021-04-30T10:29:03.123+0300][2396,223s][info ][gc] GC(115696) Pause Full (G1 Evacuation Pause) 126M->124M(128M) 76,460ms
[2021-04-30T10:29:03.132+0300][2396,233s][info ][gc] GC(115697) To-space exhausted
[2021-04-30T10:29:03.132+0300][2396,233s][info ][gc] GC(115697) Pause Young (Concurrent Start) (G1 Evacuation Pause) 126M->126M(128M) 1,749ms
[2021-04-30T10:29:03.133+0300][2396,233s][info ][gc] GC(115699) Concurrent Cycle
[2021-04-30T10:29:03.133+0300][2396,233s][debug][gc] GC(115698) Clear Next Bitmap 0,447ms
[2021-04-30T10:29:03.206+0300][2396,307s][info ][gc] GC(115698) Pause Full (G1 Evacuation Pause) 126M->124M(128M) 73,900ms
[2021-04-30T10:29:03.207+0300][2396,307s][info ][gc] GC(115699) Concurrent Cycle 73,980ms
[2021-04-30T10:29:03.210+0300][2396,310s][info ][gc] GC(115700) To-space exhausted
[2021-04-30T10:29:03.210+0300][2396,310s][info ][gc] GC(115700) Pause Young (Normal) (G1 Evacuation Pause) 125M->125M(128M) 1,165ms
[2021-04-30T10:29:03.289+0300][2396,389s][info ][gc] GC(115701) Pause Full (G1 Evacuation Pause) 125M->124M(128M) 78,634ms
[2021-04-30T10:29:03.298+0300][2396,398s][info ][gc] GC(115702) To-space exhausted
[2021-04-30T10:29:03.298+0300][2396,398s][info ][gc] GC(115702) Pause Young (Concurrent Start) (G1 Evacuation Pause) 125M->125M(128M) 1,538ms
[2021-04-30T10:29:03.298+0300][2396,398s][info ][gc] GC(115703) Concurrent Cycle
[2021-04-30T10:29:03.298+0300][2396,398s][debug][gc] GC(115704) Clear Next Bitmap 0,159ms
[2021-04-30T10:29:03.374+0300][2396,474s][info ][gc] GC(115704) Pause Full (G1 Evacuation Pause) 125M->124M(128M) 76,194ms
[2021-04-30T10:29:03.374+0300][2396,475s][info ][gc] GC(115703) Concurrent Cycle 76,383ms
[2021-04-30T10:29:03.379+0300][2396,479s][info ][gc] GC(115705) To-space exhausted
[2021-04-30T10:29:03.379+0300][2396,479s][info ][gc] GC(115705) Pause Young (Normal) (G1 Evacuation Pause) 125M->125M(128M) 1,560ms
[2021-04-30T10:29:03.457+0300][2396,557s][info ][gc] GC(115706) Pause Full (G1 Evacuation Pause) 125M->124M(128M) 77,923ms
[2021-04-30T10:29:03.469+0300][2396,569s][info ][gc] GC(115707) To-space exhausted
[2021-04-30T10:29:03.469+0300][2396,569s][info ][gc] GC(115707) Pause Young (Concurrent Start) (G1 Evacuation Pause) 126M->126M(128M) 2,118ms
[2021-04-30T10:29:03.469+0300][2396,569s][info ][gc] GC(115709) Concurrent Cycle
[2021-04-30T10:29:03.469+0300][2396,569s][debug][gc] GC(115708) Clear Next Bitmap 0,086ms
[2021-04-30T10:29:03.533+0300][2396,634s][info ][gc] GC(115708) Pause Full (G1 Evacuation Pause) 126M->124M(128M) 64,358ms
[2021-04-30T10:29:03.533+0300][2396,634s][info ][gc] GC(115709) Concurrent Cycle 64,481ms
[2021-04-30T10:29:03.536+0300][2396,636s][info ][gc] GC(115710) To-space exhausted
[2021-04-30T10:29:03.536+0300][2396,636s][info ][gc] GC(115710) Pause Young (Normal) (G1 Evacuation Pause) 125M->125M(128M) 0,870ms
[2021-04-30T10:29:03.595+0300][2396,695s][info ][gc] GC(115711) Pause Full (G1 Evacuation Pause) 125M->124M(128M) 58,701ms
[2021-04-30T10:29:03.603+0300][2396,704s][info ][gc] GC(115712) To-space exhausted
[2021-04-30T10:29:03.603+0300][2396,704s][info ][gc] GC(115712) Pause Young (Concurrent Start) (G1 Evacuation Pause) 126M->126M(128M) 1,250ms
[2021-04-30T10:29:03.603+0300][2396,704s][info ][gc] GC(115714) Concurrent Cycle
[2021-04-30T10:29:03.604+0300][2396,704s][debug][gc] GC(115713) Clear Next Bitmap 0,083ms
[2021-04-30T10:29:03.664+0300][2396,765s][info ][gc] GC(115713) Pause Full (G1 Evacuation Pause) 126M->124M(128M) 60,970ms
[2021-04-30T10:29:03.665+0300][2396,765s][info ][gc] GC(115714) Concurrent Cycle 61,120ms
[2021-04-30T10:29:03.669+0300][2396,769s][info ][gc] GC(115715) To-space exhausted
[2021-04-30T10:29:03.669+0300][2396,769s][info ][gc] GC(115715) Pause Young (Normal) (G1 Evacuation Pause) 126M->126M(128M) 1,150ms
[2021-04-30T10:29:03.741+0300][2396,841s][info ][gc] GC(115716) Pause Full (G1 Evacuation Pause) 126M->124M(128M) 71,791ms
[2021-04-30T10:29:03.748+0300][2396,849s][info ][gc] GC(115717) To-space exhausted
[2021-04-30T10:29:03.748+0300][2396,849s][info ][gc] GC(115717) Pause Young (Concurrent Start) (G1 Evacuation Pause) 125M->125M(128M) 3,321ms
[2021-04-30T10:29:03.749+0300][2396,849s][info ][gc] GC(115719) Concurrent Cycle
[2021-04-30T10:29:03.749+0300][2396,849s][debug][gc] GC(115718) Clear Next Bitmap 0,372ms
[2021-04-30T10:29:03.829+0300][2396,929s][info ][gc] GC(115718) Pause Full (G1 Evacuation Pause) 125M->124M(128M) 80,218ms
[2021-04-30T10:29:03.829+0300][2396,929s][info ][gc] GC(115719) Concurrent Cycle 80,437ms
[2021-04-30T10:29:03.837+0300][2396,937s][info ][gc] GC(115720) To-space exhausted
[2021-04-30T10:29:03.837+0300][2396,937s][info ][gc] GC(115720) Pause Young (Normal) (G1 Evacuation Pause) 125M->125M(128M) 1,536ms
[2021-04-30T10:29:03.921+0300][2397,021s][info ][gc] GC(115721) Pause Full (G1 Evacuation Pause) 125M->124M(128M) 84,273ms
[2021-04-30T10:29:03.929+0300][2397,030s][info ][gc] GC(115722) To-space exhausted
[2021-04-30T10:29:03.930+0300][2397,030s][info ][gc] GC(115722) Pause Young (Concurrent Start) (G1 Evacuation Pause) 126M->126M(128M) 2,729ms
[2021-04-30T10:29:03.930+0300][2397,031s][info ][gc] GC(115724) Concurrent Cycle
[2021-04-30T10:29:03.930+0300][2397,031s][debug][gc] GC(115723) Clear Next Bitmap 0,439ms
[2021-04-30T10:29:04.020+0300][2397,121s][info ][gc] GC(115723) Pause Full (G1 Evacuation Pause) 126M->124M(128M) 90,629ms
[2021-04-30T10:29:04.021+0300][2397,121s][info ][gc] GC(115724) Concurrent Cycle 90,733ms
[2021-04-30T10:29:04.029+0300][2397,129s][info ][gc] GC(115725) To-space exhausted
[2021-04-30T10:29:04.029+0300][2397,129s][info ][gc] GC(115725) Pause Young (Normal) (G1 Evacuation Pause) 125M->125M(128M) 2,891ms
[2021-04-30T10:29:04.116+0300][2397,217s][info ][gc] GC(115726) Pause Full (G1 Evacuation Pause) 125M->124M(128M) 87,042ms
[2021-04-30T10:29:04.125+0300][2397,225s][info ][gc] GC(115727) To-space exhausted
[2021-04-30T10:29:04.125+0300][2397,225s][info ][gc] GC(115727) Pause Young (Concurrent Start) (G1 Evacuation Pause) 126M->126M(128M) 1,169ms
[2021-04-30T10:29:04.125+0300][2397,225s][info ][gc] GC(115729) Concurrent Cycle
[2021-04-30T10:29:04.125+0300][2397,225s][debug][gc] GC(115728) Clear Next Bitmap 0,080ms
[2021-04-30T10:29:04.208+0300][2397,308s][info ][gc] GC(115728) Pause Full (G1 Evacuation Pause) 126M->124M(128M) 83,044ms
[2021-04-30T10:29:04.208+0300][2397,308s][info ][gc] GC(115729) Concurrent Cycle 83,193ms
[2021-04-30T10:29:04.213+0300][2397,314s][info ][gc] GC(115730) To-space exhausted
[2021-04-30T10:29:04.213+0300][2397,314s][info ][gc] GC(115730) Pause Young (Normal) (G1 Evacuation Pause) 126M->126M(128M) 1,363ms
[2021-04-30T10:29:04.286+0300][2397,386s][info ][gc] GC(115731) Pause Full (G1 Evacuation Pause) 126M->124M(128M) 72,198ms
[2021-04-30T10:29:04.293+0300][2397,393s][info ][gc] GC(115732) To-space exhausted
[2021-04-30T10:29:04.293+0300][2397,393s][info ][gc] GC(115732) Pause Young (Concurrent Start) (G1 Evacuation Pause) 126M->126M(128M) 1,022ms
[2021-04-30T10:29:04.293+0300][2397,393s][info ][gc] GC(115734) Concurrent Cycle
[2021-04-30T10:29:04.293+0300][2397,393s][debug][gc] GC(115733) Clear Next Bitmap 0,119ms
[2021-04-30T10:29:04.375+0300][2397,475s][info ][gc] GC(115733) Pause Full (G1 Evacuation Pause) 126M->124M(128M) 82,028ms
[2021-04-30T10:29:04.375+0300][2397,475s][info ][gc] GC(115734) Concurrent Cycle 82,204ms
[2021-04-30T10:29:04.380+0300][2397,481s][info ][gc] GC(115735) To-space exhausted
[2021-04-30T10:29:04.380+0300][2397,481s][info ][gc] GC(115735) Pause Young (Normal) (G1 Evacuation Pause) 125M->125M(128M) 2,856ms
[2021-04-30T10:29:04.466+0300][2397,566s][info ][gc] GC(115736) Pause Full (G1 Evacuation Pause) 125M->124M(128M) 85,567ms
[2021-04-30T10:29:04.477+0300][2397,577s][info ][gc] GC(115737) To-space exhausted
[2021-04-30T10:29:04.477+0300][2397,577s][info ][gc] GC(115737) Pause Young (Concurrent Start) (G1 Evacuation Pause) 126M->126M(128M) 2,369ms
[2021-04-30T10:29:04.477+0300][2397,577s][info ][gc] GC(115739) Concurrent Cycle
[2021-04-30T10:29:04.477+0300][2397,577s][debug][gc] GC(115738) Clear Next Bitmap 0,265ms
[2021-04-30T10:29:04.553+0300][2397,653s][info ][gc] GC(115738) Pause Full (G1 Evacuation Pause) 126M->124M(128M) 76,240ms
[2021-04-30T10:29:04.554+0300][2397,654s][info ][gc] GC(115739) Concurrent Cycle 76,740ms
[2021-04-30T10:29:04.560+0300][2397,661s][info ][gc] GC(115740) To-space exhausted
[2021-04-30T10:29:04.560+0300][2397,661s][info ][gc] GC(115740) Pause Young (Normal) (G1 Evacuation Pause) 126M->126M(128M) 1,862ms
[2021-04-30T10:29:04.635+0300][2397,736s][info ][gc] GC(115741) Pause Full (G1 Evacuation Pause) 126M->124M(128M) 75,041ms
[2021-04-30T10:29:04.645+0300][2397,745s][info ][gc] GC(115742) To-space exhausted
[2021-04-30T10:29:04.645+0300][2397,745s][info ][gc] GC(115742) Pause Young (Concurrent Start) (G1 Evacuation Pause) 126M->126M(128M) 1,318ms
[2021-04-30T10:29:04.645+0300][2397,745s][info ][gc] GC(115744) Concurrent Cycle
[2021-04-30T10:29:04.645+0300][2397,746s][debug][gc] GC(115743) Clear Next Bitmap 0,131ms
[2021-04-30T10:29:04.729+0300][2397,829s][info ][gc] GC(115743) Pause Full (G1 Evacuation Pause) 126M->124M(128M) 83,866ms
[2021-04-30T10:29:04.729+0300][2397,829s][info ][gc] GC(115744) Concurrent Cycle 84,050ms
[2021-04-30T10:29:04.739+0300][2397,839s][info ][gc] GC(115745) To-space exhausted
[2021-04-30T10:29:04.739+0300][2397,839s][info ][gc] GC(115745) Pause Young (Normal) (G1 Evacuation Pause) 126M->126M(128M) 3,591ms
[2021-04-30T10:29:04.822+0300][2397,922s][info ][gc] GC(115746) Pause Full (G1 Evacuation Pause) 126M->124M(128M) 82,600ms
[2021-04-30T10:29:04.829+0300][2397,930s][info ][gc] GC(115747) To-space exhausted
[2021-04-30T10:29:04.830+0300][2397,930s][info ][gc] GC(115747) Pause Young (Concurrent Start) (G1 Evacuation Pause) 126M->126M(128M) 1,836ms
[2021-04-30T10:29:04.830+0300][2397,930s][debug][gc] GC(115748) Clear Next Bitmap 0,144ms
[2021-04-30T10:29:04.831+0300][2397,932s][info ][gc] GC(115749) Concurrent Cycle
[2021-04-30T10:29:04.909+0300][2398,009s][info ][gc] GC(115748) Pause Full (G1 Evacuation Pause) 126M->125M(128M) 79,335ms
[2021-04-30T10:29:04.909+0300][2398,009s][info ][gc] GC(115749) Concurrent Cycle 77,758ms
[2021-04-30T10:29:04.915+0300][2398,016s][info ][gc] GC(115750) To-space exhausted
[2021-04-30T10:29:04.915+0300][2398,016s][info ][gc] GC(115750) Pause Young (Normal) (G1 Evacuation Pause) 127M->127M(128M) 1,290ms
[2021-04-30T10:29:05.004+0300][2398,104s][info ][gc] GC(115751) Pause Full (G1 Evacuation Pause) 127M->124M(128M) 88,611ms
[2021-04-30T10:29:05.017+0300][2398,117s][info ][gc] GC(115752) To-space exhausted
[2021-04-30T10:29:05.017+0300][2398,117s][info ][gc] GC(115752) Pause Young (Concurrent Start) (G1 Evacuation Pause) 126M->126M(128M) 4,611ms
[2021-04-30T10:29:05.017+0300][2398,117s][info ][gc] GC(115754) Concurrent Cycle
[2021-04-30T10:29:05.017+0300][2398,117s][debug][gc] GC(115753) Clear Next Bitmap 0,085ms
[2021-04-30T10:29:05.086+0300][2398,186s][info ][gc] GC(115753) Pause Full (G1 Evacuation Pause) 126M->124M(128M) 69,021ms
[2021-04-30T10:29:05.086+0300][2398,186s][info ][gc] GC(115754) Concurrent Cycle 69,162ms
[2021-04-30T10:29:05.088+0300][2398,189s][info ][gc] GC(115755) To-space exhausted
[2021-04-30T10:29:05.088+0300][2398,189s][info ][gc] GC(115755) Pause Young (Normal) (G1 Evacuation Pause) 125M->125M(128M) 0,836ms
[2021-04-30T10:29:05.161+0300][2398,261s][info ][gc] GC(115756) Pause Full (G1 Evacuation Pause) 125M->125M(128M) 72,377ms
[2021-04-30T10:29:05.168+0300][2398,268s][info ][gc] GC(115757) To-space exhausted
[2021-04-30T10:29:05.168+0300][2398,268s][info ][gc] GC(115757) Pause Young (Concurrent Start) (G1 Evacuation Pause) 127M->127M(128M) 1,220ms
[2021-04-30T10:29:05.168+0300][2398,268s][info ][gc] GC(115759) Concurrent Cycle
[2021-04-30T10:29:05.168+0300][2398,268s][debug][gc] GC(115758) Clear Next Bitmap 0,074ms
[2021-04-30T10:29:05.238+0300][2398,338s][info ][gc] GC(115758) Pause Full (G1 Evacuation Pause) 127M->125M(128M) 70,263ms
[2021-04-30T10:29:05.238+0300][2398,339s][info ][gc] GC(115759) Concurrent Cycle 70,466ms
[2021-04-30T10:29:05.243+0300][2398,343s][info ][gc] GC(115760) To-space exhausted
[2021-04-30T10:29:05.243+0300][2398,343s][info ][gc] GC(115760) Pause Young (Normal) (G1 Evacuation Pause) 127M->127M(128M) 1,150ms
[2021-04-30T10:29:05.323+0300][2398,423s][info ][gc] GC(115761) Pause Full (G1 Evacuation Pause) 127M->125M(128M) 80,173ms
[2021-04-30T10:29:05.332+0300][2398,432s][info ][gc] GC(115762) To-space exhausted
[2021-04-30T10:29:05.332+0300][2398,433s][info ][gc] GC(115762) Pause Young (Concurrent Start) (G1 Evacuation Pause) 127M->127M(128M) 1,174ms
[2021-04-30T10:29:05.332+0300][2398,433s][info ][gc] GC(115764) Concurrent Cycle
[2021-04-30T10:29:05.332+0300][2398,433s][debug][gc] GC(115763) Clear Next Bitmap 0,073ms
[2021-04-30T10:29:05.400+0300][2398,501s][info ][gc] GC(115763) Pause Full (G1 Evacuation Pause) 127M->125M(128M) 68,156ms
[2021-04-30T10:29:05.401+0300][2398,502s][info ][gc] GC(115764) Concurrent Cycle 69,008ms
[2021-04-30T10:29:05.404+0300][2398,505s][info ][gc] GC(115765) To-space exhausted
[2021-04-30T10:29:05.404+0300][2398,505s][info ][gc] GC(115765) Pause Young (Normal) (G1 Evacuation Pause) 126M->126M(128M) 1,271ms
[2021-04-30T10:29:05.473+0300][2398,573s][info ][gc] GC(115766) Pause Full (G1 Evacuation Pause) 126M->125M(128M) 68,218ms
[2021-04-30T10:29:05.478+0300][2398,579s][info ][gc] GC(115767) To-space exhausted
[2021-04-30T10:29:05.478+0300][2398,579s][info ][gc] GC(115767) Pause Young (Concurrent Start) (G1 Evacuation Pause) 126M->126M(128M) 1,289ms
[2021-04-30T10:29:05.478+0300][2398,579s][info ][gc] GC(115769) Concurrent Cycle
[2021-04-30T10:29:05.479+0300][2398,579s][debug][gc] GC(115768) Clear Next Bitmap 0,097ms
[2021-04-30T10:29:05.545+0300][2398,645s][info ][gc] GC(115768) Pause Full (G1 Evacuation Pause) 126M->125M(128M) 66,450ms
[2021-04-30T10:29:05.551+0300][2398,651s][info ][gc] GC(115770) To-space exhausted
[2021-04-30T10:29:05.551+0300][2398,651s][info ][gc] GC(115770) Pause Young (Normal) (G1 Evacuation Pause) 126M->126M(128M) 2,872ms
[2021-04-30T10:29:05.638+0300][2398,738s][info ][gc] GC(115771) Pause Full (G1 Evacuation Pause) 126M->125M(128M) 86,730ms
[2021-04-30T10:29:05.639+0300][2398,739s][info ][gc] GC(115769) Concurrent Cycle 160,366ms
[2021-04-30T10:29:05.646+0300][2398,747s][info ][gc] GC(115772) To-space exhausted
[2021-04-30T10:29:05.646+0300][2398,747s][info ][gc] GC(115772) Pause Young (Normal) (G1 Evacuation Pause) 127M->127M(128M) 1,016ms
[2021-04-30T10:29:05.720+0300][2398,820s][info ][gc] GC(115773) Pause Full (G1 Evacuation Pause) 127M->125M(128M) 73,597ms
[2021-04-30T10:29:05.723+0300][2398,824s][info ][gc] GC(115774) To-space exhausted
[2021-04-30T10:29:05.723+0300][2398,824s][info ][gc] GC(115774) Pause Young (Concurrent Start) (G1 Evacuation Pause) 126M->126M(128M) 1,136ms
[2021-04-30T10:29:05.723+0300][2398,824s][info ][gc] GC(115776) Concurrent Cycle
[2021-04-30T10:29:05.724+0300][2398,824s][debug][gc] GC(115775) Clear Next Bitmap 0,108ms
[2021-04-30T10:29:05.785+0300][2398,885s][info ][gc] GC(115775) Pause Full (G1 Evacuation Pause) 126M->125M(128M) 61,601ms
[2021-04-30T10:29:05.785+0300][2398,885s][info ][gc] GC(115776) Concurrent Cycle 61,783ms
[2021-04-30T10:29:05.791+0300][2398,891s][info ][gc] GC(115777) To-space exhausted
[2021-04-30T10:29:05.791+0300][2398,892s][info ][gc] GC(115777) Pause Young (Normal) (G1 Evacuation Pause) 126M->126M(128M) 1,339ms
[2021-04-30T10:29:05.868+0300][2398,969s][info ][gc] GC(115778) Pause Full (G1 Evacuation Pause) 126M->125M(128M) 77,054ms
[2021-04-30T10:29:05.872+0300][2398,972s][info ][gc] GC(115779) To-space exhausted
[2021-04-30T10:29:05.872+0300][2398,972s][info ][gc] GC(115779) Pause Young (Concurrent Start) (G1 Evacuation Pause) 126M->126M(128M) 1,169ms
[2021-04-30T10:29:05.872+0300][2398,972s][info ][gc] GC(115781) Concurrent Cycle
[2021-04-30T10:29:05.872+0300][2398,972s][debug][gc] GC(115780) Clear Next Bitmap 0,081ms
[2021-04-30T10:29:05.929+0300][2399,030s][info ][gc] GC(115780) Pause Full (G1 Evacuation Pause) 126M->125M(128M) 57,555ms
[2021-04-30T10:29:05.929+0300][2399,030s][info ][gc] GC(115781) Concurrent Cycle 57,712ms
[2021-04-30T10:29:05.937+0300][2399,037s][info ][gc] GC(115782) To-space exhausted
[2021-04-30T10:29:05.937+0300][2399,037s][info ][gc] GC(115782) Pause Young (Normal) (G1 Evacuation Pause) 126M->126M(128M) 1,839ms
[2021-04-30T10:29:06.006+0300][2399,107s][info ][gc] GC(115783) Pause Full (G1 Evacuation Pause) 126M->125M(128M) 69,586ms
[2021-04-30T10:29:06.010+0300][2399,110s][info ][gc] GC(115784) To-space exhausted
[2021-04-30T10:29:06.010+0300][2399,110s][info ][gc] GC(115784) Pause Young (Concurrent Start) (G1 Evacuation Pause) 126M->126M(128M) 1,199ms
[2021-04-30T10:29:06.010+0300][2399,110s][info ][gc] GC(115786) Concurrent Cycle
[2021-04-30T10:29:06.010+0300][2399,110s][debug][gc] GC(115785) Clear Next Bitmap 0,093ms
[2021-04-30T10:29:06.079+0300][2399,180s][info ][gc] GC(115785) Pause Full (G1 Evacuation Pause) 126M->125M(128M) 69,679ms
[2021-04-30T10:29:06.083+0300][2399,183s][info ][gc] GC(115786) Concurrent Cycle 73,310ms
[2021-04-30T10:29:06.096+0300][2399,196s][info ][gc] GC(115787) To-space exhausted
[2021-04-30T10:29:06.096+0300][2399,197s][info ][gc] GC(115787) Pause Young (Normal) (G1 Evacuation Pause) 127M->127M(128M) 5,849ms
[2021-04-30T10:29:06.177+0300][2399,277s][info ][gc] GC(115788) Pause Full (G1 Evacuation Pause) 127M->125M(128M) 80,255ms
[2021-04-30T10:29:06.184+0300][2399,284s][info ][gc] GC(115789) To-space exhausted
[2021-04-30T10:29:06.184+0300][2399,284s][info ][gc] GC(115789) Pause Young (Concurrent Start) (G1 Evacuation Pause) 127M->127M(128M) 2,513ms
[2021-04-30T10:29:06.185+0300][2399,285s][debug][gc] GC(115790) Clear Next Bitmap 0,523ms
[2021-04-30T10:29:06.185+0300][2399,285s][info ][gc] GC(115791) Concurrent Cycle
[2021-04-30T10:29:06.263+0300][2399,363s][info ][gc] GC(115790) Pause Full (G1 Evacuation Pause) 127M->125M(128M) 78,792ms
[2021-04-30T10:29:06.263+0300][2399,363s][info ][gc] GC(115791) Concurrent Cycle 77,892ms
[2021-04-30T10:29:06.274+0300][2399,374s][info ][gc] GC(115792) To-space exhausted
[2021-04-30T10:29:06.274+0300][2399,374s][info ][gc] GC(115792) Pause Young (Normal) (G1 Evacuation Pause) 127M->127M(128M) 1,423ms
[2021-04-30T10:29:06.343+0300][2399,443s][info ][gc] GC(115793) Pause Full (G1 Evacuation Pause) 127M->125M(128M) 68,901ms
[2021-04-30T10:29:06.351+0300][2399,452s][info ][gc] GC(115794) To-space exhausted
[2021-04-30T10:29:06.351+0300][2399,452s][info ][gc] GC(115794) Pause Young (Concurrent Start) (G1 Evacuation Pause) 127M->127M(128M) 3,599ms
[2021-04-30T10:29:06.351+0300][2399,452s][info ][gc] GC(115796) Concurrent Cycle
[2021-04-30T10:29:06.352+0300][2399,452s][debug][gc] GC(115795) Clear Next Bitmap 0,101ms
[2021-04-30T10:29:06.429+0300][2399,529s][info ][gc] GC(115795) Pause Full (G1 Evacuation Pause) 127M->125M(128M) 77,441ms
[2021-04-30T10:29:06.430+0300][2399,530s][info ][gc] GC(115796) Concurrent Cycle 78,280ms
[2021-04-30T10:29:06.439+0300][2399,539s][info ][gc] GC(115797) To-space exhausted
[2021-04-30T10:29:06.439+0300][2399,539s][info ][gc] GC(115797) Pause Young (Normal) (G1 Evacuation Pause) 127M->127M(128M) 1,194ms
[2021-04-30T10:29:06.509+0300][2399,609s][info ][gc] GC(115798) Pause Full (G1 Evacuation Pause) 127M->125M(128M) 70,082ms
[2021-04-30T10:29:06.512+0300][2399,613s][info ][gc] GC(115799) To-space exhausted
[2021-04-30T10:29:06.512+0300][2399,613s][info ][gc] GC(115799) Pause Young (Concurrent Start) (G1 Evacuation Pause) 126M->126M(128M) 0,904ms
[2021-04-30T10:29:06.512+0300][2399,613s][info ][gc] GC(115801) Concurrent Cycle
[2021-04-30T10:29:06.512+0300][2399,613s][debug][gc] GC(115800) Clear Next Bitmap 0,145ms
[2021-04-30T10:29:06.587+0300][2399,687s][info ][gc] GC(115800) Pause Full (G1 Evacuation Pause) 126M->125M(128M) 74,447ms
[2021-04-30T10:29:06.587+0300][2399,687s][info ][gc] GC(115801) Concurrent Cycle 74,603ms
[2021-04-30T10:29:06.593+0300][2399,693s][info ][gc] GC(115802) To-space exhausted
[2021-04-30T10:29:06.593+0300][2399,693s][info ][gc] GC(115802) Pause Young (Normal) (G1 Evacuation Pause) 126M->126M(128M) 0,924ms
[2021-04-30T10:29:06.655+0300][2399,756s][info ][gc] GC(115803) Pause Full (G1 Evacuation Pause) 126M->125M(128M) 62,066ms
[2021-04-30T10:29:06.659+0300][2399,760s][info ][gc] GC(115804) To-space exhausted
[2021-04-30T10:29:06.659+0300][2399,760s][info ][gc] GC(115804) Pause Young (Concurrent Start) (G1 Evacuation Pause) 127M->127M(128M) 1,129ms
[2021-04-30T10:29:06.659+0300][2399,760s][info ][gc] GC(115806) Concurrent Cycle
[2021-04-30T10:29:06.660+0300][2399,760s][debug][gc] GC(115805) Clear Next Bitmap 0,123ms
[2021-04-30T10:29:06.731+0300][2399,832s][info ][gc] GC(115805) Pause Full (G1 Evacuation Pause) 127M->125M(128M) 71,942ms
[2021-04-30T10:29:06.732+0300][2399,832s][info ][gc] GC(115806) Concurrent Cycle 72,113ms
[2021-04-30T10:29:06.741+0300][2399,841s][info ][gc] GC(115807) To-space exhausted
[2021-04-30T10:29:06.741+0300][2399,841s][info ][gc] GC(115807) Pause Young (Normal) (G1 Evacuation Pause) 127M->127M(128M) 1,543ms
[2021-04-30T10:29:06.811+0300][2399,912s][info ][gc] GC(115808) Pause Full (G1 Evacuation Pause) 127M->125M(128M) 70,360ms
[2021-04-30T10:29:06.817+0300][2399,917s][info ][gc] GC(115809) To-space exhausted
[2021-04-30T10:29:06.817+0300][2399,917s][info ][gc] GC(115809) Pause Young (Concurrent Start) (G1 Evacuation Pause) 126M->126M(128M) 3,623ms
[2021-04-30T10:29:06.817+0300][2399,917s][info ][gc] GC(115811) Concurrent Cycle
[2021-04-30T10:29:06.817+0300][2399,918s][debug][gc] GC(115810) Clear Next Bitmap 0,101ms
[2021-04-30T10:29:06.894+0300][2399,995s][info ][gc] GC(115810) Pause Full (G1 Evacuation Pause) 126M->125M(128M) 77,047ms
[2021-04-30T10:29:06.894+0300][2399,995s][info ][gc] GC(115811) Concurrent Cycle 77,273ms
[2021-04-30T10:29:06.902+0300][2400,003s][info ][gc] GC(115812) To-space exhausted
[2021-04-30T10:29:06.902+0300][2400,003s][info ][gc] GC(115812) Pause Young (Normal) (G1 Evacuation Pause) 126M->126M(128M) 2,448ms
[2021-04-30T10:29:06.982+0300][2400,082s][info ][gc] GC(115813) Pause Full (G1 Evacuation Pause) 126M->125M(128M) 79,491ms
[2021-04-30T10:29:06.988+0300][2400,088s][info ][gc] GC(115814) To-space exhausted
[2021-04-30T10:29:06.988+0300][2400,088s][info ][gc] GC(115814) Pause Young (Concurrent Start) (G1 Evacuation Pause) 126M->126M(128M) 1,386ms
[2021-04-30T10:29:06.988+0300][2400,088s][info ][gc] GC(115815) Concurrent Cycle
[2021-04-30T10:29:06.988+0300][2400,088s][debug][gc] GC(115816) Clear Next Bitmap 0,087ms
[2021-04-30T10:29:07.057+0300][2400,157s][info ][gc] GC(115816) Pause Full (G1 Evacuation Pause) 126M->125M(128M) 69,036ms
[2021-04-30T10:29:07.057+0300][2400,157s][info ][gc] GC(115815) Concurrent Cycle 69,276ms
[2021-04-30T10:29:07.062+0300][2400,162s][info ][gc] GC(115817) To-space exhausted
[2021-04-30T10:29:07.062+0300][2400,163s][info ][gc] GC(115817) Pause Young (Normal) (G1 Evacuation Pause) 126M->126M(128M) 1,278ms
[2021-04-30T10:29:07.139+0300][2400,239s][info ][gc] GC(115818) Pause Full (G1 Evacuation Pause) 126M->125M(128M) 76,365ms
[2021-04-30T10:29:07.142+0300][2400,242s][info ][gc] GC(115819) To-space exhausted
[2021-04-30T10:29:07.142+0300][2400,242s][info ][gc] GC(115819) Pause Young (Concurrent Start) (G1 Evacuation Pause) 126M->126M(128M) 1,184ms
[2021-04-30T10:29:07.142+0300][2400,242s][info ][gc] GC(115821) Concurrent Cycle
[2021-04-30T10:29:07.142+0300][2400,243s][debug][gc] GC(115820) Clear Next Bitmap 0,157ms
[2021-04-30T10:29:07.209+0300][2400,310s][info ][gc] GC(115820) Pause Full (G1 Evacuation Pause) 126M->125M(128M) 67,082ms
[2021-04-30T10:29:07.209+0300][2400,310s][info ][gc] GC(115821) Concurrent Cycle 67,235ms
[2021-04-30T10:29:07.214+0300][2400,315s][info ][gc] GC(115822) To-space exhausted
[2021-04-30T10:29:07.214+0300][2400,315s][info ][gc] GC(115822) Pause Young (Normal) (G1 Evacuation Pause) 126M->126M(128M) 1,007ms
[2021-04-30T10:29:07.291+0300][2400,391s][info ][gc] GC(115823) Pause Full (G1 Evacuation Pause) 126M->125M(128M) 76,543ms
[2021-04-30T10:29:07.295+0300][2400,395s][info ][gc] GC(115824) To-space exhausted
[2021-04-30T10:29:07.295+0300][2400,395s][info ][gc] GC(115824) Pause Young (Concurrent Start) (G1 Evacuation Pause) 126M->126M(128M) 1,303ms
[2021-04-30T10:29:07.295+0300][2400,395s][info ][gc] GC(115826) Concurrent Cycle
[2021-04-30T10:29:07.295+0300][2400,395s][debug][gc] GC(115825) Clear Next Bitmap 0,094ms
[2021-04-30T10:29:07.360+0300][2400,460s][info ][gc] GC(115825) Pause Full (G1 Evacuation Pause) 126M->125M(128M) 64,678ms
[2021-04-30T10:29:07.360+0300][2400,460s][info ][gc] GC(115826) Concurrent Cycle 64,864ms
[2021-04-30T10:29:07.367+0300][2400,467s][info ][gc] GC(115827) To-space exhausted
[2021-04-30T10:29:07.367+0300][2400,467s][info ][gc] GC(115827) Pause Young (Normal) (G1 Evacuation Pause) 126M->126M(128M) 2,785ms
[2021-04-30T10:29:07.452+0300][2400,553s][info ][gc] GC(115828) Pause Full (G1 Evacuation Pause) 126M->125M(128M) 85,195ms
[2021-04-30T10:29:07.459+0300][2400,559s][info ][gc] GC(115829) To-space exhausted
[2021-04-30T10:29:07.459+0300][2400,559s][info ][gc] GC(115829) Pause Young (Concurrent Start) (G1 Evacuation Pause) 126M->126M(128M) 3,298ms
[2021-04-30T10:29:07.459+0300][2400,559s][info ][gc] GC(115831) Concurrent Cycle
[2021-04-30T10:29:07.459+0300][2400,559s][debug][gc] GC(115830) Clear Next Bitmap 0,111ms
[2021-04-30T10:29:07.528+0300][2400,628s][info ][gc] GC(115830) Pause Full (G1 Evacuation Pause) 126M->125M(128M) 69,091ms
[2021-04-30T10:29:07.528+0300][2400,628s][info ][gc] GC(115831) Concurrent Cycle 69,296ms
[2021-04-30T10:29:07.533+0300][2400,633s][info ][gc] GC(115832) To-space exhausted
[2021-04-30T10:29:07.533+0300][2400,633s][info ][gc] GC(115832) Pause Young (Normal) (G1 Evacuation Pause) 126M->126M(128M) 0,884ms
[2021-04-30T10:29:07.592+0300][2400,693s][info ][gc] GC(115833) Pause Full (G1 Evacuation Pause) 126M->125M(128M) 59,385ms
[2021-04-30T10:29:07.596+0300][2400,696s][info ][gc] GC(115834) To-space exhausted
[2021-04-30T10:29:07.596+0300][2400,696s][info ][gc] GC(115834) Pause Young (Concurrent Start) (G1 Evacuation Pause) 126M->126M(128M) 1,482ms
[2021-04-30T10:29:07.596+0300][2400,696s][info ][gc] GC(115836) Concurrent Cycle
[2021-04-30T10:29:07.596+0300][2400,696s][debug][gc] GC(115835) Clear Next Bitmap 0,076ms
[2021-04-30T10:29:07.652+0300][2400,753s][info ][gc] GC(115835) Pause Full (G1 Evacuation Pause) 126M->125M(128M) 56,533ms
[2021-04-30T10:29:07.652+0300][2400,753s][info ][gc] GC(115836) Concurrent Cycle 56,680ms
[2021-04-30T10:29:07.657+0300][2400,757s][info ][gc] GC(115837) To-space exhausted
[2021-04-30T10:29:07.657+0300][2400,757s][info ][gc] GC(115837) Pause Young (Normal) (G1 Evacuation Pause) 126M->126M(128M) 0,805ms
[2021-04-30T10:29:07.726+0300][2400,826s][info ][gc] GC(115838) Pause Full (G1 Evacuation Pause) 126M->125M(128M) 69,078ms
[2021-04-30T10:29:07.730+0300][2400,830s][info ][gc] GC(115839) To-space exhausted
[2021-04-30T10:29:07.730+0300][2400,830s][info ][gc] GC(115839) Pause Young (Concurrent Start) (G1 Evacuation Pause) 126M->126M(128M) 1,498ms
[2021-04-30T10:29:07.730+0300][2400,830s][info ][gc] GC(115841) Concurrent Cycle
[2021-04-30T10:29:07.730+0300][2400,831s][debug][gc] GC(115840) Clear Next Bitmap 0,117ms
[2021-04-30T10:29:07.799+0300][2400,899s][info ][gc] GC(115840) Pause Full (G1 Evacuation Pause) 126M->125M(128M) 68,378ms
[2021-04-30T10:29:07.799+0300][2400,899s][info ][gc] GC(115841) Concurrent Cycle 68,554ms
[2021-04-30T10:29:07.806+0300][2400,907s][info ][gc] GC(115842) To-space exhausted
[2021-04-30T10:29:07.806+0300][2400,907s][info ][gc] GC(115842) Pause Young (Normal) (G1 Evacuation Pause) 126M->126M(128M) 1,047ms
[2021-04-30T10:29:07.885+0300][2400,986s][info ][gc] GC(115843) Pause Full (G1 Evacuation Pause) 126M->125M(128M) 78,856ms
[2021-04-30T10:29:07.889+0300][2400,989s][info ][gc] GC(115844) To-space exhausted
[2021-04-30T10:29:07.889+0300][2400,989s][info ][gc] GC(115844) Pause Young (Concurrent Start) (G1 Evacuation Pause) 126M->126M(128M) 1,196ms
[2021-04-30T10:29:07.889+0300][2400,989s][info ][gc] GC(115846) Concurrent Cycle
[2021-04-30T10:29:07.889+0300][2400,989s][debug][gc] GC(115845) Clear Next Bitmap 0,106ms
[2021-04-30T10:29:07.967+0300][2401,067s][info ][gc] GC(115845) Pause Full (G1 Evacuation Pause) 126M->125M(128M) 77,873ms
[2021-04-30T10:29:07.967+0300][2401,067s][info ][gc] GC(115846) Concurrent Cycle 78,077ms
[2021-04-30T10:29:07.975+0300][2401,075s][info ][gc] GC(115847) To-space exhausted
[2021-04-30T10:29:07.975+0300][2401,075s][info ][gc] GC(115847) Pause Young (Normal) (G1 Evacuation Pause) 127M->127M(128M) 0,813ms
[2021-04-30T10:29:08.043+0300][2401,144s][info ][gc] GC(115848) Pause Full (G1 Evacuation Pause) 127M->125M(128M) 68,662ms
[2021-04-30T10:29:08.047+0300][2401,147s][info ][gc] GC(115849) To-space exhausted
[2021-04-30T10:29:08.047+0300][2401,148s][info ][gc] GC(115849) Pause Young (Concurrent Start) (G1 Evacuation Pause) 126M->126M(128M) 1,661ms
[2021-04-30T10:29:08.047+0300][2401,148s][info ][gc] GC(115851) Concurrent Cycle
[2021-04-30T10:29:08.047+0300][2401,148s][debug][gc] GC(115850) Clear Next Bitmap 0,089ms
[2021-04-30T10:29:08.131+0300][2401,231s][info ][gc] GC(115850) Pause Full (G1 Evacuation Pause) 126M->125M(128M) 83,266ms
[2021-04-30T10:29:08.131+0300][2401,231s][info ][gc] GC(115851) Concurrent Cycle 83,409ms
[2021-04-30T10:29:08.136+0300][2401,237s][info ][gc] GC(115852) To-space exhausted
[2021-04-30T10:29:08.136+0300][2401,237s][info ][gc] GC(115852) Pause Young (Normal) (G1 Evacuation Pause) 126M->126M(128M) 0,858ms
[2021-04-30T10:29:08.211+0300][2401,311s][info ][gc] GC(115853) Pause Full (G1 Evacuation Pause) 126M->125M(128M) 74,833ms
[2021-04-30T10:29:08.215+0300][2401,315s][info ][gc] GC(115854) To-space exhausted
[2021-04-30T10:29:08.215+0300][2401,315s][info ][gc] GC(115854) Pause Young (Concurrent Start) (G1 Evacuation Pause) 126M->126M(128M) 1,442ms
[2021-04-30T10:29:08.215+0300][2401,315s][info ][gc] GC(115856) Concurrent Cycle
[2021-04-30T10:29:08.215+0300][2401,315s][debug][gc] GC(115855) Clear Next Bitmap 0,091ms
[2021-04-30T10:29:08.289+0300][2401,389s][info ][gc] GC(115855) Pause Full (G1 Evacuation Pause) 126M->125M(128M) 73,929ms
[2021-04-30T10:29:08.289+0300][2401,389s][info ][gc] GC(115856) Concurrent Cycle 74,098ms
[2021-04-30T10:29:08.294+0300][2401,394s][info ][gc] GC(115857) To-space exhausted
[2021-04-30T10:29:08.294+0300][2401,394s][info ][gc] GC(115857) Pause Young (Normal) (G1 Evacuation Pause) 126M->126M(128M) 0,890ms
[2021-04-30T10:29:08.387+0300][2401,488s][info ][gc] GC(115858) Pause Full (G1 Evacuation Pause) 126M->125M(128M) 93,157ms
[2021-04-30T10:29:08.393+0300][2401,494s][info ][gc] GC(115859) To-space exhausted
[2021-04-30T10:29:08.393+0300][2401,494s][info ][gc] GC(115859) Pause Young (Concurrent Start) (G1 Evacuation Pause) 126M->126M(128M) 1,081ms
[2021-04-30T10:29:08.393+0300][2401,494s][info ][gc] GC(115861) Concurrent Cycle
[2021-04-30T10:29:08.393+0300][2401,494s][debug][gc] GC(115860) Clear Next Bitmap 0,078ms
[2021-04-30T10:29:08.469+0300][2401,569s][info ][gc] GC(115860) Pause Full (G1 Evacuation Pause) 126M->125M(128M) 75,220ms
[2021-04-30T10:29:08.470+0300][2401,570s][info ][gc] GC(115861) Concurrent Cycle 76,809ms
[2021-04-30T10:29:08.472+0300][2401,573s][info ][gc] GC(115862) To-space exhausted
[2021-04-30T10:29:08.472+0300][2401,573s][info ][gc] GC(115862) Pause Young (Normal) (G1 Evacuation Pause) 126M->126M(128M) 1,373ms
[2021-04-30T10:29:08.546+0300][2401,646s][info ][gc] GC(115863) Pause Full (G1 Evacuation Pause) 126M->125M(128M) 73,662ms
[2021-04-30T10:29:08.552+0300][2401,652s][info ][gc] GC(115864) To-space exhausted
[2021-04-30T10:29:08.552+0300][2401,652s][info ][gc] GC(115864) Pause Young (Concurrent Start) (G1 Evacuation Pause) 126M->126M(128M) 1,037ms
[2021-04-30T10:29:08.552+0300][2401,652s][info ][gc] GC(115866) Concurrent Cycle
[2021-04-30T10:29:08.552+0300][2401,652s][debug][gc] GC(115865) Clear Next Bitmap 0,162ms
[2021-04-30T10:29:08.623+0300][2401,723s][info ][gc] GC(115865) Pause Full (G1 Evacuation Pause) 126M->125M(128M) 70,847ms
[2021-04-30T10:29:08.623+0300][2401,723s][info ][gc] GC(115866) Concurrent Cycle 71,002ms
[2021-04-30T10:29:08.626+0300][2401,726s][info ][gc] GC(115867) To-space exhausted
[2021-04-30T10:29:08.626+0300][2401,726s][info ][gc] GC(115867) Pause Young (Normal) (G1 Evacuation Pause) 126M->126M(128M) 0,936ms
[2021-04-30T10:29:08.700+0300][2401,800s][info ][gc] GC(115868) Pause Full (G1 Evacuation Pause) 126M->125M(128M) 73,968ms
[2021-04-30T10:29:08.705+0300][2401,805s][info ][gc] GC(115869) To-space exhausted
[2021-04-30T10:29:08.705+0300][2401,805s][info ][gc] GC(115869) Pause Young (Concurrent Start) (G1 Evacuation Pause) 126M->126M(128M) 1,185ms
[2021-04-30T10:29:08.705+0300][2401,805s][info ][gc] GC(115871) Concurrent Cycle
[2021-04-30T10:29:08.705+0300][2401,805s][debug][gc] GC(115870) Clear Next Bitmap 0,132ms
[2021-04-30T10:29:08.772+0300][2401,872s][info ][gc] GC(115870) Pause Full (G1 Evacuation Pause) 126M->125M(128M) 66,984ms
[2021-04-30T10:29:08.772+0300][2401,872s][info ][gc] GC(115871) Concurrent Cycle 67,157ms
[2021-04-30T10:29:08.776+0300][2401,876s][info ][gc] GC(115872) To-space exhausted
[2021-04-30T10:29:08.776+0300][2401,876s][info ][gc] GC(115872) Pause Young (Normal) (G1 Evacuation Pause) 126M->126M(128M) 1,612ms
[2021-04-30T10:29:08.840+0300][2401,940s][info ][gc] GC(115873) Pause Full (G1 Evacuation Pause) 126M->125M(128M) 63,479ms
[2021-04-30T10:29:08.845+0300][2401,946s][info ][gc] GC(115874) To-space exhausted
[2021-04-30T10:29:08.845+0300][2401,946s][info ][gc] GC(115874) Pause Young (Concurrent Start) (G1 Evacuation Pause) 126M->126M(128M) 1,232ms
[2021-04-30T10:29:08.846+0300][2401,946s][info ][gc] GC(115876) Concurrent Cycle
[2021-04-30T10:29:08.846+0300][2401,946s][debug][gc] GC(115875) Clear Next Bitmap 0,090ms
[2021-04-30T10:29:08.926+0300][2402,026s][info ][gc] GC(115875) Pause Full (G1 Evacuation Pause) 126M->125M(128M) 80,145ms
[2021-04-30T10:29:08.926+0300][2402,026s][info ][gc] GC(115876) Concurrent Cycle 80,325ms
[2021-04-30T10:29:08.929+0300][2402,029s][info ][gc] GC(115877) To-space exhausted
[2021-04-30T10:29:08.929+0300][2402,029s][info ][gc] GC(115877) Pause Young (Normal) (G1 Evacuation Pause) 126M->126M(128M) 1,399ms
[2021-04-30T10:29:09.021+0300][2402,122s][info ][gc] GC(115878) Pause Full (G1 Evacuation Pause) 126M->125M(128M) 92,117ms
[2021-04-30T10:29:09.031+0300][2402,132s][info ][gc] GC(115879) To-space exhausted
[2021-04-30T10:29:09.031+0300][2402,132s][info ][gc] GC(115879) Pause Young (Concurrent Start) (G1 Evacuation Pause) 126M->126M(128M) 5,413ms
[2021-04-30T10:29:09.031+0300][2402,132s][info ][gc] GC(115881) Concurrent Cycle
[2021-04-30T10:29:09.032+0300][2402,132s][debug][gc] GC(115880) Clear Next Bitmap 0,147ms
[2021-04-30T10:29:09.104+0300][2402,204s][info ][gc] GC(115880) Pause Full (G1 Evacuation Pause) 126M->126M(128M) 72,623ms
[2021-04-30T10:29:09.106+0300][2402,206s][info ][gc] GC(115881) Concurrent Cycle 74,696ms
[2021-04-30T10:29:09.113+0300][2402,213s][info ][gc] GC(115882) To-space exhausted
[2021-04-30T10:29:09.113+0300][2402,213s][info ][gc] GC(115882) Pause Young (Normal) (G1 Evacuation Pause) 127M->127M(128M) 3,779ms
[2021-04-30T10:29:09.197+0300][2402,297s][info ][gc] GC(115883) Pause Full (G1 Evacuation Pause) 127M->125M(128M) 83,910ms
[2021-04-30T10:29:09.206+0300][2402,306s][info ][gc] GC(115884) To-space exhausted
[2021-04-30T10:29:09.206+0300][2402,306s][info ][gc] GC(115884) Pause Young (Concurrent Start) (G1 Evacuation Pause) 126M->126M(128M) 1,660ms
[2021-04-30T10:29:09.206+0300][2402,306s][info ][gc] GC(115886) Concurrent Cycle
[2021-04-30T10:29:09.206+0300][2402,306s][debug][gc] GC(115885) Clear Next Bitmap 0,099ms
[2021-04-30T10:29:09.279+0300][2402,379s][info ][gc] GC(115885) Pause Full (G1 Evacuation Pause) 126M->126M(128M) 73,090ms
[2021-04-30T10:29:09.279+0300][2402,380s][info ][gc] GC(115886) Concurrent Cycle 73,540ms
[2021-04-30T10:29:09.283+0300][2402,383s][info ][gc] GC(115887) To-space exhausted
[2021-04-30T10:29:09.283+0300][2402,383s][info ][gc] GC(115887) Pause Young (Normal) (G1 Evacuation Pause) 127M->127M(128M) 1,176ms
[2021-04-30T10:29:09.340+0300][2402,440s][info ][gc] GC(115888) Pause Full (G1 Evacuation Pause) 127M->125M(128M) 56,552ms
[2021-04-30T10:29:09.346+0300][2402,446s][info ][gc] GC(115889) To-space exhausted
[2021-04-30T10:29:09.346+0300][2402,446s][info ][gc] GC(115889) Pause Young (Concurrent Start) (G1 Evacuation Pause) 126M->126M(128M) 1,380ms
[2021-04-30T10:29:09.346+0300][2402,446s][info ][gc] GC(115891) Concurrent Cycle
[2021-04-30T10:29:09.346+0300][2402,446s][debug][gc] GC(115890) Clear Next Bitmap 0,396ms
[2021-04-30T10:29:09.410+0300][2402,510s][info ][gc] GC(115890) Pause Full (G1 Evacuation Pause) 126M->125M(128M) 64,285ms
[2021-04-30T10:29:09.411+0300][2402,511s][info ][gc] GC(115891) Concurrent Cycle 64,812ms
[2021-04-30T10:29:09.417+0300][2402,517s][info ][gc] GC(115892) To-space exhausted
[2021-04-30T10:29:09.417+0300][2402,517s][info ][gc] GC(115892) Pause Young (Normal) (G1 Evacuation Pause) 126M->126M(128M) 1,782ms
[2021-04-30T10:29:09.475+0300][2402,575s][info ][gc] GC(115893) Pause Full (G1 Evacuation Pause) 126M->125M(128M) 58,184ms
[2021-04-30T10:29:09.480+0300][2402,580s][info ][gc] GC(115894) To-space exhausted
[2021-04-30T10:29:09.480+0300][2402,580s][info ][gc] GC(115894) Pause Young (Concurrent Start) (G1 Evacuation Pause) 126M->126M(128M) 1,331ms
[2021-04-30T10:29:09.480+0300][2402,581s][info ][gc] GC(115896) Concurrent Cycle
[2021-04-30T10:29:09.480+0300][2402,581s][debug][gc] GC(115895) Clear Next Bitmap 0,067ms
[2021-04-30T10:29:09.533+0300][2402,633s][info ][gc] GC(115895) Pause Full (G1 Evacuation Pause) 126M->126M(128M) 52,726ms
[2021-04-30T10:29:09.533+0300][2402,633s][info ][gc] GC(115896) Concurrent Cycle 52,856ms
[2021-04-30T10:29:09.536+0300][2402,637s][info ][gc] GC(115897) To-space exhausted
[2021-04-30T10:29:09.536+0300][2402,637s][info ][gc] GC(115897) Pause Young (Normal) (G1 Evacuation Pause) 127M->127M(128M) 0,793ms
[2021-04-30T10:29:09.592+0300][2402,692s][info ][gc] GC(115898) Pause Full (G1 Evacuation Pause) 127M->126M(128M) 55,368ms
[2021-04-30T10:29:09.597+0300][2402,697s][info ][gc] GC(115899) To-space exhausted
[2021-04-30T10:29:09.597+0300][2402,697s][info ][gc] GC(115899) Pause Young (Concurrent Start) (G1 Evacuation Pause) 127M->127M(128M) 0,911ms
[2021-04-30T10:29:09.597+0300][2402,697s][info ][gc] GC(115901) Concurrent Cycle
[2021-04-30T10:29:09.597+0300][2402,697s][debug][gc] GC(115900) Clear Next Bitmap 0,095ms
[2021-04-30T10:29:09.664+0300][2402,764s][info ][gc] GC(115900) Pause Full (G1 Evacuation Pause) 127M->126M(128M) 66,678ms
[2021-04-30T10:29:09.664+0300][2402,764s][info ][gc] GC(115901) Concurrent Cycle 66,815ms
[2021-04-30T10:29:09.667+0300][2402,767s][info ][gc] GC(115902) To-space exhausted
[2021-04-30T10:29:09.667+0300][2402,767s][info ][gc] GC(115902) Pause Young (Normal) (G1 Evacuation Pause) 127M->127M(128M) 1,088ms
[2021-04-30T10:29:09.721+0300][2402,821s][info ][gc] GC(115903) Pause Full (G1 Evacuation Pause) 127M->126M(128M) 54,130ms
[2021-04-30T10:29:09.726+0300][2402,826s][info ][gc] GC(115904) To-space exhausted
[2021-04-30T10:29:09.726+0300][2402,826s][info ][gc] GC(115904) Pause Young (Concurrent Start) (G1 Evacuation Pause) 127M->127M(128M) 1,751ms
[2021-04-30T10:29:09.726+0300][2402,826s][info ][gc] GC(115906) Concurrent Cycle
[2021-04-30T10:29:09.726+0300][2402,826s][debug][gc] GC(115905) Clear Next Bitmap 0,154ms
[2021-04-30T10:29:09.777+0300][2402,878s][info ][gc] GC(115905) Pause Full (G1 Evacuation Pause) 127M->126M(128M) 51,187ms
[2021-04-30T10:29:09.777+0300][2402,878s][info ][gc] GC(115906) Concurrent Cycle 51,345ms
[2021-04-30T10:29:09.780+0300][2402,881s][info ][gc] GC(115907) To-space exhausted
[2021-04-30T10:29:09.780+0300][2402,881s][info ][gc] GC(115907) Pause Young (Normal) (G1 Evacuation Pause) 127M->127M(128M) 1,320ms
[2021-04-30T10:29:09.830+0300][2402,930s][info ][gc] GC(115908) Pause Full (G1 Evacuation Pause) 127M->126M(128M) 49,340ms
[2021-04-30T10:29:09.834+0300][2402,934s][info ][gc] GC(115909) To-space exhausted
[2021-04-30T10:29:09.834+0300][2402,934s][info ][gc] GC(115909) Pause Young (Concurrent Start) (G1 Evacuation Pause) 127M->127M(128M) 1,434ms
[2021-04-30T10:29:09.834+0300][2402,935s][info ][gc] GC(115911) Concurrent Cycle
[2021-04-30T10:29:09.834+0300][2402,935s][debug][gc] GC(115910) Clear Next Bitmap 0,085ms
[2021-04-30T10:29:09.885+0300][2402,985s][info ][gc] GC(115910) Pause Full (G1 Evacuation Pause) 127M->126M(128M) 50,555ms
[2021-04-30T10:29:09.885+0300][2402,985s][info ][gc] GC(115911) Concurrent Cycle 50,760ms
[2021-04-30T10:29:09.887+0300][2402,988s][info ][gc] GC(115912) To-space exhausted
[2021-04-30T10:29:09.887+0300][2402,988s][info ][gc] GC(115912) Pause Young (Normal) (G1 Evacuation Pause) 127M->127M(128M) 0,853ms
[2021-04-30T10:29:09.932+0300][2403,032s][info ][gc] GC(115913) Pause Full (G1 Evacuation Pause) 127M->126M(128M) 44,251ms
[2021-04-30T10:29:09.937+0300][2403,037s][info ][gc] GC(115914) To-space exhausted
[2021-04-30T10:29:09.937+0300][2403,038s][info ][gc] GC(115914) Pause Young (Concurrent Start) (G1 Evacuation Pause) 127M->127M(128M) 1,929ms
[2021-04-30T10:29:09.937+0300][2403,038s][info ][gc] GC(115916) Concurrent Cycle
[2021-04-30T10:29:09.937+0300][2403,038s][debug][gc] GC(115915) Clear Next Bitmap 0,112ms
[2021-04-30T10:29:09.989+0300][2403,089s][info ][gc] GC(115915) Pause Full (G1 Evacuation Pause) 127M->126M(128M) 51,733ms
[2021-04-30T10:29:09.989+0300][2403,090s][info ][gc] GC(115916) Concurrent Cycle 51,999ms
[2021-04-30T10:29:09.992+0300][2403,092s][info ][gc] GC(115917) To-space exhausted
[2021-04-30T10:29:09.992+0300][2403,092s][info ][gc] GC(115917) Pause Young (Normal) (G1 Evacuation Pause) 127M->127M(128M) 1,084ms
[2021-04-30T10:29:10.039+0300][2403,140s][info ][gc] GC(115918) Pause Full (G1 Evacuation Pause) 127M->126M(128M) 47,255ms
[2021-04-30T10:29:10.044+0300][2403,145s][info ][gc] GC(115919) To-space exhausted
[2021-04-30T10:29:10.044+0300][2403,145s][info ][gc] GC(115919) Pause Young (Concurrent Start) (G1 Evacuation Pause) 127M->127M(128M) 1,277ms
[2021-04-30T10:29:10.044+0300][2403,145s][info ][gc] GC(115921) Concurrent Cycle
[2021-04-30T10:29:10.045+0300][2403,145s][debug][gc] GC(115920) Clear Next Bitmap 0,121ms
[2021-04-30T10:29:10.092+0300][2403,192s][info ][gc] GC(115920) Pause Full (G1 Evacuation Pause) 127M->126M(128M) 47,173ms
[2021-04-30T10:29:10.092+0300][2403,192s][info ][gc] GC(115921) Concurrent Cycle 47,382ms
[2021-04-30T10:29:10.095+0300][2403,195s][info ][gc] GC(115922) To-space exhausted
[2021-04-30T10:29:10.095+0300][2403,195s][info ][gc] GC(115922) Pause Young (Normal) (G1 Evacuation Pause) 127M->127M(128M) 1,035ms
[2021-04-30T10:29:10.146+0300][2403,246s][info ][gc] GC(115923) Pause Full (G1 Evacuation Pause) 127M->126M(128M) 51,115ms
[2021-04-30T10:29:10.151+0300][2403,251s][info ][gc] GC(115924) To-space exhausted
[2021-04-30T10:29:10.151+0300][2403,251s][info ][gc] GC(115924) Pause Young (Concurrent Start) (G1 Evacuation Pause) 127M->127M(128M) 1,363ms
[2021-04-30T10:29:10.151+0300][2403,251s][info ][gc] GC(115926) Concurrent Cycle
[2021-04-30T10:29:10.151+0300][2403,251s][debug][gc] GC(115925) Clear Next Bitmap 0,142ms
[2021-04-30T10:29:10.204+0300][2403,304s][info ][gc] GC(115925) Pause Full (G1 Evacuation Pause) 127M->126M(128M) 52,492ms
[2021-04-30T10:29:10.204+0300][2403,304s][info ][gc] GC(115926) Concurrent Cycle 52,740ms
[2021-04-30T10:29:10.207+0300][2403,307s][info ][gc] GC(115927) To-space exhausted
[2021-04-30T10:29:10.207+0300][2403,307s][info ][gc] GC(115927) Pause Young (Normal) (G1 Evacuation Pause) 127M->127M(128M) 1,338ms
[2021-04-30T10:29:10.252+0300][2403,352s][info ][gc] GC(115928) Pause Full (G1 Evacuation Pause) 127M->126M(128M) 45,138ms
[2021-04-30T10:29:10.256+0300][2403,357s][info ][gc] GC(115929) To-space exhausted
[2021-04-30T10:29:10.256+0300][2403,357s][info ][gc] GC(115929) Pause Young (Concurrent Start) (G1 Evacuation Pause) 127M->127M(128M) 0,825ms
[2021-04-30T10:29:10.256+0300][2403,357s][info ][gc] GC(115931) Concurrent Cycle
[2021-04-30T10:29:10.257+0300][2403,357s][debug][gc] GC(115930) Clear Next Bitmap 0,143ms
[2021-04-30T10:29:10.303+0300][2403,404s][info ][gc] GC(115930) Pause Full (G1 Evacuation Pause) 127M->126M(128M) 46,826ms
[2021-04-30T10:29:10.303+0300][2403,404s][info ][gc] GC(115931) Concurrent Cycle 47,070ms
[2021-04-30T10:29:10.306+0300][2403,406s][info ][gc] GC(115932) To-space exhausted
[2021-04-30T10:29:10.306+0300][2403,406s][info ][gc] GC(115932) Pause Young (Normal) (G1 Evacuation Pause) 127M->127M(128M) 0,688ms
[2021-04-30T10:29:10.362+0300][2403,463s][info ][gc] GC(115933) Pause Full (G1 Evacuation Pause) 127M->126M(128M) 56,465ms
[2021-04-30T10:29:10.371+0300][2403,471s][info ][gc] GC(115934) To-space exhausted
[2021-04-30T10:29:10.371+0300][2403,471s][info ][gc] GC(115934) Pause Young (Concurrent Start) (G1 Evacuation Pause) 127M->127M(128M) 4,100ms
[2021-04-30T10:29:10.371+0300][2403,471s][info ][gc] GC(115936) Concurrent Cycle
[2021-04-30T10:29:10.371+0300][2403,472s][debug][gc] GC(115935) Clear Next Bitmap 0,135ms
[2021-04-30T10:29:10.447+0300][2403,547s][info ][gc] GC(115935) Pause Full (G1 Evacuation Pause) 127M->126M(128M) 75,392ms
[2021-04-30T10:29:10.447+0300][2403,547s][info ][gc] GC(115936) Concurrent Cycle 75,708ms
[2021-04-30T10:29:10.450+0300][2403,550s][info ][gc] GC(115937) To-space exhausted
[2021-04-30T10:29:10.450+0300][2403,550s][info ][gc] GC(115937) Pause Young (Normal) (G1 Evacuation Pause) 127M->127M(128M) 1,194ms
[2021-04-30T10:29:10.510+0300][2403,610s][info ][gc] GC(115938) Pause Full (G1 Evacuation Pause) 127M->126M(128M) 59,441ms
[2021-04-30T10:29:10.516+0300][2403,616s][info ][gc] GC(115939) To-space exhausted
[2021-04-30T10:29:10.516+0300][2403,616s][info ][gc] GC(115939) Pause Young (Concurrent Start) (G1 Evacuation Pause) 127M->127M(128M) 1,327ms
[2021-04-30T10:29:10.516+0300][2403,616s][info ][gc] GC(115941) Concurrent Cycle
[2021-04-30T10:29:10.516+0300][2403,616s][debug][gc] GC(115940) Clear Next Bitmap 0,091ms
[2021-04-30T10:29:10.594+0300][2403,695s][info ][gc] GC(115940) Pause Full (G1 Evacuation Pause) 127M->126M(128M) 78,533ms
[2021-04-30T10:29:10.595+0300][2403,695s][info ][gc] GC(115941) Concurrent Cycle 78,927ms
[2021-04-30T10:29:10.598+0300][2403,698s][info ][gc] GC(115942) To-space exhausted
[2021-04-30T10:29:10.598+0300][2403,698s][info ][gc] GC(115942) Pause Young (Normal) (G1 Evacuation Pause) 127M->127M(128M) 1,231ms
[2021-04-30T10:29:10.675+0300][2403,775s][info ][gc] GC(115943) Pause Full (G1 Evacuation Pause) 127M->126M(128M) 76,804ms
[2021-04-30T10:29:10.683+0300][2403,784s][info ][gc] GC(115944) To-space exhausted
[2021-04-30T10:29:10.684+0300][2403,784s][info ][gc] GC(115944) Pause Young (Concurrent Start) (G1 Evacuation Pause) 127M->127M(128M) 1,852ms
[2021-04-30T10:29:10.684+0300][2403,784s][info ][gc] GC(115946) Concurrent Cycle
[2021-04-30T10:29:10.684+0300][2403,784s][debug][gc] GC(115945) Clear Next Bitmap 0,113ms
[2021-04-30T10:29:10.767+0300][2403,867s][info ][gc] GC(115945) Pause Full (G1 Evacuation Pause) 127M->126M(128M) 82,802ms
[2021-04-30T10:29:10.767+0300][2403,867s][info ][gc] GC(115946) Concurrent Cycle 83,143ms
[2021-04-30T10:29:10.770+0300][2403,871s][info ][gc] GC(115947) To-space exhausted
[2021-04-30T10:29:10.770+0300][2403,871s][info ][gc] GC(115947) Pause Young (Normal) (G1 Evacuation Pause) 127M->127M(128M) 1,470ms
[2021-04-30T10:29:10.827+0300][2403,928s][info ][gc] GC(115948) Pause Full (G1 Evacuation Pause) 127M->126M(128M) 56,993ms
[2021-04-30T10:29:10.833+0300][2403,933s][info ][gc] GC(115949) To-space exhausted
[2021-04-30T10:29:10.833+0300][2403,933s][info ][gc] GC(115949) Pause Young (Concurrent Start) (G1 Evacuation Pause) 127M->127M(128M) 1,386ms
[2021-04-30T10:29:10.833+0300][2403,933s][info ][gc] GC(115951) Concurrent Cycle
[2021-04-30T10:29:10.833+0300][2403,933s][debug][gc] GC(115950) Clear Next Bitmap 0,093ms
[2021-04-30T10:29:10.888+0300][2403,988s][info ][gc] GC(115950) Pause Full (G1 Evacuation Pause) 127M->126M(128M) 54,721ms
[2021-04-30T10:29:10.888+0300][2403,988s][info ][gc] GC(115951) Concurrent Cycle 54,982ms
[2021-04-30T10:29:11.593+0300][2404,693s][info ][gc] GC(115952) To-space exhausted
[2021-04-30T10:29:11.593+0300][2404,693s][info ][gc] GC(115952) Pause Young (Normal) (G1 Evacuation Pause) 127M->127M(128M) 1,296ms
[2021-04-30T10:29:11.660+0300][2404,760s][info ][gc] GC(115953) Pause Full (G1 Evacuation Pause) 127M->110M(128M) 66,616ms
[2021-04-30T10:29:12.333+0300][2405,433s][info ][gc] GC(115954) Pause Young (Concurrent Start) (G1 Evacuation Pause) 116M->110M(128M) 1,660ms
[2021-04-30T10:29:12.333+0300][2405,433s][info ][gc] GC(115955) Concurrent Cycle
[2021-04-30T10:29:12.348+0300][2405,448s][info ][gc] GC(115956) Pause Young (Normal) (G1 Evacuation Pause) 115M->110M(128M) 0,711ms
[2021-04-30T10:29:12.357+0300][2405,458s][info ][gc] GC(115955) Pause Remark 114M->114M(128M) 2,134ms
[2021-04-30T10:29:12.360+0300][2405,460s][info ][gc] GC(115957) Pause Young (Normal) (G1 Evacuation Pause) 115M->110M(128M) 0,393ms
[2021-04-30T10:29:12.367+0300][2405,467s][info ][gc] GC(115958) Pause Young (Normal) (G1 Evacuation Pause) 115M->111M(128M) 0,410ms
[2021-04-30T10:29:12.369+0300][2405,469s][info ][gc] GC(115955) Pause Cleanup 111M->111M(128M) 0,059ms
[2021-04-30T10:29:12.369+0300][2405,470s][info ][gc] GC(115955) Concurrent Cycle 36,670ms
[2021-04-30T10:29:12.377+0300][2405,477s][info ][gc] GC(115959) Pause Young (Prepare Mixed) (G1 Evacuation Pause) 116M->111M(128M) 0,509ms
[2021-04-30T10:29:12.388+0300][2405,488s][info ][gc] GC(115960) Pause Young (Mixed) (G1 Evacuation Pause) 116M->105M(128M) 2,581ms
[2021-04-30T10:29:12.399+0300][2405,499s][info ][gc] GC(115961) Pause Young (Mixed) (G1 Evacuation Pause) 110M->99M(128M) 2,475ms
[2021-04-30T10:29:12.409+0300][2405,509s][info ][gc] GC(115962) Pause Young (Mixed) (G1 Evacuation Pause) 104M->93M(128M) 2,875ms
[2021-04-30T10:29:12.422+0300][2405,522s][info ][gc] GC(115963) Pause Young (Mixed) (G1 Evacuation Pause) 98M->87M(128M) 3,573ms
[2021-04-30T10:29:12.432+0300][2405,532s][info ][gc] GC(115964) Pause Young (Mixed) (G1 Evacuation Pause) 92M->86M(128M) 1,265ms
[2021-04-30T10:29:12.468+0300][2405,569s][info ][gc] GC(115965) Pause Young (Normal) (G1 Evacuation Pause) 105M->86M(128M) 0,576ms
[2021-04-30T10:29:12.504+0300][2405,604s][info ][gc] GC(115966) Pause Young (Normal) (G1 Evacuation Pause) 106M->87M(128M) 0,797ms
[2021-04-30T10:29:12.533+0300][2405,634s][info ][gc] GC(115967) Pause Young (Concurrent Start) (G1 Evacuation Pause) 106M->87M(128M) 0,978ms
[2021-04-30T10:29:12.533+0300][2405,634s][info ][gc] GC(115968) Concurrent Cycle
[2021-04-30T10:29:12.549+0300][2405,649s][info ][gc] GC(115968) Pause Remark 93M->93M(128M) 2,302ms
[2021-04-30T10:29:12.560+0300][2405,660s][info ][gc] GC(115968) Pause Cleanup 97M->97M(128M) 0,075ms
[2021-04-30T10:29:12.560+0300][2405,660s][info ][gc] GC(115968) Concurrent Cycle 26,528ms
[2021-04-30T10:29:12.578+0300][2405,679s][info ][gc] GC(115969) Pause Young (Prepare Mixed) (G1 Evacuation Pause) 107M->87M(128M) 0,962ms
[2021-04-30T10:29:12.588+0300][2405,688s][info ][gc] GC(115970) Pause Young (Mixed) (G1 Evacuation Pause) 91M->86M(128M) 1,657ms
[2021-04-30T10:29:12.624+0300][2405,725s][info ][gc] GC(115971) Pause Young (Normal) (G1 Evacuation Pause) 107M->86M(128M) 0,820ms
[2021-04-30T10:29:12.658+0300][2405,759s][info ][gc] GC(115972) Pause Young (Normal) (G1 Evacuation Pause) 107M->86M(128M) 0,650ms
[2021-04-30T10:29:12.692+0300][2405,793s][info ][gc] GC(115973) Pause Young (Concurrent Start) (G1 Evacuation Pause) 107M->87M(128M) 1,044ms
[2021-04-30T10:29:12.693+0300][2405,793s][info ][gc] GC(115974) Concurrent Cycle
[2021-04-30T10:29:12.715+0300][2405,815s][info ][gc] GC(115974) Pause Remark 98M->98M(128M) 3,030ms
[2021-04-30T10:29:12.727+0300][2405,827s][info ][gc] GC(115974) Pause Cleanup 106M->106M(128M) 0,060ms
[2021-04-30T10:29:12.727+0300][2405,828s][info ][gc] GC(115974) Concurrent Cycle 34,676ms
[2021-04-30T10:29:12.731+0300][2405,831s][info ][gc] GC(115975) Pause Young (Normal) (G1 Evacuation Pause) 108M->87M(128M) 1,067ms
[2021-04-30T10:29:12.767+0300][2405,867s][info ][gc] GC(115976) Pause Young (Concurrent Start) (G1 Evacuation Pause) 109M->87M(128M) 1,071ms
[2021-04-30T10:29:12.767+0300][2405,867s][info ][gc] GC(115977) Concurrent Cycle
[2021-04-30T10:29:12.788+0300][2405,888s][info ][gc] GC(115977) Pause Remark 100M->100M(128M) 2,524ms
[2021-04-30T10:29:12.801+0300][2405,901s][info ][gc] GC(115977) Pause Cleanup 107M->107M(128M) 0,140ms
[2021-04-30T10:29:12.801+0300][2405,901s][info ][gc] GC(115977) Concurrent Cycle 33,870ms
[2021-04-30T10:29:12.806+0300][2405,906s][info ][gc] GC(115978) Pause Young (Normal) (G1 Evacuation Pause) 109M->88M(128M) 1,440ms
[2021-04-30T10:29:12.838+0300][2405,939s][info ][gc] GC(115979) Pause Young (Concurrent Start) (G1 Evacuation Pause) 109M->88M(128M) 1,169ms
[2021-04-30T10:29:12.838+0300][2405,939s][info ][gc] GC(115980) Concurrent Cycle
[2021-04-30T10:29:12.861+0300][2405,961s][info ][gc] GC(115980) Pause Remark 100M->100M(128M) 2,274ms
[2021-04-30T10:29:12.874+0300][2405,975s][info ][gc] GC(115980) Pause Cleanup 108M->108M(128M) 0,077ms
[2021-04-30T10:29:12.875+0300][2405,975s][info ][gc] GC(115980) Concurrent Cycle 36,215ms
[2021-04-30T10:29:12.877+0300][2405,977s][info ][gc] GC(115981) Pause Young (Normal) (G1 Evacuation Pause) 109M->88M(128M) 1,217ms
[2021-04-30T10:29:12.911+0300][2406,011s][info ][gc] GC(115982) Pause Young (Concurrent Start) (G1 Evacuation Pause) 109M->89M(128M) 1,078ms
[2021-04-30T10:29:12.911+0300][2406,011s][info ][gc] GC(115983) Concurrent Cycle
[2021-04-30T10:29:12.926+0300][2406,027s][info ][gc] GC(115983) Pause Remark 97M->97M(128M) 2,172ms
[2021-04-30T10:29:12.939+0300][2406,040s][info ][gc] GC(115983) Pause Cleanup 104M->104M(128M) 0,329ms
[2021-04-30T10:29:12.940+0300][2406,040s][info ][gc] GC(115983) Concurrent Cycle 28,787ms
[2021-04-30T10:29:12.951+0300][2406,052s][info ][gc] GC(115984) Pause Young (Normal) (G1 Evacuation Pause) 110M->89M(128M) 0,962ms
[2021-04-30T10:29:12.987+0300][2406,087s][info ][gc] GC(115985) Pause Young (Concurrent Start) (G1 Evacuation Pause) 110M->89M(128M) 0,885ms
[2021-04-30T10:29:12.987+0300][2406,087s][info ][gc] GC(115986) Concurrent Cycle
[2021-04-30T10:29:13.003+0300][2406,103s][info ][gc] GC(115986) Pause Remark 97M->97M(128M) 2,481ms
[2021-04-30T10:29:13.014+0300][2406,114s][info ][gc] GC(115986) Pause Cleanup 104M->104M(128M) 0,067ms
[2021-04-30T10:29:13.014+0300][2406,115s][info ][gc] GC(115986) Concurrent Cycle 27,397ms
[2021-04-30T10:29:13.024+0300][2406,124s][info ][gc] GC(115987) Pause Young (Normal) (G1 Evacuation Pause) 110M->90M(128M) 0,975ms
[2021-04-30T10:29:13.061+0300][2406,161s][info ][gc] GC(115988) Pause Young (Concurrent Start) (G1 Evacuation Pause) 111M->90M(128M) 0,874ms
[2021-04-30T10:29:13.061+0300][2406,161s][info ][gc] GC(115989) Concurrent Cycle
[2021-04-30T10:29:13.081+0300][2406,182s][info ][gc] GC(115989) Pause Remark 103M->103M(128M) 2,204ms
[2021-04-30T10:29:13.095+0300][2406,195s][info ][gc] GC(115989) Pause Cleanup 111M->111M(128M) 0,171ms
[2021-04-30T10:29:13.095+0300][2406,195s][info ][gc] GC(115989) Concurrent Cycle 34,189ms
[2021-04-30T10:29:13.098+0300][2406,198s][info ][gc] GC(115990) Pause Young (Normal) (G1 Evacuation Pause) 111M->91M(128M) 1,418ms
[2021-04-30T10:29:13.130+0300][2406,230s][info ][gc] GC(115991) Pause Young (Concurrent Start) (G1 Evacuation Pause) 111M->91M(128M) 1,130ms
[2021-04-30T10:29:13.130+0300][2406,230s][info ][gc] GC(115992) Concurrent Cycle
[2021-04-30T10:29:13.152+0300][2406,252s][info ][gc] GC(115992) Pause Remark 104M->104M(128M) 2,971ms
[2021-04-30T10:29:13.164+0300][2406,264s][info ][gc] GC(115993) Pause Young (Normal) (G1 Evacuation Pause) 111M->91M(128M) 1,078ms
[2021-04-30T10:29:13.166+0300][2406,266s][info ][gc] GC(115992) Pause Cleanup 92M->92M(128M) 0,068ms
[2021-04-30T10:29:13.166+0300][2406,266s][info ][gc] GC(115992) Concurrent Cycle 35,660ms
[2021-04-30T10:29:13.196+0300][2406,297s][info ][gc] GC(115994) Pause Young (Normal) (G1 Evacuation Pause) 111M->92M(128M) 0,801ms
[2021-04-30T10:29:13.227+0300][2406,327s][info ][gc] GC(115995) Pause Young (Concurrent Start) (G1 Evacuation Pause) 111M->92M(128M) 1,488ms
[2021-04-30T10:29:13.227+0300][2406,327s][info ][gc] GC(115996) Concurrent Cycle
[2021-04-30T10:29:13.252+0300][2406,352s][info ][gc] GC(115996) Pause Remark 103M->103M(128M) 2,425ms
[2021-04-30T10:29:13.266+0300][2406,366s][info ][gc] GC(115996) Pause Cleanup 108M->108M(128M) 0,117ms
[2021-04-30T10:29:13.266+0300][2406,366s][info ][gc] GC(115996) Concurrent Cycle 39,089ms
[2021-04-30T10:29:13.273+0300][2406,373s][info ][gc] GC(115997) Pause Young (Normal) (G1 Evacuation Pause) 111M->92M(128M) 1,034ms
[2021-04-30T10:29:13.306+0300][2406,407s][info ][gc] GC(115998) Pause Young (Concurrent Start) (G1 Evacuation Pause) 111M->93M(128M) 1,043ms
[2021-04-30T10:29:13.306+0300][2406,407s][info ][gc] GC(115999) Concurrent Cycle
[2021-04-30T10:29:13.336+0300][2406,436s][info ][gc] GC(115999) Pause Remark 107M->107M(128M) 5,253ms
[2021-04-30T10:29:13.346+0300][2406,446s][info ][gc] GC(116000) Pause Young (Normal) (G1 Evacuation Pause) 112M->93M(128M) 0,982ms
[2021-04-30T10:29:13.354+0300][2406,454s][info ][gc] GC(115999) Pause Cleanup 97M->97M(128M) 0,163ms
[2021-04-30T10:29:13.354+0300][2406,454s][info ][gc] GC(115999) Concurrent Cycle 47,376ms
[2021-04-30T10:29:13.386+0300][2406,486s][info ][gc] GC(116001) Pause Young (Normal) (G1 Evacuation Pause) 112M->93M(128M) 0,977ms
[2021-04-30T10:29:13.417+0300][2406,517s][info ][gc] GC(116002) Pause Young (Concurrent Start) (G1 Evacuation Pause) 111M->94M(128M) 0,950ms
[2021-04-30T10:29:13.417+0300][2406,517s][info ][gc] GC(116003) Concurrent Cycle
[2021-04-30T10:29:13.443+0300][2406,543s][info ][gc] GC(116003) Pause Remark 103M->103M(128M) 4,185ms
[2021-04-30T10:29:13.460+0300][2406,560s][info ][gc] GC(116004) Pause Young (Normal) (G1 Evacuation Pause) 112M->94M(128M) 1,113ms
[2021-04-30T10:29:13.460+0300][2406,561s][info ][gc] GC(116003) Pause Cleanup 94M->94M(128M) 0,270ms
[2021-04-30T10:29:13.460+0300][2406,561s][info ][gc] GC(116003) Concurrent Cycle 43,252ms
[2021-04-30T10:29:13.506+0300][2406,606s][info ][gc] GC(116005) Pause Young (Normal) (G1 Evacuation Pause) 112M->94M(128M) 0,702ms
[2021-04-30T10:29:13.550+0300][2406,651s][info ][gc] GC(116006) Pause Young (Concurrent Start) (G1 Evacuation Pause) 111M->95M(128M) 1,540ms
[2021-04-30T10:29:13.551+0300][2406,651s][info ][gc] GC(116007) Concurrent Cycle
[2021-04-30T10:29:13.573+0300][2406,674s][info ][gc] GC(116007) Pause Remark 105M->105M(128M) 3,175ms
[2021-04-30T10:29:13.587+0300][2406,687s][info ][gc] GC(116008) Pause Young (Normal) (G1 Evacuation Pause) 112M->95M(128M) 0,908ms
[2021-04-30T10:29:13.589+0300][2406,690s][info ][gc] GC(116007) Pause Cleanup 95M->95M(128M) 0,091ms
[2021-04-30T10:29:13.590+0300][2406,690s][info ][gc] GC(116007) Concurrent Cycle 39,238ms
[2021-04-30T10:29:13.622+0300][2406,722s][info ][gc] GC(116009) Pause Young (Normal) (G1 Evacuation Pause) 112M->95M(128M) 0,964ms
[2021-04-30T10:29:13.657+0300][2406,757s][info ][gc] GC(116010) Pause Young (Concurrent Start) (G1 Evacuation Pause) 112M->96M(128M) 1,961ms
[2021-04-30T10:29:13.657+0300][2406,757s][info ][gc] GC(116011) Concurrent Cycle
[2021-04-30T10:29:13.678+0300][2406,778s][info ][gc] GC(116011) Pause Remark 105M->105M(128M) 2,425ms
[2021-04-30T10:29:13.694+0300][2406,794s][info ][gc] GC(116012) Pause Young (Normal) (G1 Evacuation Pause) 112M->96M(128M) 1,264ms
[2021-04-30T10:29:13.698+0300][2406,798s][info ][gc] GC(116011) Pause Cleanup 98M->98M(128M) 0,134ms
[2021-04-30T10:29:13.698+0300][2406,798s][info ][gc] GC(116011) Concurrent Cycle 41,204ms
[2021-04-30T10:29:13.722+0300][2406,822s][info ][gc] GC(116013) Pause Young (Normal) (G1 Evacuation Pause) 112M->96M(128M) 1,143ms
[2021-04-30T10:29:13.752+0300][2406,852s][info ][gc] GC(116014) Pause Young (Concurrent Start) (G1 Evacuation Pause) 112M->96M(128M) 0,964ms
[2021-04-30T10:29:13.752+0300][2406,852s][info ][gc] GC(116015) Concurrent Cycle
[2021-04-30T10:29:13.772+0300][2406,872s][info ][gc] GC(116015) Pause Remark 106M->106M(128M) 3,406ms
[2021-04-30T10:29:13.785+0300][2406,885s][info ][gc] GC(116016) Pause Young (Normal) (G1 Evacuation Pause) 111M->97M(128M) 1,685ms
[2021-04-30T10:29:13.789+0300][2406,890s][info ][gc] GC(116015) Pause Cleanup 100M->100M(128M) 0,128ms
[2021-04-30T10:29:13.790+0300][2406,890s][info ][gc] GC(116015) Concurrent Cycle 37,539ms
[2021-04-30T10:29:13.813+0300][2406,914s][info ][gc] GC(116017) Pause Young (Normal) (G1 Evacuation Pause) 112M->97M(128M) 1,015ms
[2021-04-30T10:29:13.841+0300][2406,941s][info ][gc] GC(116018) Pause Young (Concurrent Start) (G1 Evacuation Pause) 112M->97M(128M) 0,863ms
[2021-04-30T10:29:13.841+0300][2406,941s][info ][gc] GC(116019) Concurrent Cycle
[2021-04-30T10:29:13.865+0300][2406,965s][info ][gc] GC(116019) Pause Remark 107M->107M(128M) 4,068ms
[2021-04-30T10:29:13.874+0300][2406,974s][info ][gc] GC(116020) Pause Young (Normal) (G1 Evacuation Pause) 112M->97M(128M) 0,815ms
[2021-04-30T10:29:13.879+0300][2406,979s][info ][gc] GC(116019) Pause Cleanup 100M->100M(128M) 0,079ms
[2021-04-30T10:29:13.879+0300][2406,980s][info ][gc] GC(116019) Concurrent Cycle 38,552ms
[2021-04-30T10:29:13.898+0300][2406,998s][info ][gc] GC(116021) Pause Young (Normal) (G1 Evacuation Pause) 111M->98M(128M) 0,643ms
[2021-04-30T10:29:13.924+0300][2407,024s][info ][gc] GC(116022) Pause Young (Concurrent Start) (G1 Evacuation Pause) 112M->98M(128M) 0,753ms
[2021-04-30T10:29:13.924+0300][2407,025s][info ][gc] GC(116023) Concurrent Cycle
[2021-04-30T10:29:13.948+0300][2407,048s][info ][gc] GC(116023) Pause Remark 106M->106M(128M) 3,846ms
[2021-04-30T10:29:13.960+0300][2407,061s][info ][gc] GC(116024) Pause Young (Normal) (G1 Evacuation Pause) 111M->98M(128M) 0,840ms
[2021-04-30T10:29:13.965+0300][2407,065s][info ][gc] GC(116023) Pause Cleanup 99M->99M(128M) 0,127ms
[2021-04-30T10:29:13.965+0300][2407,065s][info ][gc] GC(116023) Concurrent Cycle 40,639ms
[2021-04-30T10:29:13.984+0300][2407,084s][info ][gc] GC(116025) Pause Young (Normal) (G1 Evacuation Pause) 111M->98M(128M) 1,053ms
[2021-04-30T10:29:14.006+0300][2407,106s][info ][gc] GC(116026) Pause Young (Concurrent Start) (G1 Evacuation Pause) 111M->99M(128M) 1,116ms
[2021-04-30T10:29:14.006+0300][2407,106s][info ][gc] GC(116027) Concurrent Cycle
[2021-04-30T10:29:14.025+0300][2407,125s][info ][gc] GC(116027) Pause Remark 106M->106M(128M) 2,051ms
[2021-04-30T10:29:14.038+0300][2407,138s][info ][gc] GC(116027) Pause Cleanup 111M->111M(128M) 0,075ms
[2021-04-30T10:29:14.038+0300][2407,138s][info ][gc] GC(116027) Concurrent Cycle 31,987ms
[2021-04-30T10:29:14.040+0300][2407,140s][info ][gc] GC(116028) Pause Young (Normal) (G1 Evacuation Pause) 112M->99M(128M) 0,754ms
[2021-04-30T10:29:14.060+0300][2407,160s][info ][gc] GC(116029) Pause Young (Concurrent Start) (G1 Evacuation Pause) 111M->99M(128M) 0,684ms
[2021-04-30T10:29:14.060+0300][2407,160s][info ][gc] GC(116030) Concurrent Cycle
[2021-04-30T10:29:14.084+0300][2407,185s][info ][gc] GC(116030) Pause Remark 108M->108M(128M) 2,164ms
[2021-04-30T10:29:14.094+0300][2407,194s][info ][gc] GC(116031) Pause Young (Normal) (G1 Evacuation Pause) 111M->99M(128M) 1,509ms
[2021-04-30T10:29:14.101+0300][2407,202s][info ][gc] GC(116030) Pause Cleanup 103M->103M(128M) 0,127ms
[2021-04-30T10:29:14.102+0300][2407,202s][info ][gc] GC(116030) Concurrent Cycle 41,623ms
[2021-04-30T10:29:14.119+0300][2407,219s][info ][gc] GC(116032) Pause Young (Normal) (G1 Evacuation Pause) 111M->99M(128M) 0,775ms
[2021-04-30T10:29:14.143+0300][2407,243s][info ][gc] GC(116033) Pause Young (Concurrent Start) (G1 Evacuation Pause) 111M->100M(128M) 2,392ms
[2021-04-30T10:29:14.143+0300][2407,243s][info ][gc] GC(116034) Concurrent Cycle
[2021-04-30T10:29:14.168+0300][2407,268s][info ][gc] GC(116034) Pause Remark 110M->110M(128M) 3,393ms
[2021-04-30T10:29:14.171+0300][2407,271s][info ][gc] GC(116035) Pause Young (Normal) (G1 Evacuation Pause) 111M->100M(128M) 0,901ms
[2021-04-30T10:29:14.182+0300][2407,282s][info ][gc] GC(116034) Pause Cleanup 106M->106M(128M) 0,167ms
[2021-04-30T10:29:14.182+0300][2407,282s][info ][gc] GC(116034) Concurrent Cycle 39,418ms
[2021-04-30T10:29:14.192+0300][2407,292s][info ][gc] GC(116036) Pause Young (Normal) (G1 Evacuation Pause) 111M->100M(128M) 0,576ms
[2021-04-30T10:29:14.210+0300][2407,310s][info ][gc] GC(116037) Pause Young (Concurrent Start) (G1 Evacuation Pause) 111M->100M(128M) 0,985ms
[2021-04-30T10:29:14.210+0300][2407,310s][info ][gc] GC(116038) Concurrent Cycle
[2021-04-30T10:29:14.240+0300][2407,341s][info ][gc] GC(116038) Pause Remark 110M->110M(128M) 4,681ms
[2021-04-30T10:29:14.243+0300][2407,344s][info ][gc] GC(116039) Pause Young (Normal) (G1 Evacuation Pause) 111M->100M(128M) 0,919ms
[2021-04-30T10:29:14.266+0300][2407,366s][info ][gc] GC(116040) Pause Young (Normal) (G1 Evacuation Pause) 111M->101M(128M) 1,303ms
[2021-04-30T10:29:14.269+0300][2407,369s][info ][gc] GC(116038) Pause Cleanup 102M->102M(128M) 0,187ms
[2021-04-30T10:29:14.270+0300][2407,370s][info ][gc] GC(116038) Concurrent Cycle 59,838ms
[2021-04-30T10:29:14.291+0300][2407,391s][info ][gc] GC(116041) Pause Young (Normal) (G1 Evacuation Pause) 112M->101M(128M) 1,128ms
[2021-04-30T10:29:14.310+0300][2407,411s][info ][gc] GC(116042) Pause Young (Concurrent Start) (G1 Evacuation Pause) 111M->101M(128M) 0,779ms
[2021-04-30T10:29:14.311+0300][2407,411s][info ][gc] GC(116043) Concurrent Cycle
[2021-04-30T10:29:14.333+0300][2407,433s][info ][gc] GC(116044) Pause Young (Normal) (G1 Evacuation Pause) 111M->101M(128M) 1,571ms
[2021-04-30T10:29:14.342+0300][2407,442s][info ][gc] GC(116043) Pause Remark 104M->104M(128M) 3,063ms
[2021-04-30T10:29:14.358+0300][2407,459s][info ][gc] GC(116045) Pause Young (Normal) (G1 Evacuation Pause) 111M->101M(128M) 0,573ms
[2021-04-30T10:29:14.359+0300][2407,460s][info ][gc] GC(116043) Pause Cleanup 102M->102M(128M) 0,085ms
[2021-04-30T10:29:14.359+0300][2407,460s][info ][gc] GC(116043) Concurrent Cycle 48,943ms
[2021-04-30T10:29:14.381+0300][2407,481s][info ][gc] GC(116046) Pause Young (Normal) (G1 Evacuation Pause) 111M->101M(128M) 1,009ms
[2021-04-30T10:29:14.403+0300][2407,503s][info ][gc] GC(116047) Pause Young (Concurrent Start) (G1 Evacuation Pause) 111M->102M(128M) 1,762ms
[2021-04-30T10:29:14.403+0300][2407,503s][info ][gc] GC(116048) Concurrent Cycle
[2021-04-30T10:29:14.425+0300][2407,525s][info ][gc] GC(116049) Pause Young (Normal) (G1 Evacuation Pause) 111M->102M(128M) 1,362ms
[2021-04-30T10:29:14.442+0300][2407,543s][info ][gc] GC(116048) Pause Remark 108M->108M(128M) 2,968ms
[2021-04-30T10:29:14.452+0300][2407,552s][info ][gc] GC(116050) Pause Young (Normal) (G1 Evacuation Pause) 111M->102M(128M) 1,569ms
[2021-04-30T10:29:14.462+0300][2407,562s][info ][gc] GC(116048) Pause Cleanup 106M->106M(128M) 0,082ms
[2021-04-30T10:29:14.462+0300][2407,562s][info ][gc] GC(116048) Concurrent Cycle 58,820ms
[2021-04-30T10:29:14.473+0300][2407,574s][info ][gc] GC(116051) Pause Young (Normal) (G1 Evacuation Pause) 111M->102M(128M) 1,342ms
[2021-04-30T10:29:14.494+0300][2407,595s][info ][gc] GC(116052) Pause Young (Concurrent Start) (G1 Evacuation Pause) 111M->102M(128M) 0,794ms
[2021-04-30T10:29:14.495+0300][2407,595s][info ][gc] GC(116053) Concurrent Cycle
[2021-04-30T10:29:14.514+0300][2407,614s][info ][gc] GC(116054) Pause Young (Normal) (G1 Evacuation Pause) 111M->102M(128M) 0,863ms
[2021-04-30T10:29:14.517+0300][2407,618s][info ][gc] GC(116053) Pause Remark 103M->103M(128M) 2,803ms
[2021-04-30T10:29:14.529+0300][2407,630s][info ][gc] GC(116053) Pause Cleanup 109M->109M(128M) 0,118ms
[2021-04-30T10:29:14.530+0300][2407,630s][info ][gc] GC(116053) Concurrent Cycle 35,127ms
[2021-04-30T10:29:14.537+0300][2407,637s][info ][gc] GC(116055) Pause Young (Normal) (G1 Evacuation Pause) 111M->103M(128M) 0,677ms
[2021-04-30T10:29:14.562+0300][2407,663s][info ][gc] GC(116056) Pause Young (Concurrent Start) (G1 Evacuation Pause) 112M->103M(128M) 0,862ms
[2021-04-30T10:29:14.562+0300][2407,663s][info ][gc] GC(116057) Concurrent Cycle
[2021-04-30T10:29:14.578+0300][2407,679s][info ][gc] GC(116058) Pause Young (Normal) (G1 Evacuation Pause) 111M->103M(128M) 1,129ms
[2021-04-30T10:29:14.588+0300][2407,688s][info ][gc] GC(116057) Pause Remark 108M->108M(128M) 2,423ms
[2021-04-30T10:29:14.596+0300][2407,696s][info ][gc] GC(116059) Pause Young (Normal) (G1 Evacuation Pause) 111M->103M(128M) 0,713ms
[2021-04-30T10:29:14.603+0300][2407,703s][info ][gc] GC(116057) Pause Cleanup 107M->107M(128M) 0,067ms
[2021-04-30T10:29:14.603+0300][2407,704s][info ][gc] GC(116057) Concurrent Cycle 40,869ms
[2021-04-30T10:29:14.610+0300][2407,710s][info ][gc] GC(116060) Pause Young (Normal) (G1 Evacuation Pause) 111M->103M(128M) 0,654ms
[2021-04-30T10:29:14.626+0300][2407,726s][info ][gc] GC(116061) Pause Young (Concurrent Start) (G1 Evacuation Pause) 111M->103M(128M) 0,845ms
[2021-04-30T10:29:14.626+0300][2407,726s][info ][gc] GC(116062) Concurrent Cycle
[2021-04-30T10:29:14.646+0300][2407,746s][info ][gc] GC(116063) Pause Young (Normal) (G1 Evacuation Pause) 111M->103M(128M) 0,748ms
[2021-04-30T10:29:14.652+0300][2407,752s][info ][gc] GC(116062) Pause Remark 105M->105M(128M) 2,055ms
[2021-04-30T10:29:14.665+0300][2407,765s][info ][gc] GC(116064) Pause Young (Normal) (G1 Evacuation Pause) 111M->104M(128M) 0,533ms
[2021-04-30T10:29:14.668+0300][2407,768s][info ][gc] GC(116062) Pause Cleanup 106M->106M(128M) 0,075ms
[2021-04-30T10:29:14.668+0300][2407,768s][info ][gc] GC(116062) Concurrent Cycle 42,264ms
[2021-04-30T10:29:14.679+0300][2407,779s][info ][gc] GC(116065) Pause Young (Normal) (G1 Evacuation Pause) 112M->104M(128M) 0,492ms
[2021-04-30T10:29:14.691+0300][2407,792s][info ][gc] GC(116066) Pause Young (Concurrent Start) (G1 Evacuation Pause) 111M->104M(128M) 0,647ms
[2021-04-30T10:29:14.691+0300][2407,792s][info ][gc] GC(116067) Concurrent Cycle
[2021-04-30T10:29:14.704+0300][2407,804s][info ][gc] GC(116068) Pause Young (Normal) (G1 Evacuation Pause) 111M->104M(128M) 0,825ms
[2021-04-30T10:29:14.717+0300][2407,817s][info ][gc] GC(116067) Pause Remark 109M->109M(128M) 2,441ms
[2021-04-30T10:29:14.720+0300][2407,820s][info ][gc] GC(116069) Pause Young (Normal) (G1 Evacuation Pause) 111M->104M(128M) 0,557ms
[2021-04-30T10:29:14.731+0300][2407,831s][info ][gc] GC(116067) Pause Cleanup 110M->110M(128M) 0,164ms
[2021-04-30T10:29:14.731+0300][2407,831s][info ][gc] GC(116067) Concurrent Cycle 39,450ms
[2021-04-30T10:29:14.733+0300][2407,833s][info ][gc] GC(116070) Pause Young (Normal) (G1 Evacuation Pause) 111M->104M(128M) 0,691ms
[2021-04-30T10:29:14.746+0300][2407,846s][info ][gc] GC(116071) Pause Young (Concurrent Start) (G1 Evacuation Pause) 111M->104M(128M) 0,831ms
[2021-04-30T10:29:14.746+0300][2407,846s][info ][gc] GC(116072) Concurrent Cycle
[2021-04-30T10:29:14.759+0300][2407,859s][info ][gc] GC(116073) Pause Young (Normal) (G1 Evacuation Pause) 111M->104M(128M) 0,840ms
[2021-04-30T10:29:14.766+0300][2407,866s][info ][gc] GC(116072) Pause Remark 107M->107M(128M) 2,668ms
[2021-04-30T10:29:14.775+0300][2407,875s][info ][gc] GC(116074) Pause Young (Normal) (G1 Evacuation Pause) 111M->105M(128M) 0,905ms
[2021-04-30T10:29:14.779+0300][2407,879s][info ][gc] GC(116072) Pause Cleanup 107M->107M(128M) 0,206ms
[2021-04-30T10:29:14.779+0300][2407,879s][info ][gc] GC(116072) Concurrent Cycle 33,118ms
[2021-04-30T10:29:14.787+0300][2407,888s][info ][gc] GC(116075) Pause Young (Normal) (G1 Evacuation Pause) 112M->105M(128M) 0,803ms
[2021-04-30T10:29:14.800+0300][2407,900s][info ][gc] GC(116076) Pause Young (Concurrent Start) (G1 Evacuation Pause) 112M->105M(128M) 1,044ms
[2021-04-30T10:29:14.800+0300][2407,900s][info ][gc] GC(116077) Concurrent Cycle
[2021-04-30T10:29:14.812+0300][2407,912s][info ][gc] GC(116078) Pause Young (Normal) (G1 Evacuation Pause) 111M->105M(128M) 1,212ms
[2021-04-30T10:29:14.819+0300][2407,919s][info ][gc] GC(116077) Pause Remark 108M->108M(128M) 2,479ms
[2021-04-30T10:29:14.828+0300][2407,928s][info ][gc] GC(116079) Pause Young (Normal) (G1 Evacuation Pause) 113M->105M(128M) 0,488ms
[2021-04-30T10:29:14.831+0300][2407,932s][info ][gc] GC(116077) Pause Cleanup 107M->107M(128M) 0,226ms
[2021-04-30T10:29:14.832+0300][2407,932s][info ][gc] GC(116077) Concurrent Cycle 31,727ms
[2021-04-30T10:29:14.841+0300][2407,941s][info ][gc] GC(116080) Pause Young (Normal) (G1 Evacuation Pause) 112M->105M(128M) 0,569ms
[2021-04-30T10:29:14.852+0300][2407,953s][info ][gc] GC(116081) Pause Young (Concurrent Start) (G1 Evacuation Pause) 112M->105M(128M) 0,668ms
[2021-04-30T10:29:14.852+0300][2407,953s][info ][gc] GC(116082) Concurrent Cycle
[2021-04-30T10:29:14.864+0300][2407,964s][info ][gc] GC(116083) Pause Young (Normal) (G1 Evacuation Pause) 111M->105M(128M) 0,656ms
[2021-04-30T10:29:14.871+0300][2407,971s][info ][gc] GC(116082) Pause Remark 108M->108M(128M) 2,223ms
[2021-04-30T10:29:14.876+0300][2407,976s][info ][gc] GC(116084) Pause Young (Normal) (G1 Evacuation Pause) 111M->105M(128M) 0,352ms
[2021-04-30T10:29:14.884+0300][2407,985s][info ][gc] GC(116082) Pause Cleanup 110M->110M(128M) 0,140ms
[2021-04-30T10:29:14.885+0300][2407,985s][info ][gc] GC(116082) Concurrent Cycle 32,137ms
[2021-04-30T10:29:14.888+0300][2407,988s][info ][gc] GC(116085) Pause Young (Normal) (G1 Evacuation Pause) 111M->106M(128M) 0,865ms
[2021-04-30T10:29:14.900+0300][2408,000s][info ][gc] GC(116086) Pause Young (Concurrent Start) (G1 Evacuation Pause) 112M->106M(128M) 1,158ms
[2021-04-30T10:29:14.900+0300][2408,000s][info ][gc] GC(116087) Concurrent Cycle
[2021-04-30T10:29:14.916+0300][2408,016s][info ][gc] GC(116088) Pause Young (Normal) (G1 Evacuation Pause) 112M->106M(128M) 0,485ms
[2021-04-30T10:29:14.922+0300][2408,022s][info ][gc] GC(116087) Pause Remark 108M->108M(128M) 2,084ms
[2021-04-30T10:29:14.931+0300][2408,032s][info ][gc] GC(116089) Pause Young (Normal) (G1 Evacuation Pause) 112M->106M(128M) 0,450ms
[2021-04-30T10:29:14.938+0300][2408,038s][info ][gc] GC(116087) Pause Cleanup 108M->108M(128M) 0,137ms
[2021-04-30T10:29:14.938+0300][2408,038s][info ][gc] GC(116087) Concurrent Cycle 37,676ms
[2021-04-30T10:29:14.944+0300][2408,044s][info ][gc] GC(116090) Pause Young (Normal) (G1 Evacuation Pause) 112M->106M(128M) 0,425ms
[2021-04-30T10:29:14.955+0300][2408,055s][info ][gc] GC(116091) Pause Young (Concurrent Start) (G1 Evacuation Pause) 112M->106M(128M) 0,686ms
[2021-04-30T10:29:14.955+0300][2408,055s][info ][gc] GC(116092) Concurrent Cycle
[2021-04-30T10:29:14.966+0300][2408,066s][info ][gc] GC(116093) Pause Young (Normal) (G1 Evacuation Pause) 112M->106M(128M) 0,612ms
[2021-04-30T10:29:14.975+0300][2408,075s][info ][gc] GC(116092) Pause Remark 109M->109M(128M) 2,020ms
[2021-04-30T10:29:14.978+0300][2408,079s][info ][gc] GC(116094) Pause Young (Normal) (G1 Evacuation Pause) 111M->106M(128M) 0,361ms
[2021-04-30T10:29:14.988+0300][2408,088s][info ][gc] GC(116095) Pause Young (Normal) (G1 Evacuation Pause) 111M->106M(128M) 0,515ms
[2021-04-30T10:29:14.988+0300][2408,088s][info ][gc] GC(116092) Pause Cleanup 107M->107M(128M) 0,081ms
[2021-04-30T10:29:14.988+0300][2408,089s][info ][gc] GC(116092) Concurrent Cycle 33,552ms
[2021-04-30T10:29:14.995+0300][2408,096s][info ][gc] GC(116096) Pause Young (Normal) (G1 Evacuation Pause) 111M->106M(128M) 0,544ms
[2021-04-30T10:29:15.005+0300][2408,105s][info ][gc] GC(116097) Pause Young (Concurrent Start) (G1 Evacuation Pause) 111M->107M(128M) 0,805ms
[2021-04-30T10:29:15.005+0300][2408,105s][info ][gc] GC(116098) Concurrent Cycle
[2021-04-30T10:29:15.016+0300][2408,117s][info ][gc] GC(116099) Pause Young (Normal) (G1 Evacuation Pause) 112M->107M(128M) 0,704ms
[2021-04-30T10:29:15.025+0300][2408,125s][info ][gc] GC(116098) Pause Remark 111M->111M(128M) 2,397ms
[2021-04-30T10:29:15.028+0300][2408,128s][info ][gc] GC(116100) Pause Young (Normal) (G1 Evacuation Pause) 112M->107M(128M) 0,333ms
[2021-04-30T10:29:15.035+0300][2408,136s][info ][gc] GC(116101) Pause Young (Normal) (G1 Evacuation Pause) 112M->107M(128M) 0,356ms
[2021-04-30T10:29:15.039+0300][2408,139s][info ][gc] GC(116098) Pause Cleanup 109M->109M(128M) 0,475ms
[2021-04-30T10:29:15.039+0300][2408,140s][info ][gc] GC(116098) Concurrent Cycle 34,305ms
[2021-04-30T10:29:15.046+0300][2408,146s][info ][gc] GC(116102) Pause Young (Normal) (G1 Evacuation Pause) 112M->107M(128M) 0,608ms
[2021-04-30T10:29:15.055+0300][2408,155s][info ][gc] GC(116103) Pause Young (Concurrent Start) (G1 Evacuation Pause) 112M->107M(128M) 1,028ms
[2021-04-30T10:29:15.055+0300][2408,156s][info ][gc] GC(116104) Concurrent Cycle
[2021-04-30T10:29:15.067+0300][2408,167s][info ][gc] GC(116105) Pause Young (Normal) (G1 Evacuation Pause) 112M->107M(128M) 0,716ms
[2021-04-30T10:29:15.078+0300][2408,178s][info ][gc] GC(116104) Pause Remark 110M->110M(128M) 2,763ms
[2021-04-30T10:29:15.083+0300][2408,183s][info ][gc] GC(116106) Pause Young (Normal) (G1 Evacuation Pause) 112M->107M(128M) 0,689ms
[2021-04-30T10:29:15.092+0300][2408,192s][info ][gc] GC(116104) Pause Cleanup 111M->111M(128M) 0,151ms
[2021-04-30T10:29:15.092+0300][2408,192s][info ][gc] GC(116104) Concurrent Cycle 36,828ms
[2021-04-30T10:29:15.094+0300][2408,194s][info ][gc] GC(116107) Pause Young (Normal) (G1 Evacuation Pause) 112M->107M(128M) 0,462ms
[2021-04-30T10:29:15.104+0300][2408,204s][info ][gc] GC(116108) Pause Young (Concurrent Start) (G1 Evacuation Pause) 112M->107M(128M) 0,629ms
[2021-04-30T10:29:15.104+0300][2408,204s][info ][gc] GC(116109) Concurrent Cycle
[2021-04-30T10:29:15.112+0300][2408,212s][info ][gc] GC(116110) Pause Young (Normal) (G1 Evacuation Pause) 112M->107M(128M) 0,611ms
[2021-04-30T10:29:15.124+0300][2408,224s][info ][gc] GC(116109) Pause Remark 112M->112M(128M) 3,020ms
[2021-04-30T10:29:15.125+0300][2408,225s][info ][gc] GC(116111) Pause Young (Normal) (G1 Evacuation Pause) 112M->108M(128M) 0,759ms
[2021-04-30T10:29:15.135+0300][2408,235s][info ][gc] GC(116112) Pause Young (Normal) (G1 Evacuation Pause) 113M->108M(128M) 0,507ms
[2021-04-30T10:29:15.138+0300][2408,238s][info ][gc] GC(116109) Pause Cleanup 110M->110M(128M) 0,115ms
[2021-04-30T10:29:15.138+0300][2408,238s][info ][gc] GC(116109) Concurrent Cycle 34,274ms
[2021-04-30T10:29:15.145+0300][2408,245s][info ][gc] GC(116113) Pause Young (Normal) (G1 Evacuation Pause) 113M->108M(128M) 0,919ms
[2021-04-30T10:29:15.153+0300][2408,253s][info ][gc] GC(116114) Pause Young (Concurrent Start) (G1 Evacuation Pause) 113M->108M(128M) 0,898ms
[2021-04-30T10:29:15.153+0300][2408,253s][info ][gc] GC(116115) Concurrent Cycle
[2021-04-30T10:29:15.162+0300][2408,263s][info ][gc] GC(116116) Pause Young (Normal) (G1 Evacuation Pause) 113M->108M(128M) 0,799ms
[2021-04-30T10:29:15.174+0300][2408,274s][info ][gc] GC(116115) Pause Remark 112M->112M(128M) 3,046ms
[2021-04-30T10:29:15.176+0300][2408,277s][info ][gc] GC(116117) Pause Young (Normal) (G1 Evacuation Pause) 113M->108M(128M) 0,487ms
[2021-04-30T10:29:15.184+0300][2408,284s][info ][gc] GC(116118) Pause Young (Normal) (G1 Evacuation Pause) 113M->108M(128M) 0,551ms
[2021-04-30T10:29:15.188+0300][2408,288s][info ][gc] GC(116115) Pause Cleanup 109M->109M(128M) 0,119ms
[2021-04-30T10:29:15.188+0300][2408,288s][info ][gc] GC(116115) Concurrent Cycle 34,961ms
[2021-04-30T10:29:15.194+0300][2408,294s][info ][gc] GC(116119) Pause Young (Normal) (G1 Evacuation Pause) 113M->108M(128M) 0,725ms
[2021-04-30T10:29:15.204+0300][2408,304s][info ][gc] GC(116120) Pause Young (Concurrent Start) (G1 Evacuation Pause) 113M->108M(128M) 0,931ms
[2021-04-30T10:29:15.204+0300][2408,304s][info ][gc] GC(116121) Concurrent Cycle
[2021-04-30T10:29:15.215+0300][2408,315s][info ][gc] GC(116122) Pause Young (Normal) (G1 Evacuation Pause) 113M->108M(128M) 0,999ms
[2021-04-30T10:29:15.223+0300][2408,324s][info ][gc] GC(116121) Pause Remark 113M->113M(128M) 2,241ms
[2021-04-30T10:29:15.225+0300][2408,325s][info ][gc] GC(116123) Pause Young (Normal) (G1 Evacuation Pause) 113M->109M(128M) 0,377ms
[2021-04-30T10:29:15.235+0300][2408,335s][info ][gc] GC(116124) Pause Young (Normal) (G1 Evacuation Pause) 114M->109M(128M) 0,506ms
[2021-04-30T10:29:15.238+0300][2408,338s][info ][gc] GC(116121) Pause Cleanup 110M->110M(128M) 0,093ms
[2021-04-30T10:29:15.238+0300][2408,338s][info ][gc] GC(116121) Concurrent Cycle 33,979ms
[2021-04-30T10:29:15.245+0300][2408,346s][info ][gc] GC(116125) Pause Young (Normal) (G1 Evacuation Pause) 114M->109M(128M) 0,391ms
[2021-04-30T10:29:15.255+0300][2408,355s][info ][gc] GC(116126) Pause Young (Concurrent Start) (G1 Evacuation Pause) 114M->109M(128M) 0,477ms
[2021-04-30T10:29:15.255+0300][2408,355s][info ][gc] GC(116127) Concurrent Cycle
[2021-04-30T10:29:15.266+0300][2408,366s][info ][gc] GC(116128) Pause Young (Normal) (G1 Evacuation Pause) 114M->109M(128M) 0,509ms
[2021-04-30T10:29:15.278+0300][2408,378s][info ][gc] GC(116127) Pause Remark 112M->112M(128M) 2,676ms
[2021-04-30T10:29:15.282+0300][2408,382s][info ][gc] GC(116129) Pause Young (Normal) (G1 Evacuation Pause) 114M->109M(128M) 0,529ms
[2021-04-30T10:29:15.296+0300][2408,396s][info ][gc] GC(116130) Pause Young (Normal) (G1 Evacuation Pause) 114M->109M(128M) 0,621ms
[2021-04-30T10:29:15.296+0300][2408,396s][info ][gc] GC(116127) Pause Cleanup 109M->109M(128M) 0,090ms
[2021-04-30T10:29:15.296+0300][2408,397s][info ][gc] GC(116127) Concurrent Cycle 41,470ms
[2021-04-30T10:29:15.306+0300][2408,406s][info ][gc] GC(116131) Pause Young (Normal) (G1 Evacuation Pause) 114M->109M(128M) 0,430ms
[2021-04-30T10:29:15.314+0300][2408,415s][info ][gc] GC(116132) Pause Young (Concurrent Start) (G1 Evacuation Pause) 114M->109M(128M) 0,676ms
[2021-04-30T10:29:15.314+0300][2408,415s][info ][gc] GC(116133) Concurrent Cycle
[2021-04-30T10:29:15.328+0300][2408,429s][info ][gc] GC(116134) Pause Young (Normal) (G1 Evacuation Pause) 114M->109M(128M) 1,043ms
[2021-04-30T10:29:15.340+0300][2408,440s][info ][gc] GC(116133) Pause Remark 113M->113M(128M) 2,930ms
[2021-04-30T10:29:15.344+0300][2408,444s][info ][gc] GC(116135) Pause Young (Normal) (G1 Evacuation Pause) 114M->109M(128M) 0,435ms
[2021-04-30T10:29:15.355+0300][2408,455s][info ][gc] GC(116133) Pause Cleanup 114M->114M(128M) 0,192ms
[2021-04-30T10:29:15.355+0300][2408,455s][info ][gc] GC(116133) Concurrent Cycle 40,594ms
[2021-04-30T10:29:15.356+0300][2408,456s][info ][gc] GC(116136) Pause Young (Normal) (G1 Evacuation Pause) 114M->110M(128M) 0,441ms
[2021-04-30T10:29:15.366+0300][2408,466s][info ][gc] GC(116137) Pause Young (Concurrent Start) (G1 Evacuation Pause) 115M->110M(128M) 0,914ms
[2021-04-30T10:29:15.366+0300][2408,466s][info ][gc] GC(116138) Concurrent Cycle
[2021-04-30T10:29:15.380+0300][2408,480s][info ][gc] GC(116139) Pause Young (Normal) (G1 Evacuation Pause) 115M->110M(128M) 0,822ms
[2021-04-30T10:29:15.390+0300][2408,490s][info ][gc] GC(116140) Pause Young (Normal) (G1 Evacuation Pause) 115M->110M(128M) 0,530ms
[2021-04-30T10:29:15.392+0300][2408,493s][info ][gc] GC(116138) Pause Remark 110M->110M(128M) 2,148ms
[2021-04-30T10:29:15.400+0300][2408,500s][info ][gc] GC(116141) Pause Young (Normal) (G1 Evacuation Pause) 115M->110M(128M) 0,402ms
[2021-04-30T10:29:15.407+0300][2408,507s][info ][gc] GC(116138) Pause Cleanup 114M->114M(128M) 0,075ms
[2021-04-30T10:29:15.407+0300][2408,508s][info ][gc] GC(116138) Concurrent Cycle 41,581ms
[2021-04-30T10:29:15.410+0300][2408,510s][info ][gc] GC(116142) Pause Young (Normal) (G1 Evacuation Pause) 115M->110M(128M) 0,529ms
[2021-04-30T10:29:15.419+0300][2408,519s][info ][gc] GC(116143) Pause Young (Concurrent Start) (G1 Evacuation Pause) 115M->110M(128M) 0,495ms
[2021-04-30T10:29:15.419+0300][2408,519s][info ][gc] GC(116144) Concurrent Cycle
[2021-04-30T10:29:15.429+0300][2408,529s][info ][gc] GC(116145) Pause Young (Normal) (G1 Evacuation Pause) 115M->110M(128M) 0,644ms
[2021-04-30T10:29:15.437+0300][2408,537s][info ][gc] GC(116146) Pause Young (Normal) (G1 Evacuation Pause) 115M->110M(128M) 0,413ms
[2021-04-30T10:29:15.440+0300][2408,540s][info ][gc] GC(116144) Pause Remark 111M->111M(128M) 2,363ms
[2021-04-30T10:29:15.450+0300][2408,550s][info ][gc] GC(116147) Pause Young (Normal) (G1 Evacuation Pause) 115M->110M(128M) 0,440ms
[2021-04-30T10:29:15.453+0300][2408,554s][info ][gc] GC(116144) Pause Cleanup 113M->113M(128M) 0,075ms
[2021-04-30T10:29:15.453+0300][2408,554s][info ][gc] GC(116144) Concurrent Cycle 34,252ms
[2021-04-30T10:29:15.460+0300][2408,560s][info ][gc] GC(116148) Pause Young (Normal) (G1 Evacuation Pause) 115M->110M(128M) 0,664ms
[2021-04-30T10:29:15.468+0300][2408,568s][info ][gc] GC(116149) Pause Young (Concurrent Start) (G1 Evacuation Pause) 115M->111M(128M) 0,577ms
[2021-04-30T10:29:15.468+0300][2408,568s][info ][gc] GC(116150) Concurrent Cycle
[2021-04-30T10:29:15.478+0300][2408,578s][info ][gc] GC(116151) Pause Young (Normal) (G1 Evacuation Pause) 116M->111M(128M) 0,722ms
[2021-04-30T10:29:15.490+0300][2408,591s][info ][gc] GC(116150) Pause Remark 115M->115M(128M) 2,545ms
[2021-04-30T10:29:15.491+0300][2408,592s][info ][gc] GC(116152) Pause Young (Normal) (G1 Evacuation Pause) 116M->111M(128M) 0,506ms
[2021-04-30T10:29:15.502+0300][2408,603s][info ][gc] GC(116153) Pause Young (Normal) (G1 Evacuation Pause) 116M->111M(128M) 0,474ms
[2021-04-30T10:29:15.508+0300][2408,608s][info ][gc] GC(116150) Pause Cleanup 114M->114M(128M) 0,110ms
[2021-04-30T10:29:15.508+0300][2408,608s][info ][gc] GC(116150) Concurrent Cycle 40,038ms
[2021-04-30T10:29:15.511+0300][2408,611s][info ][gc] GC(116154) Pause Young (Normal) (G1 Evacuation Pause) 116M->111M(128M) 0,464ms
[2021-04-30T10:29:15.521+0300][2408,621s][info ][gc] GC(116155) Pause Young (Concurrent Start) (G1 Evacuation Pause) 116M->111M(128M) 0,607ms
[2021-04-30T10:29:15.521+0300][2408,621s][info ][gc] GC(116156) Concurrent Cycle
[2021-04-30T10:29:15.535+0300][2408,635s][info ][gc] GC(116157) Pause Young (Normal) (G1 Evacuation Pause) 116M->111M(128M) 0,814ms
[2021-04-30T10:29:15.549+0300][2408,649s][info ][gc] GC(116156) Pause Remark 116M->116M(128M) 2,752ms
[2021-04-30T10:29:15.551+0300][2408,651s][info ][gc] GC(116158) Pause Young (Normal) (G1 Evacuation Pause) 116M->111M(128M) 0,533ms
[2021-04-30T10:29:15.560+0300][2408,660s][info ][gc] GC(116159) Pause Young (Normal) (G1 Evacuation Pause) 116M->111M(128M) 0,400ms
[2021-04-30T10:29:15.565+0300][2408,665s][info ][gc] GC(116156) Pause Cleanup 113M->113M(128M) 0,087ms
[2021-04-30T10:29:15.568+0300][2408,668s][info ][gc] GC(116156) Concurrent Cycle 47,574ms
[2021-04-30T10:29:15.572+0300][2408,672s][info ][gc] GC(116160) Pause Young (Normal) (G1 Evacuation Pause) 116M->111M(128M) 0,397ms
[2021-04-30T10:29:15.582+0300][2408,683s][info ][gc] GC(116161) Pause Young (Concurrent Start) (G1 Evacuation Pause) 116M->111M(128M) 0,620ms
[2021-04-30T10:29:15.582+0300][2408,683s][info ][gc] GC(116162) Concurrent Cycle
[2021-04-30T10:29:15.592+0300][2408,693s][info ][gc] GC(116163) Pause Young (Normal) (G1 Evacuation Pause) 116M->112M(128M) 0,614ms
[2021-04-30T10:29:15.600+0300][2408,701s][info ][gc] GC(116164) Pause Young (Normal) (G1 Evacuation Pause) 117M->112M(128M) 0,356ms
[2021-04-30T10:29:15.607+0300][2408,707s][info ][gc] GC(116162) Pause Remark 113M->113M(128M) 2,559ms
[2021-04-30T10:29:15.612+0300][2408,713s][info ][gc] GC(116165) Pause Young (Normal) (G1 Evacuation Pause) 117M->112M(128M) 0,376ms
[2021-04-30T10:29:15.621+0300][2408,721s][info ][gc] GC(116162) Pause Cleanup 117M->117M(128M) 0,076ms
[2021-04-30T10:29:15.621+0300][2408,721s][info ][gc] GC(116162) Concurrent Cycle 38,577ms
[2021-04-30T10:29:15.622+0300][2408,722s][info ][gc] GC(116166) Pause Young (Normal) (G1 Evacuation Pause) 117M->112M(128M) 0,451ms
[2021-04-30T10:29:15.630+0300][2408,730s][info ][gc] GC(116167) Pause Young (Concurrent Start) (G1 Evacuation Pause) 117M->112M(128M) 1,006ms
[2021-04-30T10:29:15.630+0300][2408,730s][info ][gc] GC(116168) Concurrent Cycle
[2021-04-30T10:29:15.640+0300][2408,741s][info ][gc] GC(116169) Pause Young (Normal) (G1 Evacuation Pause) 117M->112M(128M) 0,798ms
[2021-04-30T10:29:15.651+0300][2408,751s][info ][gc] GC(116168) Pause Remark 116M->116M(128M) 2,843ms
[2021-04-30T10:29:15.654+0300][2408,754s][info ][gc] GC(116170) Pause Young (Normal) (G1 Evacuation Pause) 117M->112M(128M) 0,893ms
[2021-04-30T10:29:15.663+0300][2408,763s][info ][gc] GC(116171) Pause Young (Normal) (G1 Evacuation Pause) 117M->112M(128M) 0,388ms
[2021-04-30T10:29:15.666+0300][2408,767s][info ][gc] GC(116168) Pause Cleanup 114M->114M(128M) 0,231ms
[2021-04-30T10:29:15.667+0300][2408,767s][info ][gc] GC(116168) Concurrent Cycle 36,580ms
[2021-04-30T10:29:15.672+0300][2408,773s][info ][gc] GC(116172) Pause Young (Normal) (G1 Evacuation Pause) 117M->112M(128M) 0,629ms
[2021-04-30T10:29:15.682+0300][2408,782s][info ][gc] GC(116173) Pause Young (Concurrent Start) (G1 Evacuation Pause) 117M->112M(128M) 0,600ms
[2021-04-30T10:29:15.682+0300][2408,782s][info ][gc] GC(116174) Concurrent Cycle
[2021-04-30T10:29:15.696+0300][2408,796s][info ][gc] GC(116175) Pause Young (Normal) (G1 Evacuation Pause) 117M->113M(128M) 0,512ms
[2021-04-30T10:29:15.706+0300][2408,806s][info ][gc] GC(116174) Pause Remark 116M->116M(128M) 2,067ms
[2021-04-30T10:29:15.712+0300][2408,813s][info ][gc] GC(116176) Pause Young (Normal) (G1 Evacuation Pause) 118M->113M(128M) 0,438ms
[2021-04-30T10:29:15.724+0300][2408,824s][info ][gc] GC(116177) Pause Young (Normal) (G1 Evacuation Pause) 118M->113M(128M) 0,372ms
[2021-04-30T10:29:15.726+0300][2408,826s][info ][gc] GC(116174) Pause Cleanup 113M->113M(128M) 0,121ms
[2021-04-30T10:29:15.726+0300][2408,826s][info ][gc] GC(116174) Concurrent Cycle 43,506ms
[2021-04-30T10:29:15.734+0300][2408,835s][info ][gc] GC(116178) Pause Young (Normal) (G1 Evacuation Pause) 118M->113M(128M) 0,500ms
[2021-04-30T10:29:15.744+0300][2408,844s][info ][gc] GC(116179) Pause Young (Concurrent Start) (G1 Evacuation Pause) 118M->113M(128M) 0,591ms
[2021-04-30T10:29:15.744+0300][2408,844s][info ][gc] GC(116180) Concurrent Cycle
[2021-04-30T10:29:15.752+0300][2408,852s][info ][gc] GC(116181) Pause Young (Normal) (G1 Evacuation Pause) 118M->113M(128M) 0,706ms
[2021-04-30T10:29:15.762+0300][2408,862s][info ][gc] GC(116182) Pause Young (Normal) (G1 Evacuation Pause) 118M->113M(128M) 0,486ms
[2021-04-30T10:29:15.770+0300][2408,870s][info ][gc] GC(116180) Pause Remark 115M->115M(128M) 2,383ms
[2021-04-30T10:29:15.775+0300][2408,875s][info ][gc] GC(116183) Pause Young (Normal) (G1 Evacuation Pause) 118M->113M(128M) 0,488ms
[2021-04-30T10:29:15.785+0300][2408,885s][info ][gc] GC(116184) Pause Young (Normal) (G1 Evacuation Pause) 118M->113M(128M) 0,512ms
[2021-04-30T10:29:15.786+0300][2408,886s][info ][gc] GC(116180) Pause Cleanup 114M->114M(128M) 0,125ms
[2021-04-30T10:29:15.786+0300][2408,886s][info ][gc] GC(116180) Concurrent Cycle 41,743ms
[2021-04-30T10:29:15.793+0300][2408,894s][info ][gc] GC(116185) Pause Young (Normal) (G1 Evacuation Pause) 118M->113M(128M) 0,483ms
[2021-04-30T10:29:15.804+0300][2408,905s][info ][gc] GC(116186) Pause Young (Concurrent Start) (G1 Evacuation Pause) 118M->113M(128M) 1,425ms
[2021-04-30T10:29:15.804+0300][2408,905s][info ][gc] GC(116187) Concurrent Cycle
[2021-04-30T10:29:15.816+0300][2408,916s][info ][gc] GC(116188) Pause Young (Normal) (G1 Evacuation Pause) 118M->114M(128M) 0,717ms
[2021-04-30T10:29:15.827+0300][2408,927s][info ][gc] GC(116189) Pause Young (Normal) (G1 Evacuation Pause) 119M->114M(128M) 0,390ms
[2021-04-30T10:29:15.837+0300][2408,938s][info ][gc] GC(116187) Pause Remark 116M->116M(128M) 4,589ms
[2021-04-30T10:29:15.844+0300][2408,944s][info ][gc] GC(116190) Pause Young (Normal) (G1 Evacuation Pause) 119M->114M(128M) 0,621ms
[2021-04-30T10:29:15.855+0300][2408,955s][info ][gc] GC(116191) Pause Young (Normal) (G1 Evacuation Pause) 119M->114M(128M) 0,441ms
[2021-04-30T10:29:15.857+0300][2408,958s][info ][gc] GC(116187) Pause Cleanup 116M->116M(128M) 0,080ms
[2021-04-30T10:29:15.858+0300][2408,958s][info ][gc] GC(116187) Concurrent Cycle 53,242ms
[2021-04-30T10:29:15.866+0300][2408,966s][info ][gc] GC(116192) Pause Young (Normal) (G1 Evacuation Pause) 119M->114M(128M) 0,377ms
[2021-04-30T10:29:15.879+0300][2408,979s][info ][gc] GC(116193) Pause Young (Concurrent Start) (G1 Evacuation Pause) 119M->114M(128M) 1,347ms
[2021-04-30T10:29:15.879+0300][2408,979s][info ][gc] GC(116194) Concurrent Cycle
[2021-04-30T10:29:15.890+0300][2408,990s][info ][gc] GC(116195) Pause Young (Normal) (G1 Evacuation Pause) 119M->114M(128M) 0,677ms
[2021-04-30T10:29:15.901+0300][2409,001s][info ][gc] GC(116194) Pause Remark 117M->117M(128M) 2,464ms
[2021-04-30T10:29:15.906+0300][2409,006s][info ][gc] GC(116196) Pause Young (Normal) (G1 Evacuation Pause) 119M->114M(128M) 0,535ms
[2021-04-30T10:29:15.915+0300][2409,015s][info ][gc] GC(116194) Pause Cleanup 118M->118M(128M) 0,153ms
[2021-04-30T10:29:15.915+0300][2409,015s][info ][gc] GC(116194) Concurrent Cycle 36,108ms
[2021-04-30T10:29:15.919+0300][2409,020s][info ][gc] GC(116197) Pause Young (Normal) (G1 Evacuation Pause) 119M->114M(128M) 1,103ms
[2021-04-30T10:29:15.929+0300][2409,030s][info ][gc] GC(116198) Pause Young (Concurrent Start) (G1 Evacuation Pause) 119M->114M(128M) 0,950ms
[2021-04-30T10:29:15.929+0300][2409,030s][info ][gc] GC(116199) Concurrent Cycle
[2021-04-30T10:29:15.942+0300][2409,042s][info ][gc] GC(116200) Pause Young (Normal) (G1 Evacuation Pause) 119M->114M(128M) 0,708ms
[2021-04-30T10:29:15.953+0300][2409,054s][info ][gc] GC(116199) Pause Remark 118M->118M(128M) 3,265ms
[2021-04-30T10:29:15.957+0300][2409,058s][info ][gc] GC(116201) Pause Young (Normal) (G1 Evacuation Pause) 119M->115M(128M) 0,534ms
[2021-04-30T10:29:15.971+0300][2409,071s][info ][gc] GC(116202) Pause Young (Normal) (G1 Evacuation Pause) 120M->115M(128M) 0,476ms
[2021-04-30T10:29:15.973+0300][2409,074s][info ][gc] GC(116199) Pause Cleanup 116M->116M(128M) 0,160ms
[2021-04-30T10:29:15.974+0300][2409,074s][info ][gc] GC(116199) Concurrent Cycle 44,169ms
[2021-04-30T10:29:15.980+0300][2409,080s][info ][gc] GC(116203) Pause Young (Normal) (G1 Evacuation Pause) 120M->115M(128M) 0,869ms
[2021-04-30T10:29:15.990+0300][2409,090s][info ][gc] GC(116204) Pause Young (Concurrent Start) (G1 Evacuation Pause) 120M->115M(128M) 0,707ms
[2021-04-30T10:29:15.990+0300][2409,091s][info ][gc] GC(116205) Concurrent Cycle
[2021-04-30T10:29:16.002+0300][2409,102s][info ][gc] GC(116206) Pause Young (Normal) (G1 Evacuation Pause) 120M->115M(128M) 1,410ms
[2021-04-30T10:29:16.013+0300][2409,114s][info ][gc] GC(116207) Pause Young (Normal) (G1 Evacuation Pause) 120M->115M(128M) 0,696ms
[2021-04-30T10:29:16.022+0300][2409,123s][info ][gc] GC(116205) Pause Remark 119M->119M(128M) 2,292ms
[2021-04-30T10:29:16.025+0300][2409,125s][info ][gc] GC(116208) Pause Young (Normal) (G1 Evacuation Pause) 120M->115M(128M) 0,423ms
[2021-04-30T10:29:16.036+0300][2409,136s][info ][gc] GC(116209) Pause Young (Normal) (G1 Evacuation Pause) 120M->115M(128M) 0,477ms
[2021-04-30T10:29:16.041+0300][2409,141s][info ][gc] GC(116205) Pause Cleanup 118M->118M(128M) 0,129ms
[2021-04-30T10:29:16.041+0300][2409,142s][info ][gc] GC(116205) Concurrent Cycle 51,061ms
[2021-04-30T10:29:16.046+0300][2409,146s][info ][gc] GC(116210) Pause Young (Normal) (G1 Evacuation Pause) 120M->115M(128M) 0,559ms
[2021-04-30T10:29:16.060+0300][2409,160s][info ][gc] GC(116211) Pause Young (Concurrent Start) (G1 Evacuation Pause) 120M->115M(128M) 0,906ms
[2021-04-30T10:29:16.060+0300][2409,160s][info ][gc] GC(116212) Concurrent Cycle
[2021-04-30T10:29:16.070+0300][2409,170s][info ][gc] GC(116213) Pause Young (Normal) (G1 Evacuation Pause) 120M->115M(128M) 0,902ms
[2021-04-30T10:29:16.080+0300][2409,180s][info ][gc] GC(116214) Pause Young (Normal) (G1 Evacuation Pause) 120M->116M(128M) 0,398ms
[2021-04-30T10:29:16.086+0300][2409,186s][info ][gc] GC(116212) Pause Remark 117M->117M(128M) 3,574ms
[2021-04-30T10:29:16.095+0300][2409,195s][info ][gc] GC(116215) Pause Young (Normal) (G1 Evacuation Pause) 121M->116M(128M) 0,816ms
[2021-04-30T10:29:16.102+0300][2409,202s][info ][gc] GC(116212) Pause Cleanup 119M->119M(128M) 0,126ms
[2021-04-30T10:29:16.102+0300][2409,202s][info ][gc] GC(116212) Concurrent Cycle 41,935ms
[2021-04-30T10:29:16.105+0300][2409,205s][info ][gc] GC(116216) Pause Young (Normal) (G1 Evacuation Pause) 121M->116M(128M) 0,473ms
[2021-04-30T10:29:16.116+0300][2409,216s][info ][gc] GC(116217) Pause Young (Concurrent Start) (G1 Evacuation Pause) 121M->116M(128M) 1,026ms
[2021-04-30T10:29:16.116+0300][2409,216s][info ][gc] GC(116218) Concurrent Cycle
[2021-04-30T10:29:16.127+0300][2409,227s][info ][gc] GC(116219) Pause Young (Normal) (G1 Evacuation Pause) 121M->116M(128M) 0,707ms
[2021-04-30T10:29:16.137+0300][2409,237s][info ][gc] GC(116220) Pause Young (Normal) (G1 Evacuation Pause) 121M->116M(128M) 0,468ms
[2021-04-30T10:29:16.142+0300][2409,242s][info ][gc] GC(116218) Pause Remark 118M->118M(128M) 2,715ms
[2021-04-30T10:29:16.148+0300][2409,248s][info ][gc] GC(116221) Pause Young (Normal) (G1 Evacuation Pause) 121M->116M(128M) 0,576ms
[2021-04-30T10:29:16.158+0300][2409,259s][info ][gc] GC(116222) Pause Young (Normal) (G1 Evacuation Pause) 121M->116M(128M) 0,601ms
[2021-04-30T10:29:16.159+0300][2409,260s][info ][gc] GC(116218) Pause Cleanup 117M->117M(128M) 0,125ms
[2021-04-30T10:29:16.159+0300][2409,260s][info ][gc] GC(116218) Concurrent Cycle 43,427ms
[2021-04-30T10:29:16.170+0300][2409,271s][info ][gc] GC(116223) Pause Young (Normal) (G1 Evacuation Pause) 121M->116M(128M) 1,027ms
[2021-04-30T10:29:16.181+0300][2409,281s][info ][gc] GC(116224) Pause Young (Concurrent Start) (G1 Evacuation Pause) 121M->116M(128M) 0,558ms
[2021-04-30T10:29:16.181+0300][2409,281s][info ][gc] GC(116225) Concurrent Cycle
[2021-04-30T10:29:16.193+0300][2409,293s][info ][gc] GC(116226) Pause Young (Normal) (G1 Evacuation Pause) 121M->116M(128M) 0,731ms
[2021-04-30T10:29:16.204+0300][2409,304s][info ][gc] GC(116225) Pause Remark 120M->120M(128M) 2,468ms
[2021-04-30T10:29:16.207+0300][2409,307s][info ][gc] GC(116227) Pause Young (Normal) (G1 Evacuation Pause) 121M->117M(128M) 0,676ms
[2021-04-30T10:29:16.219+0300][2409,319s][info ][gc] GC(116228) Pause Young (Normal) (G1 Evacuation Pause) 122M->117M(128M) 0,340ms
[2021-04-30T10:29:16.222+0300][2409,323s][info ][gc] GC(116225) Pause Cleanup 119M->119M(128M) 0,080ms
[2021-04-30T10:29:16.223+0300][2409,323s][info ][gc] GC(116225) Concurrent Cycle 41,500ms
[2021-04-30T10:29:16.228+0300][2409,328s][info ][gc] GC(116229) Pause Young (Normal) (G1 Evacuation Pause) 122M->117M(128M) 0,460ms
[2021-04-30T10:29:16.238+0300][2409,339s][info ][gc] GC(116230) Pause Young (Concurrent Start) (G1 Evacuation Pause) 122M->117M(128M) 0,631ms
[2021-04-30T10:29:16.238+0300][2409,339s][info ][gc] GC(116231) Concurrent Cycle
[2021-04-30T10:29:16.249+0300][2409,349s][info ][gc] GC(116232) Pause Young (Normal) (G1 Evacuation Pause) 122M->117M(128M) 0,549ms
[2021-04-30T10:29:16.263+0300][2409,363s][info ][gc] GC(116233) Pause Young (Normal) (G1 Evacuation Pause) 122M->117M(128M) 0,355ms
[2021-04-30T10:29:16.269+0300][2409,369s][info ][gc] GC(116231) Pause Remark 118M->118M(128M) 3,914ms
[2021-04-30T10:29:16.279+0300][2409,379s][info ][gc] GC(116234) Pause Young (Normal) (G1 Evacuation Pause) 122M->117M(128M) 0,365ms
[2021-04-30T10:29:16.288+0300][2409,389s][info ][gc] GC(116231) Pause Cleanup 120M->120M(128M) 0,082ms
[2021-04-30T10:29:16.289+0300][2409,389s][info ][gc] GC(116231) Concurrent Cycle 50,364ms
[2021-04-30T10:29:16.292+0300][2409,392s][info ][gc] GC(116235) Pause Young (Normal) (G1 Evacuation Pause) 122M->117M(128M) 0,711ms
[2021-04-30T10:29:16.303+0300][2409,403s][info ][gc] GC(116236) Pause Young (Concurrent Start) (G1 Evacuation Pause) 122M->117M(128M) 1,411ms
[2021-04-30T10:29:16.303+0300][2409,403s][info ][gc] GC(116237) Concurrent Cycle
[2021-04-30T10:29:16.317+0300][2409,418s][info ][gc] GC(116238) Pause Young (Normal) (G1 Evacuation Pause) 122M->117M(128M) 1,297ms
[2021-04-30T10:29:16.326+0300][2409,426s][info ][gc] GC(116239) Pause Young (Normal) (G1 Evacuation Pause) 122M->118M(128M) 0,377ms
[2021-04-30T10:29:16.329+0300][2409,430s][info ][gc] GC(116237) Pause Remark 118M->118M(128M) 2,263ms
[2021-04-30T10:29:16.339+0300][2409,440s][info ][gc] GC(116240) Pause Young (Normal) (G1 Evacuation Pause) 123M->118M(128M) 0,379ms
[2021-04-30T10:29:16.346+0300][2409,447s][info ][gc] GC(116237) Pause Cleanup 121M->121M(128M) 0,075ms
[2021-04-30T10:29:16.347+0300][2409,447s][info ][gc] GC(116237) Concurrent Cycle 43,825ms
[2021-04-30T10:29:16.350+0300][2409,450s][info ][gc] GC(116241) Pause Young (Normal) (G1 Evacuation Pause) 123M->118M(128M) 0,997ms
[2021-04-30T10:29:16.361+0300][2409,461s][info ][gc] GC(116242) Pause Young (Concurrent Start) (G1 Evacuation Pause) 123M->118M(128M) 0,639ms
[2021-04-30T10:29:16.361+0300][2409,461s][info ][gc] GC(116243) Concurrent Cycle
[2021-04-30T10:29:16.370+0300][2409,470s][info ][gc] GC(116244) Pause Young (Normal) (G1 Evacuation Pause) 123M->118M(128M) 1,155ms
[2021-04-30T10:29:16.381+0300][2409,481s][info ][gc] GC(116245) Pause Young (Normal) (G1 Evacuation Pause) 123M->118M(128M) 0,544ms
[2021-04-30T10:29:16.391+0300][2409,492s][info ][gc] GC(116243) Pause Remark 123M->123M(128M) 2,205ms
[2021-04-30T10:29:16.393+0300][2409,493s][info ][gc] GC(116246) Pause Young (Normal) (G1 Evacuation Pause) 123M->118M(128M) 0,460ms
[2021-04-30T10:29:16.401+0300][2409,501s][info ][gc] GC(116247) Pause Young (Normal) (G1 Evacuation Pause) 123M->118M(128M) 0,473ms
[2021-04-30T10:29:16.409+0300][2409,509s][info ][gc] GC(116243) Pause Cleanup 123M->123M(128M) 0,116ms
[2021-04-30T10:29:16.409+0300][2409,510s][info ][gc] GC(116243) Concurrent Cycle 48,589ms
[2021-04-30T10:29:16.411+0300][2409,511s][info ][gc] GC(116248) Pause Young (Normal) (G1 Evacuation Pause) 123M->118M(128M) 0,834ms
[2021-04-30T10:29:16.421+0300][2409,521s][info ][gc] GC(116249) Pause Young (Concurrent Start) (G1 Evacuation Pause) 123M->118M(128M) 0,823ms
[2021-04-30T10:29:16.421+0300][2409,521s][info ][gc] GC(116250) Concurrent Cycle
[2021-04-30T10:29:16.430+0300][2409,531s][info ][gc] GC(116251) Pause Young (Normal) (G1 Evacuation Pause) 123M->118M(128M) 0,569ms
[2021-04-30T10:29:16.441+0300][2409,541s][info ][gc] GC(116252) Pause Young (Normal) (G1 Evacuation Pause) 123M->119M(128M) 0,563ms
[2021-04-30T10:29:16.452+0300][2409,552s][info ][gc] GC(116250) Pause Remark 121M->121M(128M) 3,079ms
[2021-04-30T10:29:16.459+0300][2409,559s][info ][gc] GC(116253) Pause Young (Normal) (G1 Evacuation Pause) 124M->119M(128M) 0,514ms
[2021-04-30T10:29:16.469+0300][2409,569s][info ][gc] GC(116250) Pause Cleanup 122M->122M(128M) 0,101ms
[2021-04-30T10:29:16.469+0300][2409,569s][info ][gc] GC(116250) Concurrent Cycle 47,941ms
[2021-04-30T10:29:16.473+0300][2409,573s][info ][gc] GC(116254) Pause Young (Normal) (G1 Evacuation Pause) 124M->119M(128M) 0,553ms
[2021-04-30T10:29:16.488+0300][2409,588s][info ][gc] GC(116255) Pause Young (Concurrent Start) (G1 Evacuation Pause) 124M->119M(128M) 0,805ms
[2021-04-30T10:29:16.488+0300][2409,588s][info ][gc] GC(116256) Concurrent Cycle
[2021-04-30T10:29:16.500+0300][2409,600s][info ][gc] GC(116257) Pause Young (Normal) (G1 Evacuation Pause) 124M->119M(128M) 0,803ms
[2021-04-30T10:29:16.513+0300][2409,614s][info ][gc] GC(116256) Pause Remark 122M->122M(128M) 3,394ms
[2021-04-30T10:29:16.517+0300][2409,618s][info ][gc] GC(116258) Pause Young (Normal) (G1 Evacuation Pause) 124M->119M(128M) 0,412ms
[2021-04-30T10:29:16.529+0300][2409,629s][info ][gc] GC(116256) Pause Cleanup 124M->124M(128M) 0,086ms
[2021-04-30T10:29:16.529+0300][2409,629s][info ][gc] GC(116256) Concurrent Cycle 40,892ms
[2021-04-30T10:29:16.529+0300][2409,630s][info ][gc] GC(116259) Pause Young (Normal) (G1 Evacuation Pause) 124M->119M(128M) 0,427ms
[2021-04-30T10:29:16.544+0300][2409,644s][info ][gc] GC(116260) Pause Young (Concurrent Start) (G1 Evacuation Pause) 124M->119M(128M) 0,613ms
[2021-04-30T10:29:16.544+0300][2409,644s][info ][gc] GC(116261) Concurrent Cycle
[2021-04-30T10:29:16.558+0300][2409,658s][info ][gc] GC(116262) Pause Young (Normal) (G1 Evacuation Pause) 124M->119M(128M) 0,672ms
[2021-04-30T10:29:16.568+0300][2409,669s][info ][gc] GC(116263) Pause Young (Normal) (G1 Evacuation Pause) 124M->119M(128M) 0,499ms
[2021-04-30T10:29:16.572+0300][2409,672s][info ][gc] GC(116261) Pause Remark 119M->119M(128M) 3,049ms
[2021-04-30T10:29:16.583+0300][2409,683s][info ][gc] GC(116264) Pause Young (Normal) (G1 Evacuation Pause) 124M->119M(128M) 0,967ms
[2021-04-30T10:29:16.593+0300][2409,693s][info ][gc] GC(116261) Pause Cleanup 124M->124M(128M) 0,135ms
[2021-04-30T10:29:16.593+0300][2409,694s][info ][gc] GC(116261) Concurrent Cycle 49,753ms
[2021-04-30T10:29:16.596+0300][2409,696s][info ][gc] GC(116265) Pause Young (Normal) (G1 Evacuation Pause) 124M->120M(128M) 0,702ms
[2021-04-30T10:29:16.608+0300][2409,708s][info ][gc] GC(116266) Pause Young (Concurrent Start) (G1 Evacuation Pause) 125M->120M(128M) 0,702ms
[2021-04-30T10:29:16.608+0300][2409,708s][info ][gc] GC(116267) Concurrent Cycle
[2021-04-30T10:29:16.623+0300][2409,724s][info ][gc] GC(116268) Pause Young (Normal) (G1 Evacuation Pause) 125M->120M(128M) 0,984ms
[2021-04-30T10:29:16.635+0300][2409,735s][info ][gc] GC(116269) Pause Young (Normal) (G1 Evacuation Pause) 125M->120M(128M) 0,614ms
[2021-04-30T10:29:16.641+0300][2409,742s][info ][gc] GC(116267) Pause Remark 123M->123M(128M) 2,729ms
[2021-04-30T10:29:16.646+0300][2409,747s][info ][gc] GC(116270) Pause Young (Normal) (G1 Evacuation Pause) 125M->120M(128M) 0,458ms
[2021-04-30T10:29:16.658+0300][2409,758s][info ][gc] GC(116271) Pause Young (Normal) (G1 Evacuation Pause) 125M->120M(128M) 0,400ms
[2021-04-30T10:29:16.665+0300][2409,765s][info ][gc] GC(116267) Pause Cleanup 123M->123M(128M) 0,236ms
[2021-04-30T10:29:16.665+0300][2409,765s][info ][gc] GC(116267) Concurrent Cycle 57,239ms
[2021-04-30T10:29:16.671+0300][2409,772s][info ][gc] GC(116272) Pause Young (Normal) (G1 Evacuation Pause) 125M->120M(128M) 0,442ms
[2021-04-30T10:29:16.684+0300][2409,784s][info ][gc] GC(116273) Pause Young (Concurrent Start) (G1 Evacuation Pause) 125M->120M(128M) 1,776ms
[2021-04-30T10:29:16.684+0300][2409,785s][info ][gc] GC(116274) Concurrent Cycle
[2021-04-30T10:29:16.698+0300][2409,798s][info ][gc] GC(116275) Pause Young (Normal) (G1 Evacuation Pause) 125M->120M(128M) 1,329ms
[2021-04-30T10:29:16.709+0300][2409,809s][info ][gc] GC(116276) Pause Young (Normal) (G1 Evacuation Pause) 125M->120M(128M) 0,432ms
[2021-04-30T10:29:16.720+0300][2409,820s][info ][gc] GC(116274) Pause Remark 123M->123M(128M) 4,686ms
[2021-04-30T10:29:16.728+0300][2409,828s][info ][gc] GC(116277) Pause Young (Normal) (G1 Evacuation Pause) 125M->121M(128M) 0,702ms
[2021-04-30T10:29:16.736+0300][2409,837s][info ][gc] GC(116278) Pause Young (Normal) (G1 Evacuation Pause) 126M->121M(128M) 0,639ms
[2021-04-30T10:29:16.742+0300][2409,842s][info ][gc] GC(116274) Pause Cleanup 123M->123M(128M) 0,118ms
[2021-04-30T10:29:16.742+0300][2409,842s][info ][gc] GC(116274) Concurrent Cycle 57,832ms
[2021-04-30T10:29:16.747+0300][2409,847s][info ][gc] GC(116279) Pause Young (Normal) (G1 Evacuation Pause) 126M->121M(128M) 0,436ms
[2021-04-30T10:29:16.757+0300][2409,858s][info ][gc] GC(116280) Pause Young (Concurrent Start) (G1 Evacuation Pause) 126M->121M(128M) 0,564ms
[2021-04-30T10:29:16.757+0300][2409,858s][info ][gc] GC(116281) Concurrent Cycle
[2021-04-30T10:29:16.773+0300][2409,873s][info ][gc] GC(116282) Pause Young (Normal) (G1 Evacuation Pause) 126M->121M(128M) 1,333ms
[2021-04-30T10:29:16.783+0300][2409,883s][info ][gc] GC(116283) Pause Young (Normal) (G1 Evacuation Pause) 126M->121M(128M) 0,859ms
[2021-04-30T10:29:16.794+0300][2409,895s][info ][gc] GC(116281) Pause Remark 125M->125M(128M) 3,533ms
[2021-04-30T10:29:16.797+0300][2409,898s][info ][gc] GC(116284) Pause Young (Normal) (G1 Evacuation Pause) 126M->121M(128M) 0,411ms
[2021-04-30T10:29:16.809+0300][2409,909s][info ][gc] GC(116281) Pause Cleanup 126M->126M(128M) 0,082ms
[2021-04-30T10:29:16.809+0300][2409,910s][info ][gc] GC(116281) Concurrent Cycle 52,075ms
[2021-04-30T10:29:16.810+0300][2409,911s][info ][gc] GC(116285) To-space exhausted
[2021-04-30T10:29:16.810+0300][2409,911s][info ][gc] GC(116285) Pause Young (Normal) (G1 Evacuation Pause) 126M->122M(128M) 0,482ms
[2021-04-30T10:29:16.822+0300][2409,923s][info ][gc] GC(116286) To-space exhausted
[2021-04-30T10:29:16.822+0300][2409,923s][info ][gc] GC(116286) Pause Young (Concurrent Start) (G1 Evacuation Pause) 127M->127M(128M) 1,887ms
[2021-04-30T10:29:16.822+0300][2409,923s][info ][gc] GC(116288) Concurrent Cycle
[2021-04-30T10:29:16.823+0300][2409,923s][debug][gc] GC(116287) Clear Next Bitmap 0,192ms
[2021-04-30T10:29:16.894+0300][2409,994s][info ][gc] GC(116287) Pause Full (G1 Evacuation Pause) 127M->111M(128M) 71,224ms
[2021-04-30T10:29:16.894+0300][2409,994s][info ][gc] GC(116288) Concurrent Cycle 71,753ms
[2021-04-30T10:29:16.903+0300][2410,004s][info ][gc] GC(116289) Pause Young (Normal) (G1 Evacuation Pause) 117M->111M(128M) 0,342ms
[2021-04-30T10:29:16.913+0300][2410,014s][info ][gc] GC(116290) Pause Young (Concurrent Start) (G1 Evacuation Pause) 116M->112M(128M) 0,575ms
[2021-04-30T10:29:16.913+0300][2410,014s][info ][gc] GC(116291) Concurrent Cycle
[2021-04-30T10:29:16.923+0300][2410,024s][info ][gc] GC(116292) Pause Young (Normal) (G1 Evacuation Pause) 117M->112M(128M) 0,639ms
[2021-04-30T10:29:16.933+0300][2410,033s][info ][gc] GC(116293) Pause Young (Normal) (G1 Evacuation Pause) 117M->112M(128M) 0,308ms
[2021-04-30T10:29:16.939+0300][2410,039s][info ][gc] GC(116291) Pause Remark 113M->113M(128M) 3,364ms
[2021-04-30T10:29:16.947+0300][2410,047s][info ][gc] GC(116294) Pause Young (Normal) (G1 Evacuation Pause) 117M->112M(128M) 0,340ms
[2021-04-30T10:29:16.953+0300][2410,053s][info ][gc] GC(116291) Pause Cleanup 113M->113M(128M) 0,068ms
[2021-04-30T10:29:16.953+0300][2410,053s][info ][gc] GC(116291) Concurrent Cycle 39,355ms
[2021-04-30T10:29:16.961+0300][2410,061s][info ][gc] GC(116295) Pause Young (Normal) (G1 Evacuation Pause) 117M->112M(128M) 0,448ms
[2021-04-30T10:29:16.975+0300][2410,075s][info ][gc] GC(116296) Pause Young (Concurrent Start) (G1 Evacuation Pause) 117M->112M(128M) 0,644ms
[2021-04-30T10:29:16.975+0300][2410,075s][info ][gc] GC(116297) Concurrent Cycle
[2021-04-30T10:29:16.989+0300][2410,089s][info ][gc] GC(116298) Pause Young (Normal) (G1 Evacuation Pause) 117M->112M(128M) 0,514ms
[2021-04-30T10:29:16.996+0300][2410,096s][info ][gc] GC(116297) Pause Remark 114M->114M(128M) 2,368ms
[2021-04-30T10:29:17.004+0300][2410,104s][info ][gc] GC(116299) Pause Young (Normal) (G1 Evacuation Pause) 117M->112M(128M) 0,448ms
[2021-04-30T10:29:17.011+0300][2410,111s][info ][gc] GC(116297) Pause Cleanup 115M->115M(128M) 0,069ms
[2021-04-30T10:29:17.011+0300][2410,112s][info ][gc] GC(116297) Concurrent Cycle 36,427ms
[2021-04-30T10:29:17.014+0300][2410,115s][info ][gc] GC(116300) Pause Young (Normal) (G1 Evacuation Pause) 117M->112M(128M) 0,429ms
[2021-04-30T10:29:17.024+0300][2410,124s][info ][gc] GC(116301) Pause Young (Concurrent Start) (G1 Evacuation Pause) 117M->112M(128M) 0,622ms
[2021-04-30T10:29:17.024+0300][2410,124s][info ][gc] GC(116302) Concurrent Cycle
[2021-04-30T10:29:17.031+0300][2410,131s][info ][gc] GC(116303) Pause Young (Normal) (G1 Evacuation Pause) 117M->112M(128M) 0,527ms
[2021-04-30T10:29:17.041+0300][2410,141s][info ][gc] GC(116304) Pause Young (Normal) (G1 Evacuation Pause) 117M->112M(128M) 0,491ms
[2021-04-30T10:29:17.047+0300][2410,148s][info ][gc] GC(116302) Pause Remark 114M->114M(128M) 3,058ms
[2021-04-30T10:29:17.052+0300][2410,153s][info ][gc] GC(116305) Pause Young (Normal) (G1 Evacuation Pause) 117M->113M(128M) 0,503ms
[2021-04-30T10:29:17.062+0300][2410,162s][info ][gc] GC(116306) Pause Young (Normal) (G1 Evacuation Pause) 118M->113M(128M) 0,534ms
[2021-04-30T10:29:17.063+0300][2410,163s][info ][gc] GC(116302) Pause Cleanup 113M->113M(128M) 0,122ms
[2021-04-30T10:29:17.063+0300][2410,163s][info ][gc] GC(116302) Concurrent Cycle 39,350ms
[2021-04-30T10:29:17.069+0300][2410,170s][info ][gc] GC(116307) Pause Young (Normal) (G1 Evacuation Pause) 118M->113M(128M) 0,427ms
[2021-04-30T10:29:17.080+0300][2410,180s][info ][gc] GC(116308) Pause Young (Concurrent Start) (G1 Evacuation Pause) 118M->113M(128M) 0,603ms
[2021-04-30T10:29:17.080+0300][2410,180s][info ][gc] GC(116309) Concurrent Cycle
[2021-04-30T10:29:17.093+0300][2410,194s][info ][gc] GC(116310) Pause Young (Normal) (G1 Evacuation Pause) 118M->113M(128M) 0,832ms
[2021-04-30T10:29:17.107+0300][2410,207s][info ][gc] GC(116311) Pause Young (Normal) (G1 Evacuation Pause) 118M->113M(128M) 0,564ms
[2021-04-30T10:29:17.120+0300][2410,220s][info ][gc] GC(116309) Pause Remark 117M->117M(128M) 3,747ms
[2021-04-30T10:29:17.122+0300][2410,223s][info ][gc] GC(116312) Pause Young (Normal) (G1 Evacuation Pause) 118M->113M(128M) 0,489ms
[2021-04-30T10:29:17.137+0300][2410,238s][info ][gc] GC(116313) Pause Young (Normal) (G1 Evacuation Pause) 118M->113M(128M) 1,769ms
[2021-04-30T10:29:17.145+0300][2410,245s][info ][gc] GC(116309) Pause Cleanup 116M->116M(128M) 0,275ms
[2021-04-30T10:29:17.145+0300][2410,245s][info ][gc] GC(116309) Concurrent Cycle 65,345ms
[2021-04-30T10:29:17.151+0300][2410,251s][info ][gc] GC(116314) Pause Young (Normal) (G1 Evacuation Pause) 118M->113M(128M) 0,606ms
[2021-04-30T10:29:17.166+0300][2410,266s][info ][gc] GC(116315) Pause Young (Concurrent Start) (G1 Evacuation Pause) 118M->113M(128M) 0,618ms
[2021-04-30T10:29:17.166+0300][2410,266s][info ][gc] GC(116316) Concurrent Cycle
[2021-04-30T10:29:17.180+0300][2410,280s][info ][gc] GC(116317) Pause Young (Normal) (G1 Evacuation Pause) 118M->113M(128M) 1,246ms
[2021-04-30T10:29:17.194+0300][2410,295s][info ][gc] GC(116318) Pause Young (Normal) (G1 Evacuation Pause) 118M->113M(128M) 0,466ms
[2021-04-30T10:29:17.199+0300][2410,299s][info ][gc] GC(116316) Pause Remark 114M->114M(128M) 2,921ms
[2021-04-30T10:29:17.211+0300][2410,311s][info ][gc] GC(116319) Pause Young (Normal) (G1 Evacuation Pause) 118M->114M(128M) 0,402ms
[2021-04-30T10:29:17.217+0300][2410,318s][info ][gc] GC(116316) Pause Cleanup 117M->117M(128M) 0,158ms
[2021-04-30T10:29:17.218+0300][2410,318s][info ][gc] GC(116316) Concurrent Cycle 51,552ms
[2021-04-30T10:29:17.224+0300][2410,324s][info ][gc] GC(116320) Pause Young (Normal) (G1 Evacuation Pause) 119M->114M(128M) 1,575ms
[2021-04-30T10:29:17.235+0300][2410,335s][info ][gc] GC(116321) Pause Young (Concurrent Start) (G1 Evacuation Pause) 119M->114M(128M) 0,607ms
[2021-04-30T10:29:17.235+0300][2410,335s][info ][gc] GC(116322) Concurrent Cycle
[2021-04-30T10:29:17.250+0300][2410,351s][info ][gc] GC(116323) Pause Young (Normal) (G1 Evacuation Pause) 119M->114M(128M) 0,691ms
[2021-04-30T10:29:17.269+0300][2410,369s][info ][gc] GC(116322) Pause Remark 118M->118M(128M) 4,809ms
[2021-04-30T10:29:17.270+0300][2410,371s][info ][gc] GC(116324) Pause Young (Normal) (G1 Evacuation Pause) 119M->114M(128M) 0,418ms
[2021-04-30T10:29:17.286+0300][2410,387s][info ][gc] GC(116325) Pause Young (Normal) (G1 Evacuation Pause) 119M->114M(128M) 0,538ms
[2021-04-30T10:29:17.289+0300][2410,390s][info ][gc] GC(116322) Pause Cleanup 114M->114M(128M) 0,083ms
[2021-04-30T10:29:17.290+0300][2410,390s][info ][gc] GC(116322) Concurrent Cycle 54,549ms
[2021-04-30T10:29:17.300+0300][2410,400s][info ][gc] GC(116326) Pause Young (Normal) (G1 Evacuation Pause) 119M->114M(128M) 1,206ms
[2021-04-30T10:29:17.309+0300][2410,410s][info ][gc] GC(116327) Pause Young (Concurrent Start) (G1 Evacuation Pause) 119M->114M(128M) 0,583ms
[2021-04-30T10:29:17.309+0300][2410,410s][info ][gc] GC(116328) Concurrent Cycle
[2021-04-30T10:29:17.329+0300][2410,430s][info ][gc] GC(116329) Pause Young (Normal) (G1 Evacuation Pause) 119M->114M(128M) 1,973ms
[2021-04-30T10:29:17.339+0300][2410,440s][info ][gc] GC(116330) Pause Young (Normal) (G1 Evacuation Pause) 119M->114M(128M) 0,444ms
[2021-04-30T10:29:17.348+0300][2410,448s][info ][gc] GC(116328) Pause Remark 116M->116M(128M) 4,141ms
[2021-04-30T10:29:17.356+0300][2410,457s][info ][gc] GC(116331) Pause Young (Normal) (G1 Evacuation Pause) 119M->114M(128M) 0,413ms
[2021-04-30T10:29:17.363+0300][2410,463s][info ][gc] GC(116328) Pause Cleanup 118M->118M(128M) 0,124ms
[2021-04-30T10:29:17.363+0300][2410,463s][info ][gc] GC(116328) Concurrent Cycle 53,449ms
[2021-04-30T10:29:17.366+0300][2410,466s][info ][gc] GC(116332) Pause Young (Normal) (G1 Evacuation Pause) 119M->114M(128M) 0,509ms
[2021-04-30T10:29:17.376+0300][2410,476s][info ][gc] GC(116333) Pause Young (Concurrent Start) (G1 Evacuation Pause) 119M->115M(128M) 0,722ms
[2021-04-30T10:29:17.376+0300][2410,476s][info ][gc] GC(116334) Concurrent Cycle
[2021-04-30T10:29:17.384+0300][2410,484s][info ][gc] GC(116335) Pause Young (Normal) (G1 Evacuation Pause) 120M->115M(128M) 0,765ms
[2021-04-30T10:29:17.396+0300][2410,496s][info ][gc] GC(116336) Pause Young (Normal) (G1 Evacuation Pause) 120M->115M(128M) 0,373ms
[2021-04-30T10:29:17.400+0300][2410,500s][info ][gc] GC(116334) Pause Remark 115M->115M(128M) 2,539ms
[2021-04-30T10:29:17.412+0300][2410,512s][info ][gc] GC(116337) Pause Young (Normal) (G1 Evacuation Pause) 120M->115M(128M) 0,476ms
[2021-04-30T10:29:17.414+0300][2410,514s][info ][gc] GC(116334) Pause Cleanup 116M->116M(128M) 0,098ms
[2021-04-30T10:29:17.414+0300][2410,514s][info ][gc] GC(116334) Concurrent Cycle 38,152ms
[2021-04-30T10:29:17.423+0300][2410,523s][info ][gc] GC(116338) Pause Young (Normal) (G1 Evacuation Pause) 120M->115M(128M) 0,426ms
[2021-04-30T10:29:17.436+0300][2410,536s][info ][gc] GC(116339) Pause Young (Concurrent Start) (G1 Evacuation Pause) 120M->115M(128M) 0,736ms
[2021-04-30T10:29:17.436+0300][2410,536s][info ][gc] GC(116340) Concurrent Cycle
[2021-04-30T10:29:17.449+0300][2410,550s][info ][gc] GC(116341) Pause Young (Normal) (G1 Evacuation Pause) 120M->115M(128M) 0,733ms
[2021-04-30T10:29:17.460+0300][2410,561s][info ][gc] GC(116340) Pause Remark 119M->119M(128M) 2,704ms
[2021-04-30T10:29:17.466+0300][2410,566s][info ][gc] GC(116342) Pause Young (Normal) (G1 Evacuation Pause) 120M->115M(128M) 0,463ms
[2021-04-30T10:29:17.474+0300][2410,575s][info ][gc] GC(116340) Pause Cleanup 119M->119M(128M) 0,068ms
[2021-04-30T10:29:17.475+0300][2410,575s][info ][gc] GC(116340) Concurrent Cycle 38,682ms
[2021-04-30T10:29:17.477+0300][2410,577s][info ][gc] GC(116343) Pause Young (Normal) (G1 Evacuation Pause) 120M->115M(128M) 0,449ms
[2021-04-30T10:29:17.490+0300][2410,591s][info ][gc] GC(116344) Pause Young (Concurrent Start) (G1 Evacuation Pause) 120M->115M(128M) 0,800ms
[2021-04-30T10:29:17.490+0300][2410,591s][info ][gc] GC(116345) Concurrent Cycle
[2021-04-30T10:29:17.504+0300][2410,605s][info ][gc] GC(116346) Pause Young (Normal) (G1 Evacuation Pause) 120M->115M(128M) 0,668ms
[2021-04-30T10:29:17.513+0300][2410,613s][info ][gc] GC(116345) Pause Remark 118M->118M(128M) 2,943ms
[2021-04-30T10:29:17.522+0300][2410,622s][info ][gc] GC(116347) Pause Young (Normal) (G1 Evacuation Pause) 120M->116M(128M) 0,712ms
[2021-04-30T10:29:17.528+0300][2410,628s][info ][gc] GC(116345) Pause Cleanup 118M->118M(128M) 0,132ms
[2021-04-30T10:29:17.528+0300][2410,628s][info ][gc] GC(116345) Concurrent Cycle 37,431ms
[2021-04-30T10:29:17.533+0300][2410,634s][info ][gc] GC(116348) Pause Young (Normal) (G1 Evacuation Pause) 121M->116M(128M) 0,450ms
[2021-04-30T10:29:17.545+0300][2410,645s][info ][gc] GC(116349) Pause Young (Concurrent Start) (G1 Evacuation Pause) 121M->116M(128M) 0,733ms
[2021-04-30T10:29:17.545+0300][2410,645s][info ][gc] GC(116350) Concurrent Cycle
[2021-04-30T10:29:17.555+0300][2410,655s][info ][gc] GC(116351) Pause Young (Normal) (G1 Evacuation Pause) 121M->116M(128M) 0,663ms
[2021-04-30T10:29:17.566+0300][2410,666s][info ][gc] GC(116352) Pause Young (Normal) (G1 Evacuation Pause) 121M->116M(128M) 0,350ms
[2021-04-30T10:29:17.573+0300][2410,673s][info ][gc] GC(116350) Pause Remark 117M->117M(128M) 2,175ms
[2021-04-30T10:29:17.582+0300][2410,682s][info ][gc] GC(116353) Pause Young (Normal) (G1 Evacuation Pause) 121M->116M(128M) 0,465ms
[2021-04-30T10:29:17.589+0300][2410,690s][info ][gc] GC(116350) Pause Cleanup 119M->119M(128M) 0,073ms
[2021-04-30T10:29:17.590+0300][2410,690s][info ][gc] GC(116350) Concurrent Cycle 45,040ms
[2021-04-30T10:29:17.593+0300][2410,694s][info ][gc] GC(116354) Pause Young (Normal) (G1 Evacuation Pause) 121M->116M(128M) 0,444ms
[2021-04-30T10:29:17.603+0300][2410,703s][info ][gc] GC(116355) Pause Young (Concurrent Start) (G1 Evacuation Pause) 121M->116M(128M) 0,504ms
[2021-04-30T10:29:17.603+0300][2410,704s][info ][gc] GC(116356) Concurrent Cycle
[2021-04-30T10:29:17.615+0300][2410,715s][info ][gc] GC(116357) Pause Young (Normal) (G1 Evacuation Pause) 121M->116M(128M) 0,755ms
[2021-04-30T10:29:17.630+0300][2410,731s][info ][gc] GC(116356) Pause Remark 121M->121M(128M) 3,683ms
[2021-04-30T10:29:17.634+0300][2410,734s][info ][gc] GC(116358) Pause Young (Normal) (G1 Evacuation Pause) 121M->116M(128M) 0,891ms
[2021-04-30T10:29:17.646+0300][2410,747s][info ][gc] GC(116359) Pause Young (Normal) (G1 Evacuation Pause) 121M->117M(128M) 0,555ms
[2021-04-30T10:29:17.654+0300][2410,754s][info ][gc] GC(116356) Pause Cleanup 120M->120M(128M) 0,162ms
[2021-04-30T10:29:17.654+0300][2410,754s][info ][gc] GC(116356) Concurrent Cycle 50,651ms
[2021-04-30T10:29:17.658+0300][2410,758s][info ][gc] GC(116360) Pause Young (Normal) (G1 Evacuation Pause) 122M->117M(128M) 0,559ms
[2021-04-30T10:29:17.670+0300][2410,770s][info ][gc] GC(116361) Pause Young (Concurrent Start) (G1 Evacuation Pause) 122M->117M(128M) 0,628ms
[2021-04-30T10:29:17.670+0300][2410,770s][info ][gc] GC(116362) Concurrent Cycle
[2021-04-30T10:29:17.682+0300][2410,782s][info ][gc] GC(116363) Pause Young (Normal) (G1 Evacuation Pause) 122M->117M(128M) 0,802ms
[2021-04-30T10:29:17.696+0300][2410,796s][info ][gc] GC(116364) Pause Young (Normal) (G1 Evacuation Pause) 122M->117M(128M) 0,415ms
[2021-04-30T10:29:17.704+0300][2410,804s][info ][gc] GC(116362) Pause Remark 119M->119M(128M) 2,303ms
[2021-04-30T10:29:17.711+0300][2410,811s][info ][gc] GC(116365) Pause Young (Normal) (G1 Evacuation Pause) 122M->117M(128M) 0,548ms
[2021-04-30T10:29:17.723+0300][2410,823s][info ][gc] GC(116366) Pause Young (Normal) (G1 Evacuation Pause) 122M->117M(128M) 0,724ms
[2021-04-30T10:29:17.726+0300][2410,826s][info ][gc] GC(116362) Pause Cleanup 118M->118M(128M) 0,101ms
[2021-04-30T10:29:17.726+0300][2410,826s][info ][gc] GC(116362) Concurrent Cycle 56,355ms
[2021-04-30T10:29:17.734+0300][2410,835s][info ][gc] GC(116367) Pause Young (Normal) (G1 Evacuation Pause) 122M->117M(128M) 0,483ms
[2021-04-30T10:29:17.744+0300][2410,844s][info ][gc] GC(116368) Pause Young (Concurrent Start) (G1 Evacuation Pause) 122M->117M(128M) 0,632ms
[2021-04-30T10:29:17.744+0300][2410,844s][info ][gc] GC(116369) Concurrent Cycle
[2021-04-30T10:29:17.756+0300][2410,856s][info ][gc] GC(116370) Pause Young (Normal) (G1 Evacuation Pause) 122M->117M(128M) 0,672ms
[2021-04-30T10:29:17.768+0300][2410,868s][info ][gc] GC(116371) Pause Young (Normal) (G1 Evacuation Pause) 122M->117M(128M) 0,448ms
[2021-04-30T10:29:17.776+0300][2410,876s][info ][gc] GC(116369) Pause Remark 120M->120M(128M) 2,928ms
[2021-04-30T10:29:17.781+0300][2410,881s][info ][gc] GC(116372) Pause Young (Normal) (G1 Evacuation Pause) 122M->117M(128M) 0,362ms
[2021-04-30T10:29:17.791+0300][2410,891s][info ][gc] GC(116373) Pause Young (Normal) (G1 Evacuation Pause) 122M->118M(128M) 0,434ms
[2021-04-30T10:29:17.796+0300][2410,897s][info ][gc] GC(116369) Pause Cleanup 120M->120M(128M) 0,091ms
[2021-04-30T10:29:17.796+0300][2410,897s][info ][gc] GC(116369) Concurrent Cycle 52,371ms
[2021-04-30T10:29:17.803+0300][2410,903s][info ][gc] GC(116374) Pause Young (Normal) (G1 Evacuation Pause) 123M->118M(128M) 0,420ms
[2021-04-30T10:29:17.816+0300][2410,917s][info ][gc] GC(116375) Pause Young (Concurrent Start) (G1 Evacuation Pause) 123M->118M(128M) 0,696ms
[2021-04-30T10:29:17.816+0300][2410,917s][info ][gc] GC(116376) Concurrent Cycle
[2021-04-30T10:29:17.831+0300][2410,931s][info ][gc] GC(116377) Pause Young (Normal) (G1 Evacuation Pause) 123M->118M(128M) 1,315ms
[2021-04-30T10:29:17.844+0300][2410,944s][info ][gc] GC(116378) Pause Young (Normal) (G1 Evacuation Pause) 123M->118M(128M) 0,513ms
[2021-04-30T10:29:17.852+0300][2410,952s][info ][gc] GC(116376) Pause Remark 120M->120M(128M) 2,291ms
[2021-04-30T10:29:17.857+0300][2410,957s][info ][gc] GC(116379) Pause Young (Normal) (G1 Evacuation Pause) 123M->118M(128M) 0,443ms
[2021-04-30T10:29:17.867+0300][2410,967s][info ][gc] GC(116380) Pause Young (Normal) (G1 Evacuation Pause) 123M->118M(128M) 0,373ms
[2021-04-30T10:29:17.870+0300][2410,970s][info ][gc] GC(116376) Pause Cleanup 120M->120M(128M) 0,072ms
[2021-04-30T10:29:17.870+0300][2410,970s][info ][gc] GC(116376) Concurrent Cycle 53,499ms
[2021-04-30T10:29:17.878+0300][2410,978s][info ][gc] GC(116381) Pause Young (Normal) (G1 Evacuation Pause) 123M->118M(128M) 0,426ms
[2021-04-30T10:29:17.885+0300][2410,986s][info ][gc] GC(116382) Pause Young (Concurrent Start) (G1 Evacuation Pause) 123M->118M(128M) 0,493ms
[2021-04-30T10:29:17.886+0300][2410,986s][info ][gc] GC(116383) Concurrent Cycle
[2021-04-30T10:29:17.900+0300][2411,000s][info ][gc] GC(116384) Pause Young (Normal) (G1 Evacuation Pause) 123M->118M(128M) 0,723ms
[2021-04-30T10:29:17.914+0300][2411,015s][info ][gc] GC(116385) Pause Young (Normal) (G1 Evacuation Pause) 123M->118M(128M) 0,538ms
[2021-04-30T10:29:17.919+0300][2411,020s][info ][gc] GC(116383) Pause Remark 119M->119M(128M) 2,801ms
[2021-04-30T10:29:17.932+0300][2411,033s][info ][gc] GC(116386) Pause Young (Normal) (G1 Evacuation Pause) 123M->118M(128M) 1,986ms
[2021-04-30T10:29:17.940+0300][2411,040s][info ][gc] GC(116383) Pause Cleanup 122M->122M(128M) 0,090ms
[2021-04-30T10:29:17.940+0300][2411,040s][info ][gc] GC(116383) Concurrent Cycle 54,470ms
[2021-04-30T10:29:17.944+0300][2411,044s][info ][gc] GC(116387) Pause Young (Normal) (G1 Evacuation Pause) 123M->119M(128M) 0,779ms
[2021-04-30T10:29:17.955+0300][2411,055s][info ][gc] GC(116388) Pause Young (Concurrent Start) (G1 Evacuation Pause) 124M->119M(128M) 0,697ms
[2021-04-30T10:29:17.955+0300][2411,055s][info ][gc] GC(116389) Concurrent Cycle
[2021-04-30T10:29:17.977+0300][2411,077s][info ][gc] GC(116390) Pause Young (Normal) (G1 Evacuation Pause) 124M->119M(128M) 5,119ms
[2021-04-30T10:29:17.990+0300][2411,090s][info ][gc] GC(116391) Pause Young (Normal) (G1 Evacuation Pause) 124M->119M(128M) 0,479ms
[2021-04-30T10:29:17.999+0300][2411,099s][info ][gc] GC(116389) Pause Remark 121M->121M(128M) 3,520ms
[2021-04-30T10:29:18.009+0300][2411,109s][info ][gc] GC(116392) Pause Young (Normal) (G1 Evacuation Pause) 124M->119M(128M) 2,878ms
[2021-04-30T10:29:18.021+0300][2411,122s][info ][gc] GC(116389) Pause Cleanup 124M->124M(128M) 0,120ms
[2021-04-30T10:29:18.022+0300][2411,122s][info ][gc] GC(116393) To-space exhausted
[2021-04-30T10:29:18.022+0300][2411,122s][info ][gc] GC(116393) Pause Young (Normal) (G1 Evacuation Pause) 124M->120M(128M) 0,617ms
[2021-04-30T10:29:18.023+0300][2411,123s][info ][gc] GC(116389) Concurrent Cycle 67,934ms
[2021-04-30T10:29:18.034+0300][2411,134s][info ][gc] GC(116394) To-space exhausted
[2021-04-30T10:29:18.034+0300][2411,134s][info ][gc] GC(116394) Pause Young (Normal) (G1 Evacuation Pause) 125M->125M(128M) 1,953ms
[2021-04-30T10:29:18.084+0300][2411,185s][info ][gc] GC(116395) Pause Full (G1 Evacuation Pause) 125M->119M(128M) 50,216ms
[2021-04-30T10:29:18.096+0300][2411,196s][info ][gc] GC(116396) Pause Young (Concurrent Start) (G1 Evacuation Pause) 125M->119M(128M) 0,453ms
[2021-04-30T10:29:18.096+0300][2411,196s][info ][gc] GC(116397) Concurrent Cycle
[2021-04-30T10:29:18.109+0300][2411,209s][info ][gc] GC(116398) Pause Young (Normal) (G1 Evacuation Pause) 124M->119M(128M) 0,559ms
[2021-04-30T10:29:18.122+0300][2411,222s][info ][gc] GC(116399) Pause Young (Normal) (G1 Evacuation Pause) 124M->119M(128M) 0,979ms
[2021-04-30T10:29:18.125+0300][2411,226s][info ][gc] GC(116397) Pause Remark 119M->119M(128M) 2,521ms
[2021-04-30T10:29:18.136+0300][2411,236s][info ][gc] GC(116400) Pause Young (Normal) (G1 Evacuation Pause) 124M->119M(128M) 0,333ms
[2021-04-30T10:29:18.143+0300][2411,243s][info ][gc] GC(116397) Pause Cleanup 123M->123M(128M) 0,068ms
[2021-04-30T10:29:18.143+0300][2411,244s][info ][gc] GC(116397) Concurrent Cycle 47,183ms
[2021-04-30T10:29:18.149+0300][2411,249s][info ][gc] GC(116401) Pause Young (Normal) (G1 Evacuation Pause) 124M->119M(128M) 1,468ms
[2021-04-30T10:29:18.158+0300][2411,259s][info ][gc] GC(116402) Pause Young (Concurrent Start) (G1 Evacuation Pause) 124M->119M(128M) 0,575ms
[2021-04-30T10:29:18.158+0300][2411,259s][info ][gc] GC(116403) Concurrent Cycle
[2021-04-30T10:29:18.174+0300][2411,274s][info ][gc] GC(116404) Pause Young (Normal) (G1 Evacuation Pause) 124M->119M(128M) 0,734ms
[2021-04-30T10:29:18.191+0300][2411,291s][info ][gc] GC(116405) Pause Young (Normal) (G1 Evacuation Pause) 124M->119M(128M) 2,924ms
[2021-04-30T10:29:18.199+0300][2411,299s][info ][gc] GC(116403) Pause Remark 122M->122M(128M) 3,032ms
[2021-04-30T10:29:18.205+0300][2411,305s][info ][gc] GC(116406) Pause Young (Normal) (G1 Evacuation Pause) 124M->119M(128M) 0,449ms
[2021-04-30T10:29:18.220+0300][2411,320s][info ][gc] GC(116407) Pause Young (Normal) (G1 Evacuation Pause) 124M->119M(128M) 1,289ms
[2021-04-30T10:29:18.221+0300][2411,322s][info ][gc] GC(116403) Pause Cleanup 121M->121M(128M) 0,084ms
[2021-04-30T10:29:18.222+0300][2411,322s][info ][gc] GC(116403) Concurrent Cycle 63,066ms
[2021-04-30T10:29:18.232+0300][2411,333s][info ][gc] GC(116408) Pause Young (Normal) (G1 Evacuation Pause) 124M->120M(128M) 0,531ms
[2021-04-30T10:29:18.245+0300][2411,345s][info ][gc] GC(116409) Pause Young (Concurrent Start) (G1 Evacuation Pause) 125M->120M(128M) 0,587ms
[2021-04-30T10:29:18.245+0300][2411,345s][info ][gc] GC(116410) Concurrent Cycle
[2021-04-30T10:29:18.255+0300][2411,356s][info ][gc] GC(116411) Pause Young (Normal) (G1 Evacuation Pause) 125M->120M(128M) 0,705ms
[2021-04-30T10:29:18.269+0300][2411,369s][info ][gc] GC(116412) Pause Young (Normal) (G1 Evacuation Pause) 125M->120M(128M) 1,285ms
[2021-04-30T10:29:18.277+0300][2411,377s][info ][gc] GC(116410) Pause Remark 122M->122M(128M) 4,029ms
[2021-04-30T10:29:18.285+0300][2411,386s][info ][gc] GC(116413) Pause Young (Normal) (G1 Evacuation Pause) 125M->120M(128M) 0,540ms
[2021-04-30T10:29:18.300+0300][2411,400s][info ][gc] GC(116414) Pause Young (Normal) (G1 Evacuation Pause) 125M->120M(128M) 0,702ms
[2021-04-30T10:29:18.302+0300][2411,402s][info ][gc] GC(116410) Pause Cleanup 121M->121M(128M) 0,086ms
[2021-04-30T10:29:18.302+0300][2411,403s][info ][gc] GC(116410) Concurrent Cycle 57,472ms
[2021-04-30T10:29:18.312+0300][2411,412s][info ][gc] GC(116415) Pause Young (Normal) (G1 Evacuation Pause) 125M->120M(128M) 2,987ms
[2021-04-30T10:29:18.324+0300][2411,425s][info ][gc] GC(116416) Pause Young (Concurrent Start) (G1 Evacuation Pause) 125M->120M(128M) 0,665ms
[2021-04-30T10:29:18.324+0300][2411,425s][info ][gc] GC(116417) Concurrent Cycle
[2021-04-30T10:29:18.340+0300][2411,440s][info ][gc] GC(116418) To-space exhausted
[2021-04-30T10:29:18.340+0300][2411,440s][info ][gc] GC(116418) Pause Young (Normal) (G1 Evacuation Pause) 125M->121M(128M) 1,124ms
[2021-04-30T10:29:18.353+0300][2411,453s][info ][gc] GC(116417) Pause Remark 125M->125M(128M) 4,225ms
[2021-04-30T10:29:18.359+0300][2411,459s][info ][gc] GC(116419) To-space exhausted
[2021-04-30T10:29:18.359+0300][2411,459s][info ][gc] GC(116419) Pause Young (Normal) (G1 Evacuation Pause) 126M->126M(128M) 2,609ms
[2021-04-30T10:29:18.359+0300][2411,459s][debug][gc] GC(116420) Clear Next Bitmap 0,079ms
[2021-04-30T10:29:18.425+0300][2411,525s][info ][gc] GC(116420) Pause Full (G1 Evacuation Pause) 126M->120M(128M) 65,830ms
[2021-04-30T10:29:18.425+0300][2411,526s][info ][gc] GC(116417) Concurrent Cycle 100,728ms
[2021-04-30T10:29:18.444+0300][2411,544s][info ][gc] GC(116421) To-space exhausted
[2021-04-30T10:29:18.444+0300][2411,544s][info ][gc] GC(116421) Pause Young (Normal) (G1 Evacuation Pause) 126M->126M(128M) 2,087ms
[2021-04-30T10:29:18.506+0300][2411,606s][info ][gc] GC(116422) Pause Full (G1 Evacuation Pause) 126M->120M(128M) 61,949ms
[2021-04-30T10:29:18.521+0300][2411,621s][info ][gc] GC(116423) To-space exhausted
[2021-04-30T10:29:18.521+0300][2411,621s][info ][gc] GC(116423) Pause Young (Concurrent Start) (G1 Evacuation Pause) 125M->125M(128M) 1,918ms
[2021-04-30T10:29:18.521+0300][2411,621s][info ][gc] GC(116425) Concurrent Cycle
[2021-04-30T10:29:18.521+0300][2411,621s][debug][gc] GC(116424) Clear Next Bitmap 0,088ms
[2021-04-30T10:29:18.581+0300][2411,681s][info ][gc] GC(116424) Pause Full (G1 Evacuation Pause) 125M->120M(128M) 59,713ms
[2021-04-30T10:29:18.581+0300][2411,681s][info ][gc] GC(116425) Concurrent Cycle 59,953ms
[2021-04-30T10:29:18.593+0300][2411,693s][info ][gc] GC(116426) To-space exhausted
[2021-04-30T10:29:18.593+0300][2411,693s][info ][gc] GC(116426) Pause Young (Normal) (G1 Evacuation Pause) 125M->125M(128M) 1,720ms
[2021-04-30T10:29:18.650+0300][2411,750s][info ][gc] GC(116427) Pause Full (G1 Evacuation Pause) 125M->120M(128M) 57,125ms
[2021-04-30T10:29:18.670+0300][2411,770s][info ][gc] GC(116428) To-space exhausted
[2021-04-30T10:29:18.670+0300][2411,770s][info ][gc] GC(116428) Pause Young (Concurrent Start) (G1 Evacuation Pause) 126M->126M(128M) 3,198ms
[2021-04-30T10:29:18.670+0300][2411,770s][info ][gc] GC(116430) Concurrent Cycle
[2021-04-30T10:29:18.670+0300][2411,770s][debug][gc] GC(116429) Clear Next Bitmap 0,088ms
[2021-04-30T10:29:18.743+0300][2411,843s][info ][gc] GC(116429) Pause Full (G1 Evacuation Pause) 126M->120M(128M) 73,058ms
[2021-04-30T10:29:18.745+0300][2411,845s][info ][gc] GC(116430) Concurrent Cycle 75,242ms
[2021-04-30T10:29:18.757+0300][2411,857s][info ][gc] GC(116431) To-space exhausted
[2021-04-30T10:29:18.757+0300][2411,857s][info ][gc] GC(116431) Pause Young (Normal) (G1 Evacuation Pause) 125M->125M(128M) 2,994ms
[2021-04-30T10:29:18.823+0300][2411,923s][info ][gc] GC(116432) Pause Full (G1 Evacuation Pause) 125M->121M(128M) 65,681ms
[2021-04-30T10:29:18.836+0300][2411,937s][info ][gc] GC(116433) To-space exhausted
[2021-04-30T10:29:18.837+0300][2411,937s][info ][gc] GC(116433) Pause Young (Concurrent Start) (G1 Evacuation Pause) 126M->126M(128M) 1,917ms
[2021-04-30T10:29:18.837+0300][2411,937s][info ][gc] GC(116435) Concurrent Cycle
[2021-04-30T10:29:18.837+0300][2411,937s][debug][gc] GC(116434) Clear Next Bitmap 0,108ms
[2021-04-30T10:29:18.905+0300][2412,005s][info ][gc] GC(116434) Pause Full (G1 Evacuation Pause) 126M->121M(128M) 68,562ms
[2021-04-30T10:29:18.905+0300][2412,006s][info ][gc] GC(116435) Concurrent Cycle 68,700ms
[2021-04-30T10:29:18.918+0300][2412,019s][info ][gc] GC(116436) To-space exhausted
[2021-04-30T10:29:18.919+0300][2412,019s][info ][gc] GC(116436) Pause Young (Normal) (G1 Evacuation Pause) 126M->126M(128M) 1,936ms
[2021-04-30T10:29:18.982+0300][2412,083s][info ][gc] GC(116437) Pause Full (G1 Evacuation Pause) 126M->121M(128M) 63,719ms
[2021-04-30T10:29:18.998+0300][2412,098s][info ][gc] GC(116438) To-space exhausted
[2021-04-30T10:29:18.998+0300][2412,098s][info ][gc] GC(116438) Pause Young (Concurrent Start) (G1 Evacuation Pause) 126M->126M(128M) 1,503ms
[2021-04-30T10:29:18.998+0300][2412,098s][info ][gc] GC(116440) Concurrent Cycle
[2021-04-30T10:29:18.998+0300][2412,098s][debug][gc] GC(116439) Clear Next Bitmap 0,111ms
[2021-04-30T10:29:19.064+0300][2412,164s][info ][gc] GC(116439) Pause Full (G1 Evacuation Pause) 126M->121M(128M) 66,253ms
[2021-04-30T10:29:19.064+0300][2412,165s][info ][gc] GC(116440) Concurrent Cycle 66,386ms
[2021-04-30T10:29:19.079+0300][2412,180s][info ][gc] GC(116441) To-space exhausted
[2021-04-30T10:29:19.079+0300][2412,180s][info ][gc] GC(116441) Pause Young (Normal) (G1 Evacuation Pause) 126M->126M(128M) 2,209ms
[2021-04-30T10:29:19.149+0300][2412,249s][info ][gc] GC(116442) Pause Full (G1 Evacuation Pause) 126M->121M(128M) 69,364ms
