[2021-04-30T09:41:04.653+0300][0.015s][info][gc] Using Parallel
[2021-04-30T09:41:05.146+0300][0,509s][info][gc] GC(0) Pause Young (Allocation Failure) 32M->2M(123M) 4,392ms
[2021-04-30T09:41:05.242+0300][0,604s][info][gc] GC(1) Pause Young (Allocation Failure) 34M->2M(123M) 4,417ms
[2021-04-30T09:41:05.306+0300][0,669s][info][gc] GC(2) Pause Young (Allocation Failure) 35M->3M(123M) 3,300ms
[2021-04-30T09:41:05.367+0300][0,729s][info][gc] GC(3) Pause Young (Allocation Failure) 35M->3M(123M) 2,976ms
[2021-04-30T09:41:05.429+0300][0,791s][info][gc] GC(4) Pause Young (Allocation Failure) 36M->4M(123M) 2,775ms
[2021-04-30T09:41:05.495+0300][0,857s][info][gc] GC(5) Pause Young (Allocation Failure) 36M->4M(121M) 3,267ms
[2021-04-30T09:41:05.545+0300][0,907s][info][gc] GC(6) Pause Young (Allocation Failure) 35M->5M(122M) 3,536ms
[2021-04-30T09:41:05.592+0300][0,955s][info][gc] GC(7) Pause Young (Allocation Failure) 35M->5M(122M) 1,277ms
[2021-04-30T09:41:05.642+0300][1,004s][info][gc] GC(8) Pause Young (Allocation Failure) 37M->6M(122M) 1,045ms
[2021-04-30T09:41:05.689+0300][1,051s][info][gc] GC(9) Pause Young (Allocation Failure) 37M->7M(121M) 1,015ms
[2021-04-30T09:41:05.733+0300][1,095s][info][gc] GC(10) Pause Young (Allocation Failure) 37M->7M(122M) 0,854ms
[2021-04-30T09:41:05.779+0300][1,141s][info][gc] GC(11) Pause Young (Allocation Failure) 38M->8M(122M) 0,665ms
[2021-04-30T09:41:05.825+0300][1,188s][info][gc] GC(12) Pause Young (Allocation Failure) 38M->8M(122M) 0,649ms
[2021-04-30T09:41:05.875+0300][1,237s][info][gc] GC(13) Pause Young (Allocation Failure) 39M->9M(122M) 0,686ms
[2021-04-30T09:41:05.924+0300][1,287s][info][gc] GC(14) Pause Young (Allocation Failure) 39M->9M(122M) 0,524ms
[2021-04-30T09:41:05.973+0300][1,335s][info][gc] GC(15) Pause Young (Allocation Failure) 40M->10M(122M) 0,675ms
[2021-04-30T09:41:06.018+0300][1,380s][info][gc] GC(16) Pause Young (Allocation Failure) 41M->10M(122M) 0,615ms
[2021-04-30T09:41:06.062+0300][1,424s][info][gc] GC(17) Pause Young (Allocation Failure) 41M->11M(122M) 0,660ms
[2021-04-30T09:41:06.110+0300][1,472s][info][gc] GC(18) Pause Young (Allocation Failure) 42M->11M(122M) 0,623ms
[2021-04-30T09:41:06.154+0300][1,517s][info][gc] GC(19) Pause Young (Allocation Failure) 43M->12M(123M) 0,655ms
[2021-04-30T09:41:06.200+0300][1,562s][info][gc] GC(20) Pause Young (Allocation Failure) 44M->13M(123M) 0,673ms
[2021-04-30T09:41:06.247+0300][1,610s][info][gc] GC(21) Pause Young (Allocation Failure) 45M->13M(123M) 0,683ms
[2021-04-30T09:41:06.295+0300][1,658s][info][gc] GC(22) Pause Young (Allocation Failure) 47M->14M(123M) 0,736ms
[2021-04-30T09:41:06.362+0300][1,724s][info][gc] GC(23) Pause Young (Allocation Failure) 47M->14M(124M) 0,795ms
[2021-04-30T09:41:06.420+0300][1,782s][info][gc] GC(24) Pause Young (Allocation Failure) 48M->15M(123M) 0,719ms
[2021-04-30T09:41:06.475+0300][1,838s][info][gc] GC(25) Pause Young (Allocation Failure) 49M->16M(124M) 1,059ms
[2021-04-30T09:41:06.542+0300][1,904s][info][gc] GC(26) Pause Young (Allocation Failure) 51M->16M(124M) 1,157ms
[2021-04-30T09:41:06.604+0300][1,967s][info][gc] GC(27) Pause Young (Allocation Failure) 51M->17M(124M) 1,424ms
[2021-04-30T09:41:06.713+0300][2,076s][info][gc] GC(28) Pause Young (Allocation Failure) 53M->18M(124M) 1,961ms
[2021-04-30T09:41:06.819+0300][2,181s][info][gc] GC(29) Pause Young (Allocation Failure) 53M->19M(125M) 1,751ms
[2021-04-30T09:41:06.928+0300][2,291s][info][gc] GC(30) Pause Young (Allocation Failure) 55M->19M(125M) 18,167ms
[2021-04-30T09:41:07.031+0300][2,393s][info][gc] GC(31) Pause Young (Allocation Failure) 56M->20M(125M) 2,883ms
[2021-04-30T09:41:07.133+0300][2,495s][info][gc] GC(32) Pause Young (Allocation Failure) 57M->21M(125M) 1,251ms
[2021-04-30T09:41:07.216+0300][2,578s][info][gc] GC(33) Pause Young (Allocation Failure) 58M->21M(125M) 0,874ms
[2021-04-30T09:41:07.278+0300][2,641s][info][gc] GC(34) Pause Young (Allocation Failure) 59M->22M(125M) 0,877ms
[2021-04-30T09:41:07.335+0300][2,697s][info][gc] GC(35) Pause Young (Allocation Failure) 59M->23M(125M) 0,983ms
[2021-04-30T09:41:07.390+0300][2,752s][info][gc] GC(36) Pause Young (Allocation Failure) 60M->23M(125M) 1,188ms
[2021-04-30T09:41:07.451+0300][2,813s][info][gc] GC(37) Pause Young (Allocation Failure) 61M->24M(126M) 1,012ms
[2021-04-30T09:41:07.511+0300][2,873s][info][gc] GC(38) Pause Young (Allocation Failure) 62M->25M(126M) 1,011ms
[2021-04-30T09:41:07.568+0300][2,930s][info][gc] GC(39) Pause Young (Allocation Failure) 63M->25M(126M) 0,961ms
[2021-04-30T09:41:07.623+0300][2,985s][info][gc] GC(40) Pause Young (Allocation Failure) 64M->26M(126M) 0,926ms
[2021-04-30T09:41:07.680+0300][3,042s][info][gc] GC(41) Pause Young (Allocation Failure) 64M->26M(126M) 0,819ms
[2021-04-30T09:41:07.736+0300][3,098s][info][gc] GC(42) Pause Young (Allocation Failure) 65M->27M(126M) 1,035ms
[2021-04-30T09:41:07.800+0300][3,163s][info][gc] GC(43) Pause Young (Allocation Failure) 66M->28M(126M) 1,086ms
[2021-04-30T09:41:07.867+0300][3,230s][info][gc] GC(44) Pause Young (Allocation Failure) 67M->29M(126M) 0,900ms
[2021-04-30T09:41:07.929+0300][3,291s][info][gc] GC(45) Pause Young (Allocation Failure) 68M->29M(126M) 1,030ms
[2021-04-30T09:41:07.994+0300][3,356s][info][gc] GC(46) Pause Young (Allocation Failure) 69M->30M(126M) 0,937ms
[2021-04-30T09:41:08.054+0300][3,417s][info][gc] GC(47) Pause Young (Allocation Failure) 70M->31M(126M) 1,155ms
[2021-04-30T09:41:08.111+0300][3,473s][info][gc] GC(48) Pause Young (Allocation Failure) 70M->31M(126M) 0,995ms
[2021-04-30T09:41:08.169+0300][3,532s][info][gc] GC(49) Pause Young (Allocation Failure) 71M->32M(126M) 1,083ms
[2021-04-30T09:41:08.233+0300][3,595s][info][gc] GC(50) Pause Young (Allocation Failure) 72M->33M(126M) 1,019ms
[2021-04-30T09:41:08.298+0300][3,660s][info][gc] GC(51) Pause Young (Allocation Failure) 72M->33M(126M) 1,085ms
[2021-04-30T09:41:08.365+0300][3,727s][info][gc] GC(52) Pause Young (Allocation Failure) 73M->34M(126M) 1,076ms
[2021-04-30T09:41:08.434+0300][3,796s][info][gc] GC(53) Pause Young (Allocation Failure) 74M->35M(126M) 0,876ms
[2021-04-30T09:41:08.504+0300][3,867s][info][gc] GC(54) Pause Young (Allocation Failure) 74M->36M(126M) 0,918ms
[2021-04-30T09:41:08.558+0300][3,920s][info][gc] GC(55) Pause Young (Allocation Failure) 75M->36M(127M) 0,904ms
[2021-04-30T09:41:08.613+0300][3,975s][info][gc] GC(56) Pause Young (Allocation Failure) 77M->37M(127M) 1,035ms
[2021-04-30T09:41:08.674+0300][4,036s][info][gc] GC(57) Pause Young (Allocation Failure) 77M->38M(127M) 1,064ms
[2021-04-30T09:41:08.740+0300][4,103s][info][gc] GC(58) Pause Young (Allocation Failure) 78M->38M(127M) 0,963ms
[2021-04-30T09:41:08.800+0300][4,162s][info][gc] GC(59) Pause Young (Allocation Failure) 79M->39M(127M) 0,939ms
[2021-04-30T09:41:08.859+0300][4,221s][info][gc] GC(60) Pause Young (Allocation Failure) 79M->40M(127M) 1,153ms
[2021-04-30T09:41:08.919+0300][4,282s][info][gc] GC(61) Pause Young (Allocation Failure) 80M->41M(126M) 1,074ms
[2021-04-30T09:41:08.989+0300][4,351s][info][gc] GC(62) Pause Young (Allocation Failure) 80M->41M(126M) 1,121ms
[2021-04-30T09:41:09.054+0300][4,416s][info][gc] GC(63) Pause Young (Allocation Failure) 81M->42M(126M) 1,125ms
[2021-04-30T09:41:09.109+0300][4,471s][info][gc] GC(64) Pause Young (Allocation Failure) 82M->43M(126M) 1,038ms
[2021-04-30T09:41:09.164+0300][4,526s][info][gc] GC(65) Pause Young (Allocation Failure) 82M->43M(126M) 1,029ms
[2021-04-30T09:41:09.216+0300][4,579s][info][gc] GC(66) Pause Young (Allocation Failure) 83M->44M(126M) 1,232ms
[2021-04-30T09:41:09.272+0300][4,634s][info][gc] GC(67) Pause Young (Allocation Failure) 84M->45M(126M) 1,166ms
[2021-04-30T09:41:09.328+0300][4,690s][info][gc] GC(68) Pause Young (Allocation Failure) 84M->45M(126M) 1,092ms
[2021-04-30T09:41:09.386+0300][4,748s][info][gc] GC(69) Pause Young (Allocation Failure) 85M->46M(126M) 1,075ms
[2021-04-30T09:41:09.441+0300][4,803s][info][gc] GC(70) Pause Young (Allocation Failure) 86M->47M(126M) 1,221ms
[2021-04-30T09:41:09.493+0300][4,856s][info][gc] GC(71) Pause Young (Allocation Failure) 86M->47M(126M) 1,066ms
[2021-04-30T09:41:09.550+0300][4,913s][info][gc] GC(72) Pause Young (Allocation Failure) 87M->48M(126M) 1,121ms
[2021-04-30T09:41:09.607+0300][4,969s][info][gc] GC(73) Pause Young (Allocation Failure) 88M->49M(127M) 0,990ms
[2021-04-30T09:41:09.666+0300][5,028s][info][gc] GC(74) Pause Young (Allocation Failure) 89M->50M(127M) 1,169ms
[2021-04-30T09:41:09.720+0300][5,082s][info][gc] GC(75) Pause Young (Allocation Failure) 90M->50M(127M) 1,172ms
[2021-04-30T09:41:09.776+0300][5,138s][info][gc] GC(76) Pause Young (Allocation Failure) 91M->51M(127M) 1,102ms
[2021-04-30T09:41:09.836+0300][5,198s][info][gc] GC(77) Pause Young (Allocation Failure) 91M->52M(127M) 1,032ms
[2021-04-30T09:41:09.898+0300][5,260s][info][gc] GC(78) Pause Young (Allocation Failure) 92M->52M(127M) 0,951ms
[2021-04-30T09:41:09.964+0300][5,326s][info][gc] GC(79) Pause Young (Allocation Failure) 93M->53M(127M) 1,134ms
[2021-04-30T09:41:10.022+0300][5,384s][info][gc] GC(80) Pause Young (Allocation Failure) 93M->54M(127M) 1,011ms
[2021-04-30T09:41:10.080+0300][5,442s][info][gc] GC(81) Pause Young (Allocation Failure) 94M->54M(127M) 1,065ms
[2021-04-30T09:41:10.325+0300][5,687s][info][gc] GC(82) Pause Young (Allocation Failure) 95M->54M(127M) 0,905ms
[2021-04-30T09:41:10.383+0300][5,745s][info][gc] GC(83) Pause Young (Allocation Failure) 95M->55M(127M) 1,009ms
[2021-04-30T09:41:10.440+0300][5,802s][info][gc] GC(84) Pause Young (Allocation Failure) 96M->56M(127M) 1,163ms
[2021-04-30T09:41:10.497+0300][5,859s][info][gc] GC(85) Pause Young (Allocation Failure) 96M->56M(127M) 1,083ms
[2021-04-30T09:41:10.552+0300][5,914s][info][gc] GC(86) Pause Young (Allocation Failure) 97M->57M(127M) 1,125ms
[2021-04-30T09:41:10.611+0300][5,973s][info][gc] GC(87) Pause Young (Allocation Failure) 98M->58M(127M) 0,985ms
[2021-04-30T09:41:10.667+0300][6,029s][info][gc] GC(88) Pause Young (Allocation Failure) 98M->59M(127M) 1,165ms
[2021-04-30T09:41:10.724+0300][6,086s][info][gc] GC(89) Pause Young (Allocation Failure) 99M->59M(127M) 1,103ms
[2021-04-30T09:41:10.780+0300][6,142s][info][gc] GC(90) Pause Young (Allocation Failure) 100M->60M(127M) 1,051ms
[2021-04-30T09:41:10.836+0300][6,199s][info][gc] GC(91) Pause Young (Allocation Failure) 100M->61M(127M) 1,146ms
[2021-04-30T09:41:10.899+0300][6,261s][info][gc] GC(92) Pause Young (Allocation Failure) 101M->61M(127M) 1,217ms
[2021-04-30T09:41:10.967+0300][6,329s][info][gc] GC(93) Pause Young (Allocation Failure) 102M->62M(127M) 1,113ms
[2021-04-30T09:41:11.027+0300][6,389s][info][gc] GC(94) Pause Young (Allocation Failure) 103M->63M(127M) 1,167ms
[2021-04-30T09:41:11.081+0300][6,443s][info][gc] GC(95) Pause Young (Allocation Failure) 103M->63M(127M) 1,089ms
[2021-04-30T09:41:11.139+0300][6,502s][info][gc] GC(96) Pause Young (Allocation Failure) 104M->64M(127M) 1,326ms
[2021-04-30T09:41:11.205+0300][6,567s][info][gc] GC(97) Pause Young (Allocation Failure) 105M->65M(127M) 1,194ms
[2021-04-30T09:41:11.265+0300][6,627s][info][gc] GC(98) Pause Young (Allocation Failure) 105M->65M(127M) 1,038ms
[2021-04-30T09:41:11.321+0300][6,683s][info][gc] GC(99) Pause Young (Allocation Failure) 106M->66M(127M) 1,111ms
[2021-04-30T09:41:11.376+0300][6,739s][info][gc] GC(100) Pause Young (Allocation Failure) 107M->67M(127M) 1,099ms
[2021-04-30T09:41:11.433+0300][6,796s][info][gc] GC(101) Pause Young (Allocation Failure) 107M->67M(127M) 1,165ms
[2021-04-30T09:41:11.493+0300][6,855s][info][gc] GC(102) Pause Young (Allocation Failure) 108M->68M(127M) 1,505ms
[2021-04-30T09:41:11.552+0300][6,915s][info][gc] GC(103) Pause Young (Allocation Failure) 109M->69M(127M) 1,140ms
[2021-04-30T09:41:11.608+0300][6,970s][info][gc] GC(104) Pause Young (Allocation Failure) 109M->70M(127M) 1,263ms
[2021-04-30T09:41:11.666+0300][7,028s][info][gc] GC(105) Pause Young (Allocation Failure) 110M->70M(127M) 1,082ms
[2021-04-30T09:41:11.718+0300][7,080s][info][gc] GC(106) Pause Young (Allocation Failure) 111M->72M(127M) 1,416ms
[2021-04-30T09:41:11.778+0300][7,140s][info][gc] GC(107) Pause Young (Allocation Failure) 112M->72M(126M) 1,618ms
[2021-04-30T09:41:11.834+0300][7,196s][info][gc] GC(108) Pause Young (Allocation Failure) 112M->73M(126M) 1,294ms
[2021-04-30T09:41:11.903+0300][7,265s][info][gc] GC(109) Pause Young (Allocation Failure) 112M->74M(126M) 1,188ms
[2021-04-30T09:41:11.968+0300][7,331s][info][gc] GC(110) Pause Young (Allocation Failure) 113M->74M(126M) 1,124ms
[2021-04-30T09:41:12.023+0300][7,385s][info][gc] GC(111) Pause Young (Allocation Failure) 114M->75M(126M) 1,539ms
[2021-04-30T09:41:12.084+0300][7,446s][info][gc] GC(112) Pause Young (Allocation Failure) 114M->76M(126M) 1,215ms
[2021-04-30T09:41:12.140+0300][7,502s][info][gc] GC(113) Pause Young (Allocation Failure) 115M->76M(126M) 1,309ms
[2021-04-30T09:41:12.201+0300][7,563s][info][gc] GC(114) Pause Young (Allocation Failure) 116M->77M(126M) 1,221ms
[2021-04-30T09:41:12.256+0300][7,618s][info][gc] GC(115) Pause Young (Allocation Failure) 116M->78M(126M) 1,254ms
[2021-04-30T09:41:12.313+0300][7,675s][info][gc] GC(116) Pause Young (Allocation Failure) 117M->78M(126M) 1,343ms
[2021-04-30T09:41:12.370+0300][7,732s][info][gc] GC(117) Pause Young (Allocation Failure) 118M->79M(126M) 1,588ms
[2021-04-30T09:41:12.428+0300][7,790s][info][gc] GC(118) Pause Young (Allocation Failure) 118M->80M(126M) 1,445ms
[2021-04-30T09:41:12.485+0300][7,847s][info][gc] GC(119) Pause Young (Allocation Failure) 119M->80M(127M) 1,329ms
[2021-04-30T09:41:12.540+0300][7,902s][info][gc] GC(120) Pause Young (Allocation Failure) 120M->81M(126M) 1,475ms
[2021-04-30T09:41:12.597+0300][7,959s][info][gc] GC(121) Pause Young (Allocation Failure) 121M->82M(127M) 1,267ms
[2021-04-30T09:41:12.653+0300][8,015s][info][gc] GC(122) Pause Young (Allocation Failure) 122M->82M(127M) 1,390ms
[2021-04-30T09:41:12.712+0300][8,075s][info][gc] GC(123) Pause Young (Allocation Failure) 123M->83M(127M) 1,599ms
[2021-04-30T09:41:12.770+0300][8,133s][info][gc] GC(124) Pause Young (Allocation Failure) 124M->84M(127M) 1,192ms
[2021-04-30T09:41:12.829+0300][8,191s][info][gc] GC(125) Pause Young (Allocation Failure) 124M->84M(127M) 1,767ms
[2021-04-30T09:41:12.890+0300][8,252s][info][gc] GC(126) Pause Young (Allocation Failure) 125M->85M(127M) 1,250ms
[2021-04-30T09:41:12.933+0300][8,295s][info][gc] GC(127) Pause Full (Ergonomics) 85M->69M(127M) 43,243ms
[2021-04-30T09:41:13.006+0300][8,368s][info][gc] GC(128) Pause Young (Allocation Failure) 109M->69M(127M) 0,971ms
[2021-04-30T09:41:13.072+0300][8,434s][info][gc] GC(129) Pause Young (Allocation Failure) 110M->70M(127M) 1,109ms
[2021-04-30T09:41:13.133+0300][8,495s][info][gc] GC(130) Pause Young (Allocation Failure) 110M->71M(127M) 1,106ms
[2021-04-30T09:41:13.188+0300][8,550s][info][gc] GC(131) Pause Young (Allocation Failure) 111M->71M(127M) 1,057ms
[2021-04-30T09:41:13.248+0300][8,610s][info][gc] GC(132) Pause Young (Allocation Failure) 112M->72M(127M) 1,548ms
[2021-04-30T09:41:13.308+0300][8,670s][info][gc] GC(133) Pause Young (Allocation Failure) 113M->73M(127M) 1,513ms
[2021-04-30T09:41:13.370+0300][8,732s][info][gc] GC(134) Pause Young (Allocation Failure) 113M->73M(127M) 1,055ms
[2021-04-30T09:41:13.425+0300][8,787s][info][gc] GC(135) Pause Young (Allocation Failure) 114M->74M(127M) 1,069ms
[2021-04-30T09:41:13.482+0300][8,844s][info][gc] GC(136) Pause Young (Allocation Failure) 115M->75M(127M) 0,951ms
[2021-04-30T09:41:13.538+0300][8,901s][info][gc] GC(137) Pause Young (Allocation Failure) 115M->75M(127M) 0,949ms
[2021-04-30T09:41:13.596+0300][8,959s][info][gc] GC(138) Pause Young (Allocation Failure) 116M->76M(127M) 1,217ms
[2021-04-30T09:41:13.656+0300][9,018s][info][gc] GC(139) Pause Young (Allocation Failure) 117M->77M(127M) 1,074ms
[2021-04-30T09:41:13.710+0300][9,072s][info][gc] GC(140) Pause Young (Allocation Failure) 117M->77M(127M) 1,115ms
[2021-04-30T09:41:13.774+0300][9,136s][info][gc] GC(141) Pause Young (Allocation Failure) 118M->78M(127M) 1,086ms
[2021-04-30T09:41:13.838+0300][9,201s][info][gc] GC(142) Pause Young (Allocation Failure) 119M->79M(127M) 1,247ms
[2021-04-30T09:41:13.905+0300][9,267s][info][gc] GC(143) Pause Young (Allocation Failure) 119M->80M(127M) 1,154ms
[2021-04-30T09:41:13.978+0300][9,340s][info][gc] GC(144) Pause Young (Allocation Failure) 120M->80M(127M) 0,981ms
[2021-04-30T09:41:14.042+0300][9,404s][info][gc] GC(145) Pause Young (Allocation Failure) 121M->81M(127M) 0,946ms
[2021-04-30T09:41:14.098+0300][9,460s][info][gc] GC(146) Pause Young (Allocation Failure) 121M->82M(127M) 1,157ms
[2021-04-30T09:41:14.156+0300][9,518s][info][gc] GC(147) Pause Young (Allocation Failure) 122M->83M(126M) 1,349ms
[2021-04-30T09:41:14.214+0300][9,576s][info][gc] GC(148) Pause Young (Allocation Failure) 123M->84M(126M) 1,392ms
[2021-04-30T09:41:14.272+0300][9,634s][info][gc] GC(149) Pause Young (Allocation Failure) 123M->85M(126M) 1,114ms
[2021-04-30T09:41:14.327+0300][9,689s][info][gc] GC(150) Pause Young (Allocation Failure) 124M->85M(126M) 1,120ms
[2021-04-30T09:41:14.354+0300][9,717s][info][gc] GC(151) Pause Full (Ergonomics) 85M->84M(126M) 27,729ms
[2021-04-30T09:41:14.412+0300][9,775s][info][gc] GC(152) Pause Young (Allocation Failure) 123M->85M(126M) 1,319ms
[2021-04-30T09:41:14.469+0300][9,831s][info][gc] GC(153) Pause Young (Allocation Failure) 124M->85M(126M) 1,168ms
[2021-04-30T09:41:14.524+0300][9,886s][info][gc] GC(154) Pause Full (Ergonomics) 85M->85M(126M) 55,153ms
[2021-04-30T09:41:14.607+0300][9,969s][info][gc] GC(155) Pause Full (Ergonomics) 124M->86M(126M) 22,836ms
[2021-04-30T09:41:14.687+0300][10,049s][info][gc] GC(156) Pause Full (Ergonomics) 124M->86M(126M) 22,633ms
[2021-04-30T09:41:14.765+0300][10,127s][info][gc] GC(157) Pause Full (Ergonomics) 124M->87M(126M) 22,766ms
[2021-04-30T09:41:14.848+0300][10,211s][info][gc] GC(158) Pause Full (Ergonomics) 124M->87M(126M) 24,492ms
[2021-04-30T09:41:14.933+0300][10,295s][info][gc] GC(159) Pause Full (Ergonomics) 124M->88M(126M) 25,892ms
[2021-04-30T09:41:15.537+0300][10,899s][info][gc] GC(160) Pause Full (Ergonomics) 124M->58M(126M) 30,525ms
[2021-04-30T09:41:15.598+0300][10,960s][info][gc] GC(161) Pause Young (Allocation Failure) 98M->59M(126M) 0,781ms
[2021-04-30T09:41:15.653+0300][11,015s][info][gc] GC(162) Pause Young (Allocation Failure) 98M->59M(126M) 1,062ms
[2021-04-30T09:41:15.704+0300][11,066s][info][gc] GC(163) Pause Young (Allocation Failure) 99M->60M(125M) 1,252ms
[2021-04-30T09:41:15.760+0300][11,122s][info][gc] GC(164) Pause Young (Allocation Failure) 99M->61M(126M) 1,273ms
[2021-04-30T09:41:15.811+0300][11,174s][info][gc] GC(165) Pause Young (Allocation Failure) 99M->61M(126M) 1,205ms
[2021-04-30T09:41:15.876+0300][11,238s][info][gc] GC(166) Pause Young (Allocation Failure) 100M->62M(126M) 1,691ms
[2021-04-30T09:41:15.938+0300][11,300s][info][gc] GC(167) Pause Young (Allocation Failure) 101M->63M(125M) 2,706ms
[2021-04-30T09:41:16.006+0300][11,368s][info][gc] GC(168) Pause Young (Allocation Failure) 100M->63M(125M) 1,390ms
[2021-04-30T09:41:16.058+0300][11,420s][info][gc] GC(169) Pause Young (Allocation Failure) 101M->64M(123M) 1,408ms
[2021-04-30T09:41:16.112+0300][11,474s][info][gc] GC(170) Pause Young (Allocation Failure) 99M->65M(124M) 1,975ms
[2021-04-30T09:41:16.165+0300][11,527s][info][gc] GC(171) Pause Young (Allocation Failure) 100M->65M(124M) 1,967ms
[2021-04-30T09:41:16.220+0300][11,582s][info][gc] GC(172) Pause Young (Allocation Failure) 101M->66M(124M) 1,824ms
[2021-04-30T09:41:16.273+0300][11,635s][info][gc] GC(173) Pause Young (Allocation Failure) 101M->66M(122M) 2,190ms
[2021-04-30T09:41:16.319+0300][11,682s][info][gc] GC(174) Pause Young (Allocation Failure) 100M->67M(122M) 1,888ms
[2021-04-30T09:41:16.366+0300][11,728s][info][gc] GC(175) Pause Young (Allocation Failure) 100M->67M(123M) 1,704ms
[2021-04-30T09:41:16.412+0300][11,774s][info][gc] GC(176) Pause Young (Allocation Failure) 100M->68M(122M) 1,935ms
[2021-04-30T09:41:16.460+0300][11,823s][info][gc] GC(177) Pause Young (Allocation Failure) 101M->69M(121M) 2,645ms
[2021-04-30T09:41:16.504+0300][11,866s][info][gc] GC(178) Pause Young (Allocation Failure) 99M->69M(121M) 2,075ms
[2021-04-30T09:41:16.550+0300][11,913s][info][gc] GC(179) Pause Young (Allocation Failure) 100M->70M(119M) 2,357ms
[2021-04-30T09:41:16.590+0300][11,953s][info][gc] GC(180) Pause Young (Allocation Failure) 97M->70M(119M) 2,687ms
[2021-04-30T09:41:16.632+0300][11,994s][info][gc] GC(181) Pause Young (Allocation Failure) 97M->70M(118M) 2,720ms
[2021-04-30T09:41:16.669+0300][12,031s][info][gc] GC(182) Pause Young (Allocation Failure) 95M->71M(117M) 4,259ms
[2021-04-30T09:41:16.708+0300][12,070s][info][gc] GC(183) Pause Young (Allocation Failure) 95M->71M(116M) 2,936ms
[2021-04-30T09:41:16.742+0300][12,104s][info][gc] GC(184) Pause Young (Allocation Failure) 93M->72M(114M) 2,649ms
[2021-04-30T09:41:16.776+0300][12,138s][info][gc] GC(185) Pause Young (Allocation Failure) 93M->72M(117M) 2,800ms
[2021-04-30T09:41:16.808+0300][12,170s][info][gc] GC(186) Pause Young (Allocation Failure) 93M->72M(113M) 2,979ms
[2021-04-30T09:41:16.840+0300][12,202s][info][gc] GC(187) Pause Young (Allocation Failure) 93M->73M(116M) 2,766ms
[2021-04-30T09:41:16.880+0300][12,242s][info][gc] GC(188) Pause Young (Allocation Failure) 92M->73M(116M) 2,976ms
[2021-04-30T09:41:16.916+0300][12,278s][info][gc] GC(189) Pause Young (Allocation Failure) 93M->73M(117M) 3,168ms
[2021-04-30T09:41:16.955+0300][12,317s][info][gc] GC(190) Pause Young (Allocation Failure) 94M->74M(117M) 3,044ms
[2021-04-30T09:41:16.992+0300][12,354s][info][gc] GC(191) Pause Young (Allocation Failure) 94M->74M(117M) 2,425ms
[2021-04-30T09:41:17.029+0300][12,391s][info][gc] GC(192) Pause Young (Allocation Failure) 96M->74M(117M) 2,827ms
[2021-04-30T09:41:17.065+0300][12,427s][info][gc] GC(193) Pause Young (Allocation Failure) 96M->75M(118M) 2,695ms
[2021-04-30T09:41:17.100+0300][12,462s][info][gc] GC(194) Pause Young (Allocation Failure) 98M->75M(118M) 2,478ms
[2021-04-30T09:41:17.133+0300][12,495s][info][gc] GC(195) Pause Young (Allocation Failure) 98M->76M(119M) 2,910ms
[2021-04-30T09:41:17.168+0300][12,530s][info][gc] GC(196) Pause Young (Allocation Failure) 100M->76M(119M) 2,280ms
[2021-04-30T09:41:17.204+0300][12,567s][info][gc] GC(197) Pause Young (Allocation Failure) 100M->76M(119M) 2,425ms
[2021-04-30T09:41:17.243+0300][12,605s][info][gc] GC(198) Pause Young (Allocation Failure) 102M->77M(119M) 2,715ms
[2021-04-30T09:41:17.282+0300][12,644s][info][gc] GC(199) Pause Young (Allocation Failure) 102M->77M(120M) 2,559ms
[2021-04-30T09:41:17.328+0300][12,690s][info][gc] GC(200) Pause Young (Allocation Failure) 104M->78M(120M) 2,697ms
[2021-04-30T09:41:17.372+0300][12,734s][info][gc] GC(201) Pause Young (Allocation Failure) 104M->78M(120M) 2,421ms
[2021-04-30T09:41:17.411+0300][12,773s][info][gc] GC(202) Pause Young (Allocation Failure) 105M->79M(120M) 2,588ms
[2021-04-30T09:41:17.452+0300][12,814s][info][gc] GC(203) Pause Young (Allocation Failure) 106M->79M(120M) 3,130ms
[2021-04-30T09:41:17.492+0300][12,854s][info][gc] GC(204) Pause Young (Allocation Failure) 107M->80M(120M) 2,810ms
[2021-04-30T09:41:17.531+0300][12,893s][info][gc] GC(205) Pause Young (Allocation Failure) 107M->80M(120M) 2,661ms
[2021-04-30T09:41:17.574+0300][12,936s][info][gc] GC(206) Pause Young (Allocation Failure) 107M->80M(120M) 2,888ms
[2021-04-30T09:41:17.620+0300][12,982s][info][gc] GC(207) Pause Young (Allocation Failure) 108M->81M(120M) 2,376ms
[2021-04-30T09:41:17.665+0300][13,027s][info][gc] GC(208) Pause Young (Allocation Failure) 108M->81M(120M) 2,683ms
[2021-04-30T09:41:17.706+0300][13,068s][info][gc] GC(209) Pause Young (Allocation Failure) 109M->82M(120M) 2,844ms
[2021-04-30T09:41:17.747+0300][13,109s][info][gc] GC(210) Pause Young (Allocation Failure) 109M->82M(120M) 2,705ms
[2021-04-30T09:41:17.787+0300][13,149s][info][gc] GC(211) Pause Young (Allocation Failure) 110M->83M(120M) 2,910ms
[2021-04-30T09:41:17.826+0300][13,188s][info][gc] GC(212) Pause Young (Allocation Failure) 109M->83M(120M) 2,798ms
[2021-04-30T09:41:17.867+0300][13,230s][info][gc] GC(213) Pause Young (Allocation Failure) 110M->84M(120M) 2,970ms
[2021-04-30T09:41:17.912+0300][13,274s][info][gc] GC(214) Pause Young (Allocation Failure) 110M->84M(120M) 2,594ms
[2021-04-30T09:41:17.964+0300][13,326s][info][gc] GC(215) Pause Young (Allocation Failure) 111M->85M(120M) 3,341ms
[2021-04-30T09:41:18.007+0300][13,369s][info][gc] GC(216) Pause Young (Allocation Failure) 111M->85M(120M) 2,645ms
[2021-04-30T09:41:18.046+0300][13,408s][info][gc] GC(217) Pause Young (Allocation Failure) 111M->85M(120M) 2,854ms
[2021-04-30T09:41:18.082+0300][13,444s][info][gc] GC(218) Pause Young (Allocation Failure) 112M->86M(120M) 2,860ms
[2021-04-30T09:41:18.124+0300][13,486s][info][gc] GC(219) Pause Young (Allocation Failure) 112M->86M(120M) 2,886ms
[2021-04-30T09:41:18.166+0300][13,528s][info][gc] GC(220) Pause Young (Allocation Failure) 113M->87M(120M) 3,589ms
[2021-04-30T09:41:18.208+0300][13,570s][info][gc] GC(221) Pause Young (Allocation Failure) 113M->87M(120M) 2,868ms
[2021-04-30T09:41:18.249+0300][13,611s][info][gc] GC(222) Pause Young (Allocation Failure) 114M->88M(120M) 2,828ms
[2021-04-30T09:41:18.288+0300][13,650s][info][gc] GC(223) Pause Young (Allocation Failure) 114M->88M(120M) 2,942ms
[2021-04-30T09:41:18.327+0300][13,689s][info][gc] GC(224) Pause Young (Allocation Failure) 115M->89M(120M) 3,005ms
[2021-04-30T09:41:18.367+0300][13,729s][info][gc] GC(225) Pause Young (Allocation Failure) 116M->89M(120M) 2,830ms
[2021-04-30T09:41:18.408+0300][13,770s][info][gc] GC(226) Pause Young (Allocation Failure) 116M->89M(120M) 2,809ms
[2021-04-30T09:41:18.449+0300][13,811s][info][gc] GC(227) Pause Young (Allocation Failure) 117M->90M(120M) 4,195ms
[2021-04-30T09:41:18.492+0300][13,854s][info][gc] GC(228) Pause Young (Allocation Failure) 117M->90M(120M) 3,953ms
[2021-04-30T09:41:18.536+0300][13,898s][info][gc] GC(229) Pause Young (Allocation Failure) 118M->91M(120M) 2,756ms
[2021-04-30T09:41:18.578+0300][13,940s][info][gc] GC(230) Pause Young (Allocation Failure) 118M->91M(120M) 2,971ms
[2021-04-30T09:41:18.618+0300][13,980s][info][gc] GC(231) Pause Full (Ergonomics) 91M->90M(120M) 39,709ms
[2021-04-30T09:41:18.691+0300][14,053s][info][gc] GC(232) Pause Full (Ergonomics) 118M->91M(120M) 31,536ms
[2021-04-30T09:41:18.758+0300][14,121s][info][gc] GC(233) Pause Full (Ergonomics) 112M->91M(120M) 31,543ms
[2021-04-30T09:41:18.823+0300][14,186s][info][gc] GC(234) Pause Full (Ergonomics) 112M->91M(120M) 30,378ms
[2021-04-30T09:41:18.905+0300][14,267s][info][gc] GC(235) Pause Full (Ergonomics) 112M->92M(120M) 36,809ms
[2021-04-30T09:41:18.988+0300][14,351s][info][gc] GC(236) Pause Full (Ergonomics) 112M->92M(120M) 36,578ms
[2021-04-30T09:41:19.064+0300][14,426s][info][gc] GC(237) Pause Full (Ergonomics) 112M->92M(120M) 41,692ms
[2021-04-30T09:41:19.128+0300][14,490s][info][gc] GC(238) Pause Full (Ergonomics) 112M->93M(120M) 31,935ms
[2021-04-30T09:41:19.193+0300][14,555s][info][gc] GC(239) Pause Full (Ergonomics) 112M->93M(120M) 31,648ms
[2021-04-30T09:41:19.253+0300][14,615s][info][gc] GC(240) Pause Full (Ergonomics) 112M->93M(120M) 30,403ms
[2021-04-30T09:41:19.314+0300][14,676s][info][gc] GC(241) Pause Full (Ergonomics) 112M->94M(120M) 30,927ms
[2021-04-30T09:41:19.372+0300][14,734s][info][gc] GC(242) Pause Full (Ergonomics) 112M->94M(120M) 30,055ms
[2021-04-30T09:41:19.435+0300][14,797s][info][gc] GC(243) Pause Full (Ergonomics) 112M->94M(120M) 32,274ms
[2021-04-30T09:41:19.495+0300][14,857s][info][gc] GC(244) Pause Full (Ergonomics) 112M->94M(120M) 30,447ms
[2021-04-30T09:41:19.552+0300][14,914s][info][gc] GC(245) Pause Full (Ergonomics) 112M->95M(120M) 30,543ms
[2021-04-30T09:41:19.611+0300][14,973s][info][gc] GC(246) Pause Full (Ergonomics) 112M->95M(120M) 30,629ms
[2021-04-30T09:41:19.671+0300][15,033s][info][gc] GC(247) Pause Full (Ergonomics) 112M->95M(120M) 31,961ms
[2021-04-30T09:41:19.730+0300][15,092s][info][gc] GC(248) Pause Full (Ergonomics) 112M->96M(120M) 32,664ms
[2021-04-30T09:41:19.789+0300][15,151s][info][gc] GC(249) Pause Full (Ergonomics) 112M->96M(120M) 31,309ms
[2021-04-30T09:41:19.847+0300][15,210s][info][gc] GC(250) Pause Full (Ergonomics) 112M->96M(120M) 32,286ms
[2021-04-30T09:41:19.921+0300][15,283s][info][gc] GC(251) Pause Full (Ergonomics) 112M->96M(120M) 42,204ms
[2021-04-30T09:41:19.984+0300][15,346s][info][gc] GC(252) Pause Full (Ergonomics) 112M->97M(120M) 33,305ms
[2021-04-30T09:41:20.042+0300][15,404s][info][gc] GC(253) Pause Full (Ergonomics) 112M->97M(120M) 32,346ms
[2021-04-30T09:41:20.098+0300][15,461s][info][gc] GC(254) Pause Full (Ergonomics) 112M->97M(120M) 32,453ms
[2021-04-30T09:41:20.156+0300][15,518s][info][gc] GC(255) Pause Full (Ergonomics) 112M->97M(120M) 31,424ms
[2021-04-30T09:41:20.213+0300][15,575s][info][gc] GC(256) Pause Full (Ergonomics) 112M->98M(120M) 34,075ms
[2021-04-30T09:41:20.270+0300][15,632s][info][gc] GC(257) Pause Full (Ergonomics) 112M->98M(120M) 33,269ms
[2021-04-30T09:41:20.325+0300][15,688s][info][gc] GC(258) Pause Full (Ergonomics) 112M->98M(120M) 32,413ms
[2021-04-30T09:41:20.384+0300][15,747s][info][gc] GC(259) Pause Full (Ergonomics) 112M->98M(120M) 32,225ms
[2021-04-30T09:41:20.440+0300][15,802s][info][gc] GC(260) Pause Full (Ergonomics) 112M->99M(120M) 33,405ms
[2021-04-30T09:41:20.494+0300][15,856s][info][gc] GC(261) Pause Full (Ergonomics) 112M->99M(120M) 32,319ms
[2021-04-30T09:41:20.548+0300][15,910s][info][gc] GC(262) Pause Full (Ergonomics) 112M->99M(120M) 32,497ms
[2021-04-30T09:41:20.601+0300][15,963s][info][gc] GC(263) Pause Full (Ergonomics) 112M->99M(120M) 32,220ms
[2021-04-30T09:41:20.655+0300][16,017s][info][gc] GC(264) Pause Full (Ergonomics) 112M->99M(120M) 31,751ms
[2021-04-30T09:41:20.708+0300][16,070s][info][gc] GC(265) Pause Full (Ergonomics) 112M->100M(120M) 32,325ms
[2021-04-30T09:41:20.768+0300][16,131s][info][gc] GC(266) Pause Full (Ergonomics) 112M->100M(120M) 40,506ms
[2021-04-30T09:41:20.821+0300][16,183s][info][gc] GC(267) Pause Full (Ergonomics) 112M->100M(120M) 32,656ms
[2021-04-30T09:41:20.879+0300][16,241s][info][gc] GC(268) Pause Full (Ergonomics) 112M->100M(120M) 37,671ms
[2021-04-30T09:41:20.935+0300][16,297s][info][gc] GC(269) Pause Full (Ergonomics) 112M->101M(120M) 34,686ms
[2021-04-30T09:41:20.989+0300][16,351s][info][gc] GC(270) Pause Full (Ergonomics) 112M->101M(120M) 33,899ms
[2021-04-30T09:41:21.048+0300][16,411s][info][gc] GC(271) Pause Full (Ergonomics) 112M->101M(120M) 39,464ms
[2021-04-30T09:41:21.101+0300][16,463s][info][gc] GC(272) Pause Full (Ergonomics) 112M->101M(120M) 33,324ms
[2021-04-30T09:41:21.154+0300][16,516s][info][gc] GC(273) Pause Full (Ergonomics) 112M->101M(120M) 35,164ms
[2021-04-30T09:41:21.203+0300][16,565s][info][gc] GC(274) Pause Full (Ergonomics) 112M->101M(120M) 32,249ms
[2021-04-30T09:41:21.265+0300][16,627s][info][gc] GC(275) Pause Full (Ergonomics) 112M->102M(120M) 43,683ms
[2021-04-30T09:41:21.313+0300][16,675s][info][gc] GC(276) Pause Full (Ergonomics) 112M->102M(120M) 31,734ms
[2021-04-30T09:41:21.363+0300][16,726s][info][gc] GC(277) Pause Full (Ergonomics) 112M->102M(120M) 32,570ms
[2021-04-30T09:41:21.413+0300][16,775s][info][gc] GC(278) Pause Full (Ergonomics) 112M->102M(120M) 32,304ms
[2021-04-30T09:41:21.462+0300][16,824s][info][gc] GC(279) Pause Full (Ergonomics) 112M->102M(120M) 32,976ms
[2021-04-30T09:41:21.512+0300][16,875s][info][gc] GC(280) Pause Full (Ergonomics) 112M->102M(120M) 32,435ms
[2021-04-30T09:41:21.562+0300][16,924s][info][gc] GC(281) Pause Full (Ergonomics) 112M->103M(120M) 32,573ms
[2021-04-30T09:41:21.609+0300][16,971s][info][gc] GC(282) Pause Full (Ergonomics) 112M->103M(120M) 32,484ms
[2021-04-30T09:41:21.659+0300][17,021s][info][gc] GC(283) Pause Full (Ergonomics) 112M->103M(120M) 33,328ms
[2021-04-30T09:41:21.710+0300][17,073s][info][gc] GC(284) Pause Full (Ergonomics) 112M->103M(120M) 37,320ms
[2021-04-30T09:41:21.760+0300][17,122s][info][gc] GC(285) Pause Full (Ergonomics) 112M->103M(120M) 33,198ms
[2021-04-30T09:41:21.810+0300][17,172s][info][gc] GC(286) Pause Full (Ergonomics) 112M->103M(120M) 34,564ms
[2021-04-30T09:41:21.881+0300][17,243s][info][gc] GC(287) Pause Full (Ergonomics) 112M->104M(120M) 56,251ms
[2021-04-30T09:41:21.938+0300][17,300s][info][gc] GC(288) Pause Full (Ergonomics) 112M->104M(120M) 39,959ms
[2021-04-30T09:41:21.997+0300][17,359s][info][gc] GC(289) Pause Full (Ergonomics) 112M->104M(120M) 38,443ms
[2021-04-30T09:41:22.044+0300][17,406s][info][gc] GC(290) Pause Full (Ergonomics) 112M->104M(120M) 33,397ms
[2021-04-30T09:41:22.091+0300][17,453s][info][gc] GC(291) Pause Full (Ergonomics) 112M->104M(120M) 32,973ms
[2021-04-30T09:41:22.140+0300][17,502s][info][gc] GC(292) Pause Full (Ergonomics) 112M->104M(120M) 34,889ms
[2021-04-30T09:41:22.186+0300][17,548s][info][gc] GC(293) Pause Full (Ergonomics) 112M->104M(120M) 33,126ms
[2021-04-30T09:41:22.241+0300][17,603s][info][gc] GC(294) Pause Full (Ergonomics) 112M->105M(120M) 42,383ms
[2021-04-30T09:41:22.286+0300][17,648s][info][gc] GC(295) Pause Full (Ergonomics) 112M->105M(120M) 32,498ms
[2021-04-30T09:41:22.331+0300][17,694s][info][gc] GC(296) Pause Full (Ergonomics) 112M->105M(120M) 33,522ms
[2021-04-30T09:41:22.380+0300][17,743s][info][gc] GC(297) Pause Full (Ergonomics) 112M->105M(120M) 34,364ms
[2021-04-30T09:41:22.429+0300][17,791s][info][gc] GC(298) Pause Full (Ergonomics) 112M->105M(120M) 34,735ms
[2021-04-30T09:41:22.487+0300][17,849s][info][gc] GC(299) Pause Full (Ergonomics) 112M->105M(120M) 45,001ms
[2021-04-30T09:41:22.531+0300][17,894s][info][gc] GC(300) Pause Full (Ergonomics) 112M->105M(120M) 32,460ms
[2021-04-30T09:41:22.586+0300][17,948s][info][gc] GC(301) Pause Full (Ergonomics) 112M->105M(120M) 42,864ms
[2021-04-30T09:41:22.630+0300][17,993s][info][gc] GC(302) Pause Full (Ergonomics) 112M->105M(120M) 33,555ms
[2021-04-30T09:41:22.678+0300][18,040s][info][gc] GC(303) Pause Full (Ergonomics) 112M->106M(120M) 36,568ms
[2021-04-30T09:41:22.725+0300][18,087s][info][gc] GC(304) Pause Full (Ergonomics) 112M->106M(120M) 34,816ms
[2021-04-30T09:41:22.771+0300][18,133s][info][gc] GC(305) Pause Full (Ergonomics) 112M->106M(120M) 34,287ms
[2021-04-30T09:41:22.814+0300][18,176s][info][gc] GC(306) Pause Full (Ergonomics) 112M->106M(120M) 32,356ms
[2021-04-30T09:41:22.859+0300][18,221s][info][gc] GC(307) Pause Full (Ergonomics) 112M->106M(120M) 34,589ms
[2021-04-30T09:41:22.906+0300][18,269s][info][gc] GC(308) Pause Full (Ergonomics) 112M->106M(120M) 36,903ms
[2021-04-30T09:41:22.957+0300][18,320s][info][gc] GC(309) Pause Full (Ergonomics) 112M->106M(120M) 40,513ms
[2021-04-30T09:41:23.012+0300][18,374s][info][gc] GC(310) Pause Full (Ergonomics) 112M->106M(120M) 42,844ms
[2021-04-30T09:41:23.057+0300][18,420s][info][gc] GC(311) Pause Full (Ergonomics) 112M->106M(120M) 34,900ms
[2021-04-30T09:41:23.101+0300][18,463s][info][gc] GC(312) Pause Full (Ergonomics) 112M->107M(120M) 33,369ms
[2021-04-30T09:41:23.144+0300][18,506s][info][gc] GC(313) Pause Full (Ergonomics) 112M->107M(120M) 34,596ms
[2021-04-30T09:41:23.190+0300][18,552s][info][gc] GC(314) Pause Full (Ergonomics) 112M->107M(120M) 36,238ms
[2021-04-30T09:41:23.233+0300][18,595s][info][gc] GC(315) Pause Full (Ergonomics) 112M->107M(120M) 33,429ms
[2021-04-30T09:41:23.290+0300][18,652s][info][gc] GC(316) Pause Full (Ergonomics) 112M->107M(120M) 47,324ms
[2021-04-30T09:41:23.335+0300][18,697s][info][gc] GC(317) Pause Full (Ergonomics) 112M->107M(120M) 35,998ms
[2021-04-30T09:41:24.234+0300][19,597s][info][gc] GC(318) Pause Full (Ergonomics) 112M->67M(120M) 37,025ms
[2021-04-30T09:41:24.279+0300][19,641s][info][gc] GC(319) Pause Young (Allocation Failure) 95M->68M(113M) 0,995ms
[2021-04-30T09:41:24.319+0300][19,681s][info][gc] GC(320) Pause Young (Allocation Failure) 95M->68M(118M) 1,186ms
[2021-04-30T09:41:24.354+0300][19,716s][info][gc] GC(321) Pause Young (Allocation Failure) 93M->69M(111M) 1,326ms
[2021-04-30T09:41:24.386+0300][19,748s][info][gc] GC(322) Pause Young (Allocation Failure) 93M->69M(118M) 1,563ms
[2021-04-30T09:41:24.418+0300][19,780s][info][gc] GC(323) Pause Young (Allocation Failure) 93M->70M(118M) 1,447ms
[2021-04-30T09:41:24.452+0300][19,814s][info][gc] GC(324) Pause Young (Allocation Failure) 93M->70M(118M) 1,767ms
[2021-04-30T09:41:24.487+0300][19,850s][info][gc] GC(325) Pause Young (Allocation Failure) 93M->70M(118M) 1,870ms
[2021-04-30T09:41:24.521+0300][19,883s][info][gc] GC(326) Pause Young (Allocation Failure) 94M->71M(119M) 1,920ms
[2021-04-30T09:41:24.559+0300][19,922s][info][gc] GC(327) Pause Young (Allocation Failure) 96M->71M(119M) 2,095ms
[2021-04-30T09:41:24.597+0300][19,959s][info][gc] GC(328) Pause Young (Allocation Failure) 96M->71M(120M) 1,844ms
[2021-04-30T09:41:24.632+0300][19,994s][info][gc] GC(329) Pause Young (Allocation Failure) 97M->72M(119M) 1,961ms
[2021-04-30T09:41:24.669+0300][20,031s][info][gc] GC(330) Pause Young (Allocation Failure) 98M->72M(120M) 2,043ms
[2021-04-30T09:41:24.707+0300][20,070s][info][gc] GC(331) Pause Young (Allocation Failure) 99M->73M(120M) 2,363ms
[2021-04-30T09:41:24.747+0300][20,110s][info][gc] GC(332) Pause Young (Allocation Failure) 99M->73M(120M) 2,710ms
[2021-04-30T09:41:24.789+0300][20,152s][info][gc] GC(333) Pause Young (Allocation Failure) 100M->74M(118M) 3,627ms
[2021-04-30T09:41:24.835+0300][20,197s][info][gc] GC(334) Pause Young (Allocation Failure) 100M->74M(119M) 3,179ms
[2021-04-30T09:41:24.880+0300][20,242s][info][gc] GC(335) Pause Young (Allocation Failure) 100M->75M(117M) 3,100ms
[2021-04-30T09:41:24.925+0300][20,287s][info][gc] GC(336) Pause Young (Allocation Failure) 100M->75M(119M) 3,121ms
[2021-04-30T09:41:24.981+0300][20,343s][info][gc] GC(337) Pause Young (Allocation Failure) 99M->75M(119M) 2,994ms
[2021-04-30T09:41:25.019+0300][20,381s][info][gc] GC(338) Pause Young (Allocation Failure) 100M->76M(119M) 2,656ms
[2021-04-30T09:41:25.054+0300][20,416s][info][gc] GC(339) Pause Young (Allocation Failure) 100M->76M(119M) 2,743ms
[2021-04-30T09:41:25.092+0300][20,455s][info][gc] GC(340) Pause Young (Allocation Failure) 101M->77M(119M) 2,450ms
[2021-04-30T09:41:25.130+0300][20,492s][info][gc] GC(341) Pause Young (Allocation Failure) 101M->77M(119M) 3,049ms
[2021-04-30T09:41:25.168+0300][20,530s][info][gc] GC(342) Pause Young (Allocation Failure) 102M->77M(119M) 2,591ms
[2021-04-30T09:41:25.205+0300][20,567s][info][gc] GC(343) Pause Young (Allocation Failure) 102M->78M(119M) 2,719ms
[2021-04-30T09:41:25.241+0300][20,603s][info][gc] GC(344) Pause Young (Allocation Failure) 102M->78M(119M) 3,119ms
[2021-04-30T09:41:25.279+0300][20,641s][info][gc] GC(345) Pause Young (Allocation Failure) 103M->79M(119M) 2,558ms
[2021-04-30T09:41:25.314+0300][20,676s][info][gc] GC(346) Pause Young (Allocation Failure) 103M->79M(119M) 2,638ms
[2021-04-30T09:41:25.352+0300][20,714s][info][gc] GC(347) Pause Young (Allocation Failure) 105M->80M(119M) 3,711ms
[2021-04-30T09:41:25.394+0300][20,756s][info][gc] GC(348) Pause Young (Allocation Failure) 105M->80M(119M) 2,673ms
[2021-04-30T09:41:25.434+0300][20,796s][info][gc] GC(349) Pause Young (Allocation Failure) 105M->80M(119M) 2,648ms
[2021-04-30T09:41:25.474+0300][20,837s][info][gc] GC(350) Pause Young (Allocation Failure) 106M->81M(120M) 2,635ms
[2021-04-30T09:41:25.514+0300][20,876s][info][gc] GC(351) Pause Young (Allocation Failure) 107M->81M(120M) 2,546ms
[2021-04-30T09:41:25.552+0300][20,914s][info][gc] GC(352) Pause Young (Allocation Failure) 108M->82M(120M) 2,593ms
[2021-04-30T09:41:25.591+0300][20,953s][info][gc] GC(353) Pause Young (Allocation Failure) 108M->82M(120M) 2,762ms
[2021-04-30T09:41:25.630+0300][20,992s][info][gc] GC(354) Pause Young (Allocation Failure) 109M->83M(120M) 2,626ms
[2021-04-30T09:41:25.671+0300][21,033s][info][gc] GC(355) Pause Young (Allocation Failure) 110M->83M(120M) 2,795ms
[2021-04-30T09:41:25.713+0300][21,075s][info][gc] GC(356) Pause Young (Allocation Failure) 110M->83M(120M) 2,692ms
[2021-04-30T09:41:25.756+0300][21,118s][info][gc] GC(357) Pause Young (Allocation Failure) 111M->84M(120M) 2,927ms
[2021-04-30T09:41:25.797+0300][21,160s][info][gc] GC(358) Pause Young (Allocation Failure) 111M->84M(120M) 2,598ms
[2021-04-30T09:41:25.839+0300][21,201s][info][gc] GC(359) Pause Young (Allocation Failure) 112M->85M(120M) 2,998ms
[2021-04-30T09:41:25.883+0300][21,245s][info][gc] GC(360) Pause Young (Allocation Failure) 112M->85M(120M) 3,071ms
[2021-04-30T09:41:25.928+0300][21,291s][info][gc] GC(361) Pause Young (Allocation Failure) 113M->86M(120M) 3,332ms
[2021-04-30T09:41:25.978+0300][21,340s][info][gc] GC(362) Pause Young (Allocation Failure) 113M->86M(120M) 2,686ms
[2021-04-30T09:41:26.026+0300][21,388s][info][gc] GC(363) Pause Young (Allocation Failure) 114M->87M(120M) 2,936ms
[2021-04-30T09:41:26.073+0300][21,436s][info][gc] GC(364) Pause Young (Allocation Failure) 114M->87M(120M) 3,219ms
[2021-04-30T09:41:26.118+0300][21,480s][info][gc] GC(365) Pause Young (Allocation Failure) 115M->88M(120M) 2,740ms
[2021-04-30T09:41:26.160+0300][21,522s][info][gc] GC(366) Pause Young (Allocation Failure) 115M->88M(120M) 3,459ms
[2021-04-30T09:41:26.200+0300][21,562s][info][gc] GC(367) Pause Young (Allocation Failure) 116M->89M(120M) 3,160ms
[2021-04-30T09:41:26.239+0300][21,601s][info][gc] GC(368) Pause Young (Allocation Failure) 116M->89M(120M) 3,043ms
[2021-04-30T09:41:26.283+0300][21,645s][info][gc] GC(369) Pause Young (Allocation Failure) 117M->89M(120M) 2,707ms
[2021-04-30T09:41:26.326+0300][21,688s][info][gc] GC(370) Pause Young (Allocation Failure) 117M->90M(120M) 2,746ms
[2021-04-30T09:41:26.368+0300][21,730s][info][gc] GC(371) Pause Young (Allocation Failure) 117M->90M(120M) 2,954ms
[2021-04-30T09:41:26.408+0300][21,771s][info][gc] GC(372) Pause Young (Allocation Failure) 118M->91M(120M) 3,231ms
[2021-04-30T09:41:26.450+0300][21,812s][info][gc] GC(373) Pause Young (Allocation Failure) 118M->91M(120M) 2,995ms
[2021-04-30T09:41:26.484+0300][21,846s][info][gc] GC(374) Pause Full (Ergonomics) 91M->91M(120M) 33,612ms
[2021-04-30T09:41:26.568+0300][21,931s][info][gc] GC(375) Pause Full (Ergonomics) 118M->91M(120M) 39,926ms
[2021-04-30T09:41:26.645+0300][22,007s][info][gc] GC(376) Pause Full (Ergonomics) 112M->91M(120M) 38,135ms
[2021-04-30T09:41:26.720+0300][22,082s][info][gc] GC(377) Pause Full (Ergonomics) 112M->92M(120M) 35,983ms
[2021-04-30T09:41:26.787+0300][22,149s][info][gc] GC(378) Pause Full (Ergonomics) 112M->92M(120M) 33,624ms
[2021-04-30T09:41:26.851+0300][22,213s][info][gc] GC(379) Pause Full (Ergonomics) 112M->92M(120M) 31,375ms
[2021-04-30T09:41:26.925+0300][22,287s][info][gc] GC(380) Pause Full (Ergonomics) 112M->93M(120M) 39,593ms
[2021-04-30T09:41:26.999+0300][22,361s][info][gc] GC(381) Pause Full (Ergonomics) 112M->93M(120M) 38,686ms
[2021-04-30T09:41:27.063+0300][22,425s][info][gc] GC(382) Pause Full (Ergonomics) 112M->93M(120M) 34,068ms
[2021-04-30T09:41:27.124+0300][22,486s][info][gc] GC(383) Pause Full (Ergonomics) 112M->94M(120M) 30,212ms
[2021-04-30T09:41:27.186+0300][22,549s][info][gc] GC(384) Pause Full (Ergonomics) 112M->94M(120M) 32,283ms
[2021-04-30T09:41:27.250+0300][22,613s][info][gc] GC(385) Pause Full (Ergonomics) 112M->94M(120M) 32,029ms
[2021-04-30T09:41:27.308+0300][22,670s][info][gc] GC(386) Pause Full (Ergonomics) 112M->95M(120M) 30,148ms
[2021-04-30T09:41:27.367+0300][22,730s][info][gc] GC(387) Pause Full (Ergonomics) 112M->95M(120M) 31,082ms
[2021-04-30T09:41:27.426+0300][22,788s][info][gc] GC(388) Pause Full (Ergonomics) 112M->95M(120M) 30,711ms
[2021-04-30T09:41:27.484+0300][22,847s][info][gc] GC(389) Pause Full (Ergonomics) 112M->95M(120M) 32,251ms
[2021-04-30T09:41:27.545+0300][22,907s][info][gc] GC(390) Pause Full (Ergonomics) 112M->96M(120M) 31,720ms
[2021-04-30T09:41:27.602+0300][22,964s][info][gc] GC(391) Pause Full (Ergonomics) 112M->96M(120M) 31,072ms
[2021-04-30T09:41:27.659+0300][23,021s][info][gc] GC(392) Pause Full (Ergonomics) 112M->96M(120M) 30,062ms
[2021-04-30T09:41:27.714+0300][23,077s][info][gc] GC(393) Pause Full (Ergonomics) 112M->96M(120M) 30,509ms
[2021-04-30T09:41:27.780+0300][23,143s][info][gc] GC(394) Pause Full (Ergonomics) 112M->97M(120M) 41,563ms
[2021-04-30T09:41:27.838+0300][23,200s][info][gc] GC(395) Pause Full (Ergonomics) 112M->97M(120M) 31,802ms
[2021-04-30T09:41:27.901+0300][23,263s][info][gc] GC(396) Pause Full (Ergonomics) 112M->97M(120M) 37,196ms
[2021-04-30T09:41:27.965+0300][23,327s][info][gc] GC(397) Pause Full (Ergonomics) 112M->97M(120M) 37,861ms
[2021-04-30T09:41:28.031+0300][23,393s][info][gc] GC(398) Pause Full (Ergonomics) 112M->98M(120M) 39,609ms
[2021-04-30T09:41:28.087+0300][23,449s][info][gc] GC(399) Pause Full (Ergonomics) 112M->98M(120M) 33,338ms
[2021-04-30T09:41:28.144+0300][23,506s][info][gc] GC(400) Pause Full (Ergonomics) 112M->98M(120M) 34,391ms
[2021-04-30T09:41:28.198+0300][23,560s][info][gc] GC(401) Pause Full (Ergonomics) 112M->98M(120M) 31,505ms
[2021-04-30T09:41:28.252+0300][23,614s][info][gc] GC(402) Pause Full (Ergonomics) 112M->99M(120M) 31,815ms
[2021-04-30T09:41:28.306+0300][23,668s][info][gc] GC(403) Pause Full (Ergonomics) 112M->99M(120M) 32,269ms
[2021-04-30T09:41:28.360+0300][23,722s][info][gc] GC(404) Pause Full (Ergonomics) 112M->99M(120M) 32,619ms
[2021-04-30T09:41:28.416+0300][23,778s][info][gc] GC(405) Pause Full (Ergonomics) 112M->99M(120M) 34,564ms
[2021-04-30T09:41:28.469+0300][23,831s][info][gc] GC(406) Pause Full (Ergonomics) 112M->100M(120M) 31,508ms
[2021-04-30T09:41:28.521+0300][23,883s][info][gc] GC(407) Pause Full (Ergonomics) 112M->100M(120M) 31,811ms
[2021-04-30T09:41:28.574+0300][23,936s][info][gc] GC(408) Pause Full (Ergonomics) 112M->100M(120M) 31,531ms
[2021-04-30T09:41:28.626+0300][23,988s][info][gc] GC(409) Pause Full (Ergonomics) 112M->100M(120M) 32,046ms
[2021-04-30T09:41:28.679+0300][24,041s][info][gc] GC(410) Pause Full (Ergonomics) 112M->100M(120M) 35,197ms
[2021-04-30T09:41:28.733+0300][24,096s][info][gc] GC(411) Pause Full (Ergonomics) 112M->101M(120M) 33,732ms
[2021-04-30T09:41:28.785+0300][24,147s][info][gc] GC(412) Pause Full (Ergonomics) 112M->101M(120M) 31,887ms
[2021-04-30T09:41:28.837+0300][24,199s][info][gc] GC(413) Pause Full (Ergonomics) 112M->101M(120M) 32,363ms
[2021-04-30T09:41:28.888+0300][24,250s][info][gc] GC(414) Pause Full (Ergonomics) 112M->101M(120M) 33,051ms
[2021-04-30T09:41:28.943+0300][24,305s][info][gc] GC(415) Pause Full (Ergonomics) 112M->101M(120M) 36,409ms
[2021-04-30T09:41:28.999+0300][24,361s][info][gc] GC(416) Pause Full (Ergonomics) 112M->101M(120M) 35,700ms
[2021-04-30T09:41:29.058+0300][24,420s][info][gc] GC(417) Pause Full (Ergonomics) 112M->102M(120M) 42,850ms
[2021-04-30T09:41:29.110+0300][24,472s][info][gc] GC(418) Pause Full (Ergonomics) 112M->102M(120M) 33,381ms
[2021-04-30T09:41:29.160+0300][24,523s][info][gc] GC(419) Pause Full (Ergonomics) 112M->102M(120M) 32,999ms
[2021-04-30T09:41:29.210+0300][24,572s][info][gc] GC(420) Pause Full (Ergonomics) 112M->102M(120M) 33,958ms
[2021-04-30T09:41:29.262+0300][24,624s][info][gc] GC(421) Pause Full (Ergonomics) 112M->102M(120M) 33,707ms
[2021-04-30T09:41:29.314+0300][24,676s][info][gc] GC(422) Pause Full (Ergonomics) 112M->102M(120M) 35,653ms
[2021-04-30T09:41:29.366+0300][24,728s][info][gc] GC(423) Pause Full (Ergonomics) 112M->103M(120M) 33,810ms
[2021-04-30T09:41:29.440+0300][24,802s][info][gc] GC(424) Pause Full (Ergonomics) 112M->103M(120M) 59,202ms
[2021-04-30T09:41:29.488+0300][24,850s][info][gc] GC(425) Pause Full (Ergonomics) 112M->103M(120M) 33,428ms
[2021-04-30T09:41:29.538+0300][24,900s][info][gc] GC(426) Pause Full (Ergonomics) 112M->103M(120M) 33,540ms
[2021-04-30T09:41:29.590+0300][24,952s][info][gc] GC(427) Pause Full (Ergonomics) 112M->103M(120M) 37,791ms
[2021-04-30T09:41:29.639+0300][25,002s][info][gc] GC(428) Pause Full (Ergonomics) 112M->103M(120M) 33,338ms
[2021-04-30T09:41:29.687+0300][25,049s][info][gc] GC(429) Pause Full (Ergonomics) 112M->103M(120M) 33,982ms
[2021-04-30T09:41:29.734+0300][25,096s][info][gc] GC(430) Pause Full (Ergonomics) 112M->104M(120M) 33,249ms
[2021-04-30T09:41:29.813+0300][25,175s][info][gc] GC(431) Pause Full (Ergonomics) 112M->103M(120M) 63,372ms
[2021-04-30T09:41:29.862+0300][25,225s][info][gc] GC(432) Pause Full (Ergonomics) 112M->104M(120M) 33,709ms
[2021-04-30T09:41:29.935+0300][25,298s][info][gc] GC(433) Pause Full (Ergonomics) 112M->104M(120M) 51,968ms
[2021-04-30T09:41:29.986+0300][25,348s][info][gc] GC(434) Pause Full (Ergonomics) 112M->104M(120M) 34,384ms
[2021-04-30T09:41:30.035+0300][25,397s][info][gc] GC(435) Pause Full (Ergonomics) 112M->104M(120M) 32,894ms
[2021-04-30T09:41:30.081+0300][25,443s][info][gc] GC(436) Pause Full (Ergonomics) 112M->104M(120M) 32,101ms
[2021-04-30T09:41:30.126+0300][25,489s][info][gc] GC(437) Pause Full (Ergonomics) 112M->104M(120M) 32,658ms
[2021-04-30T09:41:30.174+0300][25,536s][info][gc] GC(438) Pause Full (Ergonomics) 112M->104M(120M) 34,285ms
[2021-04-30T09:41:30.223+0300][25,585s][info][gc] GC(439) Pause Full (Ergonomics) 112M->104M(120M) 34,393ms
[2021-04-30T09:41:30.269+0300][25,631s][info][gc] GC(440) Pause Full (Ergonomics) 112M->105M(120M) 32,374ms
[2021-04-30T09:41:30.337+0300][25,700s][info][gc] GC(441) Pause Full (Ergonomics) 112M->105M(120M) 56,382ms
[2021-04-30T09:41:30.381+0300][25,743s][info][gc] GC(442) Pause Full (Ergonomics) 112M->105M(120M) 31,430ms
[2021-04-30T09:41:30.427+0300][25,789s][info][gc] GC(443) Pause Full (Ergonomics) 112M->105M(120M) 34,038ms
[2021-04-30T09:41:30.472+0300][25,834s][info][gc] GC(444) Pause Full (Ergonomics) 112M->105M(120M) 33,176ms
[2021-04-30T09:41:30.518+0300][25,880s][info][gc] GC(445) Pause Full (Ergonomics) 112M->105M(120M) 33,546ms
[2021-04-30T09:41:30.575+0300][25,938s][info][gc] GC(446) Pause Full (Ergonomics) 112M->105M(120M) 43,151ms
[2021-04-30T09:41:30.618+0300][25,980s][info][gc] GC(447) Pause Full (Ergonomics) 112M->105M(120M) 31,686ms
[2021-04-30T09:41:30.663+0300][26,025s][info][gc] GC(448) Pause Full (Ergonomics) 112M->105M(120M) 33,499ms
[2021-04-30T09:41:30.714+0300][26,077s][info][gc] GC(449) Pause Full (Ergonomics) 112M->106M(120M) 40,527ms
[2021-04-30T09:41:30.763+0300][26,125s][info][gc] GC(450) Pause Full (Ergonomics) 112M->106M(120M) 37,298ms
[2021-04-30T09:41:30.820+0300][26,182s][info][gc] GC(451) Pause Full (Ergonomics) 112M->106M(120M) 44,744ms
[2021-04-30T09:41:30.871+0300][26,233s][info][gc] GC(452) Pause Full (Ergonomics) 112M->106M(120M) 39,995ms
[2021-04-30T09:41:30.932+0300][26,294s][info][gc] GC(453) Pause Full (Ergonomics) 112M->106M(120M) 50,351ms
[2021-04-30T09:41:30.982+0300][26,344s][info][gc] GC(454) Pause Full (Ergonomics) 112M->106M(120M) 34,666ms
[2021-04-30T09:41:31.025+0300][26,387s][info][gc] GC(455) Pause Full (Ergonomics) 112M->106M(120M) 32,596ms
[2021-04-30T09:41:31.069+0300][26,432s][info][gc] GC(456) Pause Full (Ergonomics) 112M->106M(120M) 34,061ms
[2021-04-30T09:41:31.113+0300][26,475s][info][gc] GC(457) Pause Full (Ergonomics) 112M->106M(120M) 33,978ms
[2021-04-30T09:41:31.158+0300][26,520s][info][gc] GC(458) Pause Full (Ergonomics) 112M->107M(120M) 33,919ms
[2021-04-30T09:41:31.205+0300][26,567s][info][gc] GC(459) Pause Full (Ergonomics) 112M->107M(120M) 36,788ms
[2021-04-30T09:41:31.246+0300][26,609s][info][gc] GC(460) Pause Full (Ergonomics) 112M->107M(120M) 32,006ms
[2021-04-30T09:41:31.288+0300][26,650s][info][gc] GC(461) Pause Full (Ergonomics) 112M->107M(120M) 32,164ms
[2021-04-30T09:41:31.330+0300][26,692s][info][gc] GC(462) Pause Full (Ergonomics) 112M->107M(120M) 34,093ms
[2021-04-30T09:41:31.374+0300][26,736s][info][gc] GC(463) Pause Full (Ergonomics) 112M->107M(120M) 34,958ms
[2021-04-30T09:41:31.423+0300][26,785s][info][gc] GC(464) Pause Full (Ergonomics) 112M->107M(120M) 39,846ms
[2021-04-30T09:41:31.466+0300][26,828s][info][gc] GC(465) Pause Full (Ergonomics) 112M->107M(120M) 33,199ms
[2021-04-30T09:41:31.507+0300][26,869s][info][gc] GC(466) Pause Full (Ergonomics) 112M->107M(120M) 31,769ms
[2021-04-30T09:41:31.545+0300][26,908s][info][gc] GC(467) Pause Full (Ergonomics) 112M->107M(120M) 31,761ms
[2021-04-30T09:41:31.590+0300][26,952s][info][gc] GC(468) Pause Full (Ergonomics) 112M->107M(120M) 35,870ms
[2021-04-30T09:41:31.631+0300][26,993s][info][gc] GC(469) Pause Full (Ergonomics) 112M->107M(120M) 32,841ms
[2021-04-30T09:41:31.674+0300][27,036s][info][gc] GC(470) Pause Full (Ergonomics) 112M->108M(120M) 34,153ms
[2021-04-30T09:41:31.722+0300][27,084s][info][gc] GC(471) Pause Full (Ergonomics) 112M->108M(120M) 41,270ms
[2021-04-30T09:41:31.765+0300][27,127s][info][gc] GC(472) Pause Full (Ergonomics) 112M->108M(120M) 34,267ms
[2021-04-30T09:41:31.805+0300][27,168s][info][gc] GC(473) Pause Full (Ergonomics) 112M->108M(120M) 32,647ms
[2021-04-30T09:41:31.845+0300][27,207s][info][gc] GC(474) Pause Full (Ergonomics) 112M->108M(120M) 33,486ms
[2021-04-30T09:41:31.901+0300][27,263s][info][gc] GC(475) Pause Full (Ergonomics) 112M->108M(120M) 45,636ms
[2021-04-30T09:41:31.946+0300][27,308s][info][gc] GC(476) Pause Full (Ergonomics) 112M->108M(120M) 37,015ms
[2021-04-30T09:41:31.989+0300][27,351s][info][gc] GC(477) Pause Full (Ergonomics) 112M->108M(120M) 36,454ms
[2021-04-30T09:41:32.034+0300][27,396s][info][gc] GC(478) Pause Full (Ergonomics) 112M->108M(120M) 36,197ms
[2021-04-30T09:41:32.075+0300][27,437s][info][gc] GC(479) Pause Full (Ergonomics) 112M->108M(120M) 33,229ms
[2021-04-30T09:41:32.115+0300][27,477s][info][gc] GC(480) Pause Full (Ergonomics) 112M->108M(120M) 33,894ms
[2021-04-30T09:41:32.156+0300][27,518s][info][gc] GC(481) Pause Full (Ergonomics) 112M->108M(120M) 34,048ms
[2021-04-30T09:41:32.196+0300][27,558s][info][gc] GC(482) Pause Full (Ergonomics) 112M->108M(120M) 34,252ms
[2021-04-30T09:41:32.236+0300][27,599s][info][gc] GC(483) Pause Full (Ergonomics) 112M->108M(120M) 33,522ms
[2021-04-30T09:41:32.278+0300][27,640s][info][gc] GC(484) Pause Full (Ergonomics) 112M->109M(120M) 36,249ms
[2021-04-30T09:41:32.327+0300][27,689s][info][gc] GC(485) Pause Full (Ergonomics) 112M->109M(120M) 41,137ms
[2021-04-30T09:41:32.368+0300][27,730s][info][gc] GC(486) Pause Full (Ergonomics) 112M->109M(120M) 34,056ms
[2021-04-30T09:41:32.407+0300][27,769s][info][gc] GC(487) Pause Full (Ergonomics) 112M->109M(120M) 33,545ms
[2021-04-30T09:41:32.447+0300][27,809s][info][gc] GC(488) Pause Full (Ergonomics) 112M->109M(120M) 33,663ms
[2021-04-30T09:41:32.485+0300][27,847s][info][gc] GC(489) Pause Full (Ergonomics) 112M->109M(120M) 33,078ms
[2021-04-30T09:41:32.525+0300][27,887s][info][gc] GC(490) Pause Full (Ergonomics) 112M->109M(120M) 32,945ms
[2021-04-30T09:41:32.566+0300][27,928s][info][gc] GC(491) Pause Full (Ergonomics) 112M->109M(120M) 35,770ms
[2021-04-30T09:41:32.606+0300][27,968s][info][gc] GC(492) Pause Full (Ergonomics) 112M->109M(120M) 33,666ms
[2021-04-30T09:41:32.647+0300][28,009s][info][gc] GC(493) Pause Full (Ergonomics) 112M->109M(120M) 35,944ms
[2021-04-30T09:41:32.687+0300][28,049s][info][gc] GC(494) Pause Full (Ergonomics) 112M->109M(120M) 33,202ms
[2021-04-30T09:41:32.725+0300][28,087s][info][gc] GC(495) Pause Full (Ergonomics) 112M->109M(120M) 33,976ms
[2021-04-30T09:41:32.766+0300][28,128s][info][gc] GC(496) Pause Full (Ergonomics) 112M->109M(120M) 34,374ms
[2021-04-30T09:41:32.803+0300][28,165s][info][gc] GC(497) Pause Full (Ergonomics) 112M->109M(120M) 33,169ms
[2021-04-30T09:41:32.843+0300][28,206s][info][gc] GC(498) Pause Full (Ergonomics) 112M->109M(120M) 34,440ms
[2021-04-30T09:41:32.885+0300][28,247s][info][gc] GC(499) Pause Full (Ergonomics) 112M->109M(120M) 36,088ms
[2021-04-30T09:41:32.930+0300][28,292s][info][gc] GC(500) Pause Full (Ergonomics) 112M->109M(120M) 40,643ms
[2021-04-30T09:41:32.975+0300][28,337s][info][gc] GC(501) Pause Full (Ergonomics) 112M->109M(120M) 37,934ms
[2021-04-30T09:41:33.014+0300][28,376s][info][gc] GC(502) Pause Full (Ergonomics) 112M->110M(120M) 34,638ms
[2021-04-30T09:41:33.054+0300][28,416s][info][gc] GC(503) Pause Full (Ergonomics) 112M->110M(120M) 34,402ms
[2021-04-30T09:41:33.091+0300][28,453s][info][gc] GC(504) Pause Full (Ergonomics) 112M->110M(120M) 33,008ms
[2021-04-30T09:41:33.131+0300][28,493s][info][gc] GC(505) Pause Full (Ergonomics) 112M->110M(120M) 34,195ms
[2021-04-30T09:41:33.170+0300][28,533s][info][gc] GC(506) Pause Full (Ergonomics) 112M->110M(120M) 35,300ms
[2021-04-30T09:41:33.209+0300][28,571s][info][gc] GC(507) Pause Full (Ergonomics) 112M->110M(120M) 34,909ms
[2021-04-30T09:41:33.253+0300][28,615s][info][gc] GC(508) Pause Full (Ergonomics) 112M->110M(120M) 36,817ms
[2021-04-30T09:41:33.291+0300][28,653s][info][gc] GC(509) Pause Full (Ergonomics) 112M->110M(120M) 34,723ms
[2021-04-30T09:41:33.342+0300][28,705s][info][gc] GC(510) Pause Full (Ergonomics) 112M->110M(120M) 44,855ms
[2021-04-30T09:41:33.380+0300][28,742s][info][gc] GC(511) Pause Full (Ergonomics) 112M->110M(120M) 34,275ms
[2021-04-30T09:41:33.429+0300][28,791s][info][gc] GC(512) Pause Full (Ergonomics) 112M->110M(120M) 44,985ms
[2021-04-30T09:41:33.470+0300][28,833s][info][gc] GC(513) Pause Full (Ergonomics) 112M->110M(120M) 36,286ms
[2021-04-30T09:41:33.509+0300][28,871s][info][gc] GC(514) Pause Full (Ergonomics) 112M->110M(120M) 34,803ms
[2021-04-30T09:41:33.550+0300][28,912s][info][gc] GC(515) Pause Full (Ergonomics) 112M->110M(120M) 36,408ms
[2021-04-30T09:41:33.587+0300][28,950s][info][gc] GC(516) Pause Full (Ergonomics) 112M->110M(120M) 33,346ms
[2021-04-30T09:41:33.625+0300][28,987s][info][gc] GC(517) Pause Full (Ergonomics) 112M->110M(120M) 33,807ms
[2021-04-30T09:41:33.665+0300][29,027s][info][gc] GC(518) Pause Full (Ergonomics) 112M->110M(120M) 34,961ms
[2021-04-30T09:41:33.702+0300][29,064s][info][gc] GC(519) Pause Full (Ergonomics) 112M->110M(120M) 34,335ms
[2021-04-30T09:41:33.740+0300][29,102s][info][gc] GC(520) Pause Full (Ergonomics) 112M->110M(120M) 34,959ms
[2021-04-30T09:41:33.780+0300][29,142s][info][gc] GC(521) Pause Full (Ergonomics) 112M->110M(120M) 34,920ms
[2021-04-30T09:41:33.820+0300][29,182s][info][gc] GC(522) Pause Full (Ergonomics) 112M->110M(120M) 37,058ms
[2021-04-30T09:41:33.860+0300][29,223s][info][gc] GC(523) Pause Full (Ergonomics) 112M->110M(120M) 37,267ms
[2021-04-30T09:41:33.907+0300][29,269s][info][gc] GC(524) Pause Full (Ergonomics) 112M->110M(120M) 41,429ms
[2021-04-30T09:41:33.953+0300][29,315s][info][gc] GC(525) Pause Full (Ergonomics) 112M->110M(120M) 42,667ms
[2021-04-30T09:41:33.994+0300][29,356s][info][gc] GC(526) Pause Full (Ergonomics) 112M->110M(120M) 38,132ms
[2021-04-30T09:41:34.035+0300][29,397s][info][gc] GC(527) Pause Full (Ergonomics) 112M->110M(120M) 35,805ms
[2021-04-30T09:41:34.074+0300][29,436s][info][gc] GC(528) Pause Full (Ergonomics) 112M->110M(120M) 36,279ms
[2021-04-30T09:41:34.115+0300][29,477s][info][gc] GC(529) Pause Full (Ergonomics) 112M->111M(120M) 37,931ms
[2021-04-30T09:41:34.159+0300][29,521s][info][gc] GC(530) Pause Full (Ergonomics) 112M->111M(120M) 38,965ms
[2021-04-30T09:41:34.196+0300][29,559s][info][gc] GC(531) Pause Full (Ergonomics) 112M->111M(120M) 34,900ms
[2021-04-30T09:41:34.234+0300][29,596s][info][gc] GC(532) Pause Full (Ergonomics) 112M->111M(120M) 34,341ms
[2021-04-30T09:41:34.273+0300][29,635s][info][gc] GC(533) Pause Full (Ergonomics) 112M->111M(120M) 34,990ms
[2021-04-30T09:41:34.318+0300][29,680s][info][gc] GC(534) Pause Full (Ergonomics) 112M->111M(120M) 42,331ms
[2021-04-30T09:41:34.356+0300][29,719s][info][gc] GC(535) Pause Full (Ergonomics) 112M->111M(120M) 35,874ms
[2021-04-30T09:41:34.396+0300][29,758s][info][gc] GC(536) Pause Full (Ergonomics) 112M->111M(120M) 34,887ms
[2021-04-30T09:41:34.435+0300][29,797s][info][gc] GC(537) Pause Full (Ergonomics) 112M->111M(120M) 36,423ms
[2021-04-30T09:41:34.472+0300][29,834s][info][gc] GC(538) Pause Full (Ergonomics) 112M->111M(120M) 34,169ms
[2021-04-30T09:41:34.509+0300][29,871s][info][gc] GC(539) Pause Full (Ergonomics) 112M->111M(120M) 32,831ms
[2021-04-30T09:41:34.555+0300][29,917s][info][gc] GC(540) Pause Full (Ergonomics) 112M->111M(120M) 43,273ms
[2021-04-30T09:41:34.592+0300][29,954s][info][gc] GC(541) Pause Full (Ergonomics) 112M->111M(120M) 34,869ms
[2021-04-30T09:41:34.631+0300][29,993s][info][gc] GC(542) Pause Full (Ergonomics) 112M->111M(120M) 34,458ms
[2021-04-30T09:41:34.671+0300][30,033s][info][gc] GC(543) Pause Full (Ergonomics) 112M->111M(120M) 36,779ms
[2021-04-30T09:41:34.708+0300][30,070s][info][gc] GC(544) Pause Full (Ergonomics) 112M->111M(120M) 34,912ms
[2021-04-30T09:41:34.748+0300][30,111s][info][gc] GC(545) Pause Full (Ergonomics) 112M->111M(120M) 36,201ms
[2021-04-30T09:41:34.787+0300][30,149s][info][gc] GC(546) Pause Full (Ergonomics) 112M->111M(120M) 36,002ms
[2021-04-30T09:41:34.823+0300][30,185s][info][gc] GC(547) Pause Full (Ergonomics) 112M->111M(120M) 34,275ms
[2021-04-30T09:41:34.873+0300][30,236s][info][gc] GC(548) Pause Full (Ergonomics) 112M->111M(120M) 46,311ms
[2021-04-30T09:41:34.915+0300][30,277s][info][gc] GC(549) Pause Full (Ergonomics) 112M->111M(120M) 38,269ms
[2021-04-30T09:41:34.965+0300][30,327s][info][gc] GC(550) Pause Full (Ergonomics) 112M->111M(120M) 46,431ms
[2021-04-30T09:41:35.008+0300][30,370s][info][gc] GC(551) Pause Full (Ergonomics) 112M->111M(120M) 39,013ms
[2021-04-30T09:41:35.051+0300][30,413s][info][gc] GC(552) Pause Full (Ergonomics) 112M->111M(120M) 40,059ms
[2021-04-30T09:41:35.086+0300][30,449s][info][gc] GC(553) Pause Full (Ergonomics) 112M->111M(120M) 33,630ms
[2021-04-30T09:41:35.126+0300][30,488s][info][gc] GC(554) Pause Full (Ergonomics) 112M->111M(120M) 35,556ms
[2021-04-30T09:41:35.162+0300][30,524s][info][gc] GC(555) Pause Full (Ergonomics) 112M->111M(120M) 34,274ms
[2021-04-30T09:41:35.199+0300][30,561s][info][gc] GC(556) Pause Full (Ergonomics) 112M->111M(120M) 34,931ms
[2021-04-30T09:41:35.237+0300][30,600s][info][gc] GC(557) Pause Full (Ergonomics) 112M->111M(120M) 35,136ms
[2021-04-30T09:41:35.275+0300][30,637s][info][gc] GC(558) Pause Full (Ergonomics) 112M->111M(120M) 34,787ms
[2021-04-30T09:41:35.324+0300][30,687s][info][gc] GC(559) Pause Full (Ergonomics) 112M->111M(120M) 47,674ms
[2021-04-30T09:41:35.363+0300][30,725s][info][gc] GC(560) Pause Full (Ergonomics) 112M->111M(120M) 35,040ms
[2021-04-30T09:41:35.408+0300][30,770s][info][gc] GC(561) Pause Full (Ergonomics) 112M->111M(120M) 42,599ms
[2021-04-30T09:41:35.444+0300][30,807s][info][gc] GC(562) Pause Full (Ergonomics) 112M->111M(120M) 35,002ms
[2021-04-30T09:41:35.481+0300][30,843s][info][gc] GC(563) Pause Full (Ergonomics) 112M->111M(120M) 32,714ms
[2021-04-30T09:41:35.516+0300][30,878s][info][gc] GC(564) Pause Full (Ergonomics) 112M->111M(120M) 33,237ms
[2021-04-30T09:41:35.552+0300][30,914s][info][gc] GC(565) Pause Full (Ergonomics) 112M->111M(120M) 34,987ms
[2021-04-30T09:41:35.591+0300][30,953s][info][gc] GC(566) Pause Full (Ergonomics) 112M->111M(120M) 35,343ms
[2021-04-30T09:41:35.627+0300][30,989s][info][gc] GC(567) Pause Full (Ergonomics) 112M->111M(120M) 34,442ms
[2021-04-30T09:41:35.664+0300][31,026s][info][gc] GC(568) Pause Full (Ergonomics) 112M->111M(120M) 35,097ms
[2021-04-30T09:41:35.701+0300][31,063s][info][gc] GC(569) Pause Full (Ergonomics) 112M->111M(120M) 33,230ms
[2021-04-30T09:41:35.736+0300][31,099s][info][gc] GC(570) Pause Full (Ergonomics) 112M->111M(120M) 33,700ms
[2021-04-30T09:41:35.772+0300][31,134s][info][gc] GC(571) Pause Full (Ergonomics) 112M->111M(120M) 34,137ms
[2021-04-30T09:41:35.810+0300][31,172s][info][gc] GC(572) Pause Full (Ergonomics) 112M->111M(120M) 34,203ms
[2021-04-30T09:41:35.845+0300][31,207s][info][gc] GC(573) Pause Full (Ergonomics) 112M->111M(120M) 34,103ms
[2021-04-30T09:41:35.882+0300][31,245s][info][gc] GC(574) Pause Full (Ergonomics) 112M->111M(120M) 35,524ms
[2021-04-30T09:41:35.927+0300][31,290s][info][gc] GC(575) Pause Full (Ergonomics) 112M->111M(120M) 41,151ms
[2021-04-30T09:41:35.971+0300][31,333s][info][gc] GC(576) Pause Full (Ergonomics) 112M->111M(120M) 41,497ms
[2021-04-30T09:41:36.011+0300][31,373s][info][gc] GC(577) Pause Full (Ergonomics) 112M->112M(120M) 38,385ms
[2021-04-30T09:41:36.051+0300][31,413s][info][gc] GC(578) Pause Full (Ergonomics) 112M->112M(120M) 36,701ms
[2021-04-30T09:41:36.097+0300][31,460s][info][gc] GC(579) Pause Full (Ergonomics) 112M->112M(120M) 45,345ms
[2021-04-30T09:41:36.134+0300][31,497s][info][gc] GC(580) Pause Full (Ergonomics) 112M->112M(120M) 35,509ms
[2021-04-30T09:41:36.173+0300][31,536s][info][gc] GC(581) Pause Full (Ergonomics) 112M->112M(120M) 35,888ms
[2021-04-30T09:41:36.213+0300][31,576s][info][gc] GC(582) Pause Full (Ergonomics) 112M->112M(120M) 38,814ms
[2021-04-30T09:41:36.251+0300][31,613s][info][gc] GC(583) Pause Full (Ergonomics) 112M->112M(120M) 36,080ms
[2021-04-30T09:41:36.290+0300][31,652s][info][gc] GC(584) Pause Full (Ergonomics) 112M->112M(120M) 36,055ms
[2021-04-30T09:41:36.326+0300][31,689s][info][gc] GC(585) Pause Full (Ergonomics) 112M->112M(120M) 34,687ms
[2021-04-30T09:41:36.364+0300][31,726s][info][gc] GC(586) Pause Full (Ergonomics) 112M->112M(120M) 36,338ms
[2021-04-30T09:41:36.403+0300][31,765s][info][gc] GC(587) Pause Full (Ergonomics) 112M->112M(120M) 35,637ms
[2021-04-30T09:41:36.441+0300][31,803s][info][gc] GC(588) Pause Full (Ergonomics) 112M->112M(120M) 36,293ms
[2021-04-30T09:41:36.478+0300][31,841s][info][gc] GC(589) Pause Full (Ergonomics) 112M->112M(120M) 36,490ms
[2021-04-30T09:41:36.519+0300][31,881s][info][gc] GC(590) Pause Full (Ergonomics) 112M->112M(120M) 36,463ms
[2021-04-30T09:41:36.556+0300][31,918s][info][gc] GC(591) Pause Full (Ergonomics) 112M->112M(120M) 35,967ms
[2021-04-30T09:41:36.591+0300][31,953s][info][gc] GC(592) Pause Full (Ergonomics) 112M->112M(120M) 33,507ms
[2021-04-30T09:41:36.628+0300][31,990s][info][gc] GC(593) Pause Full (Ergonomics) 112M->112M(120M) 34,144ms
[2021-04-30T09:41:36.663+0300][32,025s][info][gc] GC(594) Pause Full (Ergonomics) 112M->112M(120M) 33,710ms
[2021-04-30T09:41:36.698+0300][32,060s][info][gc] GC(595) Pause Full (Ergonomics) 112M->112M(120M) 33,764ms
[2021-04-30T09:41:36.736+0300][32,099s][info][gc] GC(596) Pause Full (Ergonomics) 112M->112M(120M) 35,284ms
[2021-04-30T09:41:36.773+0300][32,135s][info][gc] GC(597) Pause Full (Ergonomics) 112M->112M(120M) 35,482ms
[2021-04-30T09:41:36.811+0300][32,173s][info][gc] GC(598) Pause Full (Ergonomics) 112M->112M(120M) 36,345ms
[2021-04-30T09:41:36.860+0300][32,222s][info][gc] GC(599) Pause Full (Ergonomics) 112M->112M(120M) 45,422ms
[2021-04-30T09:41:36.896+0300][32,258s][info][gc] GC(600) Pause Full (Ergonomics) 112M->112M(120M) 34,730ms
[2021-04-30T09:41:36.932+0300][32,294s][info][gc] GC(601) Pause Full (Ergonomics) 112M->112M(120M) 35,018ms
[2021-04-30T09:41:36.974+0300][32,336s][info][gc] GC(602) Pause Full (Ergonomics) 112M->112M(120M) 39,079ms
[2021-04-30T09:41:37.021+0300][32,384s][info][gc] GC(603) Pause Full (Ergonomics) 112M->112M(120M) 46,087ms
[2021-04-30T09:41:37.058+0300][32,420s][info][gc] GC(604) Pause Full (Ergonomics) 112M->112M(120M) 35,723ms
[2021-04-30T09:41:37.101+0300][32,463s][info][gc] GC(605) Pause Full (Ergonomics) 112M->112M(120M) 39,185ms
[2021-04-30T09:41:37.139+0300][32,501s][info][gc] GC(606) Pause Full (Ergonomics) 112M->112M(120M) 36,427ms
[2021-04-30T09:41:37.175+0300][32,537s][info][gc] GC(607) Pause Full (Ergonomics) 112M->112M(120M) 34,983ms
[2021-04-30T09:41:37.212+0300][32,574s][info][gc] GC(608) Pause Full (Ergonomics) 112M->112M(120M) 34,474ms
[2021-04-30T09:41:37.247+0300][32,610s][info][gc] GC(609) Pause Full (Ergonomics) 112M->112M(120M) 34,541ms
[2021-04-30T09:41:37.294+0300][32,656s][info][gc] GC(610) Pause Full (Ergonomics) 112M->112M(120M) 45,962ms
[2021-04-30T09:41:37.331+0300][32,693s][info][gc] GC(611) Pause Full (Ergonomics) 112M->112M(120M) 34,123ms
[2021-04-30T09:41:37.369+0300][32,731s][info][gc] GC(612) Pause Full (Ergonomics) 112M->112M(120M) 36,850ms
[2021-04-30T09:41:37.406+0300][32,768s][info][gc] GC(613) Pause Full (Ergonomics) 112M->112M(120M) 36,275ms
[2021-04-30T09:41:37.447+0300][32,809s][info][gc] GC(614) Pause Full (Ergonomics) 112M->112M(120M) 38,200ms
[2021-04-30T09:41:37.482+0300][32,845s][info][gc] GC(615) Pause Full (Ergonomics) 112M->112M(120M) 34,640ms
[2021-04-30T09:41:37.519+0300][32,881s][info][gc] GC(616) Pause Full (Ergonomics) 112M->112M(120M) 35,696ms
[2021-04-30T09:41:37.555+0300][32,917s][info][gc] GC(617) Pause Full (Ergonomics) 112M->112M(120M) 33,086ms
[2021-04-30T09:41:37.590+0300][32,952s][info][gc] GC(618) Pause Full (Ergonomics) 112M->112M(120M) 33,885ms
[2021-04-30T09:41:37.624+0300][32,986s][info][gc] GC(619) Pause Full (Ergonomics) 112M->112M(120M) 33,195ms
[2021-04-30T09:41:37.662+0300][33,024s][info][gc] GC(620) Pause Full (Ergonomics) 112M->112M(120M) 35,462ms
[2021-04-30T09:41:37.700+0300][33,062s][info][gc] GC(621) Pause Full (Ergonomics) 112M->112M(120M) 36,730ms
[2021-04-30T09:41:37.738+0300][33,100s][info][gc] GC(622) Pause Full (Ergonomics) 112M->112M(120M) 37,294ms
[2021-04-30T09:41:37.777+0300][33,139s][info][gc] GC(623) Pause Full (Ergonomics) 112M->112M(120M) 35,727ms
[2021-04-30T09:41:37.834+0300][33,196s][info][gc] GC(624) Pause Full (Ergonomics) 112M->112M(120M) 56,754ms
[2021-04-30T09:41:37.887+0300][33,249s][info][gc] GC(625) Pause Full (Ergonomics) 112M->112M(120M) 51,164ms
