[2021-04-30T09:44:24.156+0300][0.016s][info][gc] Using Serial
[2021-04-30T09:44:24.635+0300][0,494s][info][gc] GC(0) Pause Young (Allocation Failure) 34M->2M(123M) 7,168ms
[2021-04-30T09:44:24.752+0300][0,612s][info][gc] GC(1) Pause Young (Allocation Failure) 36M->2M(123M) 4,856ms
[2021-04-30T09:44:24.839+0300][0,699s][info][gc] GC(2) Pause Young (Allocation Failure) 36M->3M(123M) 4,757ms
[2021-04-30T09:44:24.912+0300][0,772s][info][gc] GC(3) Pause Young (Allocation Failure) 37M->3M(123M) 1,340ms
[2021-04-30T09:44:24.983+0300][0,843s][info][gc] GC(4) Pause Young (Allocation Failure) 37M->4M(123M) 1,780ms
[2021-04-30T09:44:25.072+0300][0,932s][info][gc] GC(5) Pause Young (Allocation Failure) 38M->4M(123M) 2,035ms
[2021-04-30T09:44:25.152+0300][1,012s][info][gc] GC(6) Pause Young (Allocation Failure) 39M->5M(123M) 1,924ms
[2021-04-30T09:44:25.220+0300][1,080s][info][gc] GC(7) Pause Young (Allocation Failure) 39M->6M(123M) 1,810ms
[2021-04-30T09:44:25.289+0300][1,149s][info][gc] GC(8) Pause Young (Allocation Failure) 40M->6M(123M) 1,456ms
[2021-04-30T09:44:25.355+0300][1,215s][info][gc] GC(9) Pause Young (Allocation Failure) 40M->7M(123M) 1,562ms
[2021-04-30T09:44:25.411+0300][1,271s][info][gc] GC(10) Pause Young (Allocation Failure) 41M->7M(123M) 1,493ms
[2021-04-30T09:44:25.467+0300][1,327s][info][gc] GC(11) Pause Young (Allocation Failure) 41M->8M(123M) 1,431ms
[2021-04-30T09:44:25.526+0300][1,385s][info][gc] GC(12) Pause Young (Allocation Failure) 42M->8M(123M) 1,488ms
[2021-04-30T09:44:25.579+0300][1,438s][info][gc] GC(13) Pause Young (Allocation Failure) 42M->9M(123M) 1,406ms
[2021-04-30T09:44:25.631+0300][1,491s][info][gc] GC(14) Pause Young (Allocation Failure) 43M->9M(123M) 1,403ms
[2021-04-30T09:44:25.682+0300][1,542s][info][gc] GC(15) Pause Young (Allocation Failure) 44M->10M(123M) 1,413ms
[2021-04-30T09:44:25.734+0300][1,594s][info][gc] GC(16) Pause Young (Allocation Failure) 44M->11M(123M) 1,419ms
[2021-04-30T09:44:25.784+0300][1,644s][info][gc] GC(17) Pause Young (Allocation Failure) 45M->11M(123M) 1,385ms
[2021-04-30T09:44:25.834+0300][1,694s][info][gc] GC(18) Pause Young (Allocation Failure) 45M->12M(123M) 1,368ms
[2021-04-30T09:44:25.885+0300][1,745s][info][gc] GC(19) Pause Young (Allocation Failure) 46M->12M(123M) 1,409ms
[2021-04-30T09:44:25.935+0300][1,795s][info][gc] GC(20) Pause Young (Allocation Failure) 46M->13M(123M) 1,386ms
[2021-04-30T09:44:25.993+0300][1,853s][info][gc] GC(21) Pause Young (Allocation Failure) 47M->13M(123M) 1,466ms
[2021-04-30T09:44:26.045+0300][1,905s][info][gc] GC(22) Pause Young (Allocation Failure) 48M->14M(123M) 1,382ms
[2021-04-30T09:44:26.103+0300][1,963s][info][gc] GC(23) Pause Young (Allocation Failure) 48M->14M(123M) 1,523ms
[2021-04-30T09:44:26.155+0300][2,015s][info][gc] GC(24) Pause Young (Allocation Failure) 49M->15M(123M) 1,564ms
[2021-04-30T09:44:26.231+0300][2,091s][info][gc] GC(25) Pause Young (Allocation Failure) 49M->16M(123M) 1,286ms
[2021-04-30T09:44:26.283+0300][2,143s][info][gc] GC(26) Pause Young (Allocation Failure) 50M->16M(123M) 1,496ms
[2021-04-30T09:44:26.334+0300][2,194s][info][gc] GC(27) Pause Young (Allocation Failure) 50M->17M(123M) 1,347ms
[2021-04-30T09:44:26.389+0300][2,249s][info][gc] GC(28) Pause Young (Allocation Failure) 51M->17M(123M) 1,595ms
[2021-04-30T09:44:26.469+0300][2,328s][info][gc] GC(29) Pause Young (Allocation Failure) 52M->18M(123M) 1,851ms
[2021-04-30T09:44:26.525+0300][2,385s][info][gc] GC(30) Pause Young (Allocation Failure) 52M->19M(123M) 1,682ms
[2021-04-30T09:44:26.576+0300][2,436s][info][gc] GC(31) Pause Young (Allocation Failure) 53M->19M(123M) 1,391ms
[2021-04-30T09:44:26.628+0300][2,487s][info][gc] GC(32) Pause Young (Allocation Failure) 53M->20M(123M) 1,443ms
[2021-04-30T09:44:26.692+0300][2,552s][info][gc] GC(33) Pause Young (Allocation Failure) 54M->20M(123M) 1,339ms
[2021-04-30T09:44:26.744+0300][2,603s][info][gc] GC(34) Pause Young (Allocation Failure) 54M->21M(123M) 1,389ms
[2021-04-30T09:44:26.798+0300][2,658s][info][gc] GC(35) Pause Young (Allocation Failure) 55M->21M(123M) 1,405ms
[2021-04-30T09:44:26.849+0300][2,709s][info][gc] GC(36) Pause Young (Allocation Failure) 55M->22M(123M) 1,395ms
[2021-04-30T09:44:26.902+0300][2,762s][info][gc] GC(37) Pause Young (Allocation Failure) 56M->22M(123M) 1,969ms
[2021-04-30T09:44:26.960+0300][2,820s][info][gc] GC(38) Pause Young (Allocation Failure) 57M->23M(123M) 1,439ms
[2021-04-30T09:44:27.031+0300][2,890s][info][gc] GC(39) Pause Young (Allocation Failure) 57M->23M(123M) 1,379ms
[2021-04-30T09:44:27.091+0300][2,951s][info][gc] GC(40) Pause Young (Allocation Failure) 58M->24M(123M) 1,641ms
[2021-04-30T09:44:27.140+0300][3,000s][info][gc] GC(41) Pause Young (Allocation Failure) 58M->25M(123M) 1,630ms
[2021-04-30T09:44:27.195+0300][3,055s][info][gc] GC(42) Pause Young (Allocation Failure) 59M->25M(123M) 1,968ms
[2021-04-30T09:44:27.245+0300][3,105s][info][gc] GC(43) Pause Young (Allocation Failure) 60M->26M(123M) 1,847ms
[2021-04-30T09:44:27.301+0300][3,161s][info][gc] GC(44) Pause Young (Allocation Failure) 60M->26M(123M) 1,629ms
[2021-04-30T09:44:27.361+0300][3,221s][info][gc] GC(45) Pause Young (Allocation Failure) 61M->27M(123M) 1,593ms
[2021-04-30T09:44:27.414+0300][3,274s][info][gc] GC(46) Pause Young (Allocation Failure) 61M->28M(123M) 1,695ms
[2021-04-30T09:44:27.470+0300][3,330s][info][gc] GC(47) Pause Young (Allocation Failure) 62M->28M(123M) 1,844ms
[2021-04-30T09:44:27.523+0300][3,383s][info][gc] GC(48) Pause Young (Allocation Failure) 62M->29M(123M) 1,455ms
[2021-04-30T09:44:27.579+0300][3,439s][info][gc] GC(49) Pause Young (Allocation Failure) 63M->29M(123M) 1,472ms
[2021-04-30T09:44:27.640+0300][3,500s][info][gc] GC(50) Pause Young (Allocation Failure) 63M->30M(123M) 1,718ms
[2021-04-30T09:44:27.696+0300][3,556s][info][gc] GC(51) Pause Young (Allocation Failure) 64M->30M(123M) 1,547ms
[2021-04-30T09:44:27.762+0300][3,622s][info][gc] GC(52) Pause Young (Allocation Failure) 64M->31M(123M) 3,339ms
[2021-04-30T09:44:27.824+0300][3,684s][info][gc] GC(53) Pause Young (Allocation Failure) 65M->31M(123M) 2,059ms
[2021-04-30T09:44:27.889+0300][3,748s][info][gc] GC(54) Pause Young (Allocation Failure) 66M->32M(123M) 2,015ms
[2021-04-30T09:44:27.956+0300][3,816s][info][gc] GC(55) Pause Young (Allocation Failure) 66M->33M(123M) 3,109ms
[2021-04-30T09:44:28.015+0300][3,874s][info][gc] GC(56) Pause Young (Allocation Failure) 67M->34M(123M) 2,145ms
[2021-04-30T09:44:28.111+0300][3,971s][info][gc] GC(57) Pause Young (Allocation Failure) 68M->34M(123M) 3,075ms
[2021-04-30T09:44:28.216+0300][4,076s][info][gc] GC(58) Pause Young (Allocation Failure) 68M->35M(123M) 6,256ms
[2021-04-30T09:44:28.311+0300][4,171s][info][gc] GC(59) Pause Young (Allocation Failure) 69M->36M(123M) 4,667ms
[2021-04-30T09:44:28.403+0300][4,263s][info][gc] GC(60) Pause Young (Allocation Failure) 70M->36M(123M) 6,268ms
[2021-04-30T09:44:28.482+0300][4,342s][info][gc] GC(61) Pause Young (Allocation Failure) 70M->37M(123M) 3,030ms
[2021-04-30T09:44:28.550+0300][4,410s][info][gc] GC(62) Pause Young (Allocation Failure) 71M->37M(123M) 3,090ms
[2021-04-30T09:44:28.613+0300][4,473s][info][gc] GC(63) Pause Young (Allocation Failure) 71M->38M(123M) 1,996ms
[2021-04-30T09:44:28.668+0300][4,528s][info][gc] GC(64) Pause Young (Allocation Failure) 72M->39M(123M) 1,698ms
[2021-04-30T09:44:28.718+0300][4,578s][info][gc] GC(65) Pause Young (Allocation Failure) 73M->39M(123M) 1,594ms
[2021-04-30T09:44:28.768+0300][4,628s][info][gc] GC(66) Pause Young (Allocation Failure) 73M->40M(123M) 1,777ms
[2021-04-30T09:44:28.826+0300][4,686s][info][gc] GC(67) Pause Young (Allocation Failure) 74M->40M(123M) 2,704ms
[2021-04-30T09:44:28.882+0300][4,742s][info][gc] GC(68) Pause Young (Allocation Failure) 75M->41M(123M) 1,481ms
[2021-04-30T09:44:28.937+0300][4,797s][info][gc] GC(69) Pause Young (Allocation Failure) 75M->42M(123M) 2,311ms
[2021-04-30T09:44:28.990+0300][4,850s][info][gc] GC(70) Pause Young (Allocation Failure) 76M->42M(123M) 1,514ms
[2021-04-30T09:44:29.040+0300][4,900s][info][gc] GC(71) Pause Young (Allocation Failure) 76M->43M(123M) 1,445ms
[2021-04-30T09:44:29.094+0300][4,954s][info][gc] GC(72) Pause Young (Allocation Failure) 77M->43M(123M) 1,518ms
[2021-04-30T09:44:29.149+0300][5,009s][info][gc] GC(73) Pause Young (Allocation Failure) 77M->44M(123M) 1,884ms
[2021-04-30T09:44:29.206+0300][5,066s][info][gc] GC(74) Pause Young (Allocation Failure) 78M->44M(123M) 1,518ms
[2021-04-30T09:44:29.263+0300][5,123s][info][gc] GC(75) Pause Young (Allocation Failure) 78M->45M(123M) 2,784ms
[2021-04-30T09:44:29.316+0300][5,175s][info][gc] GC(76) Pause Young (Allocation Failure) 79M->45M(123M) 1,595ms
[2021-04-30T09:44:29.365+0300][5,225s][info][gc] GC(77) Pause Young (Allocation Failure) 79M->46M(123M) 1,667ms
[2021-04-30T09:44:29.425+0300][5,285s][info][gc] GC(78) Pause Young (Allocation Failure) 80M->46M(123M) 2,045ms
[2021-04-30T09:44:29.480+0300][5,340s][info][gc] GC(79) Pause Young (Allocation Failure) 81M->47M(123M) 1,734ms
[2021-04-30T09:44:29.533+0300][5,393s][info][gc] GC(80) Pause Young (Allocation Failure) 81M->48M(123M) 1,661ms
[2021-04-30T09:44:29.588+0300][5,447s][info][gc] GC(81) Pause Young (Allocation Failure) 82M->48M(123M) 1,879ms
[2021-04-30T09:44:29.643+0300][5,503s][info][gc] GC(82) Pause Young (Allocation Failure) 82M->49M(123M) 2,615ms
[2021-04-30T09:44:29.701+0300][5,561s][info][gc] GC(83) Pause Young (Allocation Failure) 83M->49M(123M) 1,998ms
[2021-04-30T09:44:29.762+0300][5,622s][info][gc] GC(84) Pause Young (Allocation Failure) 83M->50M(123M) 1,632ms
[2021-04-30T09:44:29.819+0300][5,679s][info][gc] GC(85) Pause Young (Allocation Failure) 84M->50M(123M) 1,529ms
[2021-04-30T09:44:29.869+0300][5,729s][info][gc] GC(86) Pause Young (Allocation Failure) 84M->51M(123M) 1,535ms
[2021-04-30T09:44:29.917+0300][5,777s][info][gc] GC(87) Pause Young (Allocation Failure) 85M->51M(123M) 1,691ms
[2021-04-30T09:44:29.969+0300][5,829s][info][gc] GC(88) Pause Young (Allocation Failure) 86M->52M(123M) 1,444ms
[2021-04-30T09:44:30.209+0300][6,069s][info][gc] GC(89) Pause Young (Allocation Failure) 86M->51M(123M) 1,055ms
[2021-04-30T09:44:30.261+0300][6,121s][info][gc] GC(90) Pause Young (Allocation Failure) 85M->52M(123M) 1,153ms
[2021-04-30T09:44:30.314+0300][6,174s][info][gc] GC(91) Pause Young (Allocation Failure) 86M->52M(123M) 1,173ms
[2021-04-30T09:44:30.372+0300][6,232s][info][gc] GC(92) Pause Young (Allocation Failure) 87M->53M(123M) 2,342ms
[2021-04-30T09:44:30.424+0300][6,284s][info][gc] GC(93) Pause Young (Allocation Failure) 87M->54M(123M) 1,817ms
[2021-04-30T09:44:30.473+0300][6,333s][info][gc] GC(94) Pause Young (Allocation Failure) 88M->54M(123M) 1,435ms
[2021-04-30T09:44:30.523+0300][6,383s][info][gc] GC(95) Pause Young (Allocation Failure) 88M->55M(123M) 1,372ms
[2021-04-30T09:44:30.573+0300][6,433s][info][gc] GC(96) Pause Young (Allocation Failure) 89M->55M(123M) 1,610ms
[2021-04-30T09:44:30.636+0300][6,495s][info][gc] GC(97) Pause Young (Allocation Failure) 89M->56M(123M) 2,211ms
[2021-04-30T09:44:30.692+0300][6,552s][info][gc] GC(98) Pause Young (Allocation Failure) 90M->56M(123M) 1,415ms
[2021-04-30T09:44:30.743+0300][6,603s][info][gc] GC(99) Pause Young (Allocation Failure) 90M->57M(123M) 1,971ms
[2021-04-30T09:44:30.791+0300][6,651s][info][gc] GC(100) Pause Young (Allocation Failure) 91M->57M(123M) 1,760ms
[2021-04-30T09:44:30.840+0300][6,699s][info][gc] GC(101) Pause Young (Allocation Failure) 92M->58M(123M) 1,362ms
[2021-04-30T09:44:30.891+0300][6,751s][info][gc] GC(102) Pause Young (Allocation Failure) 92M->59M(123M) 2,650ms
[2021-04-30T09:44:30.944+0300][6,804s][info][gc] GC(103) Pause Young (Allocation Failure) 93M->59M(123M) 1,467ms
[2021-04-30T09:44:30.996+0300][6,855s][info][gc] GC(104) Pause Young (Allocation Failure) 93M->60M(123M) 1,441ms
[2021-04-30T09:44:31.050+0300][6,910s][info][gc] GC(105) Pause Young (Allocation Failure) 94M->60M(123M) 1,469ms
[2021-04-30T09:44:31.108+0300][6,968s][info][gc] GC(106) Pause Young (Allocation Failure) 94M->61M(123M) 1,455ms
[2021-04-30T09:44:31.158+0300][7,018s][info][gc] GC(107) Pause Young (Allocation Failure) 95M->61M(123M) 1,385ms
[2021-04-30T09:44:31.209+0300][7,069s][info][gc] GC(108) Pause Young (Allocation Failure) 95M->62M(123M) 1,605ms
[2021-04-30T09:44:31.262+0300][7,122s][info][gc] GC(109) Pause Young (Allocation Failure) 96M->62M(123M) 1,497ms
[2021-04-30T09:44:31.317+0300][7,177s][info][gc] GC(110) Pause Young (Allocation Failure) 96M->63M(123M) 1,622ms
[2021-04-30T09:44:31.371+0300][7,231s][info][gc] GC(111) Pause Young (Allocation Failure) 97M->63M(123M) 1,835ms
[2021-04-30T09:44:31.425+0300][7,285s][info][gc] GC(112) Pause Young (Allocation Failure) 98M->64M(123M) 1,521ms
[2021-04-30T09:44:31.475+0300][7,335s][info][gc] GC(113) Pause Young (Allocation Failure) 98M->65M(123M) 1,498ms
[2021-04-30T09:44:31.527+0300][7,387s][info][gc] GC(114) Pause Young (Allocation Failure) 99M->65M(123M) 1,579ms
[2021-04-30T09:44:31.578+0300][7,438s][info][gc] GC(115) Pause Young (Allocation Failure) 99M->66M(123M) 1,389ms
[2021-04-30T09:44:31.626+0300][7,486s][info][gc] GC(116) Pause Young (Allocation Failure) 100M->66M(123M) 1,617ms
[2021-04-30T09:44:31.678+0300][7,538s][info][gc] GC(117) Pause Young (Allocation Failure) 100M->67M(123M) 2,231ms
[2021-04-30T09:44:31.736+0300][7,596s][info][gc] GC(118) Pause Young (Allocation Failure) 101M->68M(123M) 2,028ms
[2021-04-30T09:44:31.789+0300][7,649s][info][gc] GC(119) Pause Young (Allocation Failure) 102M->68M(123M) 1,491ms
[2021-04-30T09:44:31.843+0300][7,703s][info][gc] GC(120) Pause Young (Allocation Failure) 103M->69M(123M) 1,856ms
[2021-04-30T09:44:31.895+0300][7,755s][info][gc] GC(121) Pause Young (Allocation Failure) 103M->70M(123M) 1,142ms
[2021-04-30T09:44:31.945+0300][7,805s][info][gc] GC(122) Pause Young (Allocation Failure) 104M->70M(123M) 1,459ms
[2021-04-30T09:44:31.996+0300][7,855s][info][gc] GC(123) Pause Young (Allocation Failure) 104M->71M(123M) 1,596ms
[2021-04-30T09:44:32.043+0300][7,903s][info][gc] GC(124) Pause Young (Allocation Failure) 105M->71M(123M) 1,499ms
[2021-04-30T09:44:32.094+0300][7,954s][info][gc] GC(125) Pause Young (Allocation Failure) 105M->72M(123M) 1,523ms
[2021-04-30T09:44:32.146+0300][8,006s][info][gc] GC(126) Pause Young (Allocation Failure) 106M->72M(123M) 2,112ms
[2021-04-30T09:44:32.197+0300][8,057s][info][gc] GC(127) Pause Young (Allocation Failure) 106M->73M(123M) 1,488ms
[2021-04-30T09:44:32.249+0300][8,109s][info][gc] GC(128) Pause Young (Allocation Failure) 107M->73M(123M) 1,550ms
[2021-04-30T09:44:32.305+0300][8,165s][info][gc] GC(129) Pause Young (Allocation Failure) 108M->74M(123M) 1,573ms
[2021-04-30T09:44:32.358+0300][8,218s][info][gc] GC(130) Pause Young (Allocation Failure) 108M->74M(123M) 2,286ms
[2021-04-30T09:44:32.418+0300][8,277s][info][gc] GC(131) Pause Young (Allocation Failure) 109M->75M(123M) 1,616ms
[2021-04-30T09:44:32.476+0300][8,335s][info][gc] GC(132) Pause Young (Allocation Failure) 109M->76M(123M) 1,455ms
[2021-04-30T09:44:32.527+0300][8,387s][info][gc] GC(133) Pause Young (Allocation Failure) 110M->76M(123M) 1,613ms
[2021-04-30T09:44:32.578+0300][8,438s][info][gc] GC(134) Pause Young (Allocation Failure) 110M->77M(123M) 1,531ms
[2021-04-30T09:44:32.636+0300][8,495s][info][gc] GC(135) Pause Young (Allocation Failure) 111M->77M(123M) 2,180ms
[2021-04-30T09:44:32.689+0300][8,549s][info][gc] GC(136) Pause Young (Allocation Failure) 111M->78M(123M) 1,459ms
[2021-04-30T09:44:32.738+0300][8,597s][info][gc] GC(137) Pause Young (Allocation Failure) 112M->78M(123M) 1,381ms
[2021-04-30T09:44:32.787+0300][8,647s][info][gc] GC(138) Pause Young (Allocation Failure) 112M->79M(123M) 1,504ms
[2021-04-30T09:44:32.834+0300][8,694s][info][gc] GC(139) Pause Young (Allocation Failure) 113M->79M(123M) 1,440ms
[2021-04-30T09:44:32.884+0300][8,744s][info][gc] GC(140) Pause Young (Allocation Failure) 114M->80M(123M) 2,143ms
[2021-04-30T09:44:32.941+0300][8,800s][info][gc] GC(141) Pause Young (Allocation Failure) 114M->81M(123M) 1,905ms
[2021-04-30T09:44:32.995+0300][8,855s][info][gc] GC(142) Pause Young (Allocation Failure) 115M->81M(123M) 1,400ms
[2021-04-30T09:44:33.044+0300][8,904s][info][gc] GC(143) Pause Young (Allocation Failure) 115M->82M(123M) 1,466ms
[2021-04-30T09:44:33.091+0300][8,950s][info][gc] GC(144) Pause Young (Allocation Failure) 116M->82M(123M) 1,476ms
[2021-04-30T09:44:33.140+0300][9,000s][info][gc] GC(145) Pause Young (Allocation Failure) 116M->83M(123M) 1,526ms
[2021-04-30T09:44:33.190+0300][9,050s][info][gc] GC(146) Pause Young (Allocation Failure) 117M->83M(123M) 1,387ms
[2021-04-30T09:44:33.244+0300][9,103s][info][gc] GC(147) Pause Young (Allocation Failure) 117M->84M(123M) 1,647ms
[2021-04-30T09:44:33.299+0300][9,159s][info][gc] GC(148) Pause Young (Allocation Failure) 118M->84M(123M) 2,046ms
[2021-04-30T09:44:33.362+0300][9,222s][info][gc] GC(149) Pause Young (Allocation Failure) 119M->85M(123M) 1,570ms
[2021-04-30T09:44:33.415+0300][9,275s][info][gc] GC(150) Pause Young (Allocation Failure) 119M->85M(123M) 1,527ms
[2021-04-30T09:44:33.464+0300][9,324s][info][gc] GC(151) Pause Young (Allocation Failure) 120M->86M(123M) 1,600ms
[2021-04-30T09:44:33.517+0300][9,377s][info][gc] GC(152) Pause Young (Allocation Failure) 120M->87M(123M) 2,090ms
[2021-04-30T09:44:33.618+0300][9,478s][info][gc] GC(154) Pause Full (Allocation Failure) 121M->79M(123M) 49,106ms
[2021-04-30T09:44:33.618+0300][9,478s][info][gc] GC(153) Pause Young (Allocation Failure) 121M->79M(123M) 49,181ms
[2021-04-30T09:44:33.684+0300][9,544s][info][gc] GC(155) Pause Young (Allocation Failure) 113M->80M(123M) 0,572ms
[2021-04-30T09:44:33.731+0300][9,591s][info][gc] GC(156) Pause Young (Allocation Failure) 114M->80M(123M) 0,795ms
[2021-04-30T09:44:33.777+0300][9,637s][info][gc] GC(157) Pause Young (Allocation Failure) 115M->81M(123M) 0,974ms
[2021-04-30T09:44:33.830+0300][9,690s][info][gc] GC(158) Pause Young (Allocation Failure) 115M->81M(123M) 1,388ms
[2021-04-30T09:44:33.880+0300][9,740s][info][gc] GC(159) Pause Young (Allocation Failure) 116M->82M(123M) 1,298ms
[2021-04-30T09:44:33.929+0300][9,788s][info][gc] GC(160) Pause Young (Allocation Failure) 116M->83M(123M) 1,443ms
[2021-04-30T09:44:33.980+0300][9,840s][info][gc] GC(161) Pause Young (Allocation Failure) 117M->83M(123M) 1,309ms
[2021-04-30T09:44:34.026+0300][9,886s][info][gc] GC(162) Pause Young (Allocation Failure) 117M->84M(123M) 1,330ms
[2021-04-30T09:44:34.075+0300][9,935s][info][gc] GC(163) Pause Young (Allocation Failure) 118M->84M(123M) 1,960ms
[2021-04-30T09:44:34.126+0300][9,986s][info][gc] GC(164) Pause Young (Allocation Failure) 118M->85M(123M) 1,643ms
[2021-04-30T09:44:34.178+0300][10,038s][info][gc] GC(165) Pause Young (Allocation Failure) 119M->85M(123M) 1,288ms
[2021-04-30T09:44:34.233+0300][10,093s][info][gc] GC(166) Pause Young (Allocation Failure) 119M->87M(123M) 1,914ms
[2021-04-30T09:44:34.288+0300][10,148s][info][gc] GC(167) Pause Young (Allocation Failure) 121M->87M(123M) 1,870ms
[2021-04-30T09:44:34.411+0300][10,271s][info][gc] GC(169) Pause Full (Allocation Failure) 121M->87M(123M) 61,585ms
[2021-04-30T09:44:34.411+0300][10,271s][info][gc] GC(168) Pause Young (Allocation Failure) 121M->87M(123M) 61,674ms
[2021-04-30T09:44:34.534+0300][10,394s][info][gc] GC(170) Pause Full (Allocation Failure) 123M->88M(123M) 41,241ms
[2021-04-30T09:44:34.674+0300][10,534s][info][gc] GC(171) Pause Full (Allocation Failure) 123M->84M(123M) 55,546ms
[2021-04-30T09:44:34.771+0300][10,631s][info][gc] GC(173) Pause Full (Allocation Failure) 118M->85M(123M) 37,698ms
[2021-04-30T09:44:34.771+0300][10,631s][info][gc] GC(172) Pause Young (Allocation Failure) 118M->85M(123M) 37,780ms
[2021-04-30T09:44:34.857+0300][10,717s][info][gc] GC(175) Pause Full (Allocation Failure) 119M->85M(123M) 37,294ms
[2021-04-30T09:44:34.857+0300][10,717s][info][gc] GC(174) Pause Young (Allocation Failure) 119M->85M(123M) 37,363ms
[2021-04-30T09:44:34.970+0300][10,830s][info][gc] GC(176) Pause Full (Allocation Failure) 123M->86M(123M) 42,244ms
[2021-04-30T09:44:35.081+0300][10,941s][info][gc] GC(177) Pause Full (Allocation Failure) 123M->86M(123M) 39,073ms
[2021-04-30T09:44:35.190+0300][11,050s][info][gc] GC(178) Pause Full (Allocation Failure) 123M->87M(123M) 38,373ms
[2021-04-30T09:44:35.318+0300][11,178s][info][gc] GC(179) Pause Full (Allocation Failure) 123M->88M(123M) 45,225ms
[2021-04-30T09:44:35.438+0300][11,298s][info][gc] GC(180) Pause Full (Allocation Failure) 123M->88M(123M) 40,908ms
[2021-04-30T09:44:36.092+0300][11,952s][info][gc] GC(181) Pause Full (Allocation Failure) 123M->58M(123M) 44,503ms
[2021-04-30T09:44:36.145+0300][12,005s][info][gc] GC(182) Pause Young (Allocation Failure) 92M->59M(123M) 0,485ms
[2021-04-30T09:44:36.192+0300][12,052s][info][gc] GC(183) Pause Young (Allocation Failure) 93M->59M(123M) 0,707ms
[2021-04-30T09:44:36.238+0300][12,098s][info][gc] GC(184) Pause Young (Allocation Failure) 93M->60M(123M) 1,244ms
[2021-04-30T09:44:36.296+0300][12,156s][info][gc] GC(185) Pause Young (Allocation Failure) 94M->60M(123M) 1,114ms
[2021-04-30T09:44:36.349+0300][12,209s][info][gc] GC(186) Pause Young (Allocation Failure) 95M->61M(123M) 1,363ms
[2021-04-30T09:44:36.404+0300][12,264s][info][gc] GC(187) Pause Young (Allocation Failure) 95M->62M(123M) 1,237ms
[2021-04-30T09:44:36.457+0300][12,317s][info][gc] GC(188) Pause Young (Allocation Failure) 96M->62M(123M) 1,237ms
[2021-04-30T09:44:36.504+0300][12,364s][info][gc] GC(189) Pause Young (Allocation Failure) 96M->63M(123M) 1,225ms
[2021-04-30T09:44:36.551+0300][12,411s][info][gc] GC(190) Pause Young (Allocation Failure) 97M->63M(123M) 1,311ms
[2021-04-30T09:44:36.601+0300][12,461s][info][gc] GC(191) Pause Young (Allocation Failure) 97M->64M(123M) 1,269ms
[2021-04-30T09:44:36.648+0300][12,508s][info][gc] GC(192) Pause Young (Allocation Failure) 98M->64M(123M) 1,217ms
[2021-04-30T09:44:36.698+0300][12,558s][info][gc] GC(193) Pause Young (Allocation Failure) 98M->65M(123M) 1,315ms
[2021-04-30T09:44:36.747+0300][12,607s][info][gc] GC(194) Pause Young (Allocation Failure) 99M->65M(123M) 1,330ms
[2021-04-30T09:44:36.795+0300][12,655s][info][gc] GC(195) Pause Young (Allocation Failure) 100M->66M(123M) 1,256ms
[2021-04-30T09:44:36.845+0300][12,705s][info][gc] GC(196) Pause Young (Allocation Failure) 100M->66M(123M) 1,337ms
[2021-04-30T09:44:36.893+0300][12,753s][info][gc] GC(197) Pause Young (Allocation Failure) 101M->67M(123M) 1,286ms
[2021-04-30T09:44:36.941+0300][12,800s][info][gc] GC(198) Pause Young (Allocation Failure) 101M->68M(123M) 1,510ms
[2021-04-30T09:44:36.993+0300][12,853s][info][gc] GC(199) Pause Young (Allocation Failure) 102M->68M(123M) 1,409ms
[2021-04-30T09:44:37.044+0300][12,904s][info][gc] GC(200) Pause Young (Allocation Failure) 102M->69M(123M) 1,210ms
[2021-04-30T09:44:37.094+0300][12,954s][info][gc] GC(201) Pause Young (Allocation Failure) 103M->69M(123M) 1,662ms
[2021-04-30T09:44:37.143+0300][13,003s][info][gc] GC(202) Pause Young (Allocation Failure) 103M->70M(123M) 1,373ms
[2021-04-30T09:44:37.190+0300][13,050s][info][gc] GC(203) Pause Young (Allocation Failure) 104M->70M(123M) 1,418ms
[2021-04-30T09:44:37.239+0300][13,099s][info][gc] GC(204) Pause Young (Allocation Failure) 105M->71M(123M) 1,617ms
[2021-04-30T09:44:37.291+0300][13,151s][info][gc] GC(205) Pause Young (Allocation Failure) 105M->71M(123M) 1,303ms
[2021-04-30T09:44:37.344+0300][13,204s][info][gc] GC(206) Pause Young (Allocation Failure) 106M->72M(123M) 2,313ms
[2021-04-30T09:44:37.401+0300][13,261s][info][gc] GC(207) Pause Young (Allocation Failure) 106M->73M(123M) 1,272ms
[2021-04-30T09:44:37.450+0300][13,310s][info][gc] GC(208) Pause Young (Allocation Failure) 107M->73M(123M) 1,286ms
[2021-04-30T09:44:37.500+0300][13,360s][info][gc] GC(209) Pause Young (Allocation Failure) 107M->74M(123M) 1,327ms
[2021-04-30T09:44:37.547+0300][13,407s][info][gc] GC(210) Pause Young (Allocation Failure) 108M->74M(123M) 1,192ms
[2021-04-30T09:44:37.596+0300][13,456s][info][gc] GC(211) Pause Young (Allocation Failure) 108M->75M(123M) 1,286ms
[2021-04-30T09:44:37.649+0300][13,509s][info][gc] GC(212) Pause Young (Allocation Failure) 109M->75M(123M) 1,445ms
[2021-04-30T09:44:37.699+0300][13,559s][info][gc] GC(213) Pause Young (Allocation Failure) 109M->76M(123M) 1,222ms
[2021-04-30T09:44:37.746+0300][13,606s][info][gc] GC(214) Pause Young (Allocation Failure) 110M->76M(123M) 1,222ms
[2021-04-30T09:44:37.794+0300][13,654s][info][gc] GC(215) Pause Young (Allocation Failure) 111M->77M(123M) 1,342ms
[2021-04-30T09:44:37.840+0300][13,700s][info][gc] GC(216) Pause Young (Allocation Failure) 111M->78M(123M) 1,311ms
[2021-04-30T09:44:37.889+0300][13,749s][info][gc] GC(217) Pause Young (Allocation Failure) 112M->78M(123M) 1,263ms
[2021-04-30T09:44:37.940+0300][13,800s][info][gc] GC(218) Pause Young (Allocation Failure) 112M->79M(123M) 1,507ms
[2021-04-30T09:44:37.991+0300][13,851s][info][gc] GC(219) Pause Young (Allocation Failure) 113M->79M(123M) 1,296ms
[2021-04-30T09:44:38.038+0300][13,898s][info][gc] GC(220) Pause Young (Allocation Failure) 113M->80M(123M) 1,407ms
[2021-04-30T09:44:38.087+0300][13,947s][info][gc] GC(221) Pause Young (Allocation Failure) 114M->80M(123M) 1,314ms
[2021-04-30T09:44:38.133+0300][13,993s][info][gc] GC(222) Pause Young (Allocation Failure) 114M->81M(123M) 1,307ms
[2021-04-30T09:44:38.184+0300][14,044s][info][gc] GC(223) Pause Young (Allocation Failure) 115M->81M(123M) 1,455ms
[2021-04-30T09:44:38.235+0300][14,095s][info][gc] GC(224) Pause Young (Allocation Failure) 116M->82M(123M) 2,374ms
[2021-04-30T09:44:38.290+0300][14,150s][info][gc] GC(225) Pause Young (Allocation Failure) 116M->82M(123M) 1,402ms
[2021-04-30T09:44:38.344+0300][14,204s][info][gc] GC(226) Pause Young (Allocation Failure) 117M->83M(123M) 1,382ms
[2021-04-30T09:44:38.396+0300][14,256s][info][gc] GC(227) Pause Young (Allocation Failure) 117M->84M(123M) 1,339ms
[2021-04-30T09:44:38.446+0300][14,306s][info][gc] GC(228) Pause Young (Allocation Failure) 118M->84M(123M) 1,288ms
[2021-04-30T09:44:38.497+0300][14,357s][info][gc] GC(229) Pause Young (Allocation Failure) 118M->85M(123M) 2,710ms
[2021-04-30T09:44:38.550+0300][14,410s][info][gc] GC(230) Pause Young (Allocation Failure) 119M->85M(123M) 1,489ms
[2021-04-30T09:44:38.599+0300][14,458s][info][gc] GC(231) Pause Young (Allocation Failure) 119M->86M(123M) 1,314ms
[2021-04-30T09:44:38.645+0300][14,504s][info][gc] GC(232) Pause Young (Allocation Failure) 120M->86M(123M) 1,444ms
[2021-04-30T09:44:38.695+0300][14,555s][info][gc] GC(233) Pause Young (Allocation Failure) 120M->87M(123M) 1,303ms
[2021-04-30T09:44:38.783+0300][14,643s][info][gc] GC(235) Pause Full (Allocation Failure) 121M->87M(123M) 42,214ms
[2021-04-30T09:44:38.783+0300][14,643s][info][gc] GC(234) Pause Young (Allocation Failure) 121M->87M(123M) 42,295ms
[2021-04-30T09:44:38.894+0300][14,754s][info][gc] GC(236) Pause Full (Allocation Failure) 123M->88M(123M) 39,483ms
[2021-04-30T09:44:39.007+0300][14,867s][info][gc] GC(237) Pause Full (Allocation Failure) 123M->89M(123M) 41,403ms
[2021-04-30T09:44:39.128+0300][14,987s][info][gc] GC(238) Pause Full (Allocation Failure) 123M->89M(123M) 50,099ms
[2021-04-30T09:44:39.242+0300][15,102s][info][gc] GC(239) Pause Full (Allocation Failure) 123M->90M(123M) 40,158ms
[2021-04-30T09:44:39.355+0300][15,215s][info][gc] GC(240) Pause Full (Allocation Failure) 123M->90M(123M) 43,967ms
[2021-04-30T09:44:39.465+0300][15,325s][info][gc] GC(241) Pause Full (Allocation Failure) 123M->91M(123M) 40,328ms
[2021-04-30T09:44:39.579+0300][15,438s][info][gc] GC(242) Pause Full (Allocation Failure) 123M->91M(123M) 48,669ms
[2021-04-30T09:44:39.687+0300][15,547s][info][gc] GC(243) Pause Full (Allocation Failure) 123M->92M(123M) 41,794ms
[2021-04-30T09:44:39.790+0300][15,650s][info][gc] GC(244) Pause Full (Allocation Failure) 123M->92M(123M) 39,952ms
[2021-04-30T09:44:39.892+0300][15,752s][info][gc] GC(245) Pause Full (Allocation Failure) 123M->93M(123M) 42,329ms
[2021-04-30T09:44:39.999+0300][15,859s][info][gc] GC(246) Pause Full (Allocation Failure) 123M->93M(123M) 43,628ms
[2021-04-30T09:44:40.099+0300][15,959s][info][gc] GC(247) Pause Full (Allocation Failure) 123M->94M(123M) 41,052ms
[2021-04-30T09:44:40.199+0300][16,059s][info][gc] GC(248) Pause Full (Allocation Failure) 123M->94M(123M) 39,928ms
[2021-04-30T09:44:40.311+0300][16,171s][info][gc] GC(249) Pause Full (Allocation Failure) 123M->95M(123M) 46,671ms
[2021-04-30T09:44:40.426+0300][16,285s][info][gc] GC(250) Pause Full (Allocation Failure) 123M->95M(123M) 51,325ms
[2021-04-30T09:44:40.526+0300][16,386s][info][gc] GC(251) Pause Full (Allocation Failure) 123M->96M(123M) 41,371ms
[2021-04-30T09:44:40.626+0300][16,486s][info][gc] GC(252) Pause Full (Allocation Failure) 123M->96M(123M) 41,045ms
[2021-04-30T09:44:40.731+0300][16,591s][info][gc] GC(253) Pause Full (Allocation Failure) 123M->96M(123M) 46,671ms
[2021-04-30T09:44:40.833+0300][16,693s][info][gc] GC(254) Pause Full (Allocation Failure) 123M->97M(123M) 42,656ms
[2021-04-30T09:44:40.933+0300][16,792s][info][gc] GC(255) Pause Full (Allocation Failure) 123M->97M(123M) 42,009ms
[2021-04-30T09:44:41.031+0300][16,891s][info][gc] GC(256) Pause Full (Allocation Failure) 123M->98M(123M) 40,669ms
[2021-04-30T09:44:41.126+0300][16,986s][info][gc] GC(257) Pause Full (Allocation Failure) 123M->98M(123M) 40,503ms
[2021-04-30T09:44:41.223+0300][17,083s][info][gc] GC(258) Pause Full (Allocation Failure) 123M->99M(123M) 42,838ms
[2021-04-30T09:44:41.326+0300][17,186s][info][gc] GC(259) Pause Full (Allocation Failure) 123M->99M(123M) 46,595ms
[2021-04-30T09:44:41.427+0300][17,286s][info][gc] GC(260) Pause Full (Allocation Failure) 123M->99M(123M) 43,083ms
[2021-04-30T09:44:41.526+0300][17,386s][info][gc] GC(261) Pause Full (Allocation Failure) 123M->100M(123M) 41,796ms
[2021-04-30T09:44:41.619+0300][17,479s][info][gc] GC(262) Pause Full (Allocation Failure) 123M->100M(123M) 41,939ms
[2021-04-30T09:44:41.714+0300][17,574s][info][gc] GC(263) Pause Full (Allocation Failure) 123M->100M(123M) 43,020ms
[2021-04-30T09:44:41.810+0300][17,670s][info][gc] GC(264) Pause Full (Allocation Failure) 123M->101M(123M) 44,535ms
[2021-04-30T09:44:41.904+0300][17,764s][info][gc] GC(265) Pause Full (Allocation Failure) 123M->101M(123M) 43,595ms
[2021-04-30T09:44:42.002+0300][17,862s][info][gc] GC(266) Pause Full (Allocation Failure) 123M->102M(123M) 43,301ms
[2021-04-30T09:44:42.096+0300][17,956s][info][gc] GC(267) Pause Full (Allocation Failure) 123M->102M(123M) 43,760ms
[2021-04-30T09:44:42.189+0300][18,048s][info][gc] GC(268) Pause Full (Allocation Failure) 123M->102M(123M) 42,642ms
[2021-04-30T09:44:42.281+0300][18,141s][info][gc] GC(269) Pause Full (Allocation Failure) 123M->103M(123M) 43,563ms
[2021-04-30T09:44:42.392+0300][18,251s][info][gc] GC(270) Pause Full (Allocation Failure) 123M->103M(123M) 59,624ms
[2021-04-30T09:44:42.485+0300][18,345s][info][gc] GC(271) Pause Full (Allocation Failure) 123M->103M(123M) 42,810ms
[2021-04-30T09:44:42.575+0300][18,435s][info][gc] GC(272) Pause Full (Allocation Failure) 123M->104M(123M) 41,422ms
[2021-04-30T09:44:42.664+0300][18,524s][info][gc] GC(273) Pause Full (Allocation Failure) 123M->104M(123M) 42,902ms
[2021-04-30T09:44:42.750+0300][18,610s][info][gc] GC(274) Pause Full (Allocation Failure) 123M->104M(123M) 41,344ms
[2021-04-30T09:44:42.838+0300][18,698s][info][gc] GC(275) Pause Full (Allocation Failure) 123M->105M(123M) 41,308ms
[2021-04-30T09:44:42.927+0300][18,786s][info][gc] GC(276) Pause Full (Allocation Failure) 123M->105M(123M) 42,881ms
[2021-04-30T09:44:43.018+0300][18,877s][info][gc] GC(277) Pause Full (Allocation Failure) 123M->105M(123M) 42,350ms
[2021-04-30T09:44:43.104+0300][18,964s][info][gc] GC(278) Pause Full (Allocation Failure) 123M->105M(123M) 41,619ms
[2021-04-30T09:44:43.191+0300][19,051s][info][gc] GC(279) Pause Full (Allocation Failure) 123M->106M(123M) 42,604ms
[2021-04-30T09:44:43.276+0300][19,136s][info][gc] GC(280) Pause Full (Allocation Failure) 123M->106M(123M) 41,788ms
[2021-04-30T09:44:43.371+0300][19,231s][info][gc] GC(281) Pause Full (Allocation Failure) 123M->106M(123M) 46,839ms
[2021-04-30T09:44:43.471+0300][19,331s][info][gc] GC(282) Pause Full (Allocation Failure) 123M->107M(123M) 53,356ms
[2021-04-30T09:44:43.556+0300][19,416s][info][gc] GC(283) Pause Full (Allocation Failure) 123M->107M(123M) 42,032ms
[2021-04-30T09:44:44.504+0300][20,364s][info][gc] GC(284) Pause Full (Allocation Failure) 123M->72M(123M) 49,891ms
[2021-04-30T09:44:44.559+0300][20,419s][info][gc] GC(285) Pause Young (Allocation Failure) 106M->72M(123M) 0,567ms
[2021-04-30T09:44:44.609+0300][20,469s][info][gc] GC(286) Pause Young (Allocation Failure) 106M->73M(123M) 0,892ms
[2021-04-30T09:44:44.658+0300][20,518s][info][gc] GC(287) Pause Young (Allocation Failure) 107M->73M(123M) 0,932ms
[2021-04-30T09:44:44.704+0300][20,564s][info][gc] GC(288) Pause Young (Allocation Failure) 107M->74M(123M) 1,244ms
[2021-04-30T09:44:44.755+0300][20,615s][info][gc] GC(289) Pause Young (Allocation Failure) 108M->74M(123M) 1,913ms
[2021-04-30T09:44:44.805+0300][20,665s][info][gc] GC(290) Pause Young (Allocation Failure) 109M->75M(123M) 1,361ms
[2021-04-30T09:44:44.854+0300][20,714s][info][gc] GC(291) Pause Young (Allocation Failure) 109M->76M(123M) 2,599ms
[2021-04-30T09:44:44.906+0300][20,766s][info][gc] GC(292) Pause Young (Allocation Failure) 110M->76M(123M) 1,252ms
[2021-04-30T09:44:44.957+0300][20,817s][info][gc] GC(293) Pause Young (Allocation Failure) 110M->77M(123M) 1,254ms
[2021-04-30T09:44:45.006+0300][20,866s][info][gc] GC(294) Pause Young (Allocation Failure) 111M->77M(123M) 1,269ms
[2021-04-30T09:44:45.054+0300][20,914s][info][gc] GC(295) Pause Young (Allocation Failure) 111M->78M(123M) 1,693ms
[2021-04-30T09:44:45.105+0300][20,965s][info][gc] GC(296) Pause Young (Allocation Failure) 112M->78M(123M) 1,573ms
[2021-04-30T09:44:45.157+0300][21,017s][info][gc] GC(297) Pause Young (Allocation Failure) 112M->79M(123M) 1,274ms
[2021-04-30T09:44:45.205+0300][21,065s][info][gc] GC(298) Pause Young (Allocation Failure) 113M->79M(123M) 1,354ms
[2021-04-30T09:44:45.254+0300][21,114s][info][gc] GC(299) Pause Young (Allocation Failure) 113M->80M(123M) 1,584ms
[2021-04-30T09:44:45.307+0300][21,167s][info][gc] GC(300) Pause Young (Allocation Failure) 114M->80M(123M) 1,395ms
[2021-04-30T09:44:45.360+0300][21,220s][info][gc] GC(301) Pause Young (Allocation Failure) 115M->81M(123M) 1,410ms
[2021-04-30T09:44:45.419+0300][21,279s][info][gc] GC(302) Pause Young (Allocation Failure) 115M->82M(123M) 1,800ms
[2021-04-30T09:44:45.473+0300][21,333s][info][gc] GC(303) Pause Young (Allocation Failure) 116M->82M(123M) 1,224ms
[2021-04-30T09:44:45.520+0300][21,380s][info][gc] GC(304) Pause Young (Allocation Failure) 116M->83M(123M) 1,324ms
[2021-04-30T09:44:45.571+0300][21,431s][info][gc] GC(305) Pause Young (Allocation Failure) 117M->83M(123M) 1,316ms
[2021-04-30T09:44:45.618+0300][21,478s][info][gc] GC(306) Pause Young (Allocation Failure) 117M->84M(123M) 1,284ms
[2021-04-30T09:44:45.667+0300][21,527s][info][gc] GC(307) Pause Young (Allocation Failure) 118M->84M(123M) 1,870ms
[2021-04-30T09:44:45.723+0300][21,583s][info][gc] GC(308) Pause Young (Allocation Failure) 118M->85M(123M) 1,453ms
[2021-04-30T09:44:45.774+0300][21,633s][info][gc] GC(309) Pause Young (Allocation Failure) 119M->85M(123M) 1,242ms
[2021-04-30T09:44:45.823+0300][21,682s][info][gc] GC(310) Pause Young (Allocation Failure) 120M->86M(123M) 1,489ms
[2021-04-30T09:44:45.870+0300][21,730s][info][gc] GC(311) Pause Young (Allocation Failure) 120M->86M(123M) 1,205ms
[2021-04-30T09:44:45.957+0300][21,817s][info][gc] GC(313) Pause Full (Allocation Failure) 121M->87M(123M) 43,456ms
[2021-04-30T09:44:45.957+0300][21,817s][info][gc] GC(312) Pause Young (Allocation Failure) 121M->87M(123M) 43,525ms
[2021-04-30T09:44:46.084+0300][21,944s][info][gc] GC(314) Pause Full (Allocation Failure) 123M->83M(123M) 53,972ms
[2021-04-30T09:44:46.138+0300][21,998s][info][gc] GC(315) Pause Young (Allocation Failure) 117M->84M(123M) 0,560ms
[2021-04-30T09:44:46.184+0300][22,044s][info][gc] GC(316) Pause Young (Allocation Failure) 118M->84M(123M) 0,867ms
[2021-04-30T09:44:46.234+0300][22,093s][info][gc] GC(317) Pause Young (Allocation Failure) 119M->85M(123M) 0,926ms
[2021-04-30T09:44:46.286+0300][22,146s][info][gc] GC(318) Pause Young (Allocation Failure) 119M->86M(123M) 1,229ms
[2021-04-30T09:44:46.342+0300][22,201s][info][gc] GC(319) Pause Young (Allocation Failure) 120M->86M(123M) 1,461ms
[2021-04-30T09:44:46.396+0300][22,256s][info][gc] GC(320) Pause Young (Allocation Failure) 120M->87M(123M) 1,293ms
[2021-04-30T09:44:46.483+0300][22,343s][info][gc] GC(322) Pause Full (Allocation Failure) 121M->87M(123M) 41,105ms
[2021-04-30T09:44:46.483+0300][22,343s][info][gc] GC(321) Pause Young (Allocation Failure) 121M->87M(123M) 41,181ms
[2021-04-30T09:44:46.594+0300][22,454s][info][gc] GC(323) Pause Full (Allocation Failure) 123M->88M(123M) 43,298ms
[2021-04-30T09:44:46.704+0300][22,564s][info][gc] GC(324) Pause Full (Allocation Failure) 123M->88M(123M) 40,457ms
[2021-04-30T09:44:46.817+0300][22,677s][info][gc] GC(325) Pause Full (Allocation Failure) 123M->89M(123M) 41,513ms
[2021-04-30T09:44:46.924+0300][22,784s][info][gc] GC(326) Pause Full (Allocation Failure) 123M->89M(123M) 40,732ms
[2021-04-30T09:44:47.036+0300][22,896s][info][gc] GC(327) Pause Full (Allocation Failure) 123M->90M(123M) 43,127ms
[2021-04-30T09:44:47.145+0300][23,005s][info][gc] GC(328) Pause Full (Allocation Failure) 123M->91M(123M) 41,408ms
[2021-04-30T09:44:47.253+0300][23,113s][info][gc] GC(329) Pause Full (Allocation Failure) 123M->91M(123M) 41,901ms
[2021-04-30T09:44:47.369+0300][23,228s][info][gc] GC(330) Pause Full (Allocation Failure) 123M->92M(123M) 44,449ms
[2021-04-30T09:44:47.476+0300][23,336s][info][gc] GC(331) Pause Full (Allocation Failure) 123M->92M(123M) 40,936ms
[2021-04-30T09:44:47.580+0300][23,440s][info][gc] GC(332) Pause Full (Allocation Failure) 123M->93M(123M) 41,954ms
[2021-04-30T09:44:47.685+0300][23,545s][info][gc] GC(333) Pause Full (Allocation Failure) 123M->93M(123M) 41,996ms
[2021-04-30T09:44:47.786+0300][23,646s][info][gc] GC(334) Pause Full (Allocation Failure) 123M->94M(123M) 41,699ms
[2021-04-30T09:44:47.889+0300][23,749s][info][gc] GC(335) Pause Full (Allocation Failure) 123M->94M(123M) 43,331ms
[2021-04-30T09:44:47.994+0300][23,854s][info][gc] GC(336) Pause Full (Allocation Failure) 123M->95M(123M) 41,264ms
[2021-04-30T09:44:48.097+0300][23,957s][info][gc] GC(337) Pause Full (Allocation Failure) 123M->95M(123M) 42,378ms
[2021-04-30T09:44:48.199+0300][24,058s][info][gc] GC(338) Pause Full (Allocation Failure) 123M->95M(123M) 43,680ms
[2021-04-30T09:44:48.301+0300][24,161s][info][gc] GC(339) Pause Full (Allocation Failure) 123M->96M(123M) 44,394ms
[2021-04-30T09:44:48.407+0300][24,267s][info][gc] GC(340) Pause Full (Allocation Failure) 123M->96M(123M) 43,887ms
[2021-04-30T09:44:48.511+0300][24,371s][info][gc] GC(341) Pause Full (Allocation Failure) 123M->97M(123M) 43,776ms
[2021-04-30T09:44:48.611+0300][24,471s][info][gc] GC(342) Pause Full (Allocation Failure) 123M->97M(123M) 43,782ms
[2021-04-30T09:44:48.711+0300][24,571s][info][gc] GC(343) Pause Full (Allocation Failure) 123M->98M(123M) 44,610ms
[2021-04-30T09:44:48.810+0300][24,670s][info][gc] GC(344) Pause Full (Allocation Failure) 123M->98M(123M) 43,754ms
[2021-04-30T09:44:48.907+0300][24,767s][info][gc] GC(345) Pause Full (Allocation Failure) 123M->98M(123M) 42,003ms
[2021-04-30T09:44:49.008+0300][24,868s][info][gc] GC(346) Pause Full (Allocation Failure) 123M->99M(123M) 43,784ms
[2021-04-30T09:44:49.105+0300][24,965s][info][gc] GC(347) Pause Full (Allocation Failure) 123M->99M(123M) 44,306ms
[2021-04-30T09:44:49.201+0300][25,061s][info][gc] GC(348) Pause Full (Allocation Failure) 123M->100M(123M) 41,783ms
[2021-04-30T09:44:49.302+0300][25,162s][info][gc] GC(349) Pause Full (Allocation Failure) 123M->100M(123M) 46,303ms
[2021-04-30T09:44:49.405+0300][25,265s][info][gc] GC(350) Pause Full (Allocation Failure) 123M->100M(123M) 46,083ms
[2021-04-30T09:44:49.498+0300][25,357s][info][gc] GC(351) Pause Full (Allocation Failure) 123M->101M(123M) 42,503ms
[2021-04-30T09:44:49.592+0300][25,452s][info][gc] GC(352) Pause Full (Allocation Failure) 123M->101M(123M) 43,601ms
[2021-04-30T09:44:49.691+0300][25,551s][info][gc] GC(353) Pause Full (Allocation Failure) 123M->101M(123M) 43,301ms
[2021-04-30T09:44:49.784+0300][25,644s][info][gc] GC(354) Pause Full (Allocation Failure) 123M->102M(123M) 44,616ms
[2021-04-30T09:44:49.880+0300][25,739s][info][gc] GC(355) Pause Full (Allocation Failure) 123M->102M(123M) 47,985ms
[2021-04-30T09:44:49.977+0300][25,837s][info][gc] GC(356) Pause Full (Allocation Failure) 123M->102M(123M) 46,439ms
[2021-04-30T09:44:50.085+0300][25,945s][info][gc] GC(357) Pause Full (Allocation Failure) 123M->103M(123M) 60,035ms
[2021-04-30T09:44:50.178+0300][26,038s][info][gc] GC(358) Pause Full (Allocation Failure) 123M->103M(123M) 44,095ms
[2021-04-30T09:44:50.268+0300][26,128s][info][gc] GC(359) Pause Full (Allocation Failure) 123M->103M(123M) 42,490ms
[2021-04-30T09:44:50.372+0300][26,232s][info][gc] GC(360) Pause Full (Allocation Failure) 123M->104M(123M) 47,686ms
[2021-04-30T09:44:50.465+0300][26,325s][info][gc] GC(361) Pause Full (Allocation Failure) 123M->104M(123M) 44,529ms
[2021-04-30T09:44:50.556+0300][26,416s][info][gc] GC(362) Pause Full (Allocation Failure) 123M->104M(123M) 42,766ms
[2021-04-30T09:44:50.646+0300][26,506s][info][gc] GC(363) Pause Full (Allocation Failure) 123M->105M(123M) 42,361ms
[2021-04-30T09:44:50.737+0300][26,597s][info][gc] GC(364) Pause Full (Allocation Failure) 123M->105M(123M) 45,102ms
[2021-04-30T09:44:50.847+0300][26,707s][info][gc] GC(365) Pause Full (Allocation Failure) 123M->105M(123M) 61,927ms
[2021-04-30T09:44:50.938+0300][26,797s][info][gc] GC(366) Pause Full (Allocation Failure) 123M->105M(123M) 43,131ms
[2021-04-30T09:44:51.030+0300][26,890s][info][gc] GC(367) Pause Full (Allocation Failure) 123M->105M(123M) 42,657ms
[2021-04-30T09:44:51.118+0300][26,978s][info][gc] GC(368) Pause Full (Allocation Failure) 123M->106M(123M) 42,475ms
[2021-04-30T09:44:51.221+0300][27,081s][info][gc] GC(369) Pause Full (Allocation Failure) 123M->106M(123M) 61,166ms
[2021-04-30T09:44:51.327+0300][27,187s][info][gc] GC(370) Pause Full (Allocation Failure) 123M->106M(123M) 46,225ms
[2021-04-30T09:44:51.421+0300][27,281s][info][gc] GC(371) Pause Full (Allocation Failure) 123M->106M(123M) 45,268ms
[2021-04-30T09:44:51.507+0300][27,367s][info][gc] GC(372) Pause Full (Allocation Failure) 123M->107M(123M) 43,192ms
[2021-04-30T09:44:51.603+0300][27,463s][info][gc] GC(373) Pause Full (Allocation Failure) 123M->107M(123M) 54,766ms
[2021-04-30T09:44:51.692+0300][27,552s][info][gc] GC(374) Pause Full (Allocation Failure) 123M->107M(123M) 44,891ms
[2021-04-30T09:44:51.781+0300][27,641s][info][gc] GC(375) Pause Full (Allocation Failure) 123M->108M(123M) 46,437ms
[2021-04-30T09:44:51.870+0300][27,730s][info][gc] GC(376) Pause Full (Allocation Failure) 123M->108M(123M) 46,106ms
[2021-04-30T09:44:51.967+0300][27,827s][info][gc] GC(377) Pause Full (Allocation Failure) 123M->108M(123M) 54,176ms
[2021-04-30T09:44:52.051+0300][27,911s][info][gc] GC(378) Pause Full (Allocation Failure) 123M->108M(123M) 42,616ms
[2021-04-30T09:44:52.134+0300][27,993s][info][gc] GC(379) Pause Full (Allocation Failure) 123M->108M(123M) 42,633ms
[2021-04-30T09:44:52.216+0300][28,076s][info][gc] GC(380) Pause Full (Allocation Failure) 123M->109M(123M) 42,475ms
[2021-04-30T09:44:52.314+0300][28,174s][info][gc] GC(381) Pause Full (Allocation Failure) 123M->109M(123M) 57,576ms
[2021-04-30T09:44:52.404+0300][28,264s][info][gc] GC(382) Pause Full (Allocation Failure) 123M->109M(123M) 47,072ms
[2021-04-30T09:44:52.486+0300][28,345s][info][gc] GC(383) Pause Full (Allocation Failure) 123M->109M(123M) 42,621ms
[2021-04-30T09:44:52.571+0300][28,431s][info][gc] GC(384) Pause Full (Allocation Failure) 123M->110M(123M) 46,560ms
[2021-04-30T09:44:52.660+0300][28,520s][info][gc] GC(385) Pause Full (Allocation Failure) 123M->110M(123M) 51,463ms
[2021-04-30T09:44:52.743+0300][28,602s][info][gc] GC(386) Pause Full (Allocation Failure) 123M->110M(123M) 43,494ms
[2021-04-30T09:44:52.824+0300][28,684s][info][gc] GC(387) Pause Full (Allocation Failure) 123M->110M(123M) 43,633ms
[2021-04-30T09:44:52.904+0300][28,764s][info][gc] GC(388) Pause Full (Allocation Failure) 123M->110M(123M) 44,321ms
[2021-04-30T09:44:52.988+0300][28,848s][info][gc] GC(389) Pause Full (Allocation Failure) 123M->111M(123M) 43,583ms
[2021-04-30T09:44:53.068+0300][28,928s][info][gc] GC(390) Pause Full (Allocation Failure) 123M->111M(123M) 43,813ms
[2021-04-30T09:44:53.149+0300][29,009s][info][gc] GC(391) Pause Full (Allocation Failure) 123M->111M(123M) 42,956ms
[2021-04-30T09:44:53.230+0300][29,090s][info][gc] GC(392) Pause Full (Allocation Failure) 123M->111M(123M) 44,128ms
[2021-04-30T09:44:53.328+0300][29,188s][info][gc] GC(393) Pause Full (Allocation Failure) 123M->111M(123M) 46,813ms
[2021-04-30T09:44:53.411+0300][29,271s][info][gc] GC(394) Pause Full (Allocation Failure) 123M->112M(123M) 45,885ms
[2021-04-30T09:44:53.498+0300][29,358s][info][gc] GC(395) Pause Full (Allocation Failure) 123M->112M(123M) 49,192ms
[2021-04-30T09:44:53.579+0300][29,439s][info][gc] GC(396) Pause Full (Allocation Failure) 123M->112M(123M) 44,734ms
[2021-04-30T09:44:53.658+0300][29,518s][info][gc] GC(397) Pause Full (Allocation Failure) 123M->112M(123M) 44,521ms
[2021-04-30T09:44:53.739+0300][29,599s][info][gc] GC(398) Pause Full (Allocation Failure) 123M->112M(123M) 45,217ms
[2021-04-30T09:44:53.818+0300][29,678s][info][gc] GC(399) Pause Full (Allocation Failure) 123M->113M(123M) 45,593ms
[2021-04-30T09:44:53.901+0300][29,761s][info][gc] GC(400) Pause Full (Allocation Failure) 123M->113M(123M) 46,909ms
[2021-04-30T09:44:53.989+0300][29,849s][info][gc] GC(401) Pause Full (Allocation Failure) 123M->113M(123M) 53,149ms
[2021-04-30T09:44:54.066+0300][29,926s][info][gc] GC(402) Pause Full (Allocation Failure) 123M->113M(123M) 44,224ms
[2021-04-30T09:44:54.148+0300][30,008s][info][gc] GC(403) Pause Full (Allocation Failure) 123M->113M(123M) 46,324ms
[2021-04-30T09:44:54.225+0300][30,085s][info][gc] GC(404) Pause Full (Allocation Failure) 123M->113M(123M) 44,450ms
[2021-04-30T09:44:54.315+0300][30,175s][info][gc] GC(405) Pause Full (Allocation Failure) 123M->114M(123M) 55,911ms
[2021-04-30T09:44:54.401+0300][30,260s][info][gc] GC(406) Pause Full (Allocation Failure) 123M->114M(123M) 49,725ms
[2021-04-30T09:44:54.479+0300][30,338s][info][gc] GC(407) Pause Full (Allocation Failure) 123M->114M(123M) 44,003ms
[2021-04-30T09:44:54.559+0300][30,419s][info][gc] GC(408) Pause Full (Allocation Failure) 123M->114M(123M) 46,674ms
[2021-04-30T09:44:54.639+0300][30,499s][info][gc] GC(409) Pause Full (Allocation Failure) 123M->114M(123M) 49,182ms
[2021-04-30T09:44:54.715+0300][30,575s][info][gc] GC(410) Pause Full (Allocation Failure) 123M->114M(123M) 43,701ms
[2021-04-30T09:44:54.794+0300][30,654s][info][gc] GC(411) Pause Full (Allocation Failure) 123M->114M(123M) 44,321ms
[2021-04-30T09:44:54.868+0300][30,728s][info][gc] GC(412) Pause Full (Allocation Failure) 123M->115M(123M) 43,103ms
[2021-04-30T09:44:54.950+0300][30,810s][info][gc] GC(413) Pause Full (Allocation Failure) 123M->115M(123M) 50,353ms
[2021-04-30T09:44:55.025+0300][30,885s][info][gc] GC(414) Pause Full (Allocation Failure) 123M->115M(123M) 43,531ms
[2021-04-30T09:44:55.101+0300][30,961s][info][gc] GC(415) Pause Full (Allocation Failure) 123M->115M(123M) 43,551ms
[2021-04-30T09:44:55.175+0300][31,035s][info][gc] GC(416) Pause Full (Allocation Failure) 123M->115M(123M) 43,508ms
[2021-04-30T09:44:55.251+0300][31,111s][info][gc] GC(417) Pause Full (Allocation Failure) 123M->115M(123M) 46,000ms
[2021-04-30T09:44:55.354+0300][31,214s][info][gc] GC(418) Pause Full (Allocation Failure) 123M->115M(123M) 58,395ms
[2021-04-30T09:44:55.438+0300][31,298s][info][gc] GC(419) Pause Full (Allocation Failure) 123M->116M(123M) 49,140ms
[2021-04-30T09:44:56.618+0300][32,478s][info][gc] GC(420) Pause Full (Allocation Failure) 123M->76M(123M) 72,468ms
[2021-04-30T09:44:56.674+0300][32,534s][info][gc] GC(421) Pause Young (Allocation Failure) 110M->76M(123M) 0,536ms
[2021-04-30T09:44:56.723+0300][32,583s][info][gc] GC(422) Pause Young (Allocation Failure) 110M->77M(123M) 0,717ms
[2021-04-30T09:44:56.772+0300][32,632s][info][gc] GC(423) Pause Young (Allocation Failure) 111M->77M(123M) 1,012ms
[2021-04-30T09:44:56.818+0300][32,678s][info][gc] GC(424) Pause Young (Allocation Failure) 111M->78M(123M) 1,068ms
[2021-04-30T09:44:56.866+0300][32,725s][info][gc] GC(425) Pause Young (Allocation Failure) 112M->78M(123M) 1,284ms
[2021-04-30T09:44:56.916+0300][32,776s][info][gc] GC(426) Pause Young (Allocation Failure) 113M->79M(123M) 1,268ms
[2021-04-30T09:44:56.966+0300][32,826s][info][gc] GC(427) Pause Young (Allocation Failure) 113M->80M(123M) 1,262ms
[2021-04-30T09:44:57.018+0300][32,878s][info][gc] GC(428) Pause Young (Allocation Failure) 114M->80M(123M) 1,304ms
[2021-04-30T09:44:57.071+0300][32,931s][info][gc] GC(429) Pause Young (Allocation Failure) 114M->81M(123M) 1,258ms
[2021-04-30T09:44:57.121+0300][32,981s][info][gc] GC(430) Pause Young (Allocation Failure) 115M->81M(123M) 1,289ms
[2021-04-30T09:44:57.172+0300][33,031s][info][gc] GC(431) Pause Young (Allocation Failure) 115M->82M(123M) 1,229ms
[2021-04-30T09:44:57.219+0300][33,079s][info][gc] GC(432) Pause Young (Allocation Failure) 116M->82M(123M) 1,282ms
[2021-04-30T09:44:57.281+0300][33,141s][info][gc] GC(433) Pause Young (Allocation Failure) 116M->83M(123M) 1,553ms
[2021-04-30T09:44:57.335+0300][33,195s][info][gc] GC(434) Pause Young (Allocation Failure) 117M->83M(123M) 1,353ms
[2021-04-30T09:44:57.388+0300][33,247s][info][gc] GC(435) Pause Young (Allocation Failure) 117M->84M(123M) 1,286ms
[2021-04-30T09:44:57.443+0300][33,303s][info][gc] GC(436) Pause Young (Allocation Failure) 118M->84M(123M) 1,405ms
[2021-04-30T09:44:57.494+0300][33,354s][info][gc] GC(437) Pause Young (Allocation Failure) 119M->85M(123M) 1,232ms
[2021-04-30T09:44:57.542+0300][33,402s][info][gc] GC(438) Pause Young (Allocation Failure) 119M->86M(123M) 1,199ms
[2021-04-30T09:44:57.593+0300][33,452s][info][gc] GC(439) Pause Young (Allocation Failure) 120M->86M(123M) 1,183ms
[2021-04-30T09:44:57.639+0300][33,499s][info][gc] GC(440) Pause Young (Allocation Failure) 120M->87M(123M) 1,225ms
[2021-04-30T09:44:57.747+0300][33,607s][info][gc] GC(442) Pause Full (Allocation Failure) 121M->83M(123M) 56,471ms
[2021-04-30T09:44:57.748+0300][33,607s][info][gc] GC(441) Pause Young (Allocation Failure) 121M->83M(123M) 56,557ms
[2021-04-30T09:44:57.804+0300][33,664s][info][gc] GC(443) Pause Young (Allocation Failure) 117M->83M(123M) 0,680ms
[2021-04-30T09:44:57.855+0300][33,715s][info][gc] GC(444) Pause Young (Allocation Failure) 118M->84M(123M) 0,713ms
[2021-04-30T09:44:57.901+0300][33,761s][info][gc] GC(445) Pause Young (Allocation Failure) 118M->85M(123M) 0,959ms
[2021-04-30T09:44:57.952+0300][33,812s][info][gc] GC(446) Pause Young (Allocation Failure) 119M->85M(123M) 1,167ms
[2021-04-30T09:44:58.006+0300][33,866s][info][gc] GC(447) Pause Young (Allocation Failure) 119M->86M(123M) 1,319ms
[2021-04-30T09:44:58.059+0300][33,919s][info][gc] GC(448) Pause Young (Allocation Failure) 120M->86M(123M) 1,922ms
[2021-04-30T09:44:58.109+0300][33,969s][info][gc] GC(449) Pause Young (Allocation Failure) 120M->87M(123M) 1,195ms
[2021-04-30T09:44:58.196+0300][34,056s][info][gc] GC(451) Pause Full (Allocation Failure) 121M->87M(123M) 40,898ms
[2021-04-30T09:44:58.196+0300][34,056s][info][gc] GC(450) Pause Young (Allocation Failure) 121M->87M(123M) 40,968ms
[2021-04-30T09:44:58.318+0300][34,178s][info][gc] GC(452) Pause Full (Allocation Failure) 123M->88M(123M) 46,974ms
[2021-04-30T09:44:58.439+0300][34,299s][info][gc] GC(453) Pause Full (Allocation Failure) 123M->88M(123M) 42,077ms
[2021-04-30T09:44:58.548+0300][34,408s][info][gc] GC(454) Pause Full (Allocation Failure) 123M->89M(123M) 40,895ms
[2021-04-30T09:44:58.655+0300][34,515s][info][gc] GC(455) Pause Full (Allocation Failure) 123M->90M(123M) 40,234ms
[2021-04-30T09:44:58.762+0300][34,622s][info][gc] GC(456) Pause Full (Allocation Failure) 123M->90M(123M) 43,308ms
[2021-04-30T09:44:58.867+0300][34,727s][info][gc] GC(457) Pause Full (Allocation Failure) 123M->91M(123M) 41,963ms
[2021-04-30T09:44:58.975+0300][34,835s][info][gc] GC(458) Pause Full (Allocation Failure) 123M->91M(123M) 43,147ms
[2021-04-30T09:44:59.080+0300][34,940s][info][gc] GC(459) Pause Full (Allocation Failure) 123M->92M(123M) 41,642ms
[2021-04-30T09:44:59.185+0300][35,045s][info][gc] GC(460) Pause Full (Allocation Failure) 123M->92M(123M) 43,576ms
[2021-04-30T09:44:59.292+0300][35,152s][info][gc] GC(461) Pause Full (Allocation Failure) 123M->93M(123M) 43,002ms
[2021-04-30T09:44:59.403+0300][35,263s][info][gc] GC(462) Pause Full (Allocation Failure) 123M->93M(123M) 45,196ms
[2021-04-30T09:44:59.513+0300][35,373s][info][gc] GC(463) Pause Full (Allocation Failure) 123M->94M(123M) 42,944ms
[2021-04-30T09:44:59.614+0300][35,474s][info][gc] GC(464) Pause Full (Allocation Failure) 123M->94M(123M) 40,684ms
[2021-04-30T09:44:59.715+0300][35,575s][info][gc] GC(465) Pause Full (Allocation Failure) 123M->95M(123M) 41,261ms
[2021-04-30T09:44:59.818+0300][35,678s][info][gc] GC(466) Pause Full (Allocation Failure) 123M->95M(123M) 42,281ms
[2021-04-30T09:44:59.917+0300][35,777s][info][gc] GC(467) Pause Full (Allocation Failure) 123M->96M(123M) 42,245ms
[2021-04-30T09:45:00.021+0300][35,881s][info][gc] GC(468) Pause Full (Allocation Failure) 123M->96M(123M) 42,053ms
[2021-04-30T09:45:00.121+0300][35,981s][info][gc] GC(469) Pause Full (Allocation Failure) 123M->96M(123M) 41,165ms
[2021-04-30T09:45:00.220+0300][36,080s][info][gc] GC(470) Pause Full (Allocation Failure) 123M->97M(123M) 42,042ms
[2021-04-30T09:45:00.324+0300][36,183s][info][gc] GC(471) Pause Full (Allocation Failure) 123M->97M(123M) 45,334ms
[2021-04-30T09:45:00.436+0300][36,296s][info][gc] GC(472) Pause Full (Allocation Failure) 123M->98M(123M) 50,630ms
[2021-04-30T09:45:00.534+0300][36,394s][info][gc] GC(473) Pause Full (Allocation Failure) 123M->98M(123M) 41,725ms
[2021-04-30T09:45:00.629+0300][36,489s][info][gc] GC(474) Pause Full (Allocation Failure) 123M->99M(123M) 41,519ms
[2021-04-30T09:45:00.726+0300][36,586s][info][gc] GC(475) Pause Full (Allocation Failure) 123M->99M(123M) 44,193ms
[2021-04-30T09:45:00.817+0300][36,677s][info][gc] GC(476) Pause Full (Allocation Failure) 123M->99M(123M) 41,454ms
[2021-04-30T09:45:00.912+0300][36,771s][info][gc] GC(477) Pause Full (Allocation Failure) 123M->100M(123M) 41,874ms
[2021-04-30T09:45:01.007+0300][36,867s][info][gc] GC(478) Pause Full (Allocation Failure) 123M->100M(123M) 43,510ms
[2021-04-30T09:45:01.103+0300][36,963s][info][gc] GC(479) Pause Full (Allocation Failure) 123M->100M(123M) 44,570ms
[2021-04-30T09:45:01.198+0300][37,058s][info][gc] GC(480) Pause Full (Allocation Failure) 123M->101M(123M) 44,390ms
[2021-04-30T09:45:01.296+0300][37,156s][info][gc] GC(481) Pause Full (Allocation Failure) 123M->101M(123M) 45,796ms
[2021-04-30T09:45:01.395+0300][37,254s][info][gc] GC(482) Pause Full (Allocation Failure) 123M->102M(123M) 47,432ms
[2021-04-30T09:45:01.488+0300][37,348s][info][gc] GC(483) Pause Full (Allocation Failure) 123M->102M(123M) 43,429ms
[2021-04-30T09:45:01.582+0300][37,442s][info][gc] GC(484) Pause Full (Allocation Failure) 123M->102M(123M) 43,695ms
[2021-04-30T09:45:01.675+0300][37,535s][info][gc] GC(485) Pause Full (Allocation Failure) 123M->103M(123M) 43,586ms
[2021-04-30T09:45:01.765+0300][37,625s][info][gc] GC(486) Pause Full (Allocation Failure) 123M->103M(123M) 42,967ms
[2021-04-30T09:45:01.855+0300][37,715s][info][gc] GC(487) Pause Full (Allocation Failure) 123M->103M(123M) 42,949ms
[2021-04-30T09:45:01.951+0300][37,811s][info][gc] GC(488) Pause Full (Allocation Failure) 123M->104M(123M) 48,391ms
[2021-04-30T09:45:02.043+0300][37,903s][info][gc] GC(489) Pause Full (Allocation Failure) 123M->104M(123M) 44,421ms
[2021-04-30T09:45:02.132+0300][37,992s][info][gc] GC(490) Pause Full (Allocation Failure) 123M->104M(123M) 42,560ms
[2021-04-30T09:45:02.222+0300][38,082s][info][gc] GC(491) Pause Full (Allocation Failure) 123M->104M(123M) 44,665ms
[2021-04-30T09:45:02.317+0300][38,177s][info][gc] GC(492) Pause Full (Allocation Failure) 123M->105M(123M) 46,977ms
[2021-04-30T09:45:02.413+0300][38,273s][info][gc] GC(493) Pause Full (Allocation Failure) 123M->105M(123M) 45,648ms
[2021-04-30T09:45:02.504+0300][38,364s][info][gc] GC(494) Pause Full (Allocation Failure) 123M->105M(123M) 45,658ms
[2021-04-30T09:45:02.592+0300][38,452s][info][gc] GC(495) Pause Full (Allocation Failure) 123M->106M(123M) 44,480ms
[2021-04-30T09:45:02.679+0300][38,538s][info][gc] GC(496) Pause Full (Allocation Failure) 123M->106M(123M) 43,169ms
[2021-04-30T09:45:02.767+0300][38,627s][info][gc] GC(497) Pause Full (Allocation Failure) 123M->106M(123M) 44,654ms
[2021-04-30T09:45:02.856+0300][38,716s][info][gc] GC(498) Pause Full (Allocation Failure) 123M->106M(123M) 44,533ms
[2021-04-30T09:45:02.941+0300][38,801s][info][gc] GC(499) Pause Full (Allocation Failure) 123M->107M(123M) 44,290ms
[2021-04-30T09:45:03.033+0300][38,892s][info][gc] GC(500) Pause Full (Allocation Failure) 123M->107M(123M) 44,897ms
[2021-04-30T09:45:03.121+0300][38,981s][info][gc] GC(501) Pause Full (Allocation Failure) 123M->107M(123M) 46,174ms
[2021-04-30T09:45:03.207+0300][39,067s][info][gc] GC(502) Pause Full (Allocation Failure) 123M->108M(123M) 43,499ms
[2021-04-30T09:45:03.302+0300][39,161s][info][gc] GC(503) Pause Full (Allocation Failure) 123M->108M(123M) 48,288ms
[2021-04-30T09:45:03.391+0300][39,251s][info][gc] GC(504) Pause Full (Allocation Failure) 123M->108M(123M) 48,169ms
[2021-04-30T09:45:03.477+0300][39,337s][info][gc] GC(505) Pause Full (Allocation Failure) 123M->108M(123M) 43,969ms
[2021-04-30T09:45:03.560+0300][39,420s][info][gc] GC(506) Pause Full (Allocation Failure) 123M->109M(123M) 43,329ms
[2021-04-30T09:45:03.646+0300][39,506s][info][gc] GC(507) Pause Full (Allocation Failure) 123M->109M(123M) 46,060ms
[2021-04-30T09:45:03.732+0300][39,592s][info][gc] GC(508) Pause Full (Allocation Failure) 123M->109M(123M) 43,898ms
[2021-04-30T09:45:03.815+0300][39,675s][info][gc] GC(509) Pause Full (Allocation Failure) 123M->109M(123M) 43,287ms
[2021-04-30T09:45:03.912+0300][39,772s][info][gc] GC(510) Pause Full (Allocation Failure) 123M->109M(123M) 58,461ms
[2021-04-30T09:45:04.003+0300][39,862s][info][gc] GC(511) Pause Full (Allocation Failure) 123M->110M(123M) 47,954ms
[2021-04-30T09:45:04.086+0300][39,946s][info][gc] GC(512) Pause Full (Allocation Failure) 123M->110M(123M) 44,015ms
[2021-04-30T09:45:04.169+0300][40,029s][info][gc] GC(513) Pause Full (Allocation Failure) 123M->110M(123M) 45,275ms
[2021-04-30T09:45:04.250+0300][40,110s][info][gc] GC(514) Pause Full (Allocation Failure) 123M->110M(123M) 44,327ms
[2021-04-30T09:45:04.342+0300][40,202s][info][gc] GC(515) Pause Full (Allocation Failure) 123M->111M(123M) 52,224ms
[2021-04-30T09:45:04.427+0300][40,287s][info][gc] GC(516) Pause Full (Allocation Failure) 123M->111M(123M) 48,025ms
[2021-04-30T09:45:04.511+0300][40,371s][info][gc] GC(517) Pause Full (Allocation Failure) 123M->111M(123M) 45,540ms
[2021-04-30T09:45:04.597+0300][40,456s][info][gc] GC(518) Pause Full (Allocation Failure) 123M->111M(123M) 47,189ms
[2021-04-30T09:45:04.680+0300][40,540s][info][gc] GC(519) Pause Full (Allocation Failure) 123M->111M(123M) 45,420ms
[2021-04-30T09:45:04.761+0300][40,621s][info][gc] GC(520) Pause Full (Allocation Failure) 123M->112M(123M) 44,849ms
[2021-04-30T09:45:04.841+0300][40,701s][info][gc] GC(521) Pause Full (Allocation Failure) 123M->112M(123M) 45,506ms
[2021-04-30T09:45:04.928+0300][40,788s][info][gc] GC(522) Pause Full (Allocation Failure) 123M->112M(123M) 50,638ms
[2021-04-30T09:45:05.012+0300][40,872s][info][gc] GC(523) Pause Full (Allocation Failure) 123M->112M(123M) 45,168ms
[2021-04-30T09:45:05.093+0300][40,953s][info][gc] GC(524) Pause Full (Allocation Failure) 123M->112M(123M) 46,842ms
[2021-04-30T09:45:05.174+0300][41,034s][info][gc] GC(525) Pause Full (Allocation Failure) 123M->112M(123M) 46,029ms
[2021-04-30T09:45:05.255+0300][41,114s][info][gc] GC(526) Pause Full (Allocation Failure) 123M->113M(123M) 46,450ms
[2021-04-30T09:45:05.340+0300][41,200s][info][gc] GC(527) Pause Full (Allocation Failure) 123M->113M(123M) 49,653ms
[2021-04-30T09:45:05.423+0300][41,283s][info][gc] GC(528) Pause Full (Allocation Failure) 123M->113M(123M) 46,734ms
[2021-04-30T09:45:05.505+0300][41,365s][info][gc] GC(529) Pause Full (Allocation Failure) 123M->113M(123M) 47,597ms
[2021-04-30T09:45:05.585+0300][41,445s][info][gc] GC(530) Pause Full (Allocation Failure) 123M->113M(123M) 45,721ms
[2021-04-30T09:45:05.664+0300][41,524s][info][gc] GC(531) Pause Full (Allocation Failure) 123M->113M(123M) 46,647ms
[2021-04-30T09:45:05.743+0300][41,603s][info][gc] GC(532) Pause Full (Allocation Failure) 123M->114M(123M) 46,776ms
[2021-04-30T09:45:05.824+0300][41,684s][info][gc] GC(533) Pause Full (Allocation Failure) 123M->114M(123M) 46,352ms
[2021-04-30T09:45:05.902+0300][41,761s][info][gc] GC(534) Pause Full (Allocation Failure) 123M->114M(123M) 45,006ms
[2021-04-30T09:45:05.981+0300][41,841s][info][gc] GC(535) Pause Full (Allocation Failure) 123M->114M(123M) 47,080ms
[2021-04-30T09:45:06.057+0300][41,917s][info][gc] GC(536) Pause Full (Allocation Failure) 123M->114M(123M) 45,084ms
[2021-04-30T09:45:06.134+0300][41,994s][info][gc] GC(537) Pause Full (Allocation Failure) 123M->114M(123M) 45,716ms
[2021-04-30T09:45:06.212+0300][42,072s][info][gc] GC(538) Pause Full (Allocation Failure) 123M->114M(123M) 44,789ms
[2021-04-30T09:45:06.290+0300][42,150s][info][gc] GC(539) Pause Full (Allocation Failure) 123M->115M(123M) 47,260ms
[2021-04-30T09:45:06.371+0300][42,231s][info][gc] GC(540) Pause Full (Allocation Failure) 123M->115M(123M) 49,681ms
[2021-04-30T09:45:06.454+0300][42,313s][info][gc] GC(541) Pause Full (Allocation Failure) 123M->115M(123M) 48,278ms
[2021-04-30T09:45:06.533+0300][42,393s][info][gc] GC(542) Pause Full (Allocation Failure) 123M->115M(123M) 47,025ms
[2021-04-30T09:45:06.610+0300][42,470s][info][gc] GC(543) Pause Full (Allocation Failure) 123M->115M(123M) 46,964ms
[2021-04-30T09:45:06.691+0300][42,551s][info][gc] GC(544) Pause Full (Allocation Failure) 123M->115M(123M) 50,990ms
[2021-04-30T09:45:06.770+0300][42,630s][info][gc] GC(545) Pause Full (Allocation Failure) 123M->115M(123M) 49,040ms
[2021-04-30T09:45:06.847+0300][42,706s][info][gc] GC(546) Pause Full (Allocation Failure) 123M->116M(123M) 46,112ms
[2021-04-30T09:45:06.923+0300][42,783s][info][gc] GC(547) Pause Full (Allocation Failure) 123M->116M(123M) 46,469ms
[2021-04-30T09:45:07.008+0300][42,868s][info][gc] GC(548) Pause Full (Allocation Failure) 123M->116M(123M) 47,736ms
[2021-04-30T09:45:07.084+0300][42,944s][info][gc] GC(549) Pause Full (Allocation Failure) 123M->116M(123M) 45,483ms
[2021-04-30T09:45:07.159+0300][43,019s][info][gc] GC(550) Pause Full (Allocation Failure) 123M->116M(123M) 46,486ms
[2021-04-30T09:45:07.234+0300][43,094s][info][gc] GC(551) Pause Full (Allocation Failure) 123M->116M(123M) 45,523ms
[2021-04-30T09:45:07.334+0300][43,194s][info][gc] GC(552) Pause Full (Allocation Failure) 123M->116M(123M) 65,487ms
[2021-04-30T09:45:07.410+0300][43,270s][info][gc] GC(553) Pause Full (Allocation Failure) 123M->116M(123M) 46,864ms
[2021-04-30T09:45:07.489+0300][43,348s][info][gc] GC(554) Pause Full (Allocation Failure) 123M->116M(123M) 48,271ms
[2021-04-30T09:45:07.563+0300][43,423s][info][gc] GC(555) Pause Full (Allocation Failure) 123M->117M(123M) 46,121ms
[2021-04-30T09:45:07.640+0300][43,500s][info][gc] GC(556) Pause Full (Allocation Failure) 123M->117M(123M) 48,461ms
[2021-04-30T09:45:07.716+0300][43,576s][info][gc] GC(557) Pause Full (Allocation Failure) 123M->117M(123M) 47,918ms
[2021-04-30T09:45:07.790+0300][43,650s][info][gc] GC(558) Pause Full (Allocation Failure) 123M->117M(123M) 45,409ms
[2021-04-30T09:45:07.865+0300][43,725s][info][gc] GC(559) Pause Full (Allocation Failure) 123M->117M(123M) 46,500ms
[2021-04-30T09:45:07.943+0300][43,803s][info][gc] GC(560) Pause Full (Allocation Failure) 123M->117M(123M) 49,842ms
[2021-04-30T09:45:08.017+0300][43,877s][info][gc] GC(561) Pause Full (Allocation Failure) 123M->117M(123M) 47,823ms
[2021-04-30T09:45:08.091+0300][43,951s][info][gc] GC(562) Pause Full (Allocation Failure) 123M->117M(123M) 46,027ms
[2021-04-30T09:45:08.168+0300][44,028s][info][gc] GC(563) Pause Full (Allocation Failure) 123M->117M(123M) 49,571ms
[2021-04-30T09:45:08.247+0300][44,107s][info][gc] GC(564) Pause Full (Allocation Failure) 123M->117M(123M) 50,891ms
[2021-04-30T09:45:08.326+0300][44,186s][info][gc] GC(565) Pause Full (Allocation Failure) 123M->118M(123M) 51,290ms
[2021-04-30T09:45:08.404+0300][44,264s][info][gc] GC(566) Pause Full (Allocation Failure) 123M->118M(123M) 49,969ms
[2021-04-30T09:45:08.477+0300][44,337s][info][gc] GC(567) Pause Full (Allocation Failure) 123M->118M(123M) 46,239ms
[2021-04-30T09:45:08.552+0300][44,412s][info][gc] GC(568) Pause Full (Allocation Failure) 123M->118M(123M) 47,798ms
[2021-04-30T09:45:08.629+0300][44,489s][info][gc] GC(569) Pause Full (Allocation Failure) 123M->118M(123M) 50,045ms
[2021-04-30T09:45:08.709+0300][44,569s][info][gc] GC(570) Pause Full (Allocation Failure) 123M->118M(123M) 50,813ms
[2021-04-30T09:45:08.784+0300][44,644s][info][gc] GC(571) Pause Full (Allocation Failure) 123M->118M(123M) 48,390ms
[2021-04-30T09:45:08.858+0300][44,718s][info][gc] GC(572) Pause Full (Allocation Failure) 123M->118M(123M) 47,162ms
[2021-04-30T09:45:08.930+0300][44,790s][info][gc] GC(573) Pause Full (Allocation Failure) 123M->118M(123M) 47,319ms
[2021-04-30T09:45:09.010+0300][44,870s][info][gc] GC(574) Pause Full (Allocation Failure) 123M->118M(123M) 50,047ms
[2021-04-30T09:45:09.084+0300][44,944s][info][gc] GC(575) Pause Full (Allocation Failure) 123M->118M(123M) 47,867ms
[2021-04-30T09:45:09.163+0300][45,023s][info][gc] GC(576) Pause Full (Allocation Failure) 123M->118M(123M) 52,476ms
[2021-04-30T09:45:09.232+0300][45,092s][info][gc] GC(577) Pause Full (Allocation Failure) 123M->119M(123M) 45,390ms
[2021-04-30T09:45:09.328+0300][45,188s][info][gc] GC(578) Pause Full (Allocation Failure) 123M->119M(123M) 69,347ms
[2021-04-30T09:45:09.418+0300][45,278s][info][gc] GC(579) Pause Full (Allocation Failure) 123M->119M(123M) 62,418ms
[2021-04-30T09:45:09.492+0300][45,352s][info][gc] GC(580) Pause Full (Allocation Failure) 123M->119M(123M) 47,934ms
[2021-04-30T09:45:09.563+0300][45,423s][info][gc] GC(581) Pause Full (Allocation Failure) 123M->119M(123M) 47,072ms
[2021-04-30T09:45:09.635+0300][45,495s][info][gc] GC(582) Pause Full (Allocation Failure) 123M->119M(123M) 46,093ms
[2021-04-30T09:45:09.710+0300][45,570s][info][gc] GC(583) Pause Full (Allocation Failure) 123M->119M(123M) 49,440ms
[2021-04-30T09:45:09.781+0300][45,641s][info][gc] GC(584) Pause Full (Allocation Failure) 123M->119M(123M) 47,462ms
[2021-04-30T09:45:09.854+0300][45,714s][info][gc] GC(585) Pause Full (Allocation Failure) 123M->119M(123M) 47,216ms
[2021-04-30T09:45:09.925+0300][45,785s][info][gc] GC(586) Pause Full (Allocation Failure) 123M->119M(123M) 47,398ms
[2021-04-30T09:45:09.998+0300][45,858s][info][gc] GC(587) Pause Full (Allocation Failure) 123M->119M(123M) 49,354ms
[2021-04-30T09:45:10.070+0300][45,930s][info][gc] GC(588) Pause Full (Allocation Failure) 123M->119M(123M) 48,177ms
[2021-04-30T09:45:10.141+0300][46,001s][info][gc] GC(589) Pause Full (Allocation Failure) 123M->119M(123M) 46,701ms
[2021-04-30T09:45:10.210+0300][46,070s][info][gc] GC(590) Pause Full (Allocation Failure) 123M->119M(123M) 47,689ms
[2021-04-30T09:45:10.279+0300][46,139s][info][gc] GC(591) Pause Full (Allocation Failure) 123M->120M(123M) 46,606ms
[2021-04-30T09:45:10.356+0300][46,216s][info][gc] GC(592) Pause Full (Allocation Failure) 123M->120M(123M) 52,996ms
[2021-04-30T09:45:10.440+0300][46,300s][info][gc] GC(593) Pause Full (Allocation Failure) 123M->120M(123M) 48,663ms
[2021-04-30T09:45:10.511+0300][46,371s][info][gc] GC(594) Pause Full (Allocation Failure) 123M->120M(123M) 49,214ms
[2021-04-30T09:45:10.582+0300][46,442s][info][gc] GC(595) Pause Full (Allocation Failure) 123M->120M(123M) 49,121ms
[2021-04-30T09:45:10.651+0300][46,511s][info][gc] GC(596) Pause Full (Allocation Failure) 123M->120M(123M) 49,018ms
[2021-04-30T09:45:10.721+0300][46,581s][info][gc] GC(597) Pause Full (Allocation Failure) 123M->120M(123M) 50,159ms
[2021-04-30T09:45:10.789+0300][46,649s][info][gc] GC(598) Pause Full (Allocation Failure) 123M->120M(123M) 46,704ms
[2021-04-30T09:45:10.847+0300][46,707s][info][gc] GC(599) Pause Full (Allocation Failure) 123M->121M(123M) 46,935ms
[2021-04-30T09:45:10.912+0300][46,772s][info][gc] GC(600) Pause Full (Allocation Failure) 123M->121M(123M) 51,127ms
[2021-04-30T09:45:11.000+0300][46,860s][info][gc] GC(601) Pause Full (Allocation Failure) 123M->121M(123M) 77,253ms
[2021-04-30T09:45:11.081+0300][46,941s][info][gc] GC(602) Pause Full (Allocation Failure) 123M->120M(123M) 64,805ms
[2021-04-30T09:45:11.147+0300][47,006s][info][gc] GC(603) Pause Full (Allocation Failure) 123M->121M(123M) 48,354ms
[2021-04-30T09:45:11.212+0300][47,072s][info][gc] GC(604) Pause Full (Allocation Failure) 123M->121M(123M) 48,158ms
[2021-04-30T09:45:11.278+0300][47,138s][info][gc] GC(605) Pause Full (Allocation Failure) 123M->121M(123M) 51,786ms
[2021-04-30T09:45:12.527+0300][48,387s][info][gc] GC(606) Pause Full (Allocation Failure) 123M->74M(123M) 65,629ms
[2021-04-30T09:45:12.583+0300][48,443s][info][gc] GC(607) Pause Young (Allocation Failure) 108M->75M(123M) 0,544ms
[2021-04-30T09:45:12.632+0300][48,492s][info][gc] GC(608) Pause Young (Allocation Failure) 109M->75M(123M) 0,697ms
[2021-04-30T09:45:12.679+0300][48,539s][info][gc] GC(609) Pause Young (Allocation Failure) 109M->76M(123M) 0,903ms
[2021-04-30T09:45:12.726+0300][48,586s][info][gc] GC(610) Pause Young (Allocation Failure) 110M->76M(123M) 1,029ms
[2021-04-30T09:45:12.776+0300][48,636s][info][gc] GC(611) Pause Young (Allocation Failure) 110M->77M(123M) 1,260ms
[2021-04-30T09:45:12.827+0300][48,687s][info][gc] GC(612) Pause Young (Allocation Failure) 111M->77M(123M) 1,203ms
[2021-04-30T09:45:12.876+0300][48,736s][info][gc] GC(613) Pause Young (Allocation Failure) 112M->78M(123M) 1,230ms
[2021-04-30T09:45:12.923+0300][48,783s][info][gc] GC(614) Pause Young (Allocation Failure) 112M->79M(123M) 1,423ms
[2021-04-30T09:45:12.974+0300][48,834s][info][gc] GC(615) Pause Young (Allocation Failure) 113M->79M(123M) 1,220ms
[2021-04-30T09:45:13.024+0300][48,884s][info][gc] GC(616) Pause Young (Allocation Failure) 113M->80M(123M) 1,293ms
[2021-04-30T09:45:13.073+0300][48,933s][info][gc] GC(617) Pause Young (Allocation Failure) 114M->80M(123M) 1,696ms
[2021-04-30T09:45:13.127+0300][48,987s][info][gc] GC(618) Pause Young (Allocation Failure) 114M->81M(123M) 1,362ms
[2021-04-30T09:45:13.179+0300][49,038s][info][gc] GC(619) Pause Young (Allocation Failure) 115M->81M(123M) 1,249ms
[2021-04-30T09:45:13.226+0300][49,086s][info][gc] GC(620) Pause Young (Allocation Failure) 115M->82M(123M) 1,830ms
[2021-04-30T09:45:13.286+0300][49,146s][info][gc] GC(621) Pause Young (Allocation Failure) 116M->82M(123M) 1,205ms
[2021-04-30T09:45:13.337+0300][49,197s][info][gc] GC(622) Pause Young (Allocation Failure) 116M->83M(123M) 1,359ms
[2021-04-30T09:45:13.392+0300][49,252s][info][gc] GC(623) Pause Young (Allocation Failure) 117M->83M(123M) 2,154ms
[2021-04-30T09:45:13.449+0300][49,309s][info][gc] GC(624) Pause Young (Allocation Failure) 118M->84M(123M) 1,451ms
[2021-04-30T09:45:13.499+0300][49,358s][info][gc] GC(625) Pause Young (Allocation Failure) 118M->85M(123M) 1,294ms
[2021-04-30T09:45:13.549+0300][49,409s][info][gc] GC(626) Pause Young (Allocation Failure) 119M->85M(123M) 1,345ms
[2021-04-30T09:45:13.595+0300][49,455s][info][gc] GC(627) Pause Young (Allocation Failure) 119M->86M(123M) 1,301ms
[2021-04-30T09:45:13.642+0300][49,502s][info][gc] GC(628) Pause Young (Allocation Failure) 120M->86M(123M) 1,211ms
[2021-04-30T09:45:13.696+0300][49,556s][info][gc] GC(629) Pause Young (Allocation Failure) 120M->87M(123M) 1,277ms
[2021-04-30T09:45:13.790+0300][49,650s][info][gc] GC(631) Pause Full (Allocation Failure) 121M->87M(123M) 41,605ms
[2021-04-30T09:45:13.790+0300][49,650s][info][gc] GC(630) Pause Young (Allocation Failure) 121M->87M(123M) 41,678ms
[2021-04-30T09:45:13.899+0300][49,759s][info][gc] GC(632) Pause Full (Allocation Failure) 123M->88M(123M) 41,767ms
[2021-04-30T09:45:14.015+0300][49,875s][info][gc] GC(633) Pause Full (Allocation Failure) 123M->88M(123M) 42,316ms
[2021-04-30T09:45:14.129+0300][49,989s][info][gc] GC(634) Pause Full (Allocation Failure) 123M->89M(123M) 42,614ms
[2021-04-30T09:45:14.241+0300][50,101s][info][gc] GC(635) Pause Full (Allocation Failure) 123M->90M(123M) 42,071ms
[2021-04-30T09:45:14.369+0300][50,229s][info][gc] GC(636) Pause Full (Allocation Failure) 123M->90M(123M) 53,034ms
[2021-04-30T09:45:14.483+0300][50,343s][info][gc] GC(637) Pause Full (Allocation Failure) 123M->91M(123M) 43,496ms
[2021-04-30T09:45:14.589+0300][50,449s][info][gc] GC(638) Pause Full (Allocation Failure) 123M->91M(123M) 42,586ms
[2021-04-30T09:45:14.695+0300][50,555s][info][gc] GC(639) Pause Full (Allocation Failure) 123M->92M(123M) 44,211ms
[2021-04-30T09:45:14.802+0300][50,662s][info][gc] GC(640) Pause Full (Allocation Failure) 123M->92M(123M) 42,256ms
[2021-04-30T09:45:14.912+0300][50,772s][info][gc] GC(641) Pause Full (Allocation Failure) 123M->93M(123M) 43,737ms
[2021-04-30T09:45:15.019+0300][50,879s][info][gc] GC(642) Pause Full (Allocation Failure) 123M->93M(123M) 43,568ms
[2021-04-30T09:45:15.125+0300][50,984s][info][gc] GC(643) Pause Full (Allocation Failure) 123M->94M(123M) 43,988ms
[2021-04-30T09:45:15.227+0300][51,087s][info][gc] GC(644) Pause Full (Allocation Failure) 123M->94M(123M) 44,080ms
[2021-04-30T09:45:15.353+0300][51,213s][info][gc] GC(645) Pause Full (Allocation Failure) 123M->95M(123M) 59,793ms
[2021-04-30T09:45:15.466+0300][51,326s][info][gc] GC(646) Pause Full (Allocation Failure) 123M->95M(123M) 47,835ms
[2021-04-30T09:45:15.576+0300][51,436s][info][gc] GC(647) Pause Full (Allocation Failure) 123M->96M(123M) 44,093ms
[2021-04-30T09:45:15.679+0300][51,539s][info][gc] GC(648) Pause Full (Allocation Failure) 123M->96M(123M) 45,284ms
[2021-04-30T09:45:15.780+0300][51,640s][info][gc] GC(649) Pause Full (Allocation Failure) 123M->96M(123M) 43,778ms
[2021-04-30T09:45:15.879+0300][51,739s][info][gc] GC(650) Pause Full (Allocation Failure) 123M->97M(123M) 44,009ms
[2021-04-30T09:45:15.980+0300][51,840s][info][gc] GC(651) Pause Full (Allocation Failure) 123M->97M(123M) 45,858ms
[2021-04-30T09:45:16.078+0300][51,938s][info][gc] GC(652) Pause Full (Allocation Failure) 123M->98M(123M) 42,758ms
[2021-04-30T09:45:16.177+0300][52,037s][info][gc] GC(653) Pause Full (Allocation Failure) 123M->98M(123M) 43,969ms
[2021-04-30T09:45:16.276+0300][52,136s][info][gc] GC(654) Pause Full (Allocation Failure) 123M->98M(123M) 45,576ms
[2021-04-30T09:45:16.395+0300][52,255s][info][gc] GC(655) Pause Full (Allocation Failure) 123M->99M(123M) 46,053ms
[2021-04-30T09:45:16.500+0300][52,360s][info][gc] GC(656) Pause Full (Allocation Failure) 123M->99M(123M) 44,139ms
[2021-04-30T09:45:16.599+0300][52,458s][info][gc] GC(657) Pause Full (Allocation Failure) 123M->100M(123M) 44,795ms
[2021-04-30T09:45:16.693+0300][52,553s][info][gc] GC(658) Pause Full (Allocation Failure) 123M->100M(123M) 44,781ms
[2021-04-30T09:45:16.790+0300][52,650s][info][gc] GC(659) Pause Full (Allocation Failure) 123M->100M(123M) 45,775ms
[2021-04-30T09:45:16.891+0300][52,751s][info][gc] GC(660) Pause Full (Allocation Failure) 123M->101M(123M) 47,165ms
[2021-04-30T09:45:16.993+0300][52,852s][info][gc] GC(661) Pause Full (Allocation Failure) 123M->101M(123M) 44,590ms
[2021-04-30T09:45:17.085+0300][52,945s][info][gc] GC(662) Pause Full (Allocation Failure) 123M->102M(123M) 43,631ms
[2021-04-30T09:45:17.180+0300][53,040s][info][gc] GC(663) Pause Full (Allocation Failure) 123M->102M(123M) 44,338ms
[2021-04-30T09:45:17.273+0300][53,133s][info][gc] GC(664) Pause Full (Allocation Failure) 123M->102M(123M) 43,263ms
[2021-04-30T09:45:17.373+0300][53,233s][info][gc] GC(665) Pause Full (Allocation Failure) 123M->103M(123M) 47,818ms
[2021-04-30T09:45:17.470+0300][53,330s][info][gc] GC(666) Pause Full (Allocation Failure) 123M->103M(123M) 47,295ms
[2021-04-30T09:45:17.561+0300][53,421s][info][gc] GC(667) Pause Full (Allocation Failure) 123M->103M(123M) 43,348ms
[2021-04-30T09:45:17.652+0300][53,511s][info][gc] GC(668) Pause Full (Allocation Failure) 123M->104M(123M) 43,099ms
[2021-04-30T09:45:17.742+0300][53,602s][info][gc] GC(669) Pause Full (Allocation Failure) 123M->104M(123M) 44,200ms
[2021-04-30T09:45:17.834+0300][53,694s][info][gc] GC(670) Pause Full (Allocation Failure) 123M->104M(123M) 45,351ms
[2021-04-30T09:45:17.925+0300][53,785s][info][gc] GC(671) Pause Full (Allocation Failure) 123M->104M(123M) 44,997ms
[2021-04-30T09:45:18.017+0300][53,877s][info][gc] GC(672) Pause Full (Allocation Failure) 123M->105M(123M) 44,817ms
[2021-04-30T09:45:18.108+0300][53,968s][info][gc] GC(673) Pause Full (Allocation Failure) 123M->105M(123M) 44,619ms
[2021-04-30T09:45:18.196+0300][54,056s][info][gc] GC(674) Pause Full (Allocation Failure) 123M->105M(123M) 44,230ms
[2021-04-30T09:45:18.290+0300][54,150s][info][gc] GC(675) Pause Full (Allocation Failure) 123M->106M(123M) 48,613ms
[2021-04-30T09:45:18.386+0300][54,246s][info][gc] GC(676) Pause Full (Allocation Failure) 123M->106M(123M) 50,383ms
[2021-04-30T09:45:18.475+0300][54,335s][info][gc] GC(677) Pause Full (Allocation Failure) 123M->106M(123M) 45,031ms
[2021-04-30T09:45:18.562+0300][54,422s][info][gc] GC(678) Pause Full (Allocation Failure) 123M->106M(123M) 44,614ms
[2021-04-30T09:45:18.647+0300][54,507s][info][gc] GC(679) Pause Full (Allocation Failure) 123M->107M(123M) 43,749ms
[2021-04-30T09:45:18.736+0300][54,596s][info][gc] GC(680) Pause Full (Allocation Failure) 123M->107M(123M) 43,825ms
[2021-04-30T09:45:18.822+0300][54,682s][info][gc] GC(681) Pause Full (Allocation Failure) 123M->107M(123M) 44,049ms
[2021-04-30T09:45:18.906+0300][54,765s][info][gc] GC(682) Pause Full (Allocation Failure) 123M->108M(123M) 44,196ms
[2021-04-30T09:45:18.998+0300][54,858s][info][gc] GC(683) Pause Full (Allocation Failure) 123M->108M(123M) 46,388ms
[2021-04-30T09:45:19.085+0300][54,945s][info][gc] GC(684) Pause Full (Allocation Failure) 123M->108M(123M) 46,719ms
[2021-04-30T09:45:19.168+0300][55,028s][info][gc] GC(685) Pause Full (Allocation Failure) 123M->108M(123M) 44,029ms
[2021-04-30T09:45:19.251+0300][55,111s][info][gc] GC(686) Pause Full (Allocation Failure) 123M->109M(123M) 44,342ms
[2021-04-30T09:45:19.343+0300][55,203s][info][gc] GC(687) Pause Full (Allocation Failure) 123M->109M(123M) 50,468ms
[2021-04-30T09:45:19.437+0300][55,297s][info][gc] GC(688) Pause Full (Allocation Failure) 123M->109M(123M) 49,774ms
[2021-04-30T09:45:19.523+0300][55,382s][info][gc] GC(689) Pause Full (Allocation Failure) 123M->109M(123M) 45,983ms
[2021-04-30T09:45:19.609+0300][55,469s][info][gc] GC(690) Pause Full (Allocation Failure) 123M->109M(123M) 47,062ms
[2021-04-30T09:45:19.693+0300][55,553s][info][gc] GC(691) Pause Full (Allocation Failure) 123M->110M(123M) 45,034ms
[2021-04-30T09:45:19.777+0300][55,637s][info][gc] GC(692) Pause Full (Allocation Failure) 123M->110M(123M) 44,951ms
[2021-04-30T09:45:19.860+0300][55,720s][info][gc] GC(693) Pause Full (Allocation Failure) 123M->110M(123M) 45,796ms
[2021-04-30T09:45:19.945+0300][55,805s][info][gc] GC(694) Pause Full (Allocation Failure) 123M->110M(123M) 46,320ms
[2021-04-30T09:45:20.029+0300][55,889s][info][gc] GC(695) Pause Full (Allocation Failure) 123M->111M(123M) 46,694ms
[2021-04-30T09:45:20.111+0300][55,971s][info][gc] GC(696) Pause Full (Allocation Failure) 123M->111M(123M) 45,973ms
[2021-04-30T09:45:20.195+0300][56,055s][info][gc] GC(697) Pause Full (Allocation Failure) 123M->111M(123M) 46,823ms
[2021-04-30T09:45:20.279+0300][56,139s][info][gc] GC(698) Pause Full (Allocation Failure) 123M->111M(123M) 46,238ms
[2021-04-30T09:45:20.370+0300][56,230s][info][gc] GC(699) Pause Full (Allocation Failure) 123M->111M(123M) 51,978ms
[2021-04-30T09:45:20.456+0300][56,316s][info][gc] GC(700) Pause Full (Allocation Failure) 123M->112M(123M) 47,926ms
[2021-04-30T09:45:20.538+0300][56,398s][info][gc] GC(701) Pause Full (Allocation Failure) 123M->112M(123M) 47,070ms
[2021-04-30T09:45:20.621+0300][56,481s][info][gc] GC(702) Pause Full (Allocation Failure) 123M->112M(123M) 46,704ms
[2021-04-30T09:45:20.702+0300][56,562s][info][gc] GC(703) Pause Full (Allocation Failure) 123M->112M(123M) 46,017ms
[2021-04-30T09:45:20.782+0300][56,642s][info][gc] GC(704) Pause Full (Allocation Failure) 123M->112M(123M) 46,629ms
[2021-04-30T09:45:20.862+0300][56,722s][info][gc] GC(705) Pause Full (Allocation Failure) 123M->112M(123M) 45,765ms
[2021-04-30T09:45:20.945+0300][56,805s][info][gc] GC(706) Pause Full (Allocation Failure) 123M->113M(123M) 48,744ms
[2021-04-30T09:45:21.030+0300][56,890s][info][gc] GC(707) Pause Full (Allocation Failure) 123M->113M(123M) 49,529ms
[2021-04-30T09:45:21.115+0300][56,975s][info][gc] GC(708) Pause Full (Allocation Failure) 123M->113M(123M) 49,273ms
[2021-04-30T09:45:21.196+0300][57,055s][info][gc] GC(709) Pause Full (Allocation Failure) 123M->113M(123M) 46,938ms
[2021-04-30T09:45:21.278+0300][57,138s][info][gc] GC(710) Pause Full (Allocation Failure) 123M->113M(123M) 48,539ms
[2021-04-30T09:45:21.363+0300][57,223s][info][gc] GC(711) Pause Full (Allocation Failure) 123M->113M(123M) 49,813ms
[2021-04-30T09:45:21.447+0300][57,307s][info][gc] GC(712) Pause Full (Allocation Failure) 123M->114M(123M) 49,689ms
[2021-04-30T09:45:21.527+0300][57,386s][info][gc] GC(713) Pause Full (Allocation Failure) 123M->114M(123M) 46,168ms
[2021-04-30T09:45:21.605+0300][57,465s][info][gc] GC(714) Pause Full (Allocation Failure) 123M->114M(123M) 46,028ms
[2021-04-30T09:45:21.687+0300][57,547s][info][gc] GC(715) Pause Full (Allocation Failure) 123M->114M(123M) 48,464ms
[2021-04-30T09:45:21.765+0300][57,625s][info][gc] GC(716) Pause Full (Allocation Failure) 123M->114M(123M) 45,383ms
[2021-04-30T09:45:21.843+0300][57,702s][info][gc] GC(717) Pause Full (Allocation Failure) 123M->114M(123M) 46,413ms
[2021-04-30T09:45:21.920+0300][57,780s][info][gc] GC(718) Pause Full (Allocation Failure) 123M->114M(123M) 44,945ms
[2021-04-30T09:45:22.007+0300][57,867s][info][gc] GC(719) Pause Full (Allocation Failure) 123M->115M(123M) 52,702ms
[2021-04-30T09:45:22.084+0300][57,944s][info][gc] GC(720) Pause Full (Allocation Failure) 123M->115M(123M) 45,611ms
[2021-04-30T09:45:22.160+0300][58,020s][info][gc] GC(721) Pause Full (Allocation Failure) 123M->115M(123M) 45,349ms
[2021-04-30T09:45:22.239+0300][58,099s][info][gc] GC(722) Pause Full (Allocation Failure) 123M->115M(123M) 47,081ms
[2021-04-30T09:45:22.332+0300][58,192s][info][gc] GC(723) Pause Full (Allocation Failure) 123M->115M(123M) 52,295ms
[2021-04-30T09:45:22.413+0300][58,273s][info][gc] GC(724) Pause Full (Allocation Failure) 123M->115M(123M) 49,262ms
[2021-04-30T09:45:22.491+0300][58,351s][info][gc] GC(725) Pause Full (Allocation Failure) 123M->115M(123M) 48,314ms
[2021-04-30T09:45:22.569+0300][58,429s][info][gc] GC(726) Pause Full (Allocation Failure) 123M->116M(123M) 47,459ms
[2021-04-30T09:45:22.646+0300][58,506s][info][gc] GC(727) Pause Full (Allocation Failure) 123M->116M(123M) 46,225ms
[2021-04-30T09:45:22.724+0300][58,584s][info][gc] GC(728) Pause Full (Allocation Failure) 123M->116M(123M) 46,226ms
[2021-04-30T09:45:22.799+0300][58,659s][info][gc] GC(729) Pause Full (Allocation Failure) 123M->116M(123M) 45,651ms
[2021-04-30T09:45:22.878+0300][58,738s][info][gc] GC(730) Pause Full (Allocation Failure) 123M->116M(123M) 49,597ms
[2021-04-30T09:45:22.959+0300][58,819s][info][gc] GC(731) Pause Full (Allocation Failure) 123M->116M(123M) 51,476ms
[2021-04-30T09:45:23.034+0300][58,894s][info][gc] GC(732) Pause Full (Allocation Failure) 123M->116M(123M) 46,417ms
[2021-04-30T09:45:23.110+0300][58,970s][info][gc] GC(733) Pause Full (Allocation Failure) 123M->116M(123M) 46,795ms
[2021-04-30T09:45:23.187+0300][59,047s][info][gc] GC(734) Pause Full (Allocation Failure) 123M->116M(123M) 47,813ms
[2021-04-30T09:45:23.264+0300][59,124s][info][gc] GC(735) Pause Full (Allocation Failure) 123M->117M(123M) 48,709ms
[2021-04-30T09:45:23.346+0300][59,206s][info][gc] GC(736) Pause Full (Allocation Failure) 123M->117M(123M) 49,003ms
[2021-04-30T09:45:23.424+0300][59,284s][info][gc] GC(737) Pause Full (Allocation Failure) 123M->117M(123M) 49,015ms
[2021-04-30T09:45:23.503+0300][59,363s][info][gc] GC(738) Pause Full (Allocation Failure) 123M->117M(123M) 49,522ms
[2021-04-30T09:45:23.580+0300][59,440s][info][gc] GC(739) Pause Full (Allocation Failure) 123M->117M(123M) 47,473ms
[2021-04-30T09:45:23.654+0300][59,514s][info][gc] GC(740) Pause Full (Allocation Failure) 123M->117M(123M) 45,815ms
[2021-04-30T09:45:23.726+0300][59,586s][info][gc] GC(741) Pause Full (Allocation Failure) 123M->117M(123M) 45,930ms
[2021-04-30T09:45:23.801+0300][59,661s][info][gc] GC(742) Pause Full (Allocation Failure) 123M->117M(123M) 47,853ms
[2021-04-30T09:45:23.876+0300][59,736s][info][gc] GC(743) Pause Full (Allocation Failure) 123M->117M(123M) 46,556ms
[2021-04-30T09:45:23.951+0300][59,811s][info][gc] GC(744) Pause Full (Allocation Failure) 123M->117M(123M) 48,123ms
[2021-04-30T09:45:24.025+0300][59,885s][info][gc] GC(745) Pause Full (Allocation Failure) 123M->118M(123M) 46,738ms
[2021-04-30T09:45:24.099+0300][59,959s][info][gc] GC(746) Pause Full (Allocation Failure) 123M->118M(123M) 47,325ms
[2021-04-30T09:45:24.175+0300][60,035s][info][gc] GC(747) Pause Full (Allocation Failure) 123M->118M(123M) 45,897ms
[2021-04-30T09:45:24.246+0300][60,106s][info][gc] GC(748) Pause Full (Allocation Failure) 123M->118M(123M) 46,258ms
[2021-04-30T09:45:24.324+0300][60,184s][info][gc] GC(749) Pause Full (Allocation Failure) 123M->118M(123M) 50,592ms
[2021-04-30T09:45:24.403+0300][60,263s][info][gc] GC(750) Pause Full (Allocation Failure) 123M->118M(123M) 51,890ms
[2021-04-30T09:45:24.482+0300][60,342s][info][gc] GC(751) Pause Full (Allocation Failure) 123M->118M(123M) 48,298ms
[2021-04-30T09:45:24.554+0300][60,414s][info][gc] GC(752) Pause Full (Allocation Failure) 123M->118M(123M) 45,914ms
[2021-04-30T09:45:24.627+0300][60,486s][info][gc] GC(753) Pause Full (Allocation Failure) 123M->118M(123M) 47,596ms
[2021-04-30T09:45:24.700+0300][60,560s][info][gc] GC(754) Pause Full (Allocation Failure) 123M->118M(123M) 47,645ms
[2021-04-30T09:45:24.776+0300][60,636s][info][gc] GC(755) Pause Full (Allocation Failure) 123M->118M(123M) 46,663ms
[2021-04-30T09:45:24.849+0300][60,709s][info][gc] GC(756) Pause Full (Allocation Failure) 123M->118M(123M) 46,773ms
[2021-04-30T09:45:24.922+0300][60,782s][info][gc] GC(757) Pause Full (Allocation Failure) 123M->119M(123M) 46,790ms
[2021-04-30T09:45:25.008+0300][60,868s][info][gc] GC(758) Pause Full (Allocation Failure) 123M->119M(123M) 51,659ms
[2021-04-30T09:45:25.080+0300][60,940s][info][gc] GC(759) Pause Full (Allocation Failure) 123M->119M(123M) 46,652ms
[2021-04-30T09:45:25.154+0300][61,014s][info][gc] GC(760) Pause Full (Allocation Failure) 123M->119M(123M) 47,164ms
[2021-04-30T09:45:25.224+0300][61,084s][info][gc] GC(761) Pause Full (Allocation Failure) 123M->119M(123M) 45,958ms
[2021-04-30T09:45:25.302+0300][61,162s][info][gc] GC(762) Pause Full (Allocation Failure) 123M->119M(123M) 50,999ms
[2021-04-30T09:45:25.379+0300][61,239s][info][gc] GC(763) Pause Full (Allocation Failure) 123M->119M(123M) 50,682ms
[2021-04-30T09:45:25.450+0300][61,310s][info][gc] GC(764) Pause Full (Allocation Failure) 123M->119M(123M) 46,735ms
[2021-04-30T09:45:25.522+0300][61,382s][info][gc] GC(765) Pause Full (Allocation Failure) 123M->119M(123M) 47,421ms
[2021-04-30T09:45:25.595+0300][61,455s][info][gc] GC(766) Pause Full (Allocation Failure) 123M->119M(123M) 48,157ms
[2021-04-30T09:45:25.666+0300][61,526s][info][gc] GC(767) Pause Full (Allocation Failure) 123M->119M(123M) 48,729ms
[2021-04-30T09:45:25.736+0300][61,596s][info][gc] GC(768) Pause Full (Allocation Failure) 123M->119M(123M) 45,987ms
[2021-04-30T09:45:25.806+0300][61,666s][info][gc] GC(769) Pause Full (Allocation Failure) 123M->119M(123M) 46,863ms
[2021-04-30T09:45:25.874+0300][61,734s][info][gc] GC(770) Pause Full (Allocation Failure) 123M->119M(123M) 46,147ms
[2021-04-30T09:45:25.948+0300][61,808s][info][gc] GC(771) Pause Full (Allocation Failure) 123M->120M(123M) 51,222ms
[2021-04-30T09:45:26.017+0300][61,877s][info][gc] GC(772) Pause Full (Allocation Failure) 123M->120M(123M) 46,368ms
[2021-04-30T09:45:26.085+0300][61,945s][info][gc] GC(773) Pause Full (Allocation Failure) 123M->120M(123M) 46,671ms
[2021-04-30T09:45:26.154+0300][62,014s][info][gc] GC(774) Pause Full (Allocation Failure) 123M->120M(123M) 47,473ms
[2021-04-30T09:45:26.225+0300][62,085s][info][gc] GC(775) Pause Full (Allocation Failure) 123M->120M(123M) 49,525ms
[2021-04-30T09:45:26.303+0300][62,162s][info][gc] GC(776) Pause Full (Allocation Failure) 123M->120M(123M) 58,141ms
[2021-04-30T09:45:26.374+0300][62,234s][info][gc] GC(777) Pause Full (Allocation Failure) 123M->120M(123M) 50,370ms
[2021-04-30T09:45:26.446+0300][62,306s][info][gc] GC(778) Pause Full (Allocation Failure) 123M->120M(123M) 49,072ms
[2021-04-30T09:45:26.514+0300][62,374s][info][gc] GC(779) Pause Full (Allocation Failure) 123M->120M(123M) 47,785ms
[2021-04-30T09:45:26.583+0300][62,443s][info][gc] GC(780) Pause Full (Allocation Failure) 123M->120M(123M) 50,638ms
[2021-04-30T09:45:26.650+0300][62,509s][info][gc] GC(781) Pause Full (Allocation Failure) 123M->120M(123M) 47,396ms
[2021-04-30T09:45:26.715+0300][62,575s][info][gc] GC(782) Pause Full (Allocation Failure) 123M->120M(123M) 48,152ms
[2021-04-30T09:45:26.783+0300][62,643s][info][gc] GC(783) Pause Full (Allocation Failure) 123M->120M(123M) 48,295ms
[2021-04-30T09:45:26.850+0300][62,710s][info][gc] GC(784) Pause Full (Allocation Failure) 123M->120M(123M) 50,515ms
[2021-04-30T09:45:26.917+0300][62,777s][info][gc] GC(785) Pause Full (Allocation Failure) 123M->120M(123M) 48,132ms
[2021-04-30T09:45:26.986+0300][62,846s][info][gc] GC(786) Pause Full (Allocation Failure) 123M->120M(123M) 52,705ms
[2021-04-30T09:45:27.051+0300][62,911s][info][gc] GC(787) Pause Full (Allocation Failure) 123M->120M(123M) 46,513ms
[2021-04-30T09:45:27.118+0300][62,978s][info][gc] GC(788) Pause Full (Allocation Failure) 123M->120M(123M) 50,473ms
[2021-04-30T09:45:27.184+0300][63,044s][info][gc] GC(789) Pause Full (Allocation Failure) 123M->120M(123M) 48,300ms
[2021-04-30T09:45:27.252+0300][63,112s][info][gc] GC(790) Pause Full (Allocation Failure) 123M->121M(123M) 52,285ms
[2021-04-30T09:45:27.319+0300][63,178s][info][gc] GC(791) Pause Full (Allocation Failure) 123M->121M(123M) 49,458ms
[2021-04-30T09:45:27.388+0300][63,248s][info][gc] GC(792) Pause Full (Allocation Failure) 123M->121M(123M) 52,494ms
[2021-04-30T09:45:27.458+0300][63,317s][info][gc] GC(793) Pause Full (Allocation Failure) 123M->121M(123M) 49,361ms
[2021-04-30T09:45:27.521+0300][63,381s][info][gc] GC(794) Pause Full (Allocation Failure) 123M->121M(123M) 48,435ms
[2021-04-30T09:45:27.585+0300][63,445s][info][gc] GC(795) Pause Full (Allocation Failure) 123M->121M(123M) 48,392ms
[2021-04-30T09:45:27.649+0300][63,509s][info][gc] GC(796) Pause Full (Allocation Failure) 123M->121M(123M) 49,823ms
[2021-04-30T09:45:27.712+0300][63,572s][info][gc] GC(797) Pause Full (Allocation Failure) 123M->121M(123M) 46,851ms
[2021-04-30T09:45:27.775+0300][63,634s][info][gc] GC(798) Pause Full (Allocation Failure) 123M->121M(123M) 48,823ms
[2021-04-30T09:45:27.837+0300][63,697s][info][gc] GC(799) Pause Full (Allocation Failure) 123M->121M(123M) 47,448ms
[2021-04-30T09:45:27.899+0300][63,759s][info][gc] GC(800) Pause Full (Allocation Failure) 123M->121M(123M) 48,668ms
[2021-04-30T09:45:27.964+0300][63,824s][info][gc] GC(801) Pause Full (Allocation Failure) 123M->121M(123M) 49,698ms
[2021-04-30T09:45:28.028+0300][63,887s][info][gc] GC(802) Pause Full (Allocation Failure) 123M->121M(123M) 50,396ms
[2021-04-30T09:45:28.094+0300][63,954s][info][gc] GC(803) Pause Full (Allocation Failure) 123M->121M(123M) 51,611ms
[2021-04-30T09:45:28.158+0300][64,018s][info][gc] GC(804) Pause Full (Allocation Failure) 123M->121M(123M) 51,435ms
[2021-04-30T09:45:28.224+0300][64,084s][info][gc] GC(805) Pause Full (Allocation Failure) 123M->121M(123M) 50,913ms
[2021-04-30T09:45:28.285+0300][64,144s][info][gc] GC(806) Pause Full (Allocation Failure) 123M->121M(123M) 48,276ms
[2021-04-30T09:45:28.349+0300][64,209s][info][gc] GC(807) Pause Full (Allocation Failure) 123M->121M(123M) 50,440ms
[2021-04-30T09:45:28.413+0300][64,272s][info][gc] GC(808) Pause Full (Allocation Failure) 123M->121M(123M) 50,179ms
[2021-04-30T09:45:28.477+0300][64,337s][info][gc] GC(809) Pause Full (Allocation Failure) 123M->121M(123M) 50,507ms
[2021-04-30T09:45:28.539+0300][64,399s][info][gc] GC(810) Pause Full (Allocation Failure) 123M->121M(123M) 50,436ms
[2021-04-30T09:45:28.600+0300][64,460s][info][gc] GC(811) Pause Full (Allocation Failure) 123M->121M(123M) 47,107ms
[2021-04-30T09:45:28.658+0300][64,518s][info][gc] GC(812) Pause Full (Allocation Failure) 123M->121M(123M) 46,632ms
[2021-04-30T09:45:28.718+0300][64,578s][info][gc] GC(813) Pause Full (Allocation Failure) 123M->121M(123M) 47,658ms
[2021-04-30T09:45:28.777+0300][64,637s][info][gc] GC(814) Pause Full (Allocation Failure) 123M->121M(123M) 48,266ms
[2021-04-30T09:45:28.841+0300][64,701s][info][gc] GC(815) Pause Full (Allocation Failure) 123M->121M(123M) 51,068ms
[2021-04-30T09:45:28.899+0300][64,759s][info][gc] GC(816) Pause Full (Allocation Failure) 123M->121M(123M) 47,353ms
[2021-04-30T09:45:28.961+0300][64,821s][info][gc] GC(817) Pause Full (Allocation Failure) 123M->121M(123M) 49,868ms
[2021-04-30T09:45:29.019+0300][64,879s][info][gc] GC(818) Pause Full (Allocation Failure) 123M->121M(123M) 47,685ms
[2021-04-30T09:45:29.081+0300][64,941s][info][gc] GC(819) Pause Full (Allocation Failure) 123M->122M(123M) 50,310ms
[2021-04-30T09:45:29.140+0300][65,000s][info][gc] GC(820) Pause Full (Allocation Failure) 123M->122M(123M) 49,673ms
[2021-04-30T09:45:29.200+0300][65,060s][info][gc] GC(821) Pause Full (Allocation Failure) 123M->122M(123M) 47,411ms
[2021-04-30T09:45:29.257+0300][65,117s][info][gc] GC(822) Pause Full (Allocation Failure) 123M->122M(123M) 48,177ms
[2021-04-30T09:45:29.318+0300][65,178s][info][gc] GC(823) Pause Full (Allocation Failure) 123M->122M(123M) 49,516ms
[2021-04-30T09:45:29.380+0300][65,239s][info][gc] GC(824) Pause Full (Allocation Failure) 123M->122M(123M) 51,868ms
[2021-04-30T09:45:29.444+0300][65,304s][info][gc] GC(825) Pause Full (Allocation Failure) 123M->122M(123M) 51,742ms
[2021-04-30T09:45:29.501+0300][65,361s][info][gc] GC(826) Pause Full (Allocation Failure) 123M->122M(123M) 48,437ms
[2021-04-30T09:45:29.558+0300][65,418s][info][gc] GC(827) Pause Full (Allocation Failure) 123M->122M(123M) 46,771ms
[2021-04-30T09:45:29.615+0300][65,475s][info][gc] GC(828) Pause Full (Allocation Failure) 123M->122M(123M) 48,156ms
[2021-04-30T09:45:29.672+0300][65,532s][info][gc] GC(829) Pause Full (Allocation Failure) 123M->122M(123M) 46,720ms
[2021-04-30T09:45:29.731+0300][65,591s][info][gc] GC(830) Pause Full (Allocation Failure) 123M->122M(123M) 50,427ms
[2021-04-30T09:45:29.788+0300][65,648s][info][gc] GC(831) Pause Full (Allocation Failure) 123M->122M(123M) 46,683ms
[2021-04-30T09:45:29.843+0300][65,703s][info][gc] GC(832) Pause Full (Allocation Failure) 123M->122M(123M) 46,690ms
[2021-04-30T09:45:29.901+0300][65,761s][info][gc] GC(833) Pause Full (Allocation Failure) 123M->122M(123M) 48,475ms
[2021-04-30T09:45:29.957+0300][65,817s][info][gc] GC(834) Pause Full (Allocation Failure) 123M->122M(123M) 48,053ms
[2021-04-30T09:45:30.016+0300][65,876s][info][gc] GC(835) Pause Full (Allocation Failure) 123M->122M(123M) 49,814ms
[2021-04-30T09:45:30.072+0300][65,932s][info][gc] GC(836) Pause Full (Allocation Failure) 123M->122M(123M) 48,279ms
[2021-04-30T09:45:30.128+0300][65,988s][info][gc] GC(837) Pause Full (Allocation Failure) 123M->122M(123M) 46,721ms
[2021-04-30T09:45:30.183+0300][66,043s][info][gc] GC(838) Pause Full (Allocation Failure) 123M->122M(123M) 47,237ms
[2021-04-30T09:45:30.239+0300][66,099s][info][gc] GC(839) Pause Full (Allocation Failure) 123M->122M(123M) 47,386ms
[2021-04-30T09:45:30.297+0300][66,157s][info][gc] GC(840) Pause Full (Allocation Failure) 123M->122M(123M) 50,306ms
[2021-04-30T09:45:30.359+0300][66,219s][info][gc] GC(841) Pause Full (Allocation Failure) 123M->122M(123M) 53,691ms
[2021-04-30T09:45:30.418+0300][66,278s][info][gc] GC(842) Pause Full (Allocation Failure) 123M->122M(123M) 51,234ms
[2021-04-30T09:45:30.473+0300][66,333s][info][gc] GC(843) Pause Full (Allocation Failure) 123M->122M(123M) 46,836ms
[2021-04-30T09:45:30.527+0300][66,387s][info][gc] GC(844) Pause Full (Allocation Failure) 123M->122M(123M) 46,732ms
[2021-04-30T09:45:30.584+0300][66,444s][info][gc] GC(845) Pause Full (Allocation Failure) 123M->122M(123M) 48,973ms
[2021-04-30T09:45:30.640+0300][66,500s][info][gc] GC(846) Pause Full (Allocation Failure) 123M->122M(123M) 48,486ms
[2021-04-30T09:45:30.699+0300][66,559s][info][gc] GC(847) Pause Full (Allocation Failure) 123M->122M(123M) 47,728ms
[2021-04-30T09:45:30.752+0300][66,612s][info][gc] GC(848) Pause Full (Allocation Failure) 123M->122M(123M) 47,001ms
[2021-04-30T09:45:30.807+0300][66,667s][info][gc] GC(849) Pause Full (Allocation Failure) 123M->122M(123M) 46,777ms
[2021-04-30T09:45:30.863+0300][66,723s][info][gc] GC(850) Pause Full (Allocation Failure) 123M->122M(123M) 49,867ms
[2021-04-30T09:45:30.920+0300][66,780s][info][gc] GC(851) Pause Full (Allocation Failure) 123M->122M(123M) 48,810ms
[2021-04-30T09:45:30.977+0300][66,836s][info][gc] GC(852) Pause Full (Allocation Failure) 123M->122M(123M) 49,969ms
[2021-04-30T09:45:31.031+0300][66,890s][info][gc] GC(853) Pause Full (Allocation Failure) 123M->122M(123M) 46,544ms
[2021-04-30T09:45:31.084+0300][66,944s][info][gc] GC(854) Pause Full (Allocation Failure) 123M->122M(123M) 48,138ms
[2021-04-30T09:45:31.138+0300][66,998s][info][gc] GC(855) Pause Full (Allocation Failure) 123M->122M(123M) 46,530ms
[2021-04-30T09:45:31.197+0300][67,057s][info][gc] GC(856) Pause Full (Allocation Failure) 123M->122M(123M) 52,762ms
[2021-04-30T09:45:31.255+0300][67,115s][info][gc] GC(857) Pause Full (Allocation Failure) 123M->122M(123M) 50,095ms
[2021-04-30T09:45:31.312+0300][67,172s][info][gc] GC(858) Pause Full (Allocation Failure) 123M->122M(123M) 51,313ms
[2021-04-30T09:45:31.370+0300][67,230s][info][gc] GC(859) Pause Full (Allocation Failure) 123M->122M(123M) 51,027ms
[2021-04-30T09:45:31.424+0300][67,284s][info][gc] GC(860) Pause Full (Allocation Failure) 123M->122M(123M) 48,886ms
[2021-04-30T09:45:31.482+0300][67,341s][info][gc] GC(861) Pause Full (Allocation Failure) 123M->122M(123M) 50,009ms
[2021-04-30T09:45:31.535+0300][67,395s][info][gc] GC(862) Pause Full (Allocation Failure) 123M->122M(123M) 48,273ms
[2021-04-30T09:45:31.592+0300][67,452s][info][gc] GC(863) Pause Full (Allocation Failure) 123M->122M(123M) 50,255ms
[2021-04-30T09:45:31.645+0300][67,504s][info][gc] GC(864) Pause Full (Allocation Failure) 123M->122M(123M) 46,646ms
[2021-04-30T09:45:31.699+0300][67,559s][info][gc] GC(865) Pause Full (Allocation Failure) 123M->122M(123M) 48,131ms
[2021-04-30T09:45:31.752+0300][67,612s][info][gc] GC(866) Pause Full (Allocation Failure) 123M->122M(123M) 47,578ms
[2021-04-30T09:45:31.809+0300][67,669s][info][gc] GC(867) Pause Full (Allocation Failure) 123M->122M(123M) 50,809ms
[2021-04-30T09:45:31.863+0300][67,723s][info][gc] GC(868) Pause Full (Allocation Failure) 123M->122M(123M) 49,090ms
[2021-04-30T09:45:31.917+0300][67,777s][info][gc] GC(869) Pause Full (Allocation Failure) 123M->122M(123M) 47,576ms
[2021-04-30T09:45:31.970+0300][67,830s][info][gc] GC(870) Pause Full (Allocation Failure) 123M->122M(123M) 48,341ms
[2021-04-30T09:45:32.024+0300][67,883s][info][gc] GC(871) Pause Full (Allocation Failure) 123M->122M(123M) 47,774ms
[2021-04-30T09:45:32.076+0300][67,936s][info][gc] GC(872) Pause Full (Allocation Failure) 123M->123M(123M) 48,281ms
[2021-04-30T09:45:32.138+0300][67,998s][info][gc] GC(873) Pause Full (Allocation Failure) 123M->123M(123M) 53,564ms
[2021-04-30T09:45:32.190+0300][68,049s][info][gc] GC(874) Pause Full (Allocation Failure) 123M->123M(123M) 46,791ms
[2021-04-30T09:45:32.244+0300][68,104s][info][gc] GC(875) Pause Full (Allocation Failure) 123M->123M(123M) 48,675ms
[2021-04-30T09:45:32.297+0300][68,157s][info][gc] GC(876) Pause Full (Allocation Failure) 123M->123M(123M) 48,894ms
[2021-04-30T09:45:32.354+0300][68,214s][info][gc] GC(877) Pause Full (Allocation Failure) 123M->123M(123M) 50,543ms
[2021-04-30T09:45:32.411+0300][68,271s][info][gc] GC(878) Pause Full (Allocation Failure) 123M->123M(123M) 53,071ms
[2021-04-30T09:45:32.466+0300][68,326s][info][gc] GC(879) Pause Full (Allocation Failure) 123M->123M(123M) 48,945ms
[2021-04-30T09:45:32.518+0300][68,378s][info][gc] GC(880) Pause Full (Allocation Failure) 123M->123M(123M) 48,226ms
[2021-04-30T09:45:32.570+0300][68,430s][info][gc] GC(881) Pause Full (Allocation Failure) 123M->123M(123M) 46,750ms
[2021-04-30T09:45:32.620+0300][68,480s][info][gc] GC(882) Pause Full (Allocation Failure) 123M->123M(123M) 46,536ms
[2021-04-30T09:45:32.675+0300][68,535s][info][gc] GC(883) Pause Full (Allocation Failure) 123M->123M(123M) 48,951ms
[2021-04-30T09:45:32.728+0300][68,588s][info][gc] GC(884) Pause Full (Allocation Failure) 123M->123M(123M) 49,821ms
[2021-04-30T09:45:32.783+0300][68,643s][info][gc] GC(885) Pause Full (Allocation Failure) 123M->123M(123M) 49,427ms
[2021-04-30T09:45:32.836+0300][68,695s][info][gc] GC(886) Pause Full (Allocation Failure) 123M->123M(123M) 49,013ms
[2021-04-30T09:45:32.888+0300][68,748s][info][gc] GC(887) Pause Full (Allocation Failure) 123M->123M(123M) 47,017ms
[2021-04-30T09:45:32.943+0300][68,803s][info][gc] GC(888) Pause Full (Allocation Failure) 123M->123M(123M) 51,532ms
[2021-04-30T09:45:32.998+0300][68,858s][info][gc] GC(889) Pause Full (Allocation Failure) 123M->123M(123M) 49,355ms
[2021-04-30T09:45:33.051+0300][68,911s][info][gc] GC(890) Pause Full (Allocation Failure) 123M->123M(123M) 49,887ms
[2021-04-30T09:45:33.105+0300][68,964s][info][gc] GC(891) Pause Full (Allocation Failure) 123M->123M(123M) 48,120ms
[2021-04-30T09:45:33.157+0300][69,017s][info][gc] GC(892) Pause Full (Allocation Failure) 123M->123M(123M) 49,042ms
[2021-04-30T09:45:33.210+0300][69,070s][info][gc] GC(893) Pause Full (Allocation Failure) 123M->123M(123M) 47,958ms
[2021-04-30T09:45:33.262+0300][69,122s][info][gc] GC(894) Pause Full (Allocation Failure) 123M->123M(123M) 49,014ms
[2021-04-30T09:45:33.319+0300][69,179s][info][gc] GC(895) Pause Full (Allocation Failure) 123M->123M(123M) 51,843ms
[2021-04-30T09:45:33.376+0300][69,236s][info][gc] GC(896) Pause Full (Allocation Failure) 123M->123M(123M) 53,317ms
[2021-04-30T09:45:33.433+0300][69,293s][info][gc] GC(897) Pause Full (Allocation Failure) 123M->123M(123M) 51,926ms
[2021-04-30T09:45:33.484+0300][69,344s][info][gc] GC(898) Pause Full (Allocation Failure) 123M->123M(123M) 47,699ms
[2021-04-30T09:45:33.535+0300][69,395s][info][gc] GC(899) Pause Full (Allocation Failure) 123M->123M(123M) 46,880ms
[2021-04-30T09:45:33.591+0300][69,450s][info][gc] GC(900) Pause Full (Allocation Failure) 123M->123M(123M) 52,046ms
[2021-04-30T09:45:33.645+0300][69,505s][info][gc] GC(901) Pause Full (Allocation Failure) 123M->123M(123M) 49,693ms
[2021-04-30T09:45:33.698+0300][69,558s][info][gc] GC(902) Pause Full (Allocation Failure) 123M->123M(123M) 48,850ms
[2021-04-30T09:45:33.751+0300][69,611s][info][gc] GC(903) Pause Full (Allocation Failure) 123M->123M(123M) 46,875ms
[2021-04-30T09:45:33.806+0300][69,666s][info][gc] GC(904) Pause Full (Allocation Failure) 123M->123M(123M) 51,974ms
[2021-04-30T09:45:33.859+0300][69,719s][info][gc] GC(905) Pause Full (Allocation Failure) 123M->123M(123M) 49,188ms
[2021-04-30T09:45:33.912+0300][69,771s][info][gc] GC(906) Pause Full (Allocation Failure) 123M->123M(123M) 49,528ms
[2021-04-30T09:45:33.968+0300][69,828s][info][gc] GC(907) Pause Full (Allocation Failure) 123M->123M(123M) 51,883ms
[2021-04-30T09:45:34.018+0300][69,877s][info][gc] GC(908) Pause Full (Allocation Failure) 123M->123M(123M) 46,796ms
[2021-04-30T09:45:34.069+0300][69,929s][info][gc] GC(909) Pause Full (Allocation Failure) 123M->123M(123M) 47,455ms
[2021-04-30T09:45:34.121+0300][69,981s][info][gc] GC(910) Pause Full (Allocation Failure) 123M->123M(123M) 48,790ms
[2021-04-30T09:45:34.173+0300][70,032s][info][gc] GC(911) Pause Full (Allocation Failure) 123M->123M(123M) 47,666ms
[2021-04-30T09:45:34.225+0300][70,085s][info][gc] GC(912) Pause Full (Allocation Failure) 123M->123M(123M) 50,325ms
[2021-04-30T09:45:34.283+0300][70,143s][info][gc] GC(913) Pause Full (Allocation Failure) 123M->123M(123M) 52,507ms
[2021-04-30T09:45:34.335+0300][70,194s][info][gc] GC(914) Pause Full (Allocation Failure) 123M->123M(123M) 49,202ms
[2021-04-30T09:45:34.390+0300][70,250s][info][gc] GC(915) Pause Full (Allocation Failure) 123M->123M(123M) 51,202ms
[2021-04-30T09:45:34.445+0300][70,305s][info][gc] GC(916) Pause Full (Allocation Failure) 123M->123M(123M) 52,661ms
[2021-04-30T09:45:34.502+0300][70,362s][info][gc] GC(917) Pause Full (Allocation Failure) 123M->123M(123M) 52,898ms
[2021-04-30T09:45:34.556+0300][70,416s][info][gc] GC(918) Pause Full (Allocation Failure) 123M->123M(123M) 51,139ms
[2021-04-30T09:45:34.608+0300][70,468s][info][gc] GC(919) Pause Full (Allocation Failure) 123M->123M(123M) 48,721ms
[2021-04-30T09:45:34.659+0300][70,519s][info][gc] GC(920) Pause Full (Allocation Failure) 123M->123M(123M) 48,418ms
[2021-04-30T09:45:34.711+0300][70,571s][info][gc] GC(921) Pause Full (Allocation Failure) 123M->123M(123M) 48,540ms
[2021-04-30T09:45:34.762+0300][70,622s][info][gc] GC(922) Pause Full (Allocation Failure) 123M->123M(123M) 48,352ms
[2021-04-30T09:45:34.818+0300][70,678s][info][gc] GC(923) Pause Full (Allocation Failure) 123M->123M(123M) 52,052ms
[2021-04-30T09:45:34.869+0300][70,729s][info][gc] GC(924) Pause Full (Allocation Failure) 123M->123M(123M) 49,127ms
[2021-04-30T09:45:34.922+0300][70,782s][info][gc] GC(925) Pause Full (Allocation Failure) 123M->123M(123M) 48,994ms
[2021-04-30T09:45:34.973+0300][70,833s][info][gc] GC(926) Pause Full (Allocation Failure) 123M->123M(123M) 48,299ms
[2021-04-30T09:45:36.248+0300][72,108s][info][gc] GC(927) Pause Full (Allocation Failure) 123M->80M(123M) 57,586ms
[2021-04-30T09:45:36.303+0300][72,163s][info][gc] GC(928) Pause Young (Allocation Failure) 114M->80M(123M) 0,644ms
[2021-04-30T09:45:36.360+0300][72,220s][info][gc] GC(929) Pause Young (Allocation Failure) 114M->81M(123M) 0,870ms
[2021-04-30T09:45:36.412+0300][72,272s][info][gc] GC(930) Pause Young (Allocation Failure) 115M->81M(123M) 1,014ms
[2021-04-30T09:45:36.460+0300][72,320s][info][gc] GC(931) Pause Young (Allocation Failure) 115M->82M(123M) 1,849ms
[2021-04-30T09:45:36.509+0300][72,369s][info][gc] GC(932) Pause Young (Allocation Failure) 116M->82M(123M) 1,328ms
[2021-04-30T09:45:36.556+0300][72,415s][info][gc] GC(933) Pause Young (Allocation Failure) 116M->83M(123M) 1,635ms
[2021-04-30T09:45:36.608+0300][72,467s][info][gc] GC(934) Pause Young (Allocation Failure) 117M->83M(123M) 1,202ms
[2021-04-30T09:45:36.659+0300][72,519s][info][gc] GC(935) Pause Young (Allocation Failure) 117M->84M(123M) 1,286ms
[2021-04-30T09:45:36.706+0300][72,566s][info][gc] GC(936) Pause Young (Allocation Failure) 118M->84M(123M) 1,248ms
[2021-04-30T09:45:36.756+0300][72,616s][info][gc] GC(937) Pause Young (Allocation Failure) 119M->85M(123M) 1,303ms
[2021-04-30T09:45:36.802+0300][72,662s][info][gc] GC(938) Pause Young (Allocation Failure) 119M->86M(123M) 1,405ms
[2021-04-30T09:45:36.848+0300][72,708s][info][gc] GC(939) Pause Young (Allocation Failure) 120M->86M(123M) 1,330ms
[2021-04-30T09:45:36.900+0300][72,760s][info][gc] GC(940) Pause Young (Allocation Failure) 120M->87M(123M) 1,289ms
[2021-04-30T09:45:36.994+0300][72,854s][info][gc] GC(942) Pause Full (Allocation Failure) 121M->87M(123M) 43,142ms
[2021-04-30T09:45:36.994+0300][72,854s][info][gc] GC(941) Pause Young (Allocation Failure) 121M->87M(123M) 43,215ms
[2021-04-30T09:45:37.105+0300][72,965s][info][gc] GC(943) Pause Full (Allocation Failure) 123M->88M(123M) 42,546ms
[2021-04-30T09:45:37.231+0300][73,091s][info][gc] GC(944) Pause Full (Allocation Failure) 123M->84M(123M) 57,050ms
[2021-04-30T09:45:37.290+0300][73,150s][info][gc] GC(945) Pause Young (Allocation Failure) 118M->85M(123M) 0,552ms
[2021-04-30T09:45:37.343+0300][73,203s][info][gc] GC(946) Pause Young (Allocation Failure) 119M->85M(123M) 0,750ms
[2021-04-30T09:45:37.394+0300][73,254s][info][gc] GC(947) Pause Young (Allocation Failure) 119M->86M(123M) 1,323ms
[2021-04-30T09:45:37.442+0300][73,302s][info][gc] GC(948) Pause Young (Allocation Failure) 120M->86M(123M) 1,102ms
[2021-04-30T09:45:37.491+0300][73,351s][info][gc] GC(949) Pause Young (Allocation Failure) 120M->87M(123M) 1,334ms
[2021-04-30T09:45:37.585+0300][73,445s][info][gc] GC(951) Pause Full (Allocation Failure) 121M->87M(123M) 43,673ms
[2021-04-30T09:45:37.585+0300][73,445s][info][gc] GC(950) Pause Young (Allocation Failure) 121M->87M(123M) 43,746ms
[2021-04-30T09:45:37.697+0300][73,557s][info][gc] GC(952) Pause Full (Allocation Failure) 123M->88M(123M) 44,135ms
[2021-04-30T09:45:37.811+0300][73,671s][info][gc] GC(953) Pause Full (Allocation Failure) 123M->89M(123M) 45,565ms
[2021-04-30T09:45:37.921+0300][73,781s][info][gc] GC(954) Pause Full (Allocation Failure) 123M->89M(123M) 42,740ms
[2021-04-30T09:45:38.033+0300][73,893s][info][gc] GC(955) Pause Full (Allocation Failure) 123M->90M(123M) 42,468ms
[2021-04-30T09:45:38.142+0300][74,002s][info][gc] GC(956) Pause Full (Allocation Failure) 123M->90M(123M) 41,522ms
[2021-04-30T09:45:38.250+0300][74,110s][info][gc] GC(957) Pause Full (Allocation Failure) 123M->91M(123M) 42,394ms
[2021-04-30T09:45:38.365+0300][74,225s][info][gc] GC(958) Pause Full (Allocation Failure) 123M->91M(123M) 48,419ms
[2021-04-30T09:45:38.473+0300][74,333s][info][gc] GC(959) Pause Full (Allocation Failure) 123M->92M(123M) 43,460ms
[2021-04-30T09:45:38.577+0300][74,437s][info][gc] GC(960) Pause Full (Allocation Failure) 123M->92M(123M) 41,854ms
[2021-04-30T09:45:38.681+0300][74,541s][info][gc] GC(961) Pause Full (Allocation Failure) 123M->93M(123M) 43,576ms
[2021-04-30T09:45:38.787+0300][74,647s][info][gc] GC(962) Pause Full (Allocation Failure) 123M->93M(123M) 42,684ms
[2021-04-30T09:45:38.890+0300][74,750s][info][gc] GC(963) Pause Full (Allocation Failure) 123M->94M(123M) 43,651ms
[2021-04-30T09:45:39.002+0300][74,862s][info][gc] GC(964) Pause Full (Allocation Failure) 123M->94M(123M) 45,305ms
[2021-04-30T09:45:39.105+0300][74,965s][info][gc] GC(965) Pause Full (Allocation Failure) 123M->95M(123M) 43,484ms
[2021-04-30T09:45:39.206+0300][75,066s][info][gc] GC(966) Pause Full (Allocation Failure) 123M->95M(123M) 42,035ms
[2021-04-30T09:45:39.316+0300][75,176s][info][gc] GC(967) Pause Full (Allocation Failure) 123M->96M(123M) 47,603ms
[2021-04-30T09:45:39.420+0300][75,280s][info][gc] GC(968) Pause Full (Allocation Failure) 123M->96M(123M) 44,106ms
[2021-04-30T09:45:39.519+0300][75,379s][info][gc] GC(969) Pause Full (Allocation Failure) 123M->96M(123M) 43,281ms
[2021-04-30T09:45:39.622+0300][75,482s][info][gc] GC(970) Pause Full (Allocation Failure) 123M->97M(123M) 42,949ms
[2021-04-30T09:45:39.724+0300][75,584s][info][gc] GC(971) Pause Full (Allocation Failure) 123M->97M(123M) 43,445ms
[2021-04-30T09:45:39.824+0300][75,684s][info][gc] GC(972) Pause Full (Allocation Failure) 123M->98M(123M) 42,420ms
[2021-04-30T09:45:39.923+0300][75,783s][info][gc] GC(973) Pause Full (Allocation Failure) 123M->98M(123M) 46,688ms
[2021-04-30T09:45:40.027+0300][75,887s][info][gc] GC(974) Pause Full (Allocation Failure) 123M->99M(123M) 47,352ms
[2021-04-30T09:45:40.128+0300][75,988s][info][gc] GC(975) Pause Full (Allocation Failure) 123M->99M(123M) 43,600ms
[2021-04-30T09:45:40.227+0300][76,087s][info][gc] GC(976) Pause Full (Allocation Failure) 123M->99M(123M) 44,692ms
[2021-04-30T09:45:40.344+0300][76,204s][info][gc] GC(977) Pause Full (Allocation Failure) 123M->100M(123M) 48,737ms
[2021-04-30T09:45:40.455+0300][76,315s][info][gc] GC(978) Pause Full (Allocation Failure) 123M->100M(123M) 45,948ms
[2021-04-30T09:45:40.555+0300][76,415s][info][gc] GC(979) Pause Full (Allocation Failure) 123M->100M(123M) 47,003ms
[2021-04-30T09:45:40.651+0300][76,511s][info][gc] GC(980) Pause Full (Allocation Failure) 123M->101M(123M) 43,788ms
[2021-04-30T09:45:40.745+0300][76,605s][info][gc] GC(981) Pause Full (Allocation Failure) 123M->101M(123M) 43,638ms
[2021-04-30T09:45:40.843+0300][76,703s][info][gc] GC(982) Pause Full (Allocation Failure) 123M->102M(123M) 45,906ms
[2021-04-30T09:45:40.935+0300][76,795s][info][gc] GC(983) Pause Full (Allocation Failure) 123M->102M(123M) 43,346ms
[2021-04-30T09:45:41.031+0300][76,891s][info][gc] GC(984) Pause Full (Allocation Failure) 123M->102M(123M) 43,972ms
[2021-04-30T09:45:41.125+0300][76,985s][info][gc] GC(985) Pause Full (Allocation Failure) 123M->103M(123M) 45,188ms
[2021-04-30T09:45:41.220+0300][77,080s][info][gc] GC(986) Pause Full (Allocation Failure) 123M->103M(123M) 47,998ms
[2021-04-30T09:45:41.329+0300][77,189s][info][gc] GC(987) Pause Full (Allocation Failure) 123M->103M(123M) 58,048ms
[2021-04-30T09:45:41.425+0300][77,284s][info][gc] GC(988) Pause Full (Allocation Failure) 123M->104M(123M) 45,117ms
[2021-04-30T09:45:41.521+0300][77,381s][info][gc] GC(989) Pause Full (Allocation Failure) 123M->104M(123M) 47,466ms
[2021-04-30T09:45:41.613+0300][77,472s][info][gc] GC(990) Pause Full (Allocation Failure) 123M->104M(123M) 44,961ms
[2021-04-30T09:45:41.705+0300][77,564s][info][gc] GC(991) Pause Full (Allocation Failure) 123M->104M(123M) 46,384ms
[2021-04-30T09:45:41.795+0300][77,655s][info][gc] GC(992) Pause Full (Allocation Failure) 123M->105M(123M) 44,337ms
[2021-04-30T09:45:41.885+0300][77,745s][info][gc] GC(993) Pause Full (Allocation Failure) 123M->105M(123M) 45,119ms
[2021-04-30T09:45:41.978+0300][77,838s][info][gc] GC(994) Pause Full (Allocation Failure) 123M->105M(123M) 48,431ms
[2021-04-30T09:45:42.065+0300][77,925s][info][gc] GC(995) Pause Full (Allocation Failure) 123M->106M(123M) 43,754ms
[2021-04-30T09:45:42.154+0300][78,013s][info][gc] GC(996) Pause Full (Allocation Failure) 123M->106M(123M) 44,937ms
[2021-04-30T09:45:42.239+0300][78,099s][info][gc] GC(997) Pause Full (Allocation Failure) 123M->106M(123M) 43,830ms
[2021-04-30T09:45:42.336+0300][78,196s][info][gc] GC(998) Pause Full (Allocation Failure) 123M->107M(123M) 50,999ms
[2021-04-30T09:45:42.426+0300][78,286s][info][gc] GC(999) Pause Full (Allocation Failure) 123M->107M(123M) 47,025ms
[2021-04-30T09:45:42.513+0300][78,373s][info][gc] GC(1000) Pause Full (Allocation Failure) 123M->107M(123M) 43,826ms
[2021-04-30T09:45:42.599+0300][78,459s][info][gc] GC(1001) Pause Full (Allocation Failure) 123M->107M(123M) 46,382ms
[2021-04-30T09:45:42.684+0300][78,544s][info][gc] GC(1002) Pause Full (Allocation Failure) 123M->108M(123M) 44,872ms
[2021-04-30T09:45:42.772+0300][78,632s][info][gc] GC(1003) Pause Full (Allocation Failure) 123M->108M(123M) 45,644ms
[2021-04-30T09:45:42.860+0300][78,720s][info][gc] GC(1004) Pause Full (Allocation Failure) 123M->108M(123M) 46,748ms
[2021-04-30T09:45:42.948+0300][78,808s][info][gc] GC(1005) Pause Full (Allocation Failure) 123M->108M(123M) 46,656ms
[2021-04-30T09:45:43.033+0300][78,893s][info][gc] GC(1006) Pause Full (Allocation Failure) 123M->109M(123M) 44,625ms
[2021-04-30T09:45:43.121+0300][78,981s][info][gc] GC(1007) Pause Full (Allocation Failure) 123M->109M(123M) 46,828ms
[2021-04-30T09:45:43.209+0300][79,069s][info][gc] GC(1008) Pause Full (Allocation Failure) 123M->109M(123M) 48,046ms
[2021-04-30T09:45:43.309+0300][79,169s][info][gc] GC(1009) Pause Full (Allocation Failure) 123M->109M(123M) 58,216ms
[2021-04-30T09:45:43.398+0300][79,258s][info][gc] GC(1010) Pause Full (Allocation Failure) 123M->109M(123M) 48,050ms
[2021-04-30T09:45:43.488+0300][79,348s][info][gc] GC(1011) Pause Full (Allocation Failure) 123M->110M(123M) 46,880ms
[2021-04-30T09:45:43.571+0300][79,431s][info][gc] GC(1012) Pause Full (Allocation Failure) 123M->110M(123M) 45,857ms
[2021-04-30T09:45:43.659+0300][79,519s][info][gc] GC(1013) Pause Full (Allocation Failure) 123M->110M(123M) 44,960ms
[2021-04-30T09:45:43.742+0300][79,602s][info][gc] GC(1014) Pause Full (Allocation Failure) 123M->110M(123M) 46,231ms
[2021-04-30T09:45:43.829+0300][79,689s][info][gc] GC(1015) Pause Full (Allocation Failure) 123M->111M(123M) 46,612ms
[2021-04-30T09:45:43.910+0300][79,770s][info][gc] GC(1016) Pause Full (Allocation Failure) 123M->111M(123M) 45,974ms
[2021-04-30T09:45:43.994+0300][79,854s][info][gc] GC(1017) Pause Full (Allocation Failure) 123M->111M(123M) 46,074ms
[2021-04-30T09:45:44.079+0300][79,939s][info][gc] GC(1018) Pause Full (Allocation Failure) 123M->111M(123M) 46,745ms
[2021-04-30T09:45:44.165+0300][80,025s][info][gc] GC(1019) Pause Full (Allocation Failure) 123M->111M(123M) 46,114ms
[2021-04-30T09:45:44.246+0300][80,106s][info][gc] GC(1020) Pause Full (Allocation Failure) 123M->112M(123M) 45,621ms
[2021-04-30T09:45:44.333+0300][80,193s][info][gc] GC(1021) Pause Full (Allocation Failure) 123M->112M(123M) 49,046ms
[2021-04-30T09:45:44.422+0300][80,282s][info][gc] GC(1022) Pause Full (Allocation Failure) 123M->112M(123M) 51,250ms
[2021-04-30T09:45:44.504+0300][80,364s][info][gc] GC(1023) Pause Full (Allocation Failure) 123M->112M(123M) 46,386ms
[2021-04-30T09:45:44.586+0300][80,446s][info][gc] GC(1024) Pause Full (Allocation Failure) 123M->112M(123M) 47,467ms
[2021-04-30T09:45:44.669+0300][80,529s][info][gc] GC(1025) Pause Full (Allocation Failure) 123M->112M(123M) 47,625ms
[2021-04-30T09:45:44.749+0300][80,609s][info][gc] GC(1026) Pause Full (Allocation Failure) 123M->113M(123M) 45,136ms
[2021-04-30T09:45:44.829+0300][80,689s][info][gc] GC(1027) Pause Full (Allocation Failure) 123M->113M(123M) 45,395ms
[2021-04-30T09:45:44.910+0300][80,770s][info][gc] GC(1028) Pause Full (Allocation Failure) 123M->113M(123M) 47,171ms
[2021-04-30T09:45:44.994+0300][80,854s][info][gc] GC(1029) Pause Full (Allocation Failure) 123M->113M(123M) 48,012ms
[2021-04-30T09:45:45.077+0300][80,937s][info][gc] GC(1030) Pause Full (Allocation Failure) 123M->113M(123M) 48,950ms
[2021-04-30T09:45:45.156+0300][81,016s][info][gc] GC(1031) Pause Full (Allocation Failure) 123M->113M(123M) 46,322ms
[2021-04-30T09:45:45.235+0300][81,095s][info][gc] GC(1032) Pause Full (Allocation Failure) 123M->114M(123M) 46,616ms
[2021-04-30T09:45:45.332+0300][81,192s][info][gc] GC(1033) Pause Full (Allocation Failure) 123M->114M(123M) 60,472ms
[2021-04-30T09:45:45.412+0300][81,272s][info][gc] GC(1034) Pause Full (Allocation Failure) 123M->114M(123M) 47,526ms
[2021-04-30T09:45:45.492+0300][81,352s][info][gc] GC(1035) Pause Full (Allocation Failure) 123M->114M(123M) 45,353ms
[2021-04-30T09:45:45.569+0300][81,429s][info][gc] GC(1036) Pause Full (Allocation Failure) 123M->114M(123M) 46,454ms
[2021-04-30T09:45:45.646+0300][81,505s][info][gc] GC(1037) Pause Full (Allocation Failure) 123M->114M(123M) 45,225ms
[2021-04-30T09:45:45.724+0300][81,584s][info][gc] GC(1038) Pause Full (Allocation Failure) 123M->114M(123M) 46,491ms
[2021-04-30T09:45:45.799+0300][81,659s][info][gc] GC(1039) Pause Full (Allocation Failure) 123M->115M(123M) 45,050ms
[2021-04-30T09:45:45.878+0300][81,738s][info][gc] GC(1040) Pause Full (Allocation Failure) 123M->115M(123M) 48,337ms
[2021-04-30T09:45:45.961+0300][81,820s][info][gc] GC(1041) Pause Full (Allocation Failure) 123M->115M(123M) 52,439ms
[2021-04-30T09:45:46.043+0300][81,903s][info][gc] GC(1042) Pause Full (Allocation Failure) 123M->115M(123M) 46,494ms
[2021-04-30T09:45:46.120+0300][81,980s][info][gc] GC(1043) Pause Full (Allocation Failure) 123M->115M(123M) 46,696ms
[2021-04-30T09:45:46.198+0300][82,058s][info][gc] GC(1044) Pause Full (Allocation Failure) 123M->115M(123M) 47,602ms
[2021-04-30T09:45:46.276+0300][82,136s][info][gc] GC(1045) Pause Full (Allocation Failure) 123M->115M(123M) 46,759ms
[2021-04-30T09:45:46.361+0300][82,221s][info][gc] GC(1046) Pause Full (Allocation Failure) 123M->116M(123M) 49,994ms
[2021-04-30T09:45:46.442+0300][82,302s][info][gc] GC(1047) Pause Full (Allocation Failure) 123M->116M(123M) 50,503ms
[2021-04-30T09:45:46.525+0300][82,385s][info][gc] GC(1048) Pause Full (Allocation Failure) 123M->116M(123M) 50,283ms
[2021-04-30T09:45:46.601+0300][82,461s][info][gc] GC(1049) Pause Full (Allocation Failure) 123M->116M(123M) 45,628ms
[2021-04-30T09:45:46.677+0300][82,537s][info][gc] GC(1050) Pause Full (Allocation Failure) 123M->116M(123M) 46,586ms
[2021-04-30T09:45:46.753+0300][82,613s][info][gc] GC(1051) Pause Full (Allocation Failure) 123M->116M(123M) 46,783ms
[2021-04-30T09:45:46.831+0300][82,691s][info][gc] GC(1052) Pause Full (Allocation Failure) 123M->116M(123M) 47,092ms
[2021-04-30T09:45:46.908+0300][82,767s][info][gc] GC(1053) Pause Full (Allocation Failure) 123M->116M(123M) 47,373ms
[2021-04-30T09:45:46.984+0300][82,843s][info][gc] GC(1054) Pause Full (Allocation Failure) 123M->116M(123M) 46,384ms
[2021-04-30T09:45:47.063+0300][82,923s][info][gc] GC(1055) Pause Full (Allocation Failure) 123M->117M(123M) 50,788ms
[2021-04-30T09:45:47.142+0300][83,002s][info][gc] GC(1056) Pause Full (Allocation Failure) 123M->117M(123M) 49,681ms
[2021-04-30T09:45:47.217+0300][83,077s][info][gc] GC(1057) Pause Full (Allocation Failure) 123M->117M(123M) 45,983ms
[2021-04-30T09:45:47.303+0300][83,163s][info][gc] GC(1058) Pause Full (Allocation Failure) 123M->117M(123M) 57,845ms
[2021-04-30T09:45:47.385+0300][83,245s][info][gc] GC(1059) Pause Full (Allocation Failure) 123M->117M(123M) 50,879ms
[2021-04-30T09:45:47.463+0300][83,323s][info][gc] GC(1060) Pause Full (Allocation Failure) 123M->117M(123M) 47,228ms
[2021-04-30T09:45:47.537+0300][83,397s][info][gc] GC(1061) Pause Full (Allocation Failure) 123M->117M(123M) 46,087ms
[2021-04-30T09:45:47.616+0300][83,476s][info][gc] GC(1062) Pause Full (Allocation Failure) 123M->117M(123M) 47,560ms
[2021-04-30T09:45:47.694+0300][83,554s][info][gc] GC(1063) Pause Full (Allocation Failure) 123M->117M(123M) 50,145ms
[2021-04-30T09:45:47.769+0300][83,629s][info][gc] GC(1064) Pause Full (Allocation Failure) 123M->117M(123M) 47,559ms
[2021-04-30T09:45:47.845+0300][83,704s][info][gc] GC(1065) Pause Full (Allocation Failure) 123M->118M(123M) 48,487ms
[2021-04-30T09:45:47.919+0300][83,779s][info][gc] GC(1066) Pause Full (Allocation Failure) 123M->118M(123M) 47,392ms
[2021-04-30T09:45:47.995+0300][83,855s][info][gc] GC(1067) Pause Full (Allocation Failure) 123M->118M(123M) 48,910ms
[2021-04-30T09:45:48.072+0300][83,932s][info][gc] GC(1068) Pause Full (Allocation Failure) 123M->118M(123M) 49,991ms
[2021-04-30T09:45:48.146+0300][84,005s][info][gc] GC(1069) Pause Full (Allocation Failure) 123M->118M(123M) 46,121ms
[2021-04-30T09:45:48.221+0300][84,080s][info][gc] GC(1070) Pause Full (Allocation Failure) 123M->118M(123M) 48,276ms
[2021-04-30T09:45:48.297+0300][84,157s][info][gc] GC(1071) Pause Full (Allocation Failure) 123M->118M(123M) 49,872ms
[2021-04-30T09:45:48.377+0300][84,237s][info][gc] GC(1072) Pause Full (Allocation Failure) 123M->118M(123M) 50,985ms
[2021-04-30T09:45:48.451+0300][84,311s][info][gc] GC(1073) Pause Full (Allocation Failure) 123M->118M(123M) 48,080ms
[2021-04-30T09:45:48.525+0300][84,385s][info][gc] GC(1074) Pause Full (Allocation Failure) 123M->118M(123M) 48,002ms
[2021-04-30T09:45:48.601+0300][84,461s][info][gc] GC(1075) Pause Full (Allocation Failure) 123M->118M(123M) 49,298ms
[2021-04-30T09:45:48.673+0300][84,532s][info][gc] GC(1076) Pause Full (Allocation Failure) 123M->119M(123M) 47,181ms
[2021-04-30T09:45:48.748+0300][84,608s][info][gc] GC(1077) Pause Full (Allocation Failure) 123M->119M(123M) 49,293ms
[2021-04-30T09:45:48.820+0300][84,680s][info][gc] GC(1078) Pause Full (Allocation Failure) 123M->119M(123M) 46,580ms
[2021-04-30T09:45:48.896+0300][84,756s][info][gc] GC(1079) Pause Full (Allocation Failure) 123M->119M(123M) 50,164ms
[2021-04-30T09:45:48.970+0300][84,829s][info][gc] GC(1080) Pause Full (Allocation Failure) 123M->119M(123M) 48,985ms
[2021-04-30T09:45:49.044+0300][84,904s][info][gc] GC(1081) Pause Full (Allocation Failure) 123M->119M(123M) 48,142ms
[2021-04-30T09:45:49.117+0300][84,977s][info][gc] GC(1082) Pause Full (Allocation Failure) 123M->119M(123M) 48,169ms
[2021-04-30T09:45:49.191+0300][85,051s][info][gc] GC(1083) Pause Full (Allocation Failure) 123M->119M(123M) 49,555ms
[2021-04-30T09:45:49.266+0300][85,126s][info][gc] GC(1084) Pause Full (Allocation Failure) 123M->119M(123M) 49,437ms
[2021-04-30T09:45:49.343+0300][85,203s][info][gc] GC(1085) Pause Full (Allocation Failure) 123M->119M(123M) 50,918ms
[2021-04-30T09:45:49.419+0300][85,279s][info][gc] GC(1086) Pause Full (Allocation Failure) 123M->119M(123M) 52,704ms
[2021-04-30T09:45:49.492+0300][85,352s][info][gc] GC(1087) Pause Full (Allocation Failure) 123M->119M(123M) 48,512ms
[2021-04-30T09:45:49.566+0300][85,426s][info][gc] GC(1088) Pause Full (Allocation Failure) 123M->119M(123M) 49,025ms
[2021-04-30T09:45:49.635+0300][85,495s][info][gc] GC(1089) Pause Full (Allocation Failure) 123M->119M(123M) 47,243ms
[2021-04-30T09:45:49.706+0300][85,566s][info][gc] GC(1090) Pause Full (Allocation Failure) 123M->119M(123M) 47,274ms
[2021-04-30T09:45:49.777+0300][85,637s][info][gc] GC(1091) Pause Full (Allocation Failure) 123M->120M(123M) 48,417ms
[2021-04-30T09:45:49.848+0300][85,708s][info][gc] GC(1092) Pause Full (Allocation Failure) 123M->120M(123M) 49,352ms
[2021-04-30T09:45:49.920+0300][85,780s][info][gc] GC(1093) Pause Full (Allocation Failure) 123M->120M(123M) 49,532ms
[2021-04-30T09:45:49.991+0300][85,851s][info][gc] GC(1094) Pause Full (Allocation Failure) 123M->120M(123M) 47,110ms
[2021-04-30T09:45:50.058+0300][85,918s][info][gc] GC(1095) Pause Full (Allocation Failure) 123M->120M(123M) 47,411ms
[2021-04-30T09:45:50.128+0300][85,987s][info][gc] GC(1096) Pause Full (Allocation Failure) 123M->120M(123M) 48,376ms
[2021-04-30T09:45:50.196+0300][86,056s][info][gc] GC(1097) Pause Full (Allocation Failure) 123M->120M(123M) 47,843ms
[2021-04-30T09:45:50.264+0300][86,124s][info][gc] GC(1098) Pause Full (Allocation Failure) 123M->120M(123M) 49,115ms
[2021-04-30T09:45:50.337+0300][86,196s][info][gc] GC(1099) Pause Full (Allocation Failure) 123M->120M(123M) 52,031ms
[2021-04-30T09:45:50.407+0300][86,267s][info][gc] GC(1100) Pause Full (Allocation Failure) 123M->120M(123M) 51,366ms
[2021-04-30T09:45:50.484+0300][86,343s][info][gc] GC(1101) Pause Full (Allocation Failure) 123M->120M(123M) 53,421ms
[2021-04-30T09:45:50.549+0300][86,409s][info][gc] GC(1102) Pause Full (Allocation Failure) 123M->120M(123M) 47,479ms
[2021-04-30T09:45:50.617+0300][86,477s][info][gc] GC(1103) Pause Full (Allocation Failure) 123M->120M(123M) 49,607ms
[2021-04-30T09:45:50.683+0300][86,543s][info][gc] GC(1104) Pause Full (Allocation Failure) 123M->120M(123M) 48,341ms
[2021-04-30T09:45:50.751+0300][86,611s][info][gc] GC(1105) Pause Full (Allocation Failure) 123M->120M(123M) 49,628ms
[2021-04-30T09:45:50.818+0300][86,678s][info][gc] GC(1106) Pause Full (Allocation Failure) 123M->120M(123M) 50,222ms
[2021-04-30T09:45:50.886+0300][86,746s][info][gc] GC(1107) Pause Full (Allocation Failure) 123M->120M(123M) 49,804ms
[2021-04-30T09:45:50.955+0300][86,815s][info][gc] GC(1108) Pause Full (Allocation Failure) 123M->120M(123M) 52,900ms
[2021-04-30T09:45:51.024+0300][86,884s][info][gc] GC(1109) Pause Full (Allocation Failure) 123M->120M(123M) 50,429ms
[2021-04-30T09:45:51.086+0300][86,946s][info][gc] GC(1110) Pause Full (Allocation Failure) 123M->121M(123M) 47,164ms
[2021-04-30T09:45:51.152+0300][87,012s][info][gc] GC(1111) Pause Full (Allocation Failure) 123M->121M(123M) 48,107ms
[2021-04-30T09:45:51.214+0300][87,074s][info][gc] GC(1112) Pause Full (Allocation Failure) 123M->121M(123M) 47,066ms
[2021-04-30T09:45:51.280+0300][87,140s][info][gc] GC(1113) Pause Full (Allocation Failure) 123M->121M(123M) 49,095ms
[2021-04-30T09:45:51.352+0300][87,211s][info][gc] GC(1114) Pause Full (Allocation Failure) 123M->121M(123M) 55,676ms
[2021-04-30T09:45:51.421+0300][87,280s][info][gc] GC(1115) Pause Full (Allocation Failure) 123M->121M(123M) 52,004ms
[2021-04-30T09:45:51.486+0300][87,346s][info][gc] GC(1116) Pause Full (Allocation Failure) 123M->121M(123M) 48,023ms
[2021-04-30T09:45:51.551+0300][87,411s][info][gc] GC(1117) Pause Full (Allocation Failure) 123M->121M(123M) 49,441ms
[2021-04-30T09:45:51.614+0300][87,474s][info][gc] GC(1118) Pause Full (Allocation Failure) 123M->121M(123M) 48,408ms
[2021-04-30T09:45:51.681+0300][87,541s][info][gc] GC(1119) Pause Full (Allocation Failure) 123M->121M(123M) 51,055ms
[2021-04-30T09:45:51.742+0300][87,601s][info][gc] GC(1120) Pause Full (Allocation Failure) 123M->121M(123M) 47,060ms
[2021-04-30T09:45:51.805+0300][87,665s][info][gc] GC(1121) Pause Full (Allocation Failure) 123M->121M(123M) 48,712ms
[2021-04-30T09:45:51.867+0300][87,727s][info][gc] GC(1122) Pause Full (Allocation Failure) 123M->121M(123M) 48,864ms
[2021-04-30T09:45:51.933+0300][87,793s][info][gc] GC(1123) Pause Full (Allocation Failure) 123M->121M(123M) 51,834ms
[2021-04-30T09:45:52.002+0300][87,862s][info][gc] GC(1124) Pause Full (Allocation Failure) 123M->121M(123M) 50,245ms
[2021-04-30T09:45:52.065+0300][87,925s][info][gc] GC(1125) Pause Full (Allocation Failure) 123M->121M(123M) 48,599ms
[2021-04-30T09:45:52.124+0300][87,984s][info][gc] GC(1126) Pause Full (Allocation Failure) 123M->121M(123M) 47,247ms
[2021-04-30T09:45:52.190+0300][88,050s][info][gc] GC(1127) Pause Full (Allocation Failure) 123M->121M(123M) 51,841ms
[2021-04-30T09:45:52.251+0300][88,111s][info][gc] GC(1128) Pause Full (Allocation Failure) 123M->121M(123M) 49,353ms
[2021-04-30T09:45:52.317+0300][88,177s][info][gc] GC(1129) Pause Full (Allocation Failure) 123M->121M(123M) 52,634ms
[2021-04-30T09:45:52.389+0300][88,249s][info][gc] GC(1130) Pause Full (Allocation Failure) 123M->121M(123M) 59,815ms
[2021-04-30T09:45:52.453+0300][88,313s][info][gc] GC(1131) Pause Full (Allocation Failure) 123M->121M(123M) 50,110ms
[2021-04-30T09:45:52.513+0300][88,373s][info][gc] GC(1132) Pause Full (Allocation Failure) 123M->121M(123M) 48,581ms
[2021-04-30T09:45:52.574+0300][88,434s][info][gc] GC(1133) Pause Full (Allocation Failure) 123M->121M(123M) 47,307ms
[2021-04-30T09:45:52.632+0300][88,492s][info][gc] GC(1134) Pause Full (Allocation Failure) 123M->121M(123M) 46,956ms
[2021-04-30T09:45:52.692+0300][88,552s][info][gc] GC(1135) Pause Full (Allocation Failure) 123M->121M(123M) 47,175ms
[2021-04-30T09:45:52.750+0300][88,610s][info][gc] GC(1136) Pause Full (Allocation Failure) 123M->121M(123M) 46,984ms
[2021-04-30T09:45:52.811+0300][88,671s][info][gc] GC(1137) Pause Full (Allocation Failure) 123M->121M(123M) 49,101ms
[2021-04-30T09:45:52.871+0300][88,731s][info][gc] GC(1138) Pause Full (Allocation Failure) 123M->121M(123M) 49,075ms
[2021-04-30T09:45:52.929+0300][88,789s][info][gc] GC(1139) Pause Full (Allocation Failure) 123M->122M(123M) 46,774ms
[2021-04-30T09:45:52.988+0300][88,848s][info][gc] GC(1140) Pause Full (Allocation Failure) 123M->122M(123M) 48,118ms
[2021-04-30T09:45:53.048+0300][88,908s][info][gc] GC(1141) Pause Full (Allocation Failure) 123M->122M(123M) 48,923ms
[2021-04-30T09:45:53.109+0300][88,969s][info][gc] GC(1142) Pause Full (Allocation Failure) 123M->122M(123M) 51,256ms
[2021-04-30T09:45:53.168+0300][89,028s][info][gc] GC(1143) Pause Full (Allocation Failure) 123M->122M(123M) 47,687ms
[2021-04-30T09:45:53.225+0300][89,085s][info][gc] GC(1144) Pause Full (Allocation Failure) 123M->122M(123M) 47,674ms
[2021-04-30T09:45:53.283+0300][89,143s][info][gc] GC(1145) Pause Full (Allocation Failure) 123M->122M(123M) 47,153ms
[2021-04-30T09:45:53.343+0300][89,203s][info][gc] GC(1146) Pause Full (Allocation Failure) 123M->122M(123M) 49,838ms
[2021-04-30T09:45:53.407+0300][89,267s][info][gc] GC(1147) Pause Full (Allocation Failure) 123M->122M(123M) 52,519ms
[2021-04-30T09:45:53.467+0300][89,327s][info][gc] GC(1148) Pause Full (Allocation Failure) 123M->122M(123M) 51,460ms
[2021-04-30T09:45:53.525+0300][89,385s][info][gc] GC(1149) Pause Full (Allocation Failure) 123M->122M(123M) 48,160ms
[2021-04-30T09:45:53.582+0300][89,442s][info][gc] GC(1150) Pause Full (Allocation Failure) 123M->122M(123M) 48,836ms
[2021-04-30T09:45:53.642+0300][89,502s][info][gc] GC(1151) Pause Full (Allocation Failure) 123M->122M(123M) 49,774ms
[2021-04-30T09:45:53.697+0300][89,557s][info][gc] GC(1152) Pause Full (Allocation Failure) 123M->122M(123M) 47,156ms
[2021-04-30T09:45:53.754+0300][89,614s][info][gc] GC(1153) Pause Full (Allocation Failure) 123M->122M(123M) 47,630ms
[2021-04-30T09:45:53.809+0300][89,669s][info][gc] GC(1154) Pause Full (Allocation Failure) 123M->122M(123M) 47,200ms
[2021-04-30T09:45:53.865+0300][89,725s][info][gc] GC(1155) Pause Full (Allocation Failure) 123M->122M(123M) 47,252ms
[2021-04-30T09:45:53.923+0300][89,783s][info][gc] GC(1156) Pause Full (Allocation Failure) 123M->122M(123M) 49,962ms
[2021-04-30T09:45:53.990+0300][89,849s][info][gc] GC(1157) Pause Full (Allocation Failure) 123M->122M(123M) 57,472ms
[2021-04-30T09:45:54.045+0300][89,905s][info][gc] GC(1158) Pause Full (Allocation Failure) 123M->122M(123M) 48,703ms
[2021-04-30T09:45:54.102+0300][89,961s][info][gc] GC(1159) Pause Full (Allocation Failure) 123M->122M(123M) 47,198ms
[2021-04-30T09:45:54.156+0300][90,016s][info][gc] GC(1160) Pause Full (Allocation Failure) 123M->122M(123M) 47,481ms
[2021-04-30T09:45:54.217+0300][90,076s][info][gc] GC(1161) Pause Full (Allocation Failure) 123M->122M(123M) 52,025ms
[2021-04-30T09:45:54.278+0300][90,138s][info][gc] GC(1162) Pause Full (Allocation Failure) 123M->122M(123M) 54,527ms
[2021-04-30T09:45:54.340+0300][90,200s][info][gc] GC(1163) Pause Full (Allocation Failure) 123M->122M(123M) 51,828ms
[2021-04-30T09:45:54.398+0300][90,258s][info][gc] GC(1164) Pause Full (Allocation Failure) 123M->122M(123M) 51,599ms
[2021-04-30T09:45:54.458+0300][90,318s][info][gc] GC(1165) Pause Full (Allocation Failure) 123M->122M(123M) 50,798ms
[2021-04-30T09:45:54.513+0300][90,373s][info][gc] GC(1166) Pause Full (Allocation Failure) 123M->122M(123M) 48,974ms
[2021-04-30T09:45:54.572+0300][90,432s][info][gc] GC(1167) Pause Full (Allocation Failure) 123M->122M(123M) 50,727ms
[2021-04-30T09:45:54.626+0300][90,486s][info][gc] GC(1168) Pause Full (Allocation Failure) 123M->122M(123M) 47,083ms
[2021-04-30T09:45:54.681+0300][90,541s][info][gc] GC(1169) Pause Full (Allocation Failure) 123M->122M(123M) 47,184ms
[2021-04-30T09:45:54.735+0300][90,595s][info][gc] GC(1170) Pause Full (Allocation Failure) 123M->122M(123M) 48,459ms
[2021-04-30T09:45:54.793+0300][90,653s][info][gc] GC(1171) Pause Full (Allocation Failure) 123M->122M(123M) 49,540ms
[2021-04-30T09:45:54.852+0300][90,712s][info][gc] GC(1172) Pause Full (Allocation Failure) 123M->122M(123M) 53,255ms
[2021-04-30T09:45:54.909+0300][90,769s][info][gc] GC(1173) Pause Full (Allocation Failure) 123M->122M(123M) 49,295ms
[2021-04-30T09:45:54.964+0300][90,824s][info][gc] GC(1174) Pause Full (Allocation Failure) 123M->122M(123M) 49,812ms
[2021-04-30T09:45:55.019+0300][90,879s][info][gc] GC(1175) Pause Full (Allocation Failure) 123M->122M(123M) 46,965ms
[2021-04-30T09:45:55.073+0300][90,933s][info][gc] GC(1176) Pause Full (Allocation Failure) 123M->122M(123M) 48,145ms
[2021-04-30T09:45:55.133+0300][90,993s][info][gc] GC(1177) Pause Full (Allocation Failure) 123M->122M(123M) 52,189ms
[2021-04-30T09:45:55.185+0300][91,045s][info][gc] GC(1178) Pause Full (Allocation Failure) 123M->122M(123M) 47,213ms
[2021-04-30T09:45:55.241+0300][91,101s][info][gc] GC(1179) Pause Full (Allocation Failure) 123M->122M(123M) 48,671ms
[2021-04-30T09:45:55.307+0300][91,166s][info][gc] GC(1180) Pause Full (Allocation Failure) 123M->122M(123M) 59,981ms
[2021-04-30T09:45:55.371+0300][91,231s][info][gc] GC(1181) Pause Full (Allocation Failure) 123M->122M(123M) 53,226ms
[2021-04-30T09:45:55.430+0300][91,290s][info][gc] GC(1182) Pause Full (Allocation Failure) 123M->122M(123M) 53,403ms
[2021-04-30T09:45:55.489+0300][91,348s][info][gc] GC(1183) Pause Full (Allocation Failure) 123M->122M(123M) 49,812ms
[2021-04-30T09:45:55.541+0300][91,401s][info][gc] GC(1184) Pause Full (Allocation Failure) 123M->122M(123M) 47,316ms
[2021-04-30T09:45:55.596+0300][91,456s][info][gc] GC(1185) Pause Full (Allocation Failure) 123M->122M(123M) 48,567ms
[2021-04-30T09:45:55.649+0300][91,509s][info][gc] GC(1186) Pause Full (Allocation Failure) 123M->122M(123M) 48,709ms
[2021-04-30T09:45:55.704+0300][91,564s][info][gc] GC(1187) Pause Full (Allocation Failure) 123M->122M(123M) 48,884ms
[2021-04-30T09:45:55.759+0300][91,619s][info][gc] GC(1188) Pause Full (Allocation Failure) 123M->122M(123M) 50,257ms
[2021-04-30T09:45:55.813+0300][91,672s][info][gc] GC(1189) Pause Full (Allocation Failure) 123M->122M(123M) 47,290ms
[2021-04-30T09:45:55.864+0300][91,724s][info][gc] GC(1190) Pause Full (Allocation Failure) 123M->122M(123M) 47,429ms
[2021-04-30T09:45:55.919+0300][91,779s][info][gc] GC(1191) Pause Full (Allocation Failure) 123M->122M(123M) 48,290ms
[2021-04-30T09:45:55.973+0300][91,833s][info][gc] GC(1192) Pause Full (Allocation Failure) 123M->123M(123M) 50,206ms
[2021-04-30T09:45:56.031+0300][91,891s][info][gc] GC(1193) Pause Full (Allocation Failure) 123M->123M(123M) 52,090ms
[2021-04-30T09:45:56.084+0300][91,944s][info][gc] GC(1194) Pause Full (Allocation Failure) 123M->123M(123M) 48,967ms
[2021-04-30T09:45:56.138+0300][91,998s][info][gc] GC(1195) Pause Full (Allocation Failure) 123M->123M(123M) 47,528ms
[2021-04-30T09:45:56.190+0300][92,050s][info][gc] GC(1196) Pause Full (Allocation Failure) 123M->123M(123M) 47,849ms
[2021-04-30T09:45:56.243+0300][92,103s][info][gc] GC(1197) Pause Full (Allocation Failure) 123M->123M(123M) 48,157ms
[2021-04-30T09:45:56.307+0300][92,166s][info][gc] GC(1198) Pause Full (Allocation Failure) 123M->123M(123M) 57,115ms
[2021-04-30T09:45:56.369+0300][92,229s][info][gc] GC(1199) Pause Full (Allocation Failure) 123M->123M(123M) 56,788ms
[2021-04-30T09:45:56.425+0300][92,285s][info][gc] GC(1200) Pause Full (Allocation Failure) 123M->123M(123M) 50,966ms
[2021-04-30T09:45:56.478+0300][92,338s][info][gc] GC(1201) Pause Full (Allocation Failure) 123M->123M(123M) 47,434ms
[2021-04-30T09:45:56.529+0300][92,389s][info][gc] GC(1202) Pause Full (Allocation Failure) 123M->123M(123M) 47,324ms
[2021-04-30T09:45:56.585+0300][92,445s][info][gc] GC(1203) Pause Full (Allocation Failure) 123M->123M(123M) 50,251ms
[2021-04-30T09:45:56.639+0300][92,499s][info][gc] GC(1204) Pause Full (Allocation Failure) 123M->123M(123M) 49,729ms
[2021-04-30T09:45:56.692+0300][92,552s][info][gc] GC(1205) Pause Full (Allocation Failure) 123M->123M(123M) 48,456ms
[2021-04-30T09:45:56.743+0300][92,603s][info][gc] GC(1206) Pause Full (Allocation Failure) 123M->123M(123M) 47,030ms
[2021-04-30T09:45:56.796+0300][92,656s][info][gc] GC(1207) Pause Full (Allocation Failure) 123M->123M(123M) 47,910ms
[2021-04-30T09:45:56.847+0300][92,707s][info][gc] GC(1208) Pause Full (Allocation Failure) 123M->123M(123M) 47,190ms
[2021-04-30T09:45:56.903+0300][92,763s][info][gc] GC(1209) Pause Full (Allocation Failure) 123M->123M(123M) 50,905ms
[2021-04-30T09:45:56.958+0300][92,818s][info][gc] GC(1210) Pause Full (Allocation Failure) 123M->123M(123M) 51,451ms
[2021-04-30T09:45:57.010+0300][92,870s][info][gc] GC(1211) Pause Full (Allocation Failure) 123M->123M(123M) 47,039ms
[2021-04-30T09:45:57.062+0300][92,922s][info][gc] GC(1212) Pause Full (Allocation Failure) 123M->123M(123M) 48,672ms
[2021-04-30T09:45:57.116+0300][92,976s][info][gc] GC(1213) Pause Full (Allocation Failure) 123M->123M(123M) 49,309ms
[2021-04-30T09:45:57.166+0300][93,026s][info][gc] GC(1214) Pause Full (Allocation Failure) 123M->123M(123M) 47,116ms
[2021-04-30T09:45:57.223+0300][93,083s][info][gc] GC(1215) Pause Full (Allocation Failure) 123M->123M(123M) 51,998ms
[2021-04-30T09:45:57.275+0300][93,134s][info][gc] GC(1216) Pause Full (Allocation Failure) 123M->123M(123M) 47,776ms
[2021-04-30T09:45:57.330+0300][93,190s][info][gc] GC(1217) Pause Full (Allocation Failure) 123M->123M(123M) 50,643ms
[2021-04-30T09:45:57.387+0300][93,247s][info][gc] GC(1218) Pause Full (Allocation Failure) 123M->123M(123M) 51,939ms
[2021-04-30T09:45:57.445+0300][93,304s][info][gc] GC(1219) Pause Full (Allocation Failure) 123M->123M(123M) 49,924ms
[2021-04-30T09:45:57.500+0300][93,360s][info][gc] GC(1220) Pause Full (Allocation Failure) 123M->123M(123M) 52,505ms
[2021-04-30T09:45:57.558+0300][93,418s][info][gc] GC(1221) Pause Full (Allocation Failure) 123M->123M(123M) 51,805ms
[2021-04-30T09:45:57.610+0300][93,470s][info][gc] GC(1222) Pause Full (Allocation Failure) 123M->123M(123M) 48,518ms
[2021-04-30T09:45:57.663+0300][93,523s][info][gc] GC(1223) Pause Full (Allocation Failure) 123M->123M(123M) 48,807ms
[2021-04-30T09:45:57.717+0300][93,577s][info][gc] GC(1224) Pause Full (Allocation Failure) 123M->123M(123M) 50,957ms
[2021-04-30T09:45:57.772+0300][93,632s][info][gc] GC(1225) Pause Full (Allocation Failure) 123M->123M(123M) 50,273ms
[2021-04-30T09:45:57.824+0300][93,684s][info][gc] GC(1226) Pause Full (Allocation Failure) 123M->123M(123M) 49,294ms
[2021-04-30T09:45:57.878+0300][93,738s][info][gc] GC(1227) Pause Full (Allocation Failure) 123M->123M(123M) 49,614ms
[2021-04-30T09:45:57.929+0300][93,789s][info][gc] GC(1228) Pause Full (Allocation Failure) 123M->123M(123M) 48,330ms
[2021-04-30T09:45:57.985+0300][93,845s][info][gc] GC(1229) Pause Full (Allocation Failure) 123M->123M(123M) 51,345ms
[2021-04-30T09:45:58.034+0300][93,894s][info][gc] GC(1230) Pause Full (Allocation Failure) 123M->123M(123M) 47,093ms
[2021-04-30T09:45:58.088+0300][93,948s][info][gc] GC(1231) Pause Full (Allocation Failure) 123M->123M(123M) 49,224ms
[2021-04-30T09:45:58.153+0300][94,013s][info][gc] GC(1232) Pause Full (Allocation Failure) 123M->123M(123M) 62,367ms
[2021-04-30T09:45:58.205+0300][94,064s][info][gc] GC(1233) Pause Full (Allocation Failure) 123M->123M(123M) 47,679ms
[2021-04-30T09:45:58.257+0300][94,117s][info][gc] GC(1234) Pause Full (Allocation Failure) 123M->123M(123M) 49,900ms
[2021-04-30T09:45:58.311+0300][94,171s][info][gc] GC(1235) Pause Full (Allocation Failure) 123M->123M(123M) 49,736ms
[2021-04-30T09:45:58.367+0300][94,227s][info][gc] GC(1236) Pause Full (Allocation Failure) 123M->123M(123M) 53,471ms
[2021-04-30T09:45:58.423+0300][94,283s][info][gc] GC(1237) Pause Full (Allocation Failure) 123M->123M(123M) 51,571ms
[2021-04-30T09:45:58.475+0300][94,335s][info][gc] GC(1238) Pause Full (Allocation Failure) 123M->123M(123M) 49,765ms
[2021-04-30T09:45:58.528+0300][94,388s][info][gc] GC(1239) Pause Full (Allocation Failure) 123M->123M(123M) 48,152ms
[2021-04-30T09:45:58.579+0300][94,439s][info][gc] GC(1240) Pause Full (Allocation Failure) 123M->123M(123M) 47,855ms
[2021-04-30T09:45:58.633+0300][94,493s][info][gc] GC(1241) Pause Full (Allocation Failure) 123M->123M(123M) 48,629ms
[2021-04-30T09:45:58.688+0300][94,547s][info][gc] GC(1242) Pause Full (Allocation Failure) 123M->123M(123M) 51,732ms
[2021-04-30T09:45:58.742+0300][94,602s][info][gc] GC(1243) Pause Full (Allocation Failure) 123M->123M(123M) 50,605ms
[2021-04-30T09:45:58.794+0300][94,654s][info][gc] GC(1244) Pause Full (Allocation Failure) 123M->123M(123M) 49,480ms
[2021-04-30T09:45:58.845+0300][94,704s][info][gc] GC(1245) Pause Full (Allocation Failure) 123M->123M(123M) 47,014ms
[2021-04-30T09:45:58.895+0300][94,755s][info][gc] GC(1246) Pause Full (Allocation Failure) 123M->123M(123M) 48,074ms
[2021-04-30T09:45:58.953+0300][94,812s][info][gc] GC(1247) Pause Full (Allocation Failure) 123M->123M(123M) 54,080ms
[2021-04-30T09:45:59.006+0300][94,866s][info][gc] GC(1248) Pause Full (Allocation Failure) 123M->123M(123M) 51,361ms
[2021-04-30T09:45:59.059+0300][94,919s][info][gc] GC(1249) Pause Full (Allocation Failure) 123M->123M(123M) 49,786ms
[2021-04-30T09:45:59.109+0300][94,969s][info][gc] GC(1250) Pause Full (Allocation Failure) 123M->123M(123M) 47,431ms
[2021-04-30T09:45:59.160+0300][95,020s][info][gc] GC(1251) Pause Full (Allocation Failure) 123M->123M(123M) 47,312ms
[2021-04-30T09:45:59.209+0300][95,069s][info][gc] GC(1252) Pause Full (Allocation Failure) 123M->123M(123M) 47,709ms
[2021-04-30T09:45:59.260+0300][95,120s][info][gc] GC(1253) Pause Full (Allocation Failure) 123M->123M(123M) 47,257ms
[2021-04-30T09:45:59.332+0300][95,192s][info][gc] GC(1254) Pause Full (Allocation Failure) 123M->123M(123M) 69,318ms
[2021-04-30T09:45:59.405+0300][95,264s][info][gc] GC(1255) Pause Full (Allocation Failure) 123M->123M(123M) 67,837ms
[2021-04-30T09:45:59.461+0300][95,321s][info][gc] GC(1256) Pause Full (Allocation Failure) 123M->123M(123M) 54,851ms
[2021-04-30T09:45:59.512+0300][95,372s][info][gc] GC(1257) Pause Full (Allocation Failure) 123M->123M(123M) 47,867ms
[2021-04-30T09:45:59.564+0300][95,424s][info][gc] GC(1258) Pause Full (Allocation Failure) 123M->123M(123M) 49,708ms
[2021-04-30T09:45:59.619+0300][95,479s][info][gc] GC(1259) Pause Full (Allocation Failure) 123M->123M(123M) 50,789ms
[2021-04-30T09:45:59.670+0300][95,530s][info][gc] GC(1260) Pause Full (Allocation Failure) 123M->123M(123M) 49,968ms
[2021-04-30T09:45:59.723+0300][95,583s][info][gc] GC(1261) Pause Full (Allocation Failure) 123M->123M(123M) 48,949ms
[2021-04-30T09:45:59.773+0300][95,633s][info][gc] GC(1262) Pause Full (Allocation Failure) 123M->123M(123M) 48,409ms
[2021-04-30T09:45:59.824+0300][95,684s][info][gc] GC(1263) Pause Full (Allocation Failure) 123M->123M(123M) 48,250ms
[2021-04-30T09:45:59.876+0300][95,736s][info][gc] GC(1264) Pause Full (Allocation Failure) 123M->123M(123M) 50,027ms
[2021-04-30T09:45:59.932+0300][95,792s][info][gc] GC(1265) Pause Full (Allocation Failure) 123M->123M(123M) 52,600ms
[2021-04-30T09:45:59.986+0300][95,846s][info][gc] GC(1266) Pause Full (Allocation Failure) 123M->123M(123M) 52,678ms
[2021-04-30T09:46:00.038+0300][95,898s][info][gc] GC(1267) Pause Full (Allocation Failure) 123M->123M(123M) 48,459ms
[2021-04-30T09:46:00.089+0300][95,948s][info][gc] GC(1268) Pause Full (Allocation Failure) 123M->123M(123M) 49,142ms
[2021-04-30T09:46:00.141+0300][96,001s][info][gc] GC(1269) Pause Full (Allocation Failure) 123M->123M(123M) 49,395ms
[2021-04-30T09:46:00.193+0300][96,053s][info][gc] GC(1270) Pause Full (Allocation Failure) 123M->123M(123M) 50,548ms
[2021-04-30T09:46:00.247+0300][96,106s][info][gc] GC(1271) Pause Full (Allocation Failure) 123M->123M(123M) 50,037ms
[2021-04-30T09:46:00.299+0300][96,159s][info][gc] GC(1272) Pause Full (Allocation Failure) 123M->123M(123M) 51,437ms
[2021-04-30T09:46:00.355+0300][96,215s][info][gc] GC(1273) Pause Full (Allocation Failure) 123M->123M(123M) 52,031ms
[2021-04-30T09:46:00.408+0300][96,268s][info][gc] GC(1274) Pause Full (Allocation Failure) 123M->123M(123M) 51,775ms
[2021-04-30T09:46:00.460+0300][96,320s][info][gc] GC(1275) Pause Full (Allocation Failure) 123M->123M(123M) 48,968ms
[2021-04-30T09:46:00.515+0300][96,375s][info][gc] GC(1276) Pause Full (Allocation Failure) 123M->123M(123M) 53,479ms
[2021-04-30T09:46:00.571+0300][96,430s][info][gc] GC(1277) Pause Full (Allocation Failure) 123M->123M(123M) 51,621ms
[2021-04-30T09:46:00.621+0300][96,481s][info][gc] GC(1278) Pause Full (Allocation Failure) 123M->123M(123M) 48,869ms
[2021-04-30T09:46:00.674+0300][96,534s][info][gc] GC(1279) Pause Full (Allocation Failure) 123M->123M(123M) 50,153ms
[2021-04-30T09:46:00.723+0300][96,583s][info][gc] GC(1280) Pause Full (Allocation Failure) 123M->123M(123M) 47,447ms
[2021-04-30T09:46:00.776+0300][96,635s][info][gc] GC(1281) Pause Full (Allocation Failure) 123M->123M(123M) 49,460ms
[2021-04-30T09:46:00.829+0300][96,689s][info][gc] GC(1282) Pause Full (Allocation Failure) 123M->123M(123M) 52,110ms
[2021-04-30T09:46:00.883+0300][96,742s][info][gc] GC(1283) Pause Full (Allocation Failure) 123M->123M(123M) 50,606ms
[2021-04-30T09:46:00.934+0300][96,793s][info][gc] GC(1284) Pause Full (Allocation Failure) 123M->123M(123M) 49,795ms
[2021-04-30T09:46:00.988+0300][96,848s][info][gc] GC(1285) Pause Full (Allocation Failure) 123M->123M(123M) 50,814ms
[2021-04-30T09:46:01.047+0300][96,907s][info][gc] GC(1286) Pause Full (Allocation Failure) 123M->123M(123M) 58,313ms
[2021-04-30T09:46:01.100+0300][96,960s][info][gc] GC(1287) Pause Full (Allocation Failure) 123M->123M(123M) 50,028ms
[2021-04-30T09:46:01.153+0300][97,013s][info][gc] GC(1288) Pause Full (Allocation Failure) 123M->123M(123M) 50,961ms
[2021-04-30T09:46:01.205+0300][97,065s][info][gc] GC(1289) Pause Full (Allocation Failure) 123M->123M(123M) 48,235ms
[2021-04-30T09:46:01.254+0300][97,114s][info][gc] GC(1290) Pause Full (Allocation Failure) 123M->123M(123M) 48,152ms
[2021-04-30T09:46:01.309+0300][97,168s][info][gc] GC(1291) Pause Full (Allocation Failure) 123M->123M(123M) 51,265ms
[2021-04-30T09:46:01.361+0300][97,221s][info][gc] GC(1292) Pause Full (Allocation Failure) 123M->123M(123M) 51,142ms
[2021-04-30T09:46:01.416+0300][97,276s][info][gc] GC(1293) Pause Full (Allocation Failure) 123M->123M(123M) 51,918ms
[2021-04-30T09:46:01.468+0300][97,328s][info][gc] GC(1294) Pause Full (Allocation Failure) 123M->123M(123M) 50,497ms
[2021-04-30T09:46:01.518+0300][97,378s][info][gc] GC(1295) Pause Full (Allocation Failure) 123M->123M(123M) 47,523ms
[2021-04-30T09:46:01.571+0300][97,431s][info][gc] GC(1296) Pause Full (Allocation Failure) 123M->123M(123M) 51,541ms
[2021-04-30T09:46:01.624+0300][97,484s][info][gc] GC(1297) Pause Full (Allocation Failure) 123M->123M(123M) 49,817ms
[2021-04-30T09:46:01.676+0300][97,536s][info][gc] GC(1298) Pause Full (Allocation Failure) 123M->123M(123M) 51,315ms
[2021-04-30T09:46:01.732+0300][97,592s][info][gc] GC(1299) Pause Full (Allocation Failure) 123M->123M(123M) 52,374ms
[2021-04-30T09:46:01.783+0300][97,643s][info][gc] GC(1300) Pause Full (Allocation Failure) 123M->123M(123M) 50,208ms
[2021-04-30T09:46:01.835+0300][97,695s][info][gc] GC(1301) Pause Full (Allocation Failure) 123M->123M(123M) 49,198ms
[2021-04-30T09:46:01.884+0300][97,744s][info][gc] GC(1302) Pause Full (Allocation Failure) 123M->123M(123M) 47,444ms
[2021-04-30T09:46:01.935+0300][97,795s][info][gc] GC(1303) Pause Full (Allocation Failure) 123M->123M(123M) 48,018ms
[2021-04-30T09:46:01.988+0300][97,847s][info][gc] GC(1304) Pause Full (Allocation Failure) 123M->123M(123M) 50,696ms
[2021-04-30T09:46:02.042+0300][97,902s][info][gc] GC(1305) Pause Full (Allocation Failure) 123M->123M(123M) 51,647ms
[2021-04-30T09:46:02.094+0300][97,954s][info][gc] GC(1306) Pause Full (Allocation Failure) 123M->123M(123M) 50,525ms
[2021-04-30T09:46:02.145+0300][98,005s][info][gc] GC(1307) Pause Full (Allocation Failure) 123M->123M(123M) 48,670ms
[2021-04-30T09:46:02.194+0300][98,054s][info][gc] GC(1308) Pause Full (Allocation Failure) 123M->123M(123M) 47,484ms
[2021-04-30T09:46:02.246+0300][98,106s][info][gc] GC(1309) Pause Full (Allocation Failure) 123M->123M(123M) 49,551ms
[2021-04-30T09:46:02.297+0300][98,156s][info][gc] GC(1310) Pause Full (Allocation Failure) 123M->123M(123M) 49,223ms
[2021-04-30T09:46:02.353+0300][98,213s][info][gc] GC(1311) Pause Full (Allocation Failure) 123M->123M(123M) 53,287ms
[2021-04-30T09:46:02.408+0300][98,267s][info][gc] GC(1312) Pause Full (Allocation Failure) 123M->123M(123M) 53,114ms
[2021-04-30T09:46:02.461+0300][98,321s][info][gc] GC(1313) Pause Full (Allocation Failure) 123M->123M(123M) 50,824ms
[2021-04-30T09:46:02.512+0300][98,372s][info][gc] GC(1314) Pause Full (Allocation Failure) 123M->123M(123M) 50,079ms
[2021-04-30T09:46:02.562+0300][98,422s][info][gc] GC(1315) Pause Full (Allocation Failure) 123M->123M(123M) 47,641ms
[2021-04-30T09:46:02.619+0300][98,479s][info][gc] GC(1316) Pause Full (Allocation Failure) 123M->123M(123M) 55,223ms
[2021-04-30T09:46:02.672+0300][98,532s][info][gc] GC(1317) Pause Full (Allocation Failure) 123M->123M(123M) 50,997ms
[2021-04-30T09:46:02.723+0300][98,583s][info][gc] GC(1318) Pause Full (Allocation Failure) 123M->123M(123M) 50,455ms
[2021-04-30T09:46:02.776+0300][98,636s][info][gc] GC(1319) Pause Full (Allocation Failure) 123M->123M(123M) 50,171ms
[2021-04-30T09:46:02.827+0300][98,687s][info][gc] GC(1320) Pause Full (Allocation Failure) 123M->123M(123M) 50,019ms
[2021-04-30T09:46:02.880+0300][98,740s][info][gc] GC(1321) Pause Full (Allocation Failure) 123M->123M(123M) 50,822ms
[2021-04-30T09:46:02.931+0300][98,791s][info][gc] GC(1322) Pause Full (Allocation Failure) 123M->123M(123M) 49,569ms
[2021-04-30T09:46:02.987+0300][98,847s][info][gc] GC(1323) Pause Full (Allocation Failure) 123M->123M(123M) 53,256ms
[2021-04-30T09:46:03.038+0300][98,898s][info][gc] GC(1324) Pause Full (Allocation Failure) 123M->123M(123M) 50,306ms
[2021-04-30T09:46:03.088+0300][98,948s][info][gc] GC(1325) Pause Full (Allocation Failure) 123M->123M(123M) 47,530ms
[2021-04-30T09:46:03.140+0300][98,999s][info][gc] GC(1326) Pause Full (Allocation Failure) 123M->123M(123M) 50,201ms
[2021-04-30T09:46:03.194+0300][99,054s][info][gc] GC(1327) Pause Full (Allocation Failure) 123M->123M(123M) 52,282ms
[2021-04-30T09:46:03.246+0300][99,106s][info][gc] GC(1328) Pause Full (Allocation Failure) 123M->123M(123M) 50,672ms
[2021-04-30T09:46:03.301+0300][99,160s][info][gc] GC(1329) Pause Full (Allocation Failure) 123M->123M(123M) 52,183ms
[2021-04-30T09:46:03.356+0300][99,216s][info][gc] GC(1330) Pause Full (Allocation Failure) 123M->123M(123M) 54,308ms
[2021-04-30T09:46:03.409+0300][99,269s][info][gc] GC(1331) Pause Full (Allocation Failure) 123M->123M(123M) 50,496ms
[2021-04-30T09:46:03.462+0300][99,321s][info][gc] GC(1332) Pause Full (Allocation Failure) 123M->123M(123M) 51,456ms
[2021-04-30T09:46:03.514+0300][99,374s][info][gc] GC(1333) Pause Full (Allocation Failure) 123M->123M(123M) 49,927ms
[2021-04-30T09:46:03.566+0300][99,426s][info][gc] GC(1334) Pause Full (Allocation Failure) 123M->123M(123M) 50,745ms
[2021-04-30T09:46:03.616+0300][99,476s][info][gc] GC(1335) Pause Full (Allocation Failure) 123M->123M(123M) 47,769ms
[2021-04-30T09:46:03.666+0300][99,526s][info][gc] GC(1336) Pause Full (Allocation Failure) 123M->123M(123M) 49,063ms
[2021-04-30T09:46:03.719+0300][99,579s][info][gc] GC(1337) Pause Full (Allocation Failure) 123M->123M(123M) 50,584ms
[2021-04-30T09:46:03.770+0300][99,630s][info][gc] GC(1338) Pause Full (Allocation Failure) 123M->123M(123M) 50,355ms
[2021-04-30T09:46:03.825+0300][99,685s][info][gc] GC(1339) Pause Full (Allocation Failure) 123M->123M(123M) 52,147ms
[2021-04-30T09:46:03.876+0300][99,736s][info][gc] GC(1340) Pause Full (Allocation Failure) 123M->123M(123M) 49,712ms
[2021-04-30T09:46:03.928+0300][99,788s][info][gc] GC(1341) Pause Full (Allocation Failure) 123M->123M(123M) 49,467ms
[2021-04-30T09:46:03.983+0300][99,843s][info][gc] GC(1342) Pause Full (Allocation Failure) 123M->123M(123M) 54,190ms
[2021-04-30T09:46:04.033+0300][99,893s][info][gc] GC(1343) Pause Full (Allocation Failure) 123M->123M(123M) 47,771ms
[2021-04-30T09:46:04.084+0300][99,944s][info][gc] GC(1344) Pause Full (Allocation Failure) 123M->123M(123M) 50,194ms
[2021-04-30T09:46:04.137+0300][99,997s][info][gc] GC(1345) Pause Full (Allocation Failure) 123M->123M(123M) 49,770ms
[2021-04-30T09:46:04.188+0300][100,048s][info][gc] GC(1346) Pause Full (Allocation Failure) 123M->123M(123M) 49,718ms
[2021-04-30T09:46:04.240+0300][100,100s][info][gc] GC(1347) Pause Full (Allocation Failure) 123M->123M(123M) 49,360ms
[2021-04-30T09:46:04.289+0300][100,149s][info][gc] GC(1348) Pause Full (Allocation Failure) 123M->123M(123M) 48,408ms
[2021-04-30T09:46:04.339+0300][100,198s][info][gc] GC(1349) Pause Full (Allocation Failure) 123M->123M(123M) 47,676ms
[2021-04-30T09:46:04.392+0300][100,252s][info][gc] GC(1350) Pause Full (Allocation Failure) 123M->123M(123M) 52,907ms
[2021-04-30T09:46:04.448+0300][100,308s][info][gc] GC(1351) Pause Full (Allocation Failure) 123M->123M(123M) 55,239ms
[2021-04-30T09:46:04.505+0300][100,365s][info][gc] GC(1352) Pause Full (Allocation Failure) 123M->123M(123M) 55,932ms
[2021-04-30T09:46:04.555+0300][100,415s][info][gc] GC(1353) Pause Full (Allocation Failure) 123M->123M(123M) 48,104ms
[2021-04-30T09:46:04.604+0300][100,464s][info][gc] GC(1354) Pause Full (Allocation Failure) 123M->123M(123M) 47,486ms
[2021-04-30T09:46:04.653+0300][100,513s][info][gc] GC(1355) Pause Full (Allocation Failure) 123M->123M(123M) 48,804ms
[2021-04-30T09:46:04.707+0300][100,567s][info][gc] GC(1356) Pause Full (Allocation Failure) 123M->123M(123M) 50,820ms
[2021-04-30T09:46:04.757+0300][100,617s][info][gc] GC(1357) Pause Full (Allocation Failure) 123M->123M(123M) 49,292ms
[2021-04-30T09:46:04.807+0300][100,667s][info][gc] GC(1358) Pause Full (Allocation Failure) 123M->123M(123M) 47,377ms
[2021-04-30T09:46:04.857+0300][100,717s][info][gc] GC(1359) Pause Full (Allocation Failure) 123M->123M(123M) 49,146ms
[2021-04-30T09:46:04.910+0300][100,770s][info][gc] GC(1360) Pause Full (Allocation Failure) 123M->123M(123M) 50,837ms
[2021-04-30T09:46:04.961+0300][100,821s][info][gc] GC(1361) Pause Full (Allocation Failure) 123M->123M(123M) 50,406ms
[2021-04-30T09:46:05.015+0300][100,875s][info][gc] GC(1362) Pause Full (Allocation Failure) 123M->123M(123M) 51,392ms
[2021-04-30T09:46:05.067+0300][100,927s][info][gc] GC(1363) Pause Full (Allocation Failure) 123M->123M(123M) 50,993ms
[2021-04-30T09:46:05.117+0300][100,976s][info][gc] GC(1364) Pause Full (Allocation Failure) 123M->123M(123M) 47,709ms
[2021-04-30T09:46:05.166+0300][101,026s][info][gc] GC(1365) Pause Full (Allocation Failure) 123M->123M(123M) 48,524ms
[2021-04-30T09:46:05.215+0300][101,074s][info][gc] GC(1366) Pause Full (Allocation Failure) 123M->123M(123M) 48,163ms
[2021-04-30T09:46:05.265+0300][101,125s][info][gc] GC(1367) Pause Full (Allocation Failure) 123M->123M(123M) 48,354ms
[2021-04-30T09:46:05.316+0300][101,176s][info][gc] GC(1368) Pause Full (Allocation Failure) 123M->123M(123M) 50,331ms
[2021-04-30T09:46:05.367+0300][101,227s][info][gc] GC(1369) Pause Full (Allocation Failure) 123M->123M(123M) 49,867ms
[2021-04-30T09:46:05.419+0300][101,279s][info][gc] GC(1370) Pause Full (Allocation Failure) 123M->123M(123M) 50,784ms
[2021-04-30T09:46:05.471+0300][101,331s][info][gc] GC(1371) Pause Full (Allocation Failure) 123M->123M(123M) 50,810ms
[2021-04-30T09:46:05.532+0300][101,391s][info][gc] GC(1372) Pause Full (Allocation Failure) 123M->123M(123M) 60,239ms
[2021-04-30T09:46:05.588+0300][101,448s][info][gc] GC(1373) Pause Full (Allocation Failure) 123M->123M(123M) 55,275ms
[2021-04-30T09:46:05.641+0300][101,501s][info][gc] GC(1374) Pause Full (Allocation Failure) 123M->123M(123M) 52,972ms
[2021-04-30T09:46:05.694+0300][101,554s][info][gc] GC(1375) Pause Full (Allocation Failure) 123M->123M(123M) 49,991ms
[2021-04-30T09:46:05.743+0300][101,603s][info][gc] GC(1376) Pause Full (Allocation Failure) 123M->123M(123M) 47,581ms
[2021-04-30T09:46:05.793+0300][101,653s][info][gc] GC(1377) Pause Full (Allocation Failure) 123M->123M(123M) 47,968ms
[2021-04-30T09:46:05.844+0300][101,704s][info][gc] GC(1378) Pause Full (Allocation Failure) 123M->123M(123M) 49,949ms
[2021-04-30T09:46:05.896+0300][101,756s][info][gc] GC(1379) Pause Full (Allocation Failure) 123M->123M(123M) 50,048ms
[2021-04-30T09:46:05.952+0300][101,812s][info][gc] GC(1380) Pause Full (Allocation Failure) 123M->123M(123M) 55,391ms
[2021-04-30T09:46:06.003+0300][101,862s][info][gc] GC(1381) Pause Full (Allocation Failure) 123M->123M(123M) 47,484ms
[2021-04-30T09:46:06.051+0300][101,911s][info][gc] GC(1382) Pause Full (Allocation Failure) 123M->123M(123M) 47,492ms
[2021-04-30T09:46:06.100+0300][101,960s][info][gc] GC(1383) Pause Full (Allocation Failure) 123M->123M(123M) 48,569ms
[2021-04-30T09:46:06.149+0300][102,009s][info][gc] GC(1384) Pause Full (Allocation Failure) 123M->123M(123M) 47,133ms
[2021-04-30T09:46:06.199+0300][102,059s][info][gc] GC(1385) Pause Full (Allocation Failure) 123M->123M(123M) 49,341ms
[2021-04-30T09:46:06.250+0300][102,110s][info][gc] GC(1386) Pause Full (Allocation Failure) 123M->123M(123M) 50,748ms
[2021-04-30T09:46:06.299+0300][102,159s][info][gc] GC(1387) Pause Full (Allocation Failure) 123M->123M(123M) 47,484ms
[2021-04-30T09:46:06.348+0300][102,208s][info][gc] GC(1388) Pause Full (Allocation Failure) 123M->123M(123M) 49,028ms
[2021-04-30T09:46:06.408+0300][102,268s][info][gc] GC(1389) Pause Full (Allocation Failure) 123M->123M(123M) 59,277ms
[2021-04-30T09:46:06.462+0300][102,322s][info][gc] GC(1390) Pause Full (Allocation Failure) 123M->123M(123M) 52,643ms
[2021-04-30T09:46:06.514+0300][102,374s][info][gc] GC(1391) Pause Full (Allocation Failure) 123M->123M(123M) 51,428ms
[2021-04-30T09:46:06.564+0300][102,424s][info][gc] GC(1392) Pause Full (Allocation Failure) 123M->123M(123M) 49,844ms
[2021-04-30T09:46:06.614+0300][102,473s][info][gc] GC(1393) Pause Full (Allocation Failure) 123M->123M(123M) 48,645ms
[2021-04-30T09:46:06.662+0300][102,522s][info][gc] GC(1394) Pause Full (Allocation Failure) 123M->123M(123M) 48,248ms
[2021-04-30T09:46:06.711+0300][102,570s][info][gc] GC(1395) Pause Full (Allocation Failure) 123M->123M(123M) 47,790ms
[2021-04-30T09:46:06.760+0300][102,620s][info][gc] GC(1396) Pause Full (Allocation Failure) 123M->123M(123M) 49,272ms
[2021-04-30T09:46:06.810+0300][102,670s][info][gc] GC(1397) Pause Full (Allocation Failure) 123M->123M(123M) 49,446ms
[2021-04-30T09:46:06.860+0300][102,720s][info][gc] GC(1398) Pause Full (Allocation Failure) 123M->123M(123M) 48,777ms
[2021-04-30T09:46:06.912+0300][102,772s][info][gc] GC(1399) Pause Full (Allocation Failure) 123M->123M(123M) 51,985ms
[2021-04-30T09:46:06.966+0300][102,826s][info][gc] GC(1400) Pause Full (Allocation Failure) 123M->123M(123M) 52,891ms
[2021-04-30T09:46:07.016+0300][102,876s][info][gc] GC(1401) Pause Full (Allocation Failure) 123M->123M(123M) 49,699ms
[2021-04-30T09:46:07.065+0300][102,924s][info][gc] GC(1402) Pause Full (Allocation Failure) 123M->123M(123M) 47,644ms
[2021-04-30T09:46:07.118+0300][102,977s][info][gc] GC(1403) Pause Full (Allocation Failure) 123M->123M(123M) 52,443ms
[2021-04-30T09:46:07.170+0300][103,030s][info][gc] GC(1404) Pause Full (Allocation Failure) 123M->123M(123M) 51,637ms
[2021-04-30T09:46:07.218+0300][103,078s][info][gc] GC(1405) Pause Full (Allocation Failure) 123M->123M(123M) 47,614ms
[2021-04-30T09:46:07.269+0300][103,129s][info][gc] GC(1406) Pause Full (Allocation Failure) 123M->123M(123M) 50,357ms
[2021-04-30T09:46:07.317+0300][103,177s][info][gc] GC(1407) Pause Full (Allocation Failure) 123M->123M(123M) 47,652ms
[2021-04-30T09:46:07.366+0300][103,226s][info][gc] GC(1408) Pause Full (Allocation Failure) 123M->123M(123M) 48,377ms
[2021-04-30T09:46:07.418+0300][103,277s][info][gc] GC(1409) Pause Full (Allocation Failure) 123M->123M(123M) 50,456ms
[2021-04-30T09:46:07.480+0300][103,340s][info][gc] GC(1410) Pause Full (Allocation Failure) 123M->123M(123M) 62,107ms
[2021-04-30T09:46:07.535+0300][103,395s][info][gc] GC(1411) Pause Full (Allocation Failure) 123M->123M(123M) 54,139ms
[2021-04-30T09:46:07.588+0300][103,448s][info][gc] GC(1412) Pause Full (Allocation Failure) 123M->123M(123M) 52,846ms
[2021-04-30T09:46:07.638+0300][103,498s][info][gc] GC(1413) Pause Full (Allocation Failure) 123M->123M(123M) 49,064ms
[2021-04-30T09:46:07.690+0300][103,550s][info][gc] GC(1414) Pause Full (Allocation Failure) 123M->123M(123M) 52,312ms
[2021-04-30T09:46:07.743+0300][103,602s][info][gc] GC(1415) Pause Full (Allocation Failure) 123M->123M(123M) 51,567ms
[2021-04-30T09:46:07.792+0300][103,652s][info][gc] GC(1416) Pause Full (Allocation Failure) 123M->123M(123M) 49,358ms
[2021-04-30T09:46:07.841+0300][103,700s][info][gc] GC(1417) Pause Full (Allocation Failure) 123M->123M(123M) 47,823ms
[2021-04-30T09:46:07.889+0300][103,749s][info][gc] GC(1418) Pause Full (Allocation Failure) 123M->123M(123M) 47,534ms
[2021-04-30T09:46:07.940+0300][103,800s][info][gc] GC(1419) Pause Full (Allocation Failure) 123M->123M(123M) 50,549ms
[2021-04-30T09:46:07.989+0300][103,849s][info][gc] GC(1420) Pause Full (Allocation Failure) 123M->123M(123M) 48,438ms
[2021-04-30T09:46:08.038+0300][103,898s][info][gc] GC(1421) Pause Full (Allocation Failure) 123M->123M(123M) 48,447ms
[2021-04-30T09:46:08.090+0300][103,950s][info][gc] GC(1422) Pause Full (Allocation Failure) 123M->123M(123M) 51,361ms
[2021-04-30T09:46:08.140+0300][104,000s][info][gc] GC(1423) Pause Full (Allocation Failure) 123M->123M(123M) 49,419ms
[2021-04-30T09:46:08.190+0300][104,050s][info][gc] GC(1424) Pause Full (Allocation Failure) 123M->123M(123M) 49,903ms
[2021-04-30T09:46:08.239+0300][104,099s][info][gc] GC(1425) Pause Full (Allocation Failure) 123M->123M(123M) 47,628ms
[2021-04-30T09:46:08.288+0300][104,148s][info][gc] GC(1426) Pause Full (Allocation Failure) 123M->123M(123M) 48,378ms
[2021-04-30T09:46:08.338+0300][104,198s][info][gc] GC(1427) Pause Full (Allocation Failure) 123M->123M(123M) 49,187ms
[2021-04-30T09:46:08.388+0300][104,248s][info][gc] GC(1428) Pause Full (Allocation Failure) 123M->123M(123M) 49,662ms
[2021-04-30T09:46:08.442+0300][104,302s][info][gc] GC(1429) Pause Full (Allocation Failure) 123M->123M(123M) 53,506ms
[2021-04-30T09:46:08.494+0300][104,353s][info][gc] GC(1430) Pause Full (Allocation Failure) 123M->123M(123M) 50,192ms
[2021-04-30T09:46:08.542+0300][104,402s][info][gc] GC(1431) Pause Full (Allocation Failure) 123M->123M(123M) 47,930ms
[2021-04-30T09:46:08.593+0300][104,453s][info][gc] GC(1432) Pause Full (Allocation Failure) 123M->123M(123M) 50,632ms
[2021-04-30T09:46:08.647+0300][104,507s][info][gc] GC(1433) Pause Full (Allocation Failure) 123M->123M(123M) 53,717ms
[2021-04-30T09:46:08.710+0300][104,570s][info][gc] GC(1434) Pause Full (Allocation Failure) 123M->123M(123M) 61,689ms
[2021-04-30T09:46:08.760+0300][104,619s][info][gc] GC(1435) Pause Full (Allocation Failure) 123M->123M(123M) 49,523ms
[2021-04-30T09:46:08.811+0300][104,671s][info][gc] GC(1436) Pause Full (Allocation Failure) 123M->123M(123M) 50,938ms
[2021-04-30T09:46:08.862+0300][104,722s][info][gc] GC(1437) Pause Full (Allocation Failure) 123M->123M(123M) 50,909ms
[2021-04-30T09:46:08.914+0300][104,774s][info][gc] GC(1438) Pause Full (Allocation Failure) 123M->123M(123M) 51,714ms
[2021-04-30T09:46:08.968+0300][104,828s][info][gc] GC(1439) Pause Full (Allocation Failure) 123M->123M(123M) 52,992ms
[2021-04-30T09:46:09.020+0300][104,880s][info][gc] GC(1440) Pause Full (Allocation Failure) 123M->123M(123M) 51,736ms
[2021-04-30T09:46:09.074+0300][104,933s][info][gc] GC(1441) Pause Full (Allocation Failure) 123M->123M(123M) 52,878ms
[2021-04-30T09:46:09.127+0300][104,987s][info][gc] GC(1442) Pause Full (Allocation Failure) 123M->123M(123M) 52,854ms
[2021-04-30T09:46:09.178+0300][105,038s][info][gc] GC(1443) Pause Full (Allocation Failure) 123M->123M(123M) 49,984ms
[2021-04-30T09:46:09.228+0300][105,088s][info][gc] GC(1444) Pause Full (Allocation Failure) 123M->123M(123M) 50,299ms
[2021-04-30T09:46:09.282+0300][105,142s][info][gc] GC(1445) Pause Full (Allocation Failure) 123M->123M(123M) 52,947ms
[2021-04-30T09:46:09.330+0300][105,190s][info][gc] GC(1446) Pause Full (Allocation Failure) 123M->123M(123M) 47,768ms
[2021-04-30T09:46:09.379+0300][105,239s][info][gc] GC(1447) Pause Full (Allocation Failure) 123M->123M(123M) 48,294ms
[2021-04-30T09:46:09.432+0300][105,292s][info][gc] GC(1448) Pause Full (Allocation Failure) 123M->123M(123M) 52,081ms
[2021-04-30T09:46:09.486+0300][105,346s][info][gc] GC(1449) Pause Full (Allocation Failure) 123M->123M(123M) 53,575ms
[2021-04-30T09:46:09.540+0300][105,400s][info][gc] GC(1450) Pause Full (Allocation Failure) 123M->123M(123M) 53,382ms
[2021-04-30T09:46:09.590+0300][105,450s][info][gc] GC(1451) Pause Full (Allocation Failure) 123M->123M(123M) 49,650ms
[2021-04-30T09:46:09.640+0300][105,500s][info][gc] GC(1452) Pause Full (Allocation Failure) 123M->123M(123M) 50,049ms
[2021-04-30T09:46:09.690+0300][105,550s][info][gc] GC(1453) Pause Full (Allocation Failure) 123M->123M(123M) 49,036ms
[2021-04-30T09:46:09.740+0300][105,600s][info][gc] GC(1454) Pause Full (Allocation Failure) 123M->123M(123M) 48,988ms
[2021-04-30T09:46:09.793+0300][105,653s][info][gc] GC(1455) Pause Full (Allocation Failure) 123M->123M(123M) 53,230ms
[2021-04-30T09:46:09.849+0300][105,708s][info][gc] GC(1456) Pause Full (Allocation Failure) 123M->123M(123M) 54,515ms
[2021-04-30T09:46:09.901+0300][105,761s][info][gc] GC(1457) Pause Full (Allocation Failure) 123M->123M(123M) 51,811ms
[2021-04-30T09:46:09.951+0300][105,811s][info][gc] GC(1458) Pause Full (Allocation Failure) 123M->123M(123M) 50,072ms
[2021-04-30T09:46:10.003+0300][105,863s][info][gc] GC(1459) Pause Full (Allocation Failure) 123M->123M(123M) 51,618ms
[2021-04-30T09:46:10.053+0300][105,913s][info][gc] GC(1460) Pause Full (Allocation Failure) 123M->123M(123M) 49,844ms
[2021-04-30T09:46:10.102+0300][105,962s][info][gc] GC(1461) Pause Full (Allocation Failure) 123M->123M(123M) 48,814ms
[2021-04-30T09:46:10.153+0300][106,013s][info][gc] GC(1462) Pause Full (Allocation Failure) 123M->123M(123M) 50,434ms
[2021-04-30T09:46:10.203+0300][106,063s][info][gc] GC(1463) Pause Full (Allocation Failure) 123M->123M(123M) 49,401ms
[2021-04-30T09:46:10.253+0300][106,113s][info][gc] GC(1464) Pause Full (Allocation Failure) 123M->123M(123M) 48,980ms
[2021-04-30T09:46:10.304+0300][106,164s][info][gc] GC(1465) Pause Full (Allocation Failure) 123M->123M(123M) 51,183ms
[2021-04-30T09:46:10.353+0300][106,213s][info][gc] GC(1466) Pause Full (Allocation Failure) 123M->123M(123M) 48,214ms
[2021-04-30T09:46:10.402+0300][106,262s][info][gc] GC(1467) Pause Full (Allocation Failure) 123M->123M(123M) 48,372ms
[2021-04-30T09:46:10.452+0300][106,312s][info][gc] GC(1468) Pause Full (Allocation Failure) 123M->123M(123M) 49,875ms
[2021-04-30T09:46:10.501+0300][106,361s][info][gc] GC(1469) Pause Full (Allocation Failure) 123M->123M(123M) 48,967ms
[2021-04-30T09:46:10.555+0300][106,415s][info][gc] GC(1470) Pause Full (Allocation Failure) 123M->123M(123M) 53,302ms
[2021-04-30T09:46:10.610+0300][106,470s][info][gc] GC(1471) Pause Full (Allocation Failure) 123M->123M(123M) 53,902ms
[2021-04-30T09:46:10.662+0300][106,522s][info][gc] GC(1472) Pause Full (Allocation Failure) 123M->123M(123M) 51,546ms
[2021-04-30T09:46:10.713+0300][106,573s][info][gc] GC(1473) Pause Full (Allocation Failure) 123M->123M(123M) 50,613ms
[2021-04-30T09:46:10.761+0300][106,621s][info][gc] GC(1474) Pause Full (Allocation Failure) 123M->123M(123M) 48,076ms
[2021-04-30T09:46:10.810+0300][106,670s][info][gc] GC(1475) Pause Full (Allocation Failure) 123M->123M(123M) 48,978ms
[2021-04-30T09:46:10.861+0300][106,721s][info][gc] GC(1476) Pause Full (Allocation Failure) 123M->123M(123M) 49,952ms
[2021-04-30T09:46:10.914+0300][106,774s][info][gc] GC(1477) Pause Full (Allocation Failure) 123M->123M(123M) 52,485ms
[2021-04-30T09:46:10.967+0300][106,827s][info][gc] GC(1478) Pause Full (Allocation Failure) 123M->123M(123M) 52,745ms
[2021-04-30T09:46:11.028+0300][106,888s][info][gc] GC(1479) Pause Full (Allocation Failure) 123M->123M(123M) 60,669ms
[2021-04-30T09:46:11.083+0300][106,943s][info][gc] GC(1480) Pause Full (Allocation Failure) 123M->123M(123M) 54,576ms
[2021-04-30T09:46:11.132+0300][106,992s][info][gc] GC(1481) Pause Full (Allocation Failure) 123M->123M(123M) 48,898ms
[2021-04-30T09:46:11.180+0300][107,040s][info][gc] GC(1482) Pause Full (Allocation Failure) 123M->123M(123M) 48,185ms
[2021-04-30T09:46:11.231+0300][107,091s][info][gc] GC(1483) Pause Full (Allocation Failure) 123M->123M(123M) 50,394ms
[2021-04-30T09:46:11.280+0300][107,140s][info][gc] GC(1484) Pause Full (Allocation Failure) 123M->123M(123M) 48,552ms
[2021-04-30T09:46:11.328+0300][107,188s][info][gc] GC(1485) Pause Full (Allocation Failure) 123M->123M(123M) 48,029ms
[2021-04-30T09:46:11.386+0300][107,246s][info][gc] GC(1486) Pause Full (Allocation Failure) 123M->123M(123M) 57,526ms
[2021-04-30T09:46:11.439+0300][107,299s][info][gc] GC(1487) Pause Full (Allocation Failure) 123M->123M(123M) 52,718ms
[2021-04-30T09:46:11.489+0300][107,349s][info][gc] GC(1488) Pause Full (Allocation Failure) 123M->123M(123M) 49,261ms
[2021-04-30T09:46:11.538+0300][107,398s][info][gc] GC(1489) Pause Full (Allocation Failure) 123M->123M(123M) 48,523ms
[2021-04-30T09:46:11.589+0300][107,449s][info][gc] GC(1490) Pause Full (Allocation Failure) 123M->123M(123M) 50,302ms
[2021-04-30T09:46:11.638+0300][107,498s][info][gc] GC(1491) Pause Full (Allocation Failure) 123M->123M(123M) 49,057ms
[2021-04-30T09:46:11.686+0300][107,546s][info][gc] GC(1492) Pause Full (Allocation Failure) 123M->123M(123M) 47,724ms
[2021-04-30T09:46:11.734+0300][107,594s][info][gc] GC(1493) Pause Full (Allocation Failure) 123M->123M(123M) 47,883ms
[2021-04-30T09:46:11.784+0300][107,644s][info][gc] GC(1494) Pause Full (Allocation Failure) 123M->123M(123M) 49,124ms
[2021-04-30T09:46:11.832+0300][107,692s][info][gc] GC(1495) Pause Full (Allocation Failure) 123M->123M(123M) 47,782ms
[2021-04-30T09:46:11.883+0300][107,743s][info][gc] GC(1496) Pause Full (Allocation Failure) 123M->123M(123M) 50,448ms
[2021-04-30T09:46:11.932+0300][107,791s][info][gc] GC(1497) Pause Full (Allocation Failure) 123M->123M(123M) 48,482ms
[2021-04-30T09:46:11.982+0300][107,841s][info][gc] GC(1498) Pause Full (Allocation Failure) 123M->123M(123M) 49,707ms
[2021-04-30T09:46:12.032+0300][107,891s][info][gc] GC(1499) Pause Full (Allocation Failure) 123M->123M(123M) 49,676ms
[2021-04-30T09:46:12.083+0300][107,943s][info][gc] GC(1500) Pause Full (Allocation Failure) 123M->123M(123M) 51,547ms
[2021-04-30T09:46:12.132+0300][107,992s][info][gc] GC(1501) Pause Full (Allocation Failure) 123M->123M(123M) 48,754ms
[2021-04-30T09:46:12.182+0300][108,042s][info][gc] GC(1502) Pause Full (Allocation Failure) 123M->123M(123M) 49,166ms
[2021-04-30T09:46:12.230+0300][108,089s][info][gc] GC(1503) Pause Full (Allocation Failure) 123M->123M(123M) 47,685ms
[2021-04-30T09:46:12.279+0300][108,138s][info][gc] GC(1504) Pause Full (Allocation Failure) 123M->123M(123M) 48,850ms
[2021-04-30T09:46:12.328+0300][108,188s][info][gc] GC(1505) Pause Full (Allocation Failure) 123M->123M(123M) 49,078ms
[2021-04-30T09:46:12.400+0300][108,260s][info][gc] GC(1506) Pause Full (Allocation Failure) 123M->123M(123M) 72,015ms
[2021-04-30T09:46:12.449+0300][108,309s][info][gc] GC(1507) Pause Full (Allocation Failure) 123M->123M(123M) 48,629ms
[2021-04-30T09:46:12.499+0300][108,358s][info][gc] GC(1508) Pause Full (Allocation Failure) 123M->123M(123M) 48,597ms
[2021-04-30T09:46:12.548+0300][108,408s][info][gc] GC(1509) Pause Full (Allocation Failure) 123M->123M(123M) 48,963ms
[2021-04-30T09:46:12.616+0300][108,476s][info][gc] GC(1510) Pause Full (Allocation Failure) 123M->123M(123M) 67,666ms
[2021-04-30T09:46:12.667+0300][108,527s][info][gc] GC(1511) Pause Full (Allocation Failure) 123M->123M(123M) 50,514ms
[2021-04-30T09:46:12.716+0300][108,576s][info][gc] GC(1512) Pause Full (Allocation Failure) 123M->123M(123M) 48,901ms
[2021-04-30T09:46:12.764+0300][108,624s][info][gc] GC(1513) Pause Full (Allocation Failure) 123M->123M(123M) 48,055ms
[2021-04-30T09:46:12.823+0300][108,683s][info][gc] GC(1514) Pause Full (Allocation Failure) 123M->123M(123M) 58,052ms
[2021-04-30T09:46:12.871+0300][108,731s][info][gc] GC(1515) Pause Full (Allocation Failure) 123M->123M(123M) 48,057ms
[2021-04-30T09:46:12.920+0300][108,780s][info][gc] GC(1516) Pause Full (Allocation Failure) 123M->123M(123M) 48,542ms
[2021-04-30T09:46:12.972+0300][108,832s][info][gc] GC(1517) Pause Full (Allocation Failure) 123M->123M(123M) 51,969ms
[2021-04-30T09:46:13.030+0300][108,889s][info][gc] GC(1518) Pause Full (Allocation Failure) 123M->123M(123M) 57,037ms
[2021-04-30T09:46:13.079+0300][108,939s][info][gc] GC(1519) Pause Full (Allocation Failure) 123M->123M(123M) 49,641ms
[2021-04-30T09:46:13.128+0300][108,988s][info][gc] GC(1520) Pause Full (Allocation Failure) 123M->123M(123M) 48,348ms
[2021-04-30T09:46:13.181+0300][109,040s][info][gc] GC(1521) Pause Full (Allocation Failure) 123M->123M(123M) 51,992ms
[2021-04-30T09:46:13.236+0300][109,096s][info][gc] GC(1522) Pause Full (Allocation Failure) 123M->123M(123M) 54,903ms
[2021-04-30T09:46:13.287+0300][109,147s][info][gc] GC(1523) Pause Full (Allocation Failure) 123M->123M(123M) 50,852ms
[2021-04-30T09:46:13.339+0300][109,199s][info][gc] GC(1524) Pause Full (Allocation Failure) 123M->123M(123M) 51,281ms
[2021-04-30T09:46:13.388+0300][109,248s][info][gc] GC(1525) Pause Full (Allocation Failure) 123M->123M(123M) 48,916ms
[2021-04-30T09:46:13.448+0300][109,307s][info][gc] GC(1526) Pause Full (Allocation Failure) 123M->123M(123M) 59,675ms
[2021-04-30T09:46:13.498+0300][109,358s][info][gc] GC(1527) Pause Full (Allocation Failure) 123M->123M(123M) 49,790ms
[2021-04-30T09:46:13.547+0300][109,406s][info][gc] GC(1528) Pause Full (Allocation Failure) 123M->123M(123M) 48,719ms
[2021-04-30T09:46:13.600+0300][109,460s][info][gc] GC(1529) Pause Full (Allocation Failure) 123M->123M(123M) 52,998ms
[2021-04-30T09:46:13.658+0300][109,518s][info][gc] GC(1530) Pause Full (Allocation Failure) 123M->123M(123M) 57,720ms
[2021-04-30T09:46:13.707+0300][109,567s][info][gc] GC(1531) Pause Full (Allocation Failure) 123M->123M(123M) 48,541ms
[2021-04-30T09:46:13.758+0300][109,618s][info][gc] GC(1532) Pause Full (Allocation Failure) 123M->123M(123M) 50,393ms
[2021-04-30T09:46:13.807+0300][109,667s][info][gc] GC(1533) Pause Full (Allocation Failure) 123M->123M(123M) 48,434ms
[2021-04-30T09:46:13.875+0300][109,735s][info][gc] GC(1534) Pause Full (Allocation Failure) 123M->123M(123M) 67,773ms
[2021-04-30T09:46:13.924+0300][109,784s][info][gc] GC(1535) Pause Full (Allocation Failure) 123M->123M(123M) 48,514ms
[2021-04-30T09:46:13.977+0300][109,837s][info][gc] GC(1536) Pause Full (Allocation Failure) 123M->123M(123M) 53,464ms
[2021-04-30T09:46:14.026+0300][109,886s][info][gc] GC(1537) Pause Full (Allocation Failure) 123M->123M(123M) 48,361ms
[2021-04-30T09:46:14.084+0300][109,944s][info][gc] GC(1538) Pause Full (Allocation Failure) 123M->123M(123M) 57,031ms
[2021-04-30T09:46:14.133+0300][109,993s][info][gc] GC(1539) Pause Full (Allocation Failure) 123M->123M(123M) 49,362ms
[2021-04-30T09:46:14.182+0300][110,042s][info][gc] GC(1540) Pause Full (Allocation Failure) 123M->123M(123M) 48,226ms
[2021-04-30T09:46:14.231+0300][110,091s][info][gc] GC(1541) Pause Full (Allocation Failure) 123M->123M(123M) 48,427ms
[2021-04-30T09:46:14.284+0300][110,144s][info][gc] GC(1542) Pause Full (Allocation Failure) 123M->123M(123M) 52,566ms
[2021-04-30T09:46:14.332+0300][110,192s][info][gc] GC(1543) Pause Full (Allocation Failure) 123M->123M(123M) 48,420ms
[2021-04-30T09:46:14.384+0300][110,244s][info][gc] GC(1544) Pause Full (Allocation Failure) 123M->123M(123M) 51,177ms
[2021-04-30T09:46:14.437+0300][110,297s][info][gc] GC(1545) Pause Full (Allocation Failure) 123M->123M(123M) 52,842ms
[2021-04-30T09:46:14.498+0300][110,358s][info][gc] GC(1546) Pause Full (Allocation Failure) 123M->123M(123M) 61,015ms
[2021-04-30T09:46:14.548+0300][110,408s][info][gc] GC(1547) Pause Full (Allocation Failure) 123M->123M(123M) 49,424ms
[2021-04-30T09:46:14.597+0300][110,457s][info][gc] GC(1548) Pause Full (Allocation Failure) 123M->123M(123M) 48,799ms
[2021-04-30T09:46:14.646+0300][110,506s][info][gc] GC(1549) Pause Full (Allocation Failure) 123M->123M(123M) 48,733ms
[2021-04-30T09:46:14.710+0300][110,570s][info][gc] GC(1550) Pause Full (Allocation Failure) 123M->123M(123M) 63,370ms
[2021-04-30T09:46:14.760+0300][110,620s][info][gc] GC(1551) Pause Full (Allocation Failure) 123M->123M(123M) 49,784ms
[2021-04-30T09:46:14.809+0300][110,669s][info][gc] GC(1552) Pause Full (Allocation Failure) 123M->123M(123M) 48,448ms
[2021-04-30T09:46:14.858+0300][110,718s][info][gc] GC(1553) Pause Full (Allocation Failure) 123M->123M(123M) 49,420ms
[2021-04-30T09:46:14.911+0300][110,771s][info][gc] GC(1554) Pause Full (Allocation Failure) 123M->123M(123M) 52,904ms
[2021-04-30T09:46:14.962+0300][110,822s][info][gc] GC(1555) Pause Full (Allocation Failure) 123M->123M(123M) 50,336ms
[2021-04-30T09:46:15.011+0300][110,871s][info][gc] GC(1556) Pause Full (Allocation Failure) 123M->123M(123M) 49,163ms
[2021-04-30T09:46:15.062+0300][110,922s][info][gc] GC(1557) Pause Full (Allocation Failure) 123M->123M(123M) 50,509ms
[2021-04-30T09:46:15.111+0300][110,971s][info][gc] GC(1558) Pause Full (Allocation Failure) 123M->123M(123M) 48,996ms
[2021-04-30T09:46:15.160+0300][111,020s][info][gc] GC(1559) Pause Full (Allocation Failure) 123M->123M(123M) 48,461ms
[2021-04-30T09:46:15.210+0300][111,070s][info][gc] GC(1560) Pause Full (Allocation Failure) 123M->123M(123M) 49,951ms
[2021-04-30T09:46:15.260+0300][111,119s][info][gc] GC(1561) Pause Full (Allocation Failure) 123M->123M(123M) 49,360ms
[2021-04-30T09:46:15.310+0300][111,170s][info][gc] GC(1562) Pause Full (Allocation Failure) 123M->123M(123M) 50,148ms
[2021-04-30T09:46:15.359+0300][111,219s][info][gc] GC(1563) Pause Full (Allocation Failure) 123M->123M(123M) 48,661ms
[2021-04-30T09:46:15.408+0300][111,268s][info][gc] GC(1564) Pause Full (Allocation Failure) 123M->123M(123M) 49,026ms
[2021-04-30T09:46:15.461+0300][111,320s][info][gc] GC(1565) Pause Full (Allocation Failure) 123M->123M(123M) 52,482ms
[2021-04-30T09:46:15.510+0300][111,370s][info][gc] GC(1566) Pause Full (Allocation Failure) 123M->123M(123M) 48,843ms
[2021-04-30T09:46:15.560+0300][111,420s][info][gc] GC(1567) Pause Full (Allocation Failure) 123M->123M(123M) 49,594ms
[2021-04-30T09:46:15.609+0300][111,469s][info][gc] GC(1568) Pause Full (Allocation Failure) 123M->123M(123M) 49,069ms
[2021-04-30T09:46:15.658+0300][111,518s][info][gc] GC(1569) Pause Full (Allocation Failure) 123M->123M(123M) 48,978ms
[2021-04-30T09:46:15.717+0300][111,577s][info][gc] GC(1570) Pause Full (Allocation Failure) 123M->123M(123M) 58,520ms
[2021-04-30T09:46:15.768+0300][111,628s][info][gc] GC(1571) Pause Full (Allocation Failure) 123M->123M(123M) 50,502ms
[2021-04-30T09:46:15.821+0300][111,681s][info][gc] GC(1572) Pause Full (Allocation Failure) 123M->123M(123M) 52,412ms
[2021-04-30T09:46:15.872+0300][111,732s][info][gc] GC(1573) Pause Full (Allocation Failure) 123M->123M(123M) 50,893ms
[2021-04-30T09:46:15.922+0300][111,781s][info][gc] GC(1574) Pause Full (Allocation Failure) 123M->123M(123M) 49,439ms
[2021-04-30T09:46:15.975+0300][111,835s][info][gc] GC(1575) Pause Full (Allocation Failure) 123M->123M(123M) 53,039ms
[2021-04-30T09:46:16.023+0300][111,883s][info][gc] GC(1576) Pause Full (Allocation Failure) 123M->123M(123M) 48,095ms
[2021-04-30T09:46:16.072+0300][111,932s][info][gc] GC(1577) Pause Full (Allocation Failure) 123M->123M(123M) 48,343ms
[2021-04-30T09:46:16.122+0300][111,982s][info][gc] GC(1578) Pause Full (Allocation Failure) 123M->123M(123M) 49,890ms
[2021-04-30T09:46:16.172+0300][112,032s][info][gc] GC(1579) Pause Full (Allocation Failure) 123M->123M(123M) 49,063ms
[2021-04-30T09:46:16.222+0300][112,082s][info][gc] GC(1580) Pause Full (Allocation Failure) 123M->123M(123M) 49,837ms
[2021-04-30T09:46:16.273+0300][112,133s][info][gc] GC(1581) Pause Full (Allocation Failure) 123M->123M(123M) 50,706ms
[2021-04-30T09:46:16.323+0300][112,182s][info][gc] GC(1582) Pause Full (Allocation Failure) 123M->123M(123M) 49,145ms
[2021-04-30T09:46:16.373+0300][112,233s][info][gc] GC(1583) Pause Full (Allocation Failure) 123M->123M(123M) 49,828ms
[2021-04-30T09:46:16.422+0300][112,282s][info][gc] GC(1584) Pause Full (Allocation Failure) 123M->123M(123M) 49,190ms
[2021-04-30T09:46:16.471+0300][112,331s][info][gc] GC(1585) Pause Full (Allocation Failure) 123M->123M(123M) 48,702ms
[2021-04-30T09:46:16.521+0300][112,381s][info][gc] GC(1586) Pause Full (Allocation Failure) 123M->123M(123M) 49,432ms
[2021-04-30T09:46:16.569+0300][112,429s][info][gc] GC(1587) Pause Full (Allocation Failure) 123M->123M(123M) 48,237ms
[2021-04-30T09:46:16.618+0300][112,478s][info][gc] GC(1588) Pause Full (Allocation Failure) 123M->123M(123M) 48,692ms
[2021-04-30T09:46:16.668+0300][112,528s][info][gc] GC(1589) Pause Full (Allocation Failure) 123M->123M(123M) 49,306ms
[2021-04-30T09:46:16.717+0300][112,576s][info][gc] GC(1590) Pause Full (Allocation Failure) 123M->123M(123M) 48,258ms
[2021-04-30T09:46:16.767+0300][112,626s][info][gc] GC(1591) Pause Full (Allocation Failure) 123M->123M(123M) 49,720ms
[2021-04-30T09:46:16.816+0300][112,676s][info][gc] GC(1592) Pause Full (Allocation Failure) 123M->123M(123M) 48,877ms
[2021-04-30T09:46:16.864+0300][112,724s][info][gc] GC(1593) Pause Full (Allocation Failure) 123M->123M(123M) 48,358ms
[2021-04-30T09:46:16.914+0300][112,773s][info][gc] GC(1594) Pause Full (Allocation Failure) 123M->123M(123M) 49,105ms
[2021-04-30T09:46:16.964+0300][112,824s][info][gc] GC(1595) Pause Full (Allocation Failure) 123M->123M(123M) 49,863ms
[2021-04-30T09:46:17.013+0300][112,873s][info][gc] GC(1596) Pause Full (Allocation Failure) 123M->123M(123M) 48,821ms
[2021-04-30T09:46:17.062+0300][112,922s][info][gc] GC(1597) Pause Full (Allocation Failure) 123M->123M(123M) 49,028ms
[2021-04-30T09:46:17.119+0300][112,979s][info][gc] GC(1598) Pause Full (Allocation Failure) 123M->123M(123M) 57,068ms
[2021-04-30T09:46:17.169+0300][113,029s][info][gc] GC(1599) Pause Full (Allocation Failure) 123M->123M(123M) 49,169ms
[2021-04-30T09:46:17.220+0300][113,080s][info][gc] GC(1600) Pause Full (Allocation Failure) 123M->123M(123M) 51,380ms
[2021-04-30T09:46:17.270+0300][113,130s][info][gc] GC(1601) Pause Full (Allocation Failure) 123M->123M(123M) 48,767ms
[2021-04-30T09:46:17.319+0300][113,179s][info][gc] GC(1602) Pause Full (Allocation Failure) 123M->123M(123M) 49,211ms
[2021-04-30T09:46:17.368+0300][113,228s][info][gc] GC(1603) Pause Full (Allocation Failure) 123M->123M(123M) 48,198ms
[2021-04-30T09:46:17.418+0300][113,278s][info][gc] GC(1604) Pause Full (Allocation Failure) 123M->123M(123M) 49,480ms
[2021-04-30T09:46:17.467+0300][113,327s][info][gc] GC(1605) Pause Full (Allocation Failure) 123M->123M(123M) 48,914ms
[2021-04-30T09:46:17.517+0300][113,377s][info][gc] GC(1606) Pause Full (Allocation Failure) 123M->123M(123M) 50,085ms
[2021-04-30T09:46:17.567+0300][113,427s][info][gc] GC(1607) Pause Full (Allocation Failure) 123M->123M(123M) 49,411ms
[2021-04-30T09:46:17.616+0300][113,476s][info][gc] GC(1608) Pause Full (Allocation Failure) 123M->123M(123M) 48,332ms
[2021-04-30T09:46:17.665+0300][113,525s][info][gc] GC(1609) Pause Full (Allocation Failure) 123M->123M(123M) 49,414ms
[2021-04-30T09:46:17.714+0300][113,574s][info][gc] GC(1610) Pause Full (Allocation Failure) 123M->123M(123M) 48,515ms
[2021-04-30T09:46:17.763+0300][113,623s][info][gc] GC(1611) Pause Full (Allocation Failure) 123M->123M(123M) 48,742ms
[2021-04-30T09:46:17.813+0300][113,673s][info][gc] GC(1612) Pause Full (Allocation Failure) 123M->123M(123M) 49,401ms
[2021-04-30T09:46:17.862+0300][113,722s][info][gc] GC(1613) Pause Full (Allocation Failure) 123M->123M(123M) 49,264ms
[2021-04-30T09:46:17.911+0300][113,771s][info][gc] GC(1614) Pause Full (Allocation Failure) 123M->123M(123M) 48,752ms
[2021-04-30T09:46:17.963+0300][113,823s][info][gc] GC(1615) Pause Full (Allocation Failure) 123M->123M(123M) 51,695ms
[2021-04-30T09:46:18.012+0300][113,872s][info][gc] GC(1616) Pause Full (Allocation Failure) 123M->123M(123M) 49,057ms
[2021-04-30T09:46:18.062+0300][113,922s][info][gc] GC(1617) Pause Full (Allocation Failure) 123M->123M(123M) 49,900ms
[2021-04-30T09:46:18.112+0300][113,971s][info][gc] GC(1618) Pause Full (Allocation Failure) 123M->123M(123M) 49,068ms
[2021-04-30T09:46:18.160+0300][114,020s][info][gc] GC(1619) Pause Full (Allocation Failure) 123M->123M(123M) 48,605ms
[2021-04-30T09:46:18.210+0300][114,070s][info][gc] GC(1620) Pause Full (Allocation Failure) 123M->123M(123M) 49,535ms
[2021-04-30T09:46:18.259+0300][114,119s][info][gc] GC(1621) Pause Full (Allocation Failure) 123M->123M(123M) 48,426ms
[2021-04-30T09:46:18.307+0300][114,167s][info][gc] GC(1622) Pause Full (Allocation Failure) 123M->123M(123M) 48,398ms
[2021-04-30T09:46:18.357+0300][114,217s][info][gc] GC(1623) Pause Full (Allocation Failure) 123M->123M(123M) 49,575ms
[2021-04-30T09:46:18.405+0300][114,265s][info][gc] GC(1624) Pause Full (Allocation Failure) 123M->123M(123M) 48,205ms
[2021-04-30T09:46:18.454+0300][114,314s][info][gc] GC(1625) Pause Full (Allocation Failure) 123M->123M(123M) 48,632ms
[2021-04-30T09:46:18.504+0300][114,363s][info][gc] GC(1626) Pause Full (Allocation Failure) 123M->123M(123M) 49,175ms
[2021-04-30T09:46:18.552+0300][114,412s][info][gc] GC(1627) Pause Full (Allocation Failure) 123M->123M(123M) 48,309ms
[2021-04-30T09:46:18.601+0300][114,461s][info][gc] GC(1628) Pause Full (Allocation Failure) 123M->123M(123M) 48,897ms
[2021-04-30T09:46:18.650+0300][114,510s][info][gc] GC(1629) Pause Full (Allocation Failure) 123M->123M(123M) 48,879ms
[2021-04-30T09:46:18.699+0300][114,559s][info][gc] GC(1630) Pause Full (Allocation Failure) 123M->123M(123M) 48,261ms
[2021-04-30T09:46:18.748+0300][114,608s][info][gc] GC(1631) Pause Full (Allocation Failure) 123M->123M(123M) 49,571ms
[2021-04-30T09:46:18.797+0300][114,657s][info][gc] GC(1632) Pause Full (Allocation Failure) 123M->123M(123M) 48,020ms
[2021-04-30T09:46:18.845+0300][114,705s][info][gc] GC(1633) Pause Full (Allocation Failure) 123M->123M(123M) 48,595ms
[2021-04-30T09:46:18.895+0300][114,754s][info][gc] GC(1634) Pause Full (Allocation Failure) 123M->123M(123M) 48,941ms
[2021-04-30T09:46:18.946+0300][114,806s][info][gc] GC(1635) Pause Full (Allocation Failure) 123M->123M(123M) 51,176ms
[2021-04-30T09:46:18.997+0300][114,856s][info][gc] GC(1636) Pause Full (Allocation Failure) 123M->123M(123M) 50,452ms
[2021-04-30T09:46:19.046+0300][114,906s][info][gc] GC(1637) Pause Full (Allocation Failure) 123M->123M(123M) 49,035ms
[2021-04-30T09:46:19.094+0300][114,954s][info][gc] GC(1638) Pause Full (Allocation Failure) 123M->123M(123M) 48,634ms
[2021-04-30T09:46:19.144+0300][115,004s][info][gc] GC(1639) Pause Full (Allocation Failure) 123M->123M(123M) 49,344ms
[2021-04-30T09:46:19.193+0300][115,053s][info][gc] GC(1640) Pause Full (Allocation Failure) 123M->123M(123M) 48,477ms
[2021-04-30T09:46:19.243+0300][115,102s][info][gc] GC(1641) Pause Full (Allocation Failure) 123M->123M(123M) 49,769ms
[2021-04-30T09:46:19.292+0300][115,152s][info][gc] GC(1642) Pause Full (Allocation Failure) 123M->123M(123M) 49,242ms
[2021-04-30T09:46:19.341+0300][115,201s][info][gc] GC(1643) Pause Full (Allocation Failure) 123M->123M(123M) 48,756ms
[2021-04-30T09:46:19.391+0300][115,251s][info][gc] GC(1644) Pause Full (Allocation Failure) 123M->123M(123M) 49,922ms
[2021-04-30T09:46:19.440+0300][115,300s][info][gc] GC(1645) Pause Full (Allocation Failure) 123M->123M(123M) 48,591ms
[2021-04-30T09:46:19.491+0300][115,351s][info][gc] GC(1646) Pause Full (Allocation Failure) 123M->123M(123M) 51,726ms
[2021-04-30T09:46:19.544+0300][115,404s][info][gc] GC(1647) Pause Full (Allocation Failure) 123M->123M(123M) 51,845ms
[2021-04-30T09:46:19.593+0300][115,453s][info][gc] GC(1648) Pause Full (Allocation Failure) 123M->123M(123M) 48,997ms
[2021-04-30T09:46:19.643+0300][115,503s][info][gc] GC(1649) Pause Full (Allocation Failure) 123M->123M(123M) 49,904ms
[2021-04-30T09:46:19.697+0300][115,557s][info][gc] GC(1650) Pause Full (Allocation Failure) 123M->123M(123M) 53,529ms
[2021-04-30T09:46:19.750+0300][115,610s][info][gc] GC(1651) Pause Full (Allocation Failure) 123M->123M(123M) 52,791ms
[2021-04-30T09:46:19.804+0300][115,664s][info][gc] GC(1652) Pause Full (Allocation Failure) 123M->123M(123M) 52,912ms
[2021-04-30T09:46:19.852+0300][115,712s][info][gc] GC(1653) Pause Full (Allocation Failure) 123M->123M(123M) 48,292ms
[2021-04-30T09:46:19.903+0300][115,763s][info][gc] GC(1654) Pause Full (Allocation Failure) 123M->123M(123M) 50,662ms
[2021-04-30T09:46:19.954+0300][115,814s][info][gc] GC(1655) Pause Full (Allocation Failure) 123M->123M(123M) 50,431ms
[2021-04-30T09:46:20.003+0300][115,863s][info][gc] GC(1656) Pause Full (Allocation Failure) 123M->123M(123M) 48,705ms
[2021-04-30T09:46:20.053+0300][115,913s][info][gc] GC(1657) Pause Full (Allocation Failure) 123M->123M(123M) 49,919ms
[2021-04-30T09:46:20.110+0300][115,970s][info][gc] GC(1658) Pause Full (Allocation Failure) 123M->123M(123M) 56,742ms
[2021-04-30T09:46:20.159+0300][116,019s][info][gc] GC(1659) Pause Full (Allocation Failure) 123M->123M(123M) 49,070ms
[2021-04-30T09:46:20.209+0300][116,068s][info][gc] GC(1660) Pause Full (Allocation Failure) 123M->123M(123M) 48,802ms
[2021-04-30T09:46:20.260+0300][116,120s][info][gc] GC(1661) Pause Full (Allocation Failure) 123M->123M(123M) 51,043ms
[2021-04-30T09:46:20.310+0300][116,170s][info][gc] GC(1662) Pause Full (Allocation Failure) 123M->123M(123M) 49,420ms
[2021-04-30T09:46:20.359+0300][116,219s][info][gc] GC(1663) Pause Full (Allocation Failure) 123M->123M(123M) 48,734ms
[2021-04-30T09:46:20.408+0300][116,268s][info][gc] GC(1664) Pause Full (Allocation Failure) 123M->123M(123M) 48,724ms
[2021-04-30T09:46:20.459+0300][116,319s][info][gc] GC(1665) Pause Full (Allocation Failure) 123M->123M(123M) 50,496ms
[2021-04-30T09:46:20.519+0300][116,379s][info][gc] GC(1666) Pause Full (Allocation Failure) 123M->123M(123M) 60,287ms
[2021-04-30T09:46:20.568+0300][116,428s][info][gc] GC(1667) Pause Full (Allocation Failure) 123M->123M(123M) 48,651ms
[2021-04-30T09:46:20.618+0300][116,477s][info][gc] GC(1668) Pause Full (Allocation Failure) 123M->123M(123M) 48,940ms
[2021-04-30T09:46:20.667+0300][116,527s][info][gc] GC(1669) Pause Full (Allocation Failure) 123M->123M(123M) 49,021ms
[2021-04-30T09:46:20.735+0300][116,595s][info][gc] GC(1670) Pause Full (Allocation Failure) 123M->123M(123M) 67,580ms
[2021-04-30T09:46:20.785+0300][116,645s][info][gc] GC(1671) Pause Full (Allocation Failure) 123M->123M(123M) 49,978ms
[2021-04-30T09:46:20.835+0300][116,695s][info][gc] GC(1672) Pause Full (Allocation Failure) 123M->123M(123M) 49,316ms
[2021-04-30T09:46:20.884+0300][116,744s][info][gc] GC(1673) Pause Full (Allocation Failure) 123M->123M(123M) 48,817ms
[2021-04-30T09:46:20.938+0300][116,798s][info][gc] GC(1674) Pause Full (Allocation Failure) 123M->123M(123M) 53,630ms
[2021-04-30T09:46:20.992+0300][116,852s][info][gc] GC(1675) Pause Full (Allocation Failure) 123M->123M(123M) 53,358ms
[2021-04-30T09:46:21.040+0300][116,900s][info][gc] GC(1676) Pause Full (Allocation Failure) 123M->123M(123M) 48,454ms
[2021-04-30T09:46:21.090+0300][116,950s][info][gc] GC(1677) Pause Full (Allocation Failure) 123M->123M(123M) 49,706ms
[2021-04-30T09:46:21.142+0300][117,002s][info][gc] GC(1678) Pause Full (Allocation Failure) 123M->123M(123M) 51,669ms
[2021-04-30T09:46:21.191+0300][117,051s][info][gc] GC(1679) Pause Full (Allocation Failure) 123M->123M(123M) 48,627ms
[2021-04-30T09:46:21.241+0300][117,101s][info][gc] GC(1680) Pause Full (Allocation Failure) 123M->123M(123M) 49,925ms
[2021-04-30T09:46:21.290+0300][117,150s][info][gc] GC(1681) Pause Full (Allocation Failure) 123M->123M(123M) 48,912ms
[2021-04-30T09:46:21.340+0300][117,200s][info][gc] GC(1682) Pause Full (Allocation Failure) 123M->123M(123M) 49,048ms
[2021-04-30T09:46:21.390+0300][117,250s][info][gc] GC(1683) Pause Full (Allocation Failure) 123M->123M(123M) 49,905ms
[2021-04-30T09:46:21.439+0300][117,299s][info][gc] GC(1684) Pause Full (Allocation Failure) 123M->123M(123M) 49,122ms
[2021-04-30T09:46:21.490+0300][117,350s][info][gc] GC(1685) Pause Full (Allocation Failure) 123M->123M(123M) 50,327ms
[2021-04-30T09:46:21.539+0300][117,399s][info][gc] GC(1686) Pause Full (Allocation Failure) 123M->123M(123M) 48,874ms
[2021-04-30T09:46:21.589+0300][117,449s][info][gc] GC(1687) Pause Full (Allocation Failure) 123M->123M(123M) 49,344ms
[2021-04-30T09:46:21.639+0300][117,499s][info][gc] GC(1688) Pause Full (Allocation Failure) 123M->123M(123M) 49,778ms
[2021-04-30T09:46:21.688+0300][117,548s][info][gc] GC(1689) Pause Full (Allocation Failure) 123M->123M(123M) 48,877ms
[2021-04-30T09:46:21.737+0300][117,597s][info][gc] GC(1690) Pause Full (Allocation Failure) 123M->123M(123M) 49,177ms
[2021-04-30T09:46:21.789+0300][117,649s][info][gc] GC(1691) Pause Full (Allocation Failure) 123M->123M(123M) 51,124ms
[2021-04-30T09:46:21.838+0300][117,698s][info][gc] GC(1692) Pause Full (Allocation Failure) 123M->123M(123M) 49,289ms
[2021-04-30T09:46:21.889+0300][117,749s][info][gc] GC(1693) Pause Full (Allocation Failure) 123M->123M(123M) 50,648ms
[2021-04-30T09:46:21.940+0300][117,800s][info][gc] GC(1694) Pause Full (Allocation Failure) 123M->123M(123M) 50,621ms
[2021-04-30T09:46:21.992+0300][117,851s][info][gc] GC(1695) Pause Full (Allocation Failure) 123M->123M(123M) 51,120ms
[2021-04-30T09:46:22.041+0300][117,901s][info][gc] GC(1696) Pause Full (Allocation Failure) 123M->123M(123M) 49,304ms
[2021-04-30T09:46:22.094+0300][117,954s][info][gc] GC(1697) Pause Full (Allocation Failure) 123M->123M(123M) 52,939ms
[2021-04-30T09:46:22.147+0300][118,007s][info][gc] GC(1698) Pause Full (Allocation Failure) 123M->123M(123M) 52,654ms
[2021-04-30T09:46:22.196+0300][118,056s][info][gc] GC(1699) Pause Full (Allocation Failure) 123M->123M(123M) 48,840ms
[2021-04-30T09:46:22.245+0300][118,104s][info][gc] GC(1700) Pause Full (Allocation Failure) 123M->123M(123M) 48,406ms
[2021-04-30T09:46:22.295+0300][118,155s][info][gc] GC(1701) Pause Full (Allocation Failure) 123M->123M(123M) 49,877ms
[2021-04-30T09:46:22.366+0300][118,226s][info][gc] GC(1702) Pause Full (Allocation Failure) 123M->123M(123M) 70,904ms
[2021-04-30T09:46:22.417+0300][118,277s][info][gc] GC(1703) Pause Full (Allocation Failure) 123M->123M(123M) 50,413ms
[2021-04-30T09:46:22.467+0300][118,327s][info][gc] GC(1704) Pause Full (Allocation Failure) 123M->123M(123M) 49,796ms
[2021-04-30T09:46:22.516+0300][118,376s][info][gc] GC(1705) Pause Full (Allocation Failure) 123M->123M(123M) 48,390ms
[2021-04-30T09:46:22.575+0300][118,435s][info][gc] GC(1706) Pause Full (Allocation Failure) 123M->123M(123M) 58,693ms
[2021-04-30T09:46:22.624+0300][118,484s][info][gc] GC(1707) Pause Full (Allocation Failure) 123M->123M(123M) 48,219ms
[2021-04-30T09:46:22.678+0300][118,538s][info][gc] GC(1708) Pause Full (Allocation Failure) 123M->123M(123M) 53,698ms
[2021-04-30T09:46:22.727+0300][118,587s][info][gc] GC(1709) Pause Full (Allocation Failure) 123M->123M(123M) 48,480ms
[2021-04-30T09:46:22.790+0300][118,650s][info][gc] GC(1710) Pause Full (Allocation Failure) 123M->123M(123M) 63,285ms
[2021-04-30T09:46:22.841+0300][118,701s][info][gc] GC(1711) Pause Full (Allocation Failure) 123M->123M(123M) 49,838ms
[2021-04-30T09:46:22.892+0300][118,751s][info][gc] GC(1712) Pause Full (Allocation Failure) 123M->123M(123M) 50,388ms
[2021-04-30T09:46:22.943+0300][118,802s][info][gc] GC(1713) Pause Full (Allocation Failure) 123M->123M(123M) 50,574ms
[2021-04-30T09:46:23.012+0300][118,872s][info][gc] GC(1714) Pause Full (Allocation Failure) 123M->123M(123M) 68,974ms
[2021-04-30T09:46:23.062+0300][118,922s][info][gc] GC(1715) Pause Full (Allocation Failure) 123M->123M(123M) 49,656ms
[2021-04-30T09:46:23.130+0300][118,989s][info][gc] GC(1716) Pause Full (Allocation Failure) 123M->123M(123M) 67,743ms
[2021-04-30T09:46:23.178+0300][119,038s][info][gc] GC(1717) Pause Full (Allocation Failure) 123M->123M(123M) 48,338ms
[2021-04-30T09:46:23.229+0300][119,088s][info][gc] GC(1718) Pause Full (Allocation Failure) 123M->123M(123M) 49,971ms
[2021-04-30T09:46:23.278+0300][119,138s][info][gc] GC(1719) Pause Full (Allocation Failure) 123M->123M(123M) 48,948ms
[2021-04-30T09:46:23.327+0300][119,187s][info][gc] GC(1720) Pause Full (Allocation Failure) 123M->123M(123M) 49,109ms
[2021-04-30T09:46:23.378+0300][119,237s][info][gc] GC(1721) Pause Full (Allocation Failure) 123M->123M(123M) 50,051ms
[2021-04-30T09:46:23.426+0300][119,286s][info][gc] GC(1722) Pause Full (Allocation Failure) 123M->123M(123M) 48,821ms
[2021-04-30T09:46:23.476+0300][119,336s][info][gc] GC(1723) Pause Full (Allocation Failure) 123M->123M(123M) 48,841ms
[2021-04-30T09:46:23.526+0300][119,385s][info][gc] GC(1724) Pause Full (Allocation Failure) 123M->123M(123M) 49,599ms
[2021-04-30T09:46:23.577+0300][119,437s][info][gc] GC(1725) Pause Full (Allocation Failure) 123M->123M(123M) 51,156ms
[2021-04-30T09:46:23.627+0300][119,487s][info][gc] GC(1726) Pause Full (Allocation Failure) 123M->123M(123M) 49,646ms
[2021-04-30T09:46:23.676+0300][119,536s][info][gc] GC(1727) Pause Full (Allocation Failure) 123M->123M(123M) 48,954ms
[2021-04-30T09:46:23.725+0300][119,585s][info][gc] GC(1728) Pause Full (Allocation Failure) 123M->123M(123M) 48,897ms
[2021-04-30T09:46:23.776+0300][119,636s][info][gc] GC(1729) Pause Full (Allocation Failure) 123M->123M(123M) 50,950ms
[2021-04-30T09:46:23.833+0300][119,693s][info][gc] GC(1730) Pause Full (Allocation Failure) 123M->123M(123M) 56,613ms
[2021-04-30T09:46:23.882+0300][119,742s][info][gc] GC(1731) Pause Full (Allocation Failure) 123M->123M(123M) 48,830ms
[2021-04-30T09:46:23.931+0300][119,791s][info][gc] GC(1732) Pause Full (Allocation Failure) 123M->123M(123M) 48,138ms
[2021-04-30T09:46:23.982+0300][119,842s][info][gc] GC(1733) Pause Full (Allocation Failure) 123M->123M(123M) 51,093ms
[2021-04-30T09:46:24.041+0300][119,901s][info][gc] GC(1734) Pause Full (Allocation Failure) 123M->123M(123M) 58,440ms
[2021-04-30T09:46:24.094+0300][119,954s][info][gc] GC(1735) Pause Full (Allocation Failure) 123M->123M(123M) 52,461ms
[2021-04-30T09:46:24.146+0300][120,006s][info][gc] GC(1736) Pause Full (Allocation Failure) 123M->123M(123M) 51,394ms
[2021-04-30T09:46:24.194+0300][120,054s][info][gc] GC(1737) Pause Full (Allocation Failure) 123M->123M(123M) 48,395ms
[2021-04-30T09:46:24.243+0300][120,103s][info][gc] GC(1738) Pause Full (Allocation Failure) 123M->123M(123M) 48,728ms
[2021-04-30T09:46:24.293+0300][120,153s][info][gc] GC(1739) Pause Full (Allocation Failure) 123M->123M(123M) 49,027ms
[2021-04-30T09:46:24.343+0300][120,202s][info][gc] GC(1740) Pause Full (Allocation Failure) 123M->123M(123M) 49,477ms
[2021-04-30T09:46:24.392+0300][120,252s][info][gc] GC(1741) Pause Full (Allocation Failure) 123M->123M(123M) 48,886ms
[2021-04-30T09:46:24.443+0300][120,303s][info][gc] GC(1742) Pause Full (Allocation Failure) 123M->123M(123M) 51,407ms
[2021-04-30T09:46:24.493+0300][120,353s][info][gc] GC(1743) Pause Full (Allocation Failure) 123M->123M(123M) 48,926ms
[2021-04-30T09:46:24.543+0300][120,402s][info][gc] GC(1744) Pause Full (Allocation Failure) 123M->123M(123M) 49,641ms
[2021-04-30T09:46:24.591+0300][120,451s][info][gc] GC(1745) Pause Full (Allocation Failure) 123M->123M(123M) 48,837ms
[2021-04-30T09:46:24.642+0300][120,502s][info][gc] GC(1746) Pause Full (Allocation Failure) 123M->123M(123M) 49,781ms
[2021-04-30T09:46:24.691+0300][120,551s][info][gc] GC(1747) Pause Full (Allocation Failure) 123M->123M(123M) 49,301ms
[2021-04-30T09:46:24.740+0300][120,600s][info][gc] GC(1748) Pause Full (Allocation Failure) 123M->123M(123M) 48,679ms
[2021-04-30T09:46:24.790+0300][120,650s][info][gc] GC(1749) Pause Full (Allocation Failure) 123M->123M(123M) 48,985ms
[2021-04-30T09:46:24.838+0300][120,698s][info][gc] GC(1750) Pause Full (Allocation Failure) 123M->123M(123M) 48,480ms
[2021-04-30T09:46:24.890+0300][120,749s][info][gc] GC(1751) Pause Full (Allocation Failure) 123M->123M(123M) 50,761ms
[2021-04-30T09:46:24.943+0300][120,803s][info][gc] GC(1752) Pause Full (Allocation Failure) 123M->123M(123M) 53,311ms
[2021-04-30T09:46:24.995+0300][120,855s][info][gc] GC(1753) Pause Full (Allocation Failure) 123M->123M(123M) 51,805ms
[2021-04-30T09:46:25.044+0300][120,904s][info][gc] GC(1754) Pause Full (Allocation Failure) 123M->123M(123M) 48,433ms
[2021-04-30T09:46:25.096+0300][120,955s][info][gc] GC(1755) Pause Full (Allocation Failure) 123M->123M(123M) 51,189ms
[2021-04-30T09:46:25.145+0300][121,005s][info][gc] GC(1756) Pause Full (Allocation Failure) 123M->123M(123M) 48,842ms
[2021-04-30T09:46:25.196+0300][121,056s][info][gc] GC(1757) Pause Full (Allocation Failure) 123M->123M(123M) 51,164ms
[2021-04-30T09:46:25.246+0300][121,106s][info][gc] GC(1758) Pause Full (Allocation Failure) 123M->123M(123M) 49,679ms
[2021-04-30T09:46:25.310+0300][121,170s][info][gc] GC(1759) Pause Full (Allocation Failure) 123M->123M(123M) 63,455ms
[2021-04-30T09:46:25.373+0300][121,233s][info][gc] GC(1760) Pause Full (Allocation Failure) 123M->123M(123M) 63,062ms
[2021-04-30T09:46:25.445+0300][121,304s][info][gc] GC(1761) Pause Full (Allocation Failure) 123M->123M(123M) 71,148ms
[2021-04-30T09:46:25.512+0300][121,372s][info][gc] GC(1762) Pause Full (Allocation Failure) 123M->123M(123M) 67,316ms
[2021-04-30T09:46:25.579+0300][121,439s][info][gc] GC(1763) Pause Full (Allocation Failure) 123M->123M(123M) 66,275ms
[2021-04-30T09:46:25.637+0300][121,497s][info][gc] GC(1764) Pause Full (Allocation Failure) 123M->123M(123M) 57,984ms
[2021-04-30T09:46:25.696+0300][121,556s][info][gc] GC(1765) Pause Full (Allocation Failure) 123M->123M(123M) 58,648ms
[2021-04-30T09:46:25.754+0300][121,614s][info][gc] GC(1766) Pause Full (Allocation Failure) 123M->123M(123M) 58,532ms
[2021-04-30T09:46:25.810+0300][121,670s][info][gc] GC(1767) Pause Full (Allocation Failure) 123M->123M(123M) 54,993ms
[2021-04-30T09:46:25.862+0300][121,722s][info][gc] GC(1768) Pause Full (Allocation Failure) 123M->123M(123M) 52,006ms
[2021-04-30T09:46:25.913+0300][121,773s][info][gc] GC(1769) Pause Full (Allocation Failure) 123M->123M(123M) 51,093ms
[2021-04-30T09:46:25.963+0300][121,823s][info][gc] GC(1770) Pause Full (Allocation Failure) 123M->123M(123M) 49,758ms
[2021-04-30T09:46:26.015+0300][121,875s][info][gc] GC(1771) Pause Full (Allocation Failure) 123M->123M(123M) 51,475ms
[2021-04-30T09:46:26.064+0300][121,924s][info][gc] GC(1772) Pause Full (Allocation Failure) 123M->123M(123M) 48,596ms
[2021-04-30T09:46:26.116+0300][121,976s][info][gc] GC(1773) Pause Full (Allocation Failure) 123M->123M(123M) 51,437ms
[2021-04-30T09:46:26.165+0300][122,024s][info][gc] GC(1774) Pause Full (Allocation Failure) 123M->123M(123M) 48,263ms
[2021-04-30T09:46:26.213+0300][122,073s][info][gc] GC(1775) Pause Full (Allocation Failure) 123M->123M(123M) 48,510ms
[2021-04-30T09:46:26.264+0300][122,124s][info][gc] GC(1776) Pause Full (Allocation Failure) 123M->123M(123M) 50,036ms
[2021-04-30T09:46:26.312+0300][122,172s][info][gc] GC(1777) Pause Full (Allocation Failure) 123M->123M(123M) 48,007ms
[2021-04-30T09:46:26.364+0300][122,224s][info][gc] GC(1778) Pause Full (Allocation Failure) 123M->123M(123M) 51,700ms
[2021-04-30T09:46:26.414+0300][122,274s][info][gc] GC(1779) Pause Full (Allocation Failure) 123M->123M(123M) 50,169ms
[2021-04-30T09:46:26.463+0300][122,323s][info][gc] GC(1780) Pause Full (Allocation Failure) 123M->123M(123M) 48,182ms
[2021-04-30T09:46:26.513+0300][122,373s][info][gc] GC(1781) Pause Full (Allocation Failure) 123M->123M(123M) 50,290ms
[2021-04-30T09:46:26.562+0300][122,422s][info][gc] GC(1782) Pause Full (Allocation Failure) 123M->123M(123M) 48,409ms
[2021-04-30T09:46:26.611+0300][122,471s][info][gc] GC(1783) Pause Full (Allocation Failure) 123M->123M(123M) 48,582ms
[2021-04-30T09:46:26.661+0300][122,521s][info][gc] GC(1784) Pause Full (Allocation Failure) 123M->123M(123M) 50,052ms
[2021-04-30T09:46:26.710+0300][122,569s][info][gc] GC(1785) Pause Full (Allocation Failure) 123M->123M(123M) 48,393ms
[2021-04-30T09:46:26.760+0300][122,620s][info][gc] GC(1786) Pause Full (Allocation Failure) 123M->123M(123M) 50,045ms
[2021-04-30T09:46:26.809+0300][122,668s][info][gc] GC(1787) Pause Full (Allocation Failure) 123M->123M(123M) 48,183ms
[2021-04-30T09:46:26.857+0300][122,717s][info][gc] GC(1788) Pause Full (Allocation Failure) 123M->123M(123M) 48,192ms
[2021-04-30T09:46:26.906+0300][122,766s][info][gc] GC(1789) Pause Full (Allocation Failure) 123M->123M(123M) 48,975ms
[2021-04-30T09:46:26.958+0300][122,818s][info][gc] GC(1790) Pause Full (Allocation Failure) 123M->123M(123M) 51,472ms
[2021-04-30T09:46:27.009+0300][122,869s][info][gc] GC(1791) Pause Full (Allocation Failure) 123M->123M(123M) 50,721ms
[2021-04-30T09:46:27.059+0300][122,919s][info][gc] GC(1792) Pause Full (Allocation Failure) 123M->123M(123M) 49,907ms
[2021-04-30T09:46:27.108+0300][122,968s][info][gc] GC(1793) Pause Full (Allocation Failure) 123M->123M(123M) 48,363ms
[2021-04-30T09:46:27.157+0300][123,017s][info][gc] GC(1794) Pause Full (Allocation Failure) 123M->123M(123M) 48,727ms
[2021-04-30T09:46:27.207+0300][123,067s][info][gc] GC(1795) Pause Full (Allocation Failure) 123M->123M(123M) 49,717ms
[2021-04-30T09:46:27.257+0300][123,117s][info][gc] GC(1796) Pause Full (Allocation Failure) 123M->123M(123M) 50,258ms
[2021-04-30T09:46:27.308+0300][123,168s][info][gc] GC(1797) Pause Full (Allocation Failure) 123M->123M(123M) 50,063ms
[2021-04-30T09:46:27.359+0300][123,219s][info][gc] GC(1798) Pause Full (Allocation Failure) 123M->123M(123M) 51,416ms
[2021-04-30T09:46:27.410+0300][123,269s][info][gc] GC(1799) Pause Full (Allocation Failure) 123M->123M(123M) 49,812ms
[2021-04-30T09:46:27.460+0300][123,320s][info][gc] GC(1800) Pause Full (Allocation Failure) 123M->123M(123M) 49,959ms
[2021-04-30T09:46:27.510+0300][123,370s][info][gc] GC(1801) Pause Full (Allocation Failure) 123M->123M(123M) 49,657ms
[2021-04-30T09:46:27.570+0300][123,430s][info][gc] GC(1802) Pause Full (Allocation Failure) 123M->123M(123M) 59,500ms
[2021-04-30T09:46:27.620+0300][123,479s][info][gc] GC(1803) Pause Full (Allocation Failure) 123M->123M(123M) 49,290ms
[2021-04-30T09:46:27.669+0300][123,529s][info][gc] GC(1804) Pause Full (Allocation Failure) 123M->123M(123M) 49,455ms
[2021-04-30T09:46:27.720+0300][123,580s][info][gc] GC(1805) Pause Full (Allocation Failure) 123M->123M(123M) 50,129ms
[2021-04-30T09:46:27.772+0300][123,631s][info][gc] GC(1806) Pause Full (Allocation Failure) 123M->123M(123M) 51,465ms
[2021-04-30T09:46:27.824+0300][123,683s][info][gc] GC(1807) Pause Full (Allocation Failure) 123M->123M(123M) 51,583ms
[2021-04-30T09:46:27.876+0300][123,735s][info][gc] GC(1808) Pause Full (Allocation Failure) 123M->123M(123M) 51,620ms
[2021-04-30T09:46:27.925+0300][123,785s][info][gc] GC(1809) Pause Full (Allocation Failure) 123M->123M(123M) 48,882ms
[2021-04-30T09:46:27.997+0300][123,857s][info][gc] GC(1810) Pause Full (Allocation Failure) 123M->123M(123M) 70,917ms
[2021-04-30T09:46:28.053+0300][123,913s][info][gc] GC(1811) Pause Full (Allocation Failure) 123M->123M(123M) 55,807ms
[2021-04-30T09:46:28.123+0300][123,983s][info][gc] GC(1812) Pause Full (Allocation Failure) 123M->123M(123M) 68,970ms
[2021-04-30T09:46:28.185+0300][124,045s][info][gc] GC(1813) Pause Full (Allocation Failure) 123M->123M(123M) 62,078ms
[2021-04-30T09:46:28.269+0300][124,129s][info][gc] GC(1814) Pause Full (Allocation Failure) 123M->123M(123M) 83,755ms
[2021-04-30T09:46:28.328+0300][124,188s][info][gc] GC(1815) Pause Full (Allocation Failure) 123M->123M(123M) 58,517ms
[2021-04-30T09:46:28.377+0300][124,237s][info][gc] GC(1816) Pause Full (Allocation Failure) 123M->123M(123M) 48,557ms
[2021-04-30T09:46:28.426+0300][124,286s][info][gc] GC(1817) Pause Full (Allocation Failure) 123M->123M(123M) 48,415ms
[2021-04-30T09:46:28.493+0300][124,353s][info][gc] GC(1818) Pause Full (Allocation Failure) 123M->123M(123M) 66,599ms
[2021-04-30T09:46:28.546+0300][124,406s][info][gc] GC(1819) Pause Full (Allocation Failure) 123M->123M(123M) 53,125ms
[2021-04-30T09:46:28.600+0300][124,460s][info][gc] GC(1820) Pause Full (Allocation Failure) 123M->123M(123M) 53,120ms
[2021-04-30T09:46:28.651+0300][124,511s][info][gc] GC(1821) Pause Full (Allocation Failure) 123M->123M(123M) 51,401ms
[2021-04-30T09:46:28.702+0300][124,562s][info][gc] GC(1822) Pause Full (Allocation Failure) 123M->123M(123M) 50,289ms
[2021-04-30T09:46:28.753+0300][124,613s][info][gc] GC(1823) Pause Full (Allocation Failure) 123M->123M(123M) 50,536ms
[2021-04-30T09:46:28.803+0300][124,663s][info][gc] GC(1824) Pause Full (Allocation Failure) 123M->123M(123M) 50,233ms
[2021-04-30T09:46:28.855+0300][124,714s][info][gc] GC(1825) Pause Full (Allocation Failure) 123M->123M(123M) 50,996ms
[2021-04-30T09:46:28.907+0300][124,766s][info][gc] GC(1826) Pause Full (Allocation Failure) 123M->123M(123M) 51,755ms
[2021-04-30T09:46:28.957+0300][124,817s][info][gc] GC(1827) Pause Full (Allocation Failure) 123M->123M(123M) 50,373ms
[2021-04-30T09:46:29.010+0300][124,870s][info][gc] GC(1828) Pause Full (Allocation Failure) 123M->123M(123M) 52,866ms
[2021-04-30T09:46:29.062+0300][124,922s][info][gc] GC(1829) Pause Full (Allocation Failure) 123M->123M(123M) 51,842ms
[2021-04-30T09:46:29.115+0300][124,975s][info][gc] GC(1830) Pause Full (Allocation Failure) 123M->123M(123M) 52,067ms
[2021-04-30T09:46:29.167+0300][125,027s][info][gc] GC(1831) Pause Full (Allocation Failure) 123M->123M(123M) 51,708ms
[2021-04-30T09:46:29.219+0300][125,079s][info][gc] GC(1832) Pause Full (Allocation Failure) 123M->123M(123M) 52,182ms
[2021-04-30T09:46:29.273+0300][125,133s][info][gc] GC(1833) Pause Full (Allocation Failure) 123M->123M(123M) 53,110ms
[2021-04-30T09:46:29.333+0300][125,192s][info][gc] GC(1834) Pause Full (Allocation Failure) 123M->123M(123M) 59,576ms
[2021-04-30T09:46:29.384+0300][125,244s][info][gc] GC(1835) Pause Full (Allocation Failure) 123M->123M(123M) 51,148ms
[2021-04-30T09:46:29.433+0300][125,293s][info][gc] GC(1836) Pause Full (Allocation Failure) 123M->123M(123M) 48,525ms
[2021-04-30T09:46:29.481+0300][125,340s][info][gc] GC(1837) Pause Full (Allocation Failure) 123M->123M(123M) 47,534ms
[2021-04-30T09:46:29.530+0300][125,390s][info][gc] GC(1838) Pause Full (Allocation Failure) 123M->123M(123M) 49,276ms
[2021-04-30T09:46:29.582+0300][125,442s][info][gc] GC(1839) Pause Full (Allocation Failure) 123M->123M(123M) 51,875ms
[2021-04-30T09:46:29.639+0300][125,499s][info][gc] GC(1840) Pause Full (Allocation Failure) 123M->123M(123M) 56,155ms
[2021-04-30T09:46:29.690+0300][125,550s][info][gc] GC(1841) Pause Full (Allocation Failure) 123M->123M(123M) 51,532ms
[2021-04-30T09:46:29.751+0300][125,611s][info][gc] GC(1842) Pause Full (Allocation Failure) 123M->123M(123M) 60,713ms
[2021-04-30T09:46:29.803+0300][125,663s][info][gc] GC(1843) Pause Full (Allocation Failure) 123M->123M(123M) 51,151ms
[2021-04-30T09:46:29.852+0300][125,712s][info][gc] GC(1844) Pause Full (Allocation Failure) 123M->123M(123M) 49,177ms
[2021-04-30T09:46:29.902+0300][125,762s][info][gc] GC(1845) Pause Full (Allocation Failure) 123M->123M(123M) 49,307ms
[2021-04-30T09:46:29.952+0300][125,811s][info][gc] GC(1846) Pause Full (Allocation Failure) 123M->123M(123M) 49,566ms
[2021-04-30T09:46:29.999+0300][125,859s][info][gc] GC(1847) Pause Full (Allocation Failure) 123M->123M(123M) 47,363ms
[2021-04-30T09:46:30.050+0300][125,910s][info][gc] GC(1848) Pause Full (Allocation Failure) 123M->123M(123M) 50,538ms
[2021-04-30T09:46:30.099+0300][125,958s][info][gc] GC(1849) Pause Full (Allocation Failure) 123M->123M(123M) 48,353ms
[2021-04-30T09:46:30.152+0300][126,012s][info][gc] GC(1850) Pause Full (Allocation Failure) 123M->123M(123M) 53,031ms
[2021-04-30T09:46:30.202+0300][126,062s][info][gc] GC(1851) Pause Full (Allocation Failure) 123M->123M(123M) 49,113ms
[2021-04-30T09:46:30.250+0300][126,110s][info][gc] GC(1852) Pause Full (Allocation Failure) 123M->123M(123M) 47,832ms
[2021-04-30T09:46:30.300+0300][126,160s][info][gc] GC(1853) Pause Full (Allocation Failure) 123M->123M(123M) 49,566ms
[2021-04-30T09:46:30.351+0300][126,210s][info][gc] GC(1854) Pause Full (Allocation Failure) 123M->123M(123M) 50,117ms
[2021-04-30T09:46:30.401+0300][126,261s][info][gc] GC(1855) Pause Full (Allocation Failure) 123M->123M(123M) 49,914ms
[2021-04-30T09:46:30.451+0300][126,311s][info][gc] GC(1856) Pause Full (Allocation Failure) 123M->123M(123M) 49,625ms
[2021-04-30T09:46:30.500+0300][126,360s][info][gc] GC(1857) Pause Full (Allocation Failure) 123M->123M(123M) 48,566ms
[2021-04-30T09:46:30.549+0300][126,408s][info][gc] GC(1858) Pause Full (Allocation Failure) 123M->123M(123M) 48,165ms
[2021-04-30T09:46:30.598+0300][126,458s][info][gc] GC(1859) Pause Full (Allocation Failure) 123M->123M(123M) 49,302ms
[2021-04-30T09:46:30.649+0300][126,509s][info][gc] GC(1860) Pause Full (Allocation Failure) 123M->123M(123M) 50,460ms
[2021-04-30T09:46:30.700+0300][126,559s][info][gc] GC(1861) Pause Full (Allocation Failure) 123M->123M(123M) 50,096ms
[2021-04-30T09:46:30.758+0300][126,618s][info][gc] GC(1862) Pause Full (Allocation Failure) 123M->123M(123M) 57,823ms
[2021-04-30T09:46:30.807+0300][126,667s][info][gc] GC(1863) Pause Full (Allocation Failure) 123M->123M(123M) 48,896ms
[2021-04-30T09:46:30.856+0300][126,716s][info][gc] GC(1864) Pause Full (Allocation Failure) 123M->123M(123M) 48,965ms
[2021-04-30T09:46:30.906+0300][126,766s][info][gc] GC(1865) Pause Full (Allocation Failure) 123M->123M(123M) 49,577ms
[2021-04-30T09:46:30.972+0300][126,832s][info][gc] GC(1866) Pause Full (Allocation Failure) 123M->123M(123M) 65,613ms
[2021-04-30T09:46:31.021+0300][126,881s][info][gc] GC(1867) Pause Full (Allocation Failure) 123M->123M(123M) 48,977ms
[2021-04-30T09:46:31.070+0300][126,930s][info][gc] GC(1868) Pause Full (Allocation Failure) 123M->123M(123M) 48,241ms
[2021-04-30T09:46:31.118+0300][126,978s][info][gc] GC(1869) Pause Full (Allocation Failure) 123M->123M(123M) 48,378ms
[2021-04-30T09:46:31.168+0300][127,028s][info][gc] GC(1870) Pause Full (Allocation Failure) 123M->123M(123M) 49,169ms
[2021-04-30T09:46:31.216+0300][127,076s][info][gc] GC(1871) Pause Full (Allocation Failure) 123M->123M(123M) 47,916ms
[2021-04-30T09:46:31.265+0300][127,124s][info][gc] GC(1872) Pause Full (Allocation Failure) 123M->123M(123M) 48,364ms
[2021-04-30T09:46:31.314+0300][127,174s][info][gc] GC(1873) Pause Full (Allocation Failure) 123M->123M(123M) 48,906ms
[2021-04-30T09:46:31.362+0300][127,222s][info][gc] GC(1874) Pause Full (Allocation Failure) 123M->123M(123M) 47,868ms
[2021-04-30T09:46:31.411+0300][127,271s][info][gc] GC(1875) Pause Full (Allocation Failure) 123M->123M(123M) 48,900ms
[2021-04-30T09:46:31.459+0300][127,319s][info][gc] GC(1876) Pause Full (Allocation Failure) 123M->123M(123M) 47,995ms
[2021-04-30T09:46:31.509+0300][127,369s][info][gc] GC(1877) Pause Full (Allocation Failure) 123M->123M(123M) 49,178ms
[2021-04-30T09:46:31.574+0300][127,434s][info][gc] GC(1878) Pause Full (Allocation Failure) 123M->123M(123M) 64,866ms
[2021-04-30T09:46:31.626+0300][127,486s][info][gc] GC(1879) Pause Full (Allocation Failure) 123M->123M(123M) 51,168ms
[2021-04-30T09:46:31.678+0300][127,538s][info][gc] GC(1880) Pause Full (Allocation Failure) 123M->123M(123M) 50,938ms
[2021-04-30T09:46:31.731+0300][127,591s][info][gc] GC(1881) Pause Full (Allocation Failure) 123M->123M(123M) 51,786ms
[2021-04-30T09:46:31.799+0300][127,659s][info][gc] GC(1882) Pause Full (Allocation Failure) 123M->123M(123M) 67,117ms
[2021-04-30T09:46:31.852+0300][127,712s][info][gc] GC(1883) Pause Full (Allocation Failure) 123M->123M(123M) 52,091ms
[2021-04-30T09:46:31.913+0300][127,773s][info][gc] GC(1884) Pause Full (Allocation Failure) 123M->123M(123M) 60,457ms
[2021-04-30T09:46:31.977+0300][127,837s][info][gc] GC(1885) Pause Full (Allocation Failure) 123M->123M(123M) 62,428ms
[2021-04-30T09:46:32.030+0300][127,890s][info][gc] GC(1886) Pause Full (Allocation Failure) 123M->123M(123M) 51,860ms
[2021-04-30T09:46:32.080+0300][127,940s][info][gc] GC(1887) Pause Full (Allocation Failure) 123M->123M(123M) 49,666ms
[2021-04-30T09:46:32.135+0300][127,995s][info][gc] GC(1888) Pause Full (Allocation Failure) 123M->123M(123M) 53,738ms
[2021-04-30T09:46:32.188+0300][128,048s][info][gc] GC(1889) Pause Full (Allocation Failure) 123M->123M(123M) 51,843ms
[2021-04-30T09:46:32.237+0300][128,097s][info][gc] GC(1890) Pause Full (Allocation Failure) 123M->123M(123M) 47,969ms
[2021-04-30T09:46:32.286+0300][128,146s][info][gc] GC(1891) Pause Full (Allocation Failure) 123M->123M(123M) 48,583ms
[2021-04-30T09:46:32.336+0300][128,196s][info][gc] GC(1892) Pause Full (Allocation Failure) 123M->123M(123M) 49,090ms
[2021-04-30T09:46:32.389+0300][128,249s][info][gc] GC(1893) Pause Full (Allocation Failure) 123M->123M(123M) 52,305ms
[2021-04-30T09:46:32.450+0300][128,309s][info][gc] GC(1894) Pause Full (Allocation Failure) 123M->123M(123M) 59,528ms
[2021-04-30T09:46:32.501+0300][128,361s][info][gc] GC(1895) Pause Full (Allocation Failure) 123M->123M(123M) 50,260ms
[2021-04-30T09:46:32.549+0300][128,409s][info][gc] GC(1896) Pause Full (Allocation Failure) 123M->123M(123M) 47,523ms
[2021-04-30T09:46:32.599+0300][128,459s][info][gc] GC(1897) Pause Full (Allocation Failure) 123M->123M(123M) 49,439ms
[2021-04-30T09:46:32.649+0300][128,509s][info][gc] GC(1898) Pause Full (Allocation Failure) 123M->123M(123M) 48,850ms
[2021-04-30T09:46:32.705+0300][128,565s][info][gc] GC(1899) Pause Full (Allocation Failure) 123M->123M(123M) 55,347ms
[2021-04-30T09:46:32.764+0300][128,624s][info][gc] GC(1900) Pause Full (Allocation Failure) 123M->123M(123M) 57,087ms
[2021-04-30T09:46:32.814+0300][128,674s][info][gc] GC(1901) Pause Full (Allocation Failure) 123M->123M(123M) 49,649ms
[2021-04-30T09:46:32.863+0300][128,722s][info][gc] GC(1902) Pause Full (Allocation Failure) 123M->123M(123M) 47,562ms
[2021-04-30T09:46:32.911+0300][128,771s][info][gc] GC(1903) Pause Full (Allocation Failure) 123M->123M(123M) 47,608ms
[2021-04-30T09:46:32.979+0300][128,839s][info][gc] GC(1904) Pause Full (Allocation Failure) 123M->123M(123M) 68,100ms
[2021-04-30T09:46:33.036+0300][128,896s][info][gc] GC(1905) Pause Full (Allocation Failure) 123M->123M(123M) 55,850ms
[2021-04-30T09:46:33.090+0300][128,950s][info][gc] GC(1906) Pause Full (Allocation Failure) 123M->123M(123M) 53,026ms
[2021-04-30T09:46:33.142+0300][129,002s][info][gc] GC(1907) Pause Full (Allocation Failure) 123M->123M(123M) 50,752ms
[2021-04-30T09:46:33.192+0300][129,052s][info][gc] GC(1908) Pause Full (Allocation Failure) 123M->123M(123M) 49,382ms
[2021-04-30T09:46:33.242+0300][129,102s][info][gc] GC(1909) Pause Full (Allocation Failure) 123M->123M(123M) 49,703ms
[2021-04-30T09:46:33.294+0300][129,154s][info][gc] GC(1910) Pause Full (Allocation Failure) 123M->123M(123M) 50,886ms
[2021-04-30T09:46:33.351+0300][129,211s][info][gc] GC(1911) Pause Full (Allocation Failure) 123M->123M(123M) 56,208ms
[2021-04-30T09:46:33.401+0300][129,261s][info][gc] GC(1912) Pause Full (Allocation Failure) 123M->123M(123M) 49,026ms
[2021-04-30T09:46:33.449+0300][129,309s][info][gc] GC(1913) Pause Full (Allocation Failure) 123M->123M(123M) 47,371ms
[2021-04-30T09:46:33.499+0300][129,359s][info][gc] GC(1914) Pause Full (Allocation Failure) 123M->123M(123M) 49,222ms
[2021-04-30T09:46:33.547+0300][129,407s][info][gc] GC(1915) Pause Full (Allocation Failure) 123M->123M(123M) 47,461ms
[2021-04-30T09:46:33.603+0300][129,463s][info][gc] GC(1916) Pause Full (Allocation Failure) 123M->123M(123M) 54,774ms
[2021-04-30T09:46:33.657+0300][129,517s][info][gc] GC(1917) Pause Full (Allocation Failure) 123M->123M(123M) 53,551ms
[2021-04-30T09:46:33.706+0300][129,566s][info][gc] GC(1918) Pause Full (Allocation Failure) 123M->123M(123M) 48,139ms
[2021-04-30T09:46:33.756+0300][129,616s][info][gc] GC(1919) Pause Full (Allocation Failure) 123M->123M(123M) 48,922ms
[2021-04-30T09:46:33.804+0300][129,663s][info][gc] GC(1920) Pause Full (Allocation Failure) 123M->123M(123M) 47,344ms
[2021-04-30T09:46:33.853+0300][129,713s][info][gc] GC(1921) Pause Full (Allocation Failure) 123M->123M(123M) 49,021ms
[2021-04-30T09:46:33.906+0300][129,766s][info][gc] GC(1922) Pause Full (Allocation Failure) 123M->123M(123M) 52,279ms
[2021-04-30T09:46:33.964+0300][129,823s][info][gc] GC(1923) Pause Full (Allocation Failure) 123M->123M(123M) 55,800ms
[2021-04-30T09:46:34.015+0300][129,875s][info][gc] GC(1924) Pause Full (Allocation Failure) 123M->123M(123M) 51,295ms
[2021-04-30T09:46:34.070+0300][129,930s][info][gc] GC(1925) Pause Full (Allocation Failure) 123M->123M(123M) 53,437ms
[2021-04-30T09:46:34.123+0300][129,983s][info][gc] GC(1926) Pause Full (Allocation Failure) 123M->123M(123M) 52,693ms
[2021-04-30T09:46:34.177+0300][130,037s][info][gc] GC(1927) Pause Full (Allocation Failure) 123M->123M(123M) 53,158ms
[2021-04-30T09:46:34.225+0300][130,084s][info][gc] GC(1928) Pause Full (Allocation Failure) 123M->123M(123M) 47,235ms
[2021-04-30T09:46:34.275+0300][130,135s][info][gc] GC(1929) Pause Full (Allocation Failure) 123M->123M(123M) 49,348ms
[2021-04-30T09:46:34.323+0300][130,183s][info][gc] GC(1930) Pause Full (Allocation Failure) 123M->123M(123M) 48,090ms
[2021-04-30T09:46:34.372+0300][130,232s][info][gc] GC(1931) Pause Full (Allocation Failure) 123M->123M(123M) 48,350ms
[2021-04-30T09:46:34.426+0300][130,286s][info][gc] GC(1932) Pause Full (Allocation Failure) 123M->123M(123M) 53,139ms
[2021-04-30T09:46:34.476+0300][130,336s][info][gc] GC(1933) Pause Full (Allocation Failure) 123M->123M(123M) 49,308ms
[2021-04-30T09:46:34.525+0300][130,385s][info][gc] GC(1934) Pause Full (Allocation Failure) 123M->123M(123M) 47,646ms
[2021-04-30T09:46:34.573+0300][130,433s][info][gc] GC(1935) Pause Full (Allocation Failure) 123M->123M(123M) 47,839ms
[2021-04-30T09:46:34.621+0300][130,481s][info][gc] GC(1936) Pause Full (Allocation Failure) 123M->123M(123M) 47,318ms
[2021-04-30T09:46:34.671+0300][130,530s][info][gc] GC(1937) Pause Full (Allocation Failure) 123M->123M(123M) 49,016ms
[2021-04-30T09:46:34.724+0300][130,583s][info][gc] GC(1938) Pause Full (Allocation Failure) 123M->123M(123M) 51,979ms
[2021-04-30T09:46:34.774+0300][130,634s][info][gc] GC(1939) Pause Full (Allocation Failure) 123M->123M(123M) 50,222ms
[2021-04-30T09:46:34.827+0300][130,686s][info][gc] GC(1940) Pause Full (Allocation Failure) 123M->123M(123M) 51,857ms
[2021-04-30T09:46:34.879+0300][130,739s][info][gc] GC(1941) Pause Full (Allocation Failure) 123M->123M(123M) 51,846ms
[2021-04-30T09:46:34.934+0300][130,794s][info][gc] GC(1942) Pause Full (Allocation Failure) 123M->123M(123M) 54,227ms
[2021-04-30T09:46:34.988+0300][130,848s][info][gc] GC(1943) Pause Full (Allocation Failure) 123M->123M(123M) 53,860ms
[2021-04-30T09:46:35.042+0300][130,902s][info][gc] GC(1944) Pause Full (Allocation Failure) 123M->123M(123M) 53,397ms
[2021-04-30T09:46:35.098+0300][130,958s][info][gc] GC(1945) Pause Full (Allocation Failure) 123M->123M(123M) 54,903ms
[2021-04-30T09:46:35.149+0300][131,008s][info][gc] GC(1946) Pause Full (Allocation Failure) 123M->123M(123M) 50,190ms
[2021-04-30T09:46:35.202+0300][131,062s][info][gc] GC(1947) Pause Full (Allocation Failure) 123M->123M(123M) 52,029ms
[2021-04-30T09:46:35.252+0300][131,112s][info][gc] GC(1948) Pause Full (Allocation Failure) 123M->123M(123M) 49,816ms
[2021-04-30T09:46:35.305+0300][131,165s][info][gc] GC(1949) Pause Full (Allocation Failure) 123M->123M(123M) 52,710ms
[2021-04-30T09:46:35.362+0300][131,222s][info][gc] GC(1950) Pause Full (Allocation Failure) 123M->123M(123M) 55,240ms
[2021-04-30T09:46:35.412+0300][131,272s][info][gc] GC(1951) Pause Full (Allocation Failure) 123M->123M(123M) 49,767ms
[2021-04-30T09:46:35.475+0300][131,334s][info][gc] GC(1952) Pause Full (Allocation Failure) 123M->123M(123M) 61,781ms
[2021-04-30T09:46:35.535+0300][131,395s][info][gc] GC(1953) Pause Full (Allocation Failure) 123M->123M(123M) 59,739ms
[2021-04-30T09:46:35.592+0300][131,452s][info][gc] GC(1954) Pause Full (Allocation Failure) 123M->123M(123M) 56,567ms
[2021-04-30T09:46:35.650+0300][131,509s][info][gc] GC(1955) Pause Full (Allocation Failure) 123M->123M(123M) 56,707ms
[2021-04-30T09:46:35.701+0300][131,561s][info][gc] GC(1956) Pause Full (Allocation Failure) 123M->123M(123M) 50,344ms
[2021-04-30T09:46:35.750+0300][131,610s][info][gc] GC(1957) Pause Full (Allocation Failure) 123M->123M(123M) 48,576ms
[2021-04-30T09:46:35.799+0300][131,658s][info][gc] GC(1958) Pause Full (Allocation Failure) 123M->123M(123M) 47,968ms
[2021-04-30T09:46:35.848+0300][131,708s][info][gc] GC(1959) Pause Full (Allocation Failure) 123M->123M(123M) 48,698ms
[2021-04-30T09:46:35.905+0300][131,765s][info][gc] GC(1960) Pause Full (Allocation Failure) 123M->123M(123M) 56,844ms
[2021-04-30T09:46:35.961+0300][131,821s][info][gc] GC(1961) Pause Full (Allocation Failure) 123M->123M(123M) 54,804ms
[2021-04-30T09:46:36.026+0300][131,886s][info][gc] GC(1962) Pause Full (Allocation Failure) 123M->123M(123M) 64,413ms
[2021-04-30T09:46:36.077+0300][131,937s][info][gc] GC(1963) Pause Full (Allocation Failure) 123M->123M(123M) 50,626ms
[2021-04-30T09:46:36.130+0300][131,990s][info][gc] GC(1964) Pause Full (Allocation Failure) 123M->123M(123M) 52,331ms
[2021-04-30T09:46:36.180+0300][132,040s][info][gc] GC(1965) Pause Full (Allocation Failure) 123M->123M(123M) 49,071ms
[2021-04-30T09:46:36.228+0300][132,088s][info][gc] GC(1966) Pause Full (Allocation Failure) 123M->123M(123M) 47,786ms
[2021-04-30T09:46:36.280+0300][132,139s][info][gc] GC(1967) Pause Full (Allocation Failure) 123M->123M(123M) 50,401ms
[2021-04-30T09:46:36.328+0300][132,188s][info][gc] GC(1968) Pause Full (Allocation Failure) 123M->123M(123M) 47,773ms
[2021-04-30T09:46:36.382+0300][132,242s][info][gc] GC(1969) Pause Full (Allocation Failure) 123M->123M(123M) 53,579ms
[2021-04-30T09:46:36.437+0300][132,297s][info][gc] GC(1970) Pause Full (Allocation Failure) 123M->123M(123M) 54,388ms
[2021-04-30T09:46:36.486+0300][132,346s][info][gc] GC(1971) Pause Full (Allocation Failure) 123M->123M(123M) 47,625ms
[2021-04-30T09:46:36.535+0300][132,395s][info][gc] GC(1972) Pause Full (Allocation Failure) 123M->123M(123M) 49,026ms
[2021-04-30T09:46:36.583+0300][132,443s][info][gc] GC(1973) Pause Full (Allocation Failure) 123M->123M(123M) 47,152ms
[2021-04-30T09:46:36.633+0300][132,493s][info][gc] GC(1974) Pause Full (Allocation Failure) 123M->123M(123M) 49,500ms
[2021-04-30T09:46:36.685+0300][132,545s][info][gc] GC(1975) Pause Full (Allocation Failure) 123M->123M(123M) 51,145ms
[2021-04-30T09:46:36.735+0300][132,595s][info][gc] GC(1976) Pause Full (Allocation Failure) 123M->123M(123M) 49,709ms
[2021-04-30T09:46:36.791+0300][132,651s][info][gc] GC(1977) Pause Full (Allocation Failure) 123M->123M(123M) 55,829ms
[2021-04-30T09:46:36.841+0300][132,701s][info][gc] GC(1978) Pause Full (Allocation Failure) 123M->123M(123M) 48,301ms
[2021-04-30T09:46:36.889+0300][132,749s][info][gc] GC(1979) Pause Full (Allocation Failure) 123M->123M(123M) 47,619ms
[2021-04-30T09:46:36.943+0300][132,803s][info][gc] GC(1980) Pause Full (Allocation Failure) 123M->123M(123M) 54,045ms
[2021-04-30T09:46:36.993+0300][132,853s][info][gc] GC(1981) Pause Full (Allocation Failure) 123M->123M(123M) 49,150ms
[2021-04-30T09:46:37.055+0300][132,914s][info][gc] GC(1982) Pause Full (Allocation Failure) 123M->123M(123M) 61,195ms
[2021-04-30T09:46:37.114+0300][132,974s][info][gc] GC(1983) Pause Full (Allocation Failure) 123M->123M(123M) 56,830ms
[2021-04-30T09:46:37.168+0300][133,028s][info][gc] GC(1984) Pause Full (Allocation Failure) 123M->123M(123M) 54,026ms
[2021-04-30T09:46:37.218+0300][133,078s][info][gc] GC(1985) Pause Full (Allocation Failure) 123M->123M(123M) 49,028ms
[2021-04-30T09:46:37.268+0300][133,128s][info][gc] GC(1986) Pause Full (Allocation Failure) 123M->123M(123M) 47,451ms
[2021-04-30T09:46:37.317+0300][133,177s][info][gc] GC(1987) Pause Full (Allocation Failure) 123M->123M(123M) 48,720ms
[2021-04-30T09:46:37.366+0300][133,226s][info][gc] GC(1988) Pause Full (Allocation Failure) 123M->123M(123M) 48,808ms
[2021-04-30T09:46:37.419+0300][133,279s][info][gc] GC(1989) Pause Full (Allocation Failure) 123M->123M(123M) 51,658ms
[2021-04-30T09:46:37.471+0300][133,331s][info][gc] GC(1990) Pause Full (Allocation Failure) 123M->123M(123M) 51,129ms
[2021-04-30T09:46:37.521+0300][133,381s][info][gc] GC(1991) Pause Full (Allocation Failure) 123M->123M(123M) 47,894ms
[2021-04-30T09:46:37.570+0300][133,430s][info][gc] GC(1992) Pause Full (Allocation Failure) 123M->123M(123M) 48,118ms
[2021-04-30T09:46:37.619+0300][133,479s][info][gc] GC(1993) Pause Full (Allocation Failure) 123M->123M(123M) 48,916ms
[2021-04-30T09:46:37.667+0300][133,527s][info][gc] GC(1994) Pause Full (Allocation Failure) 123M->123M(123M) 47,717ms
[2021-04-30T09:46:37.721+0300][133,581s][info][gc] GC(1995) Pause Full (Allocation Failure) 123M->123M(123M) 52,600ms
[2021-04-30T09:46:37.771+0300][133,631s][info][gc] GC(1996) Pause Full (Allocation Failure) 123M->123M(123M) 49,834ms
[2021-04-30T09:46:37.820+0300][133,680s][info][gc] GC(1997) Pause Full (Allocation Failure) 123M->123M(123M) 47,828ms
[2021-04-30T09:46:37.869+0300][133,728s][info][gc] GC(1998) Pause Full (Allocation Failure) 123M->123M(123M) 48,609ms
[2021-04-30T09:46:37.921+0300][133,781s][info][gc] GC(1999) Pause Full (Allocation Failure) 123M->123M(123M) 51,400ms
[2021-04-30T09:46:37.975+0300][133,835s][info][gc] GC(2000) Pause Full (Allocation Failure) 123M->123M(123M) 53,912ms
[2021-04-30T09:46:38.025+0300][133,885s][info][gc] GC(2001) Pause Full (Allocation Failure) 123M->123M(123M) 49,846ms
[2021-04-30T09:46:38.080+0300][133,940s][info][gc] GC(2002) Pause Full (Allocation Failure) 123M->123M(123M) 53,301ms
[2021-04-30T09:46:38.134+0300][133,994s][info][gc] GC(2003) Pause Full (Allocation Failure) 123M->123M(123M) 53,137ms
[2021-04-30T09:46:38.188+0300][134,048s][info][gc] GC(2004) Pause Full (Allocation Failure) 123M->123M(123M) 54,022ms
[2021-04-30T09:46:38.239+0300][134,099s][info][gc] GC(2005) Pause Full (Allocation Failure) 123M->123M(123M) 50,561ms
[2021-04-30T09:46:38.296+0300][134,156s][info][gc] GC(2006) Pause Full (Allocation Failure) 123M->123M(123M) 55,486ms
[2021-04-30T09:46:38.351+0300][134,211s][info][gc] GC(2007) Pause Full (Allocation Failure) 123M->123M(123M) 55,209ms
[2021-04-30T09:46:38.403+0300][134,263s][info][gc] GC(2008) Pause Full (Allocation Failure) 123M->123M(123M) 50,245ms
[2021-04-30T09:46:38.451+0300][134,311s][info][gc] GC(2009) Pause Full (Allocation Failure) 123M->123M(123M) 47,568ms
[2021-04-30T09:46:38.500+0300][134,360s][info][gc] GC(2010) Pause Full (Allocation Failure) 123M->123M(123M) 48,837ms
[2021-04-30T09:46:38.549+0300][134,409s][info][gc] GC(2011) Pause Full (Allocation Failure) 123M->123M(123M) 48,135ms
[2021-04-30T09:46:38.599+0300][134,458s][info][gc] GC(2012) Pause Full (Allocation Failure) 123M->123M(123M) 49,387ms
[2021-04-30T09:46:38.647+0300][134,507s][info][gc] GC(2013) Pause Full (Allocation Failure) 123M->123M(123M) 48,296ms
[2021-04-30T09:46:38.696+0300][134,556s][info][gc] GC(2014) Pause Full (Allocation Failure) 123M->123M(123M) 48,363ms
[2021-04-30T09:46:38.745+0300][134,605s][info][gc] GC(2015) Pause Full (Allocation Failure) 123M->123M(123M) 48,094ms
[2021-04-30T09:46:38.795+0300][134,655s][info][gc] GC(2016) Pause Full (Allocation Failure) 123M->123M(123M) 49,719ms
[2021-04-30T09:46:38.844+0300][134,703s][info][gc] GC(2017) Pause Full (Allocation Failure) 123M->123M(123M) 48,223ms
[2021-04-30T09:46:38.896+0300][134,755s][info][gc] GC(2018) Pause Full (Allocation Failure) 123M->123M(123M) 51,743ms
[2021-04-30T09:46:38.948+0300][134,808s][info][gc] GC(2019) Pause Full (Allocation Failure) 123M->123M(123M) 51,834ms
[2021-04-30T09:46:38.998+0300][134,858s][info][gc] GC(2020) Pause Full (Allocation Failure) 123M->123M(123M) 49,307ms
[2021-04-30T09:46:39.049+0300][134,909s][info][gc] GC(2021) Pause Full (Allocation Failure) 123M->123M(123M) 50,823ms
[2021-04-30T09:46:39.098+0300][134,958s][info][gc] GC(2022) Pause Full (Allocation Failure) 123M->123M(123M) 47,950ms
[2021-04-30T09:46:39.147+0300][135,006s][info][gc] GC(2023) Pause Full (Allocation Failure) 123M->123M(123M) 48,585ms
[2021-04-30T09:46:39.196+0300][135,056s][info][gc] GC(2024) Pause Full (Allocation Failure) 123M->123M(123M) 49,273ms
[2021-04-30T09:46:39.246+0300][135,106s][info][gc] GC(2025) Pause Full (Allocation Failure) 123M->123M(123M) 49,533ms
[2021-04-30T09:46:39.298+0300][135,158s][info][gc] GC(2026) Pause Full (Allocation Failure) 123M->123M(123M) 51,839ms
[2021-04-30T09:46:39.352+0300][135,212s][info][gc] GC(2027) Pause Full (Allocation Failure) 123M->123M(123M) 52,492ms
[2021-04-30T09:46:39.403+0300][135,263s][info][gc] GC(2028) Pause Full (Allocation Failure) 123M->123M(123M) 51,281ms
[2021-04-30T09:46:39.454+0300][135,314s][info][gc] GC(2029) Pause Full (Allocation Failure) 123M->123M(123M) 49,981ms
[2021-04-30T09:46:39.504+0300][135,364s][info][gc] GC(2030) Pause Full (Allocation Failure) 123M->123M(123M) 49,753ms
[2021-04-30T09:46:39.554+0300][135,414s][info][gc] GC(2031) Pause Full (Allocation Failure) 123M->123M(123M) 49,734ms
[2021-04-30T09:46:39.603+0300][135,463s][info][gc] GC(2032) Pause Full (Allocation Failure) 123M->123M(123M) 48,179ms
[2021-04-30T09:46:39.651+0300][135,511s][info][gc] GC(2033) Pause Full (Allocation Failure) 123M->123M(123M) 47,604ms
[2021-04-30T09:46:39.700+0300][135,560s][info][gc] GC(2034) Pause Full (Allocation Failure) 123M->123M(123M) 48,732ms
[2021-04-30T09:46:39.750+0300][135,610s][info][gc] GC(2035) Pause Full (Allocation Failure) 123M->123M(123M) 48,959ms
[2021-04-30T09:46:39.798+0300][135,658s][info][gc] GC(2036) Pause Full (Allocation Failure) 123M->123M(123M) 47,743ms
[2021-04-30T09:46:39.846+0300][135,706s][info][gc] GC(2037) Pause Full (Allocation Failure) 123M->123M(123M) 47,562ms
[2021-04-30T09:46:39.895+0300][135,755s][info][gc] GC(2038) Pause Full (Allocation Failure) 123M->123M(123M) 49,497ms
[2021-04-30T09:46:39.945+0300][135,805s][info][gc] GC(2039) Pause Full (Allocation Failure) 123M->123M(123M) 49,580ms
[2021-04-30T09:46:39.996+0300][135,856s][info][gc] GC(2040) Pause Full (Allocation Failure) 123M->123M(123M) 50,139ms
[2021-04-30T09:46:40.044+0300][135,904s][info][gc] GC(2041) Pause Full (Allocation Failure) 123M->123M(123M) 47,981ms
[2021-04-30T09:46:40.093+0300][135,953s][info][gc] GC(2042) Pause Full (Allocation Failure) 123M->123M(123M) 49,085ms
[2021-04-30T09:46:40.144+0300][136,004s][info][gc] GC(2043) Pause Full (Allocation Failure) 123M->123M(123M) 50,661ms
[2021-04-30T09:46:40.192+0300][136,052s][info][gc] GC(2044) Pause Full (Allocation Failure) 123M->123M(123M) 48,177ms
[2021-04-30T09:46:40.242+0300][136,102s][info][gc] GC(2045) Pause Full (Allocation Failure) 123M->123M(123M) 49,108ms
[2021-04-30T09:46:40.290+0300][136,150s][info][gc] GC(2046) Pause Full (Allocation Failure) 123M->123M(123M) 48,394ms
[2021-04-30T09:46:40.339+0300][136,199s][info][gc] GC(2047) Pause Full (Allocation Failure) 123M->123M(123M) 48,206ms
[2021-04-30T09:46:40.389+0300][136,249s][info][gc] GC(2048) Pause Full (Allocation Failure) 123M->123M(123M) 49,620ms
[2021-04-30T09:46:40.438+0300][136,298s][info][gc] GC(2049) Pause Full (Allocation Failure) 123M->123M(123M) 48,144ms
[2021-04-30T09:46:40.488+0300][136,348s][info][gc] GC(2050) Pause Full (Allocation Failure) 123M->123M(123M) 49,496ms
[2021-04-30T09:46:40.536+0300][136,396s][info][gc] GC(2051) Pause Full (Allocation Failure) 123M->123M(123M) 47,770ms
[2021-04-30T09:46:40.586+0300][136,446s][info][gc] GC(2052) Pause Full (Allocation Failure) 123M->123M(123M) 50,194ms
[2021-04-30T09:46:40.637+0300][136,497s][info][gc] GC(2053) Pause Full (Allocation Failure) 123M->123M(123M) 50,178ms
[2021-04-30T09:46:40.685+0300][136,545s][info][gc] GC(2054) Pause Full (Allocation Failure) 123M->123M(123M) 48,048ms
[2021-04-30T09:46:40.734+0300][136,594s][info][gc] GC(2055) Pause Full (Allocation Failure) 123M->123M(123M) 48,351ms
[2021-04-30T09:46:40.783+0300][136,643s][info][gc] GC(2056) Pause Full (Allocation Failure) 123M->123M(123M) 48,945ms
[2021-04-30T09:46:40.831+0300][136,691s][info][gc] GC(2057) Pause Full (Allocation Failure) 123M->123M(123M) 48,168ms
[2021-04-30T09:46:40.880+0300][136,740s][info][gc] GC(2058) Pause Full (Allocation Failure) 123M->123M(123M) 48,650ms
[2021-04-30T09:46:40.930+0300][136,790s][info][gc] GC(2059) Pause Full (Allocation Failure) 123M->123M(123M) 49,753ms
[2021-04-30T09:46:40.980+0300][136,840s][info][gc] GC(2060) Pause Full (Allocation Failure) 123M->123M(123M) 50,354ms
[2021-04-30T09:46:41.030+0300][136,890s][info][gc] GC(2061) Pause Full (Allocation Failure) 123M->123M(123M) 49,098ms
[2021-04-30T09:46:41.078+0300][136,938s][info][gc] GC(2062) Pause Full (Allocation Failure) 123M->123M(123M) 48,014ms
[2021-04-30T09:46:41.130+0300][136,990s][info][gc] GC(2063) Pause Full (Allocation Failure) 123M->123M(123M) 52,106ms
[2021-04-30T09:46:41.179+0300][137,039s][info][gc] GC(2064) Pause Full (Allocation Failure) 123M->123M(123M) 48,189ms
[2021-04-30T09:46:41.227+0300][137,087s][info][gc] GC(2065) Pause Full (Allocation Failure) 123M->123M(123M) 48,347ms
[2021-04-30T09:46:41.277+0300][137,137s][info][gc] GC(2066) Pause Full (Allocation Failure) 123M->123M(123M) 49,703ms
[2021-04-30T09:46:41.329+0300][137,188s][info][gc] GC(2067) Pause Full (Allocation Failure) 123M->123M(123M) 50,780ms
[2021-04-30T09:46:41.381+0300][137,241s][info][gc] GC(2068) Pause Full (Allocation Failure) 123M->123M(123M) 52,209ms
[2021-04-30T09:46:41.433+0300][137,293s][info][gc] GC(2069) Pause Full (Allocation Failure) 123M->123M(123M) 51,126ms
[2021-04-30T09:46:41.483+0300][137,342s][info][gc] GC(2070) Pause Full (Allocation Failure) 123M->123M(123M) 49,362ms
[2021-04-30T09:46:41.533+0300][137,393s][info][gc] GC(2071) Pause Full (Allocation Failure) 123M->123M(123M) 50,300ms
[2021-04-30T09:46:41.581+0300][137,441s][info][gc] GC(2072) Pause Full (Allocation Failure) 123M->123M(123M) 47,512ms
[2021-04-30T09:46:41.630+0300][137,490s][info][gc] GC(2073) Pause Full (Allocation Failure) 123M->123M(123M) 48,280ms
[2021-04-30T09:46:41.682+0300][137,542s][info][gc] GC(2074) Pause Full (Allocation Failure) 123M->123M(123M) 51,567ms
[2021-04-30T09:46:41.731+0300][137,590s][info][gc] GC(2075) Pause Full (Allocation Failure) 123M->123M(123M) 48,449ms
[2021-04-30T09:46:41.781+0300][137,641s][info][gc] GC(2076) Pause Full (Allocation Failure) 123M->123M(123M) 50,534ms
[2021-04-30T09:46:41.830+0300][137,690s][info][gc] GC(2077) Pause Full (Allocation Failure) 123M->123M(123M) 48,745ms
[2021-04-30T09:46:41.881+0300][137,741s][info][gc] GC(2078) Pause Full (Allocation Failure) 123M->123M(123M) 50,410ms
[2021-04-30T09:46:41.930+0300][137,789s][info][gc] GC(2079) Pause Full (Allocation Failure) 123M->123M(123M) 48,426ms
[2021-04-30T09:46:42.016+0300][137,876s][info][gc] GC(2080) Pause Full (Allocation Failure) 123M->123M(123M) 86,669ms
[2021-04-30T09:46:42.070+0300][137,930s][info][gc] GC(2081) Pause Full (Allocation Failure) 123M->123M(123M) 53,417ms
[2021-04-30T09:46:42.133+0300][137,993s][info][gc] GC(2082) Pause Full (Allocation Failure) 123M->123M(123M) 63,318ms
[2021-04-30T09:46:42.190+0300][138,050s][info][gc] GC(2083) Pause Full (Allocation Failure) 123M->123M(123M) 56,718ms
[2021-04-30T09:46:42.239+0300][138,099s][info][gc] GC(2084) Pause Full (Allocation Failure) 123M->123M(123M) 48,283ms
[2021-04-30T09:46:42.287+0300][138,147s][info][gc] GC(2085) Pause Full (Allocation Failure) 123M->123M(123M) 48,376ms
[2021-04-30T09:46:42.337+0300][138,197s][info][gc] GC(2086) Pause Full (Allocation Failure) 123M->123M(123M) 49,738ms
[2021-04-30T09:46:42.386+0300][138,246s][info][gc] GC(2087) Pause Full (Allocation Failure) 123M->123M(123M) 48,652ms
[2021-04-30T09:46:42.435+0300][138,295s][info][gc] GC(2088) Pause Full (Allocation Failure) 123M->123M(123M) 49,028ms
[2021-04-30T09:46:42.485+0300][138,345s][info][gc] GC(2089) Pause Full (Allocation Failure) 123M->123M(123M) 49,764ms
[2021-04-30T09:46:42.534+0300][138,394s][info][gc] GC(2090) Pause Full (Allocation Failure) 123M->123M(123M) 48,852ms
[2021-04-30T09:46:42.585+0300][138,445s][info][gc] GC(2091) Pause Full (Allocation Failure) 123M->123M(123M) 50,319ms
[2021-04-30T09:46:42.633+0300][138,493s][info][gc] GC(2092) Pause Full (Allocation Failure) 123M->123M(123M) 48,190ms
[2021-04-30T09:46:42.685+0300][138,545s][info][gc] GC(2093) Pause Full (Allocation Failure) 123M->123M(123M) 51,325ms
[2021-04-30T09:46:42.736+0300][138,595s][info][gc] GC(2094) Pause Full (Allocation Failure) 123M->123M(123M) 50,010ms
[2021-04-30T09:46:42.784+0300][138,644s][info][gc] GC(2095) Pause Full (Allocation Failure) 123M->123M(123M) 48,271ms
[2021-04-30T09:46:42.833+0300][138,693s][info][gc] GC(2096) Pause Full (Allocation Failure) 123M->123M(123M) 48,328ms
[2021-04-30T09:46:42.882+0300][138,742s][info][gc] GC(2097) Pause Full (Allocation Failure) 123M->123M(123M) 48,963ms
[2021-04-30T09:46:42.931+0300][138,791s][info][gc] GC(2098) Pause Full (Allocation Failure) 123M->123M(123M) 48,520ms
[2021-04-30T09:46:42.984+0300][138,844s][info][gc] GC(2099) Pause Full (Allocation Failure) 123M->123M(123M) 53,207ms
[2021-04-30T09:46:43.033+0300][138,893s][info][gc] GC(2100) Pause Full (Allocation Failure) 123M->123M(123M) 48,539ms
[2021-04-30T09:46:43.082+0300][138,942s][info][gc] GC(2101) Pause Full (Allocation Failure) 123M->123M(123M) 48,598ms
[2021-04-30T09:46:43.132+0300][138,992s][info][gc] GC(2102) Pause Full (Allocation Failure) 123M->123M(123M) 49,224ms
[2021-04-30T09:46:43.181+0300][139,040s][info][gc] GC(2103) Pause Full (Allocation Failure) 123M->123M(123M) 48,633ms
[2021-04-30T09:46:43.230+0300][139,090s][info][gc] GC(2104) Pause Full (Allocation Failure) 123M->123M(123M) 48,877ms
[2021-04-30T09:46:43.286+0300][139,146s][info][gc] GC(2105) Pause Full (Allocation Failure) 123M->123M(123M) 56,109ms
[2021-04-30T09:46:43.338+0300][139,198s][info][gc] GC(2106) Pause Full (Allocation Failure) 123M->123M(123M) 51,676ms
[2021-04-30T09:46:43.390+0300][139,250s][info][gc] GC(2107) Pause Full (Allocation Failure) 123M->123M(123M) 51,246ms
[2021-04-30T09:46:43.440+0300][139,300s][info][gc] GC(2108) Pause Full (Allocation Failure) 123M->123M(123M) 49,398ms
[2021-04-30T09:46:43.488+0300][139,348s][info][gc] GC(2109) Pause Full (Allocation Failure) 123M->123M(123M) 48,197ms
[2021-04-30T09:46:43.539+0300][139,398s][info][gc] GC(2110) Pause Full (Allocation Failure) 123M->123M(123M) 49,961ms
[2021-04-30T09:46:43.590+0300][139,450s][info][gc] GC(2111) Pause Full (Allocation Failure) 123M->123M(123M) 51,230ms
[2021-04-30T09:46:43.639+0300][139,499s][info][gc] GC(2112) Pause Full (Allocation Failure) 123M->123M(123M) 49,005ms
[2021-04-30T09:46:43.689+0300][139,549s][info][gc] GC(2113) Pause Full (Allocation Failure) 123M->123M(123M) 49,559ms
[2021-04-30T09:46:43.738+0300][139,598s][info][gc] GC(2114) Pause Full (Allocation Failure) 123M->123M(123M) 48,322ms
[2021-04-30T09:46:43.790+0300][139,650s][info][gc] GC(2115) Pause Full (Allocation Failure) 123M->123M(123M) 51,395ms
[2021-04-30T09:46:43.839+0300][139,699s][info][gc] GC(2116) Pause Full (Allocation Failure) 123M->123M(123M) 49,056ms
[2021-04-30T09:46:43.887+0300][139,747s][info][gc] GC(2117) Pause Full (Allocation Failure) 123M->123M(123M) 48,216ms
[2021-04-30T09:46:43.938+0300][139,797s][info][gc] GC(2118) Pause Full (Allocation Failure) 123M->123M(123M) 49,953ms
[2021-04-30T09:46:43.988+0300][139,848s][info][gc] GC(2119) Pause Full (Allocation Failure) 123M->123M(123M) 49,806ms
[2021-04-30T09:46:44.038+0300][139,898s][info][gc] GC(2120) Pause Full (Allocation Failure) 123M->123M(123M) 49,864ms
[2021-04-30T09:46:44.089+0300][139,948s][info][gc] GC(2121) Pause Full (Allocation Failure) 123M->123M(123M) 50,379ms
[2021-04-30T09:46:44.140+0300][140,000s][info][gc] GC(2122) Pause Full (Allocation Failure) 123M->123M(123M) 51,056ms
[2021-04-30T09:46:44.191+0300][140,051s][info][gc] GC(2123) Pause Full (Allocation Failure) 123M->123M(123M) 50,942ms
[2021-04-30T09:46:44.240+0300][140,100s][info][gc] GC(2124) Pause Full (Allocation Failure) 123M->123M(123M) 48,863ms
[2021-04-30T09:46:44.293+0300][140,153s][info][gc] GC(2125) Pause Full (Allocation Failure) 123M->123M(123M) 53,058ms
[2021-04-30T09:46:44.342+0300][140,202s][info][gc] GC(2126) Pause Full (Allocation Failure) 123M->123M(123M) 48,427ms
[2021-04-30T09:46:44.391+0300][140,251s][info][gc] GC(2127) Pause Full (Allocation Failure) 123M->123M(123M) 48,519ms
[2021-04-30T09:46:44.440+0300][140,300s][info][gc] GC(2128) Pause Full (Allocation Failure) 123M->123M(123M) 48,651ms
[2021-04-30T09:46:44.489+0300][140,349s][info][gc] GC(2129) Pause Full (Allocation Failure) 123M->123M(123M) 49,186ms
[2021-04-30T09:46:44.538+0300][140,398s][info][gc] GC(2130) Pause Full (Allocation Failure) 123M->123M(123M) 48,482ms
[2021-04-30T09:46:44.588+0300][140,448s][info][gc] GC(2131) Pause Full (Allocation Failure) 123M->123M(123M) 50,079ms
[2021-04-30T09:46:44.637+0300][140,497s][info][gc] GC(2132) Pause Full (Allocation Failure) 123M->123M(123M) 48,466ms
[2021-04-30T09:46:44.686+0300][140,546s][info][gc] GC(2133) Pause Full (Allocation Failure) 123M->123M(123M) 48,460ms
[2021-04-30T09:46:44.735+0300][140,595s][info][gc] GC(2134) Pause Full (Allocation Failure) 123M->123M(123M) 49,088ms
[2021-04-30T09:46:44.783+0300][140,643s][info][gc] GC(2135) Pause Full (Allocation Failure) 123M->123M(123M) 48,302ms
[2021-04-30T09:46:44.833+0300][140,692s][info][gc] GC(2136) Pause Full (Allocation Failure) 123M->123M(123M) 48,938ms
[2021-04-30T09:46:44.881+0300][140,741s][info][gc] GC(2137) Pause Full (Allocation Failure) 123M->123M(123M) 48,197ms
[2021-04-30T09:46:44.930+0300][140,790s][info][gc] GC(2138) Pause Full (Allocation Failure) 123M->123M(123M) 49,140ms
[2021-04-30T09:46:44.984+0300][140,843s][info][gc] GC(2139) Pause Full (Allocation Failure) 123M->123M(123M) 53,185ms
[2021-04-30T09:46:45.032+0300][140,892s][info][gc] GC(2140) Pause Full (Allocation Failure) 123M->123M(123M) 48,721ms
[2021-04-30T09:46:45.081+0300][140,941s][info][gc] GC(2141) Pause Full (Allocation Failure) 123M->123M(123M) 48,563ms
[2021-04-30T09:46:45.132+0300][140,992s][info][gc] GC(2142) Pause Full (Allocation Failure) 123M->123M(123M) 50,355ms
[2021-04-30T09:46:45.181+0300][141,041s][info][gc] GC(2143) Pause Full (Allocation Failure) 123M->123M(123M) 48,491ms
[2021-04-30T09:46:45.230+0300][141,090s][info][gc] GC(2144) Pause Full (Allocation Failure) 123M->123M(123M) 49,480ms
[2021-04-30T09:46:45.280+0300][141,139s][info][gc] GC(2145) Pause Full (Allocation Failure) 123M->123M(123M) 48,687ms
[2021-04-30T09:46:45.330+0300][141,190s][info][gc] GC(2146) Pause Full (Allocation Failure) 123M->123M(123M) 49,569ms
[2021-04-30T09:46:45.381+0300][141,241s][info][gc] GC(2147) Pause Full (Allocation Failure) 123M->123M(123M) 50,917ms
[2021-04-30T09:46:45.430+0300][141,289s][info][gc] GC(2148) Pause Full (Allocation Failure) 123M->123M(123M) 48,568ms
[2021-04-30T09:46:45.479+0300][141,339s][info][gc] GC(2149) Pause Full (Allocation Failure) 123M->123M(123M) 48,984ms
[2021-04-30T09:46:45.528+0300][141,388s][info][gc] GC(2150) Pause Full (Allocation Failure) 123M->123M(123M) 49,298ms
[2021-04-30T09:46:45.577+0300][141,437s][info][gc] GC(2151) Pause Full (Allocation Failure) 123M->123M(123M) 48,707ms
[2021-04-30T09:46:45.627+0300][141,487s][info][gc] GC(2152) Pause Full (Allocation Failure) 123M->123M(123M) 49,855ms
[2021-04-30T09:46:45.676+0300][141,536s][info][gc] GC(2153) Pause Full (Allocation Failure) 123M->123M(123M) 48,426ms
[2021-04-30T09:46:45.725+0300][141,584s][info][gc] GC(2154) Pause Full (Allocation Failure) 123M->123M(123M) 48,700ms
[2021-04-30T09:46:45.774+0300][141,634s][info][gc] GC(2155) Pause Full (Allocation Failure) 123M->123M(123M) 49,635ms
[2021-04-30T09:46:45.823+0300][141,683s][info][gc] GC(2156) Pause Full (Allocation Failure) 123M->123M(123M) 48,423ms
[2021-04-30T09:46:45.874+0300][141,734s][info][gc] GC(2157) Pause Full (Allocation Failure) 123M->123M(123M) 50,422ms
[2021-04-30T09:46:45.922+0300][141,782s][info][gc] GC(2158) Pause Full (Allocation Failure) 123M->123M(123M) 48,191ms
[2021-04-30T09:46:45.974+0300][141,834s][info][gc] GC(2159) Pause Full (Allocation Failure) 123M->123M(123M) 51,807ms
[2021-04-30T09:46:46.024+0300][141,884s][info][gc] GC(2160) Pause Full (Allocation Failure) 123M->123M(123M) 49,349ms
[2021-04-30T09:46:46.072+0300][141,932s][info][gc] GC(2161) Pause Full (Allocation Failure) 123M->123M(123M) 48,068ms
[2021-04-30T09:46:46.121+0300][141,980s][info][gc] GC(2162) Pause Full (Allocation Failure) 123M->123M(123M) 48,093ms
[2021-04-30T09:46:46.170+0300][142,030s][info][gc] GC(2163) Pause Full (Allocation Failure) 123M->123M(123M) 48,957ms
[2021-04-30T09:46:46.218+0300][142,078s][info][gc] GC(2164) Pause Full (Allocation Failure) 123M->123M(123M) 47,920ms
[2021-04-30T09:46:46.267+0300][142,127s][info][gc] GC(2165) Pause Full (Allocation Failure) 123M->123M(123M) 48,487ms
[2021-04-30T09:46:46.317+0300][142,176s][info][gc] GC(2166) Pause Full (Allocation Failure) 123M->123M(123M) 49,618ms
[2021-04-30T09:46:46.365+0300][142,225s][info][gc] GC(2167) Pause Full (Allocation Failure) 123M->123M(123M) 47,924ms
[2021-04-30T09:46:46.415+0300][142,275s][info][gc] GC(2168) Pause Full (Allocation Failure) 123M->123M(123M) 50,215ms
[2021-04-30T09:46:46.463+0300][142,323s][info][gc] GC(2169) Pause Full (Allocation Failure) 123M->123M(123M) 47,959ms
[2021-04-30T09:46:46.512+0300][142,371s][info][gc] GC(2170) Pause Full (Allocation Failure) 123M->123M(123M) 47,930ms
[2021-04-30T09:46:46.560+0300][142,420s][info][gc] GC(2171) Pause Full (Allocation Failure) 123M->123M(123M) 47,929ms
[2021-04-30T09:46:46.609+0300][142,468s][info][gc] GC(2172) Pause Full (Allocation Failure) 123M->123M(123M) 48,732ms
[2021-04-30T09:46:46.657+0300][142,517s][info][gc] GC(2173) Pause Full (Allocation Failure) 123M->123M(123M) 48,276ms
[2021-04-30T09:46:46.706+0300][142,566s][info][gc] GC(2174) Pause Full (Allocation Failure) 123M->123M(123M) 48,694ms
[2021-04-30T09:46:46.754+0300][142,614s][info][gc] GC(2175) Pause Full (Allocation Failure) 123M->123M(123M) 48,058ms
[2021-04-30T09:46:46.805+0300][142,665s][info][gc] GC(2176) Pause Full (Allocation Failure) 123M->123M(123M) 51,127ms
[2021-04-30T09:46:46.855+0300][142,715s][info][gc] GC(2177) Pause Full (Allocation Failure) 123M->123M(123M) 49,563ms
[2021-04-30T09:46:46.904+0300][142,763s][info][gc] GC(2178) Pause Full (Allocation Failure) 123M->123M(123M) 48,095ms
[2021-04-30T09:46:46.955+0300][142,815s][info][gc] GC(2179) Pause Full (Allocation Failure) 123M->123M(123M) 51,530ms
[2021-04-30T09:46:47.003+0300][142,863s][info][gc] GC(2180) Pause Full (Allocation Failure) 123M->123M(123M) 47,905ms
[2021-04-30T09:46:47.052+0300][142,912s][info][gc] GC(2181) Pause Full (Allocation Failure) 123M->123M(123M) 48,277ms
[2021-04-30T09:46:47.101+0300][142,961s][info][gc] GC(2182) Pause Full (Allocation Failure) 123M->123M(123M) 48,991ms
[2021-04-30T09:46:47.151+0300][143,011s][info][gc] GC(2183) Pause Full (Allocation Failure) 123M->123M(123M) 49,797ms
[2021-04-30T09:46:47.200+0300][143,059s][info][gc] GC(2184) Pause Full (Allocation Failure) 123M->123M(123M) 48,398ms
[2021-04-30T09:46:47.249+0300][143,109s][info][gc] GC(2185) Pause Full (Allocation Failure) 123M->123M(123M) 49,044ms
[2021-04-30T09:46:47.297+0300][143,157s][info][gc] GC(2186) Pause Full (Allocation Failure) 123M->123M(123M) 47,994ms
[2021-04-30T09:46:47.347+0300][143,207s][info][gc] GC(2187) Pause Full (Allocation Failure) 123M->123M(123M) 49,325ms
[2021-04-30T09:46:47.396+0300][143,256s][info][gc] GC(2188) Pause Full (Allocation Failure) 123M->123M(123M) 48,967ms
[2021-04-30T09:46:47.446+0300][143,306s][info][gc] GC(2189) Pause Full (Allocation Failure) 123M->123M(123M) 49,485ms
[2021-04-30T09:46:47.494+0300][143,354s][info][gc] GC(2190) Pause Full (Allocation Failure) 123M->123M(123M) 48,411ms
[2021-04-30T09:46:47.543+0300][143,403s][info][gc] GC(2191) Pause Full (Allocation Failure) 123M->123M(123M) 47,988ms
[2021-04-30T09:46:47.593+0300][143,453s][info][gc] GC(2192) Pause Full (Allocation Failure) 123M->123M(123M) 50,558ms
[2021-04-30T09:46:47.643+0300][143,503s][info][gc] GC(2193) Pause Full (Allocation Failure) 123M->123M(123M) 49,160ms
[2021-04-30T09:46:47.691+0300][143,551s][info][gc] GC(2194) Pause Full (Allocation Failure) 123M->123M(123M) 47,965ms
[2021-04-30T09:46:47.740+0300][143,600s][info][gc] GC(2195) Pause Full (Allocation Failure) 123M->123M(123M) 49,321ms
[2021-04-30T09:46:47.788+0300][143,648s][info][gc] GC(2196) Pause Full (Allocation Failure) 123M->123M(123M) 47,971ms
[2021-04-30T09:46:47.837+0300][143,697s][info][gc] GC(2197) Pause Full (Allocation Failure) 123M->123M(123M) 48,240ms
[2021-04-30T09:46:47.886+0300][143,745s][info][gc] GC(2198) Pause Full (Allocation Failure) 123M->123M(123M) 48,672ms
[2021-04-30T09:46:47.939+0300][143,799s][info][gc] GC(2199) Pause Full (Allocation Failure) 123M->123M(123M) 53,153ms
[2021-04-30T09:46:47.989+0300][143,849s][info][gc] GC(2200) Pause Full (Allocation Failure) 123M->123M(123M) 49,583ms
[2021-04-30T09:46:48.038+0300][143,898s][info][gc] GC(2201) Pause Full (Allocation Failure) 123M->123M(123M) 48,347ms
[2021-04-30T09:46:48.086+0300][143,946s][info][gc] GC(2202) Pause Full (Allocation Failure) 123M->123M(123M) 48,131ms
[2021-04-30T09:46:48.136+0300][143,996s][info][gc] GC(2203) Pause Full (Allocation Failure) 123M->123M(123M) 49,209ms
[2021-04-30T09:46:48.184+0300][144,044s][info][gc] GC(2204) Pause Full (Allocation Failure) 123M->123M(123M) 48,065ms
[2021-04-30T09:46:48.233+0300][144,093s][info][gc] GC(2205) Pause Full (Allocation Failure) 123M->123M(123M) 48,619ms
[2021-04-30T09:46:48.287+0300][144,147s][info][gc] GC(2206) Pause Full (Allocation Failure) 123M->123M(123M) 53,492ms
[2021-04-30T09:46:48.339+0300][144,199s][info][gc] GC(2207) Pause Full (Allocation Failure) 123M->123M(123M) 51,476ms
[2021-04-30T09:46:48.390+0300][144,250s][info][gc] GC(2208) Pause Full (Allocation Failure) 123M->123M(123M) 50,643ms
[2021-04-30T09:46:48.440+0300][144,300s][info][gc] GC(2209) Pause Full (Allocation Failure) 123M->123M(123M) 49,585ms
[2021-04-30T09:46:48.490+0300][144,349s][info][gc] GC(2210) Pause Full (Allocation Failure) 123M->123M(123M) 48,899ms
[2021-04-30T09:46:48.538+0300][144,398s][info][gc] GC(2211) Pause Full (Allocation Failure) 123M->123M(123M) 48,578ms
[2021-04-30T09:46:48.587+0300][144,447s][info][gc] GC(2212) Pause Full (Allocation Failure) 123M->123M(123M) 47,984ms
[2021-04-30T09:46:48.635+0300][144,495s][info][gc] GC(2213) Pause Full (Allocation Failure) 123M->123M(123M) 48,280ms
[2021-04-30T09:46:48.686+0300][144,546s][info][gc] GC(2214) Pause Full (Allocation Failure) 123M->123M(123M) 50,817ms
[2021-04-30T09:46:48.735+0300][144,595s][info][gc] GC(2215) Pause Full (Allocation Failure) 123M->123M(123M) 48,446ms
[2021-04-30T09:46:48.784+0300][144,644s][info][gc] GC(2216) Pause Full (Allocation Failure) 123M->123M(123M) 48,327ms
[2021-04-30T09:46:48.834+0300][144,693s][info][gc] GC(2217) Pause Full (Allocation Failure) 123M->123M(123M) 49,144ms
[2021-04-30T09:46:48.882+0300][144,742s][info][gc] GC(2218) Pause Full (Allocation Failure) 123M->123M(123M) 48,399ms
[2021-04-30T09:46:48.932+0300][144,792s][info][gc] GC(2219) Pause Full (Allocation Failure) 123M->123M(123M) 49,111ms
[2021-04-30T09:46:48.985+0300][144,845s][info][gc] GC(2220) Pause Full (Allocation Failure) 123M->123M(123M) 53,091ms
[2021-04-30T09:46:49.035+0300][144,895s][info][gc] GC(2221) Pause Full (Allocation Failure) 123M->123M(123M) 49,425ms
[2021-04-30T09:46:49.084+0300][144,944s][info][gc] GC(2222) Pause Full (Allocation Failure) 123M->123M(123M) 48,831ms
[2021-04-30T09:46:49.136+0300][144,996s][info][gc] GC(2223) Pause Full (Allocation Failure) 123M->123M(123M) 51,220ms
[2021-04-30T09:46:49.188+0300][145,048s][info][gc] GC(2224) Pause Full (Allocation Failure) 123M->123M(123M) 51,676ms
[2021-04-30T09:46:49.237+0300][145,097s][info][gc] GC(2225) Pause Full (Allocation Failure) 123M->123M(123M) 48,724ms
[2021-04-30T09:46:49.286+0300][145,146s][info][gc] GC(2226) Pause Full (Allocation Failure) 123M->123M(123M) 48,231ms
[2021-04-30T09:46:49.335+0300][145,195s][info][gc] GC(2227) Pause Full (Allocation Failure) 123M->123M(123M) 48,922ms
[2021-04-30T09:46:49.386+0300][145,246s][info][gc] GC(2228) Pause Full (Allocation Failure) 123M->123M(123M) 49,949ms
[2021-04-30T09:46:49.436+0300][145,296s][info][gc] GC(2229) Pause Full (Allocation Failure) 123M->123M(123M) 50,219ms
[2021-04-30T09:46:49.486+0300][145,346s][info][gc] GC(2230) Pause Full (Allocation Failure) 123M->123M(123M) 49,378ms
[2021-04-30T09:46:49.537+0300][145,397s][info][gc] GC(2231) Pause Full (Allocation Failure) 123M->123M(123M) 50,374ms
[2021-04-30T09:46:49.587+0300][145,447s][info][gc] GC(2232) Pause Full (Allocation Failure) 123M->123M(123M) 49,489ms
[2021-04-30T09:46:49.637+0300][145,497s][info][gc] GC(2233) Pause Full (Allocation Failure) 123M->123M(123M) 49,702ms
[2021-04-30T09:46:49.685+0300][145,545s][info][gc] GC(2234) Pause Full (Allocation Failure) 123M->123M(123M) 48,058ms
[2021-04-30T09:46:49.736+0300][145,596s][info][gc] GC(2235) Pause Full (Allocation Failure) 123M->123M(123M) 50,180ms
[2021-04-30T09:46:49.786+0300][145,646s][info][gc] GC(2236) Pause Full (Allocation Failure) 123M->123M(123M) 50,183ms
[2021-04-30T09:46:49.836+0300][145,696s][info][gc] GC(2237) Pause Full (Allocation Failure) 123M->123M(123M) 49,572ms
[2021-04-30T09:46:49.886+0300][145,746s][info][gc] GC(2238) Pause Full (Allocation Failure) 123M->123M(123M) 49,032ms
[2021-04-30T09:46:49.947+0300][145,807s][info][gc] GC(2239) Pause Full (Allocation Failure) 123M->123M(123M) 61,282ms
[2021-04-30T09:46:50.003+0300][145,863s][info][gc] GC(2240) Pause Full (Allocation Failure) 123M->123M(123M) 55,442ms
[2021-04-30T09:46:50.055+0300][145,915s][info][gc] GC(2241) Pause Full (Allocation Failure) 123M->123M(123M) 51,656ms
[2021-04-30T09:46:50.106+0300][145,966s][info][gc] GC(2242) Pause Full (Allocation Failure) 123M->123M(123M) 50,296ms
[2021-04-30T09:46:50.155+0300][146,014s][info][gc] GC(2243) Pause Full (Allocation Failure) 123M->123M(123M) 47,920ms
[2021-04-30T09:46:50.203+0300][146,063s][info][gc] GC(2244) Pause Full (Allocation Failure) 123M->123M(123M) 48,094ms
[2021-04-30T09:46:50.254+0300][146,114s][info][gc] GC(2245) Pause Full (Allocation Failure) 123M->123M(123M) 49,934ms
[2021-04-30T09:46:50.304+0300][146,164s][info][gc] GC(2246) Pause Full (Allocation Failure) 123M->123M(123M) 49,843ms
[2021-04-30T09:46:50.355+0300][146,215s][info][gc] GC(2247) Pause Full (Allocation Failure) 123M->123M(123M) 50,182ms
[2021-04-30T09:46:50.404+0300][146,264s][info][gc] GC(2248) Pause Full (Allocation Failure) 123M->123M(123M) 48,905ms
[2021-04-30T09:46:50.452+0300][146,312s][info][gc] GC(2249) Pause Full (Allocation Failure) 123M->123M(123M) 47,888ms
[2021-04-30T09:46:50.501+0300][146,360s][info][gc] GC(2250) Pause Full (Allocation Failure) 123M->123M(123M) 48,079ms
[2021-04-30T09:46:50.550+0300][146,409s][info][gc] GC(2251) Pause Full (Allocation Failure) 123M->123M(123M) 48,560ms
[2021-04-30T09:46:50.600+0300][146,460s][info][gc] GC(2252) Pause Full (Allocation Failure) 123M->123M(123M) 49,927ms
[2021-04-30T09:46:50.650+0300][146,510s][info][gc] GC(2253) Pause Full (Allocation Failure) 123M->123M(123M) 49,672ms
[2021-04-30T09:46:50.698+0300][146,558s][info][gc] GC(2254) Pause Full (Allocation Failure) 123M->123M(123M) 48,031ms
[2021-04-30T09:46:50.747+0300][146,607s][info][gc] GC(2255) Pause Full (Allocation Failure) 123M->123M(123M) 48,406ms
[2021-04-30T09:46:50.796+0300][146,656s][info][gc] GC(2256) Pause Full (Allocation Failure) 123M->123M(123M) 48,951ms
[2021-04-30T09:46:50.844+0300][146,704s][info][gc] GC(2257) Pause Full (Allocation Failure) 123M->123M(123M) 47,382ms
[2021-04-30T09:46:50.892+0300][146,752s][info][gc] GC(2258) Pause Full (Allocation Failure) 123M->123M(123M) 47,897ms
[2021-04-30T09:46:50.942+0300][146,802s][info][gc] GC(2259) Pause Full (Allocation Failure) 123M->123M(123M) 50,147ms
[2021-04-30T09:46:50.991+0300][146,851s][info][gc] GC(2260) Pause Full (Allocation Failure) 123M->123M(123M) 48,990ms
[2021-04-30T09:46:51.040+0300][146,900s][info][gc] GC(2261) Pause Full (Allocation Failure) 123M->123M(123M) 48,576ms
[2021-04-30T09:46:51.088+0300][146,948s][info][gc] GC(2262) Pause Full (Allocation Failure) 123M->123M(123M) 47,619ms
[2021-04-30T09:46:51.136+0300][146,996s][info][gc] GC(2263) Pause Full (Allocation Failure) 123M->123M(123M) 48,214ms
[2021-04-30T09:46:51.185+0300][147,044s][info][gc] GC(2264) Pause Full (Allocation Failure) 123M->123M(123M) 47,931ms
[2021-04-30T09:46:51.233+0300][147,093s][info][gc] GC(2265) Pause Full (Allocation Failure) 123M->123M(123M) 48,525ms
[2021-04-30T09:46:51.284+0300][147,144s][info][gc] GC(2266) Pause Full (Allocation Failure) 123M->123M(123M) 50,171ms
[2021-04-30T09:46:51.332+0300][147,192s][info][gc] GC(2267) Pause Full (Allocation Failure) 123M->123M(123M) 48,179ms
[2021-04-30T09:46:51.380+0300][147,240s][info][gc] GC(2268) Pause Full (Allocation Failure) 123M->123M(123M) 47,789ms
[2021-04-30T09:46:51.430+0300][147,289s][info][gc] GC(2269) Pause Full (Allocation Failure) 123M->123M(123M) 48,917ms
[2021-04-30T09:46:51.479+0300][147,339s][info][gc] GC(2270) Pause Full (Allocation Failure) 123M->123M(123M) 49,157ms
[2021-04-30T09:46:51.528+0300][147,388s][info][gc] GC(2271) Pause Full (Allocation Failure) 123M->123M(123M) 48,475ms
[2021-04-30T09:46:51.576+0300][147,436s][info][gc] GC(2272) Pause Full (Allocation Failure) 123M->123M(123M) 48,449ms
[2021-04-30T09:46:51.624+0300][147,484s][info][gc] GC(2273) Pause Full (Allocation Failure) 123M->123M(123M) 47,765ms
[2021-04-30T09:46:51.673+0300][147,533s][info][gc] GC(2274) Pause Full (Allocation Failure) 123M->123M(123M) 48,327ms
[2021-04-30T09:46:51.721+0300][147,581s][info][gc] GC(2275) Pause Full (Allocation Failure) 123M->123M(123M) 47,779ms
[2021-04-30T09:46:51.769+0300][147,629s][info][gc] GC(2276) Pause Full (Allocation Failure) 123M->123M(123M) 48,328ms
[2021-04-30T09:46:51.818+0300][147,678s][info][gc] GC(2277) Pause Full (Allocation Failure) 123M->123M(123M) 48,847ms
[2021-04-30T09:46:51.866+0300][147,726s][info][gc] GC(2278) Pause Full (Allocation Failure) 123M->123M(123M) 47,967ms
[2021-04-30T09:46:51.915+0300][147,775s][info][gc] GC(2279) Pause Full (Allocation Failure) 123M->123M(123M) 48,222ms
[2021-04-30T09:46:51.966+0300][147,826s][info][gc] GC(2280) Pause Full (Allocation Failure) 123M->123M(123M) 50,661ms
[2021-04-30T09:46:52.014+0300][147,874s][info][gc] GC(2281) Pause Full (Allocation Failure) 123M->123M(123M) 48,078ms
[2021-04-30T09:46:52.062+0300][147,922s][info][gc] GC(2282) Pause Full (Allocation Failure) 123M->123M(123M) 47,896ms
[2021-04-30T09:46:52.112+0300][147,972s][info][gc] GC(2283) Pause Full (Allocation Failure) 123M->123M(123M) 49,966ms
[2021-04-30T09:46:52.161+0300][148,020s][info][gc] GC(2284) Pause Full (Allocation Failure) 123M->123M(123M) 47,919ms
[2021-04-30T09:46:52.211+0300][148,071s][info][gc] GC(2285) Pause Full (Allocation Failure) 123M->123M(123M) 49,763ms
[2021-04-30T09:46:52.259+0300][148,119s][info][gc] GC(2286) Pause Full (Allocation Failure) 123M->123M(123M) 48,425ms
[2021-04-30T09:46:52.308+0300][148,167s][info][gc] GC(2287) Pause Full (Allocation Failure) 123M->123M(123M) 48,089ms
[2021-04-30T09:46:52.357+0300][148,217s][info][gc] GC(2288) Pause Full (Allocation Failure) 123M->123M(123M) 49,180ms
[2021-04-30T09:46:52.405+0300][148,265s][info][gc] GC(2289) Pause Full (Allocation Failure) 123M->123M(123M) 48,121ms
[2021-04-30T09:46:52.454+0300][148,314s][info][gc] GC(2290) Pause Full (Allocation Failure) 123M->123M(123M) 48,714ms
[2021-04-30T09:46:52.504+0300][148,364s][info][gc] GC(2291) Pause Full (Allocation Failure) 123M->123M(123M) 49,460ms
[2021-04-30T09:46:52.552+0300][148,412s][info][gc] GC(2292) Pause Full (Allocation Failure) 123M->123M(123M) 48,122ms
[2021-04-30T09:46:52.603+0300][148,463s][info][gc] GC(2293) Pause Full (Allocation Failure) 123M->123M(123M) 50,080ms
[2021-04-30T09:46:52.651+0300][148,511s][info][gc] GC(2294) Pause Full (Allocation Failure) 123M->123M(123M) 47,999ms
[2021-04-30T09:46:52.699+0300][148,559s][info][gc] GC(2295) Pause Full (Allocation Failure) 123M->123M(123M) 47,929ms
[2021-04-30T09:46:52.749+0300][148,608s][info][gc] GC(2296) Pause Full (Allocation Failure) 123M->123M(123M) 49,115ms
[2021-04-30T09:46:52.797+0300][148,657s][info][gc] GC(2297) Pause Full (Allocation Failure) 123M->123M(123M) 48,073ms
[2021-04-30T09:46:52.846+0300][148,705s][info][gc] GC(2298) Pause Full (Allocation Failure) 123M->123M(123M) 48,516ms
[2021-04-30T09:46:52.897+0300][148,757s][info][gc] GC(2299) Pause Full (Allocation Failure) 123M->123M(123M) 50,872ms
[2021-04-30T09:46:52.947+0300][148,807s][info][gc] GC(2300) Pause Full (Allocation Failure) 123M->123M(123M) 49,290ms
[2021-04-30T09:46:52.997+0300][148,857s][info][gc] GC(2301) Pause Full (Allocation Failure) 123M->123M(123M) 49,981ms
[2021-04-30T09:46:53.046+0300][148,906s][info][gc] GC(2302) Pause Full (Allocation Failure) 123M->123M(123M) 48,805ms
[2021-04-30T09:46:53.098+0300][148,958s][info][gc] GC(2303) Pause Full (Allocation Failure) 123M->123M(123M) 51,484ms
[2021-04-30T09:46:53.148+0300][149,008s][info][gc] GC(2304) Pause Full (Allocation Failure) 123M->123M(123M) 49,640ms
[2021-04-30T09:46:53.196+0300][149,056s][info][gc] GC(2305) Pause Full (Allocation Failure) 123M->123M(123M) 47,834ms
[2021-04-30T09:46:53.245+0300][149,105s][info][gc] GC(2306) Pause Full (Allocation Failure) 123M->123M(123M) 49,101ms
[2021-04-30T09:46:53.295+0300][149,155s][info][gc] GC(2307) Pause Full (Allocation Failure) 123M->123M(123M) 49,607ms
[2021-04-30T09:46:53.343+0300][149,203s][info][gc] GC(2308) Pause Full (Allocation Failure) 123M->123M(123M) 47,825ms
[2021-04-30T09:46:53.392+0300][149,252s][info][gc] GC(2309) Pause Full (Allocation Failure) 123M->123M(123M) 48,831ms
[2021-04-30T09:46:53.442+0300][149,302s][info][gc] GC(2310) Pause Full (Allocation Failure) 123M->123M(123M) 49,766ms
[2021-04-30T09:46:53.490+0300][149,350s][info][gc] GC(2311) Pause Full (Allocation Failure) 123M->123M(123M) 47,898ms
[2021-04-30T09:46:53.540+0300][149,400s][info][gc] GC(2312) Pause Full (Allocation Failure) 123M->123M(123M) 49,529ms
[2021-04-30T09:46:53.588+0300][149,448s][info][gc] GC(2313) Pause Full (Allocation Failure) 123M->123M(123M) 47,936ms
[2021-04-30T09:46:53.636+0300][149,496s][info][gc] GC(2314) Pause Full (Allocation Failure) 123M->123M(123M) 47,961ms
[2021-04-30T09:46:53.686+0300][149,546s][info][gc] GC(2315) Pause Full (Allocation Failure) 123M->123M(123M) 49,313ms
[2021-04-30T09:46:53.734+0300][149,594s][info][gc] GC(2316) Pause Full (Allocation Failure) 123M->123M(123M) 48,048ms
[2021-04-30T09:46:53.783+0300][149,643s][info][gc] GC(2317) Pause Full (Allocation Failure) 123M->123M(123M) 49,286ms
[2021-04-30T09:46:53.832+0300][149,692s][info][gc] GC(2318) Pause Full (Allocation Failure) 123M->123M(123M) 48,343ms
[2021-04-30T09:46:53.880+0300][149,740s][info][gc] GC(2319) Pause Full (Allocation Failure) 123M->123M(123M) 47,858ms
[2021-04-30T09:46:53.929+0300][149,789s][info][gc] GC(2320) Pause Full (Allocation Failure) 123M->123M(123M) 48,795ms
[2021-04-30T09:46:53.981+0300][149,841s][info][gc] GC(2321) Pause Full (Allocation Failure) 123M->123M(123M) 51,552ms
[2021-04-30T09:46:54.029+0300][149,889s][info][gc] GC(2322) Pause Full (Allocation Failure) 123M->123M(123M) 48,144ms
[2021-04-30T09:46:54.081+0300][149,940s][info][gc] GC(2323) Pause Full (Allocation Failure) 123M->123M(123M) 51,129ms
[2021-04-30T09:46:54.129+0300][149,989s][info][gc] GC(2324) Pause Full (Allocation Failure) 123M->123M(123M) 48,054ms
[2021-04-30T09:46:54.178+0300][150,038s][info][gc] GC(2325) Pause Full (Allocation Failure) 123M->123M(123M) 49,307ms
[2021-04-30T09:46:54.229+0300][150,089s][info][gc] GC(2326) Pause Full (Allocation Failure) 123M->123M(123M) 50,062ms
[2021-04-30T09:46:54.277+0300][150,137s][info][gc] GC(2327) Pause Full (Allocation Failure) 123M->123M(123M) 48,201ms
[2021-04-30T09:46:54.328+0300][150,188s][info][gc] GC(2328) Pause Full (Allocation Failure) 123M->123M(123M) 50,611ms
[2021-04-30T09:46:54.377+0300][150,236s][info][gc] GC(2329) Pause Full (Allocation Failure) 123M->123M(123M) 48,349ms
[2021-04-30T09:46:54.425+0300][150,285s][info][gc] GC(2330) Pause Full (Allocation Failure) 123M->123M(123M) 48,619ms
[2021-04-30T09:46:54.475+0300][150,335s][info][gc] GC(2331) Pause Full (Allocation Failure) 123M->123M(123M) 49,289ms
[2021-04-30T09:46:54.525+0300][150,385s][info][gc] GC(2332) Pause Full (Allocation Failure) 123M->123M(123M) 50,023ms
[2021-04-30T09:46:54.578+0300][150,437s][info][gc] GC(2333) Pause Full (Allocation Failure) 123M->123M(123M) 52,280ms
[2021-04-30T09:46:54.630+0300][150,490s][info][gc] GC(2334) Pause Full (Allocation Failure) 123M->123M(123M) 52,381ms
[2021-04-30T09:46:54.681+0300][150,540s][info][gc] GC(2335) Pause Full (Allocation Failure) 123M->123M(123M) 49,898ms
[2021-04-30T09:46:54.731+0300][150,591s][info][gc] GC(2336) Pause Full (Allocation Failure) 123M->123M(123M) 50,047ms
[2021-04-30T09:46:54.780+0300][150,640s][info][gc] GC(2337) Pause Full (Allocation Failure) 123M->123M(123M) 48,761ms
[2021-04-30T09:46:54.833+0300][150,693s][info][gc] GC(2338) Pause Full (Allocation Failure) 123M->123M(123M) 52,784ms
[2021-04-30T09:46:54.885+0300][150,745s][info][gc] GC(2339) Pause Full (Allocation Failure) 123M->123M(123M) 51,875ms
[2021-04-30T09:46:54.934+0300][150,794s][info][gc] GC(2340) Pause Full (Allocation Failure) 123M->123M(123M) 48,321ms
[2021-04-30T09:46:54.987+0300][150,846s][info][gc] GC(2341) Pause Full (Allocation Failure) 123M->123M(123M) 52,268ms
[2021-04-30T09:46:55.037+0300][150,896s][info][gc] GC(2342) Pause Full (Allocation Failure) 123M->123M(123M) 49,785ms
[2021-04-30T09:46:55.086+0300][150,945s][info][gc] GC(2343) Pause Full (Allocation Failure) 123M->123M(123M) 48,790ms
[2021-04-30T09:46:55.137+0300][150,997s][info][gc] GC(2344) Pause Full (Allocation Failure) 123M->123M(123M) 51,095ms
[2021-04-30T09:46:55.185+0300][151,045s][info][gc] GC(2345) Pause Full (Allocation Failure) 123M->123M(123M) 48,418ms
[2021-04-30T09:46:55.236+0300][151,095s][info][gc] GC(2346) Pause Full (Allocation Failure) 123M->123M(123M) 49,899ms
[2021-04-30T09:46:55.284+0300][151,144s][info][gc] GC(2347) Pause Full (Allocation Failure) 123M->123M(123M) 48,640ms
[2021-04-30T09:46:55.333+0300][151,193s][info][gc] GC(2348) Pause Full (Allocation Failure) 123M->123M(123M) 48,236ms
[2021-04-30T09:46:55.383+0300][151,243s][info][gc] GC(2349) Pause Full (Allocation Failure) 123M->123M(123M) 49,789ms
[2021-04-30T09:46:55.431+0300][151,291s][info][gc] GC(2350) Pause Full (Allocation Failure) 123M->123M(123M) 48,447ms
[2021-04-30T09:46:55.480+0300][151,340s][info][gc] GC(2351) Pause Full (Allocation Failure) 123M->123M(123M) 48,737ms
[2021-04-30T09:46:55.530+0300][151,390s][info][gc] GC(2352) Pause Full (Allocation Failure) 123M->123M(123M) 49,551ms
[2021-04-30T09:46:55.581+0300][151,440s][info][gc] GC(2353) Pause Full (Allocation Failure) 123M->123M(123M) 50,377ms
[2021-04-30T09:46:55.630+0300][151,490s][info][gc] GC(2354) Pause Full (Allocation Failure) 123M->123M(123M) 49,407ms
[2021-04-30T09:46:55.682+0300][151,542s][info][gc] GC(2355) Pause Full (Allocation Failure) 123M->123M(123M) 51,520ms
[2021-04-30T09:46:55.730+0300][151,590s][info][gc] GC(2356) Pause Full (Allocation Failure) 123M->123M(123M) 48,352ms
[2021-04-30T09:46:55.780+0300][151,640s][info][gc] GC(2357) Pause Full (Allocation Failure) 123M->123M(123M) 49,013ms
[2021-04-30T09:46:55.829+0300][151,689s][info][gc] GC(2358) Pause Full (Allocation Failure) 123M->123M(123M) 48,354ms
[2021-04-30T09:46:55.879+0300][151,739s][info][gc] GC(2359) Pause Full (Allocation Failure) 123M->123M(123M) 49,861ms
[2021-04-30T09:46:55.927+0300][151,787s][info][gc] GC(2360) Pause Full (Allocation Failure) 123M->123M(123M) 48,102ms
[2021-04-30T09:46:55.979+0300][151,839s][info][gc] GC(2361) Pause Full (Allocation Failure) 123M->123M(123M) 51,422ms
[2021-04-30T09:46:56.028+0300][151,888s][info][gc] GC(2362) Pause Full (Allocation Failure) 123M->123M(123M) 48,945ms
[2021-04-30T09:46:56.078+0300][151,938s][info][gc] GC(2363) Pause Full (Allocation Failure) 123M->123M(123M) 49,917ms
[2021-04-30T09:46:56.126+0300][151,986s][info][gc] GC(2364) Pause Full (Allocation Failure) 123M->123M(123M) 47,853ms
[2021-04-30T09:46:56.176+0300][152,035s][info][gc] GC(2365) Pause Full (Allocation Failure) 123M->123M(123M) 49,334ms
[2021-04-30T09:46:56.225+0300][152,085s][info][gc] GC(2366) Pause Full (Allocation Failure) 123M->123M(123M) 49,300ms
[2021-04-30T09:46:56.274+0300][152,134s][info][gc] GC(2367) Pause Full (Allocation Failure) 123M->123M(123M) 48,899ms
[2021-04-30T09:46:56.324+0300][152,184s][info][gc] GC(2368) Pause Full (Allocation Failure) 123M->123M(123M) 49,233ms
[2021-04-30T09:46:56.373+0300][152,233s][info][gc] GC(2369) Pause Full (Allocation Failure) 123M->123M(123M) 49,208ms
[2021-04-30T09:46:56.423+0300][152,283s][info][gc] GC(2370) Pause Full (Allocation Failure) 123M->123M(123M) 49,441ms
[2021-04-30T09:46:56.473+0300][152,333s][info][gc] GC(2371) Pause Full (Allocation Failure) 123M->123M(123M) 50,434ms
[2021-04-30T09:46:56.526+0300][152,386s][info][gc] GC(2372) Pause Full (Allocation Failure) 123M->123M(123M) 51,805ms
[2021-04-30T09:46:56.596+0300][152,456s][info][gc] GC(2373) Pause Full (Allocation Failure) 123M->123M(123M) 70,130ms
[2021-04-30T09:46:56.659+0300][152,519s][info][gc] GC(2374) Pause Full (Allocation Failure) 123M->123M(123M) 62,439ms
[2021-04-30T09:46:56.708+0300][152,568s][info][gc] GC(2375) Pause Full (Allocation Failure) 123M->123M(123M) 48,905ms
[2021-04-30T09:46:56.757+0300][152,617s][info][gc] GC(2376) Pause Full (Allocation Failure) 123M->123M(123M) 48,252ms
[2021-04-30T09:46:56.807+0300][152,667s][info][gc] GC(2377) Pause Full (Allocation Failure) 123M->123M(123M) 50,074ms
[2021-04-30T09:46:56.874+0300][152,734s][info][gc] GC(2378) Pause Full (Allocation Failure) 123M->123M(123M) 66,917ms
[2021-04-30T09:46:56.924+0300][152,784s][info][gc] GC(2379) Pause Full (Allocation Failure) 123M->123M(123M) 49,060ms
[2021-04-30T09:46:56.976+0300][152,836s][info][gc] GC(2380) Pause Full (Allocation Failure) 123M->123M(123M) 52,490ms
[2021-04-30T09:46:57.026+0300][152,885s][info][gc] GC(2381) Pause Full (Allocation Failure) 123M->123M(123M) 49,049ms
[2021-04-30T09:46:57.075+0300][152,935s][info][gc] GC(2382) Pause Full (Allocation Failure) 123M->123M(123M) 49,291ms
[2021-04-30T09:46:57.124+0300][152,984s][info][gc] GC(2383) Pause Full (Allocation Failure) 123M->123M(123M) 48,713ms
[2021-04-30T09:46:57.172+0300][153,032s][info][gc] GC(2384) Pause Full (Allocation Failure) 123M->123M(123M) 47,779ms
[2021-04-30T09:46:57.223+0300][153,083s][info][gc] GC(2385) Pause Full (Allocation Failure) 123M->123M(123M) 50,736ms
