[2021-04-30T09:22:49.152+0300][0.002s][info][gc] Min heap equals to max heap, disabling ShenandoahUncommit
[2021-04-30T09:22:49.167+0300][0.016s][info][gc] Heuristics ergonomically sets -XX:+ExplicitGCInvokesConcurrent
[2021-04-30T09:22:49.167+0300][0.016s][info][gc] Heuristics ergonomically sets -XX:+ShenandoahImplicitGCInvokesConcurrent
[2021-04-30T09:22:49.168+0300][0.017s][info][gc] Using Shenandoah
[2021-04-30T09:22:49.673+0300][0,523s][info][gc] Trigger: Learning 1 of 5. Free (91648K) is below initial threshold (91750K)
[2021-04-30T09:22:49.674+0300][0,523s][info][gc] GC(0) Concurrent reset 0,187ms
[2021-04-30T09:22:49.674+0300][0,523s][info][gc] GC(0) Pause Init Mark (process weakrefs) 0,351ms
[2021-04-30T09:22:49.678+0300][0,527s][info][gc] GC(0) Concurrent marking (process weakrefs) 3,374ms
[2021-04-30T09:22:49.682+0300][0,532s][info][gc] GC(0) Concurrent precleaning 4,531ms
[2021-04-30T09:22:49.683+0300][0,533s][info][gc] GC(0) Pause Final Mark (process weakrefs) 1,041ms
[2021-04-30T09:22:49.683+0300][0,533s][info][gc] GC(0) Concurrent cleanup 34M->34M(128M) 0,045ms
[2021-04-30T09:22:49.685+0300][0,535s][info][gc] GC(0) Concurrent evacuation 1,781ms
[2021-04-30T09:22:49.685+0300][0,535s][info][gc] GC(0) Pause Init Update Refs 0,006ms
[2021-04-30T09:22:49.688+0300][0,537s][info][gc] GC(0) Concurrent update references 2,119ms
[2021-04-30T09:22:49.688+0300][0,537s][info][gc] GC(0) Pause Final Update Refs 0,140ms
[2021-04-30T09:22:49.688+0300][0,537s][info][gc] GC(0) Concurrent cleanup 36M->4M(128M) 0,047ms
[2021-04-30T09:22:49.771+0300][0,620s][info][gc] Trigger: Learning 2 of 5. Free (91392K) is below initial threshold (91750K)
[2021-04-30T09:22:49.771+0300][0,621s][info][gc] GC(1) Concurrent reset 0,105ms
[2021-04-30T09:22:49.771+0300][0,621s][info][gc] GC(1) Pause Init Mark 0,168ms
[2021-04-30T09:22:49.775+0300][0,624s][info][gc] GC(1) Concurrent marking 3,103ms
[2021-04-30T09:22:49.775+0300][0,624s][info][gc] GC(1) Pause Final Mark 0,252ms
[2021-04-30T09:22:49.775+0300][0,624s][info][gc] GC(1) Concurrent cleanup 33M->33M(128M) 0,046ms
[2021-04-30T09:22:49.776+0300][0,625s][info][gc] GC(1) Concurrent evacuation 0,668ms
[2021-04-30T09:22:49.776+0300][0,625s][info][gc] GC(1) Pause Init Update Refs 0,007ms
[2021-04-30T09:22:49.780+0300][0,629s][info][gc] GC(1) Concurrent update references 3,970ms
[2021-04-30T09:22:49.780+0300][0,630s][info][gc] GC(1) Pause Final Update Refs 0,057ms
[2021-04-30T09:22:49.780+0300][0,630s][info][gc] GC(1) Concurrent cleanup 36M->5M(128M) 0,050ms
[2021-04-30T09:22:49.837+0300][0,686s][info][gc] Trigger: Learning 3 of 5. Free (91667K) is below initial threshold (91750K)
[2021-04-30T09:22:49.837+0300][0,686s][info][gc] GC(2) Concurrent reset 0,083ms
[2021-04-30T09:22:49.837+0300][0,687s][info][gc] GC(2) Pause Init Mark 0,221ms
[2021-04-30T09:22:49.842+0300][0,691s][info][gc] GC(2) Concurrent marking 4,230ms
[2021-04-30T09:22:49.842+0300][0,691s][info][gc] GC(2) Pause Final Mark 0,273ms
[2021-04-30T09:22:49.842+0300][0,692s][info][gc] GC(2) Concurrent cleanup 33M->33M(128M) 0,112ms
[2021-04-30T09:22:49.844+0300][0,694s][info][gc] GC(2) Concurrent evacuation 1,396ms
[2021-04-30T09:22:49.844+0300][0,694s][info][gc] GC(2) Pause Init Update Refs 0,006ms
[2021-04-30T09:22:49.849+0300][0,698s][info][gc] GC(2) Concurrent update references 4,519ms
[2021-04-30T09:22:49.849+0300][0,699s][info][gc] GC(2) Pause Final Update Refs 0,052ms
[2021-04-30T09:22:49.849+0300][0,699s][info][gc] GC(2) Concurrent cleanup 36M->6M(128M) 0,051ms
[2021-04-30T09:22:49.922+0300][0,771s][info][gc] Trigger: Learning 4 of 5. Free (91417K) is below initial threshold (91750K)
[2021-04-30T09:22:49.922+0300][0,771s][info][gc] GC(3) Concurrent reset 0,081ms
[2021-04-30T09:22:49.922+0300][0,772s][info][gc] GC(3) Pause Init Mark 0,133ms
[2021-04-30T09:22:49.925+0300][0,775s][info][gc] GC(3) Concurrent marking 3,132ms
[2021-04-30T09:22:49.926+0300][0,775s][info][gc] GC(3) Pause Final Mark 0,355ms
[2021-04-30T09:22:49.926+0300][0,776s][info][gc] GC(3) Concurrent cleanup 33M->33M(128M) 0,052ms
[2021-04-30T09:22:49.927+0300][0,776s][info][gc] GC(3) Concurrent evacuation 0,564ms
[2021-04-30T09:22:49.927+0300][0,776s][info][gc] GC(3) Pause Init Update Refs 0,005ms
[2021-04-30T09:22:49.931+0300][0,780s][info][gc] GC(3) Concurrent update references 3,696ms
[2021-04-30T09:22:49.931+0300][0,780s][info][gc] GC(3) Pause Final Update Refs 0,058ms
[2021-04-30T09:22:49.931+0300][0,780s][info][gc] GC(3) Concurrent cleanup 35M->6M(128M) 0,054ms
[2021-04-30T09:22:49.991+0300][0,841s][info][gc] Trigger: Learning 5 of 5. Free (91421K) is below initial threshold (91750K)
[2021-04-30T09:22:49.992+0300][0,841s][info][gc] GC(4) Concurrent reset 0,090ms
[2021-04-30T09:22:49.992+0300][0,841s][info][gc] GC(4) Pause Init Mark 0,188ms
[2021-04-30T09:22:49.995+0300][0,844s][info][gc] GC(4) Concurrent marking 3,018ms
[2021-04-30T09:22:49.995+0300][0,845s][info][gc] GC(4) Pause Final Mark 0,191ms
[2021-04-30T09:22:49.995+0300][0,845s][info][gc] GC(4) Concurrent cleanup 33M->33M(128M) 0,041ms
[2021-04-30T09:22:49.996+0300][0,845s][info][gc] GC(4) Concurrent evacuation 0,483ms
[2021-04-30T09:22:49.996+0300][0,846s][info][gc] GC(4) Pause Init Update Refs 0,005ms
[2021-04-30T09:22:49.998+0300][0,848s][info][gc] GC(4) Concurrent update references 2,077ms
[2021-04-30T09:22:49.998+0300][0,848s][info][gc] GC(4) Pause Final Update Refs 0,048ms
[2021-04-30T09:22:49.998+0300][0,848s][info][gc] GC(4) Concurrent cleanup 34M->6M(128M) 0,047ms
[2021-04-30T09:22:50.224+0300][1,074s][info][gc] Trigger: Free (12941K) is below minimum threshold (13107K)
[2021-04-30T09:22:50.225+0300][1,074s][info][gc] GC(5) Concurrent reset 0,109ms
[2021-04-30T09:22:50.225+0300][1,074s][info][gc] GC(5) Pause Init Mark (process weakrefs) 0,190ms
[2021-04-30T09:22:50.236+0300][1,085s][info][gc] GC(5) Concurrent marking (process weakrefs) 9,526ms
[2021-04-30T09:22:50.236+0300][1,085s][info][gc] GC(5) Concurrent precleaning 0,066ms
[2021-04-30T09:22:50.237+0300][1,086s][info][gc] GC(5) Pause Final Mark (process weakrefs) 1,139ms
[2021-04-30T09:22:50.237+0300][1,086s][info][gc] GC(5) Concurrent cleanup 109M->109M(128M) 0,045ms
[2021-04-30T09:22:50.239+0300][1,089s][info][gc] GC(5) Concurrent evacuation 2,128ms
[2021-04-30T09:22:50.239+0300][1,089s][info][gc] GC(5) Pause Init Update Refs 0,008ms
[2021-04-30T09:22:50.242+0300][1,091s][info][gc] GC(5) Concurrent update references 2,475ms
[2021-04-30T09:22:50.242+0300][1,092s][info][gc] GC(5) Pause Final Update Refs 0,111ms
[2021-04-30T09:22:50.242+0300][1,092s][info][gc] GC(5) Concurrent cleanup 112M->8M(128M) 0,073ms
[2021-04-30T09:22:50.416+0300][1,266s][info][gc] Trigger: Free (13056K) is below minimum threshold (13107K)
[2021-04-30T09:22:50.417+0300][1,266s][info][gc] GC(6) Concurrent reset 0,226ms
[2021-04-30T09:22:50.424+0300][1,273s][info][gc] GC(6) Pause Init Mark 0,140ms
[2021-04-30T09:22:50.427+0300][1,276s][info][gc] GC(6) Concurrent marking 3,415ms
[2021-04-30T09:22:50.427+0300][1,277s][info][gc] GC(6) Pause Final Mark 0,318ms
[2021-04-30T09:22:50.428+0300][1,277s][info][gc] GC(6) Concurrent cleanup 113M->113M(128M) 0,038ms
[2021-04-30T09:22:50.429+0300][1,278s][info][gc] GC(6) Concurrent evacuation 1,346ms
[2021-04-30T09:22:50.429+0300][1,278s][info][gc] GC(6) Pause Init Update Refs 0,006ms
[2021-04-30T09:22:50.431+0300][1,281s][info][gc] GC(6) Concurrent update references 2,268ms
[2021-04-30T09:22:50.432+0300][1,281s][info][gc] GC(6) Pause Final Update Refs 0,057ms
[2021-04-30T09:22:50.432+0300][1,281s][info][gc] GC(6) Concurrent cleanup 116M->9M(128M) 0,071ms
[2021-04-30T09:22:50.592+0300][1,441s][info][gc] Trigger: Average GC time (12,33 ms) is above the time for allocation rate (594 MB/s) to deplete free headroom (7014K)
[2021-04-30T09:22:50.592+0300][1,441s][info][gc] GC(7) Concurrent reset 0,137ms
[2021-04-30T09:22:50.592+0300][1,442s][info][gc] GC(7) Pause Init Mark 0,150ms
[2021-04-30T09:22:50.596+0300][1,445s][info][gc] GC(7) Concurrent marking 3,300ms
[2021-04-30T09:22:50.596+0300][1,446s][info][gc] GC(7) Pause Final Mark 0,296ms
[2021-04-30T09:22:50.596+0300][1,446s][info][gc] GC(7) Concurrent cleanup 109M->109M(128M) 0,035ms
[2021-04-30T09:22:50.597+0300][1,447s][info][gc] GC(7) Concurrent evacuation 1,067ms
[2021-04-30T09:22:50.597+0300][1,447s][info][gc] GC(7) Pause Init Update Refs 0,008ms
[2021-04-30T09:22:50.600+0300][1,449s][info][gc] GC(7) Concurrent update references 2,580ms
[2021-04-30T09:22:50.600+0300][1,450s][info][gc] GC(7) Pause Final Update Refs 0,053ms
[2021-04-30T09:22:50.600+0300][1,450s][info][gc] GC(7) Concurrent cleanup 111M->11M(128M) 0,062ms
[2021-04-30T09:22:50.751+0300][1,601s][info][gc] Trigger: Average GC time (11,53 ms) is above the time for allocation rate (618 MB/s) to deplete free headroom (6963K)
[2021-04-30T09:22:50.752+0300][1,601s][info][gc] GC(8) Concurrent reset 0,158ms
[2021-04-30T09:22:50.752+0300][1,601s][info][gc] GC(8) Pause Init Mark 0,143ms
[2021-04-30T09:22:50.756+0300][1,606s][info][gc] GC(8) Concurrent marking 4,167ms
[2021-04-30T09:22:50.757+0300][1,606s][info][gc] GC(8) Pause Final Mark 0,253ms
[2021-04-30T09:22:50.757+0300][1,606s][info][gc] GC(8) Concurrent cleanup 109M->109M(128M) 0,044ms
[2021-04-30T09:22:50.758+0300][1,607s][info][gc] GC(8) Concurrent evacuation 1,149ms
[2021-04-30T09:22:50.758+0300][1,607s][info][gc] GC(8) Pause Init Update Refs 0,005ms
[2021-04-30T09:22:50.760+0300][1,610s][info][gc] GC(8) Concurrent update references 2,206ms
[2021-04-30T09:22:50.760+0300][1,610s][info][gc] GC(8) Pause Final Update Refs 0,072ms
[2021-04-30T09:22:50.761+0300][1,610s][info][gc] GC(8) Concurrent cleanup 112M->12M(128M) 0,072ms
[2021-04-30T09:22:50.908+0300][1,757s][info][gc] Trigger: Average GC time (11,54 ms) is above the time for allocation rate (622 MB/s) to deplete free headroom (6758K)
[2021-04-30T09:22:50.908+0300][1,757s][info][gc] GC(9) Concurrent reset 0,152ms
[2021-04-30T09:22:50.908+0300][1,758s][info][gc] GC(9) Pause Init Mark 0,168ms
[2021-04-30T09:22:50.912+0300][1,762s][info][gc] GC(9) Concurrent marking 4,092ms
[2021-04-30T09:22:50.913+0300][1,762s][info][gc] GC(9) Pause Final Mark 0,360ms
[2021-04-30T09:22:50.913+0300][1,763s][info][gc] GC(9) Concurrent cleanup 110M->110M(128M) 0,039ms
[2021-04-30T09:22:50.914+0300][1,764s][info][gc] GC(9) Concurrent evacuation 1,016ms
[2021-04-30T09:22:50.914+0300][1,764s][info][gc] GC(9) Pause Init Update Refs 0,005ms
[2021-04-30T09:22:50.917+0300][1,766s][info][gc] GC(9) Concurrent update references 2,773ms
[2021-04-30T09:22:50.917+0300][1,767s][info][gc] GC(9) Pause Final Update Refs 0,086ms
[2021-04-30T09:22:50.917+0300][1,767s][info][gc] GC(9) Concurrent cleanup 113M->15M(128M) 0,066ms
[2021-04-30T09:22:51.061+0300][1,911s][info][gc] Trigger: Average GC time (12,05 ms) is above the time for allocation rate (619 MB/s) to deplete free headroom (7526K)
[2021-04-30T09:22:51.061+0300][1,911s][info][gc] GC(10) Concurrent reset 0,110ms
[2021-04-30T09:22:51.062+0300][1,911s][info][gc] GC(10) Pause Init Mark (process weakrefs) 0,174ms
[2021-04-30T09:22:51.065+0300][1,915s][info][gc] GC(10) Concurrent marking (process weakrefs) 3,430ms
[2021-04-30T09:22:51.065+0300][1,915s][info][gc] GC(10) Concurrent precleaning 0,082ms
[2021-04-30T09:22:51.066+0300][1,915s][info][gc] GC(10) Pause Final Mark (process weakrefs) 0,302ms
[2021-04-30T09:22:51.066+0300][1,915s][info][gc] GC(10) Concurrent cleanup 109M->109M(128M) 0,035ms
[2021-04-30T09:22:51.067+0300][1,916s][info][gc] GC(10) Concurrent evacuation 0,938ms
[2021-04-30T09:22:51.067+0300][1,916s][info][gc] GC(10) Pause Init Update Refs 0,005ms
[2021-04-30T09:22:51.070+0300][1,919s][info][gc] GC(10) Concurrent update references 2,635ms
[2021-04-30T09:22:51.070+0300][1,919s][info][gc] GC(10) Pause Final Update Refs 0,099ms
[2021-04-30T09:22:51.070+0300][1,919s][info][gc] GC(10) Concurrent cleanup 112M->17M(128M) 0,061ms
[2021-04-30T09:22:51.208+0300][2,057s][info][gc] Trigger: Free (12800K) is below minimum threshold (13107K)
[2021-04-30T09:22:51.208+0300][2,058s][info][gc] GC(11) Concurrent reset 0,171ms
[2021-04-30T09:22:51.209+0300][2,058s][info][gc] GC(11) Pause Init Mark 0,166ms
[2021-04-30T09:22:51.212+0300][2,062s][info][gc] GC(11) Concurrent marking 3,627ms
[2021-04-30T09:22:51.213+0300][2,062s][info][gc] GC(11) Pause Final Mark 0,256ms
[2021-04-30T09:22:51.213+0300][2,062s][info][gc] GC(11) Concurrent cleanup 110M->110M(128M) 0,051ms
[2021-04-30T09:22:51.214+0300][2,063s][info][gc] GC(11) Concurrent evacuation 0,897ms
[2021-04-30T09:22:51.214+0300][2,063s][info][gc] GC(11) Pause Init Update Refs 0,004ms
[2021-04-30T09:22:51.217+0300][2,066s][info][gc] GC(11) Concurrent update references 2,568ms
[2021-04-30T09:22:51.217+0300][2,066s][info][gc] GC(11) Pause Final Update Refs 0,055ms
[2021-04-30T09:22:51.217+0300][2,066s][info][gc] GC(11) Concurrent cleanup 112M->17M(128M) 0,067ms
[2021-04-30T09:22:51.371+0300][2,220s][info][gc] Trigger: Free (12748K) is below minimum threshold (13107K)
[2021-04-30T09:22:51.371+0300][2,220s][info][gc] GC(12) Concurrent reset 0,177ms
[2021-04-30T09:22:51.371+0300][2,221s][info][gc] GC(12) Pause Init Mark 0,177ms
[2021-04-30T09:22:51.375+0300][2,224s][info][gc] GC(12) Concurrent marking 3,610ms
[2021-04-30T09:22:51.375+0300][2,225s][info][gc] GC(12) Pause Final Mark 0,197ms
[2021-04-30T09:22:51.375+0300][2,225s][info][gc] GC(12) Concurrent cleanup 110M->110M(128M) 0,038ms
[2021-04-30T09:22:51.376+0300][2,226s][info][gc] GC(12) Concurrent evacuation 0,979ms
[2021-04-30T09:22:51.376+0300][2,226s][info][gc] GC(12) Pause Init Update Refs 0,005ms
[2021-04-30T09:22:51.379+0300][2,229s][info][gc] GC(12) Concurrent update references 2,585ms
[2021-04-30T09:22:51.379+0300][2,229s][info][gc] GC(12) Pause Final Update Refs 0,106ms
[2021-04-30T09:22:51.380+0300][2,229s][info][gc] GC(12) Concurrent cleanup 112M->18M(128M) 0,066ms
[2021-04-30T09:22:51.548+0300][2,398s][info][gc] Trigger: Free (13004K) is below minimum threshold (13107K)
[2021-04-30T09:22:51.548+0300][2,398s][info][gc] GC(13) Concurrent reset 0,120ms
[2021-04-30T09:22:51.549+0300][2,398s][info][gc] GC(13) Pause Init Mark 0,153ms
[2021-04-30T09:22:51.553+0300][2,403s][info][gc] GC(13) Concurrent marking 4,252ms
[2021-04-30T09:22:51.553+0300][2,403s][info][gc] GC(13) Pause Final Mark 0,263ms
[2021-04-30T09:22:51.554+0300][2,403s][info][gc] GC(13) Concurrent cleanup 110M->110M(128M) 0,039ms
[2021-04-30T09:22:51.555+0300][2,404s][info][gc] GC(13) Concurrent evacuation 1,173ms
[2021-04-30T09:22:51.555+0300][2,404s][info][gc] GC(13) Pause Init Update Refs 0,008ms
[2021-04-30T09:22:51.558+0300][2,407s][info][gc] GC(13) Concurrent update references 2,900ms
[2021-04-30T09:22:51.558+0300][2,407s][info][gc] GC(13) Pause Final Update Refs 0,047ms
[2021-04-30T09:22:51.558+0300][2,408s][info][gc] GC(13) Concurrent cleanup 114M->22M(128M) 0,065ms
[2021-04-30T09:22:51.691+0300][2,541s][info][gc] Trigger: Free (12544K) is below minimum threshold (13107K)
[2021-04-30T09:22:51.691+0300][2,541s][info][gc] GC(14) Concurrent reset 0,124ms
[2021-04-30T09:22:51.692+0300][2,541s][info][gc] GC(14) Pause Init Mark 0,199ms
[2021-04-30T09:22:51.697+0300][2,546s][info][gc] GC(14) Concurrent marking 4,999ms
[2021-04-30T09:22:51.697+0300][2,547s][info][gc] GC(14) Pause Final Mark 0,333ms
[2021-04-30T09:22:51.697+0300][2,547s][info][gc] GC(14) Concurrent cleanup 110M->110M(128M) 0,038ms
[2021-04-30T09:22:51.698+0300][2,548s][info][gc] GC(14) Concurrent evacuation 1,048ms
[2021-04-30T09:22:51.698+0300][2,548s][info][gc] GC(14) Pause Init Update Refs 0,004ms
[2021-04-30T09:22:51.701+0300][2,551s][info][gc] GC(14) Concurrent update references 3,002ms
[2021-04-30T09:22:51.702+0300][2,551s][info][gc] GC(14) Pause Final Update Refs 0,099ms
[2021-04-30T09:22:51.702+0300][2,551s][info][gc] GC(14) Concurrent cleanup 112M->21M(128M) 0,064ms
[2021-04-30T09:22:51.842+0300][2,691s][info][gc] Trigger: Free (12544K) is below minimum threshold (13107K)
[2021-04-30T09:22:51.842+0300][2,691s][info][gc] GC(15) Concurrent reset 0,204ms
[2021-04-30T09:22:51.842+0300][2,692s][info][gc] GC(15) Pause Init Mark (process weakrefs) 0,200ms
[2021-04-30T09:22:51.848+0300][2,698s][info][gc] GC(15) Concurrent marking (process weakrefs) 5,775ms
[2021-04-30T09:22:51.848+0300][2,698s][info][gc] GC(15) Concurrent precleaning 0,143ms
[2021-04-30T09:22:51.849+0300][2,698s][info][gc] GC(15) Pause Final Mark (process weakrefs) 0,343ms
[2021-04-30T09:22:51.849+0300][2,698s][info][gc] GC(15) Concurrent cleanup 110M->110M(128M) 0,041ms
[2021-04-30T09:22:51.850+0300][2,699s][info][gc] GC(15) Concurrent evacuation 0,920ms
[2021-04-30T09:22:51.850+0300][2,699s][info][gc] GC(15) Pause Init Update Refs 0,004ms
[2021-04-30T09:22:51.853+0300][2,703s][info][gc] GC(15) Concurrent update references 3,127ms
[2021-04-30T09:22:51.853+0300][2,703s][info][gc] GC(15) Pause Final Update Refs 0,051ms
[2021-04-30T09:22:51.853+0300][2,703s][info][gc] GC(15) Concurrent cleanup 112M->23M(128M) 0,064ms
[2021-04-30T09:22:52.021+0300][2,871s][info][gc] Trigger: Free (12748K) is below minimum threshold (13107K)
[2021-04-30T09:22:52.022+0300][2,871s][info][gc] GC(16) Concurrent reset 0,603ms
[2021-04-30T09:22:52.023+0300][2,872s][info][gc] GC(16) Pause Init Mark 0,409ms
[2021-04-30T09:22:52.034+0300][2,883s][info][gc] GC(16) Concurrent marking 10,979ms
[2021-04-30T09:22:52.035+0300][2,884s][info][gc] GC(16) Pause Final Mark 1,095ms
[2021-04-30T09:22:52.035+0300][2,885s][info][gc] GC(16) Concurrent cleanup 109M->109M(128M) 0,045ms
[2021-04-30T09:22:52.037+0300][2,886s][info][gc] GC(16) Concurrent evacuation 1,377ms
[2021-04-30T09:22:52.037+0300][2,886s][info][gc] GC(16) Pause Init Update Refs 0,006ms
[2021-04-30T09:22:52.043+0300][2,893s][info][gc] GC(16) Concurrent update references 6,609ms
[2021-04-30T09:22:52.044+0300][2,893s][info][gc] GC(16) Pause Final Update Refs 0,053ms
[2021-04-30T09:22:52.044+0300][2,893s][info][gc] GC(16) Concurrent cleanup 115M->27M(128M) 0,068ms
[2021-04-30T09:22:52.207+0300][3,056s][info][gc] Trigger: Free (13056K) is below minimum threshold (13107K)
[2021-04-30T09:22:52.207+0300][3,057s][info][gc] GC(17) Concurrent reset 0,132ms
[2021-04-30T09:22:52.207+0300][3,057s][info][gc] GC(17) Pause Init Mark 0,127ms
[2021-04-30T09:22:52.213+0300][3,063s][info][gc] GC(17) Concurrent marking 5,967ms
[2021-04-30T09:22:52.214+0300][3,063s][info][gc] GC(17) Pause Final Mark 0,343ms
[2021-04-30T09:22:52.214+0300][3,063s][info][gc] GC(17) Concurrent cleanup 110M->110M(128M) 0,040ms
[2021-04-30T09:22:52.216+0300][3,065s][info][gc] GC(17) Concurrent evacuation 1,495ms
[2021-04-30T09:22:52.216+0300][3,065s][info][gc] GC(17) Pause Init Update Refs 0,006ms
[2021-04-30T09:22:52.221+0300][3,071s][info][gc] GC(17) Concurrent update references 5,298ms
[2021-04-30T09:22:52.221+0300][3,071s][info][gc] GC(17) Pause Final Update Refs 0,111ms
[2021-04-30T09:22:52.222+0300][3,071s][info][gc] GC(17) Concurrent cleanup 114M->29M(128M) 0,065ms
[2021-04-30T09:22:52.394+0300][3,244s][info][gc] Trigger: Free (13056K) is below minimum threshold (13107K)
[2021-04-30T09:22:52.394+0300][3,244s][info][gc] GC(18) Concurrent reset 0,154ms
[2021-04-30T09:22:52.396+0300][3,245s][info][gc] GC(18) Pause Init Mark 0,855ms
[2021-04-30T09:22:52.404+0300][3,253s][info][gc] GC(18) Concurrent marking 7,648ms
[2021-04-30T09:22:52.404+0300][3,254s][info][gc] GC(18) Pause Final Mark 0,538ms
[2021-04-30T09:22:52.404+0300][3,254s][info][gc] GC(18) Concurrent cleanup 109M->109M(128M) 0,041ms
[2021-04-30T09:22:52.406+0300][3,255s][info][gc] GC(18) Concurrent evacuation 1,229ms
[2021-04-30T09:22:52.406+0300][3,255s][info][gc] GC(18) Pause Init Update Refs 0,005ms
[2021-04-30T09:22:52.411+0300][3,261s][info][gc] GC(18) Concurrent update references 5,539ms
[2021-04-30T09:22:52.412+0300][3,262s][info][gc] GC(18) Pause Final Update Refs 0,063ms
[2021-04-30T09:22:52.412+0300][3,262s][info][gc] GC(18) Concurrent cleanup 112M->28M(128M) 0,066ms
[2021-04-30T09:22:52.592+0300][3,442s][info][gc] Trigger: Free (13056K) is below minimum threshold (13107K)
[2021-04-30T09:22:52.593+0300][3,442s][info][gc] GC(19) Concurrent reset 0,536ms
[2021-04-30T09:22:52.594+0300][3,443s][info][gc] GC(19) Pause Init Mark 0,477ms
[2021-04-30T09:22:52.602+0300][3,451s][info][gc] GC(19) Concurrent marking 8,284ms
[2021-04-30T09:22:52.602+0300][3,452s][info][gc] GC(19) Pause Final Mark 0,337ms
[2021-04-30T09:22:52.603+0300][3,452s][info][gc] GC(19) Concurrent cleanup 110M->110M(128M) 0,037ms
[2021-04-30T09:22:52.604+0300][3,453s][info][gc] GC(19) Concurrent evacuation 0,942ms
[2021-04-30T09:22:52.604+0300][3,453s][info][gc] GC(19) Pause Init Update Refs 0,006ms
[2021-04-30T09:22:52.609+0300][3,458s][info][gc] GC(19) Concurrent update references 5,195ms
[2021-04-30T09:22:52.609+0300][3,459s][info][gc] GC(19) Pause Final Update Refs 0,065ms
[2021-04-30T09:22:52.609+0300][3,459s][info][gc] GC(19) Concurrent cleanup 112M->30M(128M) 0,060ms
[2021-04-30T09:22:52.763+0300][3,613s][info][gc] Trigger: Average GC time (16,79 ms) is above the time for allocation rate (463 MB/s) to deplete free headroom (7526K)
[2021-04-30T09:22:52.764+0300][3,613s][info][gc] GC(20) Concurrent reset 0,207ms
[2021-04-30T09:22:52.764+0300][3,614s][info][gc] GC(20) Pause Init Mark (process weakrefs) 0,230ms
[2021-04-30T09:22:52.771+0300][3,620s][info][gc] GC(20) Concurrent marking (process weakrefs) 6,435ms
[2021-04-30T09:22:52.771+0300][3,620s][info][gc] GC(20) Concurrent precleaning 0,184ms
[2021-04-30T09:22:52.771+0300][3,621s][info][gc] GC(20) Pause Final Mark (process weakrefs) 0,589ms
[2021-04-30T09:22:52.772+0300][3,621s][info][gc] GC(20) Concurrent cleanup 109M->109M(128M) 0,040ms
[2021-04-30T09:22:52.773+0300][3,622s][info][gc] GC(20) Concurrent evacuation 0,862ms
[2021-04-30T09:22:52.773+0300][3,622s][info][gc] GC(20) Pause Init Update Refs 0,006ms
[2021-04-30T09:22:52.777+0300][3,626s][info][gc] GC(20) Concurrent update references 4,195ms
[2021-04-30T09:22:52.777+0300][3,627s][info][gc] GC(20) Pause Final Update Refs 0,087ms
[2021-04-30T09:22:52.777+0300][3,627s][info][gc] GC(20) Concurrent cleanup 110M->31M(128M) 0,064ms
[2021-04-30T09:22:52.925+0300][3,774s][info][gc] Trigger: Average GC time (17,21 ms) is above the time for allocation rate (480 MB/s) to deplete free headroom (7986K)
[2021-04-30T09:22:52.925+0300][3,775s][info][gc] GC(21) Concurrent reset 0,197ms
[2021-04-30T09:22:52.926+0300][3,775s][info][gc] GC(21) Pause Init Mark 0,223ms
[2021-04-30T09:22:52.934+0300][3,783s][info][gc] GC(21) Concurrent marking 8,204ms
[2021-04-30T09:22:52.934+0300][3,784s][info][gc] GC(21) Pause Final Mark 0,327ms
[2021-04-30T09:22:52.934+0300][3,784s][info][gc] GC(21) Concurrent cleanup 108M->108M(128M) 0,036ms
[2021-04-30T09:22:52.935+0300][3,785s][info][gc] GC(21) Concurrent evacuation 0,842ms
[2021-04-30T09:22:52.935+0300][3,785s][info][gc] GC(21) Pause Init Update Refs 0,005ms
[2021-04-30T09:22:52.941+0300][3,791s][info][gc] GC(21) Concurrent update references 5,894ms
[2021-04-30T09:22:52.942+0300][3,791s][info][gc] GC(21) Pause Final Update Refs 0,066ms
[2021-04-30T09:22:52.942+0300][3,791s][info][gc] GC(21) Concurrent cleanup 111M->34M(128M) 0,062ms
[2021-04-30T09:22:53.055+0300][3,905s][info][gc] Trigger: Average GC time (16,09 ms) is above the time for allocation rate (576 MB/s) to deplete free headroom (9318K)
[2021-04-30T09:22:53.056+0300][3,905s][info][gc] GC(22) Concurrent reset 0,239ms
[2021-04-30T09:22:53.056+0300][3,905s][info][gc] GC(22) Pause Init Mark 0,206ms
[2021-04-30T09:22:53.062+0300][3,911s][info][gc] GC(22) Concurrent marking 5,606ms
[2021-04-30T09:22:53.062+0300][3,912s][info][gc] GC(22) Pause Final Mark 0,364ms
[2021-04-30T09:22:53.062+0300][3,912s][info][gc] GC(22) Concurrent cleanup 107M->107M(128M) 0,042ms
[2021-04-30T09:22:53.064+0300][3,913s][info][gc] GC(22) Concurrent evacuation 1,210ms
[2021-04-30T09:22:53.064+0300][3,913s][info][gc] GC(22) Pause Init Update Refs 0,004ms
[2021-04-30T09:22:53.068+0300][3,917s][info][gc] GC(22) Concurrent update references 3,796ms
[2021-04-30T09:22:53.068+0300][3,917s][info][gc] GC(22) Pause Final Update Refs 0,074ms
[2021-04-30T09:22:53.068+0300][3,918s][info][gc] GC(22) Concurrent cleanup 111M->36M(128M) 0,064ms
[2021-04-30T09:22:53.167+0300][4,017s][info][gc] Trigger: Average GC time (15,76 ms) is above the time for allocation rate (649 MB/s) to deplete free headroom (10086K)
[2021-04-30T09:22:53.168+0300][4,017s][info][gc] GC(23) Concurrent reset 0,213ms
[2021-04-30T09:22:53.168+0300][4,018s][info][gc] GC(23) Pause Init Mark 0,302ms
[2021-04-30T09:22:53.174+0300][4,024s][info][gc] GC(23) Concurrent marking 5,767ms
[2021-04-30T09:22:53.175+0300][4,024s][info][gc] GC(23) Pause Final Mark 0,474ms
[2021-04-30T09:22:53.175+0300][4,024s][info][gc] GC(23) Concurrent cleanup 106M->106M(128M) 0,034ms
[2021-04-30T09:22:53.176+0300][4,025s][info][gc] GC(23) Concurrent evacuation 0,649ms
[2021-04-30T09:22:53.176+0300][4,025s][info][gc] GC(23) Pause Init Update Refs 0,003ms
[2021-04-30T09:22:53.179+0300][4,029s][info][gc] GC(23) Concurrent update references 3,567ms
[2021-04-30T09:22:53.180+0300][4,029s][info][gc] GC(23) Pause Final Update Refs 0,080ms
[2021-04-30T09:22:53.180+0300][4,029s][info][gc] GC(23) Concurrent cleanup 108M->35M(128M) 0,057ms
[2021-04-30T09:22:53.293+0300][4,143s][info][gc] Trigger: Average GC time (14,59 ms) is above the time for allocation rate (580 MB/s) to deplete free headroom (8550K)
[2021-04-30T09:22:53.294+0300][4,143s][info][gc] GC(24) Concurrent reset 0,132ms
[2021-04-30T09:22:53.294+0300][4,143s][info][gc] GC(24) Pause Init Mark 0,239ms
[2021-04-30T09:22:53.301+0300][4,150s][info][gc] GC(24) Concurrent marking 6,808ms
[2021-04-30T09:22:53.301+0300][4,151s][info][gc] GC(24) Pause Final Mark 0,360ms
[2021-04-30T09:22:53.302+0300][4,151s][info][gc] GC(24) Concurrent cleanup 108M->108M(128M) 0,040ms
[2021-04-30T09:22:53.302+0300][4,152s][info][gc] GC(24) Concurrent evacuation 0,677ms
[2021-04-30T09:22:53.302+0300][4,152s][info][gc] GC(24) Pause Init Update Refs 0,005ms
[2021-04-30T09:22:53.307+0300][4,156s][info][gc] GC(24) Concurrent update references 4,153ms
[2021-04-30T09:22:53.307+0300][4,156s][info][gc] GC(24) Pause Final Update Refs 0,094ms
[2021-04-30T09:22:53.307+0300][4,156s][info][gc] GC(24) Concurrent cleanup 111M->37M(128M) 0,056ms
[2021-04-30T09:22:53.424+0300][4,273s][info][gc] Trigger: Average GC time (13,91 ms) is above the time for allocation rate (559 MB/s) to deplete free headroom (7782K)
[2021-04-30T09:22:53.424+0300][4,273s][info][gc] GC(25) Concurrent reset 0,139ms
[2021-04-30T09:22:53.424+0300][4,274s][info][gc] GC(25) Pause Init Mark (process weakrefs) 0,253ms
[2021-04-30T09:22:53.430+0300][4,280s][info][gc] GC(25) Concurrent marking (process weakrefs) 5,971ms
[2021-04-30T09:22:53.430+0300][4,280s][info][gc] GC(25) Concurrent precleaning 0,176ms
[2021-04-30T09:22:53.431+0300][4,281s][info][gc] GC(25) Pause Final Mark (process weakrefs) 0,604ms
[2021-04-30T09:22:53.431+0300][4,281s][info][gc] GC(25) Concurrent cleanup 108M->108M(128M) 0,038ms
[2021-04-30T09:22:53.432+0300][4,281s][info][gc] GC(25) Concurrent evacuation 0,643ms
[2021-04-30T09:22:53.432+0300][4,281s][info][gc] GC(25) Pause Init Update Refs 0,004ms
[2021-04-30T09:22:53.436+0300][4,285s][info][gc] GC(25) Concurrent update references 3,690ms
[2021-04-30T09:22:53.436+0300][4,285s][info][gc] GC(25) Pause Final Update Refs 0,064ms
[2021-04-30T09:22:53.436+0300][4,286s][info][gc] GC(25) Concurrent cleanup 110M->38M(128M) 0,077ms
[2021-04-30T09:22:53.549+0300][4,398s][info][gc] Trigger: Average GC time (13,66 ms) is above the time for allocation rate (576 MB/s) to deplete free headroom (7014K)
[2021-04-30T09:22:53.549+0300][4,398s][info][gc] GC(26) Concurrent reset 0,204ms
[2021-04-30T09:22:53.549+0300][4,399s][info][gc] GC(26) Pause Init Mark 0,299ms
[2021-04-30T09:22:53.556+0300][4,405s][info][gc] GC(26) Concurrent marking 6,341ms
[2021-04-30T09:22:53.556+0300][4,406s][info][gc] GC(26) Pause Final Mark 0,327ms
[2021-04-30T09:22:53.556+0300][4,406s][info][gc] GC(26) Concurrent cleanup 109M->109M(128M) 0,038ms
[2021-04-30T09:22:53.557+0300][4,407s][info][gc] GC(26) Concurrent evacuation 0,758ms
[2021-04-30T09:22:53.557+0300][4,407s][info][gc] GC(26) Pause Init Update Refs 0,005ms
[2021-04-30T09:22:53.562+0300][4,411s][info][gc] GC(26) Concurrent update references 4,740ms
[2021-04-30T09:22:53.562+0300][4,412s][info][gc] GC(26) Pause Final Update Refs 0,127ms
[2021-04-30T09:22:53.562+0300][4,412s][info][gc] GC(26) Concurrent cleanup 113M->41M(128M) 0,078ms
[2021-04-30T09:22:53.663+0300][4,512s][info][gc] Trigger: Average GC time (13,07 ms) is above the time for allocation rate (617 MB/s) to deplete free headroom (7526K)
[2021-04-30T09:22:53.663+0300][4,513s][info][gc] GC(27) Concurrent reset 0,220ms
[2021-04-30T09:22:53.664+0300][4,513s][info][gc] GC(27) Pause Init Mark 0,292ms
[2021-04-30T09:22:53.670+0300][4,519s][info][gc] GC(27) Concurrent marking 6,243ms
[2021-04-30T09:22:53.671+0300][4,520s][info][gc] GC(27) Pause Final Mark 0,342ms
[2021-04-30T09:22:53.671+0300][4,520s][info][gc] GC(27) Concurrent cleanup 108M->108M(128M) 0,033ms
[2021-04-30T09:22:53.671+0300][4,521s][info][gc] GC(27) Concurrent evacuation 0,615ms
[2021-04-30T09:22:53.671+0300][4,521s][info][gc] GC(27) Pause Init Update Refs 0,006ms
[2021-04-30T09:22:53.676+0300][4,525s][info][gc] GC(27) Concurrent update references 4,069ms
[2021-04-30T09:22:53.676+0300][4,525s][info][gc] GC(27) Pause Final Update Refs 0,081ms
[2021-04-30T09:22:53.676+0300][4,525s][info][gc] GC(27) Concurrent cleanup 110M->40M(128M) 0,059ms
[2021-04-30T09:22:53.789+0300][4,639s][info][gc] Trigger: Average GC time (13,11 ms) is above the time for allocation rate (550 MB/s) to deplete free headroom (7014K)
[2021-04-30T09:22:53.789+0300][4,639s][info][gc] GC(28) Concurrent reset 0,129ms
[2021-04-30T09:22:53.790+0300][4,639s][info][gc] GC(28) Pause Init Mark 0,309ms
[2021-04-30T09:22:53.798+0300][4,648s][info][gc] GC(28) Concurrent marking 8,217ms
[2021-04-30T09:22:53.799+0300][4,648s][info][gc] GC(28) Pause Final Mark 0,310ms
[2021-04-30T09:22:53.799+0300][4,648s][info][gc] GC(28) Concurrent cleanup 109M->109M(128M) 0,038ms
[2021-04-30T09:22:53.800+0300][4,649s][info][gc] GC(28) Concurrent evacuation 0,914ms
[2021-04-30T09:22:53.800+0300][4,649s][info][gc] GC(28) Pause Init Update Refs 0,006ms
[2021-04-30T09:22:53.805+0300][4,655s][info][gc] GC(28) Concurrent update references 5,312ms
[2021-04-30T09:22:53.805+0300][4,655s][info][gc] GC(28) Pause Final Update Refs 0,108ms
[2021-04-30T09:22:53.806+0300][4,655s][info][gc] GC(28) Concurrent cleanup 114M->44M(128M) 0,058ms
[2021-04-30T09:22:53.911+0300][4,761s][info][gc] Trigger: Average GC time (13,88 ms) is above the time for allocation rate (565 MB/s) to deplete free headroom (7014K)
[2021-04-30T09:22:53.912+0300][4,761s][info][gc] GC(29) Concurrent reset 0,147ms
[2021-04-30T09:22:53.912+0300][4,761s][info][gc] GC(29) Pause Init Mark 0,287ms
[2021-04-30T09:22:53.918+0300][4,768s][info][gc] GC(29) Concurrent marking 6,346ms
[2021-04-30T09:22:53.919+0300][4,768s][info][gc] GC(29) Pause Final Mark 0,348ms
[2021-04-30T09:22:53.919+0300][4,768s][info][gc] GC(29) Concurrent cleanup 109M->109M(128M) 0,039ms
[2021-04-30T09:22:53.920+0300][4,769s][info][gc] GC(29) Concurrent evacuation 0,575ms
[2021-04-30T09:22:53.920+0300][4,769s][info][gc] GC(29) Pause Init Update Refs 0,004ms
[2021-04-30T09:22:53.925+0300][4,774s][info][gc] GC(29) Concurrent update references 4,924ms
[2021-04-30T09:22:53.925+0300][4,774s][info][gc] GC(29) Pause Final Update Refs 0,167ms
[2021-04-30T09:22:53.925+0300][4,775s][info][gc] GC(29) Concurrent cleanup 113M->44M(128M) 0,059ms
[2021-04-30T09:22:54.027+0300][4,877s][info][gc] Trigger: Average GC time (13,90 ms) is above the time for allocation rate (576 MB/s) to deplete free headroom (7782K)
[2021-04-30T09:22:54.028+0300][4,877s][info][gc] GC(30) Concurrent reset 0,251ms
[2021-04-30T09:22:54.028+0300][4,877s][info][gc] GC(30) Pause Init Mark (process weakrefs) 0,270ms
[2021-04-30T09:22:54.037+0300][4,886s][info][gc] GC(30) Concurrent marking (process weakrefs) 8,942ms
[2021-04-30T09:22:54.037+0300][4,887s][info][gc] GC(30) Concurrent precleaning 0,122ms
[2021-04-30T09:22:54.038+0300][4,888s][info][gc] GC(30) Pause Final Mark (process weakrefs) 0,736ms
[2021-04-30T09:22:54.038+0300][4,888s][info][gc] GC(30) Concurrent cleanup 108M->108M(128M) 0,038ms
[2021-04-30T09:22:54.039+0300][4,888s][info][gc] GC(30) Concurrent evacuation 0,661ms
[2021-04-30T09:22:54.039+0300][4,889s][info][gc] GC(30) Pause Init Update Refs 0,021ms
[2021-04-30T09:22:54.044+0300][4,894s][info][gc] GC(30) Concurrent update references 4,891ms
[2021-04-30T09:22:54.045+0300][4,894s][info][gc] GC(30) Pause Final Update Refs 0,136ms
[2021-04-30T09:22:54.045+0300][4,894s][info][gc] GC(30) Concurrent cleanup 112M->44M(128M) 0,060ms
[2021-04-30T09:22:54.154+0300][5,003s][info][gc] Trigger: Average GC time (14,86 ms) is above the time for allocation rate (520 MB/s) to deplete free headroom (7782K)
[2021-04-30T09:22:54.154+0300][5,004s][info][gc] GC(31) Concurrent reset 0,191ms
[2021-04-30T09:22:54.154+0300][5,004s][info][gc] GC(31) Pause Init Mark 0,197ms
[2021-04-30T09:22:54.162+0300][5,011s][info][gc] GC(31) Concurrent marking 7,251ms
[2021-04-30T09:22:54.162+0300][5,012s][info][gc] GC(31) Pause Final Mark 0,398ms
[2021-04-30T09:22:54.162+0300][5,012s][info][gc] GC(31) Concurrent cleanup 108M->108M(128M) 0,037ms
[2021-04-30T09:22:54.163+0300][5,013s][info][gc] GC(31) Concurrent evacuation 0,667ms
[2021-04-30T09:22:54.163+0300][5,013s][info][gc] GC(31) Pause Init Update Refs 0,006ms
[2021-04-30T09:22:54.167+0300][5,017s][info][gc] GC(31) Concurrent update references 4,068ms
[2021-04-30T09:22:54.168+0300][5,017s][info][gc] GC(31) Pause Final Update Refs 0,070ms
[2021-04-30T09:22:54.168+0300][5,017s][info][gc] GC(31) Concurrent cleanup 110M->44M(128M) 0,057ms
[2021-04-30T09:22:54.264+0300][5,113s][info][gc] Trigger: Average GC time (14,85 ms) is above the time for allocation rate (585 MB/s) to deplete free headroom (8244K)
[2021-04-30T09:22:54.264+0300][5,114s][info][gc] GC(32) Concurrent reset 0,155ms
[2021-04-30T09:22:54.264+0300][5,114s][info][gc] GC(32) Pause Init Mark 0,220ms
[2021-04-30T09:22:54.273+0300][5,122s][info][gc] GC(32) Concurrent marking 8,335ms
[2021-04-30T09:22:54.273+0300][5,123s][info][gc] GC(32) Pause Final Mark 0,335ms
[2021-04-30T09:22:54.273+0300][5,123s][info][gc] GC(32) Concurrent cleanup 108M->108M(128M) 0,034ms
[2021-04-30T09:22:54.274+0300][5,123s][info][gc] GC(32) Concurrent evacuation 0,536ms
[2021-04-30T09:22:54.274+0300][5,123s][info][gc] GC(32) Pause Init Update Refs 0,004ms
[2021-04-30T09:22:54.281+0300][5,130s][info][gc] GC(32) Concurrent update references 6,662ms
[2021-04-30T09:22:54.281+0300][5,130s][info][gc] GC(32) Pause Final Update Refs 0,122ms
[2021-04-30T09:22:54.281+0300][5,131s][info][gc] GC(32) Concurrent cleanup 110M->46M(128M) 0,053ms
[2021-04-30T09:22:54.382+0300][5,231s][info][gc] Trigger: Average GC time (15,68 ms) is above the time for allocation rate (534 MB/s) to deplete free headroom (8294K)
[2021-04-30T09:22:54.382+0300][5,232s][info][gc] GC(33) Concurrent reset 0,172ms
[2021-04-30T09:22:54.382+0300][5,232s][info][gc] GC(33) Pause Init Mark 0,218ms
[2021-04-30T09:22:54.392+0300][5,241s][info][gc] GC(33) Concurrent marking 9,089ms
[2021-04-30T09:22:54.392+0300][5,241s][info][gc] GC(33) Pause Final Mark 0,270ms
[2021-04-30T09:22:54.392+0300][5,242s][info][gc] GC(33) Concurrent cleanup 108M->108M(128M) 0,039ms
[2021-04-30T09:22:54.393+0300][5,242s][info][gc] GC(33) Concurrent evacuation 0,553ms
[2021-04-30T09:22:54.393+0300][5,242s][info][gc] GC(33) Pause Init Update Refs 0,004ms
[2021-04-30T09:22:54.398+0300][5,248s][info][gc] GC(33) Concurrent update references 5,484ms
[2021-04-30T09:22:54.399+0300][5,248s][info][gc] GC(33) Pause Final Update Refs 0,112ms
[2021-04-30T09:22:54.399+0300][5,248s][info][gc] GC(33) Concurrent cleanup 112M->48M(128M) 0,083ms
[2021-04-30T09:22:54.495+0300][5,344s][info][gc] Trigger: Average GC time (15,83 ms) is above the time for allocation rate (550 MB/s) to deplete free headroom (8550K)
[2021-04-30T09:22:54.495+0300][5,344s][info][gc] GC(34) Concurrent reset 0,162ms
[2021-04-30T09:22:54.495+0300][5,345s][info][gc] GC(34) Pause Init Mark 0,220ms
[2021-04-30T09:22:54.503+0300][5,352s][info][gc] GC(34) Concurrent marking 7,652ms
[2021-04-30T09:22:54.503+0300][5,353s][info][gc] GC(34) Pause Final Mark 0,371ms
[2021-04-30T09:22:54.503+0300][5,353s][info][gc] GC(34) Concurrent cleanup 108M->108M(128M) 0,034ms
[2021-04-30T09:22:54.504+0300][5,353s][info][gc] GC(34) Concurrent evacuation 0,551ms
[2021-04-30T09:22:54.504+0300][5,354s][info][gc] GC(34) Pause Init Update Refs 0,005ms
[2021-04-30T09:22:54.510+0300][5,359s][info][gc] GC(34) Concurrent update references 5,623ms
[2021-04-30T09:22:54.510+0300][5,360s][info][gc] GC(34) Pause Final Update Refs 0,092ms
[2021-04-30T09:22:54.510+0300][5,360s][info][gc] GC(34) Concurrent cleanup 111M->49M(128M) 0,059ms
[2021-04-30T09:22:54.612+0300][5,462s][info][gc] Trigger: Average GC time (16,20 ms) is above the time for allocation rate (516 MB/s) to deplete free headroom (8550K)
[2021-04-30T09:22:54.613+0300][5,462s][info][gc] GC(35) Concurrent reset 0,143ms
[2021-04-30T09:22:54.613+0300][5,462s][info][gc] GC(35) Pause Init Mark (process weakrefs) 0,184ms
[2021-04-30T09:22:54.622+0300][5,471s][info][gc] GC(35) Concurrent marking (process weakrefs) 8,440ms
[2021-04-30T09:22:54.622+0300][5,471s][info][gc] GC(35) Concurrent precleaning 0,108ms
[2021-04-30T09:22:54.622+0300][5,472s][info][gc] GC(35) Pause Final Mark (process weakrefs) 0,368ms
[2021-04-30T09:22:54.622+0300][5,472s][info][gc] GC(35) Concurrent cleanup 108M->108M(128M) 0,042ms
[2021-04-30T09:22:54.623+0300][5,472s][info][gc] GC(35) Concurrent evacuation 0,644ms
[2021-04-30T09:22:54.623+0300][5,472s][info][gc] GC(35) Pause Init Update Refs 0,004ms
[2021-04-30T09:22:54.628+0300][5,477s][info][gc] GC(35) Concurrent update references 4,408ms
[2021-04-30T09:22:54.628+0300][5,477s][info][gc] GC(35) Pause Final Update Refs 0,078ms
[2021-04-30T09:22:54.628+0300][5,477s][info][gc] GC(35) Concurrent cleanup 111M->49M(128M) 0,058ms
[2021-04-30T09:22:54.729+0300][5,579s][info][gc] Trigger: Average GC time (15,82 ms) is above the time for allocation rate (516 MB/s) to deplete free headroom (8038K)
[2021-04-30T09:22:54.730+0300][5,579s][info][gc] GC(36) Concurrent reset 0,146ms
[2021-04-30T09:22:54.730+0300][5,579s][info][gc] GC(36) Pause Init Mark 0,184ms
[2021-04-30T09:22:54.740+0300][5,590s][info][gc] GC(36) Concurrent marking 10,098ms
[2021-04-30T09:22:54.741+0300][5,590s][info][gc] GC(36) Pause Final Mark 0,309ms
[2021-04-30T09:22:54.741+0300][5,590s][info][gc] GC(36) Concurrent cleanup 108M->108M(128M) 0,038ms
[2021-04-30T09:22:54.741+0300][5,591s][info][gc] GC(36) Concurrent evacuation 0,590ms
[2021-04-30T09:22:54.741+0300][5,591s][info][gc] GC(36) Pause Init Update Refs 0,005ms
[2021-04-30T09:22:54.746+0300][5,595s][info][gc] GC(36) Concurrent update references 4,347ms
[2021-04-30T09:22:54.746+0300][5,595s][info][gc] GC(36) Pause Final Update Refs 0,065ms
[2021-04-30T09:22:54.746+0300][5,596s][info][gc] GC(36) Concurrent cleanup 111M->50M(128M) 0,056ms
[2021-04-30T09:22:54.839+0300][5,688s][info][gc] Trigger: Average GC time (16,42 ms) is above the time for allocation rate (538 MB/s) to deplete free headroom (8806K)
[2021-04-30T09:22:54.839+0300][5,688s][info][gc] GC(37) Concurrent reset 0,131ms
[2021-04-30T09:22:54.839+0300][5,689s][info][gc] GC(37) Pause Init Mark 0,228ms
[2021-04-30T09:22:54.847+0300][5,696s][info][gc] GC(37) Concurrent marking 7,359ms
[2021-04-30T09:22:54.847+0300][5,696s][info][gc] GC(37) Pause Final Mark 0,314ms
[2021-04-30T09:22:54.847+0300][5,697s][info][gc] GC(37) Concurrent cleanup 108M->108M(128M) 0,043ms
[2021-04-30T09:22:54.848+0300][5,697s][info][gc] GC(37) Concurrent evacuation 0,510ms
[2021-04-30T09:22:54.848+0300][5,697s][info][gc] GC(37) Pause Init Update Refs 0,006ms
[2021-04-30T09:22:54.852+0300][5,702s][info][gc] GC(37) Concurrent update references 4,590ms
[2021-04-30T09:22:54.853+0300][5,702s][info][gc] GC(37) Pause Final Update Refs 0,137ms
[2021-04-30T09:22:54.853+0300][5,702s][info][gc] GC(37) Concurrent cleanup 112M->53M(128M) 0,054ms
[2021-04-30T09:22:54.951+0300][5,800s][info][gc] Trigger: Average GC time (15,82 ms) is above the time for allocation rate (521 MB/s) to deplete free headroom (8038K)
[2021-04-30T09:22:54.951+0300][5,801s][info][gc] GC(38) Concurrent reset 0,170ms
[2021-04-30T09:22:54.952+0300][5,801s][info][gc] GC(38) Pause Init Mark 0,293ms
[2021-04-30T09:22:54.961+0300][5,811s][info][gc] GC(38) Concurrent marking 9,353ms
[2021-04-30T09:22:54.962+0300][5,811s][info][gc] GC(38) Pause Final Mark 0,320ms
[2021-04-30T09:22:54.962+0300][5,811s][info][gc] GC(38) Concurrent cleanup 108M->108M(128M) 0,041ms
[2021-04-30T09:22:54.962+0300][5,812s][info][gc] GC(38) Concurrent evacuation 0,679ms
[2021-04-30T09:22:54.963+0300][5,812s][info][gc] GC(38) Pause Init Update Refs 0,008ms
[2021-04-30T09:22:54.968+0300][5,818s][info][gc] GC(38) Concurrent update references 5,603ms
[2021-04-30T09:22:54.969+0300][5,818s][info][gc] GC(38) Pause Final Update Refs 0,140ms
[2021-04-30T09:22:54.969+0300][5,818s][info][gc] GC(38) Concurrent cleanup 111M->52M(128M) 0,063ms
[2021-04-30T09:22:55.058+0300][5,908s][info][gc] Trigger: Average GC time (16,01 ms) is above the time for allocation rate (537 MB/s) to deplete free headroom (8038K)
[2021-04-30T09:22:55.058+0300][5,908s][info][gc] GC(39) Concurrent reset 0,185ms
[2021-04-30T09:22:55.059+0300][5,908s][info][gc] GC(39) Pause Init Mark 0,224ms
[2021-04-30T09:22:55.066+0300][5,915s][info][gc] GC(39) Concurrent marking 7,033ms
[2021-04-30T09:22:55.066+0300][5,916s][info][gc] GC(39) Pause Final Mark 0,327ms
[2021-04-30T09:22:55.066+0300][5,916s][info][gc] GC(39) Concurrent cleanup 108M->108M(128M) 0,052ms
[2021-04-30T09:22:55.067+0300][5,916s][info][gc] GC(39) Concurrent evacuation 0,534ms
[2021-04-30T09:22:55.067+0300][5,916s][info][gc] GC(39) Pause Init Update Refs 0,004ms
[2021-04-30T09:22:55.071+0300][5,921s][info][gc] GC(39) Concurrent update references 4,332ms
[2021-04-30T09:22:55.072+0300][5,921s][info][gc] GC(39) Pause Final Update Refs 0,222ms
[2021-04-30T09:22:55.072+0300][5,921s][info][gc] GC(39) Concurrent cleanup 110M->52M(128M) 0,056ms
[2021-04-30T09:22:55.153+0300][6,002s][info][gc] Trigger: Average GC time (15,65 ms) is above the time for allocation rate (591 MB/s) to deplete free headroom (8806K)
[2021-04-30T09:22:55.153+0300][6,003s][info][gc] GC(40) Concurrent reset 0,171ms
[2021-04-30T09:22:55.154+0300][6,003s][info][gc] GC(40) Pause Init Mark (process weakrefs) 0,301ms
[2021-04-30T09:22:55.161+0300][6,011s][info][gc] GC(40) Concurrent marking (process weakrefs) 7,613ms
[2021-04-30T09:22:55.162+0300][6,011s][info][gc] GC(40) Concurrent precleaning 0,064ms
[2021-04-30T09:22:55.162+0300][6,012s][info][gc] GC(40) Pause Final Mark (process weakrefs) 0,486ms
[2021-04-30T09:22:55.162+0300][6,012s][info][gc] GC(40) Concurrent cleanup 108M->108M(128M) 0,041ms
[2021-04-30T09:22:55.163+0300][6,012s][info][gc] GC(40) Concurrent evacuation 0,615ms
[2021-04-30T09:22:55.163+0300][6,012s][info][gc] GC(40) Pause Init Update Refs 0,005ms
[2021-04-30T09:22:55.170+0300][6,020s][info][gc] GC(40) Concurrent update references 7,214ms
[2021-04-30T09:22:55.171+0300][6,020s][info][gc] GC(40) Pause Final Update Refs 0,108ms
[2021-04-30T09:22:55.171+0300][6,020s][info][gc] GC(40) Concurrent cleanup 113M->57M(128M) 0,054ms
[2021-04-30T09:22:55.250+0300][6,099s][info][gc] Trigger: Average GC time (16,09 ms) is above the time for allocation rate (563 MB/s) to deplete free headroom (9062K)
[2021-04-30T09:22:55.250+0300][6,099s][info][gc] GC(41) Concurrent reset 0,182ms
[2021-04-30T09:22:55.250+0300][6,100s][info][gc] GC(41) Pause Init Mark 0,200ms
[2021-04-30T09:22:55.258+0300][6,108s][info][gc] GC(41) Concurrent marking 7,616ms
[2021-04-30T09:22:55.259+0300][6,108s][info][gc] GC(41) Pause Final Mark 0,525ms
[2021-04-30T09:22:55.259+0300][6,108s][info][gc] GC(41) Concurrent cleanup 107M->107M(128M) 0,038ms
[2021-04-30T09:22:55.259+0300][6,109s][info][gc] GC(41) Concurrent evacuation 0,452ms
[2021-04-30T09:22:55.260+0300][6,109s][info][gc] GC(41) Pause Init Update Refs 0,005ms
[2021-04-30T09:22:55.264+0300][6,114s][info][gc] GC(41) Concurrent update references 4,585ms
[2021-04-30T09:22:55.265+0300][6,114s][info][gc] GC(41) Pause Final Update Refs 0,222ms
[2021-04-30T09:22:55.265+0300][6,114s][info][gc] GC(41) Concurrent cleanup 110M->55M(128M) 0,052ms
[2021-04-30T09:22:55.341+0300][6,191s][info][gc] Trigger: Average GC time (15,76 ms) is above the time for allocation rate (589 MB/s) to deplete free headroom (8550K)
[2021-04-30T09:22:55.342+0300][6,191s][info][gc] GC(42) Concurrent reset 0,243ms
[2021-04-30T09:22:55.342+0300][6,192s][info][gc] GC(42) Pause Init Mark 0,230ms
[2021-04-30T09:22:55.351+0300][6,200s][info][gc] GC(42) Concurrent marking 8,486ms
[2021-04-30T09:22:55.351+0300][6,201s][info][gc] GC(42) Pause Final Mark 0,318ms
[2021-04-30T09:22:55.351+0300][6,201s][info][gc] GC(42) Concurrent cleanup 108M->108M(128M) 0,036ms
[2021-04-30T09:22:55.352+0300][6,201s][info][gc] GC(42) Concurrent evacuation 0,545ms
[2021-04-30T09:22:55.352+0300][6,201s][info][gc] GC(42) Pause Init Update Refs 0,005ms
[2021-04-30T09:22:55.357+0300][6,206s][info][gc] GC(42) Concurrent update references 4,650ms
[2021-04-30T09:22:55.357+0300][6,206s][info][gc] GC(42) Pause Final Update Refs 0,070ms
[2021-04-30T09:22:55.357+0300][6,206s][info][gc] GC(42) Concurrent cleanup 111M->56M(128M) 0,055ms
[2021-04-30T09:22:55.604+0300][6,453s][info][gc] Trigger: Free (12544K) is below minimum threshold (13107K)
[2021-04-30T09:22:55.604+0300][6,454s][info][gc] GC(43) Concurrent reset 0,139ms
[2021-04-30T09:22:55.605+0300][6,454s][info][gc] GC(43) Pause Init Mark 0,172ms
[2021-04-30T09:22:55.613+0300][6,462s][info][gc] GC(43) Concurrent marking 8,116ms
[2021-04-30T09:22:55.613+0300][6,463s][info][gc] GC(43) Pause Final Mark 0,369ms
[2021-04-30T09:22:55.613+0300][6,463s][info][gc] GC(43) Concurrent cleanup 110M->110M(128M) 0,048ms
[2021-04-30T09:22:55.616+0300][6,466s][info][gc] GC(43) Concurrent evacuation 3,081ms
[2021-04-30T09:22:55.617+0300][6,466s][info][gc] GC(43) Pause Init Update Refs 0,026ms
[2021-04-30T09:22:55.622+0300][6,471s][info][gc] GC(43) Concurrent update references 5,056ms
[2021-04-30T09:22:55.622+0300][6,472s][info][gc] GC(43) Pause Final Update Refs 0,084ms
[2021-04-30T09:22:55.622+0300][6,472s][info][gc] GC(43) Concurrent cleanup 119M->54M(128M) 0,064ms
[2021-04-30T09:22:55.699+0300][6,549s][info][gc] Trigger: Average GC time (16,12 ms) is above the time for allocation rate (596 MB/s) to deplete free headroom (9062K)
[2021-04-30T09:22:55.700+0300][6,549s][info][gc] GC(44) Concurrent reset 0,262ms
[2021-04-30T09:22:55.700+0300][6,550s][info][gc] GC(44) Pause Init Mark 0,358ms
[2021-04-30T09:22:55.707+0300][6,557s][info][gc] GC(44) Concurrent marking 7,022ms
[2021-04-30T09:22:55.708+0300][6,557s][info][gc] GC(44) Pause Final Mark 0,322ms
[2021-04-30T09:22:55.708+0300][6,557s][info][gc] GC(44) Concurrent cleanup 107M->107M(128M) 0,035ms
[2021-04-30T09:22:55.710+0300][6,559s][info][gc] GC(44) Concurrent evacuation 1,645ms
[2021-04-30T09:22:55.710+0300][6,559s][info][gc] GC(44) Pause Init Update Refs 0,026ms
[2021-04-30T09:22:55.715+0300][6,564s][info][gc] GC(44) Concurrent update references 4,913ms
[2021-04-30T09:22:55.715+0300][6,564s][info][gc] GC(44) Pause Final Update Refs 0,065ms
[2021-04-30T09:22:55.715+0300][6,565s][info][gc] GC(44) Concurrent cleanup 114M->48M(128M) 0,066ms
[2021-04-30T09:22:55.798+0300][6,648s][info][gc] Trigger: Average GC time (16,51 ms) is above the time for allocation rate (600 MB/s) to deplete free headroom (10086K)
[2021-04-30T09:22:55.798+0300][6,648s][info][gc] GC(45) Concurrent reset 0,257ms
[2021-04-30T09:22:55.799+0300][6,649s][info][gc] GC(45) Pause Init Mark (process weakrefs) 0,296ms
[2021-04-30T09:22:55.806+0300][6,656s][info][gc] GC(45) Concurrent marking (process weakrefs) 6,771ms
[2021-04-30T09:22:55.806+0300][6,656s][info][gc] GC(45) Concurrent precleaning 0,081ms
[2021-04-30T09:22:55.807+0300][6,656s][info][gc] GC(45) Pause Final Mark (process weakrefs) 0,444ms
[2021-04-30T09:22:55.807+0300][6,656s][info][gc] GC(45) Concurrent cleanup 106M->106M(128M) 0,033ms
[2021-04-30T09:22:55.809+0300][6,658s][info][gc] GC(45) Concurrent evacuation 1,756ms
[2021-04-30T09:22:55.809+0300][6,658s][info][gc] GC(45) Pause Init Update Refs 0,009ms
[2021-04-30T09:22:55.815+0300][6,664s][info][gc] GC(45) Concurrent update references 5,605ms
[2021-04-30T09:22:55.815+0300][6,664s][info][gc] GC(45) Pause Final Update Refs 0,094ms
[2021-04-30T09:22:55.815+0300][6,665s][info][gc] GC(45) Concurrent cleanup 114M->48M(128M) 0,061ms
[2021-04-30T09:22:55.898+0300][6,748s][info][gc] Trigger: Average GC time (16,35 ms) is above the time for allocation rate (620 MB/s) to deplete free headroom (9830K)
[2021-04-30T09:22:55.899+0300][6,748s][info][gc] GC(46) Concurrent reset 0,242ms
[2021-04-30T09:22:55.899+0300][6,749s][info][gc] GC(46) Pause Init Mark 0,293ms
[2021-04-30T09:22:55.906+0300][6,755s][info][gc] GC(46) Concurrent marking 6,370ms
[2021-04-30T09:22:55.906+0300][6,755s][info][gc] GC(46) Pause Final Mark 0,408ms
[2021-04-30T09:22:55.906+0300][6,756s][info][gc] GC(46) Concurrent cleanup 106M->106M(128M) 0,034ms
[2021-04-30T09:22:55.907+0300][6,756s][info][gc] GC(46) Concurrent evacuation 0,580ms
[2021-04-30T09:22:55.907+0300][6,756s][info][gc] GC(46) Pause Init Update Refs 0,004ms
[2021-04-30T09:22:55.913+0300][6,763s][info][gc] GC(46) Concurrent update references 6,516ms
[2021-04-30T09:22:55.914+0300][6,763s][info][gc] GC(46) Pause Final Update Refs 0,105ms
[2021-04-30T09:22:55.914+0300][6,763s][info][gc] GC(46) Concurrent cleanup 112M->50M(128M) 0,055ms
[2021-04-30T09:22:56.035+0300][6,885s][info][gc] Trigger: Average GC time (16,43 ms) is above the time for allocation rate (464 MB/s) to deplete free headroom (7014K)
[2021-04-30T09:22:56.035+0300][6,885s][info][gc] GC(47) Concurrent reset 0,223ms
[2021-04-30T09:22:56.036+0300][6,885s][info][gc] GC(47) Pause Init Mark 0,283ms
[2021-04-30T09:22:56.042+0300][6,892s][info][gc] GC(47) Concurrent marking 6,313ms
[2021-04-30T09:22:56.043+0300][6,893s][info][gc] GC(47) Pause Final Mark 0,691ms
[2021-04-30T09:22:56.043+0300][6,893s][info][gc] GC(47) Concurrent cleanup 109M->109M(128M) 0,039ms
[2021-04-30T09:22:56.044+0300][6,893s][info][gc] GC(47) Concurrent evacuation 0,526ms
[2021-04-30T09:22:56.044+0300][6,893s][info][gc] GC(47) Pause Init Update Refs 0,004ms
[2021-04-30T09:22:56.048+0300][6,898s][info][gc] GC(47) Concurrent update references 4,315ms
[2021-04-30T09:22:56.049+0300][6,898s][info][gc] GC(47) Pause Final Update Refs 0,187ms
[2021-04-30T09:22:56.049+0300][6,898s][info][gc] GC(47) Concurrent cleanup 111M->47M(128M) 0,057ms
[2021-04-30T09:22:56.136+0300][6,986s][info][gc] Trigger: Average GC time (16,04 ms) is above the time for allocation rate (596 MB/s) to deplete free headroom (9318K)
[2021-04-30T09:22:56.137+0300][6,986s][info][gc] GC(48) Concurrent reset 0,241ms
[2021-04-30T09:22:56.137+0300][6,987s][info][gc] GC(48) Pause Init Mark 0,324ms
[2021-04-30T09:22:56.144+0300][6,993s][info][gc] GC(48) Concurrent marking 6,676ms
[2021-04-30T09:22:56.144+0300][6,994s][info][gc] GC(48) Pause Final Mark 0,296ms
[2021-04-30T09:22:56.144+0300][6,994s][info][gc] GC(48) Concurrent cleanup 107M->107M(128M) 0,035ms
[2021-04-30T09:22:56.145+0300][6,994s][info][gc] GC(48) Concurrent evacuation 0,504ms
[2021-04-30T09:22:56.145+0300][6,995s][info][gc] GC(48) Pause Init Update Refs 0,004ms
[2021-04-30T09:22:56.149+0300][6,999s][info][gc] GC(48) Concurrent update references 3,999ms
[2021-04-30T09:22:56.149+0300][6,999s][info][gc] GC(48) Pause Final Update Refs 0,192ms
[2021-04-30T09:22:56.150+0300][6,999s][info][gc] GC(48) Concurrent cleanup 109M->48M(128M) 0,054ms
[2021-04-30T09:22:56.234+0300][7,083s][info][gc] Trigger: Average GC time (15,02 ms) is above the time for allocation rate (610 MB/s) to deplete free headroom (9318K)
[2021-04-30T09:22:56.234+0300][7,084s][info][gc] GC(49) Concurrent reset 0,314ms
[2021-04-30T09:22:56.235+0300][7,084s][info][gc] GC(49) Pause Init Mark 0,329ms
[2021-04-30T09:22:56.244+0300][7,093s][info][gc] GC(49) Concurrent marking 8,663ms
[2021-04-30T09:22:56.244+0300][7,094s][info][gc] GC(49) Pause Final Mark 0,338ms
[2021-04-30T09:22:56.244+0300][7,094s][info][gc] GC(49) Concurrent cleanup 107M->107M(128M) 0,037ms
[2021-04-30T09:22:56.245+0300][7,094s][info][gc] GC(49) Concurrent evacuation 0,534ms
[2021-04-30T09:22:56.245+0300][7,094s][info][gc] GC(49) Pause Init Update Refs 0,003ms
[2021-04-30T09:22:56.254+0300][7,103s][info][gc] GC(49) Concurrent update references 8,703ms
[2021-04-30T09:22:56.255+0300][7,105s][info][gc] GC(49) Pause Final Update Refs 0,118ms
[2021-04-30T09:22:56.256+0300][7,105s][info][gc] GC(49) Concurrent cleanup 110M->51M(128M) 0,073ms
[2021-04-30T09:22:56.347+0300][7,196s][info][gc] Trigger: Average GC time (16,17 ms) is above the time for allocation rate (524 MB/s) to deplete free headroom (8550K)
[2021-04-30T09:22:56.347+0300][7,196s][info][gc] GC(50) Concurrent reset 0,182ms
[2021-04-30T09:22:56.347+0300][7,197s][info][gc] GC(50) Pause Init Mark (process weakrefs) 0,300ms
[2021-04-30T09:22:56.354+0300][7,204s][info][gc] GC(50) Concurrent marking (process weakrefs) 6,918ms
[2021-04-30T09:22:56.355+0300][7,204s][info][gc] GC(50) Concurrent precleaning 0,163ms
[2021-04-30T09:22:56.355+0300][7,205s][info][gc] GC(50) Pause Final Mark (process weakrefs) 0,329ms
[2021-04-30T09:22:56.355+0300][7,205s][info][gc] GC(50) Concurrent cleanup 108M->108M(128M) 0,036ms
[2021-04-30T09:22:56.356+0300][7,205s][info][gc] GC(50) Concurrent evacuation 0,573ms
[2021-04-30T09:22:56.356+0300][7,205s][info][gc] GC(50) Pause Init Update Refs 0,004ms
[2021-04-30T09:22:56.360+0300][7,210s][info][gc] GC(50) Concurrent update references 4,260ms
[2021-04-30T09:22:56.361+0300][7,210s][info][gc] GC(50) Pause Final Update Refs 0,086ms
[2021-04-30T09:22:56.361+0300][7,210s][info][gc] GC(50) Concurrent cleanup 110M->50M(128M) 0,053ms
[2021-04-30T09:22:56.442+0300][7,291s][info][gc] Trigger: Average GC time (15,61 ms) is above the time for allocation rate (602 MB/s) to deplete free headroom (9574K)
[2021-04-30T09:22:56.442+0300][7,292s][info][gc] GC(51) Concurrent reset 0,145ms
[2021-04-30T09:22:56.443+0300][7,292s][info][gc] GC(51) Pause Init Mark 0,303ms
[2021-04-30T09:22:56.452+0300][7,301s][info][gc] GC(51) Concurrent marking 8,695ms
[2021-04-30T09:22:56.452+0300][7,302s][info][gc] GC(51) Pause Final Mark 0,384ms
[2021-04-30T09:22:56.452+0300][7,302s][info][gc] GC(51) Concurrent cleanup 107M->107M(128M) 0,044ms
[2021-04-30T09:22:56.453+0300][7,302s][info][gc] GC(51) Concurrent evacuation 0,655ms
[2021-04-30T09:22:56.453+0300][7,303s][info][gc] GC(51) Pause Init Update Refs 0,004ms
[2021-04-30T09:22:56.461+0300][7,310s][info][gc] GC(51) Concurrent update references 7,463ms
[2021-04-30T09:22:56.461+0300][7,310s][info][gc] GC(51) Pause Final Update Refs 0,094ms
[2021-04-30T09:22:56.461+0300][7,311s][info][gc] GC(51) Concurrent cleanup 113M->56M(128M) 0,061ms
[2021-04-30T09:22:56.537+0300][7,386s][info][gc] Trigger: Average GC time (16,28 ms) is above the time for allocation rate (590 MB/s) to deplete free headroom (9830K)
[2021-04-30T09:22:56.537+0300][7,387s][info][gc] GC(52) Concurrent reset 0,202ms
[2021-04-30T09:22:56.538+0300][7,387s][info][gc] GC(52) Pause Init Mark 0,189ms
[2021-04-30T09:22:56.546+0300][7,396s][info][gc] GC(52) Concurrent marking 8,423ms
[2021-04-30T09:22:56.547+0300][7,396s][info][gc] GC(52) Pause Final Mark 0,411ms
[2021-04-30T09:22:56.547+0300][7,396s][info][gc] GC(52) Concurrent cleanup 107M->107M(128M) 0,041ms
[2021-04-30T09:22:56.547+0300][7,397s][info][gc] GC(52) Concurrent evacuation 0,602ms
[2021-04-30T09:22:56.548+0300][7,397s][info][gc] GC(52) Pause Init Update Refs 0,004ms
[2021-04-30T09:22:56.552+0300][7,402s][info][gc] GC(52) Concurrent update references 4,705ms
[2021-04-30T09:22:56.553+0300][7,402s][info][gc] GC(52) Pause Final Update Refs 0,116ms
[2021-04-30T09:22:56.553+0300][7,402s][info][gc] GC(52) Concurrent cleanup 109M->53M(128M) 0,062ms
[2021-04-30T09:22:56.646+0300][7,495s][info][gc] Trigger: Average GC time (16,71 ms) is above the time for allocation rate (523 MB/s) to deplete free headroom (8294K)
[2021-04-30T09:22:56.646+0300][7,495s][info][gc] GC(53) Concurrent reset 0,238ms
[2021-04-30T09:22:56.646+0300][7,496s][info][gc] GC(53) Pause Init Mark 0,294ms
[2021-04-30T09:22:56.654+0300][7,503s][info][gc] GC(53) Concurrent marking 7,482ms
[2021-04-30T09:22:56.655+0300][7,504s][info][gc] GC(53) Pause Final Mark 0,537ms
[2021-04-30T09:22:56.655+0300][7,504s][info][gc] GC(53) Concurrent cleanup 108M->108M(128M) 0,036ms
[2021-04-30T09:22:56.655+0300][7,505s][info][gc] GC(53) Concurrent evacuation 0,611ms
[2021-04-30T09:22:56.655+0300][7,505s][info][gc] GC(53) Pause Init Update Refs 0,005ms
[2021-04-30T09:22:56.663+0300][7,512s][info][gc] GC(53) Concurrent update references 7,369ms
[2021-04-30T09:22:56.663+0300][7,513s][info][gc] GC(53) Pause Final Update Refs 0,117ms
[2021-04-30T09:22:56.663+0300][7,513s][info][gc] GC(53) Concurrent cleanup 114M->57M(128M) 0,051ms
[2021-04-30T09:22:56.733+0300][7,582s][info][gc] Trigger: Average GC time (17,59 ms) is above the time for allocation rate (620 MB/s) to deplete free headroom (10086K)
[2021-04-30T09:22:56.733+0300][7,582s][info][gc] GC(54) Concurrent reset 0,254ms
[2021-04-30T09:22:56.733+0300][7,583s][info][gc] GC(54) Pause Init Mark 0,233ms
[2021-04-30T09:22:56.742+0300][7,591s][info][gc] GC(54) Concurrent marking 7,944ms
[2021-04-30T09:22:56.742+0300][7,592s][info][gc] GC(54) Pause Final Mark 0,304ms
[2021-04-30T09:22:56.742+0300][7,592s][info][gc] GC(54) Concurrent cleanup 106M->106M(128M) 0,035ms
[2021-04-30T09:22:56.743+0300][7,592s][info][gc] GC(54) Concurrent evacuation 0,413ms
[2021-04-30T09:22:56.743+0300][7,592s][info][gc] GC(54) Pause Init Update Refs 0,003ms
[2021-04-30T09:22:56.747+0300][7,596s][info][gc] GC(54) Concurrent update references 4,285ms
[2021-04-30T09:22:56.747+0300][7,597s][info][gc] GC(54) Pause Final Update Refs 0,072ms
[2021-04-30T09:22:56.747+0300][7,597s][info][gc] GC(54) Concurrent cleanup 109M->54M(128M) 0,052ms
[2021-04-30T09:22:56.825+0300][7,675s][info][gc] Trigger: Average GC time (16,19 ms) is above the time for allocation rate (582 MB/s) to deplete free headroom (9318K)
[2021-04-30T09:22:56.825+0300][7,675s][info][gc] GC(55) Concurrent reset 0,197ms
[2021-04-30T09:22:56.826+0300][7,675s][info][gc] GC(55) Pause Init Mark (process weakrefs) 0,301ms
[2021-04-30T09:22:56.834+0300][7,683s][info][gc] GC(55) Concurrent marking (process weakrefs) 8,117ms
[2021-04-30T09:22:56.834+0300][7,684s][info][gc] GC(55) Concurrent precleaning 0,181ms
[2021-04-30T09:22:56.835+0300][7,684s][info][gc] GC(55) Pause Final Mark (process weakrefs) 0,401ms
[2021-04-30T09:22:56.835+0300][7,684s][info][gc] GC(55) Concurrent cleanup 107M->107M(128M) 0,035ms
[2021-04-30T09:22:56.835+0300][7,685s][info][gc] GC(55) Concurrent evacuation 0,499ms
[2021-04-30T09:22:56.836+0300][7,685s][info][gc] GC(55) Pause Init Update Refs 0,020ms
[2021-04-30T09:22:56.844+0300][7,693s][info][gc] GC(55) Concurrent update references 8,066ms
[2021-04-30T09:22:56.844+0300][7,694s][info][gc] GC(55) Pause Final Update Refs 0,221ms
[2021-04-30T09:22:56.845+0300][7,694s][info][gc] GC(55) Concurrent cleanup 112M->58M(128M) 0,050ms
[2021-04-30T09:22:56.925+0300][7,775s][info][gc] Trigger: Average GC time (17,24 ms) is above the time for allocation rate (529 MB/s) to deplete free headroom (9062K)
[2021-04-30T09:22:56.926+0300][7,775s][info][gc] GC(56) Concurrent reset 0,191ms
[2021-04-30T09:22:56.926+0300][7,776s][info][gc] GC(56) Pause Init Mark 0,283ms
[2021-04-30T09:22:56.935+0300][7,785s][info][gc] GC(56) Concurrent marking 8,933ms
[2021-04-30T09:22:56.937+0300][7,786s][info][gc] GC(56) Pause Final Mark 1,476ms
[2021-04-30T09:22:56.937+0300][7,787s][info][gc] GC(56) Concurrent cleanup 107M->107M(128M) 0,075ms
[2021-04-30T09:22:56.938+0300][7,787s][info][gc] GC(56) Concurrent evacuation 0,781ms
[2021-04-30T09:22:56.938+0300][7,788s][info][gc] GC(56) Pause Init Update Refs 0,006ms
[2021-04-30T09:22:56.945+0300][7,794s][info][gc] GC(56) Concurrent update references 6,785ms
[2021-04-30T09:22:56.945+0300][7,795s][info][gc] GC(56) Pause Final Update Refs 0,105ms
[2021-04-30T09:22:56.945+0300][7,795s][info][gc] GC(56) Concurrent cleanup 111M->58M(128M) 0,056ms
[2021-04-30T09:22:57.016+0300][7,866s][info][gc] Trigger: Average GC time (17,41 ms) is above the time for allocation rate (569 MB/s) to deplete free headroom (9830K)
[2021-04-30T09:22:57.017+0300][7,866s][info][gc] GC(57) Concurrent reset 0,214ms
[2021-04-30T09:22:57.017+0300][7,867s][info][gc] GC(57) Pause Init Mark 0,326ms
[2021-04-30T09:22:57.028+0300][7,877s][info][gc] GC(57) Concurrent marking 10,474ms
[2021-04-30T09:22:57.028+0300][7,878s][info][gc] GC(57) Pause Final Mark 0,418ms
[2021-04-30T09:22:57.029+0300][7,878s][info][gc] GC(57) Concurrent cleanup 107M->107M(128M) 0,035ms
[2021-04-30T09:22:57.029+0300][7,879s][info][gc] GC(57) Concurrent evacuation 0,599ms
[2021-04-30T09:22:57.029+0300][7,879s][info][gc] GC(57) Pause Init Update Refs 0,005ms
[2021-04-30T09:22:57.035+0300][7,885s][info][gc] GC(57) Concurrent update references 5,870ms
[2021-04-30T09:22:57.036+0300][7,885s][info][gc] GC(57) Pause Final Update Refs 0,099ms
[2021-04-30T09:22:57.036+0300][7,885s][info][gc] GC(57) Concurrent cleanup 110M->58M(128M) 0,051ms
[2021-04-30T09:22:57.106+0300][7,955s][info][gc] Trigger: Average GC time (18,11 ms) is above the time for allocation rate (563 MB/s) to deplete free headroom (10342K)
[2021-04-30T09:22:57.106+0300][7,955s][info][gc] GC(58) Concurrent reset 0,177ms
[2021-04-30T09:22:57.107+0300][7,956s][info][gc] GC(58) Pause Init Mark 0,292ms
[2021-04-30T09:22:57.115+0300][7,964s][info][gc] GC(58) Concurrent marking 8,364ms
[2021-04-30T09:22:57.116+0300][7,965s][info][gc] GC(58) Pause Final Mark 0,474ms
[2021-04-30T09:22:57.116+0300][7,965s][info][gc] GC(58) Concurrent cleanup 106M->106M(128M) 0,035ms
[2021-04-30T09:22:57.116+0300][7,966s][info][gc] GC(58) Concurrent evacuation 0,449ms
[2021-04-30T09:22:57.117+0300][7,966s][info][gc] GC(58) Pause Init Update Refs 0,021ms
[2021-04-30T09:22:57.121+0300][7,971s][info][gc] GC(58) Concurrent update references 4,682ms
[2021-04-30T09:22:57.122+0300][7,971s][info][gc] GC(58) Pause Final Update Refs 0,089ms
[2021-04-30T09:22:57.122+0300][7,971s][info][gc] GC(58) Concurrent cleanup 108M->58M(128M) 0,066ms
[2021-04-30T09:22:57.203+0300][8,052s][info][gc] Trigger: Average GC time (17,79 ms) is above the time for allocation rate (517 MB/s) to deplete free headroom (9318K)
[2021-04-30T09:22:57.203+0300][8,053s][info][gc] GC(59) Concurrent reset 0,201ms
[2021-04-30T09:22:57.204+0300][8,053s][info][gc] GC(59) Pause Init Mark 0,203ms
[2021-04-30T09:22:57.212+0300][8,062s][info][gc] GC(59) Concurrent marking 8,317ms
[2021-04-30T09:22:57.213+0300][8,062s][info][gc] GC(59) Pause Final Mark 0,355ms
[2021-04-30T09:22:57.213+0300][8,062s][info][gc] GC(59) Concurrent cleanup 107M->107M(128M) 0,040ms
[2021-04-30T09:22:57.213+0300][8,063s][info][gc] GC(59) Concurrent evacuation 0,465ms
[2021-04-30T09:22:57.213+0300][8,063s][info][gc] GC(59) Pause Init Update Refs 0,004ms
[2021-04-30T09:22:57.219+0300][8,068s][info][gc] GC(59) Concurrent update references 5,154ms
[2021-04-30T09:22:57.219+0300][8,068s][info][gc] GC(59) Pause Final Update Refs 0,087ms
[2021-04-30T09:22:57.219+0300][8,068s][info][gc] GC(59) Concurrent cleanup 109M->58M(128M) 0,052ms
[2021-04-30T09:22:57.285+0300][8,135s][info][gc] Trigger: Average GC time (18,08 ms) is above the time for allocation rate (591 MB/s) to deplete free headroom (10342K)
[2021-04-30T09:22:57.285+0300][8,135s][info][gc] GC(60) Concurrent reset 0,173ms
[2021-04-30T09:22:57.286+0300][8,135s][info][gc] GC(60) Pause Init Mark (process weakrefs) 0,328ms
[2021-04-30T09:22:57.295+0300][8,144s][info][gc] GC(60) Concurrent marking (process weakrefs) 8,567ms
[2021-04-30T09:22:57.295+0300][8,144s][info][gc] GC(60) Concurrent precleaning 0,049ms
[2021-04-30T09:22:57.295+0300][8,145s][info][gc] GC(60) Pause Final Mark (process weakrefs) 0,420ms
[2021-04-30T09:22:57.295+0300][8,145s][info][gc] GC(60) Concurrent cleanup 106M->106M(128M) 0,032ms
[2021-04-30T09:22:57.296+0300][8,145s][info][gc] GC(60) Concurrent evacuation 0,472ms
[2021-04-30T09:22:57.296+0300][8,145s][info][gc] GC(60) Pause Init Update Refs 0,004ms
[2021-04-30T09:22:57.301+0300][8,150s][info][gc] GC(60) Concurrent update references 4,773ms
[2021-04-30T09:22:57.301+0300][8,151s][info][gc] GC(60) Pause Final Update Refs 0,219ms
[2021-04-30T09:22:57.302+0300][8,151s][info][gc] GC(60) Concurrent cleanup 107M->60M(128M) 0,055ms
[2021-04-30T09:22:57.366+0300][8,216s][info][gc] Trigger: Average GC time (17,51 ms) is above the time for allocation rate (589 MB/s) to deplete free headroom (9830K)
[2021-04-30T09:22:57.367+0300][8,216s][info][gc] GC(61) Concurrent reset 0,202ms
[2021-04-30T09:22:57.367+0300][8,217s][info][gc] GC(61) Pause Init Mark 0,402ms
[2021-04-30T09:22:57.376+0300][8,225s][info][gc] GC(61) Concurrent marking 8,360ms
[2021-04-30T09:22:57.376+0300][8,225s][info][gc] GC(61) Pause Final Mark 0,353ms
[2021-04-30T09:22:57.376+0300][8,226s][info][gc] GC(61) Concurrent cleanup 106M->106M(128M) 0,035ms
[2021-04-30T09:22:57.377+0300][8,226s][info][gc] GC(61) Concurrent evacuation 0,451ms
[2021-04-30T09:22:57.377+0300][8,226s][info][gc] GC(61) Pause Init Update Refs 0,021ms
[2021-04-30T09:22:57.381+0300][8,231s][info][gc] GC(61) Concurrent update references 4,371ms
[2021-04-30T09:22:57.382+0300][8,231s][info][gc] GC(61) Pause Final Update Refs 0,082ms
[2021-04-30T09:22:57.382+0300][8,231s][info][gc] GC(61) Concurrent cleanup 108M->60M(128M) 0,062ms
[2021-04-30T09:22:57.456+0300][8,306s][info][gc] Trigger: Average GC time (16,65 ms) is above the time for allocation rate (533 MB/s) to deplete free headroom (8806K)
[2021-04-30T09:22:57.457+0300][8,306s][info][gc] GC(62) Concurrent reset 0,115ms
[2021-04-30T09:22:57.457+0300][8,306s][info][gc] GC(62) Pause Init Mark 0,177ms
[2021-04-30T09:22:57.466+0300][8,315s][info][gc] GC(62) Concurrent marking 8,864ms
[2021-04-30T09:22:57.466+0300][8,316s][info][gc] GC(62) Pause Final Mark 0,358ms
[2021-04-30T09:22:57.466+0300][8,316s][info][gc] GC(62) Concurrent cleanup 108M->108M(128M) 0,035ms
[2021-04-30T09:22:57.467+0300][8,316s][info][gc] GC(62) Concurrent evacuation 0,464ms
[2021-04-30T09:22:57.467+0300][8,316s][info][gc] GC(62) Pause Init Update Refs 0,004ms
[2021-04-30T09:22:57.475+0300][8,325s][info][gc] GC(62) Concurrent update references 8,479ms
[2021-04-30T09:22:57.476+0300][8,325s][info][gc] GC(62) Pause Final Update Refs 0,133ms
[2021-04-30T09:22:57.476+0300][8,325s][info][gc] GC(62) Concurrent cleanup 111M->62M(128M) 0,049ms
[2021-04-30T09:22:57.552+0300][8,401s][info][gc] Trigger: Average GC time (16,69 ms) is above the time for allocation rate (505 MB/s) to deplete free headroom (8550K)
[2021-04-30T09:22:57.552+0300][8,401s][info][gc] GC(63) Concurrent reset 0,222ms
[2021-04-30T09:22:57.552+0300][8,402s][info][gc] GC(63) Pause Init Mark 0,247ms
[2021-04-30T09:22:57.564+0300][8,413s][info][gc] GC(63) Concurrent marking 11,669ms
[2021-04-30T09:22:57.564+0300][8,414s][info][gc] GC(63) Pause Final Mark 0,289ms
[2021-04-30T09:22:57.564+0300][8,414s][info][gc] GC(63) Concurrent cleanup 108M->108M(128M) 0,040ms
[2021-04-30T09:22:57.565+0300][8,414s][info][gc] GC(63) Concurrent evacuation 0,520ms
[2021-04-30T09:22:57.565+0300][8,415s][info][gc] GC(63) Pause Init Update Refs 0,006ms
[2021-04-30T09:22:57.574+0300][8,424s][info][gc] GC(63) Concurrent update references 9,276ms
[2021-04-30T09:22:57.575+0300][8,424s][info][gc] GC(63) Pause Final Update Refs 0,071ms
[2021-04-30T09:22:57.575+0300][8,424s][info][gc] GC(63) Concurrent cleanup 114M->66M(128M) 0,054ms
[2021-04-30T09:22:57.644+0300][8,493s][info][gc] Trigger: Average GC time (18,13 ms) is above the time for allocation rate (507 MB/s) to deplete free headroom (8806K)
[2021-04-30T09:22:57.644+0300][8,493s][info][gc] GC(64) Concurrent reset 0,120ms
[2021-04-30T09:22:57.644+0300][8,494s][info][gc] GC(64) Pause Init Mark 0,300ms
[2021-04-30T09:22:57.654+0300][8,503s][info][gc] GC(64) Concurrent marking 9,632ms
[2021-04-30T09:22:57.655+0300][8,504s][info][gc] GC(64) Pause Final Mark 0,500ms
[2021-04-30T09:22:57.655+0300][8,504s][info][gc] GC(64) Concurrent cleanup 108M->108M(128M) 0,041ms
[2021-04-30T09:22:57.655+0300][8,505s][info][gc] GC(64) Concurrent evacuation 0,417ms
[2021-04-30T09:22:57.655+0300][8,505s][info][gc] GC(64) Pause Init Update Refs 0,006ms
[2021-04-30T09:22:57.664+0300][8,514s][info][gc] GC(64) Concurrent update references 9,030ms
[2021-04-30T09:22:57.665+0300][8,514s][info][gc] GC(64) Pause Final Update Refs 0,078ms
[2021-04-30T09:22:57.665+0300][8,514s][info][gc] GC(64) Concurrent cleanup 113M->65M(128M) 0,052ms
[2021-04-30T09:22:57.731+0300][8,580s][info][gc] Trigger: Average GC time (19,18 ms) is above the time for allocation rate (516 MB/s) to deplete free headroom (9830K)
[2021-04-30T09:22:57.731+0300][8,580s][info][gc] GC(65) Concurrent reset 0,227ms
[2021-04-30T09:22:57.731+0300][8,581s][info][gc] GC(65) Pause Init Mark (process weakrefs) 0,238ms
[2021-04-30T09:22:57.743+0300][8,592s][info][gc] GC(65) Concurrent marking (process weakrefs) 11,641ms
[2021-04-30T09:22:57.743+0300][8,592s][info][gc] GC(65) Concurrent precleaning 0,052ms
[2021-04-30T09:22:57.743+0300][8,593s][info][gc] GC(65) Pause Final Mark (process weakrefs) 0,288ms
[2021-04-30T09:22:57.743+0300][8,593s][info][gc] GC(65) Concurrent cleanup 107M->107M(128M) 0,037ms
[2021-04-30T09:22:57.744+0300][8,593s][info][gc] GC(65) Concurrent evacuation 0,456ms
[2021-04-30T09:22:57.744+0300][8,593s][info][gc] GC(65) Pause Init Update Refs 0,004ms
[2021-04-30T09:22:57.752+0300][8,602s][info][gc] GC(65) Concurrent update references 8,348ms
[2021-04-30T09:22:57.753+0300][8,602s][info][gc] GC(65) Pause Final Update Refs 0,113ms
[2021-04-30T09:22:57.753+0300][8,602s][info][gc] GC(65) Concurrent cleanup 113M->68M(128M) 0,072ms
[2021-04-30T09:22:57.804+0300][8,653s][info][gc] Trigger: Average GC time (20,32 ms) is above the time for allocation rate (582 MB/s) to deplete free headroom (11366K)
[2021-04-30T09:22:57.804+0300][8,653s][info][gc] GC(66) Concurrent reset 0,185ms
[2021-04-30T09:22:57.804+0300][8,654s][info][gc] GC(66) Pause Init Mark 0,286ms
[2021-04-30T09:22:57.813+0300][8,662s][info][gc] GC(66) Concurrent marking 8,437ms
[2021-04-30T09:22:57.814+0300][8,663s][info][gc] GC(66) Pause Final Mark 0,380ms
[2021-04-30T09:22:57.814+0300][8,663s][info][gc] GC(66) Concurrent cleanup 105M->105M(128M) 0,034ms
[2021-04-30T09:22:57.814+0300][8,664s][info][gc] GC(66) Concurrent evacuation 0,355ms
[2021-04-30T09:22:57.814+0300][8,664s][info][gc] GC(66) Pause Init Update Refs 0,007ms
[2021-04-30T09:22:57.819+0300][8,669s][info][gc] GC(66) Concurrent update references 4,863ms
[2021-04-30T09:22:57.820+0300][8,669s][info][gc] GC(66) Pause Final Update Refs 0,070ms
[2021-04-30T09:22:57.820+0300][8,669s][info][gc] GC(66) Concurrent cleanup 107M->65M(128M) 0,047ms
[2021-04-30T09:22:57.877+0300][8,727s][info][gc] Trigger: Average GC time (20,43 ms) is above the time for allocation rate (572 MB/s) to deplete free headroom (11110K)
[2021-04-30T09:22:57.877+0300][8,727s][info][gc] GC(67) Concurrent reset 0,184ms
[2021-04-30T09:22:57.878+0300][8,727s][info][gc] GC(67) Pause Init Mark 0,335ms
[2021-04-30T09:22:57.887+0300][8,737s][info][gc] GC(67) Concurrent marking 9,144ms
[2021-04-30T09:22:57.888+0300][8,737s][info][gc] GC(67) Pause Final Mark 0,318ms
[2021-04-30T09:22:57.888+0300][8,737s][info][gc] GC(67) Concurrent cleanup 106M->106M(128M) 0,036ms
[2021-04-30T09:22:57.888+0300][8,738s][info][gc] GC(67) Concurrent evacuation 0,440ms
[2021-04-30T09:22:57.888+0300][8,738s][info][gc] GC(67) Pause Init Update Refs 0,003ms
[2021-04-30T09:22:57.894+0300][8,744s][info][gc] GC(67) Concurrent update references 5,774ms
[2021-04-30T09:22:57.894+0300][8,744s][info][gc] GC(67) Pause Final Update Refs 0,067ms
[2021-04-30T09:22:57.894+0300][8,744s][info][gc] GC(67) Concurrent cleanup 111M->68M(128M) 0,046ms
[2021-04-30T09:22:57.948+0300][8,798s][info][gc] Trigger: Average GC time (20,02 ms) is above the time for allocation rate (583 MB/s) to deplete free headroom (11366K)
[2021-04-30T09:22:57.949+0300][8,798s][info][gc] GC(68) Concurrent reset 0,171ms
[2021-04-30T09:22:57.949+0300][8,799s][info][gc] GC(68) Pause Init Mark 0,258ms
[2021-04-30T09:22:57.960+0300][8,809s][info][gc] GC(68) Concurrent marking 10,758ms
[2021-04-30T09:22:57.961+0300][8,810s][info][gc] GC(68) Pause Final Mark 0,388ms
[2021-04-30T09:22:57.961+0300][8,810s][info][gc] GC(68) Concurrent cleanup 105M->105M(128M) 0,039ms
[2021-04-30T09:22:57.961+0300][8,811s][info][gc] GC(68) Concurrent evacuation 0,354ms
[2021-04-30T09:22:57.961+0300][8,811s][info][gc] GC(68) Pause Init Update Refs 0,005ms
[2021-04-30T09:22:57.968+0300][8,817s][info][gc] GC(68) Concurrent update references 6,286ms
[2021-04-30T09:22:57.968+0300][8,817s][info][gc] GC(68) Pause Final Update Refs 0,079ms
[2021-04-30T09:22:57.968+0300][8,817s][info][gc] GC(68) Concurrent cleanup 108M->67M(128M) 0,055ms
[2021-04-30T09:22:58.030+0300][8,880s][info][gc] Trigger: Average GC time (19,29 ms) is above the time for allocation rate (520 MB/s) to deplete free headroom (9574K)
[2021-04-30T09:22:58.030+0300][8,880s][info][gc] GC(69) Concurrent reset 0,157ms
[2021-04-30T09:22:58.031+0300][8,880s][info][gc] GC(69) Pause Init Mark 0,178ms
[2021-04-30T09:22:58.040+0300][8,889s][info][gc] GC(69) Concurrent marking 8,566ms
[2021-04-30T09:22:58.040+0300][8,889s][info][gc] GC(69) Pause Final Mark 0,368ms
[2021-04-30T09:22:58.040+0300][8,890s][info][gc] GC(69) Concurrent cleanup 107M->107M(128M) 0,044ms
[2021-04-30T09:22:58.041+0300][8,890s][info][gc] GC(69) Concurrent evacuation 0,390ms
[2021-04-30T09:22:58.041+0300][8,890s][info][gc] GC(69) Pause Init Update Refs 0,005ms
[2021-04-30T09:22:58.047+0300][8,896s][info][gc] GC(69) Concurrent update references 5,957ms
[2021-04-30T09:22:58.047+0300][8,896s][info][gc] GC(69) Pause Final Update Refs 0,088ms
[2021-04-30T09:22:58.047+0300][8,897s][info][gc] GC(69) Concurrent cleanup 109M->66M(128M) 0,053ms
[2021-04-30T09:22:58.102+0300][8,952s][info][gc] Trigger: Average GC time (18,42 ms) is above the time for allocation rate (569 MB/s) to deplete free headroom (10342K)
[2021-04-30T09:22:58.103+0300][8,952s][info][gc] GC(70) Concurrent reset 0,175ms
[2021-04-30T09:22:58.103+0300][8,953s][info][gc] GC(70) Pause Init Mark (process weakrefs) 0,369ms
[2021-04-30T09:22:58.113+0300][8,962s][info][gc] GC(70) Concurrent marking (process weakrefs) 9,634ms
[2021-04-30T09:22:58.113+0300][8,962s][info][gc] GC(70) Concurrent precleaning 0,106ms
[2021-04-30T09:22:58.114+0300][8,963s][info][gc] GC(70) Pause Final Mark (process weakrefs) 0,438ms
[2021-04-30T09:22:58.114+0300][8,963s][info][gc] GC(70) Concurrent cleanup 106M->106M(128M) 0,034ms
[2021-04-30T09:22:58.114+0300][8,964s][info][gc] GC(70) Concurrent evacuation 0,412ms
[2021-04-30T09:22:58.114+0300][8,964s][info][gc] GC(70) Pause Init Update Refs 0,005ms
[2021-04-30T09:22:58.121+0300][8,970s][info][gc] GC(70) Concurrent update references 6,784ms
[2021-04-30T09:22:58.121+0300][8,971s][info][gc] GC(70) Pause Final Update Refs 0,096ms
[2021-04-30T09:22:58.122+0300][8,971s][info][gc] GC(70) Concurrent cleanup 109M->68M(128M) 0,049ms
[2021-04-30T09:22:58.182+0300][9,031s][info][gc] Trigger: Average GC time (17,81 ms) is above the time for allocation rate (518 MB/s) to deplete free headroom (9318K)
[2021-04-30T09:22:58.182+0300][9,031s][info][gc] GC(71) Concurrent reset 0,197ms
[2021-04-30T09:22:58.183+0300][9,032s][info][gc] GC(71) Pause Init Mark 0,307ms
[2021-04-30T09:22:58.192+0300][9,041s][info][gc] GC(71) Concurrent marking 9,054ms
[2021-04-30T09:22:58.192+0300][9,042s][info][gc] GC(71) Pause Final Mark 0,361ms
[2021-04-30T09:22:58.192+0300][9,042s][info][gc] GC(71) Concurrent cleanup 107M->107M(128M) 0,038ms
[2021-04-30T09:22:58.193+0300][9,042s][info][gc] GC(71) Concurrent evacuation 0,386ms
[2021-04-30T09:22:58.193+0300][9,042s][info][gc] GC(71) Pause Init Update Refs 0,004ms
[2021-04-30T09:22:58.199+0300][9,048s][info][gc] GC(71) Concurrent update references 5,855ms
[2021-04-30T09:22:58.199+0300][9,049s][info][gc] GC(71) Pause Final Update Refs 0,097ms
[2021-04-30T09:22:58.199+0300][9,049s][info][gc] GC(71) Concurrent cleanup 109M->68M(128M) 0,053ms
[2021-04-30T09:22:58.257+0300][9,107s][info][gc] Trigger: Average GC time (18,10 ms) is above the time for allocation rate (535 MB/s) to deplete free headroom (9574K)
[2021-04-30T09:22:58.258+0300][9,107s][info][gc] GC(72) Concurrent reset 0,227ms
[2021-04-30T09:22:58.258+0300][9,108s][info][gc] GC(72) Pause Init Mark 0,225ms
[2021-04-30T09:22:58.267+0300][9,116s][info][gc] GC(72) Concurrent marking 8,376ms
[2021-04-30T09:22:58.267+0300][9,117s][info][gc] GC(72) Pause Final Mark 0,357ms
[2021-04-30T09:22:58.267+0300][9,117s][info][gc] GC(72) Concurrent cleanup 107M->107M(128M) 0,037ms
[2021-04-30T09:22:58.268+0300][9,117s][info][gc] GC(72) Concurrent evacuation 0,480ms
[2021-04-30T09:22:58.268+0300][9,117s][info][gc] GC(72) Pause Init Update Refs 0,005ms
[2021-04-30T09:22:58.273+0300][9,122s][info][gc] GC(72) Concurrent update references 4,919ms
[2021-04-30T09:22:58.273+0300][9,123s][info][gc] GC(72) Pause Final Update Refs 0,050ms
[2021-04-30T09:22:58.273+0300][9,123s][info][gc] GC(72) Concurrent cleanup 110M->69M(128M) 0,044ms
[2021-04-30T09:22:58.324+0300][9,173s][info][gc] Trigger: Average GC time (17,79 ms) is above the time for allocation rate (582 MB/s) to deplete free headroom (10342K)
[2021-04-30T09:22:58.324+0300][9,174s][info][gc] GC(73) Concurrent reset 0,214ms
[2021-04-30T09:22:58.325+0300][9,174s][info][gc] GC(73) Pause Init Mark 0,261ms
[2021-04-30T09:22:58.333+0300][9,183s][info][gc] GC(73) Concurrent marking 8,272ms
[2021-04-30T09:22:58.334+0300][9,183s][info][gc] GC(73) Pause Final Mark 0,376ms
[2021-04-30T09:22:58.334+0300][9,183s][info][gc] GC(73) Concurrent cleanup 106M->106M(128M) 0,032ms
[2021-04-30T09:22:58.334+0300][9,184s][info][gc] GC(73) Concurrent evacuation 0,441ms
[2021-04-30T09:22:58.334+0300][9,184s][info][gc] GC(73) Pause Init Update Refs 0,021ms
[2021-04-30T09:22:58.343+0300][9,192s][info][gc] GC(73) Concurrent update references 8,193ms
[2021-04-30T09:22:58.343+0300][9,192s][info][gc] GC(73) Pause Final Update Refs 0,198ms
[2021-04-30T09:22:58.343+0300][9,193s][info][gc] GC(73) Concurrent cleanup 110M->71M(128M) 0,047ms
[2021-04-30T09:22:58.395+0300][9,244s][info][gc] Trigger: Average GC time (17,68 ms) is above the time for allocation rate (553 MB/s) to deplete free headroom (9318K)
[2021-04-30T09:22:58.395+0300][9,245s][info][gc] GC(74) Concurrent reset 0,218ms
[2021-04-30T09:22:58.396+0300][9,245s][info][gc] GC(74) Pause Init Mark 0,297ms
[2021-04-30T09:22:58.405+0300][9,254s][info][gc] GC(74) Concurrent marking 8,811ms
[2021-04-30T09:22:58.405+0300][9,255s][info][gc] GC(74) Pause Final Mark 0,294ms
[2021-04-30T09:22:58.405+0300][9,255s][info][gc] GC(74) Concurrent cleanup 107M->107M(128M) 0,036ms
[2021-04-30T09:22:58.406+0300][9,255s][info][gc] GC(74) Concurrent evacuation 0,408ms
[2021-04-30T09:22:58.406+0300][9,255s][info][gc] GC(74) Pause Init Update Refs 0,004ms
[2021-04-30T09:22:58.411+0300][9,260s][info][gc] GC(74) Concurrent update references 5,044ms
[2021-04-30T09:22:58.411+0300][9,261s][info][gc] GC(74) Pause Final Update Refs 0,095ms
[2021-04-30T09:22:58.411+0300][9,261s][info][gc] GC(74) Concurrent cleanup 109M->69M(128M) 0,050ms
[2021-04-30T09:22:58.471+0300][9,320s][info][gc] Trigger: Average GC time (17,57 ms) is above the time for allocation rate (513 MB/s) to deplete free headroom (9062K)
[2021-04-30T09:22:58.471+0300][9,321s][info][gc] GC(75) Concurrent reset 0,299ms
[2021-04-30T09:22:58.472+0300][9,321s][info][gc] GC(75) Pause Init Mark (process weakrefs) 0,320ms
[2021-04-30T09:22:58.481+0300][9,331s][info][gc] GC(75) Concurrent marking (process weakrefs) 9,691ms
[2021-04-30T09:22:58.482+0300][9,331s][info][gc] GC(75) Concurrent precleaning 0,123ms
[2021-04-30T09:22:58.482+0300][9,332s][info][gc] GC(75) Pause Final Mark (process weakrefs) 0,646ms
[2021-04-30T09:22:58.482+0300][9,332s][info][gc] GC(75) Concurrent cleanup 107M->107M(128M) 0,038ms
[2021-04-30T09:22:58.483+0300][9,333s][info][gc] GC(75) Concurrent evacuation 0,775ms
[2021-04-30T09:22:58.483+0300][9,333s][info][gc] GC(75) Pause Init Update Refs 0,005ms
[2021-04-30T09:22:58.491+0300][9,340s][info][gc] GC(75) Concurrent update references 7,694ms
[2021-04-30T09:22:58.491+0300][9,341s][info][gc] GC(75) Pause Final Update Refs 0,065ms
[2021-04-30T09:22:58.491+0300][9,341s][info][gc] GC(75) Concurrent cleanup 111M->72M(128M) 0,049ms
[2021-04-30T09:22:58.556+0300][9,405s][info][gc] Trigger: Average GC time (17,86 ms) is above the time for allocation rate (468 MB/s) to deplete free headroom (7782K)
[2021-04-30T09:22:58.556+0300][9,405s][info][gc] GC(76) Concurrent reset 0,143ms
[2021-04-30T09:22:58.556+0300][9,406s][info][gc] GC(76) Pause Init Mark 0,188ms
[2021-04-30T09:22:58.567+0300][9,416s][info][gc] GC(76) Concurrent marking 10,387ms
[2021-04-30T09:22:58.567+0300][9,417s][info][gc] GC(76) Pause Final Mark 0,358ms
[2021-04-30T09:22:58.567+0300][9,417s][info][gc] GC(76) Concurrent cleanup 108M->108M(128M) 0,037ms
[2021-04-30T09:22:58.568+0300][9,417s][info][gc] GC(76) Concurrent evacuation 0,365ms
[2021-04-30T09:22:58.568+0300][9,417s][info][gc] GC(76) Pause Init Update Refs 0,004ms
[2021-04-30T09:22:58.575+0300][9,424s][info][gc] GC(76) Concurrent update references 6,896ms
[2021-04-30T09:22:58.575+0300][9,424s][info][gc] GC(76) Pause Final Update Refs 0,059ms
[2021-04-30T09:22:58.575+0300][9,424s][info][gc] GC(76) Concurrent cleanup 111M->71M(128M) 0,048ms
[2021-04-30T09:22:58.629+0300][9,479s][info][gc] Trigger: Average GC time (18,17 ms) is above the time for allocation rate (508 MB/s) to deplete free headroom (9318K)
[2021-04-30T09:22:58.629+0300][9,479s][info][gc] GC(77) Concurrent reset 0,189ms
[2021-04-30T09:22:58.630+0300][9,479s][info][gc] GC(77) Pause Init Mark 0,275ms
[2021-04-30T09:22:58.641+0300][9,490s][info][gc] GC(77) Concurrent marking 10,832ms
[2021-04-30T09:22:58.641+0300][9,491s][info][gc] GC(77) Pause Final Mark 0,429ms
[2021-04-30T09:22:58.641+0300][9,491s][info][gc] GC(77) Concurrent cleanup 107M->107M(128M) 0,037ms
[2021-04-30T09:22:58.642+0300][9,491s][info][gc] GC(77) Concurrent evacuation 0,405ms
[2021-04-30T09:22:58.642+0300][9,491s][info][gc] GC(77) Pause Init Update Refs 0,004ms
[2021-04-30T09:22:58.649+0300][9,498s][info][gc] GC(77) Concurrent update references 6,852ms
[2021-04-30T09:22:58.649+0300][9,499s][info][gc] GC(77) Pause Final Update Refs 0,073ms
[2021-04-30T09:22:58.649+0300][9,499s][info][gc] GC(77) Concurrent cleanup 111M->74M(128M) 0,050ms
[2021-04-30T09:22:58.697+0300][9,546s][info][gc] Trigger: Average GC time (19,03 ms) is above the time for allocation rate (533 MB/s) to deplete free headroom (9830K)
[2021-04-30T09:22:58.697+0300][9,546s][info][gc] GC(78) Concurrent reset 0,157ms
[2021-04-30T09:22:58.697+0300][9,547s][info][gc] GC(78) Pause Init Mark 0,188ms
[2021-04-30T09:22:58.706+0300][9,556s][info][gc] GC(78) Concurrent marking 8,835ms
[2021-04-30T09:22:58.707+0300][9,556s][info][gc] GC(78) Pause Final Mark 0,386ms
[2021-04-30T09:22:58.707+0300][9,556s][info][gc] GC(78) Concurrent cleanup 107M->107M(128M) 0,040ms
[2021-04-30T09:22:58.707+0300][9,557s][info][gc] GC(78) Concurrent evacuation 0,378ms
[2021-04-30T09:22:58.708+0300][9,557s][info][gc] GC(78) Pause Init Update Refs 0,021ms
[2021-04-30T09:22:58.715+0300][9,565s][info][gc] GC(78) Concurrent update references 7,439ms
[2021-04-30T09:22:58.715+0300][9,565s][info][gc] GC(78) Pause Final Update Refs 0,088ms
[2021-04-30T09:22:58.715+0300][9,565s][info][gc] GC(78) Concurrent cleanup 111M->74M(128M) 0,054ms
[2021-04-30T09:22:58.762+0300][9,611s][info][gc] Trigger: Average GC time (18,95 ms) is above the time for allocation rate (537 MB/s) to deplete free headroom (10342K)
[2021-04-30T09:22:58.762+0300][9,612s][info][gc] GC(79) Concurrent reset 0,163ms
[2021-04-30T09:22:58.762+0300][9,612s][info][gc] GC(79) Pause Init Mark 0,170ms
[2021-04-30T09:22:58.774+0300][9,623s][info][gc] GC(79) Concurrent marking 11,083ms
[2021-04-30T09:22:58.775+0300][9,624s][info][gc] GC(79) Pause Final Mark 1,321ms
[2021-04-30T09:22:58.775+0300][9,625s][info][gc] GC(79) Concurrent cleanup 106M->106M(128M) 0,041ms
[2021-04-30T09:22:58.775+0300][9,625s][info][gc] GC(79) Concurrent evacuation 0,369ms
[2021-04-30T09:22:58.776+0300][9,625s][info][gc] GC(79) Pause Init Update Refs 0,006ms
[2021-04-30T09:22:58.783+0300][9,633s][info][gc] GC(79) Concurrent update references 7,533ms
[2021-04-30T09:22:58.783+0300][9,633s][info][gc] GC(79) Pause Final Update Refs 0,068ms
[2021-04-30T09:22:58.784+0300][9,633s][info][gc] GC(79) Concurrent cleanup 109M->74M(128M) 0,048ms
[2021-04-30T09:22:58.833+0300][9,683s][info][gc] Trigger: Average GC time (20,02 ms) is above the time for allocation rate (496 MB/s) to deplete free headroom (9574K)
[2021-04-30T09:22:58.834+0300][9,683s][info][gc] GC(80) Concurrent reset 0,119ms
[2021-04-30T09:22:58.834+0300][9,684s][info][gc] GC(80) Pause Init Mark (process weakrefs) 0,325ms
[2021-04-30T09:22:58.844+0300][9,693s][info][gc] GC(80) Concurrent marking (process weakrefs) 9,604ms
[2021-04-30T09:22:58.844+0300][9,694s][info][gc] GC(80) Concurrent precleaning 0,152ms
[2021-04-30T09:22:58.845+0300][9,694s][info][gc] GC(80) Pause Final Mark (process weakrefs) 0,426ms
[2021-04-30T09:22:58.845+0300][9,694s][info][gc] GC(80) Concurrent cleanup 107M->107M(128M) 0,036ms
[2021-04-30T09:22:58.845+0300][9,695s][info][gc] GC(80) Concurrent evacuation 0,352ms
[2021-04-30T09:22:58.845+0300][9,695s][info][gc] GC(80) Pause Init Update Refs 0,003ms
[2021-04-30T09:22:58.852+0300][9,701s][info][gc] GC(80) Concurrent update references 6,184ms
[2021-04-30T09:22:58.852+0300][9,702s][info][gc] GC(80) Pause Final Update Refs 0,141ms
[2021-04-30T09:22:58.852+0300][9,702s][info][gc] GC(80) Concurrent cleanup 110M->74M(128M) 0,045ms
[2021-04-30T09:22:58.894+0300][9,744s][info][gc] Trigger: Average GC time (19,65 ms) is above the time for allocation rate (550 MB/s) to deplete free headroom (10598K)
[2021-04-30T09:22:58.895+0300][9,744s][info][gc] GC(81) Concurrent reset 0,180ms
[2021-04-30T09:22:58.895+0300][9,745s][info][gc] GC(81) Pause Init Mark 0,308ms
[2021-04-30T09:22:58.906+0300][9,755s][info][gc] GC(81) Concurrent marking 10,508ms
[2021-04-30T09:22:58.906+0300][9,756s][info][gc] GC(81) Pause Final Mark 0,333ms
[2021-04-30T09:22:58.906+0300][9,756s][info][gc] GC(81) Concurrent cleanup 106M->106M(128M) 0,033ms
[2021-04-30T09:22:58.907+0300][9,756s][info][gc] GC(81) Concurrent evacuation 0,325ms
[2021-04-30T09:22:58.907+0300][9,756s][info][gc] GC(81) Pause Init Update Refs 0,004ms
[2021-04-30T09:22:58.913+0300][9,763s][info][gc] GC(81) Concurrent update references 6,229ms
[2021-04-30T09:22:58.914+0300][9,763s][info][gc] GC(81) Pause Final Update Refs 0,211ms
[2021-04-30T09:22:58.914+0300][9,763s][info][gc] GC(81) Concurrent cleanup 110M->75M(128M) 0,042ms
[2021-04-30T09:22:58.959+0300][9,809s][info][gc] Trigger: Average GC time (19,64 ms) is above the time for allocation rate (517 MB/s) to deplete free headroom (10342K)
[2021-04-30T09:22:58.960+0300][9,809s][info][gc] GC(82) Concurrent reset 0,155ms
[2021-04-30T09:22:58.960+0300][9,809s][info][gc] GC(82) Pause Init Mark 0,289ms
[2021-04-30T09:22:58.969+0300][9,819s][info][gc] GC(82) Concurrent marking 9,271ms
[2021-04-30T09:22:58.970+0300][9,819s][info][gc] GC(82) Pause Final Mark 0,491ms
[2021-04-30T09:22:58.970+0300][9,820s][info][gc] GC(82) Concurrent cleanup 106M->106M(128M) 0,034ms
[2021-04-30T09:22:58.970+0300][9,820s][info][gc] GC(82) Concurrent evacuation 0,323ms
[2021-04-30T09:22:58.971+0300][9,820s][info][gc] GC(82) Pause Init Update Refs 0,005ms
[2021-04-30T09:22:58.977+0300][9,827s][info][gc] GC(82) Concurrent update references 6,465ms
[2021-04-30T09:22:58.978+0300][9,827s][info][gc] GC(82) Pause Final Update Refs 0,212ms
[2021-04-30T09:22:58.978+0300][9,827s][info][gc] GC(82) Concurrent cleanup 108M->74M(128M) 0,042ms
[2021-04-30T09:22:59.020+0300][9,870s][info][gc] Trigger: Average GC time (19,29 ms) is above the time for allocation rate (541 MB/s) to deplete free headroom (10342K)
[2021-04-30T09:22:59.021+0300][9,870s][info][gc] GC(83) Concurrent reset 0,285ms
[2021-04-30T09:22:59.021+0300][9,871s][info][gc] GC(83) Pause Init Mark 0,358ms
[2021-04-30T09:22:59.031+0300][9,881s][info][gc] GC(83) Concurrent marking 9,887ms
[2021-04-30T09:22:59.032+0300][9,881s][info][gc] GC(83) Pause Final Mark 0,524ms
[2021-04-30T09:22:59.038+0300][9,888s][info][gc] GC(83) Concurrent cleanup 106M->106M(128M) 0,090ms
[2021-04-30T09:22:59.039+0300][9,889s][info][gc] GC(83) Concurrent evacuation 0,812ms
[2021-04-30T09:22:59.039+0300][9,889s][info][gc] GC(83) Pause Init Update Refs 0,013ms
[2021-04-30T09:22:59.052+0300][9,902s][info][gc] GC(83) Concurrent update references 12,659ms
[2021-04-30T09:22:59.053+0300][9,902s][info][gc] GC(83) Pause Final Update Refs 0,117ms
[2021-04-30T09:22:59.053+0300][9,902s][info][gc] GC(83) Concurrent cleanup 110M->77M(128M) 0,068ms
[2021-04-30T09:22:59.100+0300][9,950s][info][gc] Trigger: Average GC time (22,01 ms) is above the time for allocation rate (419 MB/s) to deplete free headroom (9062K)
[2021-04-30T09:22:59.101+0300][9,951s][info][gc] GC(84) Concurrent reset 0,579ms
[2021-04-30T09:22:59.102+0300][9,951s][info][gc] GC(84) Pause Init Mark 0,277ms
[2021-04-30T09:22:59.112+0300][9,962s][info][gc] GC(84) Concurrent marking 10,293ms
[2021-04-30T09:22:59.113+0300][9,962s][info][gc] GC(84) Pause Final Mark 0,527ms
[2021-04-30T09:22:59.113+0300][9,962s][info][gc] GC(84) Concurrent cleanup 107M->107M(128M) 0,038ms
[2021-04-30T09:22:59.113+0300][9,963s][info][gc] GC(84) Concurrent evacuation 0,373ms
[2021-04-30T09:22:59.114+0300][9,963s][info][gc] GC(84) Pause Init Update Refs 0,005ms
[2021-04-30T09:22:59.119+0300][9,969s][info][gc] GC(84) Concurrent update references 5,779ms
[2021-04-30T09:22:59.120+0300][9,969s][info][gc] GC(84) Pause Final Update Refs 0,065ms
[2021-04-30T09:22:59.120+0300][9,969s][info][gc] GC(84) Concurrent cleanup 111M->76M(128M) 0,049ms
[2021-04-30T09:22:59.160+0300][10,009s][info][gc] Trigger: Average GC time (21,53 ms) is above the time for allocation rate (518 MB/s) to deplete free headroom (11366K)
[2021-04-30T09:22:59.160+0300][10,010s][info][gc] GC(85) Concurrent reset 0,255ms
[2021-04-30T09:22:59.161+0300][10,010s][info][gc] GC(85) Pause Init Mark (process weakrefs) 0,312ms
[2021-04-30T09:22:59.172+0300][10,021s][info][gc] GC(85) Concurrent marking (process weakrefs) 11,071ms
[2021-04-30T09:22:59.172+0300][10,021s][info][gc] GC(85) Concurrent precleaning 0,204ms
[2021-04-30T09:22:59.173+0300][10,022s][info][gc] GC(85) Pause Final Mark (process weakrefs) 0,781ms
[2021-04-30T09:22:59.173+0300][10,023s][info][gc] GC(85) Concurrent cleanup 105M->105M(128M) 0,046ms
[2021-04-30T09:22:59.173+0300][10,023s][info][gc] GC(85) Concurrent evacuation 0,347ms
[2021-04-30T09:22:59.174+0300][10,023s][info][gc] GC(85) Pause Init Update Refs 0,020ms
[2021-04-30T09:22:59.180+0300][10,029s][info][gc] GC(85) Concurrent update references 5,819ms
[2021-04-30T09:22:59.180+0300][10,029s][info][gc] GC(85) Pause Final Update Refs 0,088ms
[2021-04-30T09:22:59.180+0300][10,029s][info][gc] GC(85) Concurrent cleanup 109M->78M(128M) 0,048ms
[2021-04-30T09:22:59.217+0300][10,067s][info][gc] Trigger: Average GC time (21,79 ms) is above the time for allocation rate (538 MB/s) to deplete free headroom (10981K)
[2021-04-30T09:22:59.217+0300][10,067s][info][gc] GC(86) Concurrent reset 0,210ms
[2021-04-30T09:22:59.218+0300][10,067s][info][gc] GC(86) Pause Init Mark 0,317ms
[2021-04-30T09:22:59.229+0300][10,078s][info][gc] GC(86) Concurrent marking 10,940ms
[2021-04-30T09:22:59.229+0300][10,079s][info][gc] GC(86) Pause Final Mark 0,293ms
[2021-04-30T09:22:59.229+0300][10,079s][info][gc] GC(86) Concurrent cleanup 106M->106M(128M) 0,041ms
[2021-04-30T09:22:59.230+0300][10,079s][info][gc] GC(86) Concurrent evacuation 0,279ms
[2021-04-30T09:22:59.230+0300][10,079s][info][gc] GC(86) Pause Init Update Refs 0,020ms
[2021-04-30T09:22:59.236+0300][10,085s][info][gc] GC(86) Concurrent update references 5,627ms
[2021-04-30T09:22:59.236+0300][10,085s][info][gc] GC(86) Pause Final Update Refs 0,178ms
[2021-04-30T09:22:59.236+0300][10,086s][info][gc] GC(86) Concurrent cleanup 109M->78M(128M) 0,047ms
[2021-04-30T09:22:59.280+0300][10,129s][info][gc] Trigger: Average GC time (21,78 ms) is above the time for allocation rate (493 MB/s) to deplete free headroom (10596K)
[2021-04-30T09:22:59.280+0300][10,129s][info][gc] GC(87) Concurrent reset 0,187ms
[2021-04-30T09:22:59.280+0300][10,130s][info][gc] GC(87) Pause Init Mark 0,233ms
[2021-04-30T09:22:59.291+0300][10,140s][info][gc] GC(87) Concurrent marking 10,241ms
[2021-04-30T09:22:59.291+0300][10,141s][info][gc] GC(87) Pause Final Mark 0,351ms
[2021-04-30T09:22:59.291+0300][10,141s][info][gc] GC(87) Concurrent cleanup 106M->106M(128M) 0,041ms
[2021-04-30T09:22:59.292+0300][10,141s][info][gc] GC(87) Concurrent evacuation 0,296ms
[2021-04-30T09:22:59.292+0300][10,141s][info][gc] GC(87) Pause Init Update Refs 0,005ms
[2021-04-30T09:22:59.299+0300][10,148s][info][gc] GC(87) Concurrent update references 7,105ms
[2021-04-30T09:22:59.299+0300][10,149s][info][gc] GC(87) Pause Final Update Refs 0,096ms
[2021-04-30T09:22:59.299+0300][10,149s][info][gc] GC(87) Concurrent cleanup 110M->80M(128M) 0,079ms
[2021-04-30T09:22:59.337+0300][10,187s][info][gc] Trigger: Average GC time (22,07 ms) is above the time for allocation rate (517 MB/s) to deplete free headroom (11108K)
[2021-04-30T09:22:59.337+0300][10,187s][info][gc] GC(88) Concurrent reset 0,208ms
[2021-04-30T09:22:59.338+0300][10,187s][info][gc] GC(88) Pause Init Mark 0,167ms
[2021-04-30T09:22:59.347+0300][10,196s][info][gc] GC(88) Concurrent marking 8,965ms
[2021-04-30T09:22:59.347+0300][10,197s][info][gc] GC(88) Pause Final Mark 0,317ms
[2021-04-30T09:22:59.347+0300][10,197s][info][gc] GC(88) Concurrent cleanup 106M->106M(128M) 0,036ms
[2021-04-30T09:22:59.348+0300][10,197s][info][gc] GC(88) Concurrent evacuation 0,356ms
[2021-04-30T09:22:59.348+0300][10,197s][info][gc] GC(88) Pause Init Update Refs 0,021ms
[2021-04-30T09:22:59.354+0300][10,203s][info][gc] GC(88) Concurrent update references 5,614ms
[2021-04-30T09:22:59.354+0300][10,203s][info][gc] GC(88) Pause Final Update Refs 0,177ms
[2021-04-30T09:22:59.354+0300][10,204s][info][gc] GC(88) Concurrent cleanup 108M->78M(128M) 0,046ms
[2021-04-30T09:22:59.392+0300][10,241s][info][gc] Trigger: Average GC time (19,02 ms) is above the time for allocation rate (543 MB/s) to deplete free headroom (10340K)
[2021-04-30T09:22:59.392+0300][10,242s][info][gc] GC(89) Concurrent reset 0,162ms
[2021-04-30T09:22:59.393+0300][10,242s][info][gc] GC(89) Pause Init Mark 0,296ms
[2021-04-30T09:22:59.402+0300][10,252s][info][gc] GC(89) Concurrent marking 9,424ms
[2021-04-30T09:22:59.403+0300][10,252s][info][gc] GC(89) Pause Final Mark 0,354ms
[2021-04-30T09:22:59.403+0300][10,253s][info][gc] GC(89) Concurrent cleanup 106M->106M(128M) 0,036ms
[2021-04-30T09:22:59.403+0300][10,253s][info][gc] GC(89) Concurrent evacuation 0,319ms
[2021-04-30T09:22:59.404+0300][10,253s][info][gc] GC(89) Pause Init Update Refs 0,003ms
[2021-04-30T09:22:59.409+0300][10,259s][info][gc] GC(89) Concurrent update references 5,465ms
[2021-04-30T09:22:59.409+0300][10,259s][info][gc] GC(89) Pause Final Update Refs 0,100ms
[2021-04-30T09:22:59.409+0300][10,259s][info][gc] GC(89) Concurrent cleanup 110M->80M(128M) 0,042ms
[2021-04-30T09:22:59.449+0300][10,299s][info][gc] Trigger: Average GC time (18,63 ms) is above the time for allocation rate (524 MB/s) to deplete free headroom (9828K)
[2021-04-30T09:22:59.450+0300][10,299s][info][gc] GC(90) Concurrent reset 0,187ms
[2021-04-30T09:22:59.450+0300][10,299s][info][gc] GC(90) Pause Init Mark (process weakrefs) 0,225ms
[2021-04-30T09:22:59.464+0300][10,313s][info][gc] GC(90) Concurrent marking (process weakrefs) 13,739ms
[2021-04-30T09:22:59.464+0300][10,313s][info][gc] GC(90) Concurrent precleaning 0,100ms
[2021-04-30T09:22:59.464+0300][10,314s][info][gc] GC(90) Pause Final Mark (process weakrefs) 0,413ms
[2021-04-30T09:22:59.465+0300][10,314s][info][gc] GC(90) Concurrent cleanup 107M->107M(128M) 0,041ms
[2021-04-30T09:22:59.465+0300][10,314s][info][gc] GC(90) Concurrent evacuation 0,353ms
[2021-04-30T09:22:59.465+0300][10,315s][info][gc] GC(90) Pause Init Update Refs 0,004ms
[2021-04-30T09:22:59.472+0300][10,322s][info][gc] GC(90) Concurrent update references 7,202ms
[2021-04-30T09:22:59.473+0300][10,322s][info][gc] GC(90) Pause Final Update Refs 0,078ms
[2021-04-30T09:22:59.473+0300][10,322s][info][gc] GC(90) Concurrent cleanup 111M->81M(128M) 0,045ms
[2021-04-30T09:22:59.511+0300][10,361s][info][gc] Trigger: Average GC time (19,29 ms) is above the time for allocation rate (483 MB/s) to deplete free headroom (9060K)
[2021-04-30T09:22:59.512+0300][10,361s][info][gc] GC(91) Concurrent reset 0,154ms
[2021-04-30T09:22:59.512+0300][10,361s][info][gc] GC(91) Pause Init Mark 0,184ms
[2021-04-30T09:22:59.522+0300][10,372s][info][gc] GC(91) Concurrent marking 9,957ms
[2021-04-30T09:22:59.523+0300][10,372s][info][gc] GC(91) Pause Final Mark 0,425ms
[2021-04-30T09:22:59.523+0300][10,372s][info][gc] GC(91) Concurrent cleanup 107M->107M(128M) 0,052ms
[2021-04-30T09:22:59.523+0300][10,373s][info][gc] GC(91) Concurrent evacuation 0,541ms
[2021-04-30T09:22:59.524+0300][10,373s][info][gc] GC(91) Pause Init Update Refs 0,005ms
[2021-04-30T09:22:59.531+0300][10,380s][info][gc] GC(91) Concurrent update references 7,266ms
[2021-04-30T09:22:59.531+0300][10,381s][info][gc] GC(91) Pause Final Update Refs 0,067ms
[2021-04-30T09:22:59.531+0300][10,381s][info][gc] GC(91) Concurrent cleanup 110M->80M(128M) 0,047ms
[2021-04-30T09:22:59.591+0300][10,440s][info][gc] Trigger: Average GC time (19,42 ms) is above the time for allocation rate (395 MB/s) to deplete free headroom (7395K)
[2021-04-30T09:22:59.591+0300][10,440s][info][gc] GC(92) Concurrent reset 0,147ms
[2021-04-30T09:22:59.591+0300][10,441s][info][gc] GC(92) Pause Init Mark 0,197ms
[2021-04-30T09:22:59.607+0300][10,457s][info][gc] GC(92) Concurrent marking 15,986ms
[2021-04-30T09:22:59.608+0300][10,457s][info][gc] GC(92) Pause Final Mark 0,359ms
[2021-04-30T09:22:59.608+0300][10,457s][info][gc] GC(92) Concurrent cleanup 109M->109M(128M) 0,039ms
[2021-04-30T09:22:59.608+0300][10,458s][info][gc] GC(92) Concurrent evacuation 0,299ms
[2021-04-30T09:22:59.608+0300][10,458s][info][gc] GC(92) Pause Init Update Refs 0,005ms
[2021-04-30T09:22:59.614+0300][10,464s][info][gc] GC(92) Concurrent update references 5,775ms
[2021-04-30T09:22:59.615+0300][10,464s][info][gc] GC(92) Pause Final Update Refs 0,104ms
[2021-04-30T09:22:59.615+0300][10,464s][info][gc] GC(92) Concurrent cleanup 110M->78M(128M) 0,046ms
[2021-04-30T09:22:59.658+0300][10,507s][info][gc] Trigger: Average GC time (20,27 ms) is above the time for allocation rate (442 MB/s) to deplete free headroom (8546K)
[2021-04-30T09:22:59.658+0300][10,508s][info][gc] GC(93) Concurrent reset 0,248ms
[2021-04-30T09:22:59.659+0300][10,508s][info][gc] GC(93) Pause Init Mark 0,180ms
[2021-04-30T09:22:59.668+0300][10,518s][info][gc] GC(93) Concurrent marking 9,304ms
[2021-04-30T09:22:59.669+0300][10,518s][info][gc] GC(93) Pause Final Mark 0,500ms
[2021-04-30T09:22:59.669+0300][10,518s][info][gc] GC(93) Concurrent cleanup 108M->108M(128M) 0,037ms
[2021-04-30T09:22:59.669+0300][10,519s][info][gc] GC(93) Concurrent evacuation 0,323ms
[2021-04-30T09:22:59.669+0300][10,519s][info][gc] GC(93) Pause Init Update Refs 0,021ms
[2021-04-30T09:22:59.675+0300][10,525s][info][gc] GC(93) Concurrent update references 5,549ms
[2021-04-30T09:22:59.675+0300][10,525s][info][gc] GC(93) Pause Final Update Refs 0,098ms
[2021-04-30T09:22:59.675+0300][10,525s][info][gc] GC(93) Concurrent cleanup 111M->81M(128M) 0,044ms
[2021-04-30T09:22:59.711+0300][10,561s][info][gc] Trigger: Average GC time (20,36 ms) is above the time for allocation rate (518 MB/s) to deplete free headroom (10338K)
[2021-04-30T09:22:59.712+0300][10,561s][info][gc] GC(94) Concurrent reset 0,364ms
[2021-04-30T09:22:59.712+0300][10,561s][info][gc] GC(94) Pause Init Mark 0,183ms
[2021-04-30T09:22:59.723+0300][10,572s][info][gc] GC(94) Concurrent marking 10,593ms
[2021-04-30T09:22:59.723+0300][10,573s][info][gc] GC(94) Pause Final Mark 0,425ms
[2021-04-30T09:22:59.723+0300][10,573s][info][gc] GC(94) Concurrent cleanup 106M->106M(128M) 0,038ms
[2021-04-30T09:22:59.724+0300][10,573s][info][gc] GC(94) Concurrent evacuation 0,308ms
[2021-04-30T09:22:59.724+0300][10,573s][info][gc] GC(94) Pause Init Update Refs 0,004ms
[2021-04-30T09:22:59.730+0300][10,580s][info][gc] GC(94) Concurrent update references 6,139ms
[2021-04-30T09:22:59.730+0300][10,580s][info][gc] GC(94) Pause Final Update Refs 0,098ms
[2021-04-30T09:22:59.731+0300][10,580s][info][gc] GC(94) Concurrent cleanup 110M->83M(128M) 0,048ms
[2021-04-30T09:22:59.766+0300][10,616s][info][gc] Trigger: Average GC time (20,75 ms) is above the time for allocation rate (492 MB/s) to deplete free headroom (10338K)
[2021-04-30T09:22:59.767+0300][10,616s][info][gc] GC(95) Concurrent reset 0,312ms
[2021-04-30T09:22:59.767+0300][10,617s][info][gc] GC(95) Pause Init Mark (process weakrefs) 0,236ms
[2021-04-30T09:22:59.778+0300][10,627s][info][gc] GC(95) Concurrent marking (process weakrefs) 10,729ms
[2021-04-30T09:22:59.778+0300][10,627s][info][gc] GC(95) Concurrent precleaning 0,050ms
[2021-04-30T09:22:59.778+0300][10,628s][info][gc] GC(95) Pause Final Mark (process weakrefs) 0,324ms
[2021-04-30T09:22:59.779+0300][10,628s][info][gc] GC(95) Concurrent cleanup 106M->106M(128M) 0,038ms
[2021-04-30T09:22:59.779+0300][10,628s][info][gc] GC(95) Concurrent evacuation 0,331ms
[2021-04-30T09:22:59.779+0300][10,628s][info][gc] GC(95) Pause Init Update Refs 0,005ms
[2021-04-30T09:22:59.785+0300][10,635s][info][gc] GC(95) Concurrent update references 6,298ms
[2021-04-30T09:22:59.786+0300][10,635s][info][gc] GC(95) Pause Final Update Refs 0,088ms
[2021-04-30T09:22:59.786+0300][10,635s][info][gc] GC(95) Concurrent cleanup 109M->82M(128M) 0,047ms
[2021-04-30T09:22:59.825+0300][10,674s][info][gc] Trigger: Average GC time (20,00 ms) is above the time for allocation rate (483 MB/s) to deplete free headroom (8802K)
[2021-04-30T09:22:59.825+0300][10,674s][info][gc] GC(96) Concurrent reset 0,153ms
[2021-04-30T09:22:59.825+0300][10,675s][info][gc] GC(96) Pause Init Mark 0,232ms
[2021-04-30T09:22:59.837+0300][10,686s][info][gc] GC(96) Concurrent marking 11,295ms
[2021-04-30T09:22:59.837+0300][10,687s][info][gc] GC(96) Pause Final Mark 0,326ms
[2021-04-30T09:22:59.837+0300][10,687s][info][gc] GC(96) Concurrent cleanup 107M->107M(128M) 0,040ms
[2021-04-30T09:22:59.838+0300][10,687s][info][gc] GC(96) Concurrent evacuation 0,367ms
[2021-04-30T09:22:59.838+0300][10,687s][info][gc] GC(96) Pause Init Update Refs 0,005ms
[2021-04-30T09:22:59.844+0300][10,693s][info][gc] GC(96) Concurrent update references 6,038ms
[2021-04-30T09:22:59.844+0300][10,694s][info][gc] GC(96) Pause Final Update Refs 0,140ms
[2021-04-30T09:22:59.844+0300][10,694s][info][gc] GC(96) Concurrent cleanup 112M->84M(128M) 0,046ms
[2021-04-30T09:22:59.875+0300][10,724s][info][gc] Trigger: Average GC time (20,00 ms) is above the time for allocation rate (520 MB/s) to deplete free headroom (10082K)
[2021-04-30T09:22:59.875+0300][10,724s][info][gc] GC(97) Concurrent reset 0,165ms
[2021-04-30T09:22:59.876+0300][10,725s][info][gc] GC(97) Pause Init Mark 0,275ms
[2021-04-30T09:22:59.886+0300][10,736s][info][gc] GC(97) Concurrent marking 10,647ms
[2021-04-30T09:22:59.887+0300][10,736s][info][gc] GC(97) Pause Final Mark 0,425ms
[2021-04-30T09:22:59.887+0300][10,736s][info][gc] GC(97) Concurrent cleanup 106M->106M(128M) 0,036ms
[2021-04-30T09:22:59.887+0300][10,737s][info][gc] GC(97) Concurrent evacuation 0,308ms
[2021-04-30T09:22:59.888+0300][10,737s][info][gc] GC(97) Pause Init Update Refs 0,021ms
[2021-04-30T09:22:59.894+0300][10,743s][info][gc] GC(97) Concurrent update references 5,824ms
[2021-04-30T09:22:59.894+0300][10,743s][info][gc] GC(97) Pause Final Update Refs 0,094ms
[2021-04-30T09:22:59.894+0300][10,743s][info][gc] GC(97) Concurrent cleanup 110M->84M(128M) 0,045ms
[2021-04-30T09:22:59.925+0300][10,775s][info][gc] Trigger: Average GC time (19,04 ms) is above the time for allocation rate (514 MB/s) to deplete free headroom (9570K)
[2021-04-30T09:22:59.926+0300][10,775s][info][gc] GC(98) Concurrent reset 0,230ms
[2021-04-30T09:22:59.926+0300][10,776s][info][gc] GC(98) Pause Init Mark 0,283ms
[2021-04-30T09:22:59.939+0300][10,788s][info][gc] GC(98) Concurrent marking 12,347ms
[2021-04-30T09:22:59.939+0300][10,789s][info][gc] GC(98) Pause Final Mark 0,521ms
[2021-04-30T09:22:59.940+0300][10,789s][info][gc] GC(98) Concurrent cleanup 107M->107M(128M) 0,043ms
[2021-04-30T09:22:59.940+0300][10,789s][info][gc] GC(98) Concurrent evacuation 0,353ms
[2021-04-30T09:22:59.940+0300][10,789s][info][gc] GC(98) Pause Init Update Refs 0,004ms
[2021-04-30T09:22:59.948+0300][10,798s][info][gc] GC(98) Concurrent update references 8,287ms
[2021-04-30T09:22:59.949+0300][10,798s][info][gc] GC(98) Pause Final Update Refs 0,074ms
[2021-04-30T09:22:59.949+0300][10,798s][info][gc] GC(98) Concurrent cleanup 113M->86M(128M) 0,048ms
[2021-04-30T09:22:59.984+0300][10,834s][info][gc] Trigger: Average GC time (20,21 ms) is above the time for allocation rate (454 MB/s) to deplete free headroom (8546K)
[2021-04-30T09:22:59.985+0300][10,834s][info][gc] GC(99) Concurrent reset 0,199ms
[2021-04-30T09:22:59.985+0300][10,835s][info][gc] GC(99) Pause Init Mark (unload classes) 0,211ms
[2021-04-30T09:23:00.000+0300][10,849s][info][gc] GC(99) Concurrent marking (unload classes) 14,428ms
[2021-04-30T09:23:00.003+0300][10,852s][info][gc] GC(99) Pause Final Mark (unload classes) 2,808ms
[2021-04-30T09:23:00.003+0300][10,852s][info][gc] GC(99) Concurrent cleanup 108M->108M(128M) 0,230ms
[2021-04-30T09:23:00.004+0300][10,853s][info][gc] GC(99) Concurrent evacuation 0,966ms
[2021-04-30T09:23:00.004+0300][10,854s][info][gc] GC(99) Pause Init Update Refs 0,005ms
[2021-04-30T09:23:00.011+0300][10,860s][info][gc] GC(99) Concurrent update references 6,455ms
[2021-04-30T09:23:00.011+0300][10,860s][info][gc] GC(99) Pause Final Update Refs 0,101ms
[2021-04-30T09:23:00.011+0300][10,860s][info][gc] GC(99) Concurrent cleanup 112M->85M(128M) 0,044ms
[2021-04-30T09:23:00.047+0300][10,896s][info][gc] Trigger: Average GC time (21,66 ms) is above the time for allocation rate (425 MB/s) to deplete free headroom (8546K)
[2021-04-30T09:23:00.047+0300][10,897s][info][gc] GC(100) Concurrent reset 0,210ms
[2021-04-30T09:23:00.048+0300][10,897s][info][gc] GC(100) Pause Init Mark (process weakrefs) 0,318ms
[2021-04-30T09:23:00.062+0300][10,912s][info][gc] GC(100) Concurrent marking (process weakrefs) 14,702ms
[2021-04-30T09:23:00.063+0300][10,912s][info][gc] GC(100) Concurrent precleaning 0,127ms
[2021-04-30T09:23:00.063+0300][10,913s][info][gc] GC(100) Pause Final Mark (process weakrefs) 0,430ms
[2021-04-30T09:23:00.063+0300][10,913s][info][gc] GC(100) Concurrent cleanup 108M->109M(128M) 0,036ms
[2021-04-30T09:23:00.064+0300][10,913s][info][gc] GC(100) Concurrent evacuation 0,352ms
[2021-04-30T09:23:00.064+0300][10,913s][info][gc] GC(100) Pause Init Update Refs 0,021ms
[2021-04-30T09:23:00.074+0300][10,924s][info][gc] GC(100) Concurrent update references 10,385ms
[2021-04-30T09:23:00.075+0300][10,924s][info][gc] GC(100) Pause Final Update Refs 0,184ms
[2021-04-30T09:23:00.075+0300][10,924s][info][gc] GC(100) Concurrent cleanup 116M->89M(128M) 0,043ms
[2021-04-30T09:23:00.096+0300][10,946s][info][gc] Trigger: Average GC time (23,31 ms) is above the time for allocation rate (475 MB/s) to deplete free headroom (11106K)
[2021-04-30T09:23:00.097+0300][10,946s][info][gc] GC(101) Concurrent reset 0,160ms
[2021-04-30T09:23:00.097+0300][10,946s][info][gc] GC(101) Pause Init Mark 0,337ms
[2021-04-30T09:23:00.108+0300][10,958s][info][gc] GC(101) Concurrent marking 10,992ms
[2021-04-30T09:23:00.109+0300][10,958s][info][gc] GC(101) Pause Final Mark 0,403ms
[2021-04-30T09:23:00.109+0300][10,958s][info][gc] GC(101) Concurrent cleanup 105M->105M(128M) 0,037ms
[2021-04-30T09:23:00.109+0300][10,958s][info][gc] GC(101) Concurrent evacuation 0,208ms
[2021-04-30T09:23:00.109+0300][10,958s][info][gc] GC(101) Pause Init Update Refs 0,004ms
[2021-04-30T09:23:00.116+0300][10,966s][info][gc] GC(101) Concurrent update references 7,168ms
[2021-04-30T09:23:00.117+0300][10,966s][info][gc] GC(101) Pause Final Update Refs 0,196ms
[2021-04-30T09:23:00.117+0300][10,966s][info][gc] GC(101) Concurrent cleanup 108M->85M(128M) 0,043ms
[2021-04-30T09:23:00.144+0300][10,993s][info][gc] Trigger: Average GC time (23,44 ms) is above the time for allocation rate (480 MB/s) to deplete free headroom (11233K)
[2021-04-30T09:23:00.144+0300][10,993s][info][gc] GC(102) Concurrent reset 0,185ms
[2021-04-30T09:23:00.145+0300][10,994s][info][gc] GC(102) Pause Init Mark 0,304ms
[2021-04-30T09:23:00.155+0300][11,005s][info][gc] GC(102) Concurrent marking 10,488ms
[2021-04-30T09:23:00.156+0300][11,005s][info][gc] GC(102) Pause Final Mark 0,395ms
[2021-04-30T09:23:00.156+0300][11,005s][info][gc] GC(102) Concurrent cleanup 105M->105M(128M) 0,037ms
[2021-04-30T09:23:00.156+0300][11,006s][info][gc] GC(102) Concurrent evacuation 0,272ms
[2021-04-30T09:23:00.156+0300][11,006s][info][gc] GC(102) Pause Init Update Refs 0,005ms
[2021-04-30T09:23:00.162+0300][11,012s][info][gc] GC(102) Concurrent update references 5,914ms
[2021-04-30T09:23:00.163+0300][11,012s][info][gc] GC(102) Pause Final Update Refs 0,095ms
[2021-04-30T09:23:00.163+0300][11,012s][info][gc] GC(102) Concurrent cleanup 108M->85M(128M) 0,042ms
[2021-04-30T09:23:00.189+0300][11,038s][info][gc] Trigger: Average GC time (23,43 ms) is above the time for allocation rate (494 MB/s) to deplete free headroom (11489K)
[2021-04-30T09:23:00.189+0300][11,038s][info][gc] GC(103) Concurrent reset 0,174ms
[2021-04-30T09:23:00.189+0300][11,039s][info][gc] GC(103) Pause Init Mark 0,224ms
[2021-04-30T09:23:00.200+0300][11,050s][info][gc] GC(103) Concurrent marking 10,492ms
[2021-04-30T09:23:00.201+0300][11,050s][info][gc] GC(103) Pause Final Mark 0,480ms
[2021-04-30T09:23:00.201+0300][11,050s][info][gc] GC(103) Concurrent cleanup 105M->105M(128M) 0,035ms
[2021-04-30T09:23:00.201+0300][11,051s][info][gc] GC(103) Concurrent evacuation 0,232ms
[2021-04-30T09:23:00.201+0300][11,051s][info][gc] GC(103) Pause Init Update Refs 0,019ms
[2021-04-30T09:23:00.209+0300][11,058s][info][gc] GC(103) Concurrent update references 7,438ms
[2021-04-30T09:23:00.209+0300][11,059s][info][gc] GC(103) Pause Final Update Refs 0,053ms
[2021-04-30T09:23:00.209+0300][11,059s][info][gc] GC(103) Concurrent cleanup 109M->86M(128M) 0,079ms
[2021-04-30T09:23:00.241+0300][11,090s][info][gc] Trigger: Average GC time (22,85 ms) is above the time for allocation rate (459 MB/s) to deplete free headroom (9697K)
[2021-04-30T09:23:00.241+0300][11,090s][info][gc] GC(104) Concurrent reset 0,155ms
[2021-04-30T09:23:00.241+0300][11,091s][info][gc] GC(104) Pause Init Mark 0,206ms
[2021-04-30T09:23:00.253+0300][11,102s][info][gc] GC(104) Concurrent marking 11,804ms
[2021-04-30T09:23:00.254+0300][11,103s][info][gc] GC(104) Pause Final Mark 0,735ms
[2021-04-30T09:23:00.254+0300][11,104s][info][gc] GC(104) Concurrent cleanup 107M->107M(128M) 0,074ms
[2021-04-30T09:23:00.255+0300][11,104s][info][gc] GC(104) Concurrent evacuation 0,638ms
[2021-04-30T09:23:00.255+0300][11,104s][info][gc] GC(104) Pause Init Update Refs 0,005ms
[2021-04-30T09:23:00.266+0300][11,115s][info][gc] GC(104) Concurrent update references 10,569ms
[2021-04-30T09:23:00.266+0300][11,115s][info][gc] GC(104) Pause Final Update Refs 0,157ms
[2021-04-30T09:23:00.266+0300][11,116s][info][gc] GC(104) Concurrent cleanup 114M->90M(128M) 0,067ms
[2021-04-30T09:23:00.292+0300][11,142s][info][gc] Trigger: Average GC time (22,62 ms) is above the time for allocation rate (447 MB/s) to deplete free headroom (9953K)
[2021-04-30T09:23:00.292+0300][11,142s][info][gc] GC(105) Concurrent reset 0,113ms
[2021-04-30T09:23:00.293+0300][11,142s][info][gc] GC(105) Pause Init Mark (process weakrefs) 0,228ms
[2021-04-30T09:23:00.306+0300][11,155s][info][gc] GC(105) Concurrent marking (process weakrefs) 12,760ms
[2021-04-30T09:23:00.306+0300][11,155s][info][gc] GC(105) Concurrent precleaning 0,194ms
[2021-04-30T09:23:00.307+0300][11,156s][info][gc] GC(105) Pause Final Mark (process weakrefs) 0,474ms
[2021-04-30T09:23:00.307+0300][11,156s][info][gc] GC(105) Concurrent cleanup 106M->106M(128M) 0,040ms
[2021-04-30T09:23:00.307+0300][11,156s][info][gc] GC(105) Concurrent evacuation 0,283ms
[2021-04-30T09:23:00.307+0300][11,157s][info][gc] GC(105) Pause Init Update Refs 0,010ms
[2021-04-30T09:23:00.314+0300][11,164s][info][gc] GC(105) Concurrent update references 7,236ms
[2021-04-30T09:23:00.315+0300][11,164s][info][gc] GC(105) Pause Final Update Refs 0,147ms
[2021-04-30T09:23:00.315+0300][11,164s][info][gc] GC(105) Concurrent cleanup 111M->88M(128M) 0,044ms
[2021-04-30T09:23:00.340+0300][11,190s][info][gc] Trigger: Average GC time (21,57 ms) is above the time for allocation rate (473 MB/s) to deplete free headroom (9824K)
[2021-04-30T09:23:00.340+0300][11,190s][info][gc] GC(106) Concurrent reset 0,126ms
[2021-04-30T09:23:00.341+0300][11,190s][info][gc] GC(106) Pause Init Mark 0,202ms
[2021-04-30T09:23:00.351+0300][11,201s][info][gc] GC(106) Concurrent marking 10,315ms
[2021-04-30T09:23:00.352+0300][11,201s][info][gc] GC(106) Pause Final Mark 0,402ms
[2021-04-30T09:23:00.352+0300][11,201s][info][gc] GC(106) Concurrent cleanup 107M->107M(128M) 0,037ms
[2021-04-30T09:23:00.352+0300][11,202s][info][gc] GC(106) Concurrent evacuation 0,312ms
[2021-04-30T09:23:00.352+0300][11,202s][info][gc] GC(106) Pause Init Update Refs 0,004ms
[2021-04-30T09:23:00.359+0300][11,209s][info][gc] GC(106) Concurrent update references 6,782ms
[2021-04-30T09:23:00.360+0300][11,209s][info][gc] GC(106) Pause Final Update Refs 0,117ms
[2021-04-30T09:23:00.360+0300][11,209s][info][gc] GC(106) Concurrent cleanup 111M->88M(128M) 0,043ms
[2021-04-30T09:23:00.385+0300][11,235s][info][gc] Trigger: Average GC time (21,38 ms) is above the time for allocation rate (488 MB/s) to deplete free headroom (10336K)
[2021-04-30T09:23:00.386+0300][11,235s][info][gc] GC(107) Concurrent reset 0,170ms
[2021-04-30T09:23:00.386+0300][11,236s][info][gc] GC(107) Pause Init Mark 0,332ms
[2021-04-30T09:23:00.396+0300][11,246s][info][gc] GC(107) Concurrent marking 9,783ms
[2021-04-30T09:23:00.397+0300][11,246s][info][gc] GC(107) Pause Final Mark 0,510ms
[2021-04-30T09:23:00.397+0300][11,246s][info][gc] GC(107) Concurrent cleanup 106M->106M(128M) 0,037ms
[2021-04-30T09:23:00.397+0300][11,247s][info][gc] GC(107) Concurrent evacuation 0,266ms
[2021-04-30T09:23:00.398+0300][11,247s][info][gc] GC(107) Pause Init Update Refs 0,021ms
[2021-04-30T09:23:00.404+0300][11,253s][info][gc] GC(107) Concurrent update references 6,099ms
[2021-04-30T09:23:00.404+0300][11,253s][info][gc] GC(107) Pause Final Update Refs 0,063ms
[2021-04-30T09:23:00.404+0300][11,254s][info][gc] GC(107) Concurrent cleanup 109M->87M(128M) 0,051ms
[2021-04-30T09:23:00.430+0300][11,280s][info][gc] Trigger: Average GC time (21,30 ms) is above the time for allocation rate (491 MB/s) to deplete free headroom (9824K)
[2021-04-30T09:23:00.430+0300][11,280s][info][gc] GC(108) Concurrent reset 0,117ms
[2021-04-30T09:23:00.431+0300][11,280s][info][gc] GC(108) Pause Init Mark 0,206ms
[2021-04-30T09:23:00.443+0300][11,292s][info][gc] GC(108) Concurrent marking 11,670ms
[2021-04-30T09:23:00.443+0300][11,293s][info][gc] GC(108) Pause Final Mark 0,448ms
[2021-04-30T09:23:00.443+0300][11,293s][info][gc] GC(108) Concurrent cleanup 106M->106M(128M) 0,039ms
[2021-04-30T09:23:00.444+0300][11,293s][info][gc] GC(108) Concurrent evacuation 0,288ms
[2021-04-30T09:23:00.444+0300][11,293s][info][gc] GC(108) Pause Init Update Refs 0,005ms
[2021-04-30T09:23:00.453+0300][11,302s][info][gc] GC(108) Concurrent update references 8,922ms
[2021-04-30T09:23:00.453+0300][11,303s][info][gc] GC(108) Pause Final Update Refs 0,137ms
[2021-04-30T09:23:00.457+0300][11,306s][info][gc] GC(108) Concurrent cleanup 110M->89M(128M) 0,048ms
[2021-04-30T09:23:00.489+0300][11,338s][info][gc] Trigger: Average GC time (22,56 ms) is above the time for allocation rate (384 MB/s) to deplete free headroom (8415K)
[2021-04-30T09:23:00.489+0300][11,339s][info][gc] GC(109) Concurrent reset 0,195ms
[2021-04-30T09:23:00.490+0300][11,339s][info][gc] GC(109) Pause Init Mark 0,279ms
[2021-04-30T09:23:00.501+0300][11,351s][info][gc] GC(109) Concurrent marking 11,573ms
[2021-04-30T09:23:00.502+0300][11,351s][info][gc] GC(109) Pause Final Mark 0,376ms
[2021-04-30T09:23:00.502+0300][11,351s][info][gc] GC(109) Concurrent cleanup 108M->108M(128M) 0,042ms
[2021-04-30T09:23:00.502+0300][11,352s][info][gc] GC(109) Concurrent evacuation 0,249ms
[2021-04-30T09:23:00.502+0300][11,352s][info][gc] GC(109) Pause Init Update Refs 0,005ms
[2021-04-30T09:23:00.509+0300][11,359s][info][gc] GC(109) Concurrent update references 7,032ms
[2021-04-30T09:23:00.510+0300][11,359s][info][gc] GC(109) Pause Final Update Refs 0,071ms
[2021-04-30T09:23:00.510+0300][11,359s][info][gc] GC(109) Concurrent cleanup 111M->89M(128M) 0,043ms
[2021-04-30T09:23:00.541+0300][11,391s][info][gc] Trigger: Average GC time (21,60 ms) is above the time for allocation rate (417 MB/s) to deplete free headroom (8798K)
[2021-04-30T09:23:00.541+0300][11,391s][info][gc] GC(110) Concurrent reset 0,161ms
[2021-04-30T09:23:00.542+0300][11,391s][info][gc] GC(110) Pause Init Mark (process weakrefs) 0,260ms
[2021-04-30T09:23:00.554+0300][11,403s][info][gc] GC(110) Concurrent marking (process weakrefs) 12,188ms
[2021-04-30T09:23:00.554+0300][11,404s][info][gc] GC(110) Concurrent precleaning 0,096ms
[2021-04-30T09:23:00.555+0300][11,404s][info][gc] GC(110) Pause Final Mark (process weakrefs) 0,380ms
[2021-04-30T09:23:00.555+0300][11,404s][info][gc] GC(110) Concurrent cleanup 108M->108M(128M) 0,039ms
[2021-04-30T09:23:00.555+0300][11,404s][info][gc] GC(110) Concurrent evacuation 0,258ms
[2021-04-30T09:23:00.555+0300][11,404s][info][gc] GC(110) Pause Init Update Refs 0,004ms
[2021-04-30T09:23:00.563+0300][11,413s][info][gc] GC(110) Concurrent update references 8,326ms
[2021-04-30T09:23:00.564+0300][11,413s][info][gc] GC(110) Pause Final Update Refs 0,086ms
[2021-04-30T09:23:00.564+0300][11,413s][info][gc] GC(110) Concurrent cleanup 112M->89M(128M) 0,053ms
[2021-04-30T09:23:00.593+0300][11,442s][info][gc] Trigger: Average GC time (21,61 ms) is above the time for allocation rate (421 MB/s) to deplete free headroom (8671K)
[2021-04-30T09:23:00.593+0300][11,442s][info][gc] GC(111) Concurrent reset 0,150ms
[2021-04-30T09:23:00.593+0300][11,443s][info][gc] GC(111) Pause Init Mark 0,290ms
[2021-04-30T09:23:00.605+0300][11,454s][info][gc] GC(111) Concurrent marking 11,324ms
[2021-04-30T09:23:00.605+0300][11,455s][info][gc] GC(111) Pause Final Mark 0,371ms
[2021-04-30T09:23:00.606+0300][11,455s][info][gc] GC(111) Concurrent cleanup 108M->108M(128M) 0,040ms
[2021-04-30T09:23:00.606+0300][11,455s][info][gc] GC(111) Concurrent evacuation 0,250ms
[2021-04-30T09:23:00.606+0300][11,455s][info][gc] GC(111) Pause Init Update Refs 0,003ms
[2021-04-30T09:23:00.612+0300][11,462s][info][gc] GC(111) Concurrent update references 6,263ms
[2021-04-30T09:23:00.612+0300][11,462s][info][gc] GC(111) Pause Final Update Refs 0,092ms
[2021-04-30T09:23:00.612+0300][11,462s][info][gc] GC(111) Concurrent cleanup 111M->88M(128M) 0,042ms
[2021-04-30T09:23:00.640+0300][11,490s][info][gc] Trigger: Average GC time (21,67 ms) is above the time for allocation rate (431 MB/s) to deplete free headroom (9439K)
[2021-04-30T09:23:00.641+0300][11,490s][info][gc] GC(112) Concurrent reset 0,185ms
[2021-04-30T09:23:00.641+0300][11,490s][info][gc] GC(112) Pause Init Mark 0,210ms
[2021-04-30T09:23:00.652+0300][11,502s][info][gc] GC(112) Concurrent marking 10,905ms
[2021-04-30T09:23:00.653+0300][11,502s][info][gc] GC(112) Pause Final Mark 0,505ms
[2021-04-30T09:23:00.653+0300][11,502s][info][gc] GC(112) Concurrent cleanup 107M->107M(128M) 0,039ms
[2021-04-30T09:23:00.653+0300][11,503s][info][gc] GC(112) Concurrent evacuation 0,281ms
[2021-04-30T09:23:00.653+0300][11,503s][info][gc] GC(112) Pause Init Update Refs 0,004ms
[2021-04-30T09:23:00.660+0300][11,509s][info][gc] GC(112) Concurrent update references 6,388ms
[2021-04-30T09:23:00.660+0300][11,510s][info][gc] GC(112) Pause Final Update Refs 0,142ms
[2021-04-30T09:23:00.660+0300][11,510s][info][gc] GC(112) Concurrent cleanup 111M->90M(128M) 0,055ms
[2021-04-30T09:23:00.683+0300][11,533s][info][gc] Trigger: Average GC time (21,90 ms) is above the time for allocation rate (469 MB/s) to deplete free headroom (9439K)
[2021-04-30T09:23:00.683+0300][11,533s][info][gc] GC(113) Concurrent reset 0,206ms
[2021-04-30T09:23:00.684+0300][11,533s][info][gc] GC(113) Pause Init Mark 0,215ms
[2021-04-30T09:23:00.694+0300][11,544s][info][gc] GC(113) Concurrent marking 10,364ms
[2021-04-30T09:23:00.695+0300][11,544s][info][gc] GC(113) Pause Final Mark 0,360ms
[2021-04-30T09:23:00.695+0300][11,544s][info][gc] GC(113) Concurrent cleanup 107M->107M(128M) 0,035ms
[2021-04-30T09:23:00.695+0300][11,545s][info][gc] GC(113) Concurrent evacuation 0,270ms
[2021-04-30T09:23:00.695+0300][11,545s][info][gc] GC(113) Pause Init Update Refs 0,004ms
[2021-04-30T09:23:00.706+0300][11,555s][info][gc] GC(113) Concurrent update references 10,332ms
[2021-04-30T09:23:00.706+0300][11,555s][info][gc] GC(113) Pause Final Update Refs 0,136ms
[2021-04-30T09:23:00.706+0300][11,555s][info][gc] GC(113) Concurrent cleanup 112M->91M(128M) 0,041ms
[2021-04-30T09:23:00.728+0300][11,577s][info][gc] Trigger: Average GC time (21,14 ms) is above the time for allocation rate (455 MB/s) to deplete free headroom (9310K)
[2021-04-30T09:23:00.728+0300][11,577s][info][gc] GC(114) Concurrent reset 0,129ms
[2021-04-30T09:23:00.728+0300][11,578s][info][gc] GC(114) Pause Init Mark 0,176ms
[2021-04-30T09:23:00.739+0300][11,589s][info][gc] GC(114) Concurrent marking 10,869ms
[2021-04-30T09:23:00.740+0300][11,589s][info][gc] GC(114) Pause Final Mark 0,395ms
[2021-04-30T09:23:00.740+0300][11,589s][info][gc] GC(114) Concurrent cleanup 108M->108M(128M) 0,039ms
[2021-04-30T09:23:00.740+0300][11,590s][info][gc] GC(114) Concurrent evacuation 0,246ms
[2021-04-30T09:23:00.740+0300][11,590s][info][gc] GC(114) Pause Init Update Refs 0,004ms
[2021-04-30T09:23:00.752+0300][11,601s][info][gc] GC(114) Concurrent update references 11,171ms
[2021-04-30T09:23:00.752+0300][11,601s][info][gc] GC(114) Pause Final Update Refs 0,169ms
[2021-04-30T09:23:00.752+0300][11,601s][info][gc] GC(114) Concurrent cleanup 114M->94M(128M) 0,043ms
[2021-04-30T09:23:00.770+0300][11,620s][info][gc] Trigger: Average GC time (21,86 ms) is above the time for allocation rate (450 MB/s) to deplete free headroom (9693K)
[2021-04-30T09:23:00.771+0300][11,620s][info][gc] GC(115) Concurrent reset 0,440ms
[2021-04-30T09:23:00.772+0300][11,621s][info][gc] GC(115) Pause Init Mark (process weakrefs) 0,203ms
[2021-04-30T09:23:00.783+0300][11,633s][info][gc] GC(115) Concurrent marking (process weakrefs) 11,859ms
[2021-04-30T09:23:00.784+0300][11,633s][info][gc] GC(115) Concurrent precleaning 0,130ms
[2021-04-30T09:23:00.784+0300][11,634s][info][gc] GC(115) Pause Final Mark (process weakrefs) 0,460ms
[2021-04-30T09:23:00.784+0300][11,634s][info][gc] GC(115) Concurrent cleanup 107M->107M(128M) 0,046ms
[2021-04-30T09:23:00.785+0300][11,634s][info][gc] GC(115) Concurrent evacuation 0,373ms
[2021-04-30T09:23:00.785+0300][11,634s][info][gc] GC(115) Pause Init Update Refs 0,006ms
[2021-04-30T09:23:00.794+0300][11,643s][info][gc] GC(115) Concurrent update references 8,535ms
[2021-04-30T09:23:00.794+0300][11,643s][info][gc] GC(115) Pause Final Update Refs 0,122ms
[2021-04-30T09:23:00.794+0300][11,643s][info][gc] GC(115) Concurrent cleanup 112M->92M(128M) 0,046ms
[2021-04-30T09:23:00.818+0300][11,667s][info][gc] Trigger: Average GC time (22,02 ms) is above the time for allocation rate (424 MB/s) to deplete free headroom (8669K)
[2021-04-30T09:23:00.818+0300][11,667s][info][gc] GC(116) Concurrent reset 0,213ms
[2021-04-30T09:23:00.818+0300][11,668s][info][gc] GC(116) Pause Init Mark 0,221ms
[2021-04-30T09:23:00.830+0300][11,679s][info][gc] GC(116) Concurrent marking 11,323ms
[2021-04-30T09:23:00.830+0300][11,680s][info][gc] GC(116) Pause Final Mark 0,343ms
[2021-04-30T09:23:00.830+0300][11,680s][info][gc] GC(116) Concurrent cleanup 108M->108M(128M) 0,042ms
[2021-04-30T09:23:00.831+0300][11,680s][info][gc] GC(116) Concurrent evacuation 0,263ms
[2021-04-30T09:23:00.831+0300][11,680s][info][gc] GC(116) Pause Init Update Refs 0,003ms
[2021-04-30T09:23:00.837+0300][11,687s][info][gc] GC(116) Concurrent update references 6,346ms
[2021-04-30T09:23:00.838+0300][11,687s][info][gc] GC(116) Pause Final Update Refs 0,073ms
[2021-04-30T09:23:00.838+0300][11,687s][info][gc] GC(116) Concurrent cleanup 113M->93M(128M) 0,043ms
[2021-04-30T09:23:00.855+0300][11,705s][info][gc] Trigger: Average GC time (22,09 ms) is above the time for allocation rate (477 MB/s) to deplete free headroom (10332K)
[2021-04-30T09:23:00.855+0300][11,705s][info][gc] GC(117) Concurrent reset 0,128ms
[2021-04-30T09:23:00.856+0300][11,705s][info][gc] GC(117) Pause Init Mark 0,190ms
[2021-04-30T09:23:00.866+0300][11,715s][info][gc] GC(117) Concurrent marking 10,264ms
[2021-04-30T09:23:00.867+0300][11,716s][info][gc] GC(117) Pause Final Mark 0,466ms
[2021-04-30T09:23:00.867+0300][11,716s][info][gc] GC(117) Concurrent cleanup 106M->106M(128M) 0,039ms
[2021-04-30T09:23:00.867+0300][11,716s][info][gc] GC(117) Concurrent evacuation 0,174ms
[2021-04-30T09:23:00.867+0300][11,716s][info][gc] GC(117) Pause Init Update Refs 0,005ms
[2021-04-30T09:23:00.874+0300][11,723s][info][gc] GC(117) Concurrent update references 6,463ms
[2021-04-30T09:23:00.874+0300][11,723s][info][gc] GC(117) Pause Final Update Refs 0,106ms
[2021-04-30T09:23:00.874+0300][11,723s][info][gc] GC(117) Concurrent cleanup 109M->91M(128M) 0,042ms
[2021-04-30T09:23:00.897+0300][11,746s][info][gc] Trigger: Average GC time (21,90 ms) is above the time for allocation rate (439 MB/s) to deplete free headroom (9435K)
[2021-04-30T09:23:00.897+0300][11,746s][info][gc] GC(118) Concurrent reset 0,169ms
[2021-04-30T09:23:00.897+0300][11,747s][info][gc] GC(118) Pause Init Mark 0,373ms
[2021-04-30T09:23:00.912+0300][11,762s][info][gc] GC(118) Concurrent marking 14,730ms
[2021-04-30T09:23:00.913+0300][11,762s][info][gc] GC(118) Pause Final Mark 0,466ms
[2021-04-30T09:23:00.913+0300][11,762s][info][gc] GC(118) Concurrent cleanup 107M->107M(128M) 0,037ms
[2021-04-30T09:23:00.913+0300][11,763s][info][gc] GC(118) Concurrent evacuation 0,209ms
[2021-04-30T09:23:00.913+0300][11,763s][info][gc] GC(118) Pause Init Update Refs 0,004ms
[2021-04-30T09:23:00.921+0300][11,770s][info][gc] GC(118) Concurrent update references 7,247ms
[2021-04-30T09:23:00.921+0300][11,770s][info][gc] GC(118) Pause Final Update Refs 0,075ms
[2021-04-30T09:23:00.921+0300][11,770s][info][gc] GC(118) Concurrent cleanup 112M->93M(128M) 0,047ms
[2021-04-30T09:23:00.946+0300][11,796s][info][gc] Trigger: Average GC time (22,18 ms) is above the time for allocation rate (390 MB/s) to deplete free headroom (8284K)
[2021-04-30T09:23:00.946+0300][11,796s][info][gc] GC(119) Concurrent reset 0,131ms
[2021-04-30T09:23:00.947+0300][11,796s][info][gc] GC(119) Pause Init Mark 0,238ms
[2021-04-30T09:23:00.962+0300][11,811s][info][gc] GC(119) Concurrent marking 15,030ms
[2021-04-30T09:23:00.962+0300][11,812s][info][gc] GC(119) Pause Final Mark 0,327ms
[2021-04-30T09:23:00.962+0300][11,812s][info][gc] GC(119) Concurrent cleanup 109M->109M(128M) 0,038ms
[2021-04-30T09:23:00.963+0300][11,812s][info][gc] GC(119) Concurrent evacuation 0,262ms
[2021-04-30T09:23:00.963+0300][11,812s][info][gc] GC(119) Pause Init Update Refs 0,005ms
[2021-04-30T09:23:00.972+0300][11,822s][info][gc] GC(119) Concurrent update references 9,134ms
[2021-04-30T09:23:00.972+0300][11,822s][info][gc] GC(119) Pause Final Update Refs 0,099ms
[2021-04-30T09:23:00.973+0300][11,822s][info][gc] GC(119) Concurrent cleanup 115M->95M(128M) 0,046ms
[2021-04-30T09:23:00.993+0300][11,843s][info][gc] Trigger: Average GC time (22,61 ms) is above the time for allocation rate (394 MB/s) to deplete free headroom (8796K)
[2021-04-30T09:23:00.993+0300][11,843s][info][gc] GC(120) Concurrent reset 0,211ms
[2021-04-30T09:23:00.994+0300][11,843s][info][gc] GC(120) Pause Init Mark (process weakrefs) 0,351ms
[2021-04-30T09:23:01.009+0300][11,859s][info][gc] GC(120) Concurrent marking (process weakrefs) 15,227ms
[2021-04-30T09:23:01.009+0300][11,859s][info][gc] GC(120) Concurrent precleaning 0,063ms
[2021-04-30T09:23:01.010+0300][11,859s][info][gc] GC(120) Pause Final Mark (process weakrefs) 0,373ms
[2021-04-30T09:23:01.010+0300][11,859s][info][gc] GC(120) Concurrent cleanup 108M->108M(128M) 0,035ms
[2021-04-30T09:23:01.010+0300][11,860s][info][gc] GC(120) Concurrent evacuation 0,231ms
[2021-04-30T09:23:01.010+0300][11,860s][info][gc] GC(120) Pause Init Update Refs 0,004ms
[2021-04-30T09:23:01.021+0300][11,871s][info][gc] GC(120) Concurrent update references 11,047ms
[2021-04-30T09:23:01.022+0300][11,871s][info][gc] GC(120) Pause Final Update Refs 0,103ms
[2021-04-30T09:23:01.022+0300][11,871s][info][gc] GC(120) Concurrent cleanup 113M->94M(128M) 0,046ms
[2021-04-30T09:23:01.043+0300][11,893s][info][gc] Trigger: Average GC time (23,63 ms) is above the time for allocation rate (380 MB/s) to deplete free headroom (7899K)
[2021-04-30T09:23:01.044+0300][11,893s][info][gc] GC(121) Concurrent reset 0,146ms
[2021-04-30T09:23:01.044+0300][11,893s][info][gc] GC(121) Pause Init Mark 0,239ms
[2021-04-30T09:23:01.057+0300][11,906s][info][gc] GC(121) Concurrent marking 13,110ms
[2021-04-30T09:23:01.058+0300][11,907s][info][gc] GC(121) Pause Final Mark 0,453ms
[2021-04-30T09:23:01.058+0300][11,907s][info][gc] GC(121) Concurrent cleanup 108M->108M(128M) 0,040ms
[2021-04-30T09:23:01.058+0300][11,907s][info][gc] GC(121) Concurrent evacuation 0,246ms
[2021-04-30T09:23:01.058+0300][11,908s][info][gc] GC(121) Pause Init Update Refs 0,004ms
[2021-04-30T09:23:01.066+0300][11,916s][info][gc] GC(121) Concurrent update references 8,294ms
[2021-04-30T09:23:01.067+0300][11,916s][info][gc] GC(121) Pause Final Update Refs 0,118ms
[2021-04-30T09:23:01.067+0300][11,916s][info][gc] GC(121) Concurrent cleanup 112M->93M(128M) 0,044ms
[2021-04-30T09:23:01.088+0300][11,937s][info][gc] Trigger: Average GC time (24,35 ms) is above the time for allocation rate (396 MB/s) to deplete free headroom (9052K)
[2021-04-30T09:23:01.088+0300][11,937s][info][gc] GC(122) Concurrent reset 0,166ms
[2021-04-30T09:23:01.088+0300][11,938s][info][gc] GC(122) Pause Init Mark 0,253ms
[2021-04-30T09:23:01.101+0300][11,950s][info][gc] GC(122) Concurrent marking 12,692ms
[2021-04-30T09:23:01.102+0300][11,951s][info][gc] GC(122) Pause Final Mark 0,451ms
[2021-04-30T09:23:01.102+0300][11,951s][info][gc] GC(122) Concurrent cleanup 107M->107M(128M) 0,040ms
[2021-04-30T09:23:01.102+0300][11,951s][info][gc] GC(122) Concurrent evacuation 0,218ms
[2021-04-30T09:23:01.102+0300][11,951s][info][gc] GC(122) Pause Init Update Refs 0,004ms
[2021-04-30T09:23:01.111+0300][11,960s][info][gc] GC(122) Concurrent update references 8,599ms
[2021-04-30T09:23:01.111+0300][11,961s][info][gc] GC(122) Pause Final Update Refs 0,270ms
[2021-04-30T09:23:01.112+0300][11,961s][info][gc] GC(122) Concurrent cleanup 112M->94M(128M) 0,050ms
[2021-04-30T09:23:01.130+0300][11,980s][info][gc] Trigger: Average GC time (25,40 ms) is above the time for allocation rate (393 MB/s) to deplete free headroom (9691K)
[2021-04-30T09:23:01.130+0300][11,980s][info][gc] GC(123) Concurrent reset 0,162ms
[2021-04-30T09:23:01.131+0300][11,980s][info][gc] GC(123) Pause Init Mark 0,203ms
[2021-04-30T09:23:01.146+0300][11,995s][info][gc] GC(123) Concurrent marking 14,859ms
[2021-04-30T09:23:01.146+0300][11,996s][info][gc] GC(123) Pause Final Mark 0,320ms
[2021-04-30T09:23:01.146+0300][11,996s][info][gc] GC(123) Concurrent cleanup 107M->107M(128M) 0,056ms
[2021-04-30T09:23:01.147+0300][11,996s][info][gc] GC(123) Concurrent evacuation 0,344ms
[2021-04-30T09:23:01.147+0300][11,996s][info][gc] GC(123) Pause Init Update Refs 0,011ms
[2021-04-30T09:23:01.156+0300][12,006s][info][gc] GC(123) Concurrent update references 8,960ms
[2021-04-30T09:23:01.156+0300][12,006s][info][gc] GC(123) Pause Final Update Refs 0,114ms
[2021-04-30T09:23:01.157+0300][12,006s][info][gc] GC(123) Concurrent cleanup 108M->91M(128M) 0,213ms
[2021-04-30T09:23:01.196+0300][12,046s][info][gc] Trigger: Average GC time (25,87 ms) is above the time for allocation rate (285 MB/s) to deplete free headroom (7387K)
[2021-04-30T09:23:01.196+0300][12,046s][info][gc] GC(124) Concurrent reset 0,122ms
[2021-04-30T09:23:01.197+0300][12,046s][info][gc] GC(124) Pause Init Mark 0,227ms
[2021-04-30T09:23:01.209+0300][12,059s][info][gc] GC(124) Concurrent marking 12,340ms
[2021-04-30T09:23:01.210+0300][12,059s][info][gc] GC(124) Pause Final Mark 0,326ms
[2021-04-30T09:23:01.210+0300][12,059s][info][gc] GC(124) Concurrent cleanup 109M->109M(128M) 0,040ms
[2021-04-30T09:23:01.210+0300][12,059s][info][gc] GC(124) Concurrent evacuation 0,164ms
[2021-04-30T09:23:01.210+0300][12,059s][info][gc] GC(124) Pause Init Update Refs 0,003ms
[2021-04-30T09:23:01.218+0300][12,067s][info][gc] GC(124) Concurrent update references 7,521ms
[2021-04-30T09:23:01.218+0300][12,067s][info][gc] GC(124) Pause Final Update Refs 0,108ms
[2021-04-30T09:23:01.218+0300][12,067s][info][gc] GC(124) Concurrent cleanup 114M->95M(128M) 0,044ms
[2021-04-30T09:23:01.234+0300][12,084s][info][gc] Trigger: Average GC time (24,94 ms) is above the time for allocation rate (421 MB/s) to deplete free headroom (9818K)
[2021-04-30T09:23:01.234+0300][12,084s][info][gc] GC(125) Concurrent reset 0,174ms
[2021-04-30T09:23:01.235+0300][12,084s][info][gc] GC(125) Pause Init Mark (process weakrefs) 0,191ms
[2021-04-30T09:23:01.247+0300][12,096s][info][gc] GC(125) Concurrent marking (process weakrefs) 11,655ms
[2021-04-30T09:23:01.247+0300][12,096s][info][gc] GC(125) Concurrent precleaning 0,132ms
[2021-04-30T09:23:01.247+0300][12,097s][info][gc] GC(125) Pause Final Mark (process weakrefs) 0,387ms
[2021-04-30T09:23:01.247+0300][12,097s][info][gc] GC(125) Concurrent cleanup 107M->107M(128M) 0,039ms
[2021-04-30T09:23:01.248+0300][12,097s][info][gc] GC(125) Concurrent evacuation 0,192ms
[2021-04-30T09:23:01.248+0300][12,097s][info][gc] GC(125) Pause Init Update Refs 0,004ms
[2021-04-30T09:23:01.254+0300][12,104s][info][gc] GC(125) Concurrent update references 6,559ms
[2021-04-30T09:23:01.255+0300][12,104s][info][gc] GC(125) Pause Final Update Refs 0,085ms
[2021-04-30T09:23:01.255+0300][12,104s][info][gc] GC(125) Concurrent cleanup 111M->95M(128M) 0,055ms
[2021-04-30T09:23:01.270+0300][12,119s][info][gc] Trigger: Average GC time (23,35 ms) is above the time for allocation rate (433 MB/s) to deplete free headroom (9818K)
[2021-04-30T09:23:01.270+0300][12,120s][info][gc] GC(126) Concurrent reset 0,200ms
[2021-04-30T09:23:01.271+0300][12,120s][info][gc] GC(126) Pause Init Mark 0,197ms
[2021-04-30T09:23:01.282+0300][12,131s][info][gc] GC(126) Concurrent marking 11,076ms
[2021-04-30T09:23:01.282+0300][12,132s][info][gc] GC(126) Pause Final Mark 0,332ms
[2021-04-30T09:23:01.282+0300][12,132s][info][gc] GC(126) Concurrent cleanup 106M->106M(128M) 0,039ms
[2021-04-30T09:23:01.283+0300][12,132s][info][gc] GC(126) Concurrent evacuation 0,148ms
[2021-04-30T09:23:01.283+0300][12,132s][info][gc] GC(126) Pause Init Update Refs 0,003ms
[2021-04-30T09:23:01.289+0300][12,139s][info][gc] GC(126) Concurrent update references 6,500ms
[2021-04-30T09:23:01.289+0300][12,139s][info][gc] GC(126) Pause Final Update Refs 0,073ms
[2021-04-30T09:23:01.290+0300][12,139s][info][gc] GC(126) Concurrent cleanup 110M->94M(128M) 0,044ms
[2021-04-30T09:23:01.308+0300][12,157s][info][gc] Trigger: Average GC time (22,53 ms) is above the time for allocation rate (415 MB/s) to deplete free headroom (9306K)
[2021-04-30T09:23:01.308+0300][12,158s][info][gc] GC(127) Concurrent reset 0,176ms
[2021-04-30T09:23:01.309+0300][12,158s][info][gc] GC(127) Pause Init Mark 0,207ms
[2021-04-30T09:23:01.324+0300][12,174s][info][gc] GC(127) Concurrent marking 15,649ms
[2021-04-30T09:23:01.325+0300][12,174s][info][gc] GC(127) Pause Final Mark 0,513ms
[2021-04-30T09:23:01.325+0300][12,175s][info][gc] GC(127) Concurrent cleanup 108M->108M(128M) 0,047ms
[2021-04-30T09:23:01.325+0300][12,175s][info][gc] GC(127) Concurrent evacuation 0,188ms
[2021-04-30T09:23:01.325+0300][12,175s][info][gc] GC(127) Pause Init Update Refs 0,006ms
[2021-04-30T09:23:01.334+0300][12,183s][info][gc] GC(127) Concurrent update references 8,338ms
[2021-04-30T09:23:01.334+0300][12,184s][info][gc] GC(127) Pause Final Update Refs 0,053ms
[2021-04-30T09:23:01.334+0300][12,184s][info][gc] GC(127) Concurrent cleanup 111M->95M(128M) 0,042ms
[2021-04-30T09:23:01.352+0300][12,201s][info][gc] Trigger: Average GC time (22,96 ms) is above the time for allocation rate (385 MB/s) to deplete free headroom (8026K)
[2021-04-30T09:23:01.352+0300][12,201s][info][gc] GC(128) Concurrent reset 0,170ms
[2021-04-30T09:23:01.352+0300][12,202s][info][gc] GC(128) Pause Init Mark 0,242ms
[2021-04-30T09:23:01.364+0300][12,213s][info][gc] GC(128) Concurrent marking 11,424ms
[2021-04-30T09:23:01.364+0300][12,214s][info][gc] GC(128) Pause Final Mark 0,306ms
[2021-04-30T09:23:01.364+0300][12,214s][info][gc] GC(128) Concurrent cleanup 108M->108M(128M) 0,039ms
[2021-04-30T09:23:01.365+0300][12,214s][info][gc] GC(128) Concurrent evacuation 0,192ms
[2021-04-30T09:23:01.365+0300][12,214s][info][gc] GC(128) Pause Init Update Refs 0,005ms
[2021-04-30T09:23:01.373+0300][12,223s][info][gc] GC(128) Concurrent update references 8,137ms
[2021-04-30T09:23:01.373+0300][12,223s][info][gc] GC(128) Pause Final Update Refs 0,095ms
[2021-04-30T09:23:01.374+0300][12,223s][info][gc] GC(128) Concurrent cleanup 112M->95M(128M) 0,041ms
[2021-04-30T09:23:01.390+0300][12,239s][info][gc] Trigger: Average GC time (22,04 ms) is above the time for allocation rate (411 MB/s) to deplete free headroom (8665K)
[2021-04-30T09:23:01.390+0300][12,239s][info][gc] GC(129) Concurrent reset 0,131ms
[2021-04-30T09:23:01.390+0300][12,240s][info][gc] GC(129) Pause Init Mark 0,227ms
[2021-04-30T09:23:01.401+0300][12,251s][info][gc] GC(129) Concurrent marking 10,737ms
[2021-04-30T09:23:01.402+0300][12,251s][info][gc] GC(129) Pause Final Mark 0,398ms
[2021-04-30T09:23:01.402+0300][12,251s][info][gc] GC(129) Concurrent cleanup 108M->108M(128M) 0,038ms
[2021-04-30T09:23:01.402+0300][12,252s][info][gc] GC(129) Concurrent evacuation 0,183ms
[2021-04-30T09:23:01.402+0300][12,252s][info][gc] GC(129) Pause Init Update Refs 0,005ms
[2021-04-30T09:23:01.410+0300][12,259s][info][gc] GC(129) Concurrent update references 7,188ms
[2021-04-30T09:23:01.410+0300][12,259s][info][gc] GC(129) Pause Final Update Refs 0,175ms
[2021-04-30T09:23:01.410+0300][12,260s][info][gc] GC(129) Concurrent cleanup 110M->94M(128M) 0,055ms
[2021-04-30T09:23:01.431+0300][12,280s][info][gc] Trigger: Average GC time (21,76 ms) is above the time for allocation rate (386 MB/s) to deplete free headroom (8409K)
[2021-04-30T09:23:01.431+0300][12,281s][info][gc] GC(130) Concurrent reset 0,593ms
[2021-04-30T09:23:01.432+0300][12,281s][info][gc] GC(130) Pause Init Mark (process weakrefs) 0,333ms
[2021-04-30T09:23:01.446+0300][12,296s][info][gc] GC(130) Concurrent marking (process weakrefs) 14,233ms
[2021-04-30T09:23:01.446+0300][12,296s][info][gc] GC(130) Concurrent precleaning 0,077ms
[2021-04-30T09:23:01.447+0300][12,297s][info][gc] GC(130) Pause Final Mark (process weakrefs) 0,539ms
[2021-04-30T09:23:01.447+0300][12,297s][info][gc] GC(130) Concurrent cleanup 108M->108M(128M) 0,041ms
[2021-04-30T09:23:01.448+0300][12,297s][info][gc] GC(130) Concurrent evacuation 0,464ms
[2021-04-30T09:23:01.448+0300][12,297s][info][gc] GC(130) Pause Init Update Refs 0,005ms
[2021-04-30T09:23:01.458+0300][12,308s][info][gc] GC(130) Concurrent update references 10,233ms
[2021-04-30T09:23:01.459+0300][12,308s][info][gc] GC(130) Pause Final Update Refs 0,308ms
[2021-04-30T09:23:01.459+0300][12,308s][info][gc] GC(130) Concurrent cleanup 111M->95M(128M) 0,053ms
[2021-04-30T09:23:01.482+0300][12,332s][info][gc] Trigger: Average GC time (23,24 ms) is above the time for allocation rate (334 MB/s) to deplete free headroom (7131K)
[2021-04-30T09:23:01.483+0300][12,332s][info][gc] GC(131) Concurrent reset 0,156ms
[2021-04-30T09:23:01.483+0300][12,332s][info][gc] GC(131) Pause Init Mark 0,230ms
[2021-04-30T09:23:01.501+0300][12,351s][info][gc] GC(131) Concurrent marking 18,066ms
[2021-04-30T09:23:01.502+0300][12,351s][info][gc] GC(131) Pause Final Mark 0,425ms
[2021-04-30T09:23:01.502+0300][12,351s][info][gc] GC(131) Concurrent cleanup 109M->109M(128M) 0,040ms
[2021-04-30T09:23:01.502+0300][12,351s][info][gc] GC(131) Concurrent evacuation 0,206ms
[2021-04-30T09:23:01.502+0300][12,352s][info][gc] GC(131) Pause Init Update Refs 0,006ms
[2021-04-30T09:23:01.514+0300][12,363s][info][gc] GC(131) Concurrent update references 11,370ms
[2021-04-30T09:23:01.514+0300][12,363s][info][gc] GC(131) Pause Final Update Refs 0,084ms
[2021-04-30T09:23:01.514+0300][12,363s][info][gc] GC(131) Concurrent cleanup 113M->96M(128M) 0,046ms
[2021-04-30T09:23:01.545+0300][12,395s][info][gc] Trigger: Average GC time (25,65 ms) is above the time for allocation rate (275 MB/s) to deplete free headroom (6619K)
[2021-04-30T09:23:01.545+0300][12,395s][info][gc] GC(132) Concurrent reset 0,131ms
[2021-04-30T09:23:01.546+0300][12,395s][info][gc] GC(132) Pause Init Mark 0,228ms
[2021-04-30T09:23:01.565+0300][12,414s][info][gc] GC(132) Concurrent marking 19,059ms
[2021-04-30T09:23:01.565+0300][12,415s][info][gc] GC(132) Pause Final Mark 0,467ms
[2021-04-30T09:23:01.565+0300][12,415s][info][gc] GC(132) Concurrent cleanup 110M->110M(128M) 0,043ms
[2021-04-30T09:23:01.566+0300][12,415s][info][gc] GC(132) Concurrent evacuation 0,224ms
[2021-04-30T09:23:01.566+0300][12,415s][info][gc] GC(132) Pause Init Update Refs 0,005ms
[2021-04-30T09:23:01.576+0300][12,425s][info][gc] GC(132) Concurrent update references 9,973ms
[2021-04-30T09:23:01.576+0300][12,426s][info][gc] GC(132) Pause Final Update Refs 0,107ms
[2021-04-30T09:23:01.576+0300][12,426s][info][gc] GC(132) Concurrent cleanup 114M->97M(128M) 0,046ms
[2021-04-30T09:23:02.143+0300][12,992s][info][gc] Trigger: Free (12917K) is below minimum threshold (13107K)
[2021-04-30T09:23:02.143+0300][12,992s][info][gc] GC(133) Concurrent reset 0,275ms
[2021-04-30T09:23:02.144+0300][12,993s][info][gc] GC(133) Pause Init Mark 0,453ms
[2021-04-30T09:23:02.155+0300][13,005s][info][gc] GC(133) Concurrent marking 11,397ms
[2021-04-30T09:23:02.156+0300][13,005s][info][gc] GC(133) Pause Final Mark 0,455ms
[2021-04-30T09:23:02.156+0300][13,006s][info][gc] GC(133) Concurrent cleanup 110M->110M(128M) 0,048ms
[2021-04-30T09:23:02.158+0300][13,007s][info][gc] GC(133) Concurrent evacuation 1,684ms
[2021-04-30T09:23:02.158+0300][13,008s][info][gc] GC(133) Pause Init Update Refs 0,007ms
[2021-04-30T09:23:02.167+0300][13,016s][info][gc] GC(133) Concurrent update references 8,478ms
[2021-04-30T09:23:02.167+0300][13,016s][info][gc] GC(133) Pause Final Update Refs 0,071ms
[2021-04-30T09:23:02.167+0300][13,017s][info][gc] GC(133) Concurrent cleanup 118M->90M(128M) 0,049ms
[2021-04-30T09:23:02.189+0300][13,038s][info][gc] Trigger: Average GC time (27,14 ms) is above the time for allocation rate (400 MB/s) to deplete free headroom (10971K)
[2021-04-30T09:23:02.189+0300][13,039s][info][gc] GC(134) Concurrent reset 0,175ms
[2021-04-30T09:23:02.190+0300][13,039s][info][gc] GC(134) Pause Init Mark 0,188ms
[2021-04-30T09:23:02.199+0300][13,048s][info][gc] GC(134) Concurrent marking 9,115ms
[2021-04-30T09:23:02.199+0300][13,049s][info][gc] GC(134) Pause Final Mark 0,343ms
[2021-04-30T09:23:02.199+0300][13,049s][info][gc] GC(134) Concurrent cleanup 106M->106M(128M) 0,037ms
[2021-04-30T09:23:02.201+0300][13,051s][info][gc] GC(134) Concurrent evacuation 1,597ms
[2021-04-30T09:23:02.201+0300][13,051s][info][gc] GC(134) Pause Init Update Refs 0,021ms
[2021-04-30T09:23:02.208+0300][13,057s][info][gc] GC(134) Concurrent update references 6,203ms
[2021-04-30T09:23:02.208+0300][13,057s][info][gc] GC(134) Pause Final Update Refs 0,076ms
[2021-04-30T09:23:02.208+0300][13,058s][info][gc] GC(134) Concurrent cleanup 113M->84M(128M) 0,053ms
[2021-04-30T09:23:02.237+0300][13,087s][info][gc] Trigger: Average GC time (26,92 ms) is above the time for allocation rate (454 MB/s) to deplete free headroom (12251K)
[2021-04-30T09:23:02.238+0300][13,087s][info][gc] GC(135) Concurrent reset 0,270ms
[2021-04-30T09:23:02.238+0300][13,088s][info][gc] GC(135) Pause Init Mark (process weakrefs) 0,252ms
[2021-04-30T09:23:02.247+0300][13,097s][info][gc] GC(135) Concurrent marking (process weakrefs) 8,904ms
[2021-04-30T09:23:02.248+0300][13,097s][info][gc] GC(135) Concurrent precleaning 0,182ms
[2021-04-30T09:23:02.248+0300][13,098s][info][gc] GC(135) Pause Final Mark (process weakrefs) 0,538ms
[2021-04-30T09:23:02.248+0300][13,098s][info][gc] GC(135) Concurrent cleanup 105M->105M(128M) 0,038ms
[2021-04-30T09:23:02.250+0300][13,100s][info][gc] GC(135) Concurrent evacuation 1,614ms
[2021-04-30T09:23:02.250+0300][13,100s][info][gc] GC(135) Pause Init Update Refs 0,023ms
[2021-04-30T09:23:02.257+0300][13,106s][info][gc] GC(135) Concurrent update references 6,174ms
[2021-04-30T09:23:02.257+0300][13,106s][info][gc] GC(135) Pause Final Update Refs 0,167ms
[2021-04-30T09:23:02.257+0300][13,107s][info][gc] GC(135) Concurrent cleanup 112M->80M(128M) 0,055ms
[2021-04-30T09:23:02.291+0300][13,140s][info][gc] Trigger: Average GC time (25,26 ms) is above the time for allocation rate (487 MB/s) to deplete free headroom (12251K)
[2021-04-30T09:23:02.291+0300][13,140s][info][gc] GC(136) Concurrent reset 0,154ms
[2021-04-30T09:23:02.291+0300][13,141s][info][gc] GC(136) Pause Init Mark 0,165ms
[2021-04-30T09:23:02.300+0300][13,149s][info][gc] GC(136) Concurrent marking 8,528ms
[2021-04-30T09:23:02.300+0300][13,150s][info][gc] GC(136) Pause Final Mark 0,337ms
[2021-04-30T09:23:02.301+0300][13,150s][info][gc] GC(136) Concurrent cleanup 105M->105M(128M) 0,038ms
[2021-04-30T09:23:02.302+0300][13,152s][info][gc] GC(136) Concurrent evacuation 1,620ms
[2021-04-30T09:23:02.302+0300][13,152s][info][gc] GC(136) Pause Init Update Refs 0,020ms
[2021-04-30T09:23:02.308+0300][13,158s][info][gc] GC(136) Concurrent update references 5,670ms
[2021-04-30T09:23:02.309+0300][13,158s][info][gc] GC(136) Pause Final Update Refs 0,098ms
[2021-04-30T09:23:02.309+0300][13,158s][info][gc] GC(136) Concurrent cleanup 112M->76M(128M) 0,049ms
[2021-04-30T09:23:02.351+0300][13,200s][info][gc] Trigger: Average GC time (22,52 ms) is above the time for allocation rate (525 MB/s) to deplete free headroom (11483K)
[2021-04-30T09:23:02.351+0300][13,200s][info][gc] GC(137) Concurrent reset 0,112ms
[2021-04-30T09:23:02.352+0300][13,201s][info][gc] GC(137) Pause Init Mark 0,285ms
[2021-04-30T09:23:02.361+0300][13,210s][info][gc] GC(137) Concurrent marking 8,971ms
[2021-04-30T09:23:02.361+0300][13,211s][info][gc] GC(137) Pause Final Mark 0,358ms
[2021-04-30T09:23:02.361+0300][13,211s][info][gc] GC(137) Concurrent cleanup 105M->105M(128M) 0,039ms
[2021-04-30T09:23:02.363+0300][13,212s][info][gc] GC(137) Concurrent evacuation 1,582ms
[2021-04-30T09:23:02.363+0300][13,212s][info][gc] GC(137) Pause Init Update Refs 0,006ms
[2021-04-30T09:23:02.369+0300][13,218s][info][gc] GC(137) Concurrent update references 5,596ms
[2021-04-30T09:23:02.369+0300][13,218s][info][gc] GC(137) Pause Final Update Refs 0,156ms
[2021-04-30T09:23:02.369+0300][13,219s][info][gc] GC(137) Concurrent cleanup 113M->72M(128M) 0,067ms
[2021-04-30T09:23:02.418+0300][13,268s][info][gc] Trigger: Average GC time (19,91 ms) is above the time for allocation rate (546 MB/s) to deplete free headroom (10336K)
[2021-04-30T09:23:02.419+0300][13,268s][info][gc] GC(138) Concurrent reset 0,178ms
[2021-04-30T09:23:02.419+0300][13,269s][info][gc] GC(138) Pause Init Mark 0,211ms
[2021-04-30T09:23:02.433+0300][13,283s][info][gc] GC(138) Concurrent marking 13,917ms
[2021-04-30T09:23:02.434+0300][13,283s][info][gc] GC(138) Pause Final Mark 0,373ms
[2021-04-30T09:23:02.434+0300][13,283s][info][gc] GC(138) Concurrent cleanup 106M->107M(128M) 0,039ms
[2021-04-30T09:23:02.436+0300][13,285s][info][gc] GC(138) Concurrent evacuation 1,868ms
[2021-04-30T09:23:02.436+0300][13,286s][info][gc] GC(138) Pause Init Update Refs 0,009ms
[2021-04-30T09:23:02.445+0300][13,294s][info][gc] GC(138) Concurrent update references 8,409ms
[2021-04-30T09:23:02.445+0300][13,294s][info][gc] GC(138) Pause Final Update Refs 0,074ms
[2021-04-30T09:23:02.445+0300][13,294s][info][gc] GC(138) Concurrent cleanup 118M->71M(128M) 0,052ms
[2021-04-30T09:23:02.506+0300][13,356s][info][gc] Trigger: Average GC time (20,32 ms) is above the time for allocation rate (477 MB/s) to deplete free headroom (9572K)
[2021-04-30T09:23:02.506+0300][13,356s][info][gc] GC(139) Concurrent reset 0,136ms
[2021-04-30T09:23:02.507+0300][13,356s][info][gc] GC(139) Pause Init Mark 0,246ms
[2021-04-30T09:23:02.521+0300][13,370s][info][gc] GC(139) Concurrent marking 13,768ms
[2021-04-30T09:23:02.521+0300][13,371s][info][gc] GC(139) Pause Final Mark 0,376ms
[2021-04-30T09:23:02.521+0300][13,371s][info][gc] GC(139) Concurrent cleanup 107M->107M(128M) 0,043ms
[2021-04-30T09:23:02.523+0300][13,372s][info][gc] GC(139) Concurrent evacuation 1,309ms
[2021-04-30T09:23:02.523+0300][13,372s][info][gc] GC(139) Pause Init Update Refs 0,004ms
[2021-04-30T09:23:02.529+0300][13,379s][info][gc] GC(139) Concurrent update references 6,372ms
[2021-04-30T09:23:02.529+0300][13,379s][info][gc] GC(139) Pause Final Update Refs 0,082ms
[2021-04-30T09:23:02.530+0300][13,379s][info][gc] GC(139) Concurrent cleanup 114M->68M(128M) 0,055ms
[2021-04-30T09:23:02.588+0300][13,437s][info][gc] Trigger: Average GC time (21,16 ms) is above the time for allocation rate (508 MB/s) to deplete free headroom (10854K)
[2021-04-30T09:23:02.588+0300][13,437s][info][gc] GC(140) Concurrent reset 0,186ms
[2021-04-30T09:23:02.588+0300][13,438s][info][gc] GC(140) Pause Init Mark (process weakrefs) 0,230ms
[2021-04-30T09:23:02.601+0300][13,450s][info][gc] GC(140) Concurrent marking (process weakrefs) 12,440ms
[2021-04-30T09:23:02.601+0300][13,450s][info][gc] GC(140) Concurrent precleaning 0,052ms
[2021-04-30T09:23:02.601+0300][13,451s][info][gc] GC(140) Pause Final Mark (process weakrefs) 0,290ms
[2021-04-30T09:23:02.601+0300][13,451s][info][gc] GC(140) Concurrent cleanup 106M->106M(128M) 0,041ms
[2021-04-30T09:23:02.602+0300][13,451s][info][gc] GC(140) Concurrent evacuation 0,439ms
[2021-04-30T09:23:02.602+0300][13,451s][info][gc] GC(140) Pause Init Update Refs 0,003ms
[2021-04-30T09:23:02.608+0300][13,458s][info][gc] GC(140) Concurrent update references 6,246ms
[2021-04-30T09:23:02.609+0300][13,458s][info][gc] GC(140) Pause Final Update Refs 0,104ms
[2021-04-30T09:23:02.609+0300][13,458s][info][gc] GC(140) Concurrent cleanup 110M->68M(128M) 0,049ms
[2021-04-30T09:23:02.669+0300][13,519s][info][gc] Trigger: Average GC time (21,38 ms) is above the time for allocation rate (507 MB/s) to deplete free headroom (10854K)
[2021-04-30T09:23:02.669+0300][13,519s][info][gc] GC(141) Concurrent reset 0,204ms
[2021-04-30T09:23:02.670+0300][13,519s][info][gc] GC(141) Pause Init Mark 0,249ms
[2021-04-30T09:23:02.680+0300][13,529s][info][gc] GC(141) Concurrent marking 9,980ms
[2021-04-30T09:23:02.680+0300][13,530s][info][gc] GC(141) Pause Final Mark 0,296ms
[2021-04-30T09:23:02.680+0300][13,530s][info][gc] GC(141) Concurrent cleanup 106M->106M(128M) 0,038ms
[2021-04-30T09:23:02.681+0300][13,530s][info][gc] GC(141) Concurrent evacuation 0,355ms
[2021-04-30T09:23:02.681+0300][13,530s][info][gc] GC(141) Pause Init Update Refs 0,005ms
[2021-04-30T09:23:02.687+0300][13,536s][info][gc] GC(141) Concurrent update references 5,844ms
[2021-04-30T09:23:02.687+0300][13,537s][info][gc] GC(141) Pause Final Update Refs 0,183ms
[2021-04-30T09:23:02.688+0300][13,537s][info][gc] GC(141) Concurrent cleanup 108M->67M(128M) 0,125ms
[2021-04-30T09:23:02.748+0300][13,597s][info][gc] Trigger: Average GC time (21,51 ms) is above the time for allocation rate (513 MB/s) to deplete free headroom (11110K)
[2021-04-30T09:23:02.748+0300][13,597s][info][gc] GC(142) Concurrent reset 0,133ms
[2021-04-30T09:23:02.748+0300][13,598s][info][gc] GC(142) Pause Init Mark 0,185ms
[2021-04-30T09:23:02.757+0300][13,606s][info][gc] GC(142) Concurrent marking 8,547ms
[2021-04-30T09:23:02.757+0300][13,607s][info][gc] GC(142) Pause Final Mark 0,402ms
[2021-04-30T09:23:02.757+0300][13,607s][info][gc] GC(142) Concurrent cleanup 105M->105M(128M) 0,037ms
[2021-04-30T09:23:02.758+0300][13,607s][info][gc] GC(142) Concurrent evacuation 0,373ms
[2021-04-30T09:23:02.758+0300][13,607s][info][gc] GC(142) Pause Init Update Refs 0,004ms
[2021-04-30T09:23:02.763+0300][13,613s][info][gc] GC(142) Concurrent update references 5,264ms
[2021-04-30T09:23:02.763+0300][13,613s][info][gc] GC(142) Pause Final Update Refs 0,077ms
[2021-04-30T09:23:02.764+0300][13,613s][info][gc] GC(142) Concurrent cleanup 108M->68M(128M) 0,049ms
[2021-04-30T09:23:02.813+0300][13,663s][info][gc] Trigger: Average GC time (21,05 ms) is above the time for allocation rate (584 MB/s) to deplete free headroom (12390K)
[2021-04-30T09:23:02.813+0300][13,663s][info][gc] GC(143) Concurrent reset 0,231ms
[2021-04-30T09:23:02.814+0300][13,663s][info][gc] GC(143) Pause Init Mark 0,181ms
[2021-04-30T09:23:02.827+0300][13,676s][info][gc] GC(143) Concurrent marking 12,470ms
[2021-04-30T09:23:02.827+0300][13,677s][info][gc] GC(143) Pause Final Mark 0,465ms
[2021-04-30T09:23:02.827+0300][13,677s][info][gc] GC(143) Concurrent cleanup 105M->105M(128M) 0,037ms
[2021-04-30T09:23:02.828+0300][13,677s][info][gc] GC(143) Concurrent evacuation 0,357ms
[2021-04-30T09:23:02.828+0300][13,677s][info][gc] GC(143) Pause Init Update Refs 0,005ms
[2021-04-30T09:23:02.833+0300][13,683s][info][gc] GC(143) Concurrent update references 5,252ms
[2021-04-30T09:23:02.834+0300][13,683s][info][gc] GC(143) Pause Final Update Refs 0,165ms
[2021-04-30T09:23:02.834+0300][13,683s][info][gc] GC(143) Concurrent cleanup 109M->70M(128M) 0,047ms
[2021-04-30T09:23:02.884+0300][13,733s][info][gc] Trigger: Average GC time (19,85 ms) is above the time for allocation rate (559 MB/s) to deplete free headroom (10854K)
[2021-04-30T09:23:02.884+0300][13,733s][info][gc] GC(144) Concurrent reset 0,215ms
[2021-04-30T09:23:02.884+0300][13,734s][info][gc] GC(144) Pause Init Mark 0,210ms
[2021-04-30T09:23:02.897+0300][13,747s][info][gc] GC(144) Concurrent marking 12,728ms
[2021-04-30T09:23:02.898+0300][13,747s][info][gc] GC(144) Pause Final Mark 0,377ms
[2021-04-30T09:23:02.898+0300][13,747s][info][gc] GC(144) Concurrent cleanup 106M->106M(128M) 0,037ms
[2021-04-30T09:23:02.898+0300][13,748s][info][gc] GC(144) Concurrent evacuation 0,442ms
[2021-04-30T09:23:02.898+0300][13,748s][info][gc] GC(144) Pause Init Update Refs 0,005ms
[2021-04-30T09:23:02.904+0300][13,753s][info][gc] GC(144) Concurrent update references 5,623ms
[2021-04-30T09:23:02.904+0300][13,754s][info][gc] GC(144) Pause Final Update Refs 0,076ms
[2021-04-30T09:23:02.904+0300][13,754s][info][gc] GC(144) Concurrent cleanup 111M->71M(128M) 0,047ms
[2021-04-30T09:23:02.968+0300][13,817s][info][gc] Trigger: Average GC time (19,32 ms) is above the time for allocation rate (479 MB/s) to deplete free headroom (9062K)
[2021-04-30T09:23:02.968+0300][13,817s][info][gc] GC(145) Concurrent reset 0,182ms
[2021-04-30T09:23:02.968+0300][13,818s][info][gc] GC(145) Pause Init Mark (process weakrefs) 0,278ms
[2021-04-30T09:23:02.979+0300][13,828s][info][gc] GC(145) Concurrent marking (process weakrefs) 10,226ms
[2021-04-30T09:23:02.979+0300][13,828s][info][gc] GC(145) Concurrent precleaning 0,061ms
[2021-04-30T09:23:02.979+0300][13,829s][info][gc] GC(145) Pause Final Mark (process weakrefs) 0,356ms
[2021-04-30T09:23:02.979+0300][13,829s][info][gc] GC(145) Concurrent cleanup 107M->107M(128M) 0,038ms
[2021-04-30T09:23:02.980+0300][13,829s][info][gc] GC(145) Concurrent evacuation 0,369ms
[2021-04-30T09:23:02.980+0300][13,829s][info][gc] GC(145) Pause Init Update Refs 0,004ms
[2021-04-30T09:23:02.986+0300][13,836s][info][gc] GC(145) Concurrent update references 6,425ms
[2021-04-30T09:23:02.986+0300][13,836s][info][gc] GC(145) Pause Final Update Refs 0,099ms
[2021-04-30T09:23:02.987+0300][13,836s][info][gc] GC(145) Concurrent cleanup 111M->70M(128M) 0,054ms
[2021-04-30T09:23:03.043+0300][13,892s][info][gc] Trigger: Average GC time (18,97 ms) is above the time for allocation rate (512 MB/s) to deplete free headroom (9830K)
[2021-04-30T09:23:03.043+0300][13,892s][info][gc] GC(146) Concurrent reset 0,182ms
[2021-04-30T09:23:03.044+0300][13,893s][info][gc] GC(146) Pause Init Mark 0,296ms
[2021-04-30T09:23:03.053+0300][13,902s][info][gc] GC(146) Concurrent marking 8,832ms
[2021-04-30T09:23:03.053+0300][13,903s][info][gc] GC(146) Pause Final Mark 0,677ms
[2021-04-30T09:23:03.053+0300][13,903s][info][gc] GC(146) Concurrent cleanup 107M->107M(128M) 0,038ms
[2021-04-30T09:23:03.054+0300][13,903s][info][gc] GC(146) Concurrent evacuation 0,417ms
[2021-04-30T09:23:03.054+0300][13,903s][info][gc] GC(146) Pause Init Update Refs 0,004ms
[2021-04-30T09:23:03.061+0300][13,910s][info][gc] GC(146) Concurrent update references 6,893ms
[2021-04-30T09:23:03.061+0300][13,911s][info][gc] GC(146) Pause Final Update Refs 0,074ms
[2021-04-30T09:23:03.061+0300][13,911s][info][gc] GC(146) Concurrent cleanup 111M->72M(128M) 0,050ms
[2021-04-30T09:23:03.108+0300][13,958s][info][gc] Trigger: Average GC time (18,95 ms) is above the time for allocation rate (570 MB/s) to deplete free headroom (10342K)
[2021-04-30T09:23:03.108+0300][13,958s][info][gc] GC(147) Concurrent reset 0,201ms
[2021-04-30T09:23:03.109+0300][13,958s][info][gc] GC(147) Pause Init Mark 0,221ms
[2021-04-30T09:23:03.118+0300][13,968s][info][gc] GC(147) Concurrent marking 9,270ms
[2021-04-30T09:23:03.119+0300][13,968s][info][gc] GC(147) Pause Final Mark 0,341ms
[2021-04-30T09:23:03.119+0300][13,968s][info][gc] GC(147) Concurrent cleanup 106M->106M(128M) 0,034ms
[2021-04-30T09:23:03.119+0300][13,968s][info][gc] GC(147) Concurrent evacuation 0,289ms
[2021-04-30T09:23:03.119+0300][13,969s][info][gc] GC(147) Pause Init Update Refs 0,005ms
[2021-04-30T09:23:03.128+0300][13,977s][info][gc] GC(147) Concurrent update references 8,598ms
[2021-04-30T09:23:03.128+0300][13,978s][info][gc] GC(147) Pause Final Update Refs 0,062ms
[2021-04-30T09:23:03.128+0300][13,978s][info][gc] GC(147) Concurrent cleanup 110M->72M(128M) 0,045ms
[2021-04-30T09:23:03.174+0300][14,023s][info][gc] Trigger: Average GC time (19,80 ms) is above the time for allocation rate (556 MB/s) to deplete free headroom (11110K)
[2021-04-30T09:23:03.174+0300][14,023s][info][gc] GC(148) Concurrent reset 0,162ms
[2021-04-30T09:23:03.175+0300][14,024s][info][gc] GC(148) Pause Init Mark 0,246ms
[2021-04-30T09:23:03.184+0300][14,033s][info][gc] GC(148) Concurrent marking 8,967ms
[2021-04-30T09:23:03.184+0300][14,034s][info][gc] GC(148) Pause Final Mark 0,352ms
[2021-04-30T09:23:03.184+0300][14,034s][info][gc] GC(148) Concurrent cleanup 106M->106M(128M) 0,036ms
[2021-04-30T09:23:03.185+0300][14,034s][info][gc] GC(148) Concurrent evacuation 0,350ms
[2021-04-30T09:23:03.185+0300][14,034s][info][gc] GC(148) Pause Init Update Refs 0,021ms
[2021-04-30T09:23:03.190+0300][14,040s][info][gc] GC(148) Concurrent update references 5,404ms
[2021-04-30T09:23:03.191+0300][14,040s][info][gc] GC(148) Pause Final Update Refs 0,093ms
[2021-04-30T09:23:03.191+0300][14,040s][info][gc] GC(148) Concurrent cleanup 110M->73M(128M) 0,044ms
[2021-04-30T09:23:03.237+0300][14,087s][info][gc] Trigger: Average GC time (19,09 ms) is above the time for allocation rate (575 MB/s) to deplete free headroom (10342K)
[2021-04-30T09:23:03.238+0300][14,087s][info][gc] GC(149) Concurrent reset 0,200ms
[2021-04-30T09:23:03.238+0300][14,087s][info][gc] GC(149) Pause Init Mark 0,209ms
[2021-04-30T09:23:03.248+0300][14,098s][info][gc] GC(149) Concurrent marking 10,435ms
[2021-04-30T09:23:03.249+0300][14,098s][info][gc] GC(149) Pause Final Mark 0,383ms
[2021-04-30T09:23:03.249+0300][14,099s][info][gc] GC(149) Concurrent cleanup 106M->106M(128M) 0,045ms
[2021-04-30T09:23:03.249+0300][14,099s][info][gc] GC(149) Concurrent evacuation 0,382ms
[2021-04-30T09:23:03.250+0300][14,099s][info][gc] GC(149) Pause Init Update Refs 0,004ms
[2021-04-30T09:23:03.256+0300][14,106s][info][gc] GC(149) Concurrent update references 6,728ms
[2021-04-30T09:23:03.257+0300][14,106s][info][gc] GC(149) Pause Final Update Refs 0,181ms
[2021-04-30T09:23:03.257+0300][14,107s][info][gc] GC(149) Concurrent cleanup 109M->72M(128M) 0,051ms
[2021-04-30T09:23:03.312+0300][14,162s][info][gc] Trigger: Average GC time (18,89 ms) is above the time for allocation rate (494 MB/s) to deplete free headroom (9062K)
[2021-04-30T09:23:03.312+0300][14,162s][info][gc] GC(150) Concurrent reset 0,157ms
[2021-04-30T09:23:03.313+0300][14,162s][info][gc] GC(150) Pause Init Mark (process weakrefs) 0,181ms
[2021-04-30T09:23:03.323+0300][14,172s][info][gc] GC(150) Concurrent marking (process weakrefs) 9,934ms
[2021-04-30T09:23:03.323+0300][14,172s][info][gc] GC(150) Concurrent precleaning 0,059ms
[2021-04-30T09:23:03.323+0300][14,173s][info][gc] GC(150) Pause Final Mark (process weakrefs) 0,392ms
[2021-04-30T09:23:03.324+0300][14,173s][info][gc] GC(150) Concurrent cleanup 107M->107M(128M) 0,040ms
[2021-04-30T09:23:03.324+0300][14,173s][info][gc] GC(150) Concurrent evacuation 0,401ms
[2021-04-30T09:23:03.324+0300][14,174s][info][gc] GC(150) Pause Init Update Refs 0,004ms
[2021-04-30T09:23:03.330+0300][14,180s][info][gc] GC(150) Concurrent update references 6,331ms
[2021-04-30T09:23:03.331+0300][14,180s][info][gc] GC(150) Pause Final Update Refs 0,123ms
[2021-04-30T09:23:03.331+0300][14,180s][info][gc] GC(150) Concurrent cleanup 111M->74M(128M) 0,049ms
[2021-04-30T09:23:03.377+0300][14,227s][info][gc] Trigger: Average GC time (18,80 ms) is above the time for allocation rate (549 MB/s) to deplete free headroom (9574K)
[2021-04-30T09:23:03.378+0300][14,227s][info][gc] GC(151) Concurrent reset 0,166ms
[2021-04-30T09:23:03.378+0300][14,228s][info][gc] GC(151) Pause Init Mark 0,385ms
[2021-04-30T09:23:03.387+0300][14,237s][info][gc] GC(151) Concurrent marking 9,010ms
[2021-04-30T09:23:03.388+0300][14,237s][info][gc] GC(151) Pause Final Mark 0,430ms
[2021-04-30T09:23:03.388+0300][14,237s][info][gc] GC(151) Concurrent cleanup 107M->107M(128M) 0,038ms
[2021-04-30T09:23:03.388+0300][14,238s][info][gc] GC(151) Concurrent evacuation 0,396ms
[2021-04-30T09:23:03.389+0300][14,238s][info][gc] GC(151) Pause Init Update Refs 0,021ms
[2021-04-30T09:23:03.394+0300][14,244s][info][gc] GC(151) Concurrent update references 5,602ms
[2021-04-30T09:23:03.395+0300][14,244s][info][gc] GC(151) Pause Final Update Refs 0,095ms
[2021-04-30T09:23:03.395+0300][14,244s][info][gc] GC(151) Concurrent cleanup 112M->76M(128M) 0,047ms
[2021-04-30T09:23:03.442+0300][14,292s][info][gc] Trigger: Average GC time (18,58 ms) is above the time for allocation rate (537 MB/s) to deplete free headroom (10086K)
[2021-04-30T09:23:03.443+0300][14,292s][info][gc] GC(152) Concurrent reset 0,264ms
[2021-04-30T09:23:03.443+0300][14,293s][info][gc] GC(152) Pause Init Mark 0,410ms
[2021-04-30T09:23:03.459+0300][14,308s][info][gc] GC(152) Concurrent marking 15,441ms
[2021-04-30T09:23:03.459+0300][14,309s][info][gc] GC(152) Pause Final Mark 0,297ms
[2021-04-30T09:23:03.459+0300][14,309s][info][gc] GC(152) Concurrent cleanup 107M->107M(128M) 0,037ms
[2021-04-30T09:23:03.460+0300][14,309s][info][gc] GC(152) Concurrent evacuation 0,346ms
[2021-04-30T09:23:03.460+0300][14,309s][info][gc] GC(152) Pause Init Update Refs 0,004ms
[2021-04-30T09:23:03.470+0300][14,320s][info][gc] GC(152) Concurrent update references 10,484ms
[2021-04-30T09:23:03.471+0300][14,320s][info][gc] GC(152) Pause Final Update Refs 0,149ms
[2021-04-30T09:23:03.471+0300][14,320s][info][gc] GC(152) Concurrent cleanup 113M->78M(128M) 0,061ms
[2021-04-30T09:23:03.521+0300][14,371s][info][gc] Trigger: Average GC time (20,24 ms) is above the time for allocation rate (449 MB/s) to deplete free headroom (9062K)
[2021-04-30T09:23:03.521+0300][14,371s][info][gc] GC(153) Concurrent reset 0,150ms
[2021-04-30T09:23:03.522+0300][14,371s][info][gc] GC(153) Pause Init Mark 0,207ms
[2021-04-30T09:23:03.533+0300][14,382s][info][gc] GC(153) Concurrent marking 10,938ms
[2021-04-30T09:23:03.533+0300][14,383s][info][gc] GC(153) Pause Final Mark 0,305ms
[2021-04-30T09:23:03.533+0300][14,383s][info][gc] GC(153) Concurrent cleanup 107M->107M(128M) 0,086ms
[2021-04-30T09:23:03.534+0300][14,384s][info][gc] GC(153) Concurrent evacuation 0,976ms
[2021-04-30T09:23:03.535+0300][14,384s][info][gc] GC(153) Pause Init Update Refs 0,005ms
[2021-04-30T09:23:03.542+0300][14,391s][info][gc] GC(153) Concurrent update references 7,185ms
[2021-04-30T09:23:03.542+0300][14,392s][info][gc] GC(153) Pause Final Update Refs 0,073ms
[2021-04-30T09:23:03.542+0300][14,392s][info][gc] GC(153) Concurrent cleanup 112M->76M(128M) 0,049ms
[2021-04-30T09:23:03.591+0300][14,440s][info][gc] Trigger: Average GC time (21,02 ms) is above the time for allocation rate (485 MB/s) to deplete free headroom (10342K)
[2021-04-30T09:23:03.591+0300][14,441s][info][gc] GC(154) Concurrent reset 0,127ms
[2021-04-30T09:23:03.592+0300][14,441s][info][gc] GC(154) Pause Init Mark 0,181ms
[2021-04-30T09:23:03.601+0300][14,451s][info][gc] GC(154) Concurrent marking 9,851ms
[2021-04-30T09:23:03.602+0300][14,452s][info][gc] GC(154) Pause Final Mark 0,403ms
[2021-04-30T09:23:03.602+0300][14,452s][info][gc] GC(154) Concurrent cleanup 106M->106M(128M) 0,039ms
[2021-04-30T09:23:03.603+0300][14,452s][info][gc] GC(154) Concurrent evacuation 0,263ms
[2021-04-30T09:23:03.603+0300][14,452s][info][gc] GC(154) Pause Init Update Refs 0,021ms
[2021-04-30T09:23:03.609+0300][14,459s][info][gc] GC(154) Concurrent update references 6,267ms
[2021-04-30T09:23:03.609+0300][14,459s][info][gc] GC(154) Pause Final Update Refs 0,080ms
[2021-04-30T09:23:03.610+0300][14,459s][info][gc] GC(154) Concurrent cleanup 109M->75M(128M) 0,049ms
[2021-04-30T09:23:03.660+0300][14,510s][info][gc] Trigger: Average GC time (20,79 ms) is above the time for allocation rate (479 MB/s) to deplete free headroom (9830K)
[2021-04-30T09:23:03.661+0300][14,510s][info][gc] GC(155) Concurrent reset 0,152ms
[2021-04-30T09:23:03.661+0300][14,510s][info][gc] GC(155) Pause Init Mark (process weakrefs) 0,204ms
[2021-04-30T09:23:03.672+0300][14,522s][info][gc] GC(155) Concurrent marking (process weakrefs) 11,265ms
[2021-04-30T09:23:03.672+0300][14,522s][info][gc] GC(155) Concurrent precleaning 0,136ms
[2021-04-30T09:23:03.673+0300][14,522s][info][gc] GC(155) Pause Final Mark (process weakrefs) 0,430ms
[2021-04-30T09:23:03.673+0300][14,522s][info][gc] GC(155) Concurrent cleanup 107M->107M(128M) 0,039ms
[2021-04-30T09:23:03.674+0300][14,523s][info][gc] GC(155) Concurrent evacuation 0,416ms
[2021-04-30T09:23:03.674+0300][14,523s][info][gc] GC(155) Pause Init Update Refs 0,005ms
[2021-04-30T09:23:03.680+0300][14,530s][info][gc] GC(155) Concurrent update references 6,652ms
[2021-04-30T09:23:03.681+0300][14,530s][info][gc] GC(155) Pause Final Update Refs 0,071ms
[2021-04-30T09:23:03.681+0300][14,530s][info][gc] GC(155) Concurrent cleanup 111M->77M(128M) 0,048ms
[2021-04-30T09:23:03.725+0300][14,574s][info][gc] Trigger: Average GC time (21,13 ms) is above the time for allocation rate (501 MB/s) to deplete free headroom (10598K)
[2021-04-30T09:23:03.725+0300][14,575s][info][gc] GC(156) Concurrent reset 0,256ms
[2021-04-30T09:23:03.726+0300][14,575s][info][gc] GC(156) Pause Init Mark 0,385ms
[2021-04-30T09:23:03.736+0300][14,585s][info][gc] GC(156) Concurrent marking 9,967ms
[2021-04-30T09:23:03.737+0300][14,586s][info][gc] GC(156) Pause Final Mark 0,667ms
[2021-04-30T09:23:03.737+0300][14,586s][info][gc] GC(156) Concurrent cleanup 106M->106M(128M) 0,052ms
[2021-04-30T09:23:03.737+0300][14,587s][info][gc] GC(156) Concurrent evacuation 0,342ms
[2021-04-30T09:23:03.738+0300][14,587s][info][gc] GC(156) Pause Init Update Refs 0,021ms
[2021-04-30T09:23:03.744+0300][14,593s][info][gc] GC(156) Concurrent update references 6,326ms
[2021-04-30T09:23:03.744+0300][14,594s][info][gc] GC(156) Pause Final Update Refs 0,199ms
[2021-04-30T09:23:03.745+0300][14,594s][info][gc] GC(156) Concurrent cleanup 108M->76M(128M) 0,061ms
[2021-04-30T09:23:03.784+0300][14,633s][info][gc] Trigger: Average GC time (21,58 ms) is above the time for allocation rate (524 MB/s) to deplete free headroom (11110K)
[2021-04-30T09:23:03.784+0300][14,633s][info][gc] GC(157) Concurrent reset 0,191ms
[2021-04-30T09:23:03.784+0300][14,634s][info][gc] GC(157) Pause Init Mark 0,361ms
[2021-04-30T09:23:03.795+0300][14,645s][info][gc] GC(157) Concurrent marking 10,768ms
[2021-04-30T09:23:03.796+0300][14,646s][info][gc] GC(157) Pause Final Mark 0,675ms
[2021-04-30T09:23:03.796+0300][14,646s][info][gc] GC(157) Concurrent cleanup 106M->106M(128M) 0,035ms
[2021-04-30T09:23:03.797+0300][14,646s][info][gc] GC(157) Concurrent evacuation 0,369ms
[2021-04-30T09:23:03.797+0300][14,646s][info][gc] GC(157) Pause Init Update Refs 0,005ms
[2021-04-30T09:23:03.803+0300][14,652s][info][gc] GC(157) Concurrent update references 6,076ms
[2021-04-30T09:23:03.803+0300][14,653s][info][gc] GC(157) Pause Final Update Refs 0,123ms
[2021-04-30T09:23:03.803+0300][14,653s][info][gc] GC(157) Concurrent cleanup 109M->78M(128M) 0,070ms
[2021-04-30T09:23:03.842+0300][14,692s][info][gc] Trigger: Average GC time (19,86 ms) is above the time for allocation rate (529 MB/s) to deplete free headroom (10598K)
[2021-04-30T09:23:03.843+0300][14,692s][info][gc] GC(158) Concurrent reset 0,302ms
[2021-04-30T09:23:03.843+0300][14,693s][info][gc] GC(158) Pause Init Mark 0,401ms
[2021-04-30T09:23:03.853+0300][14,703s][info][gc] GC(158) Concurrent marking 10,073ms
[2021-04-30T09:23:03.854+0300][14,704s][info][gc] GC(158) Pause Final Mark 0,370ms
[2021-04-30T09:23:03.854+0300][14,704s][info][gc] GC(158) Concurrent cleanup 106M->106M(128M) 0,038ms
[2021-04-30T09:23:03.855+0300][14,704s][info][gc] GC(158) Concurrent evacuation 0,300ms
[2021-04-30T09:23:03.855+0300][14,704s][info][gc] GC(158) Pause Init Update Refs 0,003ms
[2021-04-30T09:23:03.864+0300][14,714s][info][gc] GC(158) Concurrent update references 9,415ms
[2021-04-30T09:23:03.864+0300][14,714s][info][gc] GC(158) Pause Final Update Refs 0,069ms
[2021-04-30T09:23:03.864+0300][14,714s][info][gc] GC(158) Concurrent cleanup 113M->82M(128M) 0,044ms
[2021-04-30T09:23:03.895+0300][14,744s][info][gc] Trigger: Average GC time (20,10 ms) is above the time for allocation rate (570 MB/s) to deplete free headroom (11110K)
[2021-04-30T09:23:03.895+0300][14,744s][info][gc] GC(159) Concurrent reset 0,190ms
[2021-04-30T09:23:03.895+0300][14,745s][info][gc] GC(159) Pause Init Mark 0,317ms
[2021-04-30T09:23:03.905+0300][14,755s][info][gc] GC(159) Concurrent marking 9,654ms
[2021-04-30T09:23:03.906+0300][14,755s][info][gc] GC(159) Pause Final Mark 0,333ms
[2021-04-30T09:23:03.906+0300][14,755s][info][gc] GC(159) Concurrent cleanup 106M->106M(128M) 0,039ms
[2021-04-30T09:23:03.906+0300][14,755s][info][gc] GC(159) Concurrent evacuation 0,349ms
[2021-04-30T09:23:03.906+0300][14,756s][info][gc] GC(159) Pause Init Update Refs 0,004ms
[2021-04-30T09:23:03.912+0300][14,761s][info][gc] GC(159) Concurrent update references 5,782ms
[2021-04-30T09:23:03.912+0300][14,762s][info][gc] GC(159) Pause Final Update Refs 0,064ms
[2021-04-30T09:23:03.912+0300][14,762s][info][gc] GC(159) Concurrent cleanup 109M->78M(128M) 0,044ms
[2021-04-30T09:23:03.961+0300][14,810s][info][gc] Trigger: Average GC time (19,94 ms) is above the time for allocation rate (475 MB/s) to deplete free headroom (9062K)
[2021-04-30T09:23:03.961+0300][14,810s][info][gc] GC(160) Concurrent reset 0,118ms
[2021-04-30T09:23:03.961+0300][14,811s][info][gc] GC(160) Pause Init Mark (process weakrefs) 0,243ms
[2021-04-30T09:23:03.976+0300][14,826s][info][gc] GC(160) Concurrent marking (process weakrefs) 14,081ms
[2021-04-30T09:23:03.976+0300][14,826s][info][gc] GC(160) Concurrent precleaning 0,195ms
[2021-04-30T09:23:03.977+0300][14,827s][info][gc] GC(160) Pause Final Mark (process weakrefs) 0,723ms
[2021-04-30T09:23:03.977+0300][14,827s][info][gc] GC(160) Concurrent cleanup 107M->107M(128M) 0,038ms
[2021-04-30T09:23:03.978+0300][14,827s][info][gc] GC(160) Concurrent evacuation 0,375ms
[2021-04-30T09:23:03.978+0300][14,827s][info][gc] GC(160) Pause Init Update Refs 0,006ms
[2021-04-30T09:23:03.985+0300][14,835s][info][gc] GC(160) Concurrent update references 7,332ms
[2021-04-30T09:23:03.985+0300][14,835s][info][gc] GC(160) Pause Final Update Refs 0,104ms
[2021-04-30T09:23:03.986+0300][14,835s][info][gc] GC(160) Concurrent cleanup 113M->81M(128M) 0,048ms
[2021-04-30T09:23:04.028+0300][14,877s][info][gc] Trigger: Average GC time (20,83 ms) is above the time for allocation rate (463 MB/s) to deplete free headroom (9189K)
[2021-04-30T09:23:04.028+0300][14,877s][info][gc] GC(161) Concurrent reset 0,154ms
[2021-04-30T09:23:04.028+0300][14,878s][info][gc] GC(161) Pause Init Mark 0,227ms
[2021-04-30T09:23:04.038+0300][14,887s][info][gc] GC(161) Concurrent marking 9,595ms
[2021-04-30T09:23:04.039+0300][14,888s][info][gc] GC(161) Pause Final Mark 0,478ms
[2021-04-30T09:23:04.039+0300][14,888s][info][gc] GC(161) Concurrent cleanup 107M->107M(128M) 0,039ms
[2021-04-30T09:23:04.039+0300][14,889s][info][gc] GC(161) Concurrent evacuation 0,324ms
[2021-04-30T09:23:04.039+0300][14,889s][info][gc] GC(161) Pause Init Update Refs 0,004ms
[2021-04-30T09:23:04.045+0300][14,895s][info][gc] GC(161) Concurrent update references 5,872ms
[2021-04-30T09:23:04.045+0300][14,895s][info][gc] GC(161) Pause Final Update Refs 0,091ms
[2021-04-30T09:23:04.046+0300][14,895s][info][gc] GC(161) Concurrent cleanup 111M->80M(128M) 0,056ms
[2021-04-30T09:23:04.083+0300][14,933s][info][gc] Trigger: Average GC time (20,45 ms) is above the time for allocation rate (523 MB/s) to deplete free headroom (10469K)
[2021-04-30T09:23:04.084+0300][14,933s][info][gc] GC(162) Concurrent reset 0,219ms
[2021-04-30T09:23:04.084+0300][14,933s][info][gc] GC(162) Pause Init Mark 0,165ms
[2021-04-30T09:23:04.093+0300][14,943s][info][gc] GC(162) Concurrent marking 9,295ms
[2021-04-30T09:23:04.094+0300][14,943s][info][gc] GC(162) Pause Final Mark 0,372ms
[2021-04-30T09:23:04.094+0300][14,943s][info][gc] GC(162) Concurrent cleanup 106M->106M(128M) 0,036ms
[2021-04-30T09:23:04.094+0300][14,944s][info][gc] GC(162) Concurrent evacuation 0,273ms
[2021-04-30T09:23:04.094+0300][14,944s][info][gc] GC(162) Pause Init Update Refs 0,006ms
[2021-04-30T09:23:04.102+0300][14,952s][info][gc] GC(162) Concurrent update references 7,689ms
[2021-04-30T09:23:04.102+0300][14,952s][info][gc] GC(162) Pause Final Update Refs 0,143ms
[2021-04-30T09:23:04.103+0300][14,952s][info][gc] GC(162) Concurrent cleanup 109M->80M(128M) 0,045ms
[2021-04-30T09:23:04.140+0300][14,989s][info][gc] Trigger: Average GC time (20,31 ms) is above the time for allocation rate (523 MB/s) to deplete free headroom (9701K)
[2021-04-30T09:23:04.140+0300][14,990s][info][gc] GC(163) Concurrent reset 0,200ms
[2021-04-30T09:23:04.141+0300][14,990s][info][gc] GC(163) Pause Init Mark 0,288ms
[2021-04-30T09:23:04.153+0300][15,002s][info][gc] GC(163) Concurrent marking 11,843ms
[2021-04-30T09:23:04.153+0300][15,003s][info][gc] GC(163) Pause Final Mark 0,440ms
[2021-04-30T09:23:04.153+0300][15,003s][info][gc] GC(163) Concurrent cleanup 107M->107M(128M) 0,040ms
[2021-04-30T09:23:04.154+0300][15,003s][info][gc] GC(163) Concurrent evacuation 0,387ms
[2021-04-30T09:23:04.154+0300][15,003s][info][gc] GC(163) Pause Init Update Refs 0,005ms
[2021-04-30T09:23:04.160+0300][15,010s][info][gc] GC(163) Concurrent update references 6,529ms
[2021-04-30T09:23:04.161+0300][15,010s][info][gc] GC(163) Pause Final Update Refs 0,070ms
[2021-04-30T09:23:04.167+0300][15,016s][info][gc] GC(163) Concurrent cleanup 110M->80M(128M) 0,059ms
[2021-04-30T09:23:04.214+0300][15,064s][info][gc] Trigger: Average GC time (21,30 ms) is above the time for allocation rate (403 MB/s) to deplete free headroom (8677K)
[2021-04-30T09:23:04.215+0300][15,064s][info][gc] GC(164) Concurrent reset 0,182ms
[2021-04-30T09:23:04.215+0300][15,064s][info][gc] GC(164) Pause Init Mark 0,166ms
[2021-04-30T09:23:04.226+0300][15,075s][info][gc] GC(164) Concurrent marking 10,812ms
[2021-04-30T09:23:04.227+0300][15,076s][info][gc] GC(164) Pause Final Mark 0,453ms
[2021-04-30T09:23:04.227+0300][15,076s][info][gc] GC(164) Concurrent cleanup 108M->108M(128M) 0,042ms
[2021-04-30T09:23:04.227+0300][15,076s][info][gc] GC(164) Concurrent evacuation 0,358ms
[2021-04-30T09:23:04.227+0300][15,077s][info][gc] GC(164) Pause Init Update Refs 0,005ms
[2021-04-30T09:23:04.235+0300][15,084s][info][gc] GC(164) Concurrent update references 7,314ms
[2021-04-30T09:23:04.235+0300][15,084s][info][gc] GC(164) Pause Final Update Refs 0,145ms
[2021-04-30T09:23:04.235+0300][15,085s][info][gc] GC(164) Concurrent cleanup 112M->82M(128M) 0,064ms
[2021-04-30T09:23:04.271+0300][15,120s][info][gc] Trigger: Average GC time (21,88 ms) is above the time for allocation rate (491 MB/s) to deplete free headroom (10213K)
[2021-04-30T09:23:04.271+0300][15,121s][info][gc] GC(165) Concurrent reset 0,273ms
[2021-04-30T09:23:04.272+0300][15,121s][info][gc] GC(165) Pause Init Mark (process weakrefs) 0,326ms
[2021-04-30T09:23:04.282+0300][15,132s][info][gc] GC(165) Concurrent marking (process weakrefs) 10,524ms
[2021-04-30T09:23:04.283+0300][15,132s][info][gc] GC(165) Concurrent precleaning 0,178ms
[2021-04-30T09:23:04.283+0300][15,133s][info][gc] GC(165) Pause Final Mark (process weakrefs) 0,505ms
[2021-04-30T09:23:04.283+0300][15,133s][info][gc] GC(165) Concurrent cleanup 106M->106M(128M) 0,036ms
[2021-04-30T09:23:04.284+0300][15,133s][info][gc] GC(165) Concurrent evacuation 0,346ms
[2021-04-30T09:23:04.284+0300][15,133s][info][gc] GC(165) Pause Init Update Refs 0,021ms
[2021-04-30T09:23:04.290+0300][15,139s][info][gc] GC(165) Concurrent update references 5,958ms
[2021-04-30T09:23:04.290+0300][15,140s][info][gc] GC(165) Pause Final Update Refs 0,119ms
[2021-04-30T09:23:04.291+0300][15,140s][info][gc] GC(165) Concurrent cleanup 110M->82M(128M) 0,267ms
[2021-04-30T09:23:04.324+0300][15,174s][info][gc] Trigger: Average GC time (20,91 ms) is above the time for allocation rate (507 MB/s) to deplete free headroom (10469K)
[2021-04-30T09:23:04.324+0300][15,174s][info][gc] GC(166) Concurrent reset 0,131ms
[2021-04-30T09:23:04.325+0300][15,174s][info][gc] GC(166) Pause Init Mark 0,242ms
[2021-04-30T09:23:04.335+0300][15,184s][info][gc] GC(166) Concurrent marking 9,908ms
[2021-04-30T09:23:04.335+0300][15,185s][info][gc] GC(166) Pause Final Mark 0,344ms
[2021-04-30T09:23:04.335+0300][15,185s][info][gc] GC(166) Concurrent cleanup 106M->106M(128M) 0,036ms
[2021-04-30T09:23:04.336+0300][15,185s][info][gc] GC(166) Concurrent evacuation 0,248ms
[2021-04-30T09:23:04.336+0300][15,185s][info][gc] GC(166) Pause Init Update Refs 0,005ms
[2021-04-30T09:23:04.342+0300][15,191s][info][gc] GC(166) Concurrent update references 5,885ms
[2021-04-30T09:23:04.342+0300][15,191s][info][gc] GC(166) Pause Final Update Refs 0,085ms
[2021-04-30T09:23:04.342+0300][15,192s][info][gc] GC(166) Concurrent cleanup 110M->82M(128M) 0,047ms
[2021-04-30T09:23:04.376+0300][15,225s][info][gc] Trigger: Average GC time (20,94 ms) is above the time for allocation rate (512 MB/s) to deplete free headroom (10852K)
[2021-04-30T09:23:04.376+0300][15,225s][info][gc] GC(167) Concurrent reset 0,166ms
[2021-04-30T09:23:04.376+0300][15,226s][info][gc] GC(167) Pause Init Mark 0,335ms
[2021-04-30T09:23:04.386+0300][15,235s][info][gc] GC(167) Concurrent marking 9,567ms
[2021-04-30T09:23:04.387+0300][15,236s][info][gc] GC(167) Pause Final Mark 0,564ms
[2021-04-30T09:23:04.387+0300][15,236s][info][gc] GC(167) Concurrent cleanup 106M->106M(128M) 0,038ms
[2021-04-30T09:23:04.387+0300][15,237s][info][gc] GC(167) Concurrent evacuation 0,268ms
[2021-04-30T09:23:04.387+0300][15,237s][info][gc] GC(167) Pause Init Update Refs 0,021ms
[2021-04-30T09:23:04.393+0300][15,243s][info][gc] GC(167) Concurrent update references 5,863ms
[2021-04-30T09:23:04.394+0300][15,243s][info][gc] GC(167) Pause Final Update Refs 0,184ms
[2021-04-30T09:23:04.394+0300][15,243s][info][gc] GC(167) Concurrent cleanup 110M->84M(128M) 0,046ms
[2021-04-30T09:23:04.425+0300][15,275s][info][gc] Trigger: Average GC time (20,77 ms) is above the time for allocation rate (533 MB/s) to deplete free headroom (10340K)
[2021-04-30T09:23:04.425+0300][15,275s][info][gc] GC(168) Concurrent reset 0,128ms
[2021-04-30T09:23:04.426+0300][15,275s][info][gc] GC(168) Pause Init Mark 0,304ms
[2021-04-30T09:23:04.437+0300][15,286s][info][gc] GC(168) Concurrent marking 10,691ms
[2021-04-30T09:23:04.437+0300][15,287s][info][gc] GC(168) Pause Final Mark 0,393ms
[2021-04-30T09:23:04.437+0300][15,287s][info][gc] GC(168) Concurrent cleanup 106M->106M(128M) 0,047ms
[2021-04-30T09:23:04.438+0300][15,287s][info][gc] GC(168) Concurrent evacuation 0,413ms
[2021-04-30T09:23:04.438+0300][15,287s][info][gc] GC(168) Pause Init Update Refs 0,004ms
[2021-04-30T09:23:04.446+0300][15,295s][info][gc] GC(168) Concurrent update references 7,976ms
[2021-04-30T09:23:04.446+0300][15,296s][info][gc] GC(168) Pause Final Update Refs 0,107ms
[2021-04-30T09:23:04.446+0300][15,296s][info][gc] GC(168) Concurrent cleanup 111M->85M(128M) 0,045ms
[2021-04-30T09:23:04.492+0300][15,341s][info][gc] Trigger: Average GC time (19,54 ms) is above the time for allocation rate (422 MB/s) to deplete free headroom (8292K)
[2021-04-30T09:23:04.492+0300][15,341s][info][gc] GC(169) Concurrent reset 0,152ms
[2021-04-30T09:23:04.493+0300][15,342s][info][gc] GC(169) Pause Init Mark 0,590ms
[2021-04-30T09:23:04.507+0300][15,356s][info][gc] GC(169) Concurrent marking 13,577ms
[2021-04-30T09:23:04.507+0300][15,357s][info][gc] GC(169) Pause Final Mark 0,325ms
[2021-04-30T09:23:04.507+0300][15,357s][info][gc] GC(169) Concurrent cleanup 108M->108M(128M) 0,041ms
[2021-04-30T09:23:04.508+0300][15,357s][info][gc] GC(169) Concurrent evacuation 0,329ms
[2021-04-30T09:23:04.508+0300][15,357s][info][gc] GC(169) Pause Init Update Refs 0,004ms
[2021-04-30T09:23:04.516+0300][15,366s][info][gc] GC(169) Concurrent update references 8,363ms
[2021-04-30T09:23:04.517+0300][15,366s][info][gc] GC(169) Pause Final Update Refs 0,118ms
[2021-04-30T09:23:04.517+0300][15,366s][info][gc] GC(169) Concurrent cleanup 113M->85M(128M) 0,046ms
[2021-04-30T09:23:04.551+0300][15,401s][info][gc] Trigger: Average GC time (20,37 ms) is above the time for allocation rate (445 MB/s) to deplete free headroom (9187K)
[2021-04-30T09:23:04.552+0300][15,401s][info][gc] GC(170) Concurrent reset 0,138ms
[2021-04-30T09:23:04.552+0300][15,401s][info][gc] GC(170) Pause Init Mark (process weakrefs) 0,189ms
[2021-04-30T09:23:04.563+0300][15,412s][info][gc] GC(170) Concurrent marking (process weakrefs) 10,742ms
[2021-04-30T09:23:04.563+0300][15,412s][info][gc] GC(170) Concurrent precleaning 0,071ms
[2021-04-30T09:23:04.563+0300][15,413s][info][gc] GC(170) Pause Final Mark (process weakrefs) 0,370ms
[2021-04-30T09:23:04.563+0300][15,413s][info][gc] GC(170) Concurrent cleanup 107M->107M(128M) 0,040ms
[2021-04-30T09:23:04.564+0300][15,413s][info][gc] GC(170) Concurrent evacuation 0,275ms
[2021-04-30T09:23:04.564+0300][15,413s][info][gc] GC(170) Pause Init Update Refs 0,004ms
[2021-04-30T09:23:04.574+0300][15,424s][info][gc] GC(170) Concurrent update references 10,548ms
[2021-04-30T09:23:04.575+0300][15,424s][info][gc] GC(170) Pause Final Update Refs 0,125ms
[2021-04-30T09:23:04.575+0300][15,424s][info][gc] GC(170) Concurrent cleanup 113M->86M(128M) 0,048ms
[2021-04-30T09:23:04.606+0300][15,455s][info][gc] Trigger: Average GC time (21,06 ms) is above the time for allocation rate (474 MB/s) to deplete free headroom (9699K)
[2021-04-30T09:23:04.606+0300][15,455s][info][gc] GC(171) Concurrent reset 0,133ms
[2021-04-30T09:23:04.606+0300][15,456s][info][gc] GC(171) Pause Init Mark 0,222ms
[2021-04-30T09:23:04.619+0300][15,469s][info][gc] GC(171) Concurrent marking 12,698ms
[2021-04-30T09:23:04.620+0300][15,469s][info][gc] GC(171) Pause Final Mark 0,467ms
[2021-04-30T09:23:04.620+0300][15,469s][info][gc] GC(171) Concurrent cleanup 107M->107M(128M) 0,037ms
[2021-04-30T09:23:04.620+0300][15,470s][info][gc] GC(171) Concurrent evacuation 0,321ms
[2021-04-30T09:23:04.620+0300][15,470s][info][gc] GC(171) Pause Init Update Refs 0,005ms
[2021-04-30T09:23:04.632+0300][15,481s][info][gc] GC(171) Concurrent update references 11,528ms
[2021-04-30T09:23:04.632+0300][15,482s][info][gc] GC(171) Pause Final Update Refs 0,136ms
[2021-04-30T09:23:04.632+0300][15,482s][info][gc] GC(171) Concurrent cleanup 114M->88M(128M) 0,046ms
[2021-04-30T09:23:04.664+0300][15,513s][info][gc] Trigger: Average GC time (22,79 ms) is above the time for allocation rate (440 MB/s) to deplete free headroom (9443K)
[2021-04-30T09:23:04.664+0300][15,513s][info][gc] GC(172) Concurrent reset 0,153ms
[2021-04-30T09:23:04.665+0300][15,514s][info][gc] GC(172) Pause Init Mark 0,236ms
[2021-04-30T09:23:04.676+0300][15,526s][info][gc] GC(172) Concurrent marking 11,888ms
[2021-04-30T09:23:04.677+0300][15,527s][info][gc] GC(172) Pause Final Mark 0,554ms
[2021-04-30T09:23:04.677+0300][15,527s][info][gc] GC(172) Concurrent cleanup 107M->107M(128M) 0,040ms
[2021-04-30T09:23:04.678+0300][15,527s][info][gc] GC(172) Concurrent evacuation 0,270ms
[2021-04-30T09:23:04.678+0300][15,527s][info][gc] GC(172) Pause Init Update Refs 0,005ms
[2021-04-30T09:23:04.688+0300][15,537s][info][gc] GC(172) Concurrent update references 9,965ms
[2021-04-30T09:23:04.688+0300][15,538s][info][gc] GC(172) Pause Final Update Refs 0,170ms
[2021-04-30T09:23:04.688+0300][15,538s][info][gc] GC(172) Concurrent cleanup 111M->85M(128M) 0,063ms
[2021-04-30T09:23:04.719+0300][15,568s][info][gc] Trigger: Average GC time (24,06 ms) is above the time for allocation rate (442 MB/s) to deplete free headroom (10338K)
[2021-04-30T09:23:04.719+0300][15,568s][info][gc] GC(173) Concurrent reset 0,125ms
[2021-04-30T09:23:04.719+0300][15,569s][info][gc] GC(173) Pause Init Mark 0,217ms
[2021-04-30T09:23:04.733+0300][15,582s][info][gc] GC(173) Concurrent marking 13,383ms
[2021-04-30T09:23:04.733+0300][15,583s][info][gc] GC(173) Pause Final Mark 0,347ms
[2021-04-30T09:23:04.733+0300][15,583s][info][gc] GC(173) Concurrent cleanup 106M->106M(128M) 0,038ms
[2021-04-30T09:23:04.734+0300][15,583s][info][gc] GC(173) Concurrent evacuation 0,229ms
[2021-04-30T09:23:04.734+0300][15,583s][info][gc] GC(173) Pause Init Update Refs 0,004ms
[2021-04-30T09:23:04.740+0300][15,590s][info][gc] GC(173) Concurrent update references 6,425ms
[2021-04-30T09:23:04.740+0300][15,590s][info][gc] GC(173) Pause Final Update Refs 0,108ms
[2021-04-30T09:23:04.741+0300][15,590s][info][gc] GC(173) Concurrent cleanup 110M->86M(128M) 0,047ms
[2021-04-30T09:23:04.770+0300][15,619s][info][gc] Trigger: Average GC time (24,25 ms) is above the time for allocation rate (466 MB/s) to deplete free headroom (10465K)
[2021-04-30T09:23:04.770+0300][15,619s][info][gc] GC(174) Concurrent reset 0,194ms
[2021-04-30T09:23:04.770+0300][15,620s][info][gc] GC(174) Pause Init Mark 0,182ms
[2021-04-30T09:23:04.780+0300][15,630s][info][gc] GC(174) Concurrent marking 9,804ms
[2021-04-30T09:23:04.781+0300][15,630s][info][gc] GC(174) Pause Final Mark 0,372ms
[2021-04-30T09:23:04.781+0300][15,630s][info][gc] GC(174) Concurrent cleanup 106M->106M(128M) 0,038ms
[2021-04-30T09:23:04.781+0300][15,631s][info][gc] GC(174) Concurrent evacuation 0,306ms
[2021-04-30T09:23:04.781+0300][15,631s][info][gc] GC(174) Pause Init Update Refs 0,003ms
[2021-04-30T09:23:04.787+0300][15,637s][info][gc] GC(174) Concurrent update references 6,095ms
[2021-04-30T09:23:04.788+0300][15,637s][info][gc] GC(174) Pause Final Update Refs 0,099ms
[2021-04-30T09:23:04.788+0300][15,637s][info][gc] GC(174) Concurrent cleanup 110M->86M(128M) 0,055ms
[2021-04-30T09:23:04.814+0300][15,663s][info][gc] Trigger: Average GC time (22,92 ms) is above the time for allocation rate (520 MB/s) to deplete free headroom (10977K)
[2021-04-30T09:23:04.814+0300][15,664s][info][gc] GC(175) Concurrent reset 0,190ms
[2021-04-30T09:23:04.815+0300][15,664s][info][gc] GC(175) Pause Init Mark (process weakrefs) 0,184ms
[2021-04-30T09:23:04.826+0300][15,676s][info][gc] GC(175) Concurrent marking (process weakrefs) 11,626ms
[2021-04-30T09:23:04.827+0300][15,676s][info][gc] GC(175) Concurrent precleaning 0,193ms
[2021-04-30T09:23:04.827+0300][15,677s][info][gc] GC(175) Pause Final Mark (process weakrefs) 0,429ms
[2021-04-30T09:23:04.827+0300][15,677s][info][gc] GC(175) Concurrent cleanup 106M->106M(128M) 0,037ms
[2021-04-30T09:23:04.828+0300][15,677s][info][gc] GC(175) Concurrent evacuation 0,294ms
[2021-04-30T09:23:04.828+0300][15,677s][info][gc] GC(175) Pause Init Update Refs 0,005ms
[2021-04-30T09:23:04.837+0300][15,686s][info][gc] GC(175) Concurrent update references 8,644ms
[2021-04-30T09:23:04.837+0300][15,686s][info][gc] GC(175) Pause Final Update Refs 0,090ms
[2021-04-30T09:23:04.837+0300][15,687s][info][gc] GC(175) Concurrent cleanup 109M->86M(128M) 0,044ms
[2021-04-30T09:23:04.869+0300][15,718s][info][gc] Trigger: Average GC time (22,88 ms) is above the time for allocation rate (431 MB/s) to deplete free headroom (9824K)
[2021-04-30T09:23:04.869+0300][15,718s][info][gc] GC(176) Concurrent reset 0,186ms
[2021-04-30T09:23:04.869+0300][15,719s][info][gc] GC(176) Pause Init Mark 0,229ms
[2021-04-30T09:23:04.882+0300][15,732s][info][gc] GC(176) Concurrent marking 13,003ms
[2021-04-30T09:23:04.883+0300][15,733s][info][gc] GC(176) Pause Final Mark 0,577ms
[2021-04-30T09:23:04.883+0300][15,733s][info][gc] GC(176) Concurrent cleanup 107M->107M(128M) 0,039ms
[2021-04-30T09:23:04.884+0300][15,733s][info][gc] GC(176) Concurrent evacuation 0,413ms
[2021-04-30T09:23:04.884+0300][15,733s][info][gc] GC(176) Pause Init Update Refs 0,004ms
[2021-04-30T09:23:04.891+0300][15,741s][info][gc] GC(176) Concurrent update references 7,472ms
[2021-04-30T09:23:04.892+0300][15,741s][info][gc] GC(176) Pause Final Update Refs 0,070ms
[2021-04-30T09:23:04.892+0300][15,741s][info][gc] GC(176) Concurrent cleanup 112M->89M(128M) 0,047ms
[2021-04-30T09:23:04.921+0300][15,771s][info][gc] Trigger: Average GC time (22,24 ms) is above the time for allocation rate (442 MB/s) to deplete free headroom (9568K)
[2021-04-30T09:23:04.921+0300][15,771s][info][gc] GC(177) Concurrent reset 0,229ms
[2021-04-30T09:23:04.922+0300][15,771s][info][gc] GC(177) Pause Init Mark 0,227ms
[2021-04-30T09:23:04.933+0300][15,782s][info][gc] GC(177) Concurrent marking 11,068ms
[2021-04-30T09:23:04.933+0300][15,783s][info][gc] GC(177) Pause Final Mark 0,470ms
[2021-04-30T09:23:04.934+0300][15,783s][info][gc] GC(177) Concurrent cleanup 107M->107M(128M) 0,036ms
[2021-04-30T09:23:04.934+0300][15,783s][info][gc] GC(177) Concurrent evacuation 0,274ms
[2021-04-30T09:23:04.934+0300][15,783s][info][gc] GC(177) Pause Init Update Refs 0,005ms
[2021-04-30T09:23:04.945+0300][15,794s][info][gc] GC(177) Concurrent update references 10,721ms
[2021-04-30T09:23:04.945+0300][15,794s][info][gc] GC(177) Pause Final Update Refs 0,088ms
[2021-04-30T09:23:04.945+0300][15,795s][info][gc] GC(177) Concurrent cleanup 112M->88M(128M) 0,045ms
[2021-04-30T09:23:04.971+0300][15,821s][info][gc] Trigger: Average GC time (22,11 ms) is above the time for allocation rate (456 MB/s) to deplete free headroom (9568K)
[2021-04-30T09:23:04.971+0300][15,821s][info][gc] GC(178) Concurrent reset 0,189ms
[2021-04-30T09:23:04.972+0300][15,821s][info][gc] GC(178) Pause Init Mark 0,308ms
[2021-04-30T09:23:04.987+0300][15,836s][info][gc] GC(178) Concurrent marking 14,883ms
[2021-04-30T09:23:04.987+0300][15,837s][info][gc] GC(178) Pause Final Mark 0,384ms
[2021-04-30T09:23:04.987+0300][15,837s][info][gc] GC(178) Concurrent cleanup 107M->107M(128M) 0,040ms
[2021-04-30T09:23:04.988+0300][15,837s][info][gc] GC(178) Concurrent evacuation 0,262ms
[2021-04-30T09:23:04.988+0300][15,837s][info][gc] GC(178) Pause Init Update Refs 0,006ms
[2021-04-30T09:23:04.994+0300][15,844s][info][gc] GC(178) Concurrent update references 6,299ms
[2021-04-30T09:23:04.994+0300][15,844s][info][gc] GC(178) Pause Final Update Refs 0,078ms
[2021-04-30T09:23:04.995+0300][15,844s][info][gc] GC(178) Concurrent cleanup 108M->85M(128M) 0,053ms
[2021-04-30T09:23:05.030+0300][15,879s][info][gc] Trigger: Average GC time (22,42 ms) is above the time for allocation rate (402 MB/s) to deplete free headroom (8671K)
[2021-04-30T09:23:05.030+0300][15,879s][info][gc] GC(179) Concurrent reset 0,173ms
[2021-04-30T09:23:05.030+0300][15,880s][info][gc] GC(179) Pause Init Mark 0,212ms
[2021-04-30T09:23:05.041+0300][15,891s][info][gc] GC(179) Concurrent marking 10,880ms
[2021-04-30T09:23:05.042+0300][15,891s][info][gc] GC(179) Pause Final Mark 0,413ms
[2021-04-30T09:23:05.042+0300][15,891s][info][gc] GC(179) Concurrent cleanup 108M->108M(128M) 0,038ms
[2021-04-30T09:23:05.042+0300][15,892s][info][gc] GC(179) Concurrent evacuation 0,223ms
[2021-04-30T09:23:05.042+0300][15,892s][info][gc] GC(179) Pause Init Update Refs 0,021ms
[2021-04-30T09:23:05.049+0300][15,898s][info][gc] GC(179) Concurrent update references 6,132ms
[2021-04-30T09:23:05.049+0300][15,898s][info][gc] GC(179) Pause Final Update Refs 0,076ms
[2021-04-30T09:23:05.049+0300][15,899s][info][gc] GC(179) Concurrent cleanup 113M->89M(128M) 0,046ms
[2021-04-30T09:23:05.074+0300][15,924s][info][gc] Trigger: Average GC time (22,67 ms) is above the time for allocation rate (479 MB/s) to deplete free headroom (10207K)
[2021-04-30T09:23:05.074+0300][15,924s][info][gc] GC(180) Concurrent reset 0,173ms
[2021-04-30T09:23:05.075+0300][15,924s][info][gc] GC(180) Pause Init Mark (process weakrefs) 0,187ms
[2021-04-30T09:23:05.085+0300][15,934s][info][gc] GC(180) Concurrent marking (process weakrefs) 10,292ms
[2021-04-30T09:23:05.085+0300][15,935s][info][gc] GC(180) Concurrent precleaning 0,210ms
[2021-04-30T09:23:05.086+0300][15,935s][info][gc] GC(180) Pause Final Mark (process weakrefs) 0,384ms
[2021-04-30T09:23:05.086+0300][15,935s][info][gc] GC(180) Concurrent cleanup 107M->107M(128M) 0,038ms
[2021-04-30T09:23:05.086+0300][15,936s][info][gc] GC(180) Concurrent evacuation 0,281ms
[2021-04-30T09:23:05.087+0300][15,936s][info][gc] GC(180) Pause Init Update Refs 0,021ms
[2021-04-30T09:23:05.095+0300][15,944s][info][gc] GC(180) Concurrent update references 7,947ms
[2021-04-30T09:23:05.095+0300][15,944s][info][gc] GC(180) Pause Final Update Refs 0,146ms
[2021-04-30T09:23:05.095+0300][15,945s][info][gc] GC(180) Concurrent cleanup 111M->89M(128M) 0,065ms
[2021-04-30T09:23:05.120+0300][15,970s][info][gc] Trigger: Average GC time (22,26 ms) is above the time for allocation rate (462 MB/s) to deplete free headroom (10334K)
[2021-04-30T09:23:05.120+0300][15,970s][info][gc] GC(181) Concurrent reset 0,124ms
[2021-04-30T09:23:05.121+0300][15,970s][info][gc] GC(181) Pause Init Mark 0,224ms
[2021-04-30T09:23:05.133+0300][15,983s][info][gc] GC(181) Concurrent marking 12,647ms
[2021-04-30T09:23:05.134+0300][15,983s][info][gc] GC(181) Pause Final Mark 0,470ms
[2021-04-30T09:23:05.134+0300][15,983s][info][gc] GC(181) Concurrent cleanup 106M->106M(128M) 0,043ms
[2021-04-30T09:23:05.134+0300][15,984s][info][gc] GC(181) Concurrent evacuation 0,254ms
[2021-04-30T09:23:05.134+0300][15,984s][info][gc] GC(181) Pause Init Update Refs 0,004ms
[2021-04-30T09:23:05.142+0300][15,991s][info][gc] GC(181) Concurrent update references 7,444ms
[2021-04-30T09:23:05.142+0300][15,992s][info][gc] GC(181) Pause Final Update Refs 0,070ms
[2021-04-30T09:23:05.142+0300][15,992s][info][gc] GC(181) Concurrent cleanup 110M->89M(128M) 0,044ms
[2021-04-30T09:23:05.169+0300][16,019s][info][gc] Trigger: Average GC time (22,03 ms) is above the time for allocation rate (437 MB/s) to deplete free headroom (9310K)
[2021-04-30T09:23:05.169+0300][16,019s][info][gc] GC(182) Concurrent reset 0,119ms
[2021-04-30T09:23:05.170+0300][16,019s][info][gc] GC(182) Pause Init Mark 0,331ms
[2021-04-30T09:23:05.182+0300][16,031s][info][gc] GC(182) Concurrent marking 11,750ms
[2021-04-30T09:23:05.182+0300][16,032s][info][gc] GC(182) Pause Final Mark 0,361ms
[2021-04-30T09:23:05.183+0300][16,032s][info][gc] GC(182) Concurrent cleanup 107M->107M(128M) 0,092ms
[2021-04-30T09:23:05.183+0300][16,033s][info][gc] GC(182) Concurrent evacuation 0,682ms
[2021-04-30T09:23:05.183+0300][16,033s][info][gc] GC(182) Pause Init Update Refs 0,006ms
[2021-04-30T09:23:05.192+0300][16,042s][info][gc] GC(182) Concurrent update references 8,978ms
[2021-04-30T09:23:05.193+0300][16,042s][info][gc] GC(182) Pause Final Update Refs 0,095ms
[2021-04-30T09:23:05.193+0300][16,042s][info][gc] GC(182) Concurrent cleanup 111M->89M(128M) 0,060ms
[2021-04-30T09:23:05.220+0300][16,070s][info][gc] Trigger: Average GC time (21,96 ms) is above the time for allocation rate (429 MB/s) to deplete free headroom (8925K)
[2021-04-30T09:23:05.220+0300][16,070s][info][gc] GC(183) Concurrent reset 0,167ms
[2021-04-30T09:23:05.221+0300][16,070s][info][gc] GC(183) Pause Init Mark 0,238ms
[2021-04-30T09:23:05.232+0300][16,081s][info][gc] GC(183) Concurrent marking 11,301ms
[2021-04-30T09:23:05.232+0300][16,082s][info][gc] GC(183) Pause Final Mark 0,373ms
[2021-04-30T09:23:05.233+0300][16,082s][info][gc] GC(183) Concurrent cleanup 107M->107M(128M) 0,037ms
[2021-04-30T09:23:05.233+0300][16,082s][info][gc] GC(183) Concurrent evacuation 0,212ms
[2021-04-30T09:23:05.233+0300][16,082s][info][gc] GC(183) Pause Init Update Refs 0,004ms
[2021-04-30T09:23:05.239+0300][16,089s][info][gc] GC(183) Concurrent update references 6,534ms
[2021-04-30T09:23:05.240+0300][16,089s][info][gc] GC(183) Pause Final Update Refs 0,070ms
[2021-04-30T09:23:05.240+0300][16,089s][info][gc] GC(183) Concurrent cleanup 110M->89M(128M) 0,046ms
[2021-04-30T09:23:05.266+0300][16,116s][info][gc] Trigger: Average GC time (21,21 ms) is above the time for allocation rate (454 MB/s) to deplete free headroom (9054K)
[2021-04-30T09:23:05.267+0300][16,116s][info][gc] GC(184) Concurrent reset 0,164ms
[2021-04-30T09:23:05.267+0300][16,116s][info][gc] GC(184) Pause Init Mark 0,224ms
[2021-04-30T09:23:05.279+0300][16,128s][info][gc] GC(184) Concurrent marking 11,832ms
[2021-04-30T09:23:05.279+0300][16,129s][info][gc] GC(184) Pause Final Mark 0,362ms
[2021-04-30T09:23:05.279+0300][16,129s][info][gc] GC(184) Concurrent cleanup 107M->107M(128M) 0,039ms
[2021-04-30T09:23:05.280+0300][16,129s][info][gc] GC(184) Concurrent evacuation 0,301ms
[2021-04-30T09:23:05.280+0300][16,129s][info][gc] GC(184) Pause Init Update Refs 0,005ms
[2021-04-30T09:23:05.286+0300][16,136s][info][gc] GC(184) Concurrent update references 6,243ms
[2021-04-30T09:23:05.287+0300][16,136s][info][gc] GC(184) Pause Final Update Refs 0,156ms
[2021-04-30T09:23:05.287+0300][16,136s][info][gc] GC(184) Concurrent cleanup 108M->86M(128M) 0,043ms
[2021-04-30T09:23:05.318+0300][16,167s][info][gc] Trigger: Average GC time (21,40 ms) is above the time for allocation rate (422 MB/s) to deplete free headroom (8286K)
[2021-04-30T09:23:05.318+0300][16,168s][info][gc] GC(185) Concurrent reset 0,300ms
[2021-04-30T09:23:05.319+0300][16,168s][info][gc] GC(185) Pause Init Mark (process weakrefs) 0,305ms
[2021-04-30T09:23:05.332+0300][16,181s][info][gc] GC(185) Concurrent marking (process weakrefs) 12,924ms
[2021-04-30T09:23:05.332+0300][16,181s][info][gc] GC(185) Concurrent precleaning 0,079ms
[2021-04-30T09:23:05.333+0300][16,182s][info][gc] GC(185) Pause Final Mark (process weakrefs) 0,432ms
[2021-04-30T09:23:05.333+0300][16,182s][info][gc] GC(185) Concurrent cleanup 108M->108M(128M) 0,037ms
[2021-04-30T09:23:05.333+0300][16,182s][info][gc] GC(185) Concurrent evacuation 0,228ms
[2021-04-30T09:23:05.333+0300][16,182s][info][gc] GC(185) Pause Init Update Refs 0,006ms
[2021-04-30T09:23:05.339+0300][16,189s][info][gc] GC(185) Concurrent update references 6,236ms
[2021-04-30T09:23:05.340+0300][16,189s][info][gc] GC(185) Pause Final Update Refs 0,065ms
[2021-04-30T09:23:05.340+0300][16,189s][info][gc] GC(185) Concurrent cleanup 113M->91M(128M) 0,043ms
[2021-04-30T09:23:05.364+0300][16,213s][info][gc] Trigger: Average GC time (21,51 ms) is above the time for allocation rate (445 MB/s) to deplete free headroom (9437K)
[2021-04-30T09:23:05.364+0300][16,213s][info][gc] GC(186) Concurrent reset 0,148ms
[2021-04-30T09:23:05.364+0300][16,214s][info][gc] GC(186) Pause Init Mark 0,210ms
[2021-04-30T09:23:05.376+0300][16,226s][info][gc] GC(186) Concurrent marking 12,302ms
[2021-04-30T09:23:05.377+0300][16,227s][info][gc] GC(186) Pause Final Mark 0,447ms
[2021-04-30T09:23:05.377+0300][16,227s][info][gc] GC(186) Concurrent cleanup 107M->107M(128M) 0,040ms
[2021-04-30T09:23:05.377+0300][16,227s][info][gc] GC(186) Concurrent evacuation 0,185ms
[2021-04-30T09:23:05.378+0300][16,227s][info][gc] GC(186) Pause Init Update Refs 0,003ms
[2021-04-30T09:23:05.386+0300][16,235s][info][gc] GC(186) Concurrent update references 8,147ms
[2021-04-30T09:23:05.386+0300][16,235s][info][gc] GC(186) Pause Final Update Refs 0,071ms
[2021-04-30T09:23:05.386+0300][16,236s][info][gc] GC(186) Concurrent cleanup 112M->92M(128M) 0,051ms
[2021-04-30T09:23:05.411+0300][16,260s][info][gc] Trigger: Average GC time (21,58 ms) is above the time for allocation rate (423 MB/s) to deplete free headroom (8925K)
[2021-04-30T09:23:05.411+0300][16,261s][info][gc] GC(187) Concurrent reset 0,170ms
[2021-04-30T09:23:05.411+0300][16,261s][info][gc] GC(187) Pause Init Mark 0,172ms
[2021-04-30T09:23:05.427+0300][16,276s][info][gc] GC(187) Concurrent marking 15,524ms
[2021-04-30T09:23:05.427+0300][16,277s][info][gc] GC(187) Pause Final Mark 0,382ms
[2021-04-30T09:23:05.428+0300][16,277s][info][gc] GC(187) Concurrent cleanup 108M->108M(128M) 0,041ms
[2021-04-30T09:23:05.428+0300][16,277s][info][gc] GC(187) Concurrent evacuation 0,235ms
[2021-04-30T09:23:05.428+0300][16,277s][info][gc] GC(187) Pause Init Update Refs 0,003ms
[2021-04-30T09:23:05.435+0300][16,284s][info][gc] GC(187) Concurrent update references 6,820ms
[2021-04-30T09:23:05.435+0300][16,284s][info][gc] GC(187) Pause Final Update Refs 0,099ms
[2021-04-30T09:23:05.435+0300][16,285s][info][gc] GC(187) Concurrent cleanup 110M->90M(128M) 0,043ms
[2021-04-30T09:23:05.462+0300][16,312s][info][gc] Trigger: Average GC time (21,70 ms) is above the time for allocation rate (410 MB/s) to deplete free headroom (7901K)
[2021-04-30T09:23:05.462+0300][16,312s][info][gc] GC(188) Concurrent reset 0,182ms
[2021-04-30T09:23:05.463+0300][16,312s][info][gc] GC(188) Pause Init Mark 0,254ms
[2021-04-30T09:23:05.475+0300][16,325s][info][gc] GC(188) Concurrent marking 12,203ms
[2021-04-30T09:23:05.476+0300][16,325s][info][gc] GC(188) Pause Final Mark 0,419ms
[2021-04-30T09:23:05.476+0300][16,325s][info][gc] GC(188) Concurrent cleanup 109M->109M(128M) 0,040ms
[2021-04-30T09:23:05.476+0300][16,325s][info][gc] GC(188) Concurrent evacuation 0,207ms
[2021-04-30T09:23:05.476+0300][16,326s][info][gc] GC(188) Pause Init Update Refs 0,004ms
[2021-04-30T09:23:05.484+0300][16,333s][info][gc] GC(188) Concurrent update references 7,651ms
[2021-04-30T09:23:05.484+0300][16,334s][info][gc] GC(188) Pause Final Update Refs 0,105ms
[2021-04-30T09:23:05.484+0300][16,334s][info][gc] GC(188) Concurrent cleanup 113M->91M(128M) 0,044ms
[2021-04-30T09:23:05.508+0300][16,358s][info][gc] Trigger: Average GC time (22,18 ms) is above the time for allocation rate (430 MB/s) to deplete free headroom (8796K)
[2021-04-30T09:23:05.508+0300][16,358s][info][gc] GC(189) Concurrent reset 0,159ms
[2021-04-30T09:23:05.509+0300][16,358s][info][gc] GC(189) Pause Init Mark 0,246ms
[2021-04-30T09:23:05.521+0300][16,371s][info][gc] GC(189) Concurrent marking 12,164ms
[2021-04-30T09:23:05.522+0300][16,371s][info][gc] GC(189) Pause Final Mark 0,466ms
[2021-04-30T09:23:05.522+0300][16,371s][info][gc] GC(189) Concurrent cleanup 108M->108M(128M) 0,039ms
[2021-04-30T09:23:05.522+0300][16,371s][info][gc] GC(189) Concurrent evacuation 0,210ms
[2021-04-30T09:23:05.522+0300][16,372s][info][gc] GC(189) Pause Init Update Refs 0,006ms
[2021-04-30T09:23:05.529+0300][16,379s][info][gc] GC(189) Concurrent update references 7,079ms
[2021-04-30T09:23:05.530+0300][16,379s][info][gc] GC(189) Pause Final Update Refs 0,109ms
[2021-04-30T09:23:05.530+0300][16,379s][info][gc] GC(189) Concurrent cleanup 112M->92M(128M) 0,043ms
[2021-04-30T09:23:05.551+0300][16,401s][info][gc] Trigger: Average GC time (22,44 ms) is above the time for allocation rate (433 MB/s) to deplete free headroom (9435K)
[2021-04-30T09:23:05.552+0300][16,401s][info][gc] GC(190) Concurrent reset 0,123ms
[2021-04-30T09:23:05.552+0300][16,402s][info][gc] GC(190) Pause Init Mark (process weakrefs) 0,232ms
[2021-04-30T09:23:05.565+0300][16,414s][info][gc] GC(190) Concurrent marking (process weakrefs) 12,533ms
[2021-04-30T09:23:05.565+0300][16,414s][info][gc] GC(190) Concurrent precleaning 0,085ms
[2021-04-30T09:23:05.565+0300][16,415s][info][gc] GC(190) Pause Final Mark (process weakrefs) 0,348ms
[2021-04-30T09:23:05.565+0300][16,415s][info][gc] GC(190) Concurrent cleanup 108M->108M(128M) 0,048ms
[2021-04-30T09:23:05.566+0300][16,415s][info][gc] GC(190) Concurrent evacuation 0,252ms
[2021-04-30T09:23:05.566+0300][16,415s][info][gc] GC(190) Pause Init Update Refs 0,006ms
[2021-04-30T09:23:05.577+0300][16,427s][info][gc] GC(190) Concurrent update references 11,390ms
[2021-04-30T09:23:05.578+0300][16,427s][info][gc] GC(190) Pause Final Update Refs 0,109ms
[2021-04-30T09:23:05.578+0300][16,427s][info][gc] GC(190) Concurrent cleanup 114M->95M(128M) 0,042ms
[2021-04-30T09:23:05.594+0300][16,444s][info][gc] Trigger: Average GC time (23,36 ms) is above the time for allocation rate (427 MB/s) to deplete free headroom (9691K)
[2021-04-30T09:23:05.594+0300][16,444s][info][gc] GC(191) Concurrent reset 0,198ms
[2021-04-30T09:23:05.595+0300][16,444s][info][gc] GC(191) Pause Init Mark 0,283ms
[2021-04-30T09:23:05.607+0300][16,457s][info][gc] GC(191) Concurrent marking 12,072ms
[2021-04-30T09:23:05.608+0300][16,457s][info][gc] GC(191) Pause Final Mark 0,504ms
[2021-04-30T09:23:05.608+0300][16,457s][info][gc] GC(191) Concurrent cleanup 107M->107M(128M) 0,042ms
[2021-04-30T09:23:05.608+0300][16,458s][info][gc] GC(191) Concurrent evacuation 0,191ms
[2021-04-30T09:23:05.608+0300][16,458s][info][gc] GC(191) Pause Init Update Refs 0,005ms
[2021-04-30T09:23:05.617+0300][16,466s][info][gc] GC(191) Concurrent update references 8,454ms
[2021-04-30T09:23:05.617+0300][16,467s][info][gc] GC(191) Pause Final Update Refs 0,069ms
[2021-04-30T09:23:05.617+0300][16,467s][info][gc] GC(191) Concurrent cleanup 110M->92M(128M) 0,060ms
[2021-04-30T09:23:05.640+0300][16,490s][info][gc] Trigger: Average GC time (23,45 ms) is above the time for allocation rate (404 MB/s) to deplete free headroom (9179K)
[2021-04-30T09:23:05.640+0300][16,490s][info][gc] GC(192) Concurrent reset 0,277ms
[2021-04-30T09:23:05.641+0300][16,490s][info][gc] GC(192) Pause Init Mark 0,267ms
[2021-04-30T09:23:05.653+0300][16,502s][info][gc] GC(192) Concurrent marking 11,951ms
[2021-04-30T09:23:05.654+0300][16,503s][info][gc] GC(192) Pause Final Mark 0,496ms
[2021-04-30T09:23:05.654+0300][16,503s][info][gc] GC(192) Concurrent cleanup 108M->108M(128M) 0,142ms
[2021-04-30T09:23:05.655+0300][16,504s][info][gc] GC(192) Concurrent evacuation 0,636ms
[2021-04-30T09:23:05.655+0300][16,504s][info][gc] GC(192) Pause Init Update Refs 0,006ms
[2021-04-30T09:23:05.663+0300][16,512s][info][gc] GC(192) Concurrent update references 8,168ms
[2021-04-30T09:23:05.663+0300][16,513s][info][gc] GC(192) Pause Final Update Refs 0,073ms
[2021-04-30T09:23:05.663+0300][16,513s][info][gc] GC(192) Concurrent cleanup 112M->93M(128M) 0,045ms
[2021-04-30T09:23:05.684+0300][16,533s][info][gc] Trigger: Average GC time (23,24 ms) is above the time for allocation rate (406 MB/s) to deplete free headroom (9562K)
[2021-04-30T09:23:05.684+0300][16,533s][info][gc] GC(193) Concurrent reset 0,126ms
[2021-04-30T09:23:05.684+0300][16,534s][info][gc] GC(193) Pause Init Mark 0,275ms
[2021-04-30T09:23:05.702+0300][16,551s][info][gc] GC(193) Concurrent marking 17,051ms
[2021-04-30T09:23:05.702+0300][16,551s][info][gc] GC(193) Pause Final Mark 0,348ms
[2021-04-30T09:23:05.702+0300][16,552s][info][gc] GC(193) Concurrent cleanup 107M->107M(128M) 0,046ms
[2021-04-30T09:23:05.702+0300][16,552s][info][gc] GC(193) Concurrent evacuation 0,244ms
[2021-04-30T09:23:05.703+0300][16,552s][info][gc] GC(193) Pause Init Update Refs 0,005ms
[2021-04-30T09:23:05.711+0300][16,561s][info][gc] GC(193) Concurrent update references 8,400ms
[2021-04-30T09:23:05.712+0300][16,561s][info][gc] GC(193) Pause Final Update Refs 0,081ms
[2021-04-30T09:23:05.712+0300][16,561s][info][gc] GC(193) Concurrent cleanup 112M->94M(128M) 0,047ms
[2021-04-30T09:23:05.730+0300][16,579s][info][gc] Trigger: Average GC time (24,38 ms) is above the time for allocation rate (390 MB/s) to deplete free headroom (8794K)
[2021-04-30T09:23:05.730+0300][16,580s][info][gc] GC(194) Concurrent reset 0,158ms
[2021-04-30T09:23:05.731+0300][16,580s][info][gc] GC(194) Pause Init Mark 0,180ms
[2021-04-30T09:23:05.741+0300][16,591s][info][gc] GC(194) Concurrent marking 10,621ms
[2021-04-30T09:23:05.742+0300][16,592s][info][gc] GC(194) Pause Final Mark 0,521ms
[2021-04-30T09:23:05.742+0300][16,592s][info][gc] GC(194) Concurrent cleanup 108M->108M(128M) 0,048ms
[2021-04-30T09:23:05.743+0300][16,592s][info][gc] GC(194) Concurrent evacuation 0,204ms
[2021-04-30T09:23:05.743+0300][16,592s][info][gc] GC(194) Pause Init Update Refs 0,008ms
[2021-04-30T09:23:05.749+0300][16,599s][info][gc] GC(194) Concurrent update references 6,563ms
[2021-04-30T09:23:05.750+0300][16,599s][info][gc] GC(194) Pause Final Update Refs 0,093ms
[2021-04-30T09:23:05.750+0300][16,599s][info][gc] GC(194) Concurrent cleanup 112M->94M(128M) 0,042ms
[2021-04-30T09:23:05.767+0300][16,617s][info][gc] Trigger: Average GC time (23,98 ms) is above the time for allocation rate (439 MB/s) to deplete free headroom (10330K)
[2021-04-30T09:23:05.767+0300][16,617s][info][gc] GC(195) Concurrent reset 0,194ms
[2021-04-30T09:23:05.768+0300][16,617s][info][gc] GC(195) Pause Init Mark (process weakrefs) 0,184ms
[2021-04-30T09:23:05.779+0300][16,628s][info][gc] GC(195) Concurrent marking (process weakrefs) 10,852ms
[2021-04-30T09:23:05.779+0300][16,628s][info][gc] GC(195) Concurrent precleaning 0,059ms
[2021-04-30T09:23:05.779+0300][16,629s][info][gc] GC(195) Pause Final Mark (process weakrefs) 0,463ms
[2021-04-30T09:23:05.780+0300][16,629s][info][gc] GC(195) Concurrent cleanup 106M->106M(128M) 0,036ms
[2021-04-30T09:23:05.780+0300][16,629s][info][gc] GC(195) Concurrent evacuation 0,162ms
[2021-04-30T09:23:05.780+0300][16,629s][info][gc] GC(195) Pause Init Update Refs 0,005ms
[2021-04-30T09:23:05.788+0300][16,638s][info][gc] GC(195) Concurrent update references 8,306ms
[2021-04-30T09:23:05.788+0300][16,638s][info][gc] GC(195) Pause Final Update Refs 0,106ms
[2021-04-30T09:23:05.789+0300][16,638s][info][gc] GC(195) Concurrent cleanup 110M->94M(128M) 0,052ms
[2021-04-30T09:23:05.808+0300][16,658s][info][gc] Trigger: Average GC time (23,03 ms) is above the time for allocation rate (416 MB/s) to deplete free headroom (9306K)
[2021-04-30T09:23:05.808+0300][16,658s][info][gc] GC(196) Concurrent reset 0,157ms
[2021-04-30T09:23:05.809+0300][16,658s][info][gc] GC(196) Pause Init Mark 0,315ms
[2021-04-30T09:23:05.821+0300][16,671s][info][gc] GC(196) Concurrent marking 12,178ms
[2021-04-30T09:23:05.822+0300][16,671s][info][gc] GC(196) Pause Final Mark 0,407ms
[2021-04-30T09:23:05.822+0300][16,671s][info][gc] GC(196) Concurrent cleanup 107M->107M(128M) 0,041ms
[2021-04-30T09:23:05.822+0300][16,671s][info][gc] GC(196) Concurrent evacuation 0,257ms
[2021-04-30T09:23:05.822+0300][16,672s][info][gc] GC(196) Pause Init Update Refs 0,005ms
[2021-04-30T09:23:05.830+0300][16,680s][info][gc] GC(196) Concurrent update references 8,028ms
[2021-04-30T09:23:05.831+0300][16,680s][info][gc] GC(196) Pause Final Update Refs 0,114ms
[2021-04-30T09:23:05.831+0300][16,680s][info][gc] GC(196) Concurrent cleanup 111M->94M(128M) 0,045ms
[2021-04-30T09:23:05.849+0300][16,699s][info][gc] Trigger: Average GC time (22,97 ms) is above the time for allocation rate (402 MB/s) to deplete free headroom (9435K)
[2021-04-30T09:23:05.849+0300][16,699s][info][gc] GC(197) Concurrent reset 0,127ms
[2021-04-30T09:23:05.850+0300][16,699s][info][gc] GC(197) Pause Init Mark 0,226ms
[2021-04-30T09:23:05.863+0300][16,712s][info][gc] GC(197) Concurrent marking 13,103ms
[2021-04-30T09:23:05.863+0300][16,713s][info][gc] GC(197) Pause Final Mark 0,406ms
[2021-04-30T09:23:05.864+0300][16,713s][info][gc] GC(197) Concurrent cleanup 107M->107M(128M) 0,043ms
[2021-04-30T09:23:05.864+0300][16,713s][info][gc] GC(197) Concurrent evacuation 0,220ms
[2021-04-30T09:23:05.864+0300][16,713s][info][gc] GC(197) Pause Init Update Refs 0,005ms
[2021-04-30T09:23:05.870+0300][16,720s][info][gc] GC(197) Concurrent update references 6,473ms
[2021-04-30T09:23:05.871+0300][16,720s][info][gc] GC(197) Pause Final Update Refs 0,101ms
[2021-04-30T09:23:05.871+0300][16,720s][info][gc] GC(197) Concurrent cleanup 112M->95M(128M) 0,043ms
[2021-04-30T09:23:05.888+0300][16,738s][info][gc] Trigger: Average GC time (22,67 ms) is above the time for allocation rate (417 MB/s) to deplete free headroom (9562K)
[2021-04-30T09:23:05.888+0300][16,738s][info][gc] GC(198) Concurrent reset 0,204ms
[2021-04-30T09:23:05.889+0300][16,738s][info][gc] GC(198) Pause Init Mark 0,228ms
[2021-04-30T09:23:05.902+0300][16,751s][info][gc] GC(198) Concurrent marking 13,046ms
[2021-04-30T09:23:05.903+0300][16,752s][info][gc] GC(198) Pause Final Mark 0,650ms
[2021-04-30T09:23:05.903+0300][16,752s][info][gc] GC(198) Concurrent cleanup 107M->107M(128M) 0,037ms
[2021-04-30T09:23:05.903+0300][16,752s][info][gc] GC(198) Concurrent evacuation 0,177ms
[2021-04-30T09:23:05.903+0300][16,753s][info][gc] GC(198) Pause Init Update Refs 0,005ms
[2021-04-30T09:23:05.911+0300][16,761s][info][gc] GC(198) Concurrent update references 7,905ms
[2021-04-30T09:23:05.911+0300][16,761s][info][gc] GC(198) Pause Final Update Refs 0,102ms
[2021-04-30T09:23:05.912+0300][16,761s][info][gc] GC(198) Concurrent cleanup 111M->95M(128M) 0,046ms
[2021-04-30T09:23:05.929+0300][16,778s][info][gc] Trigger: Average GC time (21,80 ms) is above the time for allocation rate (412 MB/s) to deplete free headroom (8794K)
[2021-04-30T09:23:05.929+0300][16,778s][info][gc] GC(199) Concurrent reset 0,150ms
[2021-04-30T09:23:05.929+0300][16,779s][info][gc] GC(199) Pause Init Mark (unload classes) 0,144ms
[2021-04-30T09:23:05.947+0300][16,796s][info][gc] GC(199) Concurrent marking (unload classes) 17,637ms
[2021-04-30T09:23:05.950+0300][16,799s][info][gc] GC(199) Pause Final Mark (unload classes) 2,661ms
[2021-04-30T09:23:05.950+0300][16,799s][info][gc] GC(199) Concurrent cleanup 108M->108M(128M) 0,042ms
[2021-04-30T09:23:05.950+0300][16,799s][info][gc] GC(199) Concurrent evacuation 0,155ms
[2021-04-30T09:23:05.950+0300][16,800s][info][gc] GC(199) Pause Init Update Refs 0,005ms
[2021-04-30T09:23:05.962+0300][16,811s][info][gc] GC(199) Concurrent update references 11,450ms
[2021-04-30T09:23:05.962+0300][16,811s][info][gc] GC(199) Pause Final Update Refs 0,073ms
[2021-04-30T09:23:05.962+0300][16,811s][info][gc] GC(199) Concurrent cleanup 113M->96M(128M) 0,044ms
[2021-04-30T09:23:05.979+0300][16,829s][info][gc] Trigger: Average GC time (24,48 ms) is above the time for allocation rate (332 MB/s) to deplete free headroom (8282K)
[2021-04-30T09:23:05.980+0300][16,829s][info][gc] GC(200) Concurrent reset 0,164ms
[2021-04-30T09:23:05.980+0300][16,829s][info][gc] GC(200) Pause Init Mark (process weakrefs) 0,171ms
[2021-04-30T09:23:05.991+0300][16,840s][info][gc] GC(200) Concurrent marking (process weakrefs) 11,146ms
[2021-04-30T09:23:05.991+0300][16,841s][info][gc] GC(200) Concurrent precleaning 0,108ms
[2021-04-30T09:23:05.992+0300][16,841s][info][gc] GC(200) Pause Final Mark (process weakrefs) 0,483ms
[2021-04-30T09:23:05.992+0300][16,842s][info][gc] GC(200) Concurrent cleanup 108M->108M(128M) 0,039ms
[2021-04-30T09:23:05.992+0300][16,842s][info][gc] GC(200) Concurrent evacuation 0,243ms
[2021-04-30T09:23:05.993+0300][16,842s][info][gc] GC(200) Pause Init Update Refs 0,021ms
[2021-04-30T09:23:06.000+0300][16,850s][info][gc] GC(200) Concurrent update references 7,842ms
[2021-04-30T09:23:06.001+0300][16,850s][info][gc] GC(200) Pause Final Update Refs 0,106ms
[2021-04-30T09:23:06.001+0300][16,850s][info][gc] GC(200) Concurrent cleanup 112M->95M(128M) 0,057ms
[2021-04-30T09:23:06.018+0300][16,868s][info][gc] Trigger: Average GC time (24,51 ms) is above the time for allocation rate (392 MB/s) to deplete free headroom (9689K)
[2021-04-30T09:23:06.018+0300][16,868s][info][gc] GC(201) Concurrent reset 0,179ms
[2021-04-30T09:23:06.019+0300][16,868s][info][gc] GC(201) Pause Init Mark 0,193ms
[2021-04-30T09:23:06.030+0300][16,879s][info][gc] GC(201) Concurrent marking 11,063ms
[2021-04-30T09:23:06.031+0300][16,880s][info][gc] GC(201) Pause Final Mark 0,575ms
[2021-04-30T09:23:06.031+0300][16,880s][info][gc] GC(201) Concurrent cleanup 107M->107M(128M) 0,068ms
[2021-04-30T09:23:06.031+0300][16,881s][info][gc] GC(201) Concurrent evacuation 0,410ms
[2021-04-30T09:23:06.032+0300][16,881s][info][gc] GC(201) Pause Init Update Refs 0,008ms
[2021-04-30T09:23:06.039+0300][16,888s][info][gc] GC(201) Concurrent update references 6,786ms
[2021-04-30T09:23:06.039+0300][16,888s][info][gc] GC(201) Pause Final Update Refs 0,122ms
[2021-04-30T09:23:06.039+0300][16,889s][info][gc] GC(201) Concurrent cleanup 110M->95M(128M) 0,054ms
[2021-04-30T09:23:06.056+0300][16,906s][info][gc] Trigger: Average GC time (24,14 ms) is above the time for allocation rate (401 MB/s) to deplete free headroom (9433K)
[2021-04-30T09:23:06.057+0300][16,906s][info][gc] GC(202) Concurrent reset 0,181ms
[2021-04-30T09:23:06.057+0300][16,907s][info][gc] GC(202) Pause Init Mark 0,626ms
[2021-04-30T09:23:06.070+0300][16,919s][info][gc] GC(202) Concurrent marking 12,507ms
[2021-04-30T09:23:06.071+0300][16,920s][info][gc] GC(202) Pause Final Mark 0,591ms
[2021-04-30T09:23:06.071+0300][16,920s][info][gc] GC(202) Concurrent cleanup 107M->107M(128M) 0,041ms
[2021-04-30T09:23:06.071+0300][16,921s][info][gc] GC(202) Concurrent evacuation 0,205ms
[2021-04-30T09:23:06.071+0300][16,921s][info][gc] GC(202) Pause Init Update Refs 0,005ms
[2021-04-30T09:23:06.083+0300][16,933s][info][gc] GC(202) Concurrent update references 12,155ms
[2021-04-30T09:23:06.084+0300][16,933s][info][gc] GC(202) Pause Final Update Refs 0,099ms
[2021-04-30T09:23:06.084+0300][16,933s][info][gc] GC(202) Concurrent cleanup 114M->99M(128M) 0,042ms
[2021-04-30T09:23:06.094+0300][16,943s][info][gc] Trigger: Average GC time (25,30 ms) is above the time for allocation rate (389 MB/s) to deplete free headroom (10074K)
[2021-04-30T09:23:06.094+0300][16,943s][info][gc] GC(203) Concurrent reset 0,133ms
[2021-04-30T09:23:06.094+0300][16,944s][info][gc] GC(203) Pause Init Mark 0,319ms
[2021-04-30T09:23:06.107+0300][16,957s][info][gc] GC(203) Concurrent marking 12,598ms
[2021-04-30T09:23:06.108+0300][16,957s][info][gc] GC(203) Pause Final Mark 0,600ms
[2021-04-30T09:23:06.108+0300][16,957s][info][gc] GC(203) Concurrent cleanup 106M->106M(128M) 0,040ms
[2021-04-30T09:23:06.108+0300][16,958s][info][gc] GC(203) Concurrent evacuation 0,269ms
[2021-04-30T09:23:06.108+0300][16,958s][info][gc] GC(203) Pause Init Update Refs 0,005ms
[2021-04-30T09:23:06.117+0300][16,966s][info][gc] GC(203) Concurrent update references 8,413ms
[2021-04-30T09:23:06.117+0300][16,967s][info][gc] GC(203) Pause Final Update Refs 0,065ms
[2021-04-30T09:23:06.117+0300][16,967s][info][gc] GC(203) Concurrent cleanup 111M->97M(128M) 0,041ms
[2021-04-30T09:23:06.131+0300][16,981s][info][gc] Trigger: Average GC time (25,32 ms) is above the time for allocation rate (393 MB/s) to deplete free headroom (9306K)
[2021-04-30T09:23:06.131+0300][16,981s][info][gc] GC(204) Concurrent reset 0,153ms
[2021-04-30T09:23:06.132+0300][16,981s][info][gc] GC(204) Pause Init Mark 0,239ms
[2021-04-30T09:23:06.145+0300][16,994s][info][gc] GC(204) Concurrent marking 12,983ms
[2021-04-30T09:23:06.146+0300][16,995s][info][gc] GC(204) Pause Final Mark 0,684ms
[2021-04-30T09:23:06.146+0300][16,995s][info][gc] GC(204) Concurrent cleanup 107M->107M(128M) 0,038ms
[2021-04-30T09:23:06.146+0300][16,995s][info][gc] GC(204) Concurrent evacuation 0,150ms
[2021-04-30T09:23:06.146+0300][16,996s][info][gc] GC(204) Pause Init Update Refs 0,004ms
[2021-04-30T09:23:06.154+0300][17,004s][info][gc] GC(204) Concurrent update references 8,149ms
[2021-04-30T09:23:06.155+0300][17,004s][info][gc] GC(204) Pause Final Update Refs 0,116ms
[2021-04-30T09:23:06.155+0300][17,004s][info][gc] GC(204) Concurrent cleanup 111M->96M(128M) 0,042ms
[2021-04-30T09:23:06.170+0300][17,020s][info][gc] Trigger: Average GC time (23,40 ms) is above the time for allocation rate (394 MB/s) to deplete free headroom (8538K)
[2021-04-30T09:23:06.170+0300][17,020s][info][gc] GC(205) Concurrent reset 0,159ms
[2021-04-30T09:23:06.171+0300][17,020s][info][gc] GC(205) Pause Init Mark (process weakrefs) 0,304ms
[2021-04-30T09:23:06.183+0300][17,033s][info][gc] GC(205) Concurrent marking (process weakrefs) 12,260ms
[2021-04-30T09:23:06.183+0300][17,033s][info][gc] GC(205) Concurrent precleaning 0,197ms
[2021-04-30T09:23:06.184+0300][17,034s][info][gc] GC(205) Pause Final Mark (process weakrefs) 0,545ms
[2021-04-30T09:23:06.184+0300][17,034s][info][gc] GC(205) Concurrent cleanup 108M->108M(128M) 0,037ms
[2021-04-30T09:23:06.185+0300][17,034s][info][gc] GC(205) Concurrent evacuation 0,235ms
[2021-04-30T09:23:06.185+0300][17,034s][info][gc] GC(205) Pause Init Update Refs 0,021ms
[2021-04-30T09:23:06.193+0300][17,043s][info][gc] GC(205) Concurrent update references 8,134ms
[2021-04-30T09:23:06.194+0300][17,043s][info][gc] GC(205) Pause Final Update Refs 0,175ms
[2021-04-30T09:23:06.194+0300][17,043s][info][gc] GC(205) Concurrent cleanup 111M->96M(128M) 0,042ms
[2021-04-30T09:23:06.210+0300][17,059s][info][gc] Trigger: Average GC time (23,79 ms) is above the time for allocation rate (371 MB/s) to deplete free headroom (8794K)
[2021-04-30T09:23:06.210+0300][17,059s][info][gc] GC(206) Concurrent reset 0,148ms
[2021-04-30T09:23:06.210+0300][17,060s][info][gc] GC(206) Pause Init Mark 0,183ms
[2021-04-30T09:23:06.222+0300][17,071s][info][gc] GC(206) Concurrent marking 11,584ms
[2021-04-30T09:23:06.223+0300][17,072s][info][gc] GC(206) Pause Final Mark 0,568ms
[2021-04-30T09:23:06.223+0300][17,072s][info][gc] GC(206) Concurrent cleanup 107M->107M(128M) 0,037ms
[2021-04-30T09:23:06.223+0300][17,072s][info][gc] GC(206) Concurrent evacuation 0,164ms
[2021-04-30T09:23:06.223+0300][17,073s][info][gc] GC(206) Pause Init Update Refs 0,004ms
[2021-04-30T09:23:06.230+0300][17,079s][info][gc] GC(206) Concurrent update references 6,576ms
[2021-04-30T09:23:06.230+0300][17,079s][info][gc] GC(206) Pause Final Update Refs 0,067ms
[2021-04-30T09:23:06.230+0300][17,080s][info][gc] GC(206) Concurrent cleanup 112M->97M(128M) 0,040ms
[2021-04-30T09:23:06.244+0300][17,094s][info][gc] Trigger: Average GC time (23,67 ms) is above the time for allocation rate (402 MB/s) to deplete free headroom (9562K)
[2021-04-30T09:23:06.244+0300][17,094s][info][gc] GC(207) Concurrent reset 0,197ms
[2021-04-30T09:23:06.245+0300][17,094s][info][gc] GC(207) Pause Init Mark 0,258ms
[2021-04-30T09:23:06.256+0300][17,106s][info][gc] GC(207) Concurrent marking 11,367ms
[2021-04-30T09:23:06.257+0300][17,106s][info][gc] GC(207) Pause Final Mark 0,431ms
[2021-04-30T09:23:06.257+0300][17,106s][info][gc] GC(207) Concurrent cleanup 107M->107M(128M) 0,039ms
[2021-04-30T09:23:06.257+0300][17,107s][info][gc] GC(207) Concurrent evacuation 0,148ms
[2021-04-30T09:23:06.257+0300][17,107s][info][gc] GC(207) Pause Init Update Refs 0,005ms
[2021-04-30T09:23:06.265+0300][17,115s][info][gc] GC(207) Concurrent update references 8,107ms
[2021-04-30T09:23:06.266+0300][17,115s][info][gc] GC(207) Pause Final Update Refs 0,211ms
[2021-04-30T09:23:06.266+0300][17,115s][info][gc] GC(207) Concurrent cleanup 111M->97M(128M) 0,040ms
[2021-04-30T09:23:06.281+0300][17,131s][info][gc] Trigger: Average GC time (22,55 ms) is above the time for allocation rate (391 MB/s) to deplete free headroom (8665K)
[2021-04-30T09:23:06.281+0300][17,131s][info][gc] GC(208) Concurrent reset 0,163ms
[2021-04-30T09:23:06.282+0300][17,131s][info][gc] GC(208) Pause Init Mark 0,305ms
[2021-04-30T09:23:06.293+0300][17,143s][info][gc] GC(208) Concurrent marking 11,265ms
[2021-04-30T09:23:06.294+0300][17,143s][info][gc] GC(208) Pause Final Mark 0,518ms
[2021-04-30T09:23:06.294+0300][17,144s][info][gc] GC(208) Concurrent cleanup 108M->108M(128M) 0,037ms
[2021-04-30T09:23:06.294+0300][17,144s][info][gc] GC(208) Concurrent evacuation 0,178ms
[2021-04-30T09:23:06.295+0300][17,144s][info][gc] GC(208) Pause Init Update Refs 0,021ms
[2021-04-30T09:23:06.302+0300][17,152s][info][gc] GC(208) Concurrent update references 7,796ms
[2021-04-30T09:23:06.303+0300][17,152s][info][gc] GC(208) Pause Final Update Refs 0,065ms
[2021-04-30T09:23:06.303+0300][17,152s][info][gc] GC(208) Concurrent cleanup 111M->96M(128M) 0,057ms
[2021-04-30T09:23:06.321+0300][17,171s][info][gc] Trigger: Average GC time (22,18 ms) is above the time for allocation rate (382 MB/s) to deplete free headroom (7897K)
[2021-04-30T09:23:06.321+0300][17,171s][info][gc] GC(209) Concurrent reset 0,124ms
[2021-04-30T09:23:06.322+0300][17,171s][info][gc] GC(209) Pause Init Mark 0,241ms
[2021-04-30T09:23:06.334+0300][17,183s][info][gc] GC(209) Concurrent marking 12,133ms
[2021-04-30T09:23:06.335+0300][17,184s][info][gc] GC(209) Pause Final Mark 0,354ms
[2021-04-30T09:23:06.335+0300][17,184s][info][gc] GC(209) Concurrent cleanup 109M->109M(128M) 0,040ms
[2021-04-30T09:23:06.335+0300][17,184s][info][gc] GC(209) Concurrent evacuation 0,151ms
[2021-04-30T09:23:06.335+0300][17,184s][info][gc] GC(209) Pause Init Update Refs 0,004ms
[2021-04-30T09:23:06.342+0300][17,192s][info][gc] GC(209) Concurrent update references 7,329ms
[2021-04-30T09:23:06.343+0300][17,192s][info][gc] GC(209) Pause Final Update Refs 0,160ms
[2021-04-30T09:23:06.343+0300][17,192s][info][gc] GC(209) Concurrent cleanup 112M->97M(128M) 0,045ms
[2021-04-30T09:23:06.357+0300][17,207s][info][gc] Trigger: Average GC time (21,81 ms) is above the time for allocation rate (390 MB/s) to deplete free headroom (8538K)
[2021-04-30T09:23:06.357+0300][17,207s][info][gc] GC(210) Concurrent reset 0,177ms
[2021-04-30T09:23:06.358+0300][17,207s][info][gc] GC(210) Pause Init Mark (process weakrefs) 0,204ms
[2021-04-30T09:23:06.377+0300][17,226s][info][gc] GC(210) Concurrent marking (process weakrefs) 18,907ms
[2021-04-30T09:23:06.377+0300][17,226s][info][gc] GC(210) Concurrent precleaning 0,185ms
[2021-04-30T09:23:06.378+0300][17,227s][info][gc] GC(210) Pause Final Mark (process weakrefs) 0,797ms
[2021-04-30T09:23:06.378+0300][17,228s][info][gc] GC(210) Concurrent cleanup 108M->108M(128M) 0,037ms
[2021-04-30T09:23:06.378+0300][17,228s][info][gc] GC(210) Concurrent evacuation 0,233ms
[2021-04-30T09:23:06.379+0300][17,228s][info][gc] GC(210) Pause Init Update Refs 0,004ms
[2021-04-30T09:23:06.386+0300][17,236s][info][gc] GC(210) Concurrent update references 7,793ms
[2021-04-30T09:23:06.387+0300][17,236s][info][gc] GC(210) Pause Final Update Refs 0,071ms
[2021-04-30T09:23:06.387+0300][17,236s][info][gc] GC(210) Concurrent cleanup 112M->98M(128M) 0,042ms
[2021-04-30T09:23:06.402+0300][17,251s][info][gc] Trigger: Average GC time (23,03 ms) is above the time for allocation rate (336 MB/s) to deplete free headroom (7514K)
[2021-04-30T09:23:06.402+0300][17,251s][info][gc] GC(211) Concurrent reset 0,200ms
[2021-04-30T09:23:06.402+0300][17,252s][info][gc] GC(211) Pause Init Mark 0,304ms
[2021-04-30T09:23:06.414+0300][17,264s][info][gc] GC(211) Concurrent marking 11,732ms
[2021-04-30T09:23:06.415+0300][17,264s][info][gc] GC(211) Pause Final Mark 0,369ms
[2021-04-30T09:23:06.415+0300][17,264s][info][gc] GC(211) Concurrent cleanup 108M->108M(128M) 0,037ms
[2021-04-30T09:23:06.415+0300][17,264s][info][gc] GC(211) Concurrent evacuation 0,140ms
[2021-04-30T09:23:06.415+0300][17,265s][info][gc] GC(211) Pause Init Update Refs 0,013ms
[2021-04-30T09:23:06.422+0300][17,272s][info][gc] GC(211) Concurrent update references 6,974ms
[2021-04-30T09:23:06.423+0300][17,272s][info][gc] GC(211) Pause Final Update Refs 0,129ms
[2021-04-30T09:23:06.423+0300][17,272s][info][gc] GC(211) Concurrent cleanup 113M->98M(128M) 0,055ms
[2021-04-30T09:23:06.436+0300][17,285s][info][gc] Trigger: Average GC time (23,16 ms) is above the time for allocation rate (385 MB/s) to deplete free headroom (8913K)
[2021-04-30T09:23:06.436+0300][17,285s][info][gc] GC(212) Concurrent reset 0,142ms
[2021-04-30T09:23:06.436+0300][17,286s][info][gc] GC(212) Pause Init Mark 0,311ms
[2021-04-30T09:23:06.454+0300][17,303s][info][gc] GC(212) Concurrent marking 17,367ms
[2021-04-30T09:23:06.454+0300][17,304s][info][gc] GC(212) Pause Final Mark 0,352ms
[2021-04-30T09:23:06.454+0300][17,304s][info][gc] GC(212) Concurrent cleanup 108M->108M(128M) 0,037ms
[2021-04-30T09:23:06.455+0300][17,304s][info][gc] GC(212) Concurrent evacuation 0,153ms
[2021-04-30T09:23:06.455+0300][17,304s][info][gc] GC(212) Pause Init Update Refs 0,004ms
[2021-04-30T09:23:06.462+0300][17,311s][info][gc] GC(212) Concurrent update references 6,807ms
[2021-04-30T09:23:06.462+0300][17,311s][info][gc] GC(212) Pause Final Update Refs 0,169ms
[2021-04-30T09:23:06.462+0300][17,312s][info][gc] GC(212) Concurrent cleanup 110M->96M(128M) 0,059ms
[2021-04-30T09:23:06.483+0300][17,332s][info][gc] Trigger: Average GC time (24,08 ms) is above the time for allocation rate (307 MB/s) to deplete free headroom (7258K)
[2021-04-30T09:23:06.483+0300][17,332s][info][gc] GC(213) Concurrent reset 0,123ms
[2021-04-30T09:23:06.483+0300][17,333s][info][gc] GC(213) Pause Init Mark 0,239ms
[2021-04-30T09:23:06.497+0300][17,347s][info][gc] GC(213) Concurrent marking 14,010ms
[2021-04-30T09:23:06.498+0300][17,348s][info][gc] GC(213) Pause Final Mark 0,484ms
[2021-04-30T09:23:06.498+0300][17,348s][info][gc] GC(213) Concurrent cleanup 109M->109M(128M) 0,038ms
[2021-04-30T09:23:06.498+0300][17,348s][info][gc] GC(213) Concurrent evacuation 0,200ms
[2021-04-30T09:23:06.499+0300][17,348s][info][gc] GC(213) Pause Init Update Refs 0,006ms
[2021-04-30T09:23:06.511+0300][17,361s][info][gc] GC(213) Concurrent update references 12,456ms
[2021-04-30T09:23:06.511+0300][17,361s][info][gc] GC(213) Pause Final Update Refs 0,085ms
[2021-04-30T09:23:06.511+0300][17,361s][info][gc] GC(213) Concurrent cleanup 116M->102M(128M) 0,044ms
[2021-04-30T09:23:06.520+0300][17,370s][info][gc] Trigger: Average GC time (25,47 ms) is above the time for allocation rate (356 MB/s) to deplete free headroom (8282K)
[2021-04-30T09:23:06.520+0300][17,370s][info][gc] GC(214) Concurrent reset 0,117ms
[2021-04-30T09:23:06.521+0300][17,370s][info][gc] GC(214) Pause Init Mark 0,235ms
[2021-04-30T09:23:06.534+0300][17,384s][info][gc] GC(214) Concurrent marking 13,306ms
[2021-04-30T09:23:06.535+0300][17,384s][info][gc] GC(214) Pause Final Mark 0,650ms
[2021-04-30T09:23:06.535+0300][17,384s][info][gc] GC(214) Concurrent cleanup 108M->108M(128M) 0,040ms
[2021-04-30T09:23:06.535+0300][17,385s][info][gc] GC(214) Concurrent evacuation 0,155ms
[2021-04-30T09:23:06.535+0300][17,385s][info][gc] GC(214) Pause Init Update Refs 0,006ms
[2021-04-30T09:23:06.544+0300][17,393s][info][gc] GC(214) Concurrent update references 8,531ms
[2021-04-30T09:23:06.544+0300][17,394s][info][gc] GC(214) Pause Final Update Refs 0,087ms
[2021-04-30T09:23:06.544+0300][17,394s][info][gc] GC(214) Concurrent cleanup 112M->98M(128M) 0,043ms
[2021-04-30T09:23:06.557+0300][17,407s][info][gc] Trigger: Average GC time (25,97 ms) is above the time for allocation rate (343 MB/s) to deplete free headroom (8796K)
[2021-04-30T09:23:06.558+0300][17,407s][info][gc] GC(215) Concurrent reset 0,126ms
[2021-04-30T09:23:06.558+0300][17,407s][info][gc] GC(215) Pause Init Mark (process weakrefs) 0,188ms
[2021-04-30T09:23:06.572+0300][17,421s][info][gc] GC(215) Concurrent marking (process weakrefs) 13,695ms
[2021-04-30T09:23:06.572+0300][17,421s][info][gc] GC(215) Concurrent precleaning 0,067ms
[2021-04-30T09:23:06.572+0300][17,422s][info][gc] GC(215) Pause Final Mark (process weakrefs) 0,389ms
[2021-04-30T09:23:06.572+0300][17,422s][info][gc] GC(215) Concurrent cleanup 108M->108M(128M) 0,042ms
[2021-04-30T09:23:06.573+0300][17,422s][info][gc] GC(215) Concurrent evacuation 0,147ms
[2021-04-30T09:23:06.573+0300][17,422s][info][gc] GC(215) Pause Init Update Refs 0,004ms
[2021-04-30T09:23:06.585+0300][17,435s][info][gc] GC(215) Concurrent update references 12,539ms
[2021-04-30T09:23:06.586+0300][17,435s][info][gc] GC(215) Pause Final Update Refs 0,060ms
[2021-04-30T09:23:06.586+0300][17,435s][info][gc] GC(215) Concurrent cleanup 113M->100M(128M) 0,042ms
[2021-04-30T09:23:06.599+0300][17,448s][info][gc] Trigger: Average GC time (25,69 ms) is above the time for allocation rate (334 MB/s) to deplete free headroom (7774K)
[2021-04-30T09:23:06.599+0300][17,448s][info][gc] GC(216) Concurrent reset 0,126ms
[2021-04-30T09:23:06.599+0300][17,449s][info][gc] GC(216) Pause Init Mark 0,261ms
[2021-04-30T09:23:06.612+0300][17,461s][info][gc] GC(216) Concurrent marking 12,756ms
[2021-04-30T09:23:06.612+0300][17,462s][info][gc] GC(216) Pause Final Mark 0,307ms
[2021-04-30T09:23:06.612+0300][17,462s][info][gc] GC(216) Concurrent cleanup 108M->108M(128M) 0,039ms
[2021-04-30T09:23:06.613+0300][17,462s][info][gc] GC(216) Concurrent evacuation 0,189ms
[2021-04-30T09:23:06.613+0300][17,462s][info][gc] GC(216) Pause Init Update Refs 0,005ms
[2021-04-30T09:23:06.623+0300][17,472s][info][gc] GC(216) Concurrent update references 9,988ms
[2021-04-30T09:23:06.623+0300][17,473s][info][gc] GC(216) Pause Final Update Refs 0,109ms
[2021-04-30T09:23:06.623+0300][17,473s][info][gc] GC(216) Concurrent cleanup 112M->99M(128M) 0,042ms
[2021-04-30T09:23:06.635+0300][17,485s][info][gc] Trigger: Average GC time (26,45 ms) is above the time for allocation rate (341 MB/s) to deplete free headroom (8544K)
[2021-04-30T09:23:06.635+0300][17,485s][info][gc] GC(217) Concurrent reset 0,126ms
[2021-04-30T09:23:06.636+0300][17,485s][info][gc] GC(217) Pause Init Mark 0,334ms
[2021-04-30T09:23:06.648+0300][17,498s][info][gc] GC(217) Concurrent marking 12,091ms
[2021-04-30T09:23:06.649+0300][17,498s][info][gc] GC(217) Pause Final Mark 0,415ms
[2021-04-30T09:23:06.649+0300][17,498s][info][gc] GC(217) Concurrent cleanup 108M->108M(128M) 0,039ms
[2021-04-30T09:23:06.649+0300][17,499s][info][gc] GC(217) Concurrent evacuation 0,133ms
[2021-04-30T09:23:06.649+0300][17,499s][info][gc] GC(217) Pause Init Update Refs 0,020ms
[2021-04-30T09:23:06.656+0300][17,506s][info][gc] GC(217) Concurrent update references 6,748ms
[2021-04-30T09:23:06.657+0300][17,506s][info][gc] GC(217) Pause Final Update Refs 0,094ms
[2021-04-30T09:23:06.657+0300][17,506s][info][gc] GC(217) Concurrent cleanup 112M->100M(128M) 0,051ms
[2021-04-30T09:23:06.664+0300][17,514s][info][gc] Trigger: Average GC time (25,44 ms) is above the time for allocation rate (397 MB/s) to deplete free headroom (9570K)
[2021-04-30T09:23:06.664+0300][17,514s][info][gc] GC(218) Concurrent reset 0,125ms
[2021-04-30T09:23:06.665+0300][17,514s][info][gc] GC(218) Pause Init Mark 0,207ms
[2021-04-30T09:23:06.678+0300][17,528s][info][gc] GC(218) Concurrent marking 13,055ms
[2021-04-30T09:23:06.679+0300][17,528s][info][gc] GC(218) Pause Final Mark 0,519ms
[2021-04-30T09:23:06.679+0300][17,528s][info][gc] GC(218) Concurrent cleanup 107M->107M(128M) 0,038ms
[2021-04-30T09:23:06.679+0300][17,529s][info][gc] GC(218) Concurrent evacuation 0,118ms
[2021-04-30T09:23:06.679+0300][17,529s][info][gc] GC(218) Pause Init Update Refs 0,021ms
[2021-04-30T09:23:06.686+0300][17,535s][info][gc] GC(218) Concurrent update references 6,571ms
[2021-04-30T09:23:06.686+0300][17,536s][info][gc] GC(218) Pause Final Update Refs 0,100ms
[2021-04-30T09:23:06.686+0300][17,536s][info][gc] GC(218) Concurrent cleanup 110M->99M(128M) 0,041ms
[2021-04-30T09:23:06.697+0300][17,547s][info][gc] Trigger: Average GC time (24,15 ms) is above the time for allocation rate (357 MB/s) to deplete free headroom (8804K)
[2021-04-30T09:23:06.697+0300][17,547s][info][gc] GC(219) Concurrent reset 0,130ms
[2021-04-30T09:23:06.698+0300][17,547s][info][gc] GC(219) Pause Init Mark 0,201ms
[2021-04-30T09:23:06.710+0300][17,559s][info][gc] GC(219) Concurrent marking 12,031ms
[2021-04-30T09:23:06.710+0300][17,560s][info][gc] GC(219) Pause Final Mark 0,274ms
[2021-04-30T09:23:06.710+0300][17,560s][info][gc] GC(219) Concurrent cleanup 108M->108M(128M) 0,038ms
[2021-04-30T09:23:06.711+0300][17,560s][info][gc] GC(219) Concurrent evacuation 0,145ms
[2021-04-30T09:23:06.711+0300][17,560s][info][gc] GC(219) Pause Init Update Refs 0,005ms
[2021-04-30T09:23:06.720+0300][17,569s][info][gc] GC(219) Concurrent update references 8,802ms
[2021-04-30T09:23:06.720+0300][17,569s][info][gc] GC(219) Pause Final Update Refs 0,093ms
[2021-04-30T09:23:06.720+0300][17,569s][info][gc] GC(219) Concurrent cleanup 111M->99M(128M) 0,041ms
[2021-04-30T09:23:06.733+0300][17,582s][info][gc] Trigger: Average GC time (23,86 ms) is above the time for allocation rate (343 MB/s) to deplete free headroom (8290K)
[2021-04-30T09:23:06.733+0300][17,583s][info][gc] GC(220) Concurrent reset 0,168ms
[2021-04-30T09:23:06.733+0300][17,583s][info][gc] GC(220) Pause Init Mark (process weakrefs) 0,178ms
[2021-04-30T09:23:06.745+0300][17,595s][info][gc] GC(220) Concurrent marking (process weakrefs) 11,747ms
[2021-04-30T09:23:06.745+0300][17,595s][info][gc] GC(220) Concurrent precleaning 0,061ms
[2021-04-30T09:23:06.746+0300][17,596s][info][gc] GC(220) Pause Final Mark (process weakrefs) 0,497ms
[2021-04-30T09:23:06.746+0300][17,596s][info][gc] GC(220) Concurrent cleanup 108M->108M(128M) 0,038ms
[2021-04-30T09:23:06.747+0300][17,596s][info][gc] GC(220) Concurrent evacuation 0,225ms
[2021-04-30T09:23:06.747+0300][17,596s][info][gc] GC(220) Pause Init Update Refs 0,021ms
[2021-04-30T09:23:06.754+0300][17,603s][info][gc] GC(220) Concurrent update references 6,926ms
[2021-04-30T09:23:06.754+0300][17,604s][info][gc] GC(220) Pause Final Update Refs 0,124ms
[2021-04-30T09:23:06.754+0300][17,604s][info][gc] GC(220) Concurrent cleanup 112M->100M(128M) 0,039ms
[2021-04-30T09:23:06.763+0300][17,612s][info][gc] Trigger: Average GC time (22,46 ms) is above the time for allocation rate (400 MB/s) to deplete free headroom (8290K)
[2021-04-30T09:23:06.763+0300][17,613s][info][gc] GC(221) Concurrent reset 0,128ms
[2021-04-30T09:23:06.764+0300][17,613s][info][gc] GC(221) Pause Init Mark 0,310ms
[2021-04-30T09:23:06.776+0300][17,626s][info][gc] GC(221) Concurrent marking 12,587ms
[2021-04-30T09:23:06.777+0300][17,626s][info][gc] GC(221) Pause Final Mark 0,419ms
[2021-04-30T09:23:06.777+0300][17,627s][info][gc] GC(221) Concurrent cleanup 108M->108M(128M) 0,038ms
[2021-04-30T09:23:06.777+0300][17,627s][info][gc] GC(221) Concurrent evacuation 0,180ms
[2021-04-30T09:23:06.777+0300][17,627s][info][gc] GC(221) Pause Init Update Refs 0,004ms
[2021-04-30T09:23:06.784+0300][17,634s][info][gc] GC(221) Concurrent update references 6,725ms
[2021-04-30T09:23:06.785+0300][17,634s][info][gc] GC(221) Pause Final Update Refs 0,095ms
[2021-04-30T09:23:06.785+0300][17,634s][info][gc] GC(221) Concurrent cleanup 112M->100M(128M) 0,042ms
[2021-04-30T09:23:06.796+0300][17,645s][info][gc] Trigger: Average GC time (21,88 ms) is above the time for allocation rate (375 MB/s) to deplete free headroom (7778K)
[2021-04-30T09:23:06.796+0300][17,645s][info][gc] GC(222) Concurrent reset 0,199ms
[2021-04-30T09:23:06.796+0300][17,646s][info][gc] GC(222) Pause Init Mark 0,174ms
[2021-04-30T09:23:06.809+0300][17,658s][info][gc] GC(222) Concurrent marking 12,161ms
[2021-04-30T09:23:06.809+0300][17,659s][info][gc] GC(222) Pause Final Mark 0,503ms
[2021-04-30T09:23:06.809+0300][17,659s][info][gc] GC(222) Concurrent cleanup 108M->108M(128M) 0,040ms
[2021-04-30T09:23:06.810+0300][17,659s][info][gc] GC(222) Concurrent evacuation 0,176ms
[2021-04-30T09:23:06.810+0300][17,659s][info][gc] GC(222) Pause Init Update Refs 0,007ms
[2021-04-30T09:23:06.819+0300][17,668s][info][gc] GC(222) Concurrent update references 8,518ms
[2021-04-30T09:23:06.819+0300][17,668s][info][gc] GC(222) Pause Final Update Refs 0,210ms
[2021-04-30T09:23:06.819+0300][17,669s][info][gc] GC(222) Concurrent cleanup 113M->101M(128M) 0,044ms
[2021-04-30T09:23:06.830+0300][17,679s][info][gc] Trigger: Average GC time (22,29 ms) is above the time for allocation rate (358 MB/s) to deplete free headroom (7266K)
[2021-04-30T09:23:06.830+0300][17,680s][info][gc] GC(223) Concurrent reset 0,121ms
[2021-04-30T09:23:06.830+0300][17,680s][info][gc] GC(223) Pause Init Mark 0,194ms
[2021-04-30T09:23:06.845+0300][17,695s][info][gc] GC(223) Concurrent marking 14,503ms
[2021-04-30T09:23:06.846+0300][17,695s][info][gc] GC(223) Pause Final Mark 0,358ms
[2021-04-30T09:23:06.846+0300][17,695s][info][gc] GC(223) Concurrent cleanup 109M->109M(128M) 0,040ms
[2021-04-30T09:23:06.846+0300][17,695s][info][gc] GC(223) Concurrent evacuation 0,154ms
[2021-04-30T09:23:06.846+0300][17,695s][info][gc] GC(223) Pause Init Update Refs 0,004ms
[2021-04-30T09:23:06.853+0300][17,703s][info][gc] GC(223) Concurrent update references 7,411ms
[2021-04-30T09:23:06.854+0300][17,703s][info][gc] GC(223) Pause Final Update Refs 0,075ms
[2021-04-30T09:23:06.854+0300][17,703s][info][gc] GC(223) Concurrent cleanup 114M->101M(128M) 0,040ms
[2021-04-30T09:23:06.865+0300][17,714s][info][gc] Trigger: Average GC time (22,64 ms) is above the time for allocation rate (343 MB/s) to deplete free headroom (7524K)
[2021-04-30T09:23:06.865+0300][17,715s][info][gc] GC(224) Concurrent reset 0,154ms
[2021-04-30T09:23:06.865+0300][17,715s][info][gc] GC(224) Pause Init Mark 0,220ms
[2021-04-30T09:23:06.878+0300][17,728s][info][gc] GC(224) Concurrent marking 12,752ms
[2021-04-30T09:23:06.879+0300][17,728s][info][gc] GC(224) Pause Final Mark 0,370ms
[2021-04-30T09:23:06.879+0300][17,728s][info][gc] GC(224) Concurrent cleanup 109M->109M(128M) 0,037ms
[2021-04-30T09:23:06.879+0300][17,728s][info][gc] GC(224) Concurrent evacuation 0,154ms
[2021-04-30T09:23:06.879+0300][17,729s][info][gc] GC(224) Pause Init Update Refs 0,005ms
[2021-04-30T09:23:06.891+0300][17,741s][info][gc] GC(224) Concurrent update references 12,220ms
[2021-04-30T09:23:06.892+0300][17,741s][info][gc] GC(224) Pause Final Update Refs 0,086ms
[2021-04-30T09:23:06.892+0300][17,741s][info][gc] GC(224) Concurrent cleanup 113M->101M(128M) 0,042ms
[2021-04-30T09:23:06.900+0300][17,750s][info][gc] Trigger: Average GC time (23,45 ms) is above the time for allocation rate (331 MB/s) to deplete free headroom (7526K)
[2021-04-30T09:23:06.901+0300][17,750s][info][gc] GC(225) Concurrent reset 0,260ms
[2021-04-30T09:23:06.901+0300][17,751s][info][gc] GC(225) Pause Init Mark (process weakrefs) 0,278ms
[2021-04-30T09:23:06.915+0300][17,764s][info][gc] GC(225) Concurrent marking (process weakrefs) 13,209ms
[2021-04-30T09:23:06.915+0300][17,764s][info][gc] GC(225) Concurrent precleaning 0,065ms
[2021-04-30T09:23:06.915+0300][17,764s][info][gc] GC(225) Pause Final Mark (process weakrefs) 0,326ms
[2021-04-30T09:23:06.915+0300][17,765s][info][gc] GC(225) Concurrent cleanup 109M->109M(128M) 0,044ms
[2021-04-30T09:23:06.915+0300][17,765s][info][gc] GC(225) Concurrent evacuation 0,098ms
[2021-04-30T09:23:06.915+0300][17,765s][info][gc] GC(225) Pause Init Update Refs 0,004ms
[2021-04-30T09:23:06.923+0300][17,772s][info][gc] GC(225) Concurrent update references 7,170ms
[2021-04-30T09:23:06.923+0300][17,772s][info][gc] GC(225) Pause Final Update Refs 0,074ms
[2021-04-30T09:23:06.923+0300][17,772s][info][gc] GC(225) Concurrent cleanup 114M->102M(128M) 0,043ms
[2021-04-30T09:23:06.931+0300][17,780s][info][gc] Trigger: Average GC time (23,69 ms) is above the time for allocation rate (358 MB/s) to deplete free headroom (8296K)
[2021-04-30T09:23:06.931+0300][17,780s][info][gc] GC(226) Concurrent reset 0,160ms
[2021-04-30T09:23:06.931+0300][17,781s][info][gc] GC(226) Pause Init Mark 0,264ms
[2021-04-30T09:23:06.944+0300][17,793s][info][gc] GC(226) Concurrent marking 12,622ms
[2021-04-30T09:23:06.944+0300][17,794s][info][gc] GC(226) Pause Final Mark 0,356ms
[2021-04-30T09:23:06.945+0300][17,794s][info][gc] GC(226) Concurrent cleanup 108M->108M(128M) 0,042ms
[2021-04-30T09:23:06.945+0300][17,794s][info][gc] GC(226) Concurrent evacuation 0,120ms
[2021-04-30T09:23:06.945+0300][17,794s][info][gc] GC(226) Pause Init Update Refs 0,005ms
[2021-04-30T09:23:06.953+0300][17,803s][info][gc] GC(226) Concurrent update references 8,505ms
[2021-04-30T09:23:06.954+0300][17,803s][info][gc] GC(226) Pause Final Update Refs 0,220ms
[2021-04-30T09:23:06.954+0300][17,804s][info][gc] GC(226) Concurrent cleanup 113M->102M(128M) 0,042ms
[2021-04-30T09:23:06.962+0300][17,811s][info][gc] Trigger: Average GC time (24,03 ms) is above the time for allocation rate (353 MB/s) to deplete free headroom (8042K)
[2021-04-30T09:23:06.962+0300][17,811s][info][gc] GC(227) Concurrent reset 0,125ms
[2021-04-30T09:23:06.962+0300][17,812s][info][gc] GC(227) Pause Init Mark 0,234ms
[2021-04-30T09:23:06.974+0300][17,823s][info][gc] GC(227) Concurrent marking 11,636ms
[2021-04-30T09:23:06.975+0300][17,824s][info][gc] GC(227) Pause Final Mark 0,399ms
[2021-04-30T09:23:06.975+0300][17,824s][info][gc] GC(227) Concurrent cleanup 108M->108M(128M) 0,042ms
[2021-04-30T09:23:06.975+0300][17,824s][info][gc] GC(227) Concurrent evacuation 0,242ms
[2021-04-30T09:23:06.975+0300][17,824s][info][gc] GC(227) Pause Init Update Refs 0,004ms
[2021-04-30T09:23:06.982+0300][17,832s][info][gc] GC(227) Concurrent update references 7,057ms
[2021-04-30T09:23:06.983+0300][17,832s][info][gc] GC(227) Pause Final Update Refs 0,144ms
[2021-04-30T09:23:06.983+0300][17,832s][info][gc] GC(227) Concurrent cleanup 113M->102M(128M) 0,053ms
[2021-04-30T09:23:06.989+0300][17,839s][info][gc] Trigger: Average GC time (23,53 ms) is above the time for allocation rate (373 MB/s) to deplete free headroom (8296K)
[2021-04-30T09:23:06.989+0300][17,839s][info][gc] GC(228) Concurrent reset 0,183ms
[2021-04-30T09:23:06.990+0300][17,839s][info][gc] GC(228) Pause Init Mark 0,195ms
[2021-04-30T09:23:07.002+0300][17,851s][info][gc] GC(228) Concurrent marking 11,968ms
[2021-04-30T09:23:07.003+0300][17,852s][info][gc] GC(228) Pause Final Mark 0,485ms
[2021-04-30T09:23:07.003+0300][17,852s][info][gc] GC(228) Concurrent cleanup 108M->108M(128M) 0,053ms
[2021-04-30T09:23:07.003+0300][17,852s][info][gc] GC(228) Concurrent evacuation 0,182ms
[2021-04-30T09:23:07.003+0300][17,852s][info][gc] GC(228) Pause Init Update Refs 0,004ms
[2021-04-30T09:23:07.012+0300][17,862s][info][gc] GC(228) Concurrent update references 9,429ms
[2021-04-30T09:23:07.013+0300][17,862s][info][gc] GC(228) Pause Final Update Refs 0,117ms
[2021-04-30T09:23:07.013+0300][17,862s][info][gc] GC(228) Concurrent cleanup 111M->101M(128M) 0,042ms
[2021-04-30T09:23:07.024+0300][17,873s][info][gc] Trigger: Average GC time (23,48 ms) is above the time for allocation rate (326 MB/s) to deplete free headroom (7272K)
[2021-04-30T09:23:07.024+0300][17,873s][info][gc] GC(229) Concurrent reset 0,163ms
[2021-04-30T09:23:07.025+0300][17,874s][info][gc] GC(229) Pause Init Mark 0,335ms
[2021-04-30T09:23:07.037+0300][17,886s][info][gc] GC(229) Concurrent marking 11,927ms
[2021-04-30T09:23:07.037+0300][17,886s][info][gc] GC(229) Pause Final Mark 0,366ms
[2021-04-30T09:23:07.037+0300][17,887s][info][gc] GC(229) Concurrent cleanup 109M->109M(128M) 0,070ms
[2021-04-30T09:23:07.038+0300][17,887s][info][gc] GC(229) Concurrent evacuation 0,466ms
[2021-04-30T09:23:07.038+0300][17,887s][info][gc] GC(229) Pause Init Update Refs 0,010ms
[2021-04-30T09:23:07.047+0300][17,896s][info][gc] GC(229) Concurrent update references 9,065ms
[2021-04-30T09:23:07.047+0300][17,897s][info][gc] GC(229) Pause Final Update Refs 0,099ms
[2021-04-30T09:23:07.047+0300][17,897s][info][gc] GC(229) Concurrent cleanup 114M->102M(128M) 0,040ms
[2021-04-30T09:23:07.056+0300][17,906s][info][gc] Trigger: Average GC time (22,83 ms) is above the time for allocation rate (341 MB/s) to deplete free headroom (7272K)
[2021-04-30T09:23:07.056+0300][17,906s][info][gc] GC(230) Concurrent reset 0,195ms
[2021-04-30T09:23:07.057+0300][17,906s][info][gc] GC(230) Pause Init Mark (process weakrefs) 0,262ms
[2021-04-30T09:23:07.069+0300][17,918s][info][gc] GC(230) Concurrent marking (process weakrefs) 11,916ms
[2021-04-30T09:23:07.069+0300][17,918s][info][gc] GC(230) Concurrent precleaning 0,100ms
[2021-04-30T09:23:07.069+0300][17,919s][info][gc] GC(230) Pause Final Mark (process weakrefs) 0,302ms
[2021-04-30T09:23:07.069+0300][17,919s][info][gc] GC(230) Concurrent cleanup 109M->109M(128M) 0,037ms
[2021-04-30T09:23:07.070+0300][17,919s][info][gc] GC(230) Concurrent evacuation 0,123ms
[2021-04-30T09:23:07.070+0300][17,919s][info][gc] GC(230) Pause Init Update Refs 0,009ms
[2021-04-30T09:23:07.082+0300][17,932s][info][gc] GC(230) Concurrent update references 12,367ms
[2021-04-30T09:23:07.083+0300][17,932s][info][gc] GC(230) Pause Final Update Refs 0,260ms
[2021-04-30T09:23:07.083+0300][17,933s][info][gc] GC(230) Concurrent cleanup 116M->105M(128M) 0,054ms
[2021-04-30T09:23:07.085+0300][17,935s][info][gc] Trigger: Average GC time (23,75 ms) is above the time for allocation rate (342 MB/s) to deplete free headroom (8296K)
[2021-04-30T09:23:07.086+0300][17,935s][info][gc] GC(231) Concurrent reset 0,272ms
[2021-04-30T09:23:07.086+0300][17,936s][info][gc] GC(231) Pause Init Mark 0,199ms
[2021-04-30T09:23:07.100+0300][17,949s][info][gc] GC(231) Concurrent marking 13,730ms
[2021-04-30T09:23:07.100+0300][17,950s][info][gc] GC(231) Pause Final Mark 0,415ms
[2021-04-30T09:23:07.101+0300][17,950s][info][gc] GC(231) Concurrent cleanup 109M->109M(128M) 0,041ms
[2021-04-30T09:23:07.101+0300][17,950s][info][gc] GC(231) Concurrent evacuation 0,102ms
[2021-04-30T09:23:07.101+0300][17,950s][info][gc] GC(231) Pause Init Update Refs 0,005ms
[2021-04-30T09:23:07.110+0300][17,959s][info][gc] GC(231) Concurrent update references 9,063ms
[2021-04-30T09:23:07.110+0300][17,960s][info][gc] GC(231) Pause Final Update Refs 0,075ms
[2021-04-30T09:23:07.110+0300][17,960s][info][gc] GC(231) Concurrent cleanup 113M->103M(128M) 0,042ms
[2021-04-30T09:23:07.118+0300][17,968s][info][gc] Trigger: Average GC time (24,05 ms) is above the time for allocation rate (322 MB/s) to deplete free headroom (7530K)
[2021-04-30T09:23:07.118+0300][17,968s][info][gc] GC(232) Concurrent reset 0,120ms
[2021-04-30T09:23:07.119+0300][17,968s][info][gc] GC(232) Pause Init Mark 0,215ms
[2021-04-30T09:23:07.131+0300][17,981s][info][gc] GC(232) Concurrent marking 12,428ms
[2021-04-30T09:23:07.132+0300][17,981s][info][gc] GC(232) Pause Final Mark 0,369ms
[2021-04-30T09:23:07.132+0300][17,981s][info][gc] GC(232) Concurrent cleanup 109M->109M(128M) 0,041ms
[2021-04-30T09:23:07.132+0300][17,981s][info][gc] GC(232) Concurrent evacuation 0,141ms
[2021-04-30T09:23:07.132+0300][17,981s][info][gc] GC(232) Pause Init Update Refs 0,005ms
[2021-04-30T09:23:07.141+0300][17,991s][info][gc] GC(232) Concurrent update references 9,368ms
[2021-04-30T09:23:07.142+0300][17,991s][info][gc] GC(232) Pause Final Update Refs 0,221ms
[2021-04-30T09:23:07.142+0300][17,992s][info][gc] GC(232) Concurrent cleanup 112M->102M(128M) 0,042ms
[2021-04-30T09:23:07.152+0300][18,001s][info][gc] Trigger: Average GC time (24,66 ms) is above the time for allocation rate (318 MB/s) to deplete free headroom (7016K)
[2021-04-30T09:23:07.152+0300][18,002s][info][gc] GC(233) Concurrent reset 0,183ms
[2021-04-30T09:23:07.153+0300][18,002s][info][gc] GC(233) Pause Init Mark 0,323ms
[2021-04-30T09:23:07.165+0300][18,014s][info][gc] GC(233) Concurrent marking 12,221ms
[2021-04-30T09:23:07.166+0300][18,015s][info][gc] GC(233) Pause Final Mark 0,461ms
[2021-04-30T09:23:07.166+0300][18,015s][info][gc] GC(233) Concurrent cleanup 109M->109M(128M) 0,038ms
[2021-04-30T09:23:07.166+0300][18,015s][info][gc] GC(233) Concurrent evacuation 0,196ms
[2021-04-30T09:23:07.166+0300][18,015s][info][gc] GC(233) Pause Init Update Refs 0,006ms
[2021-04-30T09:23:07.173+0300][18,022s][info][gc] GC(233) Concurrent update references 6,856ms
[2021-04-30T09:23:07.173+0300][18,023s][info][gc] GC(233) Pause Final Update Refs 0,171ms
[2021-04-30T09:23:07.173+0300][18,023s][info][gc] GC(233) Concurrent cleanup 114M->103M(128M) 0,052ms
[2021-04-30T09:23:07.179+0300][18,028s][info][gc] Trigger: Average GC time (24,24 ms) is above the time for allocation rate (351 MB/s) to deplete free headroom (8040K)
[2021-04-30T09:23:07.179+0300][18,029s][info][gc] GC(234) Concurrent reset 0,128ms
[2021-04-30T09:23:07.180+0300][18,029s][info][gc] GC(234) Pause Init Mark 0,235ms
[2021-04-30T09:23:07.192+0300][18,041s][info][gc] GC(234) Concurrent marking 12,279ms
[2021-04-30T09:23:07.193+0300][18,042s][info][gc] GC(234) Pause Final Mark 0,499ms
[2021-04-30T09:23:07.193+0300][18,042s][info][gc] GC(234) Concurrent cleanup 109M->109M(128M) 0,039ms
[2021-04-30T09:23:07.193+0300][18,042s][info][gc] GC(234) Concurrent evacuation 0,176ms
[2021-04-30T09:23:07.193+0300][18,043s][info][gc] GC(234) Pause Init Update Refs 0,004ms
[2021-04-30T09:23:07.202+0300][18,052s][info][gc] GC(234) Concurrent update references 9,260ms
[2021-04-30T09:23:07.203+0300][18,052s][info][gc] GC(234) Pause Final Update Refs 0,211ms
[2021-04-30T09:23:07.203+0300][18,052s][info][gc] GC(234) Concurrent cleanup 112M->103M(128M) 0,041ms
[2021-04-30T09:23:07.209+0300][18,059s][info][gc] Trigger: Average GC time (24,32 ms) is above the time for allocation rate (328 MB/s) to deplete free headroom (7272K)
[2021-04-30T09:23:07.210+0300][18,059s][info][gc] GC(235) Concurrent reset 0,121ms
[2021-04-30T09:23:07.210+0300][18,060s][info][gc] GC(235) Pause Init Mark (process weakrefs) 0,315ms
[2021-04-30T09:23:07.223+0300][18,073s][info][gc] GC(235) Concurrent marking (process weakrefs) 12,821ms
[2021-04-30T09:23:07.223+0300][18,073s][info][gc] GC(235) Concurrent precleaning 0,113ms
[2021-04-30T09:23:07.224+0300][18,073s][info][gc] GC(235) Pause Final Mark (process weakrefs) 0,452ms
[2021-04-30T09:23:07.224+0300][18,073s][info][gc] GC(235) Concurrent cleanup 109M->109M(128M) 0,039ms
[2021-04-30T09:23:07.224+0300][18,074s][info][gc] GC(235) Concurrent evacuation 0,133ms
[2021-04-30T09:23:07.224+0300][18,074s][info][gc] GC(235) Pause Init Update Refs 0,005ms
[2021-04-30T09:23:07.231+0300][18,081s][info][gc] GC(235) Concurrent update references 6,786ms
[2021-04-30T09:23:07.232+0300][18,081s][info][gc] GC(235) Pause Final Update Refs 0,115ms
[2021-04-30T09:23:07.232+0300][18,081s][info][gc] GC(235) Concurrent cleanup 114M->104M(128M) 0,040ms
[2021-04-30T09:23:07.238+0300][18,088s][info][gc] Trigger: Average GC time (23,36 ms) is above the time for allocation rate (339 MB/s) to deplete free headroom (7530K)
[2021-04-30T09:23:07.239+0300][18,088s][info][gc] GC(236) Concurrent reset 0,202ms
[2021-04-30T09:23:07.239+0300][18,088s][info][gc] GC(236) Pause Init Mark 0,251ms
[2021-04-30T09:23:07.257+0300][18,106s][info][gc] GC(236) Concurrent marking 17,654ms
[2021-04-30T09:23:07.257+0300][18,107s][info][gc] GC(236) Pause Final Mark 0,349ms
[2021-04-30T09:23:07.257+0300][18,107s][info][gc] GC(236) Concurrent cleanup 109M->109M(128M) 0,039ms
[2021-04-30T09:23:07.257+0300][18,107s][info][gc] GC(236) Concurrent evacuation 0,126ms
[2021-04-30T09:23:07.258+0300][18,107s][info][gc] GC(236) Pause Init Update Refs 0,004ms
[2021-04-30T09:23:07.265+0300][18,114s][info][gc] GC(236) Concurrent update references 7,038ms
[2021-04-30T09:23:07.265+0300][18,114s][info][gc] GC(236) Pause Final Update Refs 0,117ms
[2021-04-30T09:23:07.265+0300][18,114s][info][gc] GC(236) Concurrent cleanup 112M->102M(128M) 0,042ms
[2021-04-30T09:23:07.273+0300][18,122s][info][gc] Trigger: Average GC time (23,71 ms) is above the time for allocation rate (292 MB/s) to deplete free headroom (6764K)
[2021-04-30T09:23:07.273+0300][18,122s][info][gc] GC(237) Concurrent reset 0,168ms
[2021-04-30T09:23:07.273+0300][18,123s][info][gc] GC(237) Pause Init Mark 0,252ms
[2021-04-30T09:23:07.286+0300][18,135s][info][gc] GC(237) Concurrent marking 12,294ms
[2021-04-30T09:23:07.286+0300][18,136s][info][gc] GC(237) Pause Final Mark 0,517ms
[2021-04-30T09:23:07.287+0300][18,136s][info][gc] GC(237) Concurrent cleanup 109M->109M(128M) 0,037ms
[2021-04-30T09:23:07.287+0300][18,136s][info][gc] GC(237) Concurrent evacuation 0,237ms
[2021-04-30T09:23:07.287+0300][18,136s][info][gc] GC(237) Pause Init Update Refs 0,004ms
[2021-04-30T09:23:07.294+0300][18,143s][info][gc] GC(237) Concurrent update references 6,784ms
[2021-04-30T09:23:07.294+0300][18,144s][info][gc] GC(237) Pause Final Update Refs 0,055ms
[2021-04-30T09:23:07.294+0300][18,144s][info][gc] GC(237) Concurrent cleanup 114M->104M(128M) 0,041ms
[2021-04-30T09:23:07.301+0300][18,150s][info][gc] Trigger: Average GC time (23,23 ms) is above the time for allocation rate (346 MB/s) to deplete free headroom (6762K)
[2021-04-30T09:23:07.301+0300][18,150s][info][gc] GC(238) Concurrent reset 0,184ms
[2021-04-30T09:23:07.301+0300][18,151s][info][gc] GC(238) Pause Init Mark 0,307ms
[2021-04-30T09:23:07.319+0300][18,168s][info][gc] GC(238) Concurrent marking 17,593ms
[2021-04-30T09:23:07.320+0300][18,169s][info][gc] GC(238) Pause Final Mark 0,741ms
[2021-04-30T09:23:07.320+0300][18,170s][info][gc] GC(238) Concurrent cleanup 110M->110M(128M) 0,039ms
[2021-04-30T09:23:07.320+0300][18,170s][info][gc] GC(238) Concurrent evacuation 0,174ms
[2021-04-30T09:23:07.321+0300][18,170s][info][gc] GC(238) Pause Init Update Refs 0,020ms
[2021-04-30T09:23:07.328+0300][18,177s][info][gc] GC(238) Concurrent update references 7,229ms
[2021-04-30T09:23:07.328+0300][18,178s][info][gc] GC(238) Pause Final Update Refs 0,068ms
[2021-04-30T09:23:07.328+0300][18,178s][info][gc] GC(238) Concurrent cleanup 114M->104M(128M) 0,041ms
[2021-04-30T09:23:07.334+0300][18,183s][info][gc] Trigger: Average GC time (24,40 ms) is above the time for allocation rate (290 MB/s) to deplete free headroom (6762K)
[2021-04-30T09:23:07.334+0300][18,183s][info][gc] GC(239) Concurrent reset 0,167ms
[2021-04-30T09:23:07.334+0300][18,184s][info][gc] GC(239) Pause Init Mark 0,223ms
[2021-04-30T09:23:07.348+0300][18,197s][info][gc] GC(239) Concurrent marking 13,686ms
[2021-04-30T09:23:07.348+0300][18,198s][info][gc] GC(239) Pause Final Mark 0,390ms
[2021-04-30T09:23:07.349+0300][18,198s][info][gc] GC(239) Concurrent cleanup 110M->110M(128M) 0,039ms
[2021-04-30T09:23:07.349+0300][18,198s][info][gc] GC(239) Concurrent evacuation 0,124ms
[2021-04-30T09:23:07.349+0300][18,198s][info][gc] GC(239) Pause Init Update Refs 0,006ms
[2021-04-30T09:23:07.356+0300][18,206s][info][gc] GC(239) Concurrent update references 7,287ms
[2021-04-30T09:23:07.357+0300][18,206s][info][gc] GC(239) Pause Final Update Refs 0,121ms
[2021-04-30T09:23:07.357+0300][18,206s][info][gc] GC(239) Concurrent cleanup 113M->103M(128M) 0,042ms
[2021-04-30T09:23:07.363+0300][18,213s][info][gc] Trigger: Average GC time (24,24 ms) is above the time for allocation rate (313 MB/s) to deplete free headroom (7018K)
[2021-04-30T09:23:07.363+0300][18,213s][info][gc] GC(240) Concurrent reset 0,149ms
[2021-04-30T09:23:07.364+0300][18,213s][info][gc] GC(240) Pause Init Mark (process weakrefs) 0,271ms
[2021-04-30T09:23:07.379+0300][18,228s][info][gc] GC(240) Concurrent marking (process weakrefs) 14,695ms
[2021-04-30T09:23:07.379+0300][18,228s][info][gc] GC(240) Concurrent precleaning 0,139ms
[2021-04-30T09:23:07.379+0300][18,229s][info][gc] GC(240) Pause Final Mark (process weakrefs) 0,401ms
[2021-04-30T09:23:07.379+0300][18,229s][info][gc] GC(240) Concurrent cleanup 109M->109M(128M) 0,039ms
[2021-04-30T09:23:07.380+0300][18,229s][info][gc] GC(240) Concurrent evacuation 0,112ms
[2021-04-30T09:23:07.380+0300][18,229s][info][gc] GC(240) Pause Init Update Refs 0,005ms
[2021-04-30T09:23:07.387+0300][18,237s][info][gc] GC(240) Concurrent update references 7,715ms
[2021-04-30T09:23:07.388+0300][18,237s][info][gc] GC(240) Pause Final Update Refs 0,153ms
[2021-04-30T09:23:07.388+0300][18,237s][info][gc] GC(240) Concurrent cleanup 115M->105M(128M) 0,042ms
[2021-04-30T09:23:07.392+0300][18,242s][info][gc] Trigger: Average GC time (24,74 ms) is above the time for allocation rate (300 MB/s) to deplete free headroom (7597K)
[2021-04-30T09:23:07.393+0300][18,242s][info][gc] GC(241) Concurrent reset 0,166ms
[2021-04-30T09:23:07.393+0300][18,242s][info][gc] GC(241) Pause Init Mark 0,222ms
[2021-04-30T09:23:07.405+0300][18,254s][info][gc] GC(241) Concurrent marking 12,003ms
[2021-04-30T09:23:07.405+0300][18,255s][info][gc] GC(241) Pause Final Mark 0,269ms
[2021-04-30T09:23:07.405+0300][18,255s][info][gc] GC(241) Concurrent cleanup 108M->108M(128M) 0,036ms
[2021-04-30T09:23:07.406+0300][18,255s][info][gc] GC(241) Concurrent evacuation 0,203ms
[2021-04-30T09:23:07.406+0300][18,255s][info][gc] GC(241) Pause Init Update Refs 0,006ms
[2021-04-30T09:23:07.414+0300][18,263s][info][gc] GC(241) Concurrent update references 8,024ms
[2021-04-30T09:23:07.414+0300][18,264s][info][gc] GC(241) Pause Final Update Refs 0,138ms
[2021-04-30T09:23:07.415+0300][18,264s][info][gc] GC(241) Concurrent cleanup 113M->105M(128M) 0,052ms
[2021-04-30T09:23:07.419+0300][18,268s][info][gc] Trigger: Average GC time (23,83 ms) is above the time for allocation rate (319 MB/s) to deplete free headroom (7343K)
[2021-04-30T09:23:07.419+0300][18,269s][info][gc] GC(242) Concurrent reset 0,148ms
[2021-04-30T09:23:07.419+0300][18,269s][info][gc] GC(242) Pause Init Mark 0,219ms
[2021-04-30T09:23:07.432+0300][18,281s][info][gc] GC(242) Concurrent marking 12,499ms
[2021-04-30T09:23:07.433+0300][18,282s][info][gc] GC(242) Pause Final Mark 0,412ms
[2021-04-30T09:23:07.433+0300][18,282s][info][gc] GC(242) Concurrent cleanup 109M->109M(128M) 0,041ms
[2021-04-30T09:23:07.433+0300][18,282s][info][gc] GC(242) Concurrent evacuation 0,167ms
[2021-04-30T09:23:07.433+0300][18,282s][info][gc] GC(242) Pause Init Update Refs 0,005ms
[2021-04-30T09:23:07.444+0300][18,293s][info][gc] GC(242) Concurrent update references 10,481ms
[2021-04-30T09:23:07.444+0300][18,293s][info][gc] GC(242) Pause Final Update Refs 0,147ms
[2021-04-30T09:23:07.444+0300][18,293s][info][gc] GC(242) Concurrent cleanup 113M->104M(128M) 0,042ms
[2021-04-30T09:23:07.449+0300][18,299s][info][gc] Trigger: Average GC time (24,50 ms) is above the time for allocation rate (297 MB/s) to deplete free headroom (6573K)
[2021-04-30T09:23:07.450+0300][18,299s][info][gc] GC(243) Concurrent reset 0,129ms
[2021-04-30T09:23:07.450+0300][18,300s][info][gc] GC(243) Pause Init Mark 0,216ms
[2021-04-30T09:23:07.463+0300][18,312s][info][gc] GC(243) Concurrent marking 12,511ms
[2021-04-30T09:23:07.463+0300][18,313s][info][gc] GC(243) Pause Final Mark 0,390ms
[2021-04-30T09:23:07.463+0300][18,313s][info][gc] GC(243) Concurrent cleanup 110M->110M(128M) 0,045ms
[2021-04-30T09:23:07.463+0300][18,313s][info][gc] GC(243) Concurrent evacuation 0,114ms
[2021-04-30T09:23:07.464+0300][18,313s][info][gc] GC(243) Pause Init Update Refs 0,005ms
[2021-04-30T09:23:07.474+0300][18,324s][info][gc] GC(243) Concurrent update references 10,476ms
[2021-04-30T09:23:07.475+0300][18,324s][info][gc] GC(243) Pause Final Update Refs 0,222ms
[2021-04-30T09:23:07.475+0300][18,324s][info][gc] GC(243) Concurrent cleanup 113M->104M(128M) 0,043ms
[2021-04-30T09:23:07.480+0300][18,330s][info][gc] Trigger: Average GC time (24,06 ms) is above the time for allocation rate (293 MB/s) to deplete free headroom (6700K)
[2021-04-30T09:23:07.480+0300][18,330s][info][gc] GC(244) Concurrent reset 0,227ms
[2021-04-30T09:23:07.481+0300][18,330s][info][gc] GC(244) Pause Init Mark 0,265ms
[2021-04-30T09:23:07.495+0300][18,345s][info][gc] GC(244) Concurrent marking 14,141ms
[2021-04-30T09:23:07.496+0300][18,345s][info][gc] GC(244) Pause Final Mark 0,486ms
[2021-04-30T09:23:07.496+0300][18,345s][info][gc] GC(244) Concurrent cleanup 109M->110M(128M) 0,041ms
[2021-04-30T09:23:07.496+0300][18,346s][info][gc] GC(244) Concurrent evacuation 0,196ms
[2021-04-30T09:23:07.496+0300][18,346s][info][gc] GC(244) Pause Init Update Refs 0,007ms
[2021-04-30T09:23:07.504+0300][18,354s][info][gc] GC(244) Concurrent update references 7,794ms
[2021-04-30T09:23:07.505+0300][18,354s][info][gc] GC(244) Pause Final Update Refs 0,126ms
[2021-04-30T09:23:07.505+0300][18,354s][info][gc] GC(244) Concurrent cleanup 115M->106M(128M) 0,043ms
[2021-04-30T09:23:07.509+0300][18,359s][info][gc] Trigger: Average GC time (24,37 ms) is above the time for allocation rate (301 MB/s) to deplete free headroom (6573K)
[2021-04-30T09:23:07.509+0300][18,359s][info][gc] GC(245) Concurrent reset 0,203ms
[2021-04-30T09:23:07.510+0300][18,359s][info][gc] GC(245) Pause Init Mark (process weakrefs) 0,193ms
[2021-04-30T09:23:07.525+0300][18,374s][info][gc] GC(245) Concurrent marking (process weakrefs) 14,567ms
[2021-04-30T09:23:07.525+0300][18,374s][info][gc] GC(245) Concurrent precleaning 0,087ms
[2021-04-30T09:23:07.525+0300][18,375s][info][gc] GC(245) Pause Final Mark (process weakrefs) 0,386ms
[2021-04-30T09:23:07.525+0300][18,375s][info][gc] GC(245) Concurrent cleanup 110M->110M(128M) 0,042ms
[2021-04-30T09:23:07.525+0300][18,375s][info][gc] GC(245) Concurrent evacuation 0,127ms
[2021-04-30T09:23:07.525+0300][18,375s][info][gc] GC(245) Pause Init Update Refs 0,005ms
[2021-04-30T09:23:07.534+0300][18,383s][info][gc] GC(245) Concurrent update references 8,544ms
[2021-04-30T09:23:07.534+0300][18,384s][info][gc] GC(245) Pause Final Update Refs 0,067ms
[2021-04-30T09:23:07.534+0300][18,384s][info][gc] GC(245) Concurrent cleanup 112M->102M(128M) 0,042ms
[2021-04-30T09:23:07.551+0300][18,400s][info][gc] Trigger: Free (12614K) is below minimum threshold (13107K)
[2021-04-30T09:23:07.551+0300][18,400s][info][gc] GC(246) Concurrent reset 0,129ms
[2021-04-30T09:23:07.551+0300][18,401s][info][gc] GC(246) Pause Init Mark 0,234ms
[2021-04-30T09:23:07.565+0300][18,415s][info][gc] GC(246) Concurrent marking 13,728ms
[2021-04-30T09:23:07.566+0300][18,415s][info][gc] GC(246) Pause Final Mark 0,358ms
[2021-04-30T09:23:07.566+0300][18,415s][info][gc] GC(246) Concurrent cleanup 110M->110M(128M) 0,045ms
[2021-04-30T09:23:07.566+0300][18,415s][info][gc] GC(246) Concurrent evacuation 0,125ms
[2021-04-30T09:23:07.566+0300][18,415s][info][gc] GC(246) Pause Init Update Refs 0,004ms
[2021-04-30T09:23:07.576+0300][18,425s][info][gc] GC(246) Concurrent update references 10,019ms
[2021-04-30T09:23:07.576+0300][18,426s][info][gc] GC(246) Pause Final Update Refs 0,143ms
[2021-04-30T09:23:07.577+0300][18,426s][info][gc] GC(246) Concurrent cleanup 115M->106M(128M) 0,043ms
[2021-04-30T09:23:07.580+0300][18,429s][info][gc] Trigger: Average GC time (25,17 ms) is above the time for allocation rate (293 MB/s) to deplete free headroom (6573K)
[2021-04-30T09:23:07.580+0300][18,429s][info][gc] GC(247) Concurrent reset 0,199ms
[2021-04-30T09:23:07.581+0300][18,430s][info][gc] GC(247) Pause Init Mark 0,312ms
[2021-04-30T09:23:07.599+0300][18,449s][info][gc] GC(247) Concurrent marking 18,743ms
[2021-04-30T09:23:07.600+0300][18,449s][info][gc] GC(247) Pause Final Mark 0,435ms
[2021-04-30T09:23:07.600+0300][18,450s][info][gc] GC(247) Concurrent cleanup 110M->110M(128M) 0,101ms
[2021-04-30T09:23:07.600+0300][18,450s][info][gc] GC(247) Concurrent evacuation 0,095ms
[2021-04-30T09:23:07.600+0300][18,450s][info][gc] GC(247) Pause Init Update Refs 0,006ms
[2021-04-30T09:23:07.611+0300][18,460s][info][gc] GC(247) Concurrent update references 10,597ms
[2021-04-30T09:23:07.611+0300][18,461s][info][gc] GC(247) Pause Final Update Refs 0,112ms
[2021-04-30T09:23:07.611+0300][18,461s][info][gc] GC(247) Concurrent cleanup 112M->104M(128M) 0,043ms
[2021-04-30T09:23:07.618+0300][18,467s][info][gc] Trigger: Free (12616K) is below minimum threshold (13107K)
[2021-04-30T09:23:07.618+0300][18,468s][info][gc] GC(248) Concurrent reset 0,135ms
[2021-04-30T09:23:07.618+0300][18,468s][info][gc] GC(248) Pause Init Mark 0,181ms
[2021-04-30T09:23:07.633+0300][18,483s][info][gc] GC(248) Concurrent marking 14,975ms
[2021-04-30T09:23:07.634+0300][18,483s][info][gc] GC(248) Pause Final Mark 0,345ms
[2021-04-30T09:23:07.634+0300][18,483s][info][gc] GC(248) Concurrent cleanup 110M->110M(128M) 0,041ms
[2021-04-30T09:23:07.634+0300][18,484s][info][gc] GC(248) Concurrent evacuation 0,181ms
[2021-04-30T09:23:07.634+0300][18,484s][info][gc] GC(248) Pause Init Update Refs 0,004ms
[2021-04-30T09:23:07.642+0300][18,492s][info][gc] GC(248) Concurrent update references 7,737ms
[2021-04-30T09:23:07.643+0300][18,492s][info][gc] GC(248) Pause Final Update Refs 0,183ms
[2021-04-30T09:23:07.643+0300][18,492s][info][gc] GC(248) Concurrent cleanup 116M->107M(128M) 0,050ms
[2021-04-30T09:23:07.644+0300][18,493s][info][gc] Trigger: Average GC time (26,40 ms) is above the time for allocation rate (279 MB/s) to deplete free headroom (7468K)
[2021-04-30T09:23:07.645+0300][18,494s][info][gc] GC(249) Concurrent reset 0,316ms
[2021-04-30T09:23:07.645+0300][18,495s][info][gc] GC(249) Pause Init Mark 0,389ms
[2021-04-30T09:23:07.664+0300][18,513s][info][gc] GC(249) Concurrent marking 18,287ms
[2021-04-30T09:23:07.664+0300][18,514s][info][gc] GC(249) Pause Final Mark 0,405ms
[2021-04-30T09:23:07.664+0300][18,514s][info][gc] GC(249) Concurrent cleanup 109M->109M(128M) 0,039ms
[2021-04-30T09:23:07.664+0300][18,514s][info][gc] GC(249) Concurrent evacuation 0,120ms
[2021-04-30T09:23:07.665+0300][18,514s][info][gc] GC(249) Pause Init Update Refs 0,005ms
[2021-04-30T09:23:07.677+0300][18,526s][info][gc] GC(249) Concurrent update references 12,248ms
[2021-04-30T09:23:07.677+0300][18,527s][info][gc] GC(249) Pause Final Update Refs 0,063ms
[2021-04-30T09:23:07.677+0300][18,527s][info][gc] GC(249) Concurrent cleanup 114M->107M(128M) 0,041ms
[2021-04-30T09:23:07.682+0300][18,531s][info][gc] Trigger: Free (12425K) is below minimum threshold (13107K)
[2021-04-30T09:23:07.682+0300][18,531s][info][gc] GC(250) Concurrent reset 0,168ms
[2021-04-30T09:23:07.682+0300][18,532s][info][gc] GC(250) Pause Init Mark (process weakrefs) 0,247ms
[2021-04-30T09:23:07.695+0300][18,545s][info][gc] GC(250) Concurrent marking (process weakrefs) 12,890ms
[2021-04-30T09:23:07.695+0300][18,545s][info][gc] GC(250) Concurrent precleaning 0,053ms
[2021-04-30T09:23:07.696+0300][18,545s][info][gc] GC(250) Pause Final Mark (process weakrefs) 0,567ms
[2021-04-30T09:23:07.696+0300][18,546s][info][gc] GC(250) Concurrent cleanup 110M->110M(128M) 0,046ms
[2021-04-30T09:23:07.696+0300][18,546s][info][gc] GC(250) Concurrent evacuation 0,129ms
[2021-04-30T09:23:07.696+0300][18,546s][info][gc] GC(250) Pause Init Update Refs 0,021ms
[2021-04-30T09:23:07.703+0300][18,553s][info][gc] GC(250) Concurrent update references 6,832ms
[2021-04-30T09:23:07.704+0300][18,553s][info][gc] GC(250) Pause Final Update Refs 0,212ms
[2021-04-30T09:23:07.704+0300][18,553s][info][gc] GC(250) Concurrent cleanup 110M->102M(128M) 0,040ms
[2021-04-30T09:23:07.715+0300][18,564s][info][gc] Trigger: Free (13004K) is below minimum threshold (13107K)
[2021-04-30T09:23:07.715+0300][18,565s][info][gc] GC(251) Concurrent reset 0,200ms
[2021-04-30T09:23:07.716+0300][18,565s][info][gc] GC(251) Pause Init Mark 0,321ms
[2021-04-30T09:23:07.728+0300][18,578s][info][gc] GC(251) Concurrent marking 12,328ms
[2021-04-30T09:23:07.729+0300][18,578s][info][gc] GC(251) Pause Final Mark 0,427ms
[2021-04-30T09:23:07.729+0300][18,578s][info][gc] GC(251) Concurrent cleanup 110M->110M(128M) 0,038ms
[2021-04-30T09:23:07.729+0300][18,578s][info][gc] GC(251) Concurrent evacuation 0,090ms
[2021-04-30T09:23:07.729+0300][18,578s][info][gc] GC(251) Pause Init Update Refs 0,005ms
[2021-04-30T09:23:07.736+0300][18,586s][info][gc] GC(251) Concurrent update references 7,171ms
[2021-04-30T09:23:07.736+0300][18,586s][info][gc] GC(251) Pause Final Update Refs 0,113ms
[2021-04-30T09:23:07.736+0300][18,586s][info][gc] GC(251) Concurrent cleanup 114M->106M(128M) 0,038ms
[2021-04-30T09:23:07.739+0300][18,588s][info][gc] Trigger: Average GC time (26,68 ms) is above the time for allocation rate (304 MB/s) to deplete free headroom (7284K)
[2021-04-30T09:23:07.739+0300][18,588s][info][gc] GC(252) Concurrent reset 0,123ms
[2021-04-30T09:23:07.739+0300][18,589s][info][gc] GC(252) Pause Init Mark 0,253ms
[2021-04-30T09:23:07.751+0300][18,601s][info][gc] GC(252) Concurrent marking 12,126ms
[2021-04-30T09:23:07.752+0300][18,602s][info][gc] GC(252) Pause Final Mark 0,420ms
[2021-04-30T09:23:07.752+0300][18,602s][info][gc] GC(252) Concurrent cleanup 109M->109M(128M) 0,039ms
[2021-04-30T09:23:07.752+0300][18,602s][info][gc] GC(252) Concurrent evacuation 0,081ms
[2021-04-30T09:23:07.753+0300][18,602s][info][gc] GC(252) Pause Init Update Refs 0,021ms
[2021-04-30T09:23:07.760+0300][18,609s][info][gc] GC(252) Concurrent update references 7,235ms
[2021-04-30T09:23:07.760+0300][18,610s][info][gc] GC(252) Pause Final Update Refs 0,157ms
[2021-04-30T09:23:07.760+0300][18,610s][info][gc] GC(252) Concurrent cleanup 113M->106M(128M) 0,040ms
[2021-04-30T09:23:07.763+0300][18,612s][info][gc] Trigger: Average GC time (24,69 ms) is above the time for allocation rate (294 MB/s) to deplete free headroom (7127K)
[2021-04-30T09:23:07.763+0300][18,612s][info][gc] GC(253) Concurrent reset 0,162ms
[2021-04-30T09:23:07.763+0300][18,613s][info][gc] GC(253) Pause Init Mark 0,246ms
[2021-04-30T09:23:07.777+0300][18,627s][info][gc] GC(253) Concurrent marking 14,021ms
[2021-04-30T09:23:07.778+0300][18,627s][info][gc] GC(253) Pause Final Mark 0,433ms
[2021-04-30T09:23:07.778+0300][18,627s][info][gc] GC(253) Concurrent cleanup 109M->110M(128M) 0,058ms
[2021-04-30T09:23:07.778+0300][18,628s][info][gc] GC(253) Concurrent evacuation 0,127ms
[2021-04-30T09:23:07.778+0300][18,628s][info][gc] GC(253) Pause Init Update Refs 0,004ms
[2021-04-30T09:23:07.789+0300][18,638s][info][gc] GC(253) Concurrent update references 10,376ms
[2021-04-30T09:23:07.789+0300][18,638s][info][gc] GC(253) Pause Final Update Refs 0,076ms
[2021-04-30T09:23:07.789+0300][18,639s][info][gc] GC(253) Concurrent cleanup 113M->106M(128M) 0,041ms
[2021-04-30T09:23:07.792+0300][18,642s][info][gc] Trigger: Free (12788K) is below minimum threshold (13107K)
[2021-04-30T09:23:07.793+0300][18,642s][info][gc] GC(254) Concurrent reset 0,188ms
[2021-04-30T09:23:07.793+0300][18,643s][info][gc] GC(254) Pause Init Mark 0,199ms
[2021-04-30T09:23:07.805+0300][18,655s][info][gc] GC(254) Concurrent marking 12,058ms
[2021-04-30T09:23:07.806+0300][18,655s][info][gc] GC(254) Pause Final Mark 0,395ms
[2021-04-30T09:23:07.806+0300][18,655s][info][gc] GC(254) Concurrent cleanup 110M->110M(128M) 0,040ms
[2021-04-30T09:23:07.806+0300][18,655s][info][gc] GC(254) Concurrent evacuation 0,087ms
[2021-04-30T09:23:07.806+0300][18,656s][info][gc] GC(254) Pause Init Update Refs 0,005ms
[2021-04-30T09:23:07.815+0300][18,664s][info][gc] GC(254) Concurrent update references 8,538ms
[2021-04-30T09:23:07.815+0300][18,664s][info][gc] GC(254) Pause Final Update Refs 0,085ms
[2021-04-30T09:23:07.815+0300][18,664s][info][gc] GC(254) Concurrent cleanup 115M->107M(128M) 0,042ms
[2021-04-30T09:23:07.817+0300][18,667s][info][gc] Trigger: Average GC time (22,96 ms) is above the time for allocation rate (303 MB/s) to deplete free headroom (6557K)
[2021-04-30T09:23:07.817+0300][18,667s][info][gc] GC(255) Concurrent reset 0,201ms
[2021-04-30T09:23:07.818+0300][18,668s][info][gc] GC(255) Pause Init Mark (process weakrefs) 0,339ms
[2021-04-30T09:23:07.830+0300][18,680s][info][gc] GC(255) Concurrent marking (process weakrefs) 11,949ms
[2021-04-30T09:23:07.830+0300][18,680s][info][gc] GC(255) Concurrent precleaning 0,092ms
[2021-04-30T09:23:07.831+0300][18,680s][info][gc] GC(255) Pause Final Mark (process weakrefs) 0,472ms
[2021-04-30T09:23:07.831+0300][18,680s][info][gc] GC(255) Concurrent cleanup 110M->110M(128M) 0,036ms
[2021-04-30T09:23:07.831+0300][18,680s][info][gc] GC(255) Concurrent evacuation 0,178ms
[2021-04-30T09:23:07.831+0300][18,681s][info][gc] GC(255) Pause Init Update Refs 0,021ms
[2021-04-30T09:23:07.845+0300][18,694s][info][gc] GC(255) Concurrent update references 13,137ms
[2021-04-30T09:23:07.845+0300][18,694s][info][gc] GC(255) Pause Final Update Refs 0,192ms
[2021-04-30T09:23:07.845+0300][18,695s][info][gc] GC(255) Concurrent cleanup 118M->110M(128M) 0,047ms
[2021-04-30T09:23:07.846+0300][18,696s][info][gc] Trigger: Free (10484K) is below minimum threshold (13107K)
[2021-04-30T09:23:07.846+0300][18,696s][info][gc] GC(256) Concurrent reset 0,232ms
[2021-04-30T09:23:07.847+0300][18,696s][info][gc] GC(256) Pause Init Mark 0,265ms
[2021-04-30T09:23:07.866+0300][18,715s][info][gc] GC(256) Concurrent marking 18,750ms
[2021-04-30T09:23:07.866+0300][18,716s][info][gc] GC(256) Pause Final Mark 0,379ms
[2021-04-30T09:23:07.866+0300][18,716s][info][gc] GC(256) Concurrent cleanup 112M->112M(128M) 0,038ms
[2021-04-30T09:23:07.867+0300][18,716s][info][gc] GC(256) Concurrent evacuation 0,221ms
[2021-04-30T09:23:07.867+0300][18,716s][info][gc] GC(256) Pause Init Update Refs 0,005ms
[2021-04-30T09:23:07.875+0300][18,724s][info][gc] GC(256) Concurrent update references 8,035ms
[2021-04-30T09:23:07.875+0300][18,725s][info][gc] GC(256) Pause Final Update Refs 0,085ms
[2021-04-30T09:23:07.875+0300][18,725s][info][gc] GC(256) Concurrent cleanup 113M->104M(128M) 0,039ms
[2021-04-30T09:23:07.882+0300][18,731s][info][gc] Trigger: Free (12819K) is below minimum threshold (13107K)
[2021-04-30T09:23:07.882+0300][18,732s][info][gc] GC(257) Concurrent reset 0,187ms
[2021-04-30T09:23:07.883+0300][18,732s][info][gc] GC(257) Pause Init Mark 0,265ms
[2021-04-30T09:23:07.898+0300][18,747s][info][gc] GC(257) Concurrent marking 14,905ms
[2021-04-30T09:23:07.898+0300][18,748s][info][gc] GC(257) Pause Final Mark 0,367ms
[2021-04-30T09:23:07.898+0300][18,748s][info][gc] GC(257) Concurrent cleanup 110M->110M(128M) 0,037ms
[2021-04-30T09:23:07.898+0300][18,748s][info][gc] GC(257) Concurrent evacuation 0,192ms
[2021-04-30T09:23:07.899+0300][18,748s][info][gc] GC(257) Pause Init Update Refs 0,005ms
[2021-04-30T09:23:07.906+0300][18,756s][info][gc] GC(257) Concurrent update references 7,610ms
[2021-04-30T09:23:07.906+0300][18,756s][info][gc] GC(257) Pause Final Update Refs 0,063ms
[2021-04-30T09:23:07.906+0300][18,756s][info][gc] GC(257) Concurrent cleanup 116M->108M(128M) 0,038ms
[2021-04-30T09:23:07.908+0300][18,757s][info][gc] Trigger: Free (12659K) is below minimum threshold (13107K)
[2021-04-30T09:23:07.908+0300][18,757s][info][gc] GC(258) Concurrent reset 0,353ms
[2021-04-30T09:23:07.909+0300][18,758s][info][gc] GC(258) Pause Init Mark 0,389ms
[2021-04-30T09:23:07.921+0300][18,771s][info][gc] GC(258) Concurrent marking 12,530ms
[2021-04-30T09:23:07.922+0300][18,771s][info][gc] GC(258) Pause Final Mark 0,458ms
[2021-04-30T09:23:07.922+0300][18,771s][info][gc] GC(258) Concurrent cleanup 110M->110M(128M) 0,039ms
[2021-04-30T09:23:07.922+0300][18,772s][info][gc] GC(258) Concurrent evacuation 0,089ms
[2021-04-30T09:23:07.922+0300][18,772s][info][gc] GC(258) Pause Init Update Refs 0,021ms
[2021-04-30T09:23:07.930+0300][18,780s][info][gc] GC(258) Concurrent update references 7,756ms
[2021-04-30T09:23:07.931+0300][18,780s][info][gc] GC(258) Pause Final Update Refs 0,132ms
[2021-04-30T09:23:07.931+0300][18,780s][info][gc] GC(258) Concurrent cleanup 115M->108M(128M) 0,042ms
[2021-04-30T09:23:07.932+0300][18,781s][info][gc] Trigger: Free (12854K) is below minimum threshold (13107K)
[2021-04-30T09:23:07.932+0300][18,781s][info][gc] GC(259) Concurrent reset 0,225ms
[2021-04-30T09:23:07.933+0300][18,782s][info][gc] GC(259) Pause Init Mark 0,526ms
[2021-04-30T09:23:07.952+0300][18,802s][info][gc] GC(259) Concurrent marking 19,074ms
[2021-04-30T09:23:07.953+0300][18,802s][info][gc] GC(259) Pause Final Mark 0,576ms
[2021-04-30T09:23:07.953+0300][18,802s][info][gc] GC(259) Concurrent cleanup 110M->110M(128M) 0,038ms
[2021-04-30T09:23:07.953+0300][18,803s][info][gc] GC(259) Concurrent evacuation 0,104ms
[2021-04-30T09:23:07.953+0300][18,803s][info][gc] GC(259) Pause Init Update Refs 0,003ms
[2021-04-30T09:23:07.960+0300][18,810s][info][gc] GC(259) Concurrent update references 7,032ms
[2021-04-30T09:23:07.961+0300][18,810s][info][gc] GC(259) Pause Final Update Refs 0,096ms
[2021-04-30T09:23:07.961+0300][18,810s][info][gc] GC(259) Concurrent cleanup 113M->106M(128M) 0,039ms
[2021-04-30T09:23:07.964+0300][18,814s][info][gc] Trigger: Free (12921K) is below minimum threshold (13107K)
[2021-04-30T09:23:07.964+0300][18,814s][info][gc] GC(260) Concurrent reset 0,121ms
[2021-04-30T09:23:07.965+0300][18,814s][info][gc] GC(260) Pause Init Mark (process weakrefs) 0,195ms
[2021-04-30T09:23:07.977+0300][18,827s][info][gc] GC(260) Concurrent marking (process weakrefs) 12,292ms
[2021-04-30T09:23:07.977+0300][18,827s][info][gc] GC(260) Concurrent precleaning 0,129ms
[2021-04-30T09:23:07.978+0300][18,827s][info][gc] GC(260) Pause Final Mark (process weakrefs) 0,453ms
[2021-04-30T09:23:07.978+0300][18,828s][info][gc] GC(260) Concurrent cleanup 110M->110M(128M) 0,044ms
[2021-04-30T09:23:07.978+0300][18,828s][info][gc] GC(260) Concurrent evacuation 0,147ms
[2021-04-30T09:23:07.978+0300][18,828s][info][gc] GC(260) Pause Init Update Refs 0,004ms
[2021-04-30T09:23:07.987+0300][18,837s][info][gc] GC(260) Concurrent update references 8,841ms
[2021-04-30T09:23:07.988+0300][18,837s][info][gc] GC(260) Pause Final Update Refs 0,114ms
[2021-04-30T09:23:07.988+0300][18,837s][info][gc] GC(260) Concurrent cleanup 114M->107M(128M) 0,039ms
[2021-04-30T09:23:07.990+0300][18,839s][info][gc] Trigger: Free (12342K) is below minimum threshold (13107K)
[2021-04-30T09:23:07.990+0300][18,840s][info][gc] GC(261) Concurrent reset 0,165ms
[2021-04-30T09:23:07.991+0300][18,840s][info][gc] GC(261) Pause Init Mark 0,322ms
[2021-04-30T09:23:08.004+0300][18,854s][info][gc] GC(261) Concurrent marking 13,547ms
[2021-04-30T09:23:08.005+0300][18,854s][info][gc] GC(261) Pause Final Mark 0,350ms
[2021-04-30T09:23:08.005+0300][18,855s][info][gc] GC(261) Concurrent cleanup 110M->110M(128M) 0,047ms
[2021-04-30T09:23:08.005+0300][18,855s][info][gc] GC(261) Concurrent evacuation 0,148ms
[2021-04-30T09:23:08.005+0300][18,855s][info][gc] GC(261) Pause Init Update Refs 0,004ms
[2021-04-30T09:23:08.013+0300][18,862s][info][gc] GC(261) Concurrent update references 7,441ms
[2021-04-30T09:23:08.013+0300][18,863s][info][gc] GC(261) Pause Final Update Refs 0,078ms
[2021-04-30T09:23:08.013+0300][18,863s][info][gc] GC(261) Concurrent cleanup 115M->108M(128M) 0,038ms
[2021-04-30T09:23:08.014+0300][18,864s][info][gc] Trigger: Free (12598K) is below minimum threshold (13107K)
[2021-04-30T09:23:08.015+0300][18,864s][info][gc] GC(262) Concurrent reset 0,155ms
[2021-04-30T09:23:08.015+0300][18,865s][info][gc] GC(262) Pause Init Mark 0,307ms
[2021-04-30T09:23:08.029+0300][18,878s][info][gc] GC(262) Concurrent marking 13,701ms
[2021-04-30T09:23:08.029+0300][18,879s][info][gc] GC(262) Pause Final Mark 0,395ms
[2021-04-30T09:23:08.030+0300][18,879s][info][gc] GC(262) Concurrent cleanup 111M->111M(128M) 0,042ms
[2021-04-30T09:23:08.030+0300][18,879s][info][gc] GC(262) Concurrent evacuation 0,128ms
[2021-04-30T09:23:08.030+0300][18,879s][info][gc] GC(262) Pause Init Update Refs 0,005ms
[2021-04-30T09:23:08.038+0300][18,887s][info][gc] GC(262) Concurrent update references 7,946ms
[2021-04-30T09:23:08.038+0300][18,888s][info][gc] GC(262) Pause Final Update Refs 0,153ms
[2021-04-30T09:23:08.038+0300][18,888s][info][gc] GC(262) Concurrent cleanup 116M->109M(128M) 0,040ms
[2021-04-30T09:23:08.039+0300][18,889s][info][gc] Trigger: Free (11830K) is below minimum threshold (13107K)
[2021-04-30T09:23:08.040+0300][18,889s][info][gc] GC(263) Concurrent reset 0,159ms
[2021-04-30T09:23:08.040+0300][18,890s][info][gc] GC(263) Pause Init Mark 0,245ms
[2021-04-30T09:23:08.055+0300][18,904s][info][gc] GC(263) Concurrent marking 14,419ms
[2021-04-30T09:23:08.055+0300][18,905s][info][gc] GC(263) Pause Final Mark 0,368ms
[2021-04-30T09:23:08.055+0300][18,905s][info][gc] GC(263) Concurrent cleanup 111M->111M(128M) 0,039ms
[2021-04-30T09:23:08.055+0300][18,905s][info][gc] GC(263) Concurrent evacuation 0,084ms
[2021-04-30T09:23:08.056+0300][18,905s][info][gc] GC(263) Pause Init Update Refs 0,005ms
[2021-04-30T09:23:08.064+0300][18,913s][info][gc] GC(263) Concurrent update references 8,288ms
[2021-04-30T09:23:08.064+0300][18,914s][info][gc] GC(263) Pause Final Update Refs 0,077ms
[2021-04-30T09:23:08.064+0300][18,914s][info][gc] GC(263) Concurrent cleanup 116M->109M(128M) 0,042ms
[2021-04-30T09:23:08.065+0300][18,915s][info][gc] Trigger: Free (11949K) is below minimum threshold (13107K)
[2021-04-30T09:23:08.066+0300][18,915s][info][gc] GC(264) Concurrent reset 0,293ms
[2021-04-30T09:23:08.066+0300][18,916s][info][gc] GC(264) Pause Init Mark 0,263ms
[2021-04-30T09:23:08.080+0300][18,930s][info][gc] GC(264) Concurrent marking 13,845ms
[2021-04-30T09:23:08.081+0300][18,930s][info][gc] GC(264) Pause Final Mark 0,414ms
[2021-04-30T09:23:08.081+0300][18,930s][info][gc] GC(264) Concurrent cleanup 111M->111M(128M) 0,041ms
[2021-04-30T09:23:08.081+0300][18,931s][info][gc] GC(264) Concurrent evacuation 0,098ms
[2021-04-30T09:23:08.081+0300][18,931s][info][gc] GC(264) Pause Init Update Refs 0,004ms
[2021-04-30T09:23:08.090+0300][18,939s][info][gc] GC(264) Concurrent update references 8,230ms
[2021-04-30T09:23:08.090+0300][18,940s][info][gc] GC(264) Pause Final Update Refs 0,108ms
[2021-04-30T09:23:08.091+0300][18,940s][info][gc] GC(264) Concurrent cleanup 117M->109M(128M) 0,313ms
[2021-04-30T09:23:08.092+0300][18,941s][info][gc] Trigger: Free (11494K) is below minimum threshold (13107K)
[2021-04-30T09:23:08.092+0300][18,942s][info][gc] GC(265) Concurrent reset 0,141ms
[2021-04-30T09:23:08.093+0300][18,942s][info][gc] GC(265) Pause Init Mark (process weakrefs) 0,303ms
[2021-04-30T09:23:08.112+0300][18,961s][info][gc] GC(265) Concurrent marking (process weakrefs) 19,109ms
[2021-04-30T09:23:08.112+0300][18,961s][info][gc] GC(265) Concurrent precleaning 0,118ms
[2021-04-30T09:23:08.113+0300][18,962s][info][gc] GC(265) Pause Final Mark (process weakrefs) 0,623ms
[2021-04-30T09:23:08.113+0300][18,962s][info][gc] GC(265) Concurrent cleanup 111M->111M(128M) 0,042ms
[2021-04-30T09:23:08.113+0300][18,962s][info][gc] GC(265) Concurrent evacuation 0,215ms
[2021-04-30T09:23:08.113+0300][18,963s][info][gc] GC(265) Pause Init Update Refs 0,005ms
[2021-04-30T09:23:08.120+0300][18,970s][info][gc] GC(265) Concurrent update references 6,941ms
[2021-04-30T09:23:08.120+0300][18,970s][info][gc] GC(265) Pause Final Update Refs 0,098ms
[2021-04-30T09:23:08.121+0300][18,970s][info][gc] GC(265) Concurrent cleanup 113M->105M(128M) 0,042ms
[2021-04-30T09:23:08.125+0300][18,974s][info][gc] Trigger: Free (12718K) is below minimum threshold (13107K)
[2021-04-30T09:23:08.125+0300][18,975s][info][gc] GC(266) Concurrent reset 0,211ms
[2021-04-30T09:23:08.126+0300][18,975s][info][gc] GC(266) Pause Init Mark 0,345ms
[2021-04-30T09:23:08.139+0300][18,988s][info][gc] GC(266) Concurrent marking 13,091ms
[2021-04-30T09:23:08.139+0300][18,989s][info][gc] GC(266) Pause Final Mark 0,373ms
[2021-04-30T09:23:08.139+0300][18,989s][info][gc] GC(266) Concurrent cleanup 110M->110M(128M) 0,037ms
[2021-04-30T09:23:08.140+0300][18,989s][info][gc] GC(266) Concurrent evacuation 0,110ms
[2021-04-30T09:23:08.140+0300][18,989s][info][gc] GC(266) Pause Init Update Refs 0,026ms
[2021-04-30T09:23:08.147+0300][18,996s][info][gc] GC(266) Concurrent update references 6,957ms
[2021-04-30T09:23:08.147+0300][18,996s][info][gc] GC(266) Pause Final Update Refs 0,058ms
[2021-04-30T09:23:08.147+0300][18,997s][info][gc] GC(266) Concurrent cleanup 115M->109M(128M) 0,039ms
[2021-04-30T09:23:08.148+0300][18,998s][info][gc] Trigger: Free (11740K) is below minimum threshold (13107K)
[2021-04-30T09:23:08.148+0300][18,998s][info][gc] GC(267) Concurrent reset 0,121ms
[2021-04-30T09:23:08.149+0300][18,998s][info][gc] GC(267) Pause Init Mark 0,244ms
[2021-04-30T09:23:08.162+0300][19,011s][info][gc] GC(267) Concurrent marking 13,072ms
[2021-04-30T09:23:08.163+0300][19,012s][info][gc] GC(267) Pause Final Mark 0,666ms
[2021-04-30T09:23:08.163+0300][19,012s][info][gc] GC(267) Concurrent cleanup 111M->111M(128M) 0,040ms
[2021-04-30T09:23:08.163+0300][19,013s][info][gc] GC(267) Concurrent evacuation 0,135ms
[2021-04-30T09:23:08.163+0300][19,013s][info][gc] GC(267) Pause Init Update Refs 0,004ms
[2021-04-30T09:23:08.170+0300][19,020s][info][gc] GC(267) Concurrent update references 6,914ms
[2021-04-30T09:23:08.171+0300][19,020s][info][gc] GC(267) Pause Final Update Refs 0,064ms
[2021-04-30T09:23:08.171+0300][19,020s][info][gc] GC(267) Concurrent cleanup 116M->109M(128M) 0,040ms
[2021-04-30T09:23:08.172+0300][19,021s][info][gc] Trigger: Free (11430K) is below minimum threshold (13107K)
[2021-04-30T09:23:08.172+0300][19,021s][info][gc] GC(268) Concurrent reset 0,185ms
[2021-04-30T09:23:08.172+0300][19,022s][info][gc] GC(268) Pause Init Mark 0,182ms
[2021-04-30T09:23:08.186+0300][19,035s][info][gc] GC(268) Concurrent marking 13,191ms
[2021-04-30T09:23:08.186+0300][19,035s][info][gc] GC(268) Pause Final Mark 0,305ms
[2021-04-30T09:23:08.186+0300][19,036s][info][gc] GC(268) Concurrent cleanup 111M->111M(128M) 0,039ms
[2021-04-30T09:23:08.186+0300][19,036s][info][gc] GC(268) Concurrent evacuation 0,119ms
[2021-04-30T09:23:08.186+0300][19,036s][info][gc] GC(268) Pause Init Update Refs 0,005ms
[2021-04-30T09:23:08.199+0300][19,048s][info][gc] GC(268) Concurrent update references 12,274ms
[2021-04-30T09:23:08.199+0300][19,049s][info][gc] GC(268) Pause Final Update Refs 0,085ms
[2021-04-30T09:23:08.199+0300][19,049s][info][gc] GC(268) Concurrent cleanup 118M->111M(128M) 0,041ms
[2021-04-30T09:23:08.200+0300][19,050s][info][gc] Trigger: Free (9446K) is below minimum threshold (13107K)
[2021-04-30T09:23:08.201+0300][19,050s][info][gc] GC(269) Concurrent reset 0,193ms
[2021-04-30T09:23:08.201+0300][19,050s][info][gc] GC(269) Pause Init Mark 0,194ms
[2021-04-30T09:23:08.219+0300][19,068s][info][gc] GC(269) Concurrent marking 17,703ms
[2021-04-30T09:23:08.219+0300][19,069s][info][gc] GC(269) Pause Final Mark 0,322ms
[2021-04-30T09:23:08.219+0300][19,069s][info][gc] GC(269) Concurrent cleanup 113M->113M(128M) 0,054ms
[2021-04-30T09:23:08.220+0300][19,069s][info][gc] GC(269) Concurrent evacuation 0,122ms
[2021-04-30T09:23:08.220+0300][19,069s][info][gc] GC(269) Pause Init Update Refs 0,026ms
[2021-04-30T09:23:08.227+0300][19,076s][info][gc] GC(269) Concurrent update references 7,002ms
[2021-04-30T09:23:08.227+0300][19,077s][info][gc] GC(269) Pause Final Update Refs 0,101ms
[2021-04-30T09:23:08.227+0300][19,077s][info][gc] GC(269) Concurrent cleanup 117M->108M(128M) 0,050ms
[2021-04-30T09:23:08.229+0300][19,078s][info][gc] Trigger: Free (12688K) is below minimum threshold (13107K)
[2021-04-30T09:23:08.229+0300][19,078s][info][gc] GC(270) Concurrent reset 0,177ms
[2021-04-30T09:23:08.229+0300][19,079s][info][gc] GC(270) Pause Init Mark (process weakrefs) 0,190ms
[2021-04-30T09:23:08.242+0300][19,091s][info][gc] GC(270) Concurrent marking (process weakrefs) 12,300ms
[2021-04-30T09:23:08.242+0300][19,091s][info][gc] GC(270) Concurrent precleaning 0,131ms
[2021-04-30T09:23:08.242+0300][19,092s][info][gc] GC(270) Pause Final Mark (process weakrefs) 0,482ms
[2021-04-30T09:23:08.242+0300][19,092s][info][gc] GC(270) Concurrent cleanup 110M->111M(128M) 0,054ms
[2021-04-30T09:23:08.243+0300][19,092s][info][gc] GC(270) Concurrent evacuation 0,100ms
[2021-04-30T09:23:08.243+0300][19,092s][info][gc] GC(270) Pause Init Update Refs 0,021ms
[2021-04-30T09:23:08.255+0300][19,105s][info][gc] GC(270) Concurrent update references 12,434ms
[2021-04-30T09:23:08.256+0300][19,105s][info][gc] GC(270) Pause Final Update Refs 0,066ms
[2021-04-30T09:23:08.256+0300][19,105s][info][gc] GC(270) Concurrent cleanup 118M->113M(128M) 0,041ms
[2021-04-30T09:23:08.257+0300][19,106s][info][gc] Trigger: Free (7585K) is below minimum threshold (13107K)
[2021-04-30T09:23:08.257+0300][19,106s][info][gc] GC(271) Concurrent reset 0,119ms
[2021-04-30T09:23:08.257+0300][19,107s][info][gc] GC(271) Pause Init Mark 0,180ms
[2021-04-30T09:23:08.270+0300][19,120s][info][gc] GC(271) Concurrent marking 12,893ms
[2021-04-30T09:23:08.271+0300][19,120s][info][gc] GC(271) Pause Final Mark 0,313ms
[2021-04-30T09:23:08.271+0300][19,120s][info][gc] GC(271) Concurrent cleanup 114M->114M(128M) 0,054ms
[2021-04-30T09:23:08.271+0300][19,120s][info][gc] GC(271) Concurrent evacuation 0,186ms
[2021-04-30T09:23:08.271+0300][19,121s][info][gc] GC(271) Pause Init Update Refs 0,020ms
[2021-04-30T09:23:08.279+0300][19,128s][info][gc] GC(271) Concurrent update references 7,220ms
[2021-04-30T09:23:08.279+0300][19,128s][info][gc] GC(271) Pause Final Update Refs 0,099ms
[2021-04-30T09:23:08.279+0300][19,128s][info][gc] GC(271) Concurrent cleanup 119M->108M(128M) 0,041ms
[2021-04-30T09:23:08.280+0300][19,130s][info][gc] Trigger: Free (12363K) is below minimum threshold (13107K)
[2021-04-30T09:23:08.280+0300][19,130s][info][gc] GC(272) Concurrent reset 0,185ms
[2021-04-30T09:23:08.281+0300][19,130s][info][gc] GC(272) Pause Init Mark 0,196ms
[2021-04-30T09:23:08.293+0300][19,142s][info][gc] GC(272) Concurrent marking 11,977ms
[2021-04-30T09:23:08.293+0300][19,143s][info][gc] GC(272) Pause Final Mark 0,336ms
[2021-04-30T09:23:08.293+0300][19,143s][info][gc] GC(272) Concurrent cleanup 110M->110M(128M) 0,036ms
[2021-04-30T09:23:08.294+0300][19,143s][info][gc] GC(272) Concurrent evacuation 0,184ms
[2021-04-30T09:23:08.294+0300][19,143s][info][gc] GC(272) Pause Init Update Refs 0,025ms
[2021-04-30T09:23:08.301+0300][19,151s][info][gc] GC(272) Concurrent update references 7,481ms
[2021-04-30T09:23:08.302+0300][19,151s][info][gc] GC(272) Pause Final Update Refs 0,094ms
[2021-04-30T09:23:08.302+0300][19,151s][info][gc] GC(272) Concurrent cleanup 115M->109M(128M) 0,039ms
[2021-04-30T09:23:08.303+0300][19,153s][info][gc] Trigger: Free (11425K) is below minimum threshold (13107K)
[2021-04-30T09:23:08.303+0300][19,153s][info][gc] GC(273) Concurrent reset 0,116ms
[2021-04-30T09:23:08.304+0300][19,153s][info][gc] GC(273) Pause Init Mark 0,194ms
[2021-04-30T09:23:08.318+0300][19,167s][info][gc] GC(273) Concurrent marking 13,768ms
[2021-04-30T09:23:08.318+0300][19,168s][info][gc] GC(273) Pause Final Mark 0,335ms
[2021-04-30T09:23:08.318+0300][19,168s][info][gc] GC(273) Concurrent cleanup 111M->111M(128M) 0,040ms
[2021-04-30T09:23:08.318+0300][19,168s][info][gc] GC(273) Concurrent evacuation 0,136ms
[2021-04-30T09:23:08.318+0300][19,168s][info][gc] GC(273) Pause Init Update Refs 0,004ms
[2021-04-30T09:23:08.326+0300][19,176s][info][gc] GC(273) Concurrent update references 7,943ms
[2021-04-30T09:23:08.327+0300][19,177s][info][gc] GC(273) Pause Final Update Refs 0,262ms
[2021-04-30T09:23:08.327+0300][19,177s][info][gc] GC(273) Concurrent cleanup 115M->108M(128M) 0,057ms
[2021-04-30T09:23:08.329+0300][19,178s][info][gc] Trigger: Free (12592K) is below minimum threshold (13107K)
[2021-04-30T09:23:08.329+0300][19,178s][info][gc] GC(274) Concurrent reset 0,220ms
[2021-04-30T09:23:08.331+0300][19,180s][info][gc] GC(274) Pause Init Mark 0,577ms
[2021-04-30T09:23:08.346+0300][19,195s][info][gc] GC(274) Concurrent marking 14,704ms
[2021-04-30T09:23:08.346+0300][19,196s][info][gc] GC(274) Pause Final Mark 0,579ms
[2021-04-30T09:23:08.347+0300][19,196s][info][gc] GC(274) Concurrent cleanup 110M->110M(128M) 0,039ms
[2021-04-30T09:23:08.347+0300][19,196s][info][gc] GC(274) Concurrent evacuation 0,107ms
[2021-04-30T09:23:08.347+0300][19,196s][info][gc] GC(274) Pause Init Update Refs 0,005ms
[2021-04-30T09:23:08.354+0300][19,203s][info][gc] GC(274) Concurrent update references 7,074ms
[2021-04-30T09:23:08.354+0300][19,204s][info][gc] GC(274) Pause Final Update Refs 0,094ms
[2021-04-30T09:23:08.354+0300][19,204s][info][gc] GC(274) Concurrent cleanup 112M->107M(128M) 0,041ms
[2021-04-30T09:23:08.357+0300][19,206s][info][gc] Trigger: Free (12963K) is below minimum threshold (13107K)
[2021-04-30T09:23:08.357+0300][19,206s][info][gc] GC(275) Concurrent reset 0,168ms
[2021-04-30T09:23:08.357+0300][19,207s][info][gc] GC(275) Pause Init Mark (process weakrefs) 0,352ms
[2021-04-30T09:23:08.371+0300][19,221s][info][gc] GC(275) Concurrent marking (process weakrefs) 13,847ms
[2021-04-30T09:23:08.372+0300][19,221s][info][gc] GC(275) Concurrent precleaning 0,142ms
[2021-04-30T09:23:08.372+0300][19,222s][info][gc] GC(275) Pause Final Mark (process weakrefs) 0,491ms
[2021-04-30T09:23:08.372+0300][19,222s][info][gc] GC(275) Concurrent cleanup 110M->110M(128M) 0,039ms
[2021-04-30T09:23:08.372+0300][19,222s][info][gc] GC(275) Concurrent evacuation 0,117ms
[2021-04-30T09:23:08.373+0300][19,222s][info][gc] GC(275) Pause Init Update Refs 0,021ms
[2021-04-30T09:23:08.381+0300][19,230s][info][gc] GC(275) Concurrent update references 8,239ms
[2021-04-30T09:23:08.381+0300][19,231s][info][gc] GC(275) Pause Final Update Refs 0,082ms
[2021-04-30T09:23:08.381+0300][19,231s][info][gc] GC(275) Concurrent cleanup 115M->109M(128M) 0,040ms
[2021-04-30T09:23:08.382+0300][19,232s][info][gc] Trigger: Free (11425K) is below minimum threshold (13107K)
[2021-04-30T09:23:08.383+0300][19,232s][info][gc] GC(276) Concurrent reset 0,122ms
[2021-04-30T09:23:08.383+0300][19,232s][info][gc] GC(276) Pause Init Mark 0,192ms
[2021-04-30T09:23:08.397+0300][19,246s][info][gc] GC(276) Concurrent marking 13,800ms
[2021-04-30T09:23:08.397+0300][19,247s][info][gc] GC(276) Pause Final Mark 0,342ms
[2021-04-30T09:23:08.397+0300][19,247s][info][gc] GC(276) Concurrent cleanup 111M->111M(128M) 0,040ms
[2021-04-30T09:23:08.398+0300][19,247s][info][gc] GC(276) Concurrent evacuation 0,090ms
[2021-04-30T09:23:08.398+0300][19,247s][info][gc] GC(276) Pause Init Update Refs 0,021ms
[2021-04-30T09:23:08.406+0300][19,255s][info][gc] GC(276) Concurrent update references 7,929ms
[2021-04-30T09:23:08.406+0300][19,255s][info][gc] GC(276) Pause Final Update Refs 0,060ms
[2021-04-30T09:23:08.406+0300][19,255s][info][gc] GC(276) Concurrent cleanup 115M->108M(128M) 0,041ms
[2021-04-30T09:23:08.408+0300][19,257s][info][gc] Trigger: Free (12021K) is below minimum threshold (13107K)
[2021-04-30T09:23:08.408+0300][19,257s][info][gc] GC(277) Concurrent reset 0,130ms
[2021-04-30T09:23:08.408+0300][19,258s][info][gc] GC(277) Pause Init Mark 0,197ms
[2021-04-30T09:23:08.421+0300][19,270s][info][gc] GC(277) Concurrent marking 12,552ms
[2021-04-30T09:23:08.421+0300][19,271s][info][gc] GC(277) Pause Final Mark 0,346ms
[2021-04-30T09:23:08.421+0300][19,271s][info][gc] GC(277) Concurrent cleanup 110M->111M(128M) 0,041ms
[2021-04-30T09:23:08.421+0300][19,271s][info][gc] GC(277) Concurrent evacuation 0,074ms
[2021-04-30T09:23:08.421+0300][19,271s][info][gc] GC(277) Pause Init Update Refs 0,005ms
[2021-04-30T09:23:08.430+0300][19,280s][info][gc] GC(277) Concurrent update references 8,533ms
[2021-04-30T09:23:08.430+0300][19,280s][info][gc] GC(277) Pause Final Update Refs 0,073ms
[2021-04-30T09:23:08.430+0300][19,280s][info][gc] GC(277) Concurrent cleanup 115M->109M(128M) 0,042ms
[2021-04-30T09:23:08.432+0300][19,281s][info][gc] Trigger: Free (11367K) is below minimum threshold (13107K)
[2021-04-30T09:23:08.432+0300][19,281s][info][gc] GC(278) Concurrent reset 0,158ms
[2021-04-30T09:23:08.432+0300][19,281s][info][gc] GC(278) Pause Init Mark 0,169ms
[2021-04-30T09:23:08.450+0300][19,300s][info][gc] GC(278) Concurrent marking 18,080ms
[2021-04-30T09:23:08.451+0300][19,300s][info][gc] GC(278) Pause Final Mark 0,417ms
[2021-04-30T09:23:08.451+0300][19,300s][info][gc] GC(278) Concurrent cleanup 111M->111M(128M) 0,037ms
[2021-04-30T09:23:08.451+0300][19,300s][info][gc] GC(278) Concurrent evacuation 0,066ms
[2021-04-30T09:23:08.451+0300][19,300s][info][gc] GC(278) Pause Init Update Refs 0,005ms
[2021-04-30T09:23:08.460+0300][19,310s][info][gc] GC(278) Concurrent update references 9,299ms
[2021-04-30T09:23:08.461+0300][19,310s][info][gc] GC(278) Pause Final Update Refs 0,114ms
[2021-04-30T09:23:08.461+0300][19,310s][info][gc] GC(278) Concurrent cleanup 114M->108M(128M) 0,041ms
[2021-04-30T09:23:08.462+0300][19,311s][info][gc] Trigger: Free (12283K) is below minimum threshold (13107K)
[2021-04-30T09:23:08.462+0300][19,312s][info][gc] GC(279) Concurrent reset 0,262ms
[2021-04-30T09:23:08.463+0300][19,312s][info][gc] GC(279) Pause Init Mark 0,202ms
[2021-04-30T09:23:08.478+0300][19,327s][info][gc] GC(279) Concurrent marking 15,035ms
[2021-04-30T09:23:08.478+0300][19,327s][info][gc] GC(279) Pause Final Mark 0,291ms
[2021-04-30T09:23:08.478+0300][19,328s][info][gc] GC(279) Concurrent cleanup 111M->111M(128M) 0,039ms
[2021-04-30T09:23:08.478+0300][19,328s][info][gc] GC(279) Concurrent evacuation 0,071ms
[2021-04-30T09:23:08.478+0300][19,328s][info][gc] GC(279) Pause Init Update Refs 0,004ms
[2021-04-30T09:23:08.490+0300][19,340s][info][gc] GC(279) Concurrent update references 11,928ms
[2021-04-30T09:23:08.491+0300][19,340s][info][gc] GC(279) Pause Final Update Refs 0,065ms
[2021-04-30T09:23:08.491+0300][19,340s][info][gc] GC(279) Concurrent cleanup 116M->111M(128M) 0,049ms
[2021-04-30T09:23:08.492+0300][19,341s][info][gc] Trigger: Free (9579K) is below minimum threshold (13107K)
[2021-04-30T09:23:08.492+0300][19,341s][info][gc] GC(280) Concurrent reset 0,128ms
[2021-04-30T09:23:08.492+0300][19,342s][info][gc] GC(280) Pause Init Mark (process weakrefs) 0,250ms
[2021-04-30T09:23:08.509+0300][19,358s][info][gc] GC(280) Concurrent marking (process weakrefs) 16,486ms
[2021-04-30T09:23:08.509+0300][19,359s][info][gc] GC(280) Concurrent precleaning 0,121ms
[2021-04-30T09:23:08.510+0300][19,359s][info][gc] GC(280) Pause Final Mark (process weakrefs) 0,621ms
[2021-04-30T09:23:08.510+0300][19,359s][info][gc] GC(280) Concurrent cleanup 113M->113M(128M) 0,040ms
[2021-04-30T09:23:08.510+0300][19,360s][info][gc] GC(280) Concurrent evacuation 0,218ms
[2021-04-30T09:23:08.510+0300][19,360s][info][gc] GC(280) Pause Init Update Refs 0,006ms
[2021-04-30T09:23:08.519+0300][19,369s][info][gc] GC(280) Concurrent update references 8,724ms
[2021-04-30T09:23:08.520+0300][19,369s][info][gc] GC(280) Pause Final Update Refs 0,115ms
[2021-04-30T09:23:08.520+0300][19,369s][info][gc] GC(280) Concurrent cleanup 117M->109M(128M) 0,042ms
[2021-04-30T09:23:08.521+0300][19,370s][info][gc] Trigger: Free (11586K) is below minimum threshold (13107K)
[2021-04-30T09:23:08.521+0300][19,370s][info][gc] GC(281) Concurrent reset 0,172ms
[2021-04-30T09:23:08.521+0300][19,371s][info][gc] GC(281) Pause Init Mark 0,255ms
[2021-04-30T09:23:08.538+0300][19,388s][info][gc] GC(281) Concurrent marking 16,978ms
[2021-04-30T09:23:08.539+0300][19,388s][info][gc] GC(281) Pause Final Mark 0,398ms
[2021-04-30T09:23:08.539+0300][19,389s][info][gc] GC(281) Concurrent cleanup 111M->111M(128M) 0,057ms
[2021-04-30T09:23:08.539+0300][19,389s][info][gc] GC(281) Concurrent evacuation 0,108ms
[2021-04-30T09:23:08.539+0300][19,389s][info][gc] GC(281) Pause Init Update Refs 0,005ms
[2021-04-30T09:23:08.550+0300][19,400s][info][gc] GC(281) Concurrent update references 10,617ms
[2021-04-30T09:23:08.550+0300][19,400s][info][gc] GC(281) Pause Final Update Refs 0,103ms
[2021-04-30T09:23:08.551+0300][19,400s][info][gc] GC(281) Concurrent cleanup 113M->108M(128M) 0,041ms
[2021-04-30T09:23:08.552+0300][19,401s][info][gc] Trigger: Free (12610K) is below minimum threshold (13107K)
[2021-04-30T09:23:08.552+0300][19,401s][info][gc] GC(282) Concurrent reset 0,124ms
[2021-04-30T09:23:08.552+0300][19,402s][info][gc] GC(282) Pause Init Mark 0,269ms
[2021-04-30T09:23:08.567+0300][19,416s][info][gc] GC(282) Concurrent marking 14,647ms
[2021-04-30T09:23:08.567+0300][19,417s][info][gc] GC(282) Pause Final Mark 0,325ms
[2021-04-30T09:23:08.567+0300][19,417s][info][gc] GC(282) Concurrent cleanup 111M->111M(128M) 0,041ms
[2021-04-30T09:23:08.568+0300][19,417s][info][gc] GC(282) Concurrent evacuation 0,105ms
[2021-04-30T09:23:08.568+0300][19,417s][info][gc] GC(282) Pause Init Update Refs 0,004ms
[2021-04-30T09:23:08.578+0300][19,428s][info][gc] GC(282) Concurrent update references 10,597ms
[2021-04-30T09:23:08.579+0300][19,428s][info][gc] GC(282) Pause Final Update Refs 0,087ms
[2021-04-30T09:23:08.579+0300][19,428s][info][gc] GC(282) Concurrent cleanup 114M->110M(128M) 0,039ms
[2021-04-30T09:23:08.580+0300][19,429s][info][gc] Trigger: Free (10540K) is below minimum threshold (13107K)
[2021-04-30T09:23:08.580+0300][19,430s][info][gc] GC(283) Concurrent reset 0,135ms
[2021-04-30T09:23:08.580+0300][19,430s][info][gc] GC(283) Pause Init Mark 0,211ms
[2021-04-30T09:23:08.596+0300][19,445s][info][gc] GC(283) Concurrent marking 15,293ms
[2021-04-30T09:23:08.596+0300][19,446s][info][gc] GC(283) Pause Final Mark 0,399ms
[2021-04-30T09:23:08.596+0300][19,446s][info][gc] GC(283) Concurrent cleanup 112M->112M(128M) 0,038ms
[2021-04-30T09:23:08.597+0300][19,446s][info][gc] GC(283) Concurrent evacuation 0,092ms
[2021-04-30T09:23:08.597+0300][19,446s][info][gc] GC(283) Pause Init Update Refs 0,005ms
[2021-04-30T09:23:08.610+0300][19,459s][info][gc] GC(283) Concurrent update references 12,770ms
[2021-04-30T09:23:08.610+0300][19,459s][info][gc] GC(283) Pause Final Update Refs 0,136ms
[2021-04-30T09:23:08.610+0300][19,459s][info][gc] GC(283) Concurrent cleanup 114M->107M(128M) 0,040ms
[2021-04-30T09:23:08.611+0300][19,461s][info][gc] Trigger: Free (13003K) is below minimum threshold (13107K)
[2021-04-30T09:23:08.611+0300][19,461s][info][gc] GC(284) Concurrent reset 0,175ms
[2021-04-30T09:23:08.612+0300][19,461s][info][gc] GC(284) Pause Init Mark 0,190ms
[2021-04-30T09:23:08.625+0300][19,474s][info][gc] GC(284) Concurrent marking 13,134ms
[2021-04-30T09:23:08.625+0300][19,475s][info][gc] GC(284) Pause Final Mark 0,361ms
[2021-04-30T09:23:08.625+0300][19,475s][info][gc] GC(284) Concurrent cleanup 110M->110M(128M) 0,037ms
[2021-04-30T09:23:08.625+0300][19,475s][info][gc] GC(284) Concurrent evacuation 0,070ms
[2021-04-30T09:23:08.626+0300][19,475s][info][gc] GC(284) Pause Init Update Refs 0,003ms
[2021-04-30T09:23:08.638+0300][19,487s][info][gc] GC(284) Concurrent update references 11,931ms
[2021-04-30T09:23:08.638+0300][19,487s][info][gc] GC(284) Pause Final Update Refs 0,095ms
[2021-04-30T09:23:08.638+0300][19,487s][info][gc] GC(284) Concurrent cleanup 116M->112M(128M) 0,039ms
[2021-04-30T09:23:08.639+0300][19,489s][info][gc] Trigger: Free (7922K) is below minimum threshold (13107K)
[2021-04-30T09:23:08.639+0300][19,489s][info][gc] GC(285) Concurrent reset 0,243ms
[2021-04-30T09:23:08.640+0300][19,489s][info][gc] GC(285) Pause Init Mark (process weakrefs) 0,246ms
[2021-04-30T09:23:08.658+0300][19,507s][info][gc] GC(285) Concurrent marking (process weakrefs) 17,777ms
[2021-04-30T09:23:08.658+0300][19,507s][info][gc] GC(285) Concurrent precleaning 0,118ms
[2021-04-30T09:23:08.658+0300][19,508s][info][gc] GC(285) Pause Final Mark (process weakrefs) 0,470ms
[2021-04-30T09:23:08.659+0300][19,508s][info][gc] GC(285) Concurrent cleanup 114M->114M(128M) 0,036ms
[2021-04-30T09:23:08.659+0300][19,508s][info][gc] GC(285) Concurrent evacuation 0,106ms
[2021-04-30T09:23:08.659+0300][19,508s][info][gc] GC(285) Pause Init Update Refs 0,005ms
[2021-04-30T09:23:08.666+0300][19,515s][info][gc] GC(285) Concurrent update references 7,009ms
[2021-04-30T09:23:08.666+0300][19,516s][info][gc] GC(285) Pause Final Update Refs 0,124ms
[2021-04-30T09:23:08.666+0300][19,516s][info][gc] GC(285) Concurrent cleanup 115M->107M(128M) 0,040ms
[2021-04-30T09:23:08.669+0300][19,518s][info][gc] Trigger: Free (13025K) is below minimum threshold (13107K)
[2021-04-30T09:23:08.669+0300][19,518s][info][gc] GC(286) Concurrent reset 0,145ms
[2021-04-30T09:23:08.669+0300][19,519s][info][gc] GC(286) Pause Init Mark 0,187ms
[2021-04-30T09:23:08.682+0300][19,531s][info][gc] GC(286) Concurrent marking 12,251ms
[2021-04-30T09:23:08.682+0300][19,531s][info][gc] GC(286) Pause Final Mark 0,397ms
[2021-04-30T09:23:08.682+0300][19,532s][info][gc] GC(286) Concurrent cleanup 110M->110M(128M) 0,042ms
[2021-04-30T09:23:08.682+0300][19,532s][info][gc] GC(286) Concurrent evacuation 0,135ms
[2021-04-30T09:23:08.682+0300][19,532s][info][gc] GC(286) Pause Init Update Refs 0,005ms
[2021-04-30T09:23:08.691+0300][19,540s][info][gc] GC(286) Concurrent update references 8,330ms
[2021-04-30T09:23:08.691+0300][19,540s][info][gc] GC(286) Pause Final Update Refs 0,070ms
[2021-04-30T09:23:08.691+0300][19,541s][info][gc] GC(286) Concurrent cleanup 114M->111M(128M) 0,039ms
[2021-04-30T09:23:08.692+0300][19,542s][info][gc] Trigger: Free (10129K) is below minimum threshold (13107K)
[2021-04-30T09:23:08.692+0300][19,542s][info][gc] GC(287) Concurrent reset 0,163ms
[2021-04-30T09:23:08.693+0300][19,542s][info][gc] GC(287) Pause Init Mark 0,209ms
[2021-04-30T09:23:08.705+0300][19,554s][info][gc] GC(287) Concurrent marking 11,940ms
[2021-04-30T09:23:08.705+0300][19,555s][info][gc] GC(287) Pause Final Mark 0,294ms
[2021-04-30T09:23:08.705+0300][19,555s][info][gc] GC(287) Concurrent cleanup 112M->112M(128M) 0,041ms
[2021-04-30T09:23:08.706+0300][19,555s][info][gc] GC(287) Concurrent evacuation 0,128ms
[2021-04-30T09:23:08.706+0300][19,555s][info][gc] GC(287) Pause Init Update Refs 0,006ms
[2021-04-30T09:23:08.714+0300][19,564s][info][gc] GC(287) Concurrent update references 8,364ms
[2021-04-30T09:23:08.714+0300][19,564s][info][gc] GC(287) Pause Final Update Refs 0,089ms
[2021-04-30T09:23:08.715+0300][19,564s][info][gc] GC(287) Concurrent cleanup 117M->110M(128M) 0,041ms
[2021-04-30T09:23:08.716+0300][19,565s][info][gc] Trigger: Free (10015K) is below minimum threshold (13107K)
[2021-04-30T09:23:08.716+0300][19,565s][info][gc] GC(288) Concurrent reset 0,171ms
[2021-04-30T09:23:08.716+0300][19,566s][info][gc] GC(288) Pause Init Mark 0,202ms
[2021-04-30T09:23:08.730+0300][19,580s][info][gc] GC(288) Concurrent marking 13,791ms
[2021-04-30T09:23:08.731+0300][19,580s][info][gc] GC(288) Pause Final Mark 0,386ms
[2021-04-30T09:23:08.731+0300][19,580s][info][gc] GC(288) Concurrent cleanup 113M->113M(128M) 0,040ms
[2021-04-30T09:23:08.731+0300][19,581s][info][gc] GC(288) Concurrent evacuation 0,583ms
[2021-04-30T09:23:08.731+0300][19,581s][info][gc] GC(288) Pause Init Update Refs 0,004ms
[2021-04-30T09:23:08.740+0300][19,589s][info][gc] GC(288) Concurrent update references 8,155ms
[2021-04-30T09:23:08.740+0300][19,589s][info][gc] GC(288) Pause Final Update Refs 0,143ms
[2021-04-30T09:23:08.740+0300][19,589s][info][gc] GC(288) Concurrent cleanup 119M->111M(128M) 0,041ms
[2021-04-30T09:23:08.741+0300][19,591s][info][gc] Trigger: Free (9251K) is below minimum threshold (13107K)
[2021-04-30T09:23:08.741+0300][19,591s][info][gc] GC(289) Concurrent reset 0,200ms
[2021-04-30T09:23:08.742+0300][19,591s][info][gc] GC(289) Pause Init Mark 0,241ms
[2021-04-30T09:23:08.756+0300][19,605s][info][gc] GC(289) Concurrent marking 13,719ms
[2021-04-30T09:23:08.756+0300][19,606s][info][gc] GC(289) Pause Final Mark 0,362ms
[2021-04-30T09:23:08.756+0300][19,606s][info][gc] GC(289) Concurrent cleanup 113M->113M(128M) 0,037ms
[2021-04-30T09:23:08.757+0300][19,606s][info][gc] GC(289) Concurrent evacuation 0,668ms
[2021-04-30T09:23:08.757+0300][19,607s][info][gc] GC(289) Pause Init Update Refs 0,007ms
[2021-04-30T09:23:08.770+0300][19,620s][info][gc] GC(289) Concurrent update references 13,217ms
[2021-04-30T09:23:08.771+0300][19,620s][info][gc] GC(289) Pause Final Update Refs 0,077ms
[2021-04-30T09:23:08.771+0300][19,620s][info][gc] GC(289) Concurrent cleanup 119M->110M(128M) 0,041ms
[2021-04-30T09:23:08.772+0300][19,622s][info][gc] Trigger: Free (10706K) is below minimum threshold (13107K)
[2021-04-30T09:23:08.772+0300][19,622s][info][gc] GC(290) Concurrent reset 0,233ms
[2021-04-30T09:23:08.773+0300][19,622s][info][gc] GC(290) Pause Init Mark (process weakrefs) 0,254ms
[2021-04-30T09:23:08.788+0300][19,637s][info][gc] GC(290) Concurrent marking (process weakrefs) 14,735ms
[2021-04-30T09:23:08.788+0300][19,637s][info][gc] GC(290) Concurrent precleaning 0,082ms
[2021-04-30T09:23:08.788+0300][19,638s][info][gc] GC(290) Pause Final Mark (process weakrefs) 0,422ms
[2021-04-30T09:23:08.788+0300][19,638s][info][gc] GC(290) Concurrent cleanup 112M->112M(128M) 0,039ms
[2021-04-30T09:23:08.789+0300][19,639s][info][gc] GC(290) Concurrent evacuation 0,949ms
[2021-04-30T09:23:08.790+0300][19,639s][info][gc] GC(290) Pause Init Update Refs 0,025ms
[2021-04-30T09:23:08.799+0300][19,648s][info][gc] GC(290) Concurrent update references 8,839ms
[2021-04-30T09:23:08.799+0300][19,649s][info][gc] GC(290) Pause Final Update Refs 0,179ms
[2021-04-30T09:23:08.799+0300][19,649s][info][gc] GC(290) Concurrent cleanup 121M->112M(128M) 0,057ms
[2021-04-30T09:23:08.801+0300][19,650s][info][gc] Trigger: Free (8783K) is below minimum threshold (13107K)
[2021-04-30T09:23:08.801+0300][19,650s][info][gc] GC(291) Concurrent reset 0,159ms
[2021-04-30T09:23:08.801+0300][19,650s][info][gc] GC(291) Pause Init Mark 0,173ms
[2021-04-30T09:23:08.815+0300][19,664s][info][gc] GC(291) Concurrent marking 13,484ms
[2021-04-30T09:23:08.815+0300][19,664s][info][gc] GC(291) Pause Final Mark 0,359ms
[2021-04-30T09:23:08.815+0300][19,665s][info][gc] GC(291) Concurrent cleanup 114M->114M(128M) 0,044ms
[2021-04-30T09:23:08.815+0300][19,665s][info][gc] GC(291) Concurrent evacuation 0,177ms
[2021-04-30T09:23:08.815+0300][19,665s][info][gc] GC(291) Pause Init Update Refs 0,005ms
[2021-04-30T09:23:08.823+0300][19,672s][info][gc] GC(291) Concurrent update references 7,443ms
[2021-04-30T09:23:08.823+0300][19,673s][info][gc] GC(291) Pause Final Update Refs 0,063ms
[2021-04-30T09:23:08.823+0300][19,673s][info][gc] GC(291) Concurrent cleanup 118M->110M(128M) 0,039ms
[2021-04-30T09:23:08.824+0300][19,674s][info][gc] Trigger: Free (10358K) is below minimum threshold (13107K)
[2021-04-30T09:23:08.824+0300][19,674s][info][gc] GC(292) Concurrent reset 0,160ms
[2021-04-30T09:23:08.825+0300][19,674s][info][gc] GC(292) Pause Init Mark 0,227ms
[2021-04-30T09:23:08.839+0300][19,688s][info][gc] GC(292) Concurrent marking 13,764ms
[2021-04-30T09:23:08.839+0300][19,689s][info][gc] GC(292) Pause Final Mark 0,537ms
[2021-04-30T09:23:08.839+0300][19,689s][info][gc] GC(292) Concurrent cleanup 112M->112M(128M) 0,043ms
[2021-04-30T09:23:08.840+0300][19,689s][info][gc] GC(292) Concurrent evacuation 0,225ms
[2021-04-30T09:23:08.840+0300][19,689s][info][gc] GC(292) Pause Init Update Refs 0,020ms
[2021-04-30T09:23:08.849+0300][19,699s][info][gc] GC(292) Concurrent update references 9,216ms
[2021-04-30T09:23:08.850+0300][19,699s][info][gc] GC(292) Pause Final Update Refs 0,125ms
[2021-04-30T09:23:08.850+0300][19,699s][info][gc] GC(292) Concurrent cleanup 117M->111M(128M) 0,041ms
[2021-04-30T09:23:08.851+0300][19,700s][info][gc] Trigger: Free (9831K) is below minimum threshold (13107K)
[2021-04-30T09:23:08.851+0300][19,700s][info][gc] GC(293) Concurrent reset 0,150ms
[2021-04-30T09:23:08.851+0300][19,701s][info][gc] GC(293) Pause Init Mark 0,234ms
[2021-04-30T09:23:08.864+0300][19,713s][info][gc] GC(293) Concurrent marking 12,511ms
[2021-04-30T09:23:08.865+0300][19,714s][info][gc] GC(293) Pause Final Mark 0,508ms
[2021-04-30T09:23:08.865+0300][19,714s][info][gc] GC(293) Concurrent cleanup 113M->113M(128M) 0,038ms
[2021-04-30T09:23:08.865+0300][19,715s][info][gc] GC(293) Concurrent evacuation 0,696ms
[2021-04-30T09:23:08.866+0300][19,715s][info][gc] GC(293) Pause Init Update Refs 0,021ms
[2021-04-30T09:23:08.873+0300][19,723s][info][gc] GC(293) Concurrent update references 7,451ms
[2021-04-30T09:23:08.873+0300][19,723s][info][gc] GC(293) Pause Final Update Refs 0,096ms
[2021-04-30T09:23:08.874+0300][19,723s][info][gc] GC(293) Concurrent cleanup 119M->111M(128M) 0,056ms
[2021-04-30T09:23:08.875+0300][19,724s][info][gc] Trigger: Free (9347K) is below minimum threshold (13107K)
[2021-04-30T09:23:08.875+0300][19,724s][info][gc] GC(294) Concurrent reset 0,183ms
[2021-04-30T09:23:08.875+0300][19,725s][info][gc] GC(294) Pause Init Mark 0,302ms
[2021-04-30T09:23:08.888+0300][19,737s][info][gc] GC(294) Concurrent marking 12,539ms
[2021-04-30T09:23:08.888+0300][19,738s][info][gc] GC(294) Pause Final Mark 0,366ms
[2021-04-30T09:23:08.889+0300][19,738s][info][gc] GC(294) Concurrent cleanup 113M->113M(128M) 0,038ms
[2021-04-30T09:23:08.889+0300][19,738s][info][gc] GC(294) Concurrent evacuation 0,152ms
[2021-04-30T09:23:08.889+0300][19,738s][info][gc] GC(294) Pause Init Update Refs 0,004ms
[2021-04-30T09:23:08.898+0300][19,748s][info][gc] GC(294) Concurrent update references 9,446ms
[2021-04-30T09:23:08.899+0300][19,748s][info][gc] GC(294) Pause Final Update Refs 0,189ms
[2021-04-30T09:23:08.899+0300][19,748s][info][gc] GC(294) Concurrent cleanup 116M->110M(128M) 0,041ms
[2021-04-30T09:23:08.900+0300][19,749s][info][gc] Trigger: Free (10252K) is below minimum threshold (13107K)
[2021-04-30T09:23:08.900+0300][19,750s][info][gc] GC(295) Concurrent reset 0,150ms
[2021-04-30T09:23:08.901+0300][19,750s][info][gc] GC(295) Pause Init Mark (process weakrefs) 0,274ms
[2021-04-30T09:23:08.914+0300][19,763s][info][gc] GC(295) Concurrent marking (process weakrefs) 12,678ms
[2021-04-30T09:23:08.914+0300][19,763s][info][gc] GC(295) Concurrent precleaning 0,129ms
[2021-04-30T09:23:08.914+0300][19,764s][info][gc] GC(295) Pause Final Mark (process weakrefs) 0,528ms
[2021-04-30T09:23:08.914+0300][19,764s][info][gc] GC(295) Concurrent cleanup 112M->112M(128M) 0,037ms
[2021-04-30T09:23:08.915+0300][19,765s][info][gc] GC(295) Concurrent evacuation 0,966ms
[2021-04-30T09:23:08.916+0300][19,765s][info][gc] GC(295) Pause Init Update Refs 0,021ms
[2021-04-30T09:23:08.924+0300][19,774s][info][gc] GC(295) Concurrent update references 8,316ms
[2021-04-30T09:23:08.924+0300][19,774s][info][gc] GC(295) Pause Final Update Refs 0,093ms
[2021-04-30T09:23:08.925+0300][19,774s][info][gc] GC(295) Concurrent cleanup 118M->109M(128M) 0,040ms
[2021-04-30T09:23:08.926+0300][19,775s][info][gc] Trigger: Free (11686K) is below minimum threshold (13107K)
[2021-04-30T09:23:08.926+0300][19,775s][info][gc] GC(296) Concurrent reset 0,164ms
[2021-04-30T09:23:08.926+0300][19,776s][info][gc] GC(296) Pause Init Mark 0,235ms
[2021-04-30T09:23:08.941+0300][19,790s][info][gc] GC(296) Concurrent marking 13,995ms
[2021-04-30T09:23:08.941+0300][19,790s][info][gc] GC(296) Pause Final Mark 0,366ms
[2021-04-30T09:23:08.941+0300][19,791s][info][gc] GC(296) Concurrent cleanup 111M->111M(128M) 0,057ms
[2021-04-30T09:23:08.941+0300][19,791s][info][gc] GC(296) Concurrent evacuation 0,131ms
[2021-04-30T09:23:08.941+0300][19,791s][info][gc] GC(296) Pause Init Update Refs 0,005ms
[2021-04-30T09:23:08.951+0300][19,801s][info][gc] GC(296) Concurrent update references 9,852ms
[2021-04-30T09:23:08.952+0300][19,801s][info][gc] GC(296) Pause Final Update Refs 0,101ms
[2021-04-30T09:23:08.952+0300][19,801s][info][gc] GC(296) Concurrent cleanup 117M->112M(128M) 0,048ms
[2021-04-30T09:23:08.953+0300][19,802s][info][gc] Trigger: Free (8667K) is below minimum threshold (13107K)
[2021-04-30T09:23:08.953+0300][19,803s][info][gc] GC(297) Concurrent reset 0,185ms
[2021-04-30T09:23:08.954+0300][19,803s][info][gc] GC(297) Pause Init Mark 0,297ms
[2021-04-30T09:23:08.966+0300][19,816s][info][gc] GC(297) Concurrent marking 12,748ms
[2021-04-30T09:23:08.967+0300][19,816s][info][gc] GC(297) Pause Final Mark 0,383ms
[2021-04-30T09:23:08.967+0300][19,816s][info][gc] GC(297) Concurrent cleanup 114M->114M(128M) 0,035ms
[2021-04-30T09:23:08.967+0300][19,816s][info][gc] GC(297) Concurrent evacuation 0,107ms
[2021-04-30T09:23:08.967+0300][19,817s][info][gc] GC(297) Pause Init Update Refs 0,005ms
[2021-04-30T09:23:08.974+0300][19,824s][info][gc] GC(297) Concurrent update references 7,009ms
[2021-04-30T09:23:08.975+0300][19,824s][info][gc] GC(297) Pause Final Update Refs 0,162ms
[2021-04-30T09:23:08.975+0300][19,824s][info][gc] GC(297) Concurrent cleanup 119M->111M(128M) 0,039ms
[2021-04-30T09:23:08.976+0300][19,825s][info][gc] Trigger: Free (8881K) is below minimum threshold (13107K)
[2021-04-30T09:23:08.976+0300][19,826s][info][gc] GC(298) Concurrent reset 0,185ms
[2021-04-30T09:23:08.977+0300][19,826s][info][gc] GC(298) Pause Init Mark 0,194ms
[2021-04-30T09:23:08.995+0300][19,844s][info][gc] GC(298) Concurrent marking 18,199ms
[2021-04-30T09:23:08.995+0300][19,845s][info][gc] GC(298) Pause Final Mark 0,419ms
[2021-04-30T09:23:08.996+0300][19,845s][info][gc] GC(298) Concurrent cleanup 113M->113M(128M) 0,036ms
[2021-04-30T09:23:08.996+0300][19,845s][info][gc] GC(298) Concurrent evacuation 0,246ms
[2021-04-30T09:23:08.996+0300][19,845s][info][gc] GC(298) Pause Init Update Refs 0,006ms
[2021-04-30T09:23:09.003+0300][19,852s][info][gc] GC(298) Concurrent update references 6,992ms
[2021-04-30T09:23:09.003+0300][19,853s][info][gc] GC(298) Pause Final Update Refs 0,150ms
[2021-04-30T09:23:09.003+0300][19,853s][info][gc] GC(298) Concurrent cleanup 117M->109M(128M) 0,039ms
[2021-04-30T09:23:09.005+0300][19,854s][info][gc] Trigger: Free (11222K) is below minimum threshold (13107K)
[2021-04-30T09:23:09.005+0300][19,854s][info][gc] GC(299) Concurrent reset 0,174ms
[2021-04-30T09:23:09.005+0300][19,855s][info][gc] GC(299) Pause Init Mark (unload classes) 0,142ms
[2021-04-30T09:23:09.018+0300][19,867s][info][gc] GC(299) Concurrent marking (unload classes) 12,411ms
[2021-04-30T09:23:09.022+0300][19,871s][info][gc] GC(299) Pause Final Mark (unload classes) 3,957ms
[2021-04-30T09:23:09.022+0300][19,871s][info][gc] GC(299) Concurrent cleanup 112M->112M(128M) 0,043ms
[2021-04-30T09:23:09.022+0300][19,872s][info][gc] GC(299) Concurrent evacuation 0,475ms
[2021-04-30T09:23:09.023+0300][19,872s][info][gc] GC(299) Pause Init Update Refs 0,005ms
[2021-04-30T09:23:09.031+0300][19,881s][info][gc] GC(299) Concurrent update references 8,586ms
[2021-04-30T09:23:09.032+0300][19,881s][info][gc] GC(299) Pause Final Update Refs 0,087ms
[2021-04-30T09:23:09.032+0300][19,881s][info][gc] GC(299) Concurrent cleanup 117M->112M(128M) 0,040ms
[2021-04-30T09:23:09.033+0300][19,882s][info][gc] Trigger: Free (9094K) is below minimum threshold (13107K)
[2021-04-30T09:23:09.033+0300][19,883s][info][gc] GC(300) Concurrent reset 0,148ms
[2021-04-30T09:23:09.034+0300][19,883s][info][gc] GC(300) Pause Init Mark (process weakrefs) 0,147ms
[2021-04-30T09:23:09.048+0300][19,897s][info][gc] GC(300) Concurrent marking (process weakrefs) 14,396ms
[2021-04-30T09:23:09.048+0300][19,898s][info][gc] GC(300) Concurrent precleaning 0,119ms
[2021-04-30T09:23:09.049+0300][19,898s][info][gc] GC(300) Pause Final Mark (process weakrefs) 0,628ms
[2021-04-30T09:23:09.049+0300][19,899s][info][gc] GC(300) Concurrent cleanup 113M->113M(128M) 0,039ms
[2021-04-30T09:23:09.049+0300][19,899s][info][gc] GC(300) Concurrent evacuation 0,298ms
[2021-04-30T09:23:09.049+0300][19,899s][info][gc] GC(300) Pause Init Update Refs 0,004ms
[2021-04-30T09:23:09.057+0300][19,907s][info][gc] GC(300) Concurrent update references 7,648ms
[2021-04-30T09:23:09.058+0300][19,907s][info][gc] GC(300) Pause Final Update Refs 0,196ms
[2021-04-30T09:23:09.058+0300][19,907s][info][gc] GC(300) Concurrent cleanup 117M->110M(128M) 0,134ms
[2021-04-30T09:23:09.059+0300][19,909s][info][gc] Trigger: Free (10324K) is below minimum threshold (13107K)
[2021-04-30T09:23:09.060+0300][19,909s][info][gc] GC(301) Concurrent reset 0,233ms
[2021-04-30T09:23:09.060+0300][19,909s][info][gc] GC(301) Pause Init Mark 0,219ms
[2021-04-30T09:23:09.073+0300][19,922s][info][gc] GC(301) Concurrent marking 12,721ms
[2021-04-30T09:23:09.074+0300][19,923s][info][gc] GC(301) Pause Final Mark 0,778ms
[2021-04-30T09:23:09.074+0300][19,923s][info][gc] GC(301) Concurrent cleanup 112M->112M(128M) 0,040ms
[2021-04-30T09:23:09.074+0300][19,924s][info][gc] GC(301) Concurrent evacuation 0,197ms
[2021-04-30T09:23:09.074+0300][19,924s][info][gc] GC(301) Pause Init Update Refs 0,004ms
[2021-04-30T09:23:09.084+0300][19,933s][info][gc] GC(301) Concurrent update references 9,676ms
[2021-04-30T09:23:09.084+0300][19,934s][info][gc] GC(301) Pause Final Update Refs 0,104ms
[2021-04-30T09:23:09.084+0300][19,934s][info][gc] GC(301) Concurrent cleanup 118M->112M(128M) 0,046ms
[2021-04-30T09:23:09.086+0300][19,935s][info][gc] Trigger: Free (8476K) is below minimum threshold (13107K)
[2021-04-30T09:23:09.086+0300][19,935s][info][gc] GC(302) Concurrent reset 0,112ms
[2021-04-30T09:23:09.086+0300][19,935s][info][gc] GC(302) Pause Init Mark 0,173ms
[2021-04-30T09:23:09.105+0300][19,954s][info][gc] GC(302) Concurrent marking 18,608ms
[2021-04-30T09:23:09.105+0300][19,955s][info][gc] GC(302) Pause Final Mark 0,363ms
[2021-04-30T09:23:09.105+0300][19,955s][info][gc] GC(302) Concurrent cleanup 113M->113M(128M) 0,037ms
[2021-04-30T09:23:09.105+0300][19,955s][info][gc] GC(302) Concurrent evacuation 0,182ms
[2021-04-30T09:23:09.106+0300][19,955s][info][gc] GC(302) Pause Init Update Refs 0,004ms
[2021-04-30T09:23:09.113+0300][19,962s][info][gc] GC(302) Concurrent update references 7,280ms
[2021-04-30T09:23:09.113+0300][19,963s][info][gc] GC(302) Pause Final Update Refs 0,086ms
[2021-04-30T09:23:09.113+0300][19,963s][info][gc] GC(302) Concurrent cleanup 116M->109M(128M) 0,045ms
[2021-04-30T09:23:09.114+0300][19,964s][info][gc] Trigger: Free (11423K) is below minimum threshold (13107K)
[2021-04-30T09:23:09.115+0300][19,964s][info][gc] GC(303) Concurrent reset 0,185ms
[2021-04-30T09:23:09.115+0300][19,964s][info][gc] GC(303) Pause Init Mark 0,147ms
[2021-04-30T09:23:09.133+0300][19,982s][info][gc] GC(303) Concurrent marking 18,112ms
[2021-04-30T09:23:09.134+0300][19,983s][info][gc] GC(303) Pause Final Mark 0,351ms
[2021-04-30T09:23:09.134+0300][19,983s][info][gc] GC(303) Concurrent cleanup 111M->111M(128M) 0,037ms
[2021-04-30T09:23:09.134+0300][19,984s][info][gc] GC(303) Concurrent evacuation 0,630ms
[2021-04-30T09:23:09.134+0300][19,984s][info][gc] GC(303) Pause Init Update Refs 0,003ms
[2021-04-30T09:23:09.146+0300][19,996s][info][gc] GC(303) Concurrent update references 11,708ms
[2021-04-30T09:23:09.147+0300][19,996s][info][gc] GC(303) Pause Final Update Refs 0,218ms
[2021-04-30T09:23:09.147+0300][19,996s][info][gc] GC(303) Concurrent cleanup 117M->111M(128M) 0,039ms
[2021-04-30T09:23:09.148+0300][19,997s][info][gc] Trigger: Free (9454K) is below minimum threshold (13107K)
[2021-04-30T09:23:09.148+0300][19,998s][info][gc] GC(304) Concurrent reset 0,201ms
[2021-04-30T09:23:09.149+0300][19,998s][info][gc] GC(304) Pause Init Mark 0,279ms
[2021-04-30T09:23:09.166+0300][20,016s][info][gc] GC(304) Concurrent marking 17,556ms
[2021-04-30T09:23:09.167+0300][20,016s][info][gc] GC(304) Pause Final Mark 0,373ms
[2021-04-30T09:23:09.167+0300][20,017s][info][gc] GC(304) Concurrent cleanup 113M->113M(128M) 0,043ms
[2021-04-30T09:23:09.167+0300][20,017s][info][gc] GC(304) Concurrent evacuation 0,170ms
[2021-04-30T09:23:09.167+0300][20,017s][info][gc] GC(304) Pause Init Update Refs 0,004ms
[2021-04-30T09:23:09.176+0300][20,025s][info][gc] GC(304) Concurrent update references 8,373ms
[2021-04-30T09:23:09.176+0300][20,026s][info][gc] GC(304) Pause Final Update Refs 0,106ms
[2021-04-30T09:23:09.176+0300][20,026s][info][gc] GC(304) Concurrent cleanup 115M->108M(128M) 0,040ms
[2021-04-30T09:23:09.177+0300][20,027s][info][gc] Trigger: Free (12228K) is below minimum threshold (13107K)
[2021-04-30T09:23:09.177+0300][20,027s][info][gc] GC(305) Concurrent reset 0,121ms
[2021-04-30T09:23:09.178+0300][20,027s][info][gc] GC(305) Pause Init Mark (process weakrefs) 0,264ms
[2021-04-30T09:23:09.190+0300][20,039s][info][gc] GC(305) Concurrent marking (process weakrefs) 11,992ms
[2021-04-30T09:23:09.190+0300][20,040s][info][gc] GC(305) Concurrent precleaning 0,199ms
[2021-04-30T09:23:09.191+0300][20,040s][info][gc] GC(305) Pause Final Mark (process weakrefs) 0,506ms
[2021-04-30T09:23:09.191+0300][20,041s][info][gc] GC(305) Concurrent cleanup 110M->110M(128M) 0,038ms
[2021-04-30T09:23:09.192+0300][20,042s][info][gc] GC(305) Concurrent evacuation 1,210ms
[2021-04-30T09:23:09.193+0300][20,042s][info][gc] GC(305) Pause Init Update Refs 0,006ms
[2021-04-30T09:23:09.200+0300][20,050s][info][gc] GC(305) Concurrent update references 7,597ms
[2021-04-30T09:23:09.201+0300][20,050s][info][gc] GC(305) Pause Final Update Refs 0,118ms
[2021-04-30T09:23:09.201+0300][20,050s][info][gc] GC(305) Concurrent cleanup 119M->112M(128M) 0,040ms
[2021-04-30T09:23:09.202+0300][20,051s][info][gc] Trigger: Free (8285K) is below minimum threshold (13107K)
[2021-04-30T09:23:09.202+0300][20,051s][info][gc] GC(306) Concurrent reset 0,147ms
[2021-04-30T09:23:09.202+0300][20,052s][info][gc] GC(306) Pause Init Mark 0,290ms
[2021-04-30T09:23:09.216+0300][20,066s][info][gc] GC(306) Concurrent marking 13,859ms
[2021-04-30T09:23:09.217+0300][20,066s][info][gc] GC(306) Pause Final Mark 0,426ms
[2021-04-30T09:23:09.217+0300][20,067s][info][gc] GC(306) Concurrent cleanup 114M->114M(128M) 0,043ms
[2021-04-30T09:23:09.217+0300][20,067s][info][gc] GC(306) Concurrent evacuation 0,257ms
[2021-04-30T09:23:09.218+0300][20,067s][info][gc] GC(306) Pause Init Update Refs 0,006ms
[2021-04-30T09:23:09.226+0300][20,075s][info][gc] GC(306) Concurrent update references 8,021ms
[2021-04-30T09:23:09.226+0300][20,075s][info][gc] GC(306) Pause Final Update Refs 0,082ms
[2021-04-30T09:23:09.226+0300][20,075s][info][gc] GC(306) Concurrent cleanup 117M->109M(128M) 0,042ms
[2021-04-30T09:23:09.227+0300][20,077s][info][gc] Trigger: Free (11367K) is below minimum threshold (13107K)
[2021-04-30T09:23:09.227+0300][20,077s][info][gc] GC(307) Concurrent reset 0,176ms
[2021-04-30T09:23:09.228+0300][20,077s][info][gc] GC(307) Pause Init Mark 0,168ms
[2021-04-30T09:23:09.241+0300][20,090s][info][gc] GC(307) Concurrent marking 13,106ms
[2021-04-30T09:23:09.241+0300][20,091s][info][gc] GC(307) Pause Final Mark 0,326ms
[2021-04-30T09:23:09.241+0300][20,091s][info][gc] GC(307) Concurrent cleanup 111M->111M(128M) 0,042ms
[2021-04-30T09:23:09.243+0300][20,093s][info][gc] GC(307) Concurrent evacuation 1,873ms
[2021-04-30T09:23:09.244+0300][20,093s][info][gc] GC(307) Pause Init Update Refs 0,014ms
[2021-04-30T09:23:09.253+0300][20,102s][info][gc] GC(307) Concurrent update references 9,063ms
[2021-04-30T09:23:09.253+0300][20,102s][info][gc] GC(307) Pause Final Update Refs 0,071ms
[2021-04-30T09:23:09.253+0300][20,103s][info][gc] GC(307) Concurrent cleanup 119M->112M(128M) 0,046ms
[2021-04-30T09:23:09.254+0300][20,104s][info][gc] Trigger: Free (8241K) is below minimum threshold (13107K)
[2021-04-30T09:23:09.254+0300][20,104s][info][gc] GC(308) Concurrent reset 0,134ms
[2021-04-30T09:23:09.255+0300][20,104s][info][gc] GC(308) Pause Init Mark 0,162ms
[2021-04-30T09:23:09.270+0300][20,119s][info][gc] GC(308) Concurrent marking 14,919ms
[2021-04-30T09:23:09.270+0300][20,120s][info][gc] GC(308) Pause Final Mark 0,448ms
[2021-04-30T09:23:09.270+0300][20,120s][info][gc] GC(308) Concurrent cleanup 114M->114M(128M) 0,039ms
[2021-04-30T09:23:09.271+0300][20,120s][info][gc] GC(308) Concurrent evacuation 0,204ms
[2021-04-30T09:23:09.271+0300][20,120s][info][gc] GC(308) Pause Init Update Refs 0,005ms
[2021-04-30T09:23:09.280+0300][20,129s][info][gc] GC(308) Concurrent update references 8,966ms
[2021-04-30T09:23:09.280+0300][20,129s][info][gc] GC(308) Pause Final Update Refs 0,074ms
[2021-04-30T09:23:09.280+0300][20,130s][info][gc] GC(308) Concurrent cleanup 117M->110M(128M) 0,044ms
[2021-04-30T09:23:09.281+0300][20,131s][info][gc] Trigger: Free (10851K) is below minimum threshold (13107K)
[2021-04-30T09:23:09.281+0300][20,131s][info][gc] GC(309) Concurrent reset 0,174ms
[2021-04-30T09:23:09.282+0300][20,131s][info][gc] GC(309) Pause Init Mark 0,163ms
[2021-04-30T09:23:09.296+0300][20,145s][info][gc] GC(309) Concurrent marking 13,661ms
[2021-04-30T09:23:09.296+0300][20,146s][info][gc] GC(309) Pause Final Mark 0,524ms
[2021-04-30T09:23:09.296+0300][20,146s][info][gc] GC(309) Concurrent cleanup 112M->112M(128M) 0,042ms
[2021-04-30T09:23:09.298+0300][20,147s][info][gc] GC(309) Concurrent evacuation 1,703ms
[2021-04-30T09:23:09.298+0300][20,148s][info][gc] GC(309) Pause Init Update Refs 0,006ms
[2021-04-30T09:23:09.308+0300][20,157s][info][gc] GC(309) Concurrent update references 9,473ms
[2021-04-30T09:23:09.308+0300][20,157s][info][gc] GC(309) Pause Final Update Refs 0,067ms
[2021-04-30T09:23:09.308+0300][20,158s][info][gc] GC(309) Concurrent cleanup 122M->113M(128M) 0,043ms
[2021-04-30T09:23:09.309+0300][20,159s][info][gc] Trigger: Free (7177K) is below minimum threshold (13107K)
[2021-04-30T09:23:09.309+0300][20,159s][info][gc] GC(310) Concurrent reset 0,170ms
[2021-04-30T09:23:09.310+0300][20,159s][info][gc] GC(310) Pause Init Mark (process weakrefs) 0,221ms
[2021-04-30T09:23:09.324+0300][20,173s][info][gc] GC(310) Concurrent marking (process weakrefs) 13,593ms
[2021-04-30T09:23:09.324+0300][20,173s][info][gc] GC(310) Concurrent precleaning 0,137ms
[2021-04-30T09:23:09.324+0300][20,174s][info][gc] GC(310) Pause Final Mark (process weakrefs) 0,516ms
[2021-04-30T09:23:09.325+0300][20,174s][info][gc] GC(310) Concurrent cleanup 115M->115M(128M) 0,046ms
[2021-04-30T09:23:09.325+0300][20,174s][info][gc] GC(310) Concurrent evacuation 0,190ms
[2021-04-30T09:23:09.325+0300][20,174s][info][gc] GC(310) Pause Init Update Refs 0,005ms
[2021-04-30T09:23:09.334+0300][20,183s][info][gc] GC(310) Concurrent update references 8,624ms
[2021-04-30T09:23:09.334+0300][20,183s][info][gc] GC(310) Pause Final Update Refs 0,117ms
[2021-04-30T09:23:09.334+0300][20,183s][info][gc] GC(310) Concurrent cleanup 120M->111M(128M) 0,040ms
[2021-04-30T09:23:09.335+0300][20,184s][info][gc] Trigger: Free (9418K) is below minimum threshold (13107K)
[2021-04-30T09:23:09.335+0300][20,185s][info][gc] GC(311) Concurrent reset 0,129ms
[2021-04-30T09:23:09.336+0300][20,185s][info][gc] GC(311) Pause Init Mark 0,141ms
[2021-04-30T09:23:09.350+0300][20,199s][info][gc] GC(311) Concurrent marking 14,107ms
[2021-04-30T09:23:09.350+0300][20,200s][info][gc] GC(311) Pause Final Mark 0,308ms
[2021-04-30T09:23:09.350+0300][20,200s][info][gc] GC(311) Concurrent cleanup 113M->113M(128M) 0,041ms
[2021-04-30T09:23:09.351+0300][20,200s][info][gc] GC(311) Concurrent evacuation 0,329ms
[2021-04-30T09:23:09.351+0300][20,200s][info][gc] GC(311) Pause Init Update Refs 0,004ms
[2021-04-30T09:23:09.361+0300][20,210s][info][gc] GC(311) Concurrent update references 9,957ms
[2021-04-30T09:23:09.361+0300][20,211s][info][gc] GC(311) Pause Final Update Refs 0,081ms
[2021-04-30T09:23:09.361+0300][20,211s][info][gc] GC(311) Concurrent cleanup 116M->109M(128M) 0,042ms
[2021-04-30T09:23:09.362+0300][20,212s][info][gc] Trigger: Free (11467K) is below minimum threshold (13107K)
[2021-04-30T09:23:09.363+0300][20,212s][info][gc] GC(312) Concurrent reset 0,158ms
[2021-04-30T09:23:09.363+0300][20,213s][info][gc] GC(312) Pause Init Mark 0,206ms
[2021-04-30T09:23:09.376+0300][20,225s][info][gc] GC(312) Concurrent marking 12,614ms
[2021-04-30T09:23:09.376+0300][20,226s][info][gc] GC(312) Pause Final Mark 0,395ms
[2021-04-30T09:23:09.376+0300][20,226s][info][gc] GC(312) Concurrent cleanup 112M->112M(128M) 0,038ms
[2021-04-30T09:23:09.377+0300][20,226s][info][gc] GC(312) Concurrent evacuation 0,114ms
[2021-04-30T09:23:09.377+0300][20,226s][info][gc] GC(312) Pause Init Update Refs 0,004ms
[2021-04-30T09:23:09.386+0300][20,235s][info][gc] GC(312) Concurrent update references 8,788ms
[2021-04-30T09:23:09.386+0300][20,235s][info][gc] GC(312) Pause Final Update Refs 0,095ms
[2021-04-30T09:23:09.386+0300][20,236s][info][gc] GC(312) Concurrent cleanup 115M->111M(128M) 0,038ms
[2021-04-30T09:23:09.387+0300][20,237s][info][gc] Trigger: Free (9663K) is below minimum threshold (13107K)
[2021-04-30T09:23:09.388+0300][20,237s][info][gc] GC(313) Concurrent reset 0,238ms
[2021-04-30T09:23:09.388+0300][20,237s][info][gc] GC(313) Pause Init Mark 0,213ms
[2021-04-30T09:23:09.401+0300][20,250s][info][gc] GC(313) Concurrent marking 12,775ms
[2021-04-30T09:23:09.401+0300][20,251s][info][gc] GC(313) Pause Final Mark 0,446ms
[2021-04-30T09:23:09.402+0300][20,251s][info][gc] GC(313) Concurrent cleanup 112M->112M(128M) 0,036ms
[2021-04-30T09:23:09.402+0300][20,251s][info][gc] GC(313) Concurrent evacuation 0,170ms
[2021-04-30T09:23:09.402+0300][20,251s][info][gc] GC(313) Pause Init Update Refs 0,004ms
[2021-04-30T09:23:09.409+0300][20,259s][info][gc] GC(313) Concurrent update references 7,124ms
[2021-04-30T09:23:09.410+0300][20,259s][info][gc] GC(313) Pause Final Update Refs 0,220ms
[2021-04-30T09:23:09.410+0300][20,259s][info][gc] GC(313) Concurrent cleanup 118M->112M(128M) 0,041ms
[2021-04-30T09:23:09.411+0300][20,260s][info][gc] Trigger: Free (8600K) is below minimum threshold (13107K)
[2021-04-30T09:23:09.411+0300][20,260s][info][gc] GC(314) Concurrent reset 0,115ms
[2021-04-30T09:23:09.411+0300][20,261s][info][gc] GC(314) Pause Init Mark 0,267ms
[2021-04-30T09:23:09.426+0300][20,275s][info][gc] GC(314) Concurrent marking 14,508ms
[2021-04-30T09:23:09.427+0300][20,276s][info][gc] GC(314) Pause Final Mark 0,398ms
[2021-04-30T09:23:09.427+0300][20,276s][info][gc] GC(314) Concurrent cleanup 114M->114M(128M) 0,036ms
[2021-04-30T09:23:09.427+0300][20,276s][info][gc] GC(314) Concurrent evacuation 0,164ms
[2021-04-30T09:23:09.427+0300][20,277s][info][gc] GC(314) Pause Init Update Refs 0,004ms
[2021-04-30T09:23:09.436+0300][20,286s][info][gc] GC(314) Concurrent update references 9,183ms
[2021-04-30T09:23:09.437+0300][20,286s][info][gc] GC(314) Pause Final Update Refs 0,076ms
[2021-04-30T09:23:09.437+0300][20,286s][info][gc] GC(314) Concurrent cleanup 118M->111M(128M) 0,042ms
[2021-04-30T09:23:09.438+0300][20,287s][info][gc] Trigger: Free (9889K) is below minimum threshold (13107K)
[2021-04-30T09:23:09.438+0300][20,288s][info][gc] GC(315) Concurrent reset 0,169ms
[2021-04-30T09:23:09.439+0300][20,288s][info][gc] GC(315) Pause Init Mark (process weakrefs) 0,176ms
[2021-04-30T09:23:09.459+0300][20,309s][info][gc] GC(315) Concurrent marking (process weakrefs) 20,649ms
[2021-04-30T09:23:09.459+0300][20,309s][info][gc] GC(315) Concurrent precleaning 0,068ms
[2021-04-30T09:23:09.460+0300][20,309s][info][gc] GC(315) Pause Final Mark (process weakrefs) 0,374ms
[2021-04-30T09:23:09.460+0300][20,309s][info][gc] GC(315) Concurrent cleanup 112M->112M(128M) 0,039ms
[2021-04-30T09:23:09.460+0300][20,310s][info][gc] GC(315) Concurrent evacuation 0,140ms
[2021-04-30T09:23:09.460+0300][20,310s][info][gc] GC(315) Pause Init Update Refs 0,004ms
[2021-04-30T09:23:09.471+0300][20,320s][info][gc] GC(315) Concurrent update references 10,664ms
[2021-04-30T09:23:09.471+0300][20,320s][info][gc] GC(315) Pause Final Update Refs 0,067ms
[2021-04-30T09:23:09.471+0300][20,321s][info][gc] GC(315) Concurrent cleanup 115M->110M(128M) 0,048ms
[2021-04-30T09:23:09.472+0300][20,322s][info][gc] Trigger: Free (10953K) is below minimum threshold (13107K)
[2021-04-30T09:23:09.473+0300][20,322s][info][gc] GC(316) Concurrent reset 0,169ms
[2021-04-30T09:23:09.473+0300][20,322s][info][gc] GC(316) Pause Init Mark 0,182ms
[2021-04-30T09:23:09.491+0300][20,340s][info][gc] GC(316) Concurrent marking 17,687ms
[2021-04-30T09:23:09.491+0300][20,341s][info][gc] GC(316) Pause Final Mark 0,415ms
[2021-04-30T09:23:09.491+0300][20,341s][info][gc] GC(316) Concurrent cleanup 112M->112M(128M) 0,037ms
[2021-04-30T09:23:09.491+0300][20,341s][info][gc] GC(316) Concurrent evacuation 0,131ms
[2021-04-30T09:23:09.492+0300][20,341s][info][gc] GC(316) Pause Init Update Refs 0,005ms
[2021-04-30T09:23:09.502+0300][20,351s][info][gc] GC(316) Concurrent update references 10,040ms
[2021-04-30T09:23:09.503+0300][20,352s][info][gc] GC(316) Pause Final Update Refs 0,163ms
[2021-04-30T09:23:09.503+0300][20,353s][info][gc] GC(316) Concurrent cleanup 115M->111M(128M) 0,483ms
[2021-04-30T09:23:09.504+0300][20,354s][info][gc] Trigger: Free (9857K) is below minimum threshold (13107K)
[2021-04-30T09:23:09.505+0300][20,354s][info][gc] GC(317) Concurrent reset 0,145ms
[2021-04-30T09:23:09.505+0300][20,354s][info][gc] GC(317) Pause Init Mark 0,164ms
[2021-04-30T09:23:09.524+0300][20,373s][info][gc] GC(317) Concurrent marking 19,034ms
[2021-04-30T09:23:09.524+0300][20,374s][info][gc] GC(317) Pause Final Mark 0,335ms
[2021-04-30T09:23:09.524+0300][20,374s][info][gc] GC(317) Concurrent cleanup 113M->113M(128M) 0,041ms
[2021-04-30T09:23:09.525+0300][20,374s][info][gc] GC(317) Concurrent evacuation 0,141ms
[2021-04-30T09:23:09.525+0300][20,374s][info][gc] GC(317) Pause Init Update Refs 0,008ms
[2021-04-30T09:23:09.534+0300][20,384s][info][gc] GC(317) Concurrent update references 9,407ms
[2021-04-30T09:23:09.535+0300][20,384s][info][gc] GC(317) Pause Final Update Refs 0,114ms
[2021-04-30T09:23:09.535+0300][20,384s][info][gc] GC(317) Concurrent cleanup 118M->112M(128M) 0,052ms
[2021-04-30T09:23:09.536+0300][20,385s][info][gc] Trigger: Free (8810K) is below minimum threshold (13107K)
[2021-04-30T09:23:09.536+0300][20,386s][info][gc] GC(318) Concurrent reset 0,310ms
[2021-04-30T09:23:09.537+0300][20,386s][info][gc] GC(318) Pause Init Mark 0,174ms
[2021-04-30T09:23:09.552+0300][20,402s][info][gc] GC(318) Concurrent marking 15,124ms
[2021-04-30T09:23:09.553+0300][20,402s][info][gc] GC(318) Pause Final Mark 0,618ms
[2021-04-30T09:23:09.553+0300][20,402s][info][gc] GC(318) Concurrent cleanup 113M->113M(128M) 0,043ms
[2021-04-30T09:23:09.553+0300][20,403s][info][gc] GC(318) Concurrent evacuation 0,170ms
[2021-04-30T09:23:09.553+0300][20,403s][info][gc] GC(318) Pause Init Update Refs 0,006ms
[2021-04-30T09:23:09.562+0300][20,411s][info][gc] GC(318) Concurrent update references 8,550ms
[2021-04-30T09:23:09.562+0300][20,412s][info][gc] GC(318) Pause Final Update Refs 0,122ms
[2021-04-30T09:23:09.562+0300][20,412s][info][gc] GC(318) Concurrent cleanup 116M->110M(128M) 0,041ms
[2021-04-30T09:23:09.563+0300][20,413s][info][gc] Trigger: Free (10424K) is below minimum threshold (13107K)
[2021-04-30T09:23:09.564+0300][20,413s][info][gc] GC(319) Concurrent reset 0,120ms
[2021-04-30T09:23:09.564+0300][20,413s][info][gc] GC(319) Pause Init Mark 0,192ms
[2021-04-30T09:23:09.577+0300][20,426s][info][gc] GC(319) Concurrent marking 12,616ms
[2021-04-30T09:23:09.577+0300][20,427s][info][gc] GC(319) Pause Final Mark 0,417ms
[2021-04-30T09:23:09.577+0300][20,427s][info][gc] GC(319) Concurrent cleanup 112M->112M(128M) 0,037ms
[2021-04-30T09:23:09.578+0300][20,427s][info][gc] GC(319) Concurrent evacuation 0,674ms
[2021-04-30T09:23:09.578+0300][20,427s][info][gc] GC(319) Pause Init Update Refs 0,004ms
[2021-04-30T09:23:09.586+0300][20,435s][info][gc] GC(319) Concurrent update references 7,875ms
[2021-04-30T09:23:09.586+0300][20,436s][info][gc] GC(319) Pause Final Update Refs 0,077ms
[2021-04-30T09:23:09.586+0300][20,436s][info][gc] GC(319) Concurrent cleanup 119M->113M(128M) 0,038ms
[2021-04-30T09:23:09.587+0300][20,437s][info][gc] Trigger: Free (7839K) is below minimum threshold (13107K)
[2021-04-30T09:23:09.588+0300][20,437s][info][gc] GC(320) Concurrent reset 0,123ms
[2021-04-30T09:23:09.588+0300][20,437s][info][gc] GC(320) Pause Init Mark (process weakrefs) 0,140ms
[2021-04-30T09:23:09.603+0300][20,452s][info][gc] GC(320) Concurrent marking (process weakrefs) 14,565ms
[2021-04-30T09:23:09.603+0300][20,452s][info][gc] GC(320) Concurrent precleaning 0,164ms
[2021-04-30T09:23:09.603+0300][20,453s][info][gc] GC(320) Pause Final Mark (process weakrefs) 0,403ms
[2021-04-30T09:23:09.603+0300][20,453s][info][gc] GC(320) Concurrent cleanup 114M->114M(128M) 0,037ms
[2021-04-30T09:23:09.604+0300][20,453s][info][gc] GC(320) Concurrent evacuation 0,224ms
[2021-04-30T09:23:09.604+0300][20,453s][info][gc] GC(320) Pause Init Update Refs 0,004ms
[2021-04-30T09:23:09.617+0300][20,467s][info][gc] GC(320) Concurrent update references 13,569ms
[2021-04-30T09:23:09.618+0300][20,467s][info][gc] GC(320) Pause Final Update Refs 0,090ms
[2021-04-30T09:23:09.618+0300][20,467s][info][gc] GC(320) Concurrent cleanup 118M->110M(128M) 0,040ms
[2021-04-30T09:23:09.619+0300][20,468s][info][gc] Trigger: Free (10257K) is below minimum threshold (13107K)
[2021-04-30T09:23:09.619+0300][20,468s][info][gc] GC(321) Concurrent reset 0,125ms
[2021-04-30T09:23:09.619+0300][20,469s][info][gc] GC(321) Pause Init Mark 0,199ms
[2021-04-30T09:23:09.635+0300][20,484s][info][gc] GC(321) Concurrent marking 15,367ms
[2021-04-30T09:23:09.635+0300][20,485s][info][gc] GC(321) Pause Final Mark 0,361ms
[2021-04-30T09:23:09.635+0300][20,485s][info][gc] GC(321) Concurrent cleanup 112M->112M(128M) 0,039ms
[2021-04-30T09:23:09.636+0300][20,485s][info][gc] GC(321) Concurrent evacuation 0,672ms
[2021-04-30T09:23:09.636+0300][20,486s][info][gc] GC(321) Pause Init Update Refs 0,005ms
[2021-04-30T09:23:09.645+0300][20,494s][info][gc] GC(321) Concurrent update references 8,498ms
[2021-04-30T09:23:09.646+0300][20,496s][info][gc] GC(321) Pause Final Update Refs 0,140ms
[2021-04-30T09:23:09.647+0300][20,496s][info][gc] GC(321) Concurrent cleanup 118M->112M(128M) 0,335ms
[2021-04-30T09:23:09.648+0300][20,498s][info][gc] Trigger: Free (8381K) is below minimum threshold (13107K)
[2021-04-30T09:23:09.648+0300][20,498s][info][gc] GC(322) Concurrent reset 0,201ms
[2021-04-30T09:23:09.649+0300][20,498s][info][gc] GC(322) Pause Init Mark 0,188ms
[2021-04-30T09:23:09.664+0300][20,513s][info][gc] GC(322) Concurrent marking 14,770ms
[2021-04-30T09:23:09.664+0300][20,514s][info][gc] GC(322) Pause Final Mark 0,402ms
[2021-04-30T09:23:09.664+0300][20,514s][info][gc] GC(322) Concurrent cleanup 114M->114M(128M) 0,040ms
[2021-04-30T09:23:09.664+0300][20,514s][info][gc] GC(322) Concurrent evacuation 0,174ms
[2021-04-30T09:23:09.665+0300][20,514s][info][gc] GC(322) Pause Init Update Refs 0,003ms
[2021-04-30T09:23:09.673+0300][20,523s][info][gc] GC(322) Concurrent update references 8,721ms
[2021-04-30T09:23:09.674+0300][20,523s][info][gc] GC(322) Pause Final Update Refs 0,073ms
[2021-04-30T09:23:09.674+0300][20,523s][info][gc] GC(322) Concurrent cleanup 118M->111M(128M) 0,051ms
[2021-04-30T09:23:09.675+0300][20,524s][info][gc] Trigger: Free (8700K) is below minimum threshold (13107K)
[2021-04-30T09:23:09.675+0300][20,524s][info][gc] GC(323) Concurrent reset 0,135ms
[2021-04-30T09:23:09.675+0300][20,525s][info][gc] GC(323) Pause Init Mark 0,166ms
[2021-04-30T09:23:09.691+0300][20,540s][info][gc] GC(323) Concurrent marking 15,135ms
[2021-04-30T09:23:09.691+0300][20,541s][info][gc] GC(323) Pause Final Mark 0,479ms
[2021-04-30T09:23:09.691+0300][20,541s][info][gc] GC(323) Concurrent cleanup 114M->114M(128M) 0,044ms
[2021-04-30T09:23:09.693+0300][20,542s][info][gc] GC(323) Concurrent evacuation 1,108ms
[2021-04-30T09:23:09.693+0300][20,542s][info][gc] GC(323) Pause Init Update Refs 0,007ms
[2021-04-30T09:23:09.702+0300][20,551s][info][gc] GC(323) Concurrent update references 8,820ms
[2021-04-30T09:23:09.702+0300][20,551s][info][gc] GC(323) Pause Final Update Refs 0,130ms
[2021-04-30T09:23:09.702+0300][20,552s][info][gc] GC(323) Concurrent cleanup 123M->114M(128M) 0,286ms
[2021-04-30T09:23:09.704+0300][20,553s][info][gc] Trigger: Free (6667K) is below minimum threshold (13107K)
[2021-04-30T09:23:09.704+0300][20,554s][info][gc] GC(324) Concurrent reset 0,134ms
[2021-04-30T09:23:09.704+0300][20,554s][info][gc] GC(324) Pause Init Mark 0,189ms
[2021-04-30T09:23:09.720+0300][20,569s][info][gc] GC(324) Concurrent marking 15,189ms
[2021-04-30T09:23:09.720+0300][20,570s][info][gc] GC(324) Pause Final Mark 0,371ms
[2021-04-30T09:23:09.720+0300][20,570s][info][gc] GC(324) Concurrent cleanup 115M->115M(128M) 0,038ms
[2021-04-30T09:23:09.721+0300][20,570s][info][gc] GC(324) Concurrent evacuation 0,480ms
[2021-04-30T09:23:09.721+0300][20,570s][info][gc] GC(324) Pause Init Update Refs 0,005ms
[2021-04-30T09:23:09.730+0300][20,580s][info][gc] GC(324) Concurrent update references 9,110ms
[2021-04-30T09:23:09.730+0300][20,580s][info][gc] GC(324) Pause Final Update Refs 0,124ms
[2021-04-30T09:23:09.731+0300][20,580s][info][gc] GC(324) Concurrent cleanup 119M->109M(128M) 0,041ms
[2021-04-30T09:23:09.732+0300][20,581s][info][gc] Trigger: Free (11322K) is below minimum threshold (13107K)
[2021-04-30T09:23:09.732+0300][20,581s][info][gc] GC(325) Concurrent reset 0,166ms
[2021-04-30T09:23:09.732+0300][20,582s][info][gc] GC(325) Pause Init Mark (process weakrefs) 0,199ms
[2021-04-30T09:23:09.746+0300][20,595s][info][gc] GC(325) Concurrent marking (process weakrefs) 13,217ms
[2021-04-30T09:23:09.746+0300][20,595s][info][gc] GC(325) Concurrent precleaning 0,105ms
[2021-04-30T09:23:09.746+0300][20,596s][info][gc] GC(325) Pause Final Mark (process weakrefs) 0,404ms
[2021-04-30T09:23:09.746+0300][20,596s][info][gc] GC(325) Concurrent cleanup 112M->112M(128M) 0,041ms
[2021-04-30T09:23:09.746+0300][20,596s][info][gc] GC(325) Concurrent evacuation 0,149ms
[2021-04-30T09:23:09.747+0300][20,596s][info][gc] GC(325) Pause Init Update Refs 0,006ms
[2021-04-30T09:23:09.755+0300][20,604s][info][gc] GC(325) Concurrent update references 8,420ms
[2021-04-30T09:23:09.755+0300][20,605s][info][gc] GC(325) Pause Final Update Refs 0,078ms
[2021-04-30T09:23:09.755+0300][20,605s][info][gc] GC(325) Concurrent cleanup 116M->113M(128M) 0,038ms
[2021-04-30T09:23:09.757+0300][20,606s][info][gc] Trigger: Free (7634K) is below minimum threshold (13107K)
[2021-04-30T09:23:09.757+0300][20,606s][info][gc] GC(326) Concurrent reset 0,146ms
[2021-04-30T09:23:09.757+0300][20,606s][info][gc] GC(326) Pause Init Mark 0,141ms
[2021-04-30T09:23:09.770+0300][20,619s][info][gc] GC(326) Concurrent marking 12,948ms
[2021-04-30T09:23:09.770+0300][20,620s][info][gc] GC(326) Pause Final Mark 0,303ms
[2021-04-30T09:23:09.770+0300][20,620s][info][gc] GC(326) Concurrent cleanup 115M->115M(128M) 0,036ms
[2021-04-30T09:23:09.771+0300][20,620s][info][gc] GC(326) Concurrent evacuation 0,124ms
[2021-04-30T09:23:09.771+0300][20,620s][info][gc] GC(326) Pause Init Update Refs 0,006ms
[2021-04-30T09:23:09.778+0300][20,628s][info][gc] GC(326) Concurrent update references 7,386ms
[2021-04-30T09:23:09.778+0300][20,628s][info][gc] GC(326) Pause Final Update Refs 0,084ms
[2021-04-30T09:23:09.779+0300][20,628s][info][gc] GC(326) Concurrent cleanup 119M->112M(128M) 0,040ms
[2021-04-30T09:23:09.780+0300][20,629s][info][gc] Trigger: Free (8594K) is below minimum threshold (13107K)
[2021-04-30T09:23:09.780+0300][20,629s][info][gc] GC(327) Concurrent reset 0,119ms
[2021-04-30T09:23:09.780+0300][20,630s][info][gc] GC(327) Pause Init Mark 0,144ms
[2021-04-30T09:23:09.793+0300][20,642s][info][gc] GC(327) Concurrent marking 12,280ms
[2021-04-30T09:23:09.793+0300][20,642s][info][gc] GC(327) Pause Final Mark 0,329ms
[2021-04-30T09:23:09.793+0300][20,642s][info][gc] GC(327) Concurrent cleanup 114M->114M(128M) 0,037ms
[2021-04-30T09:23:09.793+0300][20,643s][info][gc] GC(327) Concurrent evacuation 0,130ms
[2021-04-30T09:23:09.793+0300][20,643s][info][gc] GC(327) Pause Init Update Refs 0,005ms
[2021-04-30T09:23:09.801+0300][20,650s][info][gc] GC(327) Concurrent update references 7,361ms
[2021-04-30T09:23:09.801+0300][20,650s][info][gc] GC(327) Pause Final Update Refs 0,070ms
[2021-04-30T09:23:09.801+0300][20,650s][info][gc] GC(327) Concurrent cleanup 118M->112M(128M) 0,038ms
[2021-04-30T09:23:09.802+0300][20,652s][info][gc] Trigger: Free (8443K) is below minimum threshold (13107K)
[2021-04-30T09:23:09.802+0300][20,652s][info][gc] GC(328) Concurrent reset 0,120ms
[2021-04-30T09:23:09.803+0300][20,652s][info][gc] GC(328) Pause Init Mark 0,278ms
[2021-04-30T09:23:09.815+0300][20,665s][info][gc] GC(328) Concurrent marking 12,604ms
[2021-04-30T09:23:09.816+0300][20,665s][info][gc] GC(328) Pause Final Mark 0,437ms
[2021-04-30T09:23:09.816+0300][20,666s][info][gc] GC(328) Concurrent cleanup 113M->113M(128M) 0,037ms
[2021-04-30T09:23:09.816+0300][20,666s][info][gc] GC(328) Concurrent evacuation 0,158ms
[2021-04-30T09:23:09.816+0300][20,666s][info][gc] GC(328) Pause Init Update Refs 0,004ms
[2021-04-30T09:23:09.824+0300][20,673s][info][gc] GC(328) Concurrent update references 7,080ms
[2021-04-30T09:23:09.824+0300][20,673s][info][gc] GC(328) Pause Final Update Refs 0,220ms
[2021-04-30T09:23:09.824+0300][20,674s][info][gc] GC(328) Concurrent cleanup 119M->113M(128M) 0,061ms
[2021-04-30T09:23:09.825+0300][20,675s][info][gc] Trigger: Free (8271K) is below minimum threshold (13107K)
[2021-04-30T09:23:09.825+0300][20,675s][info][gc] GC(329) Concurrent reset 0,163ms
[2021-04-30T09:23:09.826+0300][20,675s][info][gc] GC(329) Pause Init Mark 0,351ms
[2021-04-30T09:23:09.838+0300][20,687s][info][gc] GC(329) Concurrent marking 11,935ms
[2021-04-30T09:23:09.839+0300][20,688s][info][gc] GC(329) Pause Final Mark 0,512ms
[2021-04-30T09:23:09.839+0300][20,688s][info][gc] GC(329) Concurrent cleanup 114M->114M(128M) 0,036ms
[2021-04-30T09:23:09.839+0300][20,688s][info][gc] GC(329) Concurrent evacuation 0,128ms
[2021-04-30T09:23:09.839+0300][20,689s][info][gc] GC(329) Pause Init Update Refs 0,004ms
[2021-04-30T09:23:09.846+0300][20,695s][info][gc] GC(329) Concurrent update references 6,942ms
[2021-04-30T09:23:09.846+0300][20,696s][info][gc] GC(329) Pause Final Update Refs 0,100ms
[2021-04-30T09:23:09.846+0300][20,696s][info][gc] GC(329) Concurrent cleanup 119M->113M(128M) 0,040ms
[2021-04-30T09:23:09.848+0300][20,697s][info][gc] Trigger: Free (7187K) is below minimum threshold (13107K)
[2021-04-30T09:23:09.848+0300][20,697s][info][gc] GC(330) Concurrent reset 0,191ms
[2021-04-30T09:23:09.848+0300][20,698s][info][gc] GC(330) Pause Init Mark (process weakrefs) 0,202ms
[2021-04-30T09:23:09.861+0300][20,710s][info][gc] GC(330) Concurrent marking (process weakrefs) 12,720ms
[2021-04-30T09:23:09.861+0300][20,711s][info][gc] GC(330) Concurrent precleaning 0,146ms
[2021-04-30T09:23:09.862+0300][20,711s][info][gc] GC(330) Pause Final Mark (process weakrefs) 0,443ms
[2021-04-30T09:23:09.862+0300][20,711s][info][gc] GC(330) Concurrent cleanup 115M->115M(128M) 0,036ms
[2021-04-30T09:23:09.862+0300][20,711s][info][gc] GC(330) Concurrent evacuation 0,151ms
[2021-04-30T09:23:09.862+0300][20,712s][info][gc] GC(330) Pause Init Update Refs 0,004ms
[2021-04-30T09:23:09.869+0300][20,719s][info][gc] GC(330) Concurrent update references 7,031ms
[2021-04-30T09:23:09.869+0300][20,719s][info][gc] GC(330) Pause Final Update Refs 0,070ms
[2021-04-30T09:23:09.869+0300][20,719s][info][gc] GC(330) Concurrent cleanup 121M->113M(128M) 0,039ms
[2021-04-30T09:23:09.871+0300][20,720s][info][gc] Trigger: Free (7066K) is below minimum threshold (13107K)
[2021-04-30T09:23:09.871+0300][20,720s][info][gc] GC(331) Concurrent reset 0,155ms
[2021-04-30T09:23:09.871+0300][20,720s][info][gc] GC(331) Pause Init Mark 0,141ms
[2021-04-30T09:23:09.885+0300][20,734s][info][gc] GC(331) Concurrent marking 13,992ms
[2021-04-30T09:23:09.886+0300][20,735s][info][gc] GC(331) Pause Final Mark 0,397ms
[2021-04-30T09:23:09.886+0300][20,735s][info][gc] GC(331) Concurrent cleanup 115M->115M(128M) 0,037ms
[2021-04-30T09:23:09.886+0300][20,735s][info][gc] GC(331) Concurrent evacuation 0,187ms
[2021-04-30T09:23:09.886+0300][20,736s][info][gc] GC(331) Pause Init Update Refs 0,004ms
[2021-04-30T09:23:09.894+0300][20,743s][info][gc] GC(331) Concurrent update references 7,675ms
[2021-04-30T09:23:09.894+0300][20,744s][info][gc] GC(331) Pause Final Update Refs 0,073ms
[2021-04-30T09:23:09.894+0300][20,744s][info][gc] GC(331) Concurrent cleanup 121M->113M(128M) 0,040ms
[2021-04-30T09:23:09.895+0300][20,745s][info][gc] Trigger: Free (7035K) is below minimum threshold (13107K)
[2021-04-30T09:23:09.896+0300][20,745s][info][gc] GC(332) Concurrent reset 0,180ms
[2021-04-30T09:23:09.896+0300][20,745s][info][gc] GC(332) Pause Init Mark 0,249ms
[2021-04-30T09:23:09.910+0300][20,759s][info][gc] GC(332) Concurrent marking 13,730ms
[2021-04-30T09:23:09.910+0300][20,760s][info][gc] GC(332) Pause Final Mark 0,338ms
[2021-04-30T09:23:09.910+0300][20,760s][info][gc] GC(332) Concurrent cleanup 115M->115M(128M) 0,037ms
[2021-04-30T09:23:09.911+0300][20,760s][info][gc] GC(332) Concurrent evacuation 0,114ms
[2021-04-30T09:23:09.911+0300][20,760s][info][gc] GC(332) Pause Init Update Refs 0,005ms
[2021-04-30T09:23:09.918+0300][20,767s][info][gc] GC(332) Concurrent update references 7,204ms
[2021-04-30T09:23:09.919+0300][20,768s][info][gc] GC(332) Pause Final Update Refs 0,160ms
[2021-04-30T09:23:09.919+0300][20,768s][info][gc] GC(332) Concurrent cleanup 120M->113M(128M) 0,136ms
[2021-04-30T09:23:09.920+0300][20,770s][info][gc] Trigger: Free (7198K) is below minimum threshold (13107K)
[2021-04-30T09:23:09.920+0300][20,770s][info][gc] GC(333) Concurrent reset 0,230ms
[2021-04-30T09:23:09.921+0300][20,770s][info][gc] GC(333) Pause Init Mark 0,322ms
[2021-04-30T09:23:09.936+0300][20,785s][info][gc] GC(333) Concurrent marking 14,575ms
[2021-04-30T09:23:09.937+0300][20,787s][info][gc] GC(333) Pause Final Mark 0,618ms
[2021-04-30T09:23:09.937+0300][20,787s][info][gc] GC(333) Concurrent cleanup 115M->115M(128M) 0,045ms
[2021-04-30T09:23:09.938+0300][20,788s][info][gc] GC(333) Concurrent evacuation 0,591ms
[2021-04-30T09:23:09.939+0300][20,788s][info][gc] GC(333) Pause Init Update Refs 0,010ms
[2021-04-30T09:23:09.950+0300][20,800s][info][gc] GC(333) Concurrent update references 11,455ms
[2021-04-30T09:23:09.950+0300][20,800s][info][gc] GC(333) Pause Final Update Refs 0,068ms
[2021-04-30T09:23:09.950+0300][20,800s][info][gc] GC(333) Concurrent cleanup 119M->112M(128M) 0,047ms
[2021-04-30T09:23:09.952+0300][20,801s][info][gc] Trigger: Free (7798K) is below minimum threshold (13107K)
[2021-04-30T09:23:09.952+0300][20,801s][info][gc] GC(334) Concurrent reset 0,132ms
[2021-04-30T09:23:09.952+0300][20,801s][info][gc] GC(334) Pause Init Mark 0,145ms
[2021-04-30T09:23:09.966+0300][20,816s][info][gc] GC(334) Concurrent marking 14,180ms
[2021-04-30T09:23:09.967+0300][20,816s][info][gc] GC(334) Pause Final Mark 0,397ms
[2021-04-30T09:23:09.967+0300][20,816s][info][gc] GC(334) Concurrent cleanup 114M->114M(128M) 0,037ms
[2021-04-30T09:23:09.967+0300][20,816s][info][gc] GC(334) Concurrent evacuation 0,118ms
[2021-04-30T09:23:09.967+0300][20,816s][info][gc] GC(334) Pause Init Update Refs 0,005ms
[2021-04-30T09:23:09.976+0300][20,826s][info][gc] GC(334) Concurrent update references 9,436ms
[2021-04-30T09:23:09.977+0300][20,826s][info][gc] GC(334) Pause Final Update Refs 0,097ms
[2021-04-30T09:23:09.977+0300][20,826s][info][gc] GC(334) Concurrent cleanup 116M->110M(128M) 0,044ms
[2021-04-30T09:23:09.978+0300][20,827s][info][gc] Trigger: Free (10652K) is below minimum threshold (13107K)
[2021-04-30T09:23:09.978+0300][20,828s][info][gc] GC(335) Concurrent reset 0,190ms
[2021-04-30T09:23:09.979+0300][20,828s][info][gc] GC(335) Pause Init Mark (process weakrefs) 0,298ms
[2021-04-30T09:23:09.992+0300][20,842s][info][gc] GC(335) Concurrent marking (process weakrefs) 13,272ms
[2021-04-30T09:23:09.992+0300][20,842s][info][gc] GC(335) Concurrent precleaning 0,147ms
[2021-04-30T09:23:09.993+0300][20,842s][info][gc] GC(335) Pause Final Mark (process weakrefs) 0,353ms
[2021-04-30T09:23:09.993+0300][20,842s][info][gc] GC(335) Concurrent cleanup 112M->112M(128M) 0,039ms
[2021-04-30T09:23:09.994+0300][20,843s][info][gc] GC(335) Concurrent evacuation 0,888ms
[2021-04-30T09:23:09.994+0300][20,843s][info][gc] GC(335) Pause Init Update Refs 0,005ms
[2021-04-30T09:23:10.005+0300][20,854s][info][gc] GC(335) Concurrent update references 10,896ms
[2021-04-30T09:23:10.005+0300][20,855s][info][gc] GC(335) Pause Final Update Refs 0,056ms
[2021-04-30T09:23:10.005+0300][20,855s][info][gc] GC(335) Concurrent cleanup 118M->113M(128M) 0,041ms
[2021-04-30T09:23:10.007+0300][20,856s][info][gc] Trigger: Free (7413K) is below minimum threshold (13107K)
[2021-04-30T09:23:10.007+0300][20,856s][info][gc] GC(336) Concurrent reset 0,163ms
[2021-04-30T09:23:10.007+0300][20,856s][info][gc] GC(336) Pause Init Mark 0,171ms
[2021-04-30T09:23:10.020+0300][20,870s][info][gc] GC(336) Concurrent marking 13,374ms
[2021-04-30T09:23:10.021+0300][20,870s][info][gc] GC(336) Pause Final Mark 0,347ms
[2021-04-30T09:23:10.021+0300][20,870s][info][gc] GC(336) Concurrent cleanup 115M->115M(128M) 0,038ms
[2021-04-30T09:23:10.021+0300][20,871s][info][gc] GC(336) Concurrent evacuation 0,169ms
[2021-04-30T09:23:10.021+0300][20,871s][info][gc] GC(336) Pause Init Update Refs 0,004ms
[2021-04-30T09:23:10.030+0300][20,880s][info][gc] GC(336) Concurrent update references 8,982ms
[2021-04-30T09:23:10.031+0300][20,880s][info][gc] GC(336) Pause Final Update Refs 0,117ms
[2021-04-30T09:23:10.031+0300][20,880s][info][gc] GC(336) Concurrent cleanup 119M->112M(128M) 0,043ms
[2021-04-30T09:23:10.032+0300][20,881s][info][gc] Trigger: Free (7960K) is below minimum threshold (13107K)
[2021-04-30T09:23:10.032+0300][20,882s][info][gc] GC(337) Concurrent reset 0,167ms
[2021-04-30T09:23:10.032+0300][20,882s][info][gc] GC(337) Pause Init Mark 0,195ms
[2021-04-30T09:23:10.047+0300][20,896s][info][gc] GC(337) Concurrent marking 13,958ms
[2021-04-30T09:23:10.047+0300][20,897s][info][gc] GC(337) Pause Final Mark 0,370ms
[2021-04-30T09:23:10.047+0300][20,897s][info][gc] GC(337) Concurrent cleanup 114M->114M(128M) 0,039ms
[2021-04-30T09:23:10.048+0300][20,898s][info][gc] GC(337) Concurrent evacuation 0,931ms
[2021-04-30T09:23:10.048+0300][20,898s][info][gc] GC(337) Pause Init Update Refs 0,021ms
[2021-04-30T09:23:10.057+0300][20,906s][info][gc] GC(337) Concurrent update references 8,218ms
[2021-04-30T09:23:10.057+0300][20,907s][info][gc] GC(337) Pause Final Update Refs 0,064ms
[2021-04-30T09:23:10.057+0300][20,907s][info][gc] GC(337) Concurrent cleanup 121M->113M(128M) 0,061ms
[2021-04-30T09:23:10.058+0300][20,908s][info][gc] Trigger: Free (6879K) is below minimum threshold (13107K)
[2021-04-30T09:23:10.059+0300][20,908s][info][gc] GC(338) Concurrent reset 0,194ms
[2021-04-30T09:23:10.059+0300][20,908s][info][gc] GC(338) Pause Init Mark 0,159ms
[2021-04-30T09:23:10.071+0300][20,920s][info][gc] GC(338) Concurrent marking 11,995ms
[2021-04-30T09:23:10.071+0300][20,921s][info][gc] GC(338) Pause Final Mark 0,272ms
[2021-04-30T09:23:10.071+0300][20,921s][info][gc] GC(338) Concurrent cleanup 115M->115M(128M) 0,039ms
[2021-04-30T09:23:10.072+0300][20,921s][info][gc] GC(338) Concurrent evacuation 0,171ms
[2021-04-30T09:23:10.072+0300][20,921s][info][gc] GC(338) Pause Init Update Refs 0,004ms
[2021-04-30T09:23:10.079+0300][20,929s][info][gc] GC(338) Concurrent update references 7,320ms
[2021-04-30T09:23:10.079+0300][20,929s][info][gc] GC(338) Pause Final Update Refs 0,067ms
[2021-04-30T09:23:10.080+0300][20,929s][info][gc] GC(338) Concurrent cleanup 120M->113M(128M) 0,056ms
[2021-04-30T09:23:10.081+0300][20,930s][info][gc] Trigger: Free (7427K) is below minimum threshold (13107K)
[2021-04-30T09:23:10.081+0300][20,930s][info][gc] GC(339) Concurrent reset 0,185ms
[2021-04-30T09:23:10.081+0300][20,931s][info][gc] GC(339) Pause Init Mark 0,181ms
[2021-04-30T09:23:10.094+0300][20,943s][info][gc] GC(339) Concurrent marking 12,511ms
[2021-04-30T09:23:10.094+0300][20,944s][info][gc] GC(339) Pause Final Mark 0,338ms
[2021-04-30T09:23:10.094+0300][20,944s][info][gc] GC(339) Concurrent cleanup 115M->115M(128M) 0,039ms
[2021-04-30T09:23:10.095+0300][20,944s][info][gc] GC(339) Concurrent evacuation 0,519ms
[2021-04-30T09:23:10.095+0300][20,944s][info][gc] GC(339) Pause Init Update Refs 0,004ms
[2021-04-30T09:23:10.103+0300][20,952s][info][gc] GC(339) Concurrent update references 7,785ms
[2021-04-30T09:23:10.103+0300][20,952s][info][gc] GC(339) Pause Final Update Refs 0,060ms
[2021-04-30T09:23:10.103+0300][20,953s][info][gc] GC(339) Concurrent cleanup 121M->114M(128M) 0,044ms
[2021-04-30T09:23:10.104+0300][20,954s][info][gc] Trigger: Free (6638K) is below minimum threshold (13107K)
[2021-04-30T09:23:10.104+0300][20,954s][info][gc] GC(340) Concurrent reset 0,172ms
[2021-04-30T09:23:10.105+0300][20,954s][info][gc] GC(340) Pause Init Mark (process weakrefs) 0,181ms
[2021-04-30T09:23:10.119+0300][20,968s][info][gc] GC(340) Concurrent marking (process weakrefs) 14,179ms
[2021-04-30T09:23:10.119+0300][20,969s][info][gc] GC(340) Concurrent precleaning 0,123ms
[2021-04-30T09:23:10.120+0300][20,969s][info][gc] GC(340) Pause Final Mark (process weakrefs) 0,509ms
[2021-04-30T09:23:10.120+0300][20,969s][info][gc] GC(340) Concurrent cleanup 115M->115M(128M) 0,040ms
[2021-04-30T09:23:10.120+0300][20,970s][info][gc] GC(340) Concurrent evacuation 0,180ms
[2021-04-30T09:23:10.120+0300][20,970s][info][gc] GC(340) Pause Init Update Refs 0,004ms
[2021-04-30T09:23:10.128+0300][20,977s][info][gc] GC(340) Concurrent update references 7,401ms
[2021-04-30T09:23:10.128+0300][20,977s][info][gc] GC(340) Pause Final Update Refs 0,136ms
[2021-04-30T09:23:10.128+0300][20,977s][info][gc] GC(340) Concurrent cleanup 119M->112M(128M) 0,040ms
[2021-04-30T09:23:10.129+0300][20,979s][info][gc] Trigger: Free (8461K) is below minimum threshold (13107K)
[2021-04-30T09:23:10.129+0300][20,979s][info][gc] GC(341) Concurrent reset 0,123ms
[2021-04-30T09:23:10.130+0300][20,979s][info][gc] GC(341) Pause Init Mark 0,172ms
[2021-04-30T09:23:10.144+0300][20,993s][info][gc] GC(341) Concurrent marking 14,104ms
[2021-04-30T09:23:10.145+0300][20,994s][info][gc] GC(341) Pause Final Mark 0,657ms
[2021-04-30T09:23:10.145+0300][20,994s][info][gc] GC(341) Concurrent cleanup 114M->114M(128M) 0,053ms
[2021-04-30T09:23:10.145+0300][20,995s][info][gc] GC(341) Concurrent evacuation 0,274ms
[2021-04-30T09:23:10.145+0300][20,995s][info][gc] GC(341) Pause Init Update Refs 0,008ms
[2021-04-30T09:23:10.153+0300][21,002s][info][gc] GC(341) Concurrent update references 7,617ms
[2021-04-30T09:23:10.153+0300][21,003s][info][gc] GC(341) Pause Final Update Refs 0,087ms
[2021-04-30T09:23:10.153+0300][21,003s][info][gc] GC(341) Concurrent cleanup 115M->110M(128M) 0,040ms
[2021-04-30T09:23:10.155+0300][21,004s][info][gc] Trigger: Free (10879K) is below minimum threshold (13107K)
[2021-04-30T09:23:10.155+0300][21,004s][info][gc] GC(342) Concurrent reset 0,490ms
[2021-04-30T09:23:10.156+0300][21,005s][info][gc] GC(342) Pause Init Mark 0,270ms
[2021-04-30T09:23:10.169+0300][21,019s][info][gc] GC(342) Concurrent marking 13,405ms
[2021-04-30T09:23:10.170+0300][21,019s][info][gc] GC(342) Pause Final Mark 0,324ms
[2021-04-30T09:23:10.170+0300][21,019s][info][gc] GC(342) Concurrent cleanup 112M->112M(128M) 0,037ms
[2021-04-30T09:23:10.171+0300][21,020s][info][gc] GC(342) Concurrent evacuation 1,296ms
[2021-04-30T09:23:10.171+0300][21,021s][info][gc] GC(342) Pause Init Update Refs 0,004ms
[2021-04-30T09:23:10.181+0300][21,030s][info][gc] GC(342) Concurrent update references 9,715ms
[2021-04-30T09:23:10.181+0300][21,030s][info][gc] GC(342) Pause Final Update Refs 0,061ms
[2021-04-30T09:23:10.181+0300][21,031s][info][gc] GC(342) Concurrent cleanup 121M->114M(128M) 0,039ms
[2021-04-30T09:23:10.182+0300][21,032s][info][gc] Trigger: Free (5987K) is below minimum threshold (13107K)
[2021-04-30T09:23:10.182+0300][21,032s][info][gc] GC(343) Concurrent reset 0,200ms
[2021-04-30T09:23:10.183+0300][21,032s][info][gc] GC(343) Pause Init Mark 0,148ms
[2021-04-30T09:23:10.196+0300][21,046s][info][gc] GC(343) Concurrent marking 13,285ms
[2021-04-30T09:23:10.197+0300][21,046s][info][gc] GC(343) Pause Final Mark 0,335ms
[2021-04-30T09:23:10.197+0300][21,046s][info][gc] GC(343) Concurrent cleanup 116M->116M(128M) 0,040ms
[2021-04-30T09:23:10.198+0300][21,047s][info][gc] GC(343) Concurrent evacuation 0,985ms
[2021-04-30T09:23:10.198+0300][21,047s][info][gc] GC(343) Pause Init Update Refs 0,006ms
[2021-04-30T09:23:10.211+0300][21,060s][info][gc] GC(343) Concurrent update references 13,096ms
[2021-04-30T09:23:10.211+0300][21,061s][info][gc] GC(343) Pause Final Update Refs 0,106ms
[2021-04-30T09:23:10.212+0300][21,061s][info][gc] GC(343) Concurrent cleanup 123M->112M(128M) 0,041ms
[2021-04-30T09:23:10.213+0300][21,062s][info][gc] Trigger: Free (8446K) is below minimum threshold (13107K)
[2021-04-30T09:23:10.213+0300][21,062s][info][gc] GC(344) Concurrent reset 0,154ms
[2021-04-30T09:23:10.213+0300][21,063s][info][gc] GC(344) Pause Init Mark 0,147ms
[2021-04-30T09:23:10.227+0300][21,076s][info][gc] GC(344) Concurrent marking 13,337ms
[2021-04-30T09:23:10.227+0300][21,077s][info][gc] GC(344) Pause Final Mark 0,481ms
[2021-04-30T09:23:10.227+0300][21,077s][info][gc] GC(344) Concurrent cleanup 113M->113M(128M) 0,042ms
[2021-04-30T09:23:10.227+0300][21,077s][info][gc] GC(344) Concurrent evacuation 0,154ms
[2021-04-30T09:23:10.228+0300][21,077s][info][gc] GC(344) Pause Init Update Refs 0,005ms
[2021-04-30T09:23:10.235+0300][21,085s][info][gc] GC(344) Concurrent update references 7,731ms
[2021-04-30T09:23:10.236+0300][21,085s][info][gc] GC(344) Pause Final Update Refs 0,065ms
[2021-04-30T09:23:10.236+0300][21,085s][info][gc] GC(344) Concurrent cleanup 116M->110M(128M) 0,042ms
[2021-04-30T09:23:10.237+0300][21,086s][info][gc] Trigger: Free (9997K) is below minimum threshold (13107K)
[2021-04-30T09:23:10.237+0300][21,086s][info][gc] GC(345) Concurrent reset 0,129ms
[2021-04-30T09:23:10.237+0300][21,087s][info][gc] GC(345) Pause Init Mark (process weakrefs) 0,199ms
[2021-04-30T09:23:10.250+0300][21,100s][info][gc] GC(345) Concurrent marking (process weakrefs) 12,827ms
[2021-04-30T09:23:10.250+0300][21,100s][info][gc] GC(345) Concurrent precleaning 0,150ms
[2021-04-30T09:23:10.251+0300][21,101s][info][gc] GC(345) Pause Final Mark (process weakrefs) 0,647ms
[2021-04-30T09:23:10.251+0300][21,101s][info][gc] GC(345) Concurrent cleanup 112M->112M(128M) 0,051ms
[2021-04-30T09:23:10.253+0300][21,102s][info][gc] GC(345) Concurrent evacuation 1,333ms
[2021-04-30T09:23:10.253+0300][21,102s][info][gc] GC(345) Pause Init Update Refs 0,025ms
[2021-04-30T09:23:10.261+0300][21,110s][info][gc] GC(345) Concurrent update references 7,473ms
[2021-04-30T09:23:10.261+0300][21,110s][info][gc] GC(345) Pause Final Update Refs 0,218ms
[2021-04-30T09:23:10.261+0300][21,111s][info][gc] GC(345) Concurrent cleanup 121M->114M(128M) 0,047ms
[2021-04-30T09:23:10.262+0300][21,112s][info][gc] Trigger: Free (6541K) is below minimum threshold (13107K)
[2021-04-30T09:23:10.262+0300][21,112s][info][gc] GC(346) Concurrent reset 0,164ms
[2021-04-30T09:23:10.263+0300][21,112s][info][gc] GC(346) Pause Init Mark 0,259ms
[2021-04-30T09:23:10.275+0300][21,124s][info][gc] GC(346) Concurrent marking 12,121ms
[2021-04-30T09:23:10.276+0300][21,126s][info][gc] GC(346) Pause Final Mark 1,031ms
[2021-04-30T09:23:10.277+0300][21,126s][info][gc] GC(346) Concurrent cleanup 115M->115M(128M) 0,060ms
[2021-04-30T09:23:10.277+0300][21,126s][info][gc] GC(346) Concurrent evacuation 0,269ms
[2021-04-30T09:23:10.277+0300][21,127s][info][gc] GC(346) Pause Init Update Refs 0,023ms
[2021-04-30T09:23:10.290+0300][21,139s][info][gc] GC(346) Concurrent update references 12,437ms
[2021-04-30T09:23:10.290+0300][21,140s][info][gc] GC(346) Pause Final Update Refs 0,221ms
[2021-04-30T09:23:10.291+0300][21,140s][info][gc] GC(346) Concurrent cleanup 121M->113M(128M) 0,040ms
[2021-04-30T09:23:10.292+0300][21,141s][info][gc] Trigger: Free (8058K) is below minimum threshold (13107K)
[2021-04-30T09:23:10.292+0300][21,141s][info][gc] GC(347) Concurrent reset 0,141ms
[2021-04-30T09:23:10.292+0300][21,142s][info][gc] GC(347) Pause Init Mark 0,217ms
[2021-04-30T09:23:10.305+0300][21,155s][info][gc] GC(347) Concurrent marking 12,959ms
[2021-04-30T09:23:10.306+0300][21,155s][info][gc] GC(347) Pause Final Mark 0,354ms
[2021-04-30T09:23:10.306+0300][21,155s][info][gc] GC(347) Concurrent cleanup 114M->114M(128M) 0,037ms
[2021-04-30T09:23:10.306+0300][21,156s][info][gc] GC(347) Concurrent evacuation 0,091ms
[2021-04-30T09:23:10.306+0300][21,156s][info][gc] GC(347) Pause Init Update Refs 0,006ms
[2021-04-30T09:23:10.317+0300][21,167s][info][gc] GC(347) Concurrent update references 11,155ms
[2021-04-30T09:23:10.318+0300][21,167s][info][gc] GC(347) Pause Final Update Refs 0,073ms
[2021-04-30T09:23:10.318+0300][21,167s][info][gc] GC(347) Concurrent cleanup 116M->110M(128M) 0,039ms
[2021-04-30T09:23:10.319+0300][21,168s][info][gc] Trigger: Free (10461K) is below minimum threshold (13107K)
[2021-04-30T09:23:10.319+0300][21,169s][info][gc] GC(348) Concurrent reset 0,177ms
[2021-04-30T09:23:10.320+0300][21,169s][info][gc] GC(348) Pause Init Mark 0,219ms
[2021-04-30T09:23:10.333+0300][21,183s][info][gc] GC(348) Concurrent marking 13,716ms
[2021-04-30T09:23:10.334+0300][21,183s][info][gc] GC(348) Pause Final Mark 0,467ms
[2021-04-30T09:23:10.334+0300][21,183s][info][gc] GC(348) Concurrent cleanup 112M->112M(128M) 0,038ms
[2021-04-30T09:23:10.335+0300][21,184s][info][gc] GC(348) Concurrent evacuation 0,767ms
[2021-04-30T09:23:10.335+0300][21,184s][info][gc] GC(348) Pause Init Update Refs 0,007ms
[2021-04-30T09:23:10.350+0300][21,199s][info][gc] GC(348) Concurrent update references 14,943ms
[2021-04-30T09:23:10.350+0300][21,200s][info][gc] GC(348) Pause Final Update Refs 0,071ms
[2021-04-30T09:23:10.350+0300][21,200s][info][gc] GC(348) Concurrent cleanup 120M->115M(128M) 0,042ms
[2021-04-30T09:23:10.351+0300][21,201s][info][gc] Trigger: Free (5797K) is below minimum threshold (13107K)
[2021-04-30T09:23:10.352+0300][21,201s][info][gc] GC(349) Concurrent reset 0,130ms
[2021-04-30T09:23:10.352+0300][21,201s][info][gc] GC(349) Pause Init Mark 0,177ms
[2021-04-30T09:23:10.366+0300][21,216s][info][gc] GC(349) Concurrent marking 14,340ms
[2021-04-30T09:23:10.367+0300][21,216s][info][gc] GC(349) Pause Final Mark 0,514ms
[2021-04-30T09:23:10.367+0300][21,216s][info][gc] GC(349) Concurrent cleanup 116M->116M(128M) 0,039ms
[2021-04-30T09:23:10.367+0300][21,217s][info][gc] GC(349) Concurrent evacuation 0,182ms
[2021-04-30T09:23:10.367+0300][21,217s][info][gc] GC(349) Pause Init Update Refs 0,005ms
[2021-04-30T09:23:10.375+0300][21,224s][info][gc] GC(349) Concurrent update references 7,751ms
[2021-04-30T09:23:10.375+0300][21,225s][info][gc] GC(349) Pause Final Update Refs 0,068ms
[2021-04-30T09:23:10.375+0300][21,225s][info][gc] GC(349) Concurrent cleanup 118M->109M(128M) 0,044ms
[2021-04-30T09:23:10.376+0300][21,226s][info][gc] Trigger: Free (11003K) is below minimum threshold (13107K)
[2021-04-30T09:23:10.377+0300][21,226s][info][gc] GC(350) Concurrent reset 0,206ms
[2021-04-30T09:23:10.377+0300][21,226s][info][gc] GC(350) Pause Init Mark (process weakrefs) 0,161ms
[2021-04-30T09:23:10.391+0300][21,241s][info][gc] GC(350) Concurrent marking (process weakrefs) 14,048ms
[2021-04-30T09:23:10.391+0300][21,241s][info][gc] GC(350) Concurrent precleaning 0,123ms
[2021-04-30T09:23:10.392+0300][21,241s][info][gc] GC(350) Pause Final Mark (process weakrefs) 0,385ms
[2021-04-30T09:23:10.392+0300][21,241s][info][gc] GC(350) Concurrent cleanup 111M->111M(128M) 0,039ms
[2021-04-30T09:23:10.393+0300][21,242s][info][gc] GC(350) Concurrent evacuation 0,872ms
[2021-04-30T09:23:10.393+0300][21,242s][info][gc] GC(350) Pause Init Update Refs 0,005ms
[2021-04-30T09:23:10.407+0300][21,257s][info][gc] GC(350) Concurrent update references 14,279ms
[2021-04-30T09:23:10.407+0300][21,257s][info][gc] GC(350) Pause Final Update Refs 0,075ms
[2021-04-30T09:23:10.408+0300][21,257s][info][gc] GC(350) Concurrent cleanup 120M->115M(128M) 0,059ms
[2021-04-30T09:23:10.409+0300][21,258s][info][gc] Trigger: Free (4965K) is below minimum threshold (13107K)
[2021-04-30T09:23:10.409+0300][21,258s][info][gc] GC(351) Concurrent reset 0,165ms
[2021-04-30T09:23:10.409+0300][21,259s][info][gc] GC(351) Pause Init Mark 0,164ms
[2021-04-30T09:23:10.423+0300][21,273s][info][gc] GC(351) Concurrent marking 13,734ms
[2021-04-30T09:23:10.424+0300][21,273s][info][gc] GC(351) Pause Final Mark 0,385ms
[2021-04-30T09:23:10.424+0300][21,273s][info][gc] GC(351) Concurrent cleanup 117M->117M(128M) 0,037ms
[2021-04-30T09:23:10.424+0300][21,273s][info][gc] GC(351) Concurrent evacuation 0,228ms
[2021-04-30T09:23:10.424+0300][21,273s][info][gc] GC(351) Pause Init Update Refs 0,004ms
[2021-04-30T09:23:10.435+0300][21,284s][info][gc] GC(351) Concurrent update references 10,449ms
[2021-04-30T09:23:10.435+0300][21,284s][info][gc] GC(351) Pause Final Update Refs 0,104ms
[2021-04-30T09:23:10.435+0300][21,284s][info][gc] GC(351) Concurrent cleanup 121M->112M(128M) 0,042ms
[2021-04-30T09:23:10.436+0300][21,285s][info][gc] Trigger: Free (8537K) is below minimum threshold (13107K)
[2021-04-30T09:23:10.436+0300][21,286s][info][gc] GC(352) Concurrent reset 0,129ms
[2021-04-30T09:23:10.437+0300][21,286s][info][gc] GC(352) Pause Init Mark 0,233ms
[2021-04-30T09:23:10.451+0300][21,300s][info][gc] GC(352) Concurrent marking 14,303ms
[2021-04-30T09:23:10.452+0300][21,301s][info][gc] GC(352) Pause Final Mark 0,605ms
[2021-04-30T09:23:10.452+0300][21,301s][info][gc] GC(352) Concurrent cleanup 113M->114M(128M) 0,041ms
[2021-04-30T09:23:10.453+0300][21,302s][info][gc] GC(352) Concurrent evacuation 0,752ms
[2021-04-30T09:23:10.453+0300][21,302s][info][gc] GC(352) Pause Init Update Refs 0,007ms
[2021-04-30T09:23:10.461+0300][21,310s][info][gc] GC(352) Concurrent update references 7,807ms
[2021-04-30T09:23:10.461+0300][21,310s][info][gc] GC(352) Pause Final Update Refs 0,101ms
[2021-04-30T09:23:10.461+0300][21,311s][info][gc] GC(352) Concurrent cleanup 118M->111M(128M) 0,041ms
[2021-04-30T09:23:10.462+0300][21,312s][info][gc] Trigger: Free (9532K) is below minimum threshold (13107K)
[2021-04-30T09:23:10.462+0300][21,312s][info][gc] GC(353) Concurrent reset 0,199ms
[2021-04-30T09:23:10.463+0300][21,312s][info][gc] GC(353) Pause Init Mark 0,165ms
[2021-04-30T09:23:10.482+0300][21,332s][info][gc] GC(353) Concurrent marking 19,543ms
[2021-04-30T09:23:10.483+0300][21,333s][info][gc] GC(353) Pause Final Mark 0,533ms
[2021-04-30T09:23:10.483+0300][21,333s][info][gc] GC(353) Concurrent cleanup 113M->113M(128M) 0,039ms
[2021-04-30T09:23:10.484+0300][21,334s][info][gc] GC(353) Concurrent evacuation 0,984ms
[2021-04-30T09:23:10.484+0300][21,334s][info][gc] GC(353) Pause Init Update Refs 0,006ms
[2021-04-30T09:23:10.498+0300][21,347s][info][gc] GC(353) Concurrent update references 13,108ms
[2021-04-30T09:23:10.498+0300][21,347s][info][gc] GC(353) Pause Final Update Refs 0,080ms
[2021-04-30T09:23:10.498+0300][21,348s][info][gc] GC(353) Concurrent cleanup 122M->115M(128M) 0,044ms
[2021-04-30T09:23:10.499+0300][21,349s][info][gc] Trigger: Free (5364K) is below minimum threshold (13107K)
[2021-04-30T09:23:10.499+0300][21,349s][info][gc] GC(354) Concurrent reset 0,180ms
[2021-04-30T09:23:10.500+0300][21,350s][info][gc] GC(354) Pause Init Mark 0,442ms
[2021-04-30T09:23:10.514+0300][21,364s][info][gc] GC(354) Concurrent marking 13,803ms
[2021-04-30T09:23:10.515+0300][21,364s][info][gc] GC(354) Pause Final Mark 0,583ms
[2021-04-30T09:23:10.515+0300][21,365s][info][gc] GC(354) Concurrent cleanup 116M->116M(128M) 0,051ms
[2021-04-30T09:23:10.515+0300][21,365s][info][gc] GC(354) Concurrent evacuation 0,170ms
[2021-04-30T09:23:10.515+0300][21,365s][info][gc] GC(354) Pause Init Update Refs 0,006ms
[2021-04-30T09:23:10.528+0300][21,378s][info][gc] GC(354) Concurrent update references 12,742ms
[2021-04-30T09:23:10.529+0300][21,378s][info][gc] GC(354) Pause Final Update Refs 0,077ms
[2021-04-30T09:23:10.529+0300][21,378s][info][gc] GC(354) Concurrent cleanup 118M->110M(128M) 0,051ms
[2021-04-30T09:23:10.530+0300][21,379s][info][gc] Trigger: Free (10194K) is below minimum threshold (13107K)
[2021-04-30T09:23:10.530+0300][21,379s][info][gc] GC(355) Concurrent reset 0,187ms
[2021-04-30T09:23:10.531+0300][21,380s][info][gc] GC(355) Pause Init Mark (process weakrefs) 0,206ms
[2021-04-30T09:23:10.545+0300][21,394s][info][gc] GC(355) Concurrent marking (process weakrefs) 13,953ms
[2021-04-30T09:23:10.545+0300][21,394s][info][gc] GC(355) Concurrent precleaning 0,081ms
[2021-04-30T09:23:10.545+0300][21,395s][info][gc] GC(355) Pause Final Mark (process weakrefs) 0,535ms
[2021-04-30T09:23:10.546+0300][21,395s][info][gc] GC(355) Concurrent cleanup 112M->112M(128M) 0,040ms
[2021-04-30T09:23:10.547+0300][21,396s][info][gc] GC(355) Concurrent evacuation 1,100ms
[2021-04-30T09:23:10.547+0300][21,396s][info][gc] GC(355) Pause Init Update Refs 0,007ms
[2021-04-30T09:23:10.557+0300][21,406s][info][gc] GC(355) Concurrent update references 9,896ms
[2021-04-30T09:23:10.557+0300][21,407s][info][gc] GC(355) Pause Final Update Refs 0,067ms
[2021-04-30T09:23:10.557+0300][21,407s][info][gc] GC(355) Concurrent cleanup 121M->115M(128M) 0,039ms
[2021-04-30T09:23:10.558+0300][21,408s][info][gc] Trigger: Free (5388K) is below minimum threshold (13107K)
[2021-04-30T09:23:10.559+0300][21,408s][info][gc] GC(356) Concurrent reset 0,123ms
[2021-04-30T09:23:10.559+0300][21,408s][info][gc] GC(356) Pause Init Mark 0,200ms
[2021-04-30T09:23:10.572+0300][21,421s][info][gc] GC(356) Concurrent marking 13,023ms
[2021-04-30T09:23:10.572+0300][21,422s][info][gc] GC(356) Pause Final Mark 0,429ms
[2021-04-30T09:23:10.573+0300][21,422s][info][gc] GC(356) Concurrent cleanup 117M->117M(128M) 0,040ms
[2021-04-30T09:23:10.573+0300][21,422s][info][gc] GC(356) Concurrent evacuation 0,152ms
[2021-04-30T09:23:10.573+0300][21,422s][info][gc] GC(356) Pause Init Update Refs 0,006ms
[2021-04-30T09:23:10.580+0300][21,430s][info][gc] GC(356) Concurrent update references 7,286ms
[2021-04-30T09:23:10.581+0300][21,430s][info][gc] GC(356) Pause Final Update Refs 0,097ms
[2021-04-30T09:23:10.581+0300][21,431s][info][gc] GC(356) Concurrent cleanup 119M->111M(128M) 0,325ms
[2021-04-30T09:23:10.583+0300][21,432s][info][gc] Trigger: Free (9163K) is below minimum threshold (13107K)
[2021-04-30T09:23:10.583+0300][21,432s][info][gc] GC(357) Concurrent reset 0,131ms
[2021-04-30T09:23:10.583+0300][21,433s][info][gc] GC(357) Pause Init Mark 0,207ms
[2021-04-30T09:23:10.599+0300][21,448s][info][gc] GC(357) Concurrent marking 15,296ms
[2021-04-30T09:23:10.599+0300][21,449s][info][gc] GC(357) Pause Final Mark 0,600ms
[2021-04-30T09:23:10.599+0300][21,449s][info][gc] GC(357) Concurrent cleanup 113M->113M(128M) 0,038ms
[2021-04-30T09:23:10.601+0300][21,450s][info][gc] GC(357) Concurrent evacuation 1,411ms
[2021-04-30T09:23:10.601+0300][21,450s][info][gc] GC(357) Pause Init Update Refs 0,005ms
[2021-04-30T09:23:10.615+0300][21,464s][info][gc] GC(357) Concurrent update references 13,838ms
[2021-04-30T09:23:10.615+0300][21,465s][info][gc] GC(357) Pause Final Update Refs 0,107ms
[2021-04-30T09:23:10.615+0300][21,465s][info][gc] GC(357) Concurrent cleanup 122M->114M(128M) 0,039ms
[2021-04-30T09:23:10.616+0300][21,466s][info][gc] Trigger: Free (6658K) is below minimum threshold (13107K)
[2021-04-30T09:23:10.617+0300][21,466s][info][gc] GC(358) Concurrent reset 0,265ms
[2021-04-30T09:23:10.617+0300][21,466s][info][gc] GC(358) Pause Init Mark 0,254ms
[2021-04-30T09:23:10.631+0300][21,481s][info][gc] GC(358) Concurrent marking 14,358ms
[2021-04-30T09:23:10.632+0300][21,481s][info][gc] GC(358) Pause Final Mark 0,556ms
[2021-04-30T09:23:10.632+0300][21,482s][info][gc] GC(358) Concurrent cleanup 115M->115M(128M) 0,036ms
[2021-04-30T09:23:10.632+0300][21,482s][info][gc] GC(358) Concurrent evacuation 0,242ms
[2021-04-30T09:23:10.633+0300][21,482s][info][gc] GC(358) Pause Init Update Refs 0,006ms
[2021-04-30T09:23:10.642+0300][21,492s][info][gc] GC(358) Concurrent update references 9,849ms
[2021-04-30T09:23:10.643+0300][21,492s][info][gc] GC(358) Pause Final Update Refs 0,175ms
[2021-04-30T09:23:10.643+0300][21,492s][info][gc] GC(358) Concurrent cleanup 118M->111M(128M) 0,058ms
[2021-04-30T09:23:10.644+0300][21,494s][info][gc] Trigger: Free (9267K) is below minimum threshold (13107K)
[2021-04-30T09:23:10.645+0300][21,494s][info][gc] GC(359) Concurrent reset 0,504ms
[2021-04-30T09:23:10.646+0300][21,495s][info][gc] GC(359) Pause Init Mark 0,297ms
[2021-04-30T09:23:10.660+0300][21,510s][info][gc] GC(359) Concurrent marking 14,563ms
[2021-04-30T09:23:10.661+0300][21,510s][info][gc] GC(359) Pause Final Mark 0,285ms
[2021-04-30T09:23:10.661+0300][21,510s][info][gc] GC(359) Concurrent cleanup 113M->113M(128M) 0,042ms
[2021-04-30T09:23:10.662+0300][21,511s][info][gc] GC(359) Concurrent evacuation 0,887ms
[2021-04-30T09:23:10.662+0300][21,511s][info][gc] GC(359) Pause Init Update Refs 0,006ms
[2021-04-30T09:23:10.670+0300][21,520s][info][gc] GC(359) Concurrent update references 8,610ms
[2021-04-30T09:23:10.671+0300][21,520s][info][gc] GC(359) Pause Final Update Refs 0,071ms
[2021-04-30T09:23:10.671+0300][21,520s][info][gc] GC(359) Concurrent cleanup 117M->110M(128M) 0,041ms
[2021-04-30T09:23:10.672+0300][21,521s][info][gc] Trigger: Free (10228K) is below minimum threshold (13107K)
[2021-04-30T09:23:10.672+0300][21,522s][info][gc] GC(360) Concurrent reset 0,416ms
[2021-04-30T09:23:10.673+0300][21,523s][info][gc] GC(360) Pause Init Mark (process weakrefs) 0,404ms
[2021-04-30T09:23:10.688+0300][21,537s][info][gc] GC(360) Concurrent marking (process weakrefs) 14,384ms
[2021-04-30T09:23:10.688+0300][21,537s][info][gc] GC(360) Concurrent precleaning 0,113ms
[2021-04-30T09:23:10.689+0300][21,538s][info][gc] GC(360) Pause Final Mark (process weakrefs) 0,571ms
[2021-04-30T09:23:10.689+0300][21,538s][info][gc] GC(360) Concurrent cleanup 112M->112M(128M) 0,038ms
[2021-04-30T09:23:10.690+0300][21,539s][info][gc] GC(360) Concurrent evacuation 0,937ms
[2021-04-30T09:23:10.690+0300][21,539s][info][gc] GC(360) Pause Init Update Refs 0,005ms
[2021-04-30T09:23:10.699+0300][21,548s][info][gc] GC(360) Concurrent update references 8,863ms
[2021-04-30T09:23:10.699+0300][21,549s][info][gc] GC(360) Pause Final Update Refs 0,102ms
[2021-04-30T09:23:10.699+0300][21,549s][info][gc] GC(360) Concurrent cleanup 116M->110M(128M) 0,040ms
[2021-04-30T09:23:10.700+0300][21,550s][info][gc] Trigger: Free (9959K) is below minimum threshold (13107K)
[2021-04-30T09:23:10.701+0300][21,550s][info][gc] GC(361) Concurrent reset 0,116ms
[2021-04-30T09:23:10.701+0300][21,550s][info][gc] GC(361) Pause Init Mark 0,177ms
[2021-04-30T09:23:10.715+0300][21,565s][info][gc] GC(361) Concurrent marking 14,280ms
[2021-04-30T09:23:10.716+0300][21,565s][info][gc] GC(361) Pause Final Mark 0,423ms
[2021-04-30T09:23:10.716+0300][21,565s][info][gc] GC(361) Concurrent cleanup 112M->112M(128M) 0,037ms
[2021-04-30T09:23:10.716+0300][21,565s][info][gc] GC(361) Concurrent evacuation 0,113ms
[2021-04-30T09:23:10.716+0300][21,566s][info][gc] GC(361) Pause Init Update Refs 0,006ms
[2021-04-30T09:23:10.725+0300][21,574s][info][gc] GC(361) Concurrent update references 8,345ms
[2021-04-30T09:23:10.725+0300][21,574s][info][gc] GC(361) Pause Final Update Refs 0,145ms
[2021-04-30T09:23:10.725+0300][21,574s][info][gc] GC(361) Concurrent cleanup 116M->113M(128M) 0,040ms
[2021-04-30T09:23:10.726+0300][21,576s][info][gc] Trigger: Free (7846K) is below minimum threshold (13107K)
[2021-04-30T09:23:10.726+0300][21,576s][info][gc] GC(362) Concurrent reset 0,229ms
[2021-04-30T09:23:10.727+0300][21,576s][info][gc] GC(362) Pause Init Mark 0,212ms
[2021-04-30T09:23:10.741+0300][21,590s][info][gc] GC(362) Concurrent marking 13,825ms
[2021-04-30T09:23:10.742+0300][21,591s][info][gc] GC(362) Pause Final Mark 0,637ms
[2021-04-30T09:23:10.742+0300][21,591s][info][gc] GC(362) Concurrent cleanup 115M->115M(128M) 0,037ms
[2021-04-30T09:23:10.742+0300][21,592s][info][gc] GC(362) Concurrent evacuation 0,721ms
[2021-04-30T09:23:10.743+0300][21,592s][info][gc] GC(362) Pause Init Update Refs 0,004ms
[2021-04-30T09:23:10.750+0300][21,600s][info][gc] GC(362) Concurrent update references 7,506ms
[2021-04-30T09:23:10.751+0300][21,600s][info][gc] GC(362) Pause Final Update Refs 0,202ms
[2021-04-30T09:23:10.751+0300][21,600s][info][gc] GC(362) Concurrent cleanup 118M->110M(128M) 0,040ms
[2021-04-30T09:23:10.752+0300][21,601s][info][gc] Trigger: Free (10722K) is below minimum threshold (13107K)
[2021-04-30T09:23:10.752+0300][21,601s][info][gc] GC(363) Concurrent reset 0,121ms
[2021-04-30T09:23:10.752+0300][21,602s][info][gc] GC(363) Pause Init Mark 0,283ms
[2021-04-30T09:23:10.766+0300][21,615s][info][gc] GC(363) Concurrent marking 13,371ms
[2021-04-30T09:23:10.767+0300][21,617s][info][gc] GC(363) Pause Final Mark 0,362ms
[2021-04-30T09:23:10.767+0300][21,617s][info][gc] GC(363) Concurrent cleanup 110M->110M(128M) 0,039ms
[2021-04-30T09:23:10.767+0300][21,617s][info][gc] GC(363) Concurrent evacuation 0,184ms
[2021-04-30T09:23:10.768+0300][21,617s][info][gc] GC(363) Pause Init Update Refs 0,004ms
[2021-04-30T09:23:10.780+0300][21,630s][info][gc] GC(363) Concurrent update references 12,427ms
[2021-04-30T09:23:10.780+0300][21,630s][info][gc] GC(363) Pause Final Update Refs 0,067ms
[2021-04-30T09:23:10.781+0300][21,630s][info][gc] GC(363) Concurrent cleanup 111M->108M(128M) 0,039ms
[2021-04-30T09:23:11.547+0300][22,396s][info][gc] Trigger: Free (13041K) is below minimum threshold (13107K)
[2021-04-30T09:23:11.547+0300][22,397s][info][gc] GC(364) Concurrent reset 0,473ms
[2021-04-30T09:23:11.548+0300][22,397s][info][gc] GC(364) Pause Init Mark 0,195ms
[2021-04-30T09:23:11.557+0300][22,407s][info][gc] GC(364) Concurrent marking 9,346ms
[2021-04-30T09:23:11.558+0300][22,407s][info][gc] GC(364) Pause Final Mark 0,381ms
[2021-04-30T09:23:11.558+0300][22,407s][info][gc] GC(364) Concurrent cleanup 108M->108M(128M) 0,039ms
[2021-04-30T09:23:11.560+0300][22,409s][info][gc] GC(364) Concurrent evacuation 1,663ms
[2021-04-30T09:23:11.560+0300][22,409s][info][gc] GC(364) Pause Init Update Refs 0,004ms
[2021-04-30T09:23:11.566+0300][22,415s][info][gc] GC(364) Concurrent update references 6,202ms
[2021-04-30T09:23:11.566+0300][22,416s][info][gc] GC(364) Pause Final Update Refs 0,151ms
[2021-04-30T09:23:11.566+0300][22,416s][info][gc] GC(364) Concurrent cleanup 114M->102M(128M) 0,041ms
[2021-04-30T09:23:11.663+0300][22,512s][info][gc] Trigger: Free (12985K) is below minimum threshold (13107K)
[2021-04-30T09:23:11.663+0300][22,513s][info][gc] GC(365) Concurrent reset 0,300ms
[2021-04-30T09:23:11.664+0300][22,513s][info][gc] GC(365) Pause Init Mark (process weakrefs) 0,368ms
[2021-04-30T09:23:11.678+0300][22,528s][info][gc] GC(365) Concurrent marking (process weakrefs) 14,153ms
[2021-04-30T09:23:11.678+0300][22,528s][info][gc] GC(365) Concurrent precleaning 0,134ms
[2021-04-30T09:23:11.679+0300][22,529s][info][gc] GC(365) Pause Final Mark (process weakrefs) 0,637ms
[2021-04-30T09:23:11.679+0300][22,529s][info][gc] GC(365) Concurrent cleanup 110M->110M(128M) 0,041ms
[2021-04-30T09:23:11.681+0300][22,531s][info][gc] GC(365) Concurrent evacuation 1,680ms
[2021-04-30T09:23:11.681+0300][22,531s][info][gc] GC(365) Pause Init Update Refs 0,007ms
[2021-04-30T09:23:11.687+0300][22,537s][info][gc] GC(365) Concurrent update references 5,819ms
[2021-04-30T09:23:11.688+0300][22,537s][info][gc] GC(365) Pause Final Update Refs 0,131ms
[2021-04-30T09:23:11.688+0300][22,537s][info][gc] GC(365) Concurrent cleanup 119M->102M(128M) 0,044ms
[2021-04-30T09:23:11.703+0300][22,552s][info][gc] Trigger: Free (12985K) is below minimum threshold (13107K)
[2021-04-30T09:23:11.703+0300][22,553s][info][gc] GC(366) Concurrent reset 0,194ms
[2021-04-30T09:23:11.704+0300][22,553s][info][gc] GC(366) Pause Init Mark 0,147ms
[2021-04-30T09:23:11.716+0300][22,566s][info][gc] GC(366) Concurrent marking 12,724ms
[2021-04-30T09:23:11.717+0300][22,567s][info][gc] GC(366) Pause Final Mark 0,634ms
[2021-04-30T09:23:11.717+0300][22,567s][info][gc] GC(366) Concurrent cleanup 110M->110M(128M) 0,040ms
[2021-04-30T09:23:11.719+0300][22,568s][info][gc] GC(366) Concurrent evacuation 1,702ms
[2021-04-30T09:23:11.719+0300][22,568s][info][gc] GC(366) Pause Init Update Refs 0,005ms
[2021-04-30T09:23:11.725+0300][22,575s][info][gc] GC(366) Concurrent update references 6,025ms
[2021-04-30T09:23:11.725+0300][22,575s][info][gc] GC(366) Pause Final Update Refs 0,203ms
[2021-04-30T09:23:11.726+0300][22,575s][info][gc] GC(366) Concurrent cleanup 119M->98M(128M) 0,045ms
[2021-04-30T09:23:11.738+0300][22,588s][info][gc] Trigger: Average GC time (23,97 ms) is above the time for allocation rate (373 MB/s) to deplete free headroom (8992K)
[2021-04-30T09:23:11.739+0300][22,588s][info][gc] GC(367) Concurrent reset 0,158ms
[2021-04-30T09:23:11.739+0300][22,588s][info][gc] GC(367) Pause Init Mark 0,188ms
[2021-04-30T09:23:11.749+0300][22,598s][info][gc] GC(367) Concurrent marking 9,805ms
[2021-04-30T09:23:11.749+0300][22,599s][info][gc] GC(367) Pause Final Mark 0,383ms
[2021-04-30T09:23:11.750+0300][22,599s][info][gc] GC(367) Concurrent cleanup 108M->108M(128M) 0,039ms
[2021-04-30T09:23:11.752+0300][22,601s][info][gc] GC(367) Concurrent evacuation 2,109ms
[2021-04-30T09:23:11.752+0300][22,601s][info][gc] GC(367) Pause Init Update Refs 0,004ms
[2021-04-30T09:23:11.758+0300][22,608s][info][gc] GC(367) Concurrent update references 6,384ms
[2021-04-30T09:23:11.759+0300][22,608s][info][gc] GC(367) Pause Final Update Refs 0,077ms
[2021-04-30T09:23:11.759+0300][22,608s][info][gc] GC(367) Concurrent cleanup 118M->95M(128M) 0,047ms
[2021-04-30T09:23:11.774+0300][22,623s][info][gc] Trigger: Average GC time (23,09 ms) is above the time for allocation rate (470 MB/s) to deplete free headroom (10527K)
[2021-04-30T09:23:11.774+0300][22,623s][info][gc] GC(368) Concurrent reset 0,162ms
[2021-04-30T09:23:11.774+0300][22,624s][info][gc] GC(368) Pause Init Mark 0,147ms
[2021-04-30T09:23:11.784+0300][22,634s][info][gc] GC(368) Concurrent marking 9,878ms
[2021-04-30T09:23:11.785+0300][22,634s][info][gc] GC(368) Pause Final Mark 0,338ms
[2021-04-30T09:23:11.785+0300][22,634s][info][gc] GC(368) Concurrent cleanup 106M->106M(128M) 0,038ms
[2021-04-30T09:23:11.786+0300][22,636s][info][gc] GC(368) Concurrent evacuation 1,526ms
[2021-04-30T09:23:11.786+0300][22,636s][info][gc] GC(368) Pause Init Update Refs 0,004ms
[2021-04-30T09:23:11.792+0300][22,642s][info][gc] GC(368) Concurrent update references 5,723ms
[2021-04-30T09:23:11.792+0300][22,642s][info][gc] GC(368) Pause Final Update Refs 0,156ms
[2021-04-30T09:23:11.793+0300][22,642s][info][gc] GC(368) Concurrent cleanup 114M->87M(128M) 0,048ms
[2021-04-30T09:23:11.820+0300][22,670s][info][gc] Trigger: Average GC time (21,16 ms) is above the time for allocation rate (473 MB/s) to deplete free headroom (10015K)
[2021-04-30T09:23:11.820+0300][22,670s][info][gc] GC(369) Concurrent reset 0,173ms
[2021-04-30T09:23:11.821+0300][22,670s][info][gc] GC(369) Pause Init Mark 0,145ms
[2021-04-30T09:23:11.831+0300][22,680s][info][gc] GC(369) Concurrent marking 9,826ms
[2021-04-30T09:23:11.831+0300][22,681s][info][gc] GC(369) Pause Final Mark 0,674ms
[2021-04-30T09:23:11.832+0300][22,681s][info][gc] GC(369) Concurrent cleanup 107M->107M(128M) 0,046ms
[2021-04-30T09:23:11.835+0300][22,684s][info][gc] GC(369) Concurrent evacuation 2,868ms
[2021-04-30T09:23:11.835+0300][22,684s][info][gc] GC(369) Pause Init Update Refs 0,026ms
[2021-04-30T09:23:11.841+0300][22,691s][info][gc] GC(369) Concurrent update references 6,312ms
[2021-04-30T09:23:11.842+0300][22,691s][info][gc] GC(369) Pause Final Update Refs 0,220ms
[2021-04-30T09:23:11.842+0300][22,691s][info][gc] GC(369) Concurrent cleanup 116M->84M(128M) 0,050ms
[2021-04-30T09:23:11.877+0300][22,727s][info][gc] Trigger: Average GC time (21,61 ms) is above the time for allocation rate (464 MB/s) to deplete free headroom (10015K)
[2021-04-30T09:23:11.878+0300][22,727s][info][gc] GC(370) Concurrent reset 0,153ms
[2021-04-30T09:23:11.878+0300][22,728s][info][gc] GC(370) Pause Init Mark (process weakrefs) 0,372ms
[2021-04-30T09:23:11.889+0300][22,739s][info][gc] GC(370) Concurrent marking (process weakrefs) 10,926ms
[2021-04-30T09:23:11.889+0300][22,739s][info][gc] GC(370) Concurrent precleaning 0,094ms
[2021-04-30T09:23:11.890+0300][22,739s][info][gc] GC(370) Pause Final Mark (process weakrefs) 0,481ms
[2021-04-30T09:23:11.890+0300][22,740s][info][gc] GC(370) Concurrent cleanup 107M->107M(128M) 0,049ms
[2021-04-30T09:23:11.892+0300][22,741s][info][gc] GC(370) Concurrent evacuation 1,808ms
[2021-04-30T09:23:11.892+0300][22,741s][info][gc] GC(370) Pause Init Update Refs 0,005ms
[2021-04-30T09:23:11.900+0300][22,749s][info][gc] GC(370) Concurrent update references 7,564ms
[2021-04-30T09:23:11.900+0300][22,750s][info][gc] GC(370) Pause Final Update Refs 0,112ms
[2021-04-30T09:23:11.900+0300][22,750s][info][gc] GC(370) Concurrent cleanup 118M->82M(128M) 0,051ms
[2021-04-30T09:23:11.939+0300][22,788s][info][gc] Trigger: Average GC time (21,21 ms) is above the time for allocation rate (488 MB/s) to deplete free headroom (10527K)
[2021-04-30T09:23:11.939+0300][22,789s][info][gc] GC(371) Concurrent reset 0,190ms
[2021-04-30T09:23:11.940+0300][22,789s][info][gc] GC(371) Pause Init Mark 0,287ms
[2021-04-30T09:23:11.951+0300][22,800s][info][gc] GC(371) Concurrent marking 11,337ms
[2021-04-30T09:23:11.952+0300][22,801s][info][gc] GC(371) Pause Final Mark 0,433ms
[2021-04-30T09:23:11.952+0300][22,801s][info][gc] GC(371) Concurrent cleanup 107M->107M(128M) 0,039ms
[2021-04-30T09:23:11.953+0300][22,803s][info][gc] GC(371) Concurrent evacuation 1,618ms
[2021-04-30T09:23:11.953+0300][22,803s][info][gc] GC(371) Pause Init Update Refs 0,006ms
[2021-04-30T09:23:11.960+0300][22,809s][info][gc] GC(371) Concurrent update references 6,202ms
[2021-04-30T09:23:11.960+0300][22,809s][info][gc] GC(371) Pause Final Update Refs 0,091ms
[2021-04-30T09:23:11.960+0300][22,810s][info][gc] GC(371) Concurrent cleanup 116M->78M(128M) 0,049ms
[2021-04-30T09:23:12.026+0300][22,875s][info][gc] Trigger: Average GC time (20,94 ms) is above the time for allocation rate (405 MB/s) to deplete free headroom (7967K)
[2021-04-30T09:23:12.026+0300][22,876s][info][gc] GC(372) Concurrent reset 0,198ms
[2021-04-30T09:23:12.027+0300][22,876s][info][gc] GC(372) Pause Init Mark 0,208ms
[2021-04-30T09:23:12.038+0300][22,888s][info][gc] GC(372) Concurrent marking 11,633ms
[2021-04-30T09:23:12.039+0300][22,888s][info][gc] GC(372) Pause Final Mark 0,531ms
[2021-04-30T09:23:12.039+0300][22,888s][info][gc] GC(372) Concurrent cleanup 108M->108M(128M) 0,041ms
[2021-04-30T09:23:12.040+0300][22,890s][info][gc] GC(372) Concurrent evacuation 1,233ms
[2021-04-30T09:23:12.040+0300][22,890s][info][gc] GC(372) Pause Init Update Refs 0,006ms
[2021-04-30T09:23:12.052+0300][22,901s][info][gc] GC(372) Concurrent update references 11,057ms
[2021-04-30T09:23:12.052+0300][22,901s][info][gc] GC(372) Pause Final Update Refs 0,112ms
[2021-04-30T09:23:12.052+0300][22,901s][info][gc] GC(372) Concurrent cleanup 115M->76M(128M) 0,051ms
[2021-04-30T09:23:12.129+0300][22,979s][info][gc] Trigger: Average GC time (22,11 ms) is above the time for allocation rate (351 MB/s) to deplete free headroom (7713K)
[2021-04-30T09:23:12.130+0300][22,979s][info][gc] GC(373) Concurrent reset 0,186ms
[2021-04-30T09:23:12.130+0300][22,979s][info][gc] GC(373) Pause Init Mark 0,213ms
[2021-04-30T09:23:12.157+0300][23,007s][info][gc] GC(373) Concurrent marking 27,367ms
[2021-04-30T09:23:12.158+0300][23,007s][info][gc] GC(373) Pause Final Mark 0,472ms
[2021-04-30T09:23:12.158+0300][23,008s][info][gc] GC(373) Concurrent cleanup 110M->110M(128M) 0,050ms
[2021-04-30T09:23:12.159+0300][23,008s][info][gc] GC(373) Concurrent evacuation 0,485ms
[2021-04-30T09:23:12.159+0300][23,008s][info][gc] GC(373) Pause Init Update Refs 0,008ms
[2021-04-30T09:23:12.166+0300][23,016s][info][gc] GC(373) Concurrent update references 7,260ms
[2021-04-30T09:23:12.166+0300][23,016s][info][gc] GC(373) Pause Final Update Refs 0,080ms
[2021-04-30T09:23:12.166+0300][23,016s][info][gc] GC(373) Concurrent cleanup 115M->79M(128M) 0,047ms
[2021-04-30T09:23:12.217+0300][23,067s][info][gc] Trigger: Average GC time (25,74 ms) is above the time for allocation rate (381 MB/s) to deplete free headroom (10017K)
[2021-04-30T09:23:12.217+0300][23,067s][info][gc] GC(374) Concurrent reset 0,185ms
[2021-04-30T09:23:12.218+0300][23,067s][info][gc] GC(374) Pause Init Mark 0,151ms
[2021-04-30T09:23:12.228+0300][23,077s][info][gc] GC(374) Concurrent marking 9,894ms
[2021-04-30T09:23:12.228+0300][23,078s][info][gc] GC(374) Pause Final Mark 0,374ms
[2021-04-30T09:23:12.229+0300][23,078s][info][gc] GC(374) Concurrent cleanup 107M->107M(128M) 0,037ms
[2021-04-30T09:23:12.229+0300][23,078s][info][gc] GC(374) Concurrent evacuation 0,342ms
[2021-04-30T09:23:12.229+0300][23,079s][info][gc] GC(374) Pause Init Update Refs 0,026ms
[2021-04-30T09:23:12.235+0300][23,084s][info][gc] GC(374) Concurrent update references 5,467ms
[2021-04-30T09:23:12.235+0300][23,085s][info][gc] GC(374) Pause Final Update Refs 0,101ms
[2021-04-30T09:23:12.235+0300][23,085s][info][gc] GC(374) Concurrent cleanup 109M->76M(128M) 0,056ms
[2021-04-30T09:23:12.274+0300][23,124s][info][gc] Trigger: Average GC time (25,04 ms) is above the time for allocation rate (526 MB/s) to deplete free headroom (13089K)
[2021-04-30T09:23:12.275+0300][23,124s][info][gc] GC(375) Concurrent reset 0,211ms
[2021-04-30T09:23:12.275+0300][23,124s][info][gc] GC(375) Pause Init Mark (process weakrefs) 0,146ms
[2021-04-30T09:23:12.286+0300][23,136s][info][gc] GC(375) Concurrent marking (process weakrefs) 11,387ms
[2021-04-30T09:23:12.286+0300][23,136s][info][gc] GC(375) Concurrent precleaning 0,059ms
[2021-04-30T09:23:12.287+0300][23,137s][info][gc] GC(375) Pause Final Mark (process weakrefs) 0,440ms
[2021-04-30T09:23:12.287+0300][23,137s][info][gc] GC(375) Concurrent cleanup 104M->104M(128M) 0,037ms
[2021-04-30T09:23:12.287+0300][23,137s][info][gc] GC(375) Concurrent evacuation 0,306ms
[2021-04-30T09:23:12.288+0300][23,137s][info][gc] GC(375) Pause Init Update Refs 0,005ms
[2021-04-30T09:23:12.293+0300][23,143s][info][gc] GC(375) Concurrent update references 5,834ms
[2021-04-30T09:23:12.294+0300][23,143s][info][gc] GC(375) Pause Final Update Refs 0,097ms
[2021-04-30T09:23:12.294+0300][23,143s][info][gc] GC(375) Concurrent cleanup 106M->76M(128M) 0,047ms
[2021-04-30T09:23:12.335+0300][23,185s][info][gc] Trigger: Average GC time (24,43 ms) is above the time for allocation rate (492 MB/s) to deplete free headroom (12065K)
[2021-04-30T09:23:12.335+0300][23,185s][info][gc] GC(376) Concurrent reset 0,108ms
[2021-04-30T09:23:12.336+0300][23,185s][info][gc] GC(376) Pause Init Mark 0,201ms
[2021-04-30T09:23:12.347+0300][23,197s][info][gc] GC(376) Concurrent marking 11,198ms
[2021-04-30T09:23:12.348+0300][23,198s][info][gc] GC(376) Pause Final Mark 0,754ms
[2021-04-30T09:23:12.348+0300][23,198s][info][gc] GC(376) Concurrent cleanup 105M->105M(128M) 0,040ms
[2021-04-30T09:23:12.349+0300][23,198s][info][gc] GC(376) Concurrent evacuation 0,321ms
[2021-04-30T09:23:12.349+0300][23,198s][info][gc] GC(376) Pause Init Update Refs 0,025ms
[2021-04-30T09:23:12.359+0300][23,208s][info][gc] GC(376) Concurrent update references 9,891ms
[2021-04-30T09:23:12.359+0300][23,209s][info][gc] GC(376) Pause Final Update Refs 0,223ms
[2021-04-30T09:23:12.359+0300][23,209s][info][gc] GC(376) Concurrent cleanup 110M->80M(128M) 0,048ms
[2021-04-30T09:23:12.400+0300][23,249s][info][gc] Trigger: Average GC time (25,03 ms) is above the time for allocation rate (475 MB/s) to deplete free headroom (11680K)
[2021-04-30T09:23:12.400+0300][23,249s][info][gc] GC(377) Concurrent reset 0,153ms
[2021-04-30T09:23:12.400+0300][23,250s][info][gc] GC(377) Pause Init Mark 0,201ms
[2021-04-30T09:23:12.411+0300][23,261s][info][gc] GC(377) Concurrent marking 10,817ms
[2021-04-30T09:23:12.412+0300][23,261s][info][gc] GC(377) Pause Final Mark 0,452ms
[2021-04-30T09:23:12.412+0300][23,261s][info][gc] GC(377) Concurrent cleanup 105M->105M(128M) 0,044ms
[2021-04-30T09:23:12.412+0300][23,262s][info][gc] GC(377) Concurrent evacuation 0,369ms
[2021-04-30T09:23:12.412+0300][23,262s][info][gc] GC(377) Pause Init Update Refs 0,005ms
[2021-04-30T09:23:12.420+0300][23,269s][info][gc] GC(377) Concurrent update references 7,491ms
[2021-04-30T09:23:12.420+0300][23,270s][info][gc] GC(377) Pause Final Update Refs 0,068ms
[2021-04-30T09:23:12.420+0300][23,270s][info][gc] GC(377) Concurrent cleanup 107M->76M(128M) 0,046ms
[2021-04-30T09:23:12.464+0300][23,314s][info][gc] Trigger: Average GC time (23,94 ms) is above the time for allocation rate (464 MB/s) to deplete free headroom (11295K)
[2021-04-30T09:23:12.465+0300][23,314s][info][gc] GC(378) Concurrent reset 0,310ms
[2021-04-30T09:23:12.465+0300][23,315s][info][gc] GC(378) Pause Init Mark 0,311ms
[2021-04-30T09:23:12.476+0300][23,325s][info][gc] GC(378) Concurrent marking 10,218ms
[2021-04-30T09:23:12.476+0300][23,326s][info][gc] GC(378) Pause Final Mark 0,415ms
[2021-04-30T09:23:12.476+0300][23,326s][info][gc] GC(378) Concurrent cleanup 105M->105M(128M) 0,039ms
[2021-04-30T09:23:12.477+0300][23,326s][info][gc] GC(378) Concurrent evacuation 0,341ms
[2021-04-30T09:23:12.477+0300][23,326s][info][gc] GC(378) Pause Init Update Refs 0,004ms
[2021-04-30T09:23:12.483+0300][23,332s][info][gc] GC(378) Concurrent update references 5,708ms
[2021-04-30T09:23:12.483+0300][23,332s][info][gc] GC(378) Pause Final Update Refs 0,072ms
[2021-04-30T09:23:12.483+0300][23,333s][info][gc] GC(378) Concurrent cleanup 111M->80M(128M) 0,053ms
[2021-04-30T09:23:12.523+0300][23,372s][info][gc] Trigger: Average GC time (20,25 ms) is above the time for allocation rate (516 MB/s) to deplete free headroom (10527K)
[2021-04-30T09:23:12.523+0300][23,373s][info][gc] GC(379) Concurrent reset 0,173ms
[2021-04-30T09:23:12.524+0300][23,373s][info][gc] GC(379) Pause Init Mark 0,195ms
[2021-04-30T09:23:12.535+0300][23,384s][info][gc] GC(379) Concurrent marking 11,359ms
[2021-04-30T09:23:12.535+0300][23,385s][info][gc] GC(379) Pause Final Mark 0,337ms
[2021-04-30T09:23:12.536+0300][23,385s][info][gc] GC(379) Concurrent cleanup 106M->106M(128M) 0,039ms
[2021-04-30T09:23:12.536+0300][23,385s][info][gc] GC(379) Concurrent evacuation 0,371ms
[2021-04-30T09:23:12.536+0300][23,385s][info][gc] GC(379) Pause Init Update Refs 0,004ms
[2021-04-30T09:23:12.542+0300][23,392s][info][gc] GC(379) Concurrent update references 6,133ms
[2021-04-30T09:23:12.542+0300][23,392s][info][gc] GC(379) Pause Final Update Refs 0,075ms
[2021-04-30T09:23:12.543+0300][23,392s][info][gc] GC(379) Concurrent cleanup 109M->78M(128M) 0,046ms
[2021-04-30T09:23:12.593+0300][23,443s][info][gc] Trigger: Average GC time (20,53 ms) is above the time for allocation rate (448 MB/s) to deplete free headroom (9118K)
[2021-04-30T09:23:12.594+0300][23,443s][info][gc] GC(380) Concurrent reset 0,185ms
[2021-04-30T09:23:12.594+0300][23,443s][info][gc] GC(380) Pause Init Mark (process weakrefs) 0,197ms
[2021-04-30T09:23:12.609+0300][23,458s][info][gc] GC(380) Concurrent marking (process weakrefs) 14,548ms
[2021-04-30T09:23:12.609+0300][23,458s][info][gc] GC(380) Concurrent precleaning 0,065ms
[2021-04-30T09:23:12.609+0300][23,459s][info][gc] GC(380) Pause Final Mark (process weakrefs) 0,354ms
[2021-04-30T09:23:12.609+0300][23,459s][info][gc] GC(380) Concurrent cleanup 108M->108M(128M) 0,037ms
[2021-04-30T09:23:12.610+0300][23,459s][info][gc] GC(380) Concurrent evacuation 0,271ms
[2021-04-30T09:23:12.610+0300][23,459s][info][gc] GC(380) Pause Init Update Refs 0,009ms
[2021-04-30T09:23:12.616+0300][23,465s][info][gc] GC(380) Concurrent update references 5,905ms
[2021-04-30T09:23:12.616+0300][23,465s][info][gc] GC(380) Pause Final Update Refs 0,064ms
[2021-04-30T09:23:12.616+0300][23,465s][info][gc] GC(380) Concurrent cleanup 112M->81M(128M) 0,047ms
[2021-04-30T09:23:12.660+0300][23,509s][info][gc] Trigger: Average GC time (21,09 ms) is above the time for allocation rate (461 MB/s) to deplete free headroom (9501K)
[2021-04-30T09:23:12.660+0300][23,509s][info][gc] GC(381) Concurrent reset 0,148ms
[2021-04-30T09:23:12.660+0300][23,509s][info][gc] GC(381) Pause Init Mark 0,178ms
[2021-04-30T09:23:12.673+0300][23,523s][info][gc] GC(381) Concurrent marking 13,040ms
[2021-04-30T09:23:12.674+0300][23,523s][info][gc] GC(381) Pause Final Mark 0,376ms
[2021-04-30T09:23:12.674+0300][23,523s][info][gc] GC(381) Concurrent cleanup 107M->107M(128M) 0,039ms
[2021-04-30T09:23:12.674+0300][23,524s][info][gc] GC(381) Concurrent evacuation 0,326ms
[2021-04-30T09:23:12.674+0300][23,524s][info][gc] GC(381) Pause Init Update Refs 0,006ms
[2021-04-30T09:23:12.682+0300][23,531s][info][gc] GC(381) Concurrent update references 7,302ms
[2021-04-30T09:23:12.682+0300][23,531s][info][gc] GC(381) Pause Final Update Refs 0,065ms
[2021-04-30T09:23:12.682+0300][23,532s][info][gc] GC(381) Concurrent cleanup 111M->81M(128M) 0,052ms
[2021-04-30T09:23:12.726+0300][23,576s][info][gc] Trigger: Average GC time (20,76 ms) is above the time for allocation rate (452 MB/s) to deplete free headroom (9245K)
[2021-04-30T09:23:12.727+0300][23,576s][info][gc] GC(382) Concurrent reset 0,186ms
[2021-04-30T09:23:12.727+0300][23,576s][info][gc] GC(382) Pause Init Mark 0,137ms
[2021-04-30T09:23:12.737+0300][23,586s][info][gc] GC(382) Concurrent marking 9,841ms
[2021-04-30T09:23:12.737+0300][23,587s][info][gc] GC(382) Pause Final Mark 0,319ms
[2021-04-30T09:23:12.737+0300][23,587s][info][gc] GC(382) Concurrent cleanup 107M->107M(128M) 0,036ms
[2021-04-30T09:23:12.738+0300][23,587s][info][gc] GC(382) Concurrent evacuation 0,335ms
[2021-04-30T09:23:12.738+0300][23,587s][info][gc] GC(382) Pause Init Update Refs 0,021ms
[2021-04-30T09:23:12.744+0300][23,593s][info][gc] GC(382) Concurrent update references 5,553ms
[2021-04-30T09:23:12.744+0300][23,593s][info][gc] GC(382) Pause Final Update Refs 0,090ms
[2021-04-30T09:23:12.744+0300][23,594s][info][gc] GC(382) Concurrent cleanup 111M->80M(128M) 0,046ms
[2021-04-30T09:23:12.780+0300][23,629s][info][gc] Trigger: Average GC time (20,16 ms) is above the time for allocation rate (524 MB/s) to deplete free headroom (10781K)
[2021-04-30T09:23:12.780+0300][23,630s][info][gc] GC(383) Concurrent reset 0,175ms
[2021-04-30T09:23:12.781+0300][23,630s][info][gc] GC(383) Pause Init Mark 0,181ms
[2021-04-30T09:23:12.790+0300][23,639s][info][gc] GC(383) Concurrent marking 9,346ms
[2021-04-30T09:23:12.790+0300][23,640s][info][gc] GC(383) Pause Final Mark 0,395ms
[2021-04-30T09:23:12.791+0300][23,640s][info][gc] GC(383) Concurrent cleanup 106M->106M(128M) 0,038ms
[2021-04-30T09:23:12.791+0300][23,640s][info][gc] GC(383) Concurrent evacuation 0,324ms
[2021-04-30T09:23:12.791+0300][23,641s][info][gc] GC(383) Pause Init Update Refs 0,005ms
[2021-04-30T09:23:12.797+0300][23,646s][info][gc] GC(383) Concurrent update references 5,715ms
[2021-04-30T09:23:12.797+0300][23,647s][info][gc] GC(383) Pause Final Update Refs 0,063ms
[2021-04-30T09:23:12.797+0300][23,647s][info][gc] GC(383) Concurrent cleanup 111M->83M(128M) 0,044ms
[2021-04-30T09:23:12.832+0300][23,681s][info][gc] Trigger: Average GC time (19,89 ms) is above the time for allocation rate (530 MB/s) to deplete free headroom (10781K)
[2021-04-30T09:23:12.832+0300][23,682s][info][gc] GC(384) Concurrent reset 0,278ms
[2021-04-30T09:23:12.833+0300][23,682s][info][gc] GC(384) Pause Init Mark 0,252ms
[2021-04-30T09:23:12.843+0300][23,693s][info][gc] GC(384) Concurrent marking 10,436ms
[2021-04-30T09:23:12.844+0300][23,694s][info][gc] GC(384) Pause Final Mark 0,705ms
[2021-04-30T09:23:12.844+0300][23,694s][info][gc] GC(384) Concurrent cleanup 106M->106M(128M) 0,073ms
[2021-04-30T09:23:12.845+0300][23,694s][info][gc] GC(384) Concurrent evacuation 0,572ms
[2021-04-30T09:23:12.845+0300][23,694s][info][gc] GC(384) Pause Init Update Refs 0,005ms
[2021-04-30T09:23:12.851+0300][23,701s][info][gc] GC(384) Concurrent update references 6,133ms
[2021-04-30T09:23:12.851+0300][23,701s][info][gc] GC(384) Pause Final Update Refs 0,089ms
[2021-04-30T09:23:12.851+0300][23,701s][info][gc] GC(384) Concurrent cleanup 110M->82M(128M) 0,049ms
[2021-04-30T09:23:12.893+0300][23,743s][info][gc] Trigger: Average GC time (19,92 ms) is above the time for allocation rate (472 MB/s) to deplete free headroom (8733K)
[2021-04-30T09:23:12.894+0300][23,743s][info][gc] GC(385) Concurrent reset 0,177ms
[2021-04-30T09:23:12.894+0300][23,743s][info][gc] GC(385) Pause Init Mark (process weakrefs) 0,144ms
[2021-04-30T09:23:12.904+0300][23,753s][info][gc] GC(385) Concurrent marking (process weakrefs) 10,069ms
[2021-04-30T09:23:12.904+0300][23,754s][info][gc] GC(385) Concurrent precleaning 0,141ms
[2021-04-30T09:23:12.905+0300][23,754s][info][gc] GC(385) Pause Final Mark (process weakrefs) 0,390ms
[2021-04-30T09:23:12.905+0300][23,754s][info][gc] GC(385) Concurrent cleanup 107M->107M(128M) 0,042ms
[2021-04-30T09:23:12.905+0300][23,755s][info][gc] GC(385) Concurrent evacuation 0,272ms
[2021-04-30T09:23:12.905+0300][23,755s][info][gc] GC(385) Pause Init Update Refs 0,004ms
[2021-04-30T09:23:12.912+0300][23,761s][info][gc] GC(385) Concurrent update references 6,269ms
[2021-04-30T09:23:12.912+0300][23,761s][info][gc] GC(385) Pause Final Update Refs 0,110ms
[2021-04-30T09:23:12.912+0300][23,761s][info][gc] GC(385) Concurrent cleanup 111M->82M(128M) 0,048ms
[2021-04-30T09:23:12.953+0300][23,802s][info][gc] Trigger: Average GC time (19,14 ms) is above the time for allocation rate (472 MB/s) to deplete free headroom (9245K)
[2021-04-30T09:23:12.953+0300][23,802s][info][gc] GC(386) Concurrent reset 0,159ms
[2021-04-30T09:23:12.953+0300][23,803s][info][gc] GC(386) Pause Init Mark 0,250ms
[2021-04-30T09:23:12.963+0300][23,813s][info][gc] GC(386) Concurrent marking 10,025ms
[2021-04-30T09:23:12.964+0300][23,813s][info][gc] GC(386) Pause Final Mark 0,465ms
[2021-04-30T09:23:12.964+0300][23,814s][info][gc] GC(386) Concurrent cleanup 107M->107M(128M) 0,038ms
[2021-04-30T09:23:12.964+0300][23,814s][info][gc] GC(386) Concurrent evacuation 0,302ms
[2021-04-30T09:23:12.965+0300][23,814s][info][gc] GC(386) Pause Init Update Refs 0,004ms
[2021-04-30T09:23:12.970+0300][23,820s][info][gc] GC(386) Concurrent update references 5,716ms
[2021-04-30T09:23:12.971+0300][23,820s][info][gc] GC(386) Pause Final Update Refs 0,157ms
[2021-04-30T09:23:12.971+0300][23,820s][info][gc] GC(386) Concurrent cleanup 111M->83M(128M) 0,053ms
[2021-04-30T09:23:13.005+0300][23,855s][info][gc] Trigger: Average GC time (18,28 ms) is above the time for allocation rate (522 MB/s) to deplete free headroom (9245K)
[2021-04-30T09:23:13.006+0300][23,855s][info][gc] GC(387) Concurrent reset 0,118ms
[2021-04-30T09:23:13.006+0300][23,856s][info][gc] GC(387) Pause Init Mark 0,220ms
[2021-04-30T09:23:13.016+0300][23,865s][info][gc] GC(387) Concurrent marking 9,861ms
[2021-04-30T09:23:13.017+0300][23,866s][info][gc] GC(387) Pause Final Mark 0,347ms
[2021-04-30T09:23:13.017+0300][23,866s][info][gc] GC(387) Concurrent cleanup 107M->107M(128M) 0,036ms
[2021-04-30T09:23:13.017+0300][23,866s][info][gc] GC(387) Concurrent evacuation 0,293ms
[2021-04-30T09:23:13.017+0300][23,866s][info][gc] GC(387) Pause Init Update Refs 0,003ms
[2021-04-30T09:23:13.023+0300][23,872s][info][gc] GC(387) Concurrent update references 5,710ms
[2021-04-30T09:23:13.023+0300][23,872s][info][gc] GC(387) Pause Final Update Refs 0,067ms
[2021-04-30T09:23:13.023+0300][23,873s][info][gc] GC(387) Concurrent cleanup 111M->83M(128M) 0,057ms
[2021-04-30T09:23:13.058+0300][23,907s][info][gc] Trigger: Average GC time (18,28 ms) is above the time for allocation rate (516 MB/s) to deplete free headroom (9372K)
[2021-04-30T09:23:13.058+0300][23,907s][info][gc] GC(388) Concurrent reset 0,152ms
[2021-04-30T09:23:13.059+0300][23,908s][info][gc] GC(388) Pause Init Mark 0,254ms
[2021-04-30T09:23:13.070+0300][23,919s][info][gc] GC(388) Concurrent marking 10,905ms
[2021-04-30T09:23:13.070+0300][23,920s][info][gc] GC(388) Pause Final Mark 0,377ms
[2021-04-30T09:23:13.070+0300][23,920s][info][gc] GC(388) Concurrent cleanup 107M->107M(128M) 0,037ms
[2021-04-30T09:23:13.070+0300][23,920s][info][gc] GC(388) Concurrent evacuation 0,222ms
[2021-04-30T09:23:13.071+0300][23,920s][info][gc] GC(388) Pause Init Update Refs 0,005ms
[2021-04-30T09:23:13.076+0300][23,926s][info][gc] GC(388) Concurrent update references 5,690ms
[2021-04-30T09:23:13.077+0300][23,926s][info][gc] GC(388) Pause Final Update Refs 0,094ms
[2021-04-30T09:23:13.077+0300][23,926s][info][gc] GC(388) Concurrent cleanup 110M->83M(128M) 0,046ms
[2021-04-30T09:23:13.111+0300][23,961s][info][gc] Trigger: Average GC time (18,61 ms) is above the time for allocation rate (500 MB/s) to deplete free headroom (8987K)
[2021-04-30T09:23:13.112+0300][23,961s][info][gc] GC(389) Concurrent reset 0,140ms
[2021-04-30T09:23:13.112+0300][23,961s][info][gc] GC(389) Pause Init Mark 0,147ms
[2021-04-30T09:23:13.123+0300][23,973s][info][gc] GC(389) Concurrent marking 10,989ms
[2021-04-30T09:23:13.124+0300][23,973s][info][gc] GC(389) Pause Final Mark 0,382ms
[2021-04-30T09:23:13.124+0300][23,973s][info][gc] GC(389) Concurrent cleanup 108M->108M(128M) 0,040ms
[2021-04-30T09:23:13.124+0300][23,974s][info][gc] GC(389) Concurrent evacuation 0,295ms
[2021-04-30T09:23:13.124+0300][23,974s][info][gc] GC(389) Pause Init Update Refs 0,005ms
[2021-04-30T09:23:13.131+0300][23,980s][info][gc] GC(389) Concurrent update references 6,162ms
[2021-04-30T09:23:13.131+0300][23,980s][info][gc] GC(389) Pause Final Update Refs 0,096ms
[2021-04-30T09:23:13.131+0300][23,980s][info][gc] GC(389) Concurrent cleanup 112M->85M(128M) 0,060ms
[2021-04-30T09:23:13.163+0300][24,013s][info][gc] Trigger: Average GC time (18,61 ms) is above the time for allocation rate (507 MB/s) to deplete free headroom (9372K)
[2021-04-30T09:23:13.164+0300][24,013s][info][gc] GC(390) Concurrent reset 0,237ms
[2021-04-30T09:23:13.164+0300][24,014s][info][gc] GC(390) Pause Init Mark (process weakrefs) 0,292ms
[2021-04-30T09:23:13.175+0300][24,025s][info][gc] GC(390) Concurrent marking (process weakrefs) 11,019ms
[2021-04-30T09:23:13.175+0300][24,025s][info][gc] GC(390) Concurrent precleaning 0,152ms
[2021-04-30T09:23:13.176+0300][24,026s][info][gc] GC(390) Pause Final Mark (process weakrefs) 0,565ms
[2021-04-30T09:23:13.176+0300][24,026s][info][gc] GC(390) Concurrent cleanup 107M->107M(128M) 0,038ms
[2021-04-30T09:23:13.177+0300][24,026s][info][gc] GC(390) Concurrent evacuation 0,291ms
[2021-04-30T09:23:13.177+0300][24,026s][info][gc] GC(390) Pause Init Update Refs 0,006ms
[2021-04-30T09:23:13.184+0300][24,034s][info][gc] GC(390) Concurrent update references 7,575ms
[2021-04-30T09:23:13.185+0300][24,034s][info][gc] GC(390) Pause Final Update Refs 0,062ms
[2021-04-30T09:23:13.185+0300][24,034s][info][gc] GC(390) Concurrent cleanup 111M->85M(128M) 0,049ms
[2021-04-30T09:23:13.220+0300][24,070s][info][gc] Trigger: Average GC time (19,17 ms) is above the time for allocation rate (466 MB/s) to deplete free headroom (8348K)
[2021-04-30T09:23:13.220+0300][24,070s][info][gc] GC(391) Concurrent reset 0,134ms
[2021-04-30T09:23:13.221+0300][24,070s][info][gc] GC(391) Pause Init Mark 0,138ms
[2021-04-30T09:23:13.231+0300][24,081s][info][gc] GC(391) Concurrent marking 10,581ms
[2021-04-30T09:23:13.232+0300][24,081s][info][gc] GC(391) Pause Final Mark 0,351ms
[2021-04-30T09:23:13.232+0300][24,081s][info][gc] GC(391) Concurrent cleanup 108M->108M(128M) 0,037ms
[2021-04-30T09:23:13.232+0300][24,082s][info][gc] GC(391) Concurrent evacuation 0,241ms
[2021-04-30T09:23:13.232+0300][24,082s][info][gc] GC(391) Pause Init Update Refs 0,004ms
[2021-04-30T09:23:13.238+0300][24,088s][info][gc] GC(391) Concurrent update references 5,880ms
[2021-04-30T09:23:13.239+0300][24,088s][info][gc] GC(391) Pause Final Update Refs 0,078ms
[2021-04-30T09:23:13.239+0300][24,088s][info][gc] GC(391) Concurrent cleanup 111M->85M(128M) 0,045ms
[2021-04-30T09:23:13.269+0300][24,119s][info][gc] Trigger: Average GC time (19,23 ms) is above the time for allocation rate (517 MB/s) to deplete free headroom (9499K)
[2021-04-30T09:23:13.269+0300][24,119s][info][gc] GC(392) Concurrent reset 0,134ms
[2021-04-30T09:23:13.270+0300][24,119s][info][gc] GC(392) Pause Init Mark 0,275ms
[2021-04-30T09:23:13.280+0300][24,129s][info][gc] GC(392) Concurrent marking 9,906ms
[2021-04-30T09:23:13.280+0300][24,130s][info][gc] GC(392) Pause Final Mark 0,376ms
[2021-04-30T09:23:13.281+0300][24,130s][info][gc] GC(392) Concurrent cleanup 107M->107M(128M) 0,039ms
[2021-04-30T09:23:13.281+0300][24,130s][info][gc] GC(392) Concurrent evacuation 0,215ms
[2021-04-30T09:23:13.281+0300][24,130s][info][gc] GC(392) Pause Init Update Refs 0,004ms
[2021-04-30T09:23:13.287+0300][24,137s][info][gc] GC(392) Concurrent update references 6,160ms
[2021-04-30T09:23:13.287+0300][24,137s][info][gc] GC(392) Pause Final Update Refs 0,099ms
[2021-04-30T09:23:13.288+0300][24,137s][info][gc] GC(392) Concurrent cleanup 110M->85M(128M) 0,046ms
[2021-04-30T09:23:13.319+0300][24,168s][info][gc] Trigger: Average GC time (19,41 ms) is above the time for allocation rate (491 MB/s) to deplete free headroom (9499K)
[2021-04-30T09:23:13.319+0300][24,169s][info][gc] GC(393) Concurrent reset 0,230ms
[2021-04-30T09:23:13.320+0300][24,169s][info][gc] GC(393) Pause Init Mark 0,153ms
[2021-04-30T09:23:13.331+0300][24,180s][info][gc] GC(393) Concurrent marking 10,830ms
[2021-04-30T09:23:13.331+0300][24,181s][info][gc] GC(393) Pause Final Mark 0,347ms
[2021-04-30T09:23:13.331+0300][24,181s][info][gc] GC(393) Concurrent cleanup 107M->107M(128M) 0,040ms
[2021-04-30T09:23:13.332+0300][24,181s][info][gc] GC(393) Concurrent evacuation 0,281ms
[2021-04-30T09:23:13.332+0300][24,181s][info][gc] GC(393) Pause Init Update Refs 0,004ms
[2021-04-30T09:23:13.338+0300][24,188s][info][gc] GC(393) Concurrent update references 6,549ms
[2021-04-30T09:23:13.339+0300][24,188s][info][gc] GC(393) Pause Final Update Refs 0,117ms
[2021-04-30T09:23:13.339+0300][24,188s][info][gc] GC(393) Concurrent cleanup 112M->87M(128M) 0,043ms
[2021-04-30T09:23:13.367+0300][24,216s][info][gc] Trigger: Average GC time (19,55 ms) is above the time for allocation rate (501 MB/s) to deplete free headroom (9628K)
[2021-04-30T09:23:13.367+0300][24,216s][info][gc] GC(394) Concurrent reset 0,127ms
[2021-04-30T09:23:13.368+0300][24,217s][info][gc] GC(394) Pause Init Mark 0,270ms
[2021-04-30T09:23:13.378+0300][24,227s][info][gc] GC(394) Concurrent marking 10,069ms
[2021-04-30T09:23:13.378+0300][24,228s][info][gc] GC(394) Pause Final Mark 0,403ms
[2021-04-30T09:23:13.378+0300][24,228s][info][gc] GC(394) Concurrent cleanup 107M->107M(128M) 0,035ms
[2021-04-30T09:23:13.379+0300][24,228s][info][gc] GC(394) Concurrent evacuation 0,238ms
[2021-04-30T09:23:13.379+0300][24,228s][info][gc] GC(394) Pause Init Update Refs 0,003ms
[2021-04-30T09:23:13.386+0300][24,236s][info][gc] GC(394) Concurrent update references 7,623ms
[2021-04-30T09:23:13.387+0300][24,236s][info][gc] GC(394) Pause Final Update Refs 0,111ms
[2021-04-30T09:23:13.387+0300][24,236s][info][gc] GC(394) Concurrent cleanup 109M->84M(128M) 0,043ms
[2021-04-30T09:23:13.418+0300][24,268s][info][gc] Trigger: Average GC time (19,62 ms) is above the time for allocation rate (477 MB/s) to deplete free headroom (8731K)
[2021-04-30T09:23:13.418+0300][24,268s][info][gc] GC(395) Concurrent reset 0,199ms
[2021-04-30T09:23:13.419+0300][24,268s][info][gc] GC(395) Pause Init Mark (process weakrefs) 0,271ms
[2021-04-30T09:23:13.429+0300][24,278s][info][gc] GC(395) Concurrent marking (process weakrefs) 9,932ms
[2021-04-30T09:23:13.429+0300][24,279s][info][gc] GC(395) Concurrent precleaning 0,128ms
[2021-04-30T09:23:13.430+0300][24,279s][info][gc] GC(395) Pause Final Mark (process weakrefs) 0,456ms
[2021-04-30T09:23:13.430+0300][24,279s][info][gc] GC(395) Concurrent cleanup 108M->108M(128M) 0,039ms
[2021-04-30T09:23:13.430+0300][24,280s][info][gc] GC(395) Concurrent evacuation 0,277ms
[2021-04-30T09:23:13.430+0300][24,280s][info][gc] GC(395) Pause Init Update Refs 0,009ms
[2021-04-30T09:23:13.438+0300][24,288s][info][gc] GC(395) Concurrent update references 7,954ms
[2021-04-30T09:23:13.439+0300][24,288s][info][gc] GC(395) Pause Final Update Refs 0,247ms
[2021-04-30T09:23:13.439+0300][24,289s][info][gc] GC(395) Concurrent cleanup 112M->87M(128M) 0,064ms
[2021-04-30T09:23:13.473+0300][24,322s][info][gc] Trigger: Average GC time (19,56 ms) is above the time for allocation rate (453 MB/s) to deplete free headroom (8219K)
[2021-04-30T09:23:13.473+0300][24,323s][info][gc] GC(396) Concurrent reset 0,139ms
[2021-04-30T09:23:13.473+0300][24,323s][info][gc] GC(396) Pause Init Mark 0,149ms
[2021-04-30T09:23:13.486+0300][24,335s][info][gc] GC(396) Concurrent marking 12,288ms
[2021-04-30T09:23:13.486+0300][24,336s][info][gc] GC(396) Pause Final Mark 0,267ms
[2021-04-30T09:23:13.486+0300][24,336s][info][gc] GC(396) Concurrent cleanup 108M->108M(128M) 0,038ms
[2021-04-30T09:23:13.487+0300][24,336s][info][gc] GC(396) Concurrent evacuation 0,320ms
[2021-04-30T09:23:13.487+0300][24,336s][info][gc] GC(396) Pause Init Update Refs 0,004ms
[2021-04-30T09:23:13.493+0300][24,342s][info][gc] GC(396) Concurrent update references 6,216ms
[2021-04-30T09:23:13.493+0300][24,343s][info][gc] GC(396) Pause Final Update Refs 0,089ms
[2021-04-30T09:23:13.493+0300][24,343s][info][gc] GC(396) Concurrent cleanup 113M->88M(128M) 0,044ms
[2021-04-30T09:23:13.527+0300][24,376s][info][gc] Trigger: Average GC time (19,93 ms) is above the time for allocation rate (437 MB/s) to deplete free headroom (8858K)
[2021-04-30T09:23:13.527+0300][24,376s][info][gc] GC(397) Concurrent reset 0,195ms
[2021-04-30T09:23:13.527+0300][24,377s][info][gc] GC(397) Pause Init Mark 0,145ms
[2021-04-30T09:23:13.538+0300][24,388s][info][gc] GC(397) Concurrent marking 10,722ms
[2021-04-30T09:23:13.539+0300][24,388s][info][gc] GC(397) Pause Final Mark 0,331ms
[2021-04-30T09:23:13.539+0300][24,388s][info][gc] GC(397) Concurrent cleanup 108M->108M(128M) 0,037ms
[2021-04-30T09:23:13.539+0300][24,388s][info][gc] GC(397) Concurrent evacuation 0,249ms
[2021-04-30T09:23:13.539+0300][24,388s][info][gc] GC(397) Pause Init Update Refs 0,004ms
[2021-04-30T09:23:13.546+0300][24,395s][info][gc] GC(397) Concurrent update references 6,618ms
[2021-04-30T09:23:13.546+0300][24,395s][info][gc] GC(397) Pause Final Update Refs 0,084ms
[2021-04-30T09:23:13.546+0300][24,395s][info][gc] GC(397) Concurrent cleanup 112M->88M(128M) 0,044ms
[2021-04-30T09:23:13.577+0300][24,427s][info][gc] Trigger: Average GC time (20,07 ms) is above the time for allocation rate (465 MB/s) to deplete free headroom (8602K)
[2021-04-30T09:23:13.578+0300][24,427s][info][gc] GC(398) Concurrent reset 0,181ms
[2021-04-30T09:23:13.578+0300][24,427s][info][gc] GC(398) Pause Init Mark 0,143ms
[2021-04-30T09:23:13.592+0300][24,441s][info][gc] GC(398) Concurrent marking 14,003ms
[2021-04-30T09:23:13.592+0300][24,442s][info][gc] GC(398) Pause Final Mark 0,306ms
[2021-04-30T09:23:13.592+0300][24,442s][info][gc] GC(398) Concurrent cleanup 108M->108M(128M) 0,041ms
[2021-04-30T09:23:13.593+0300][24,442s][info][gc] GC(398) Concurrent evacuation 0,285ms
[2021-04-30T09:23:13.593+0300][24,442s][info][gc] GC(398) Pause Init Update Refs 0,006ms
[2021-04-30T09:23:13.604+0300][24,454s][info][gc] GC(398) Concurrent update references 11,358ms
[2021-04-30T09:23:13.605+0300][24,454s][info][gc] GC(398) Pause Final Update Refs 0,077ms
[2021-04-30T09:23:13.605+0300][24,454s][info][gc] GC(398) Concurrent cleanup 113M->89M(128M) 0,045ms
[2021-04-30T09:23:13.631+0300][24,480s][info][gc] Trigger: Average GC time (21,58 ms) is above the time for allocation rate (427 MB/s) to deplete free headroom (8858K)
[2021-04-30T09:23:13.631+0300][24,480s][info][gc] GC(399) Concurrent reset 0,175ms
[2021-04-30T09:23:13.631+0300][24,480s][info][gc] GC(399) Pause Init Mark (unload classes) 0,106ms
[2021-04-30T09:23:13.642+0300][24,491s][info][gc] GC(399) Concurrent marking (unload classes) 10,685ms
[2021-04-30T09:23:13.645+0300][24,494s][info][gc] GC(399) Pause Final Mark (unload classes) 2,605ms
[2021-04-30T09:23:13.645+0300][24,494s][info][gc] GC(399) Concurrent cleanup 108M->108M(128M) 0,039ms
[2021-04-30T09:23:13.645+0300][24,494s][info][gc] GC(399) Concurrent evacuation 0,319ms
[2021-04-30T09:23:13.645+0300][24,494s][info][gc] GC(399) Pause Init Update Refs 0,004ms
[2021-04-30T09:23:13.651+0300][24,501s][info][gc] GC(399) Concurrent update references 6,084ms
[2021-04-30T09:23:13.652+0300][24,501s][info][gc] GC(399) Pause Final Update Refs 0,222ms
[2021-04-30T09:23:13.652+0300][24,501s][info][gc] GC(399) Concurrent cleanup 113M->90M(128M) 0,043ms
[2021-04-30T09:23:13.674+0300][24,524s][info][gc] Trigger: Average GC time (21,80 ms) is above the time for allocation rate (480 MB/s) to deplete free headroom (10394K)
[2021-04-30T09:23:13.675+0300][24,524s][info][gc] GC(400) Concurrent reset 0,164ms
[2021-04-30T09:23:13.675+0300][24,524s][info][gc] GC(400) Pause Init Mark (process weakrefs) 0,265ms
[2021-04-30T09:23:13.685+0300][24,535s][info][gc] GC(400) Concurrent marking (process weakrefs) 10,113ms
[2021-04-30T09:23:13.685+0300][24,535s][info][gc] GC(400) Concurrent precleaning 0,175ms
[2021-04-30T09:23:13.686+0300][24,536s][info][gc] GC(400) Pause Final Mark (process weakrefs) 0,630ms
[2021-04-30T09:23:13.686+0300][24,536s][info][gc] GC(400) Concurrent cleanup 106M->106M(128M) 0,036ms
[2021-04-30T09:23:13.687+0300][24,536s][info][gc] GC(400) Concurrent evacuation 0,264ms
[2021-04-30T09:23:13.687+0300][24,536s][info][gc] GC(400) Pause Init Update Refs 0,021ms
[2021-04-30T09:23:13.693+0300][24,542s][info][gc] GC(400) Concurrent update references 6,053ms
[2021-04-30T09:23:13.693+0300][24,543s][info][gc] GC(400) Pause Final Update Refs 0,095ms
[2021-04-30T09:23:13.694+0300][24,543s][info][gc] GC(400) Concurrent cleanup 109M->89M(128M) 0,044ms
[2021-04-30T09:23:13.719+0300][24,568s][info][gc] Trigger: Average GC time (21,39 ms) is above the time for allocation rate (476 MB/s) to deplete free headroom (10009K)
[2021-04-30T09:23:13.719+0300][24,568s][info][gc] GC(401) Concurrent reset 0,272ms
[2021-04-30T09:23:13.719+0300][24,569s][info][gc] GC(401) Pause Init Mark 0,240ms
[2021-04-30T09:23:13.731+0300][24,581s][info][gc] GC(401) Concurrent marking 11,707ms
[2021-04-30T09:23:13.732+0300][24,581s][info][gc] GC(401) Pause Final Mark 0,738ms
[2021-04-30T09:23:13.732+0300][24,582s][info][gc] GC(401) Concurrent cleanup 106M->106M(128M) 0,057ms
[2021-04-30T09:23:13.733+0300][24,582s][info][gc] GC(401) Concurrent evacuation 0,599ms
[2021-04-30T09:23:13.733+0300][24,582s][info][gc] GC(401) Pause Init Update Refs 0,005ms
[2021-04-30T09:23:13.739+0300][24,589s][info][gc] GC(401) Concurrent update references 6,082ms
[2021-04-30T09:23:13.739+0300][24,589s][info][gc] GC(401) Pause Final Update Refs 0,068ms
[2021-04-30T09:23:13.740+0300][24,589s][info][gc] GC(401) Concurrent cleanup 111M->90M(128M) 0,046ms
[2021-04-30T09:23:13.763+0300][24,613s][info][gc] Trigger: Average GC time (21,53 ms) is above the time for allocation rate (458 MB/s) to deplete free headroom (9882K)
[2021-04-30T09:23:13.764+0300][24,613s][info][gc] GC(402) Concurrent reset 0,189ms
[2021-04-30T09:23:13.764+0300][24,614s][info][gc] GC(402) Pause Init Mark 0,423ms
[2021-04-30T09:23:13.776+0300][24,626s][info][gc] GC(402) Concurrent marking 11,772ms
[2021-04-30T09:23:13.777+0300][24,626s][info][gc] GC(402) Pause Final Mark 0,446ms
[2021-04-30T09:23:13.777+0300][24,627s][info][gc] GC(402) Concurrent cleanup 107M->107M(128M) 0,044ms
[2021-04-30T09:23:13.777+0300][24,627s][info][gc] GC(402) Concurrent evacuation 0,219ms
[2021-04-30T09:23:13.778+0300][24,627s][info][gc] GC(402) Pause Init Update Refs 0,005ms
[2021-04-30T09:23:13.786+0300][24,635s][info][gc] GC(402) Concurrent update references 7,995ms
[2021-04-30T09:23:13.786+0300][24,635s][info][gc] GC(402) Pause Final Update Refs 0,108ms
[2021-04-30T09:23:13.786+0300][24,635s][info][gc] GC(402) Concurrent cleanup 110M->89M(128M) 0,047ms
[2021-04-30T09:23:13.812+0300][24,661s][info][gc] Trigger: Average GC time (22,20 ms) is above the time for allocation rate (427 MB/s) to deplete free headroom (9497K)
[2021-04-30T09:23:13.812+0300][24,662s][info][gc] GC(403) Concurrent reset 0,185ms
[2021-04-30T09:23:13.813+0300][24,662s][info][gc] GC(403) Pause Init Mark 0,249ms
[2021-04-30T09:23:13.825+0300][24,674s][info][gc] GC(403) Concurrent marking 11,892ms
[2021-04-30T09:23:13.825+0300][24,675s][info][gc] GC(403) Pause Final Mark 0,336ms
[2021-04-30T09:23:13.825+0300][24,675s][info][gc] GC(403) Concurrent cleanup 107M->107M(128M) 0,038ms
[2021-04-30T09:23:13.826+0300][24,675s][info][gc] GC(403) Concurrent evacuation 0,256ms
[2021-04-30T09:23:13.826+0300][24,675s][info][gc] GC(403) Pause Init Update Refs 0,003ms
[2021-04-30T09:23:13.832+0300][24,681s][info][gc] GC(403) Concurrent update references 6,085ms
[2021-04-30T09:23:13.832+0300][24,682s][info][gc] GC(403) Pause Final Update Refs 0,067ms
[2021-04-30T09:23:13.832+0300][24,682s][info][gc] GC(403) Concurrent cleanup 110M->89M(128M) 0,045ms
[2021-04-30T09:23:13.857+0300][24,706s][info][gc] Trigger: Average GC time (20,79 ms) is above the time for allocation rate (456 MB/s) to deplete free headroom (9241K)
[2021-04-30T09:23:13.857+0300][24,707s][info][gc] GC(404) Concurrent reset 0,250ms
[2021-04-30T09:23:13.858+0300][24,707s][info][gc] GC(404) Pause Init Mark 0,178ms
[2021-04-30T09:23:13.870+0300][24,719s][info][gc] GC(404) Concurrent marking 11,763ms
[2021-04-30T09:23:13.870+0300][24,720s][info][gc] GC(404) Pause Final Mark 0,325ms
[2021-04-30T09:23:13.870+0300][24,720s][info][gc] GC(404) Concurrent cleanup 107M->107M(128M) 0,038ms
[2021-04-30T09:23:13.870+0300][24,720s][info][gc] GC(404) Concurrent evacuation 0,222ms
[2021-04-30T09:23:13.870+0300][24,720s][info][gc] GC(404) Pause Init Update Refs 0,005ms
[2021-04-30T09:23:13.877+0300][24,727s][info][gc] GC(404) Concurrent update references 6,661ms
[2021-04-30T09:23:13.877+0300][24,727s][info][gc] GC(404) Pause Final Update Refs 0,093ms
[2021-04-30T09:23:13.878+0300][24,727s][info][gc] GC(404) Concurrent cleanup 112M->91M(128M) 0,046ms
[2021-04-30T09:23:13.899+0300][24,748s][info][gc] Trigger: Average GC time (20,71 ms) is above the time for allocation rate (478 MB/s) to deplete free headroom (9241K)
[2021-04-30T09:23:13.899+0300][24,749s][info][gc] GC(405) Concurrent reset 0,169ms
[2021-04-30T09:23:13.899+0300][24,749s][info][gc] GC(405) Pause Init Mark (process weakrefs) 0,149ms
[2021-04-30T09:23:13.910+0300][24,760s][info][gc] GC(405) Concurrent marking (process weakrefs) 10,564ms
[2021-04-30T09:23:13.910+0300][24,760s][info][gc] GC(405) Concurrent precleaning 0,094ms
[2021-04-30T09:23:13.911+0300][24,760s][info][gc] GC(405) Pause Final Mark (process weakrefs) 0,441ms
[2021-04-30T09:23:13.911+0300][24,760s][info][gc] GC(405) Concurrent cleanup 107M->107M(128M) 0,037ms
[2021-04-30T09:23:13.911+0300][24,761s][info][gc] GC(405) Concurrent evacuation 0,215ms
[2021-04-30T09:23:13.911+0300][24,761s][info][gc] GC(405) Pause Init Update Refs 0,004ms
[2021-04-30T09:23:13.917+0300][24,767s][info][gc] GC(405) Concurrent update references 6,079ms
[2021-04-30T09:23:13.918+0300][24,767s][info][gc] GC(405) Pause Final Update Refs 0,107ms
[2021-04-30T09:23:13.918+0300][24,767s][info][gc] GC(405) Concurrent cleanup 112M->91M(128M) 0,047ms
[2021-04-30T09:23:13.940+0300][24,789s][info][gc] Trigger: Average GC time (20,69 ms) is above the time for allocation rate (478 MB/s) to deplete free headroom (9753K)
[2021-04-30T09:23:13.940+0300][24,789s][info][gc] GC(406) Concurrent reset 0,136ms
[2021-04-30T09:23:13.940+0300][24,790s][info][gc] GC(406) Pause Init Mark 0,206ms
[2021-04-30T09:23:13.951+0300][24,801s][info][gc] GC(406) Concurrent marking 10,730ms
[2021-04-30T09:23:13.952+0300][24,801s][info][gc] GC(406) Pause Final Mark 0,465ms
[2021-04-30T09:23:13.952+0300][24,801s][info][gc] GC(406) Concurrent cleanup 107M->107M(128M) 0,037ms
[2021-04-30T09:23:13.952+0300][24,802s][info][gc] GC(406) Concurrent evacuation 0,216ms
[2021-04-30T09:23:13.952+0300][24,802s][info][gc] GC(406) Pause Init Update Refs 0,005ms
[2021-04-30T09:23:13.959+0300][24,808s][info][gc] GC(406) Concurrent update references 6,331ms
[2021-04-30T09:23:13.959+0300][24,808s][info][gc] GC(406) Pause Final Update Refs 0,090ms
[2021-04-30T09:23:13.959+0300][24,809s][info][gc] GC(406) Concurrent cleanup 111M->91M(128M) 0,043ms
[2021-04-30T09:23:13.982+0300][24,831s][info][gc] Trigger: Average GC time (20,37 ms) is above the time for allocation rate (462 MB/s) to deplete free headroom (9368K)
[2021-04-30T09:23:13.982+0300][24,832s][info][gc] GC(407) Concurrent reset 0,145ms
[2021-04-30T09:23:13.983+0300][24,832s][info][gc] GC(407) Pause Init Mark 0,235ms
[2021-04-30T09:23:13.994+0300][24,844s][info][gc] GC(407) Concurrent marking 11,529ms
[2021-04-30T09:23:13.995+0300][24,845s][info][gc] GC(407) Pause Final Mark 0,686ms
[2021-04-30T09:23:13.995+0300][24,845s][info][gc] GC(407) Concurrent cleanup 107M->107M(128M) 0,038ms
[2021-04-30T09:23:13.995+0300][24,845s][info][gc] GC(407) Concurrent evacuation 0,213ms
[2021-04-30T09:23:13.996+0300][24,845s][info][gc] GC(407) Pause Init Update Refs 0,006ms
[2021-04-30T09:23:14.002+0300][24,851s][info][gc] GC(407) Concurrent update references 6,370ms
[2021-04-30T09:23:14.002+0300][24,852s][info][gc] GC(407) Pause Final Update Refs 0,085ms
[2021-04-30T09:23:14.002+0300][24,852s][info][gc] GC(407) Concurrent cleanup 111M->92M(128M) 0,044ms
[2021-04-30T09:23:14.026+0300][24,876s][info][gc] Trigger: Average GC time (19,93 ms) is above the time for allocation rate (441 MB/s) to deplete free headroom (8729K)
[2021-04-30T09:23:14.026+0300][24,876s][info][gc] GC(408) Concurrent reset 0,133ms
[2021-04-30T09:23:14.027+0300][24,876s][info][gc] GC(408) Pause Init Mark 0,278ms
[2021-04-30T09:23:14.038+0300][24,888s][info][gc] GC(408) Concurrent marking 11,193ms
[2021-04-30T09:23:14.039+0300][24,888s][info][gc] GC(408) Pause Final Mark 0,327ms
[2021-04-30T09:23:14.039+0300][24,888s][info][gc] GC(408) Concurrent cleanup 108M->108M(128M) 0,036ms
[2021-04-30T09:23:14.039+0300][24,888s][info][gc] GC(408) Concurrent evacuation 0,224ms
[2021-04-30T09:23:14.039+0300][24,888s][info][gc] GC(408) Pause Init Update Refs 0,004ms
[2021-04-30T09:23:14.046+0300][24,896s][info][gc] GC(408) Concurrent update references 7,145ms
[2021-04-30T09:23:14.047+0300][24,896s][info][gc] GC(408) Pause Final Update Refs 0,114ms
[2021-04-30T09:23:14.047+0300][24,896s][info][gc] GC(408) Concurrent cleanup 111M->91M(128M) 0,057ms
[2021-04-30T09:23:14.074+0300][24,923s][info][gc] Trigger: Average GC time (19,99 ms) is above the time for allocation rate (427 MB/s) to deplete free headroom (7961K)
[2021-04-30T09:23:14.074+0300][24,923s][info][gc] GC(409) Concurrent reset 0,150ms
[2021-04-30T09:23:14.074+0300][24,924s][info][gc] GC(409) Pause Init Mark 0,184ms
[2021-04-30T09:23:14.086+0300][24,936s][info][gc] GC(409) Concurrent marking 12,192ms
[2021-04-30T09:23:14.087+0300][24,936s][info][gc] GC(409) Pause Final Mark 0,275ms
[2021-04-30T09:23:14.087+0300][24,936s][info][gc] GC(409) Concurrent cleanup 108M->108M(128M) 0,037ms
[2021-04-30T09:23:14.087+0300][24,937s][info][gc] GC(409) Concurrent evacuation 0,192ms
[2021-04-30T09:23:14.087+0300][24,937s][info][gc] GC(409) Pause Init Update Refs 0,004ms
[2021-04-30T09:23:14.095+0300][24,944s][info][gc] GC(409) Concurrent update references 7,643ms
[2021-04-30T09:23:14.095+0300][24,944s][info][gc] GC(409) Pause Final Update Refs 0,064ms
[2021-04-30T09:23:14.095+0300][24,945s][info][gc] GC(409) Concurrent cleanup 113M->92M(128M) 0,044ms
[2021-04-30T09:23:14.119+0300][24,968s][info][gc] Trigger: Average GC time (20,15 ms) is above the time for allocation rate (426 MB/s) to deplete free headroom (8600K)
[2021-04-30T09:23:14.119+0300][24,969s][info][gc] GC(410) Concurrent reset 0,119ms
[2021-04-30T09:23:14.119+0300][24,969s][info][gc] GC(410) Pause Init Mark (process weakrefs) 0,179ms
[2021-04-30T09:23:14.131+0300][24,980s][info][gc] GC(410) Concurrent marking (process weakrefs) 11,453ms
[2021-04-30T09:23:14.131+0300][24,981s][info][gc] GC(410) Concurrent precleaning 0,079ms
[2021-04-30T09:23:14.132+0300][24,981s][info][gc] GC(410) Pause Final Mark (process weakrefs) 0,464ms
[2021-04-30T09:23:14.132+0300][24,981s][info][gc] GC(410) Concurrent cleanup 108M->108M(128M) 0,040ms
[2021-04-30T09:23:14.132+0300][24,982s][info][gc] GC(410) Concurrent evacuation 0,315ms
[2021-04-30T09:23:14.132+0300][24,982s][info][gc] GC(410) Pause Init Update Refs 0,005ms
[2021-04-30T09:23:14.140+0300][24,989s][info][gc] GC(410) Concurrent update references 7,704ms
[2021-04-30T09:23:14.140+0300][24,990s][info][gc] GC(410) Pause Final Update Refs 0,076ms
[2021-04-30T09:23:14.140+0300][24,990s][info][gc] GC(410) Concurrent cleanup 111M->92M(128M) 0,043ms
[2021-04-30T09:23:14.161+0300][25,010s][info][gc] Trigger: Average GC time (20,60 ms) is above the time for allocation rate (435 MB/s) to deplete free headroom (9112K)
[2021-04-30T09:23:14.161+0300][25,011s][info][gc] GC(411) Concurrent reset 0,177ms
[2021-04-30T09:23:14.161+0300][25,011s][info][gc] GC(411) Pause Init Mark 0,132ms
[2021-04-30T09:23:14.173+0300][25,023s][info][gc] GC(411) Concurrent marking 11,741ms
[2021-04-30T09:23:14.174+0300][25,023s][info][gc] GC(411) Pause Final Mark 0,347ms
[2021-04-30T09:23:14.180+0300][25,030s][info][gc] GC(411) Concurrent cleanup 107M->107M(128M) 0,043ms
[2021-04-30T09:23:14.180+0300][25,030s][info][gc] GC(411) Concurrent evacuation 0,308ms
[2021-04-30T09:23:14.181+0300][25,030s][info][gc] GC(411) Pause Init Update Refs 0,007ms
[2021-04-30T09:23:14.187+0300][25,037s][info][gc] GC(411) Concurrent update references 6,187ms
[2021-04-30T09:23:14.187+0300][25,037s][info][gc] GC(411) Pause Final Update Refs 0,155ms
[2021-04-30T09:23:14.188+0300][25,037s][info][gc] GC(411) Concurrent cleanup 113M->94M(128M) 0,043ms
[2021-04-30T09:23:14.208+0300][25,058s][info][gc] Trigger: Average GC time (22,04 ms) is above the time for allocation rate (403 MB/s) to deplete free headroom (7961K)
[2021-04-30T09:23:14.208+0300][25,058s][info][gc] GC(412) Concurrent reset 0,118ms
[2021-04-30T09:23:14.209+0300][25,058s][info][gc] GC(412) Pause Init Mark 0,139ms
[2021-04-30T09:23:14.221+0300][25,070s][info][gc] GC(412) Concurrent marking 12,038ms
[2021-04-30T09:23:14.221+0300][25,071s][info][gc] GC(412) Pause Final Mark 0,337ms
[2021-04-30T09:23:14.221+0300][25,071s][info][gc] GC(412) Concurrent cleanup 108M->108M(128M) 0,037ms
[2021-04-30T09:23:14.222+0300][25,071s][info][gc] GC(412) Concurrent evacuation 0,221ms
[2021-04-30T09:23:14.222+0300][25,071s][info][gc] GC(412) Pause Init Update Refs 0,004ms
[2021-04-30T09:23:14.229+0300][25,078s][info][gc] GC(412) Concurrent update references 6,654ms
[2021-04-30T09:23:14.229+0300][25,078s][info][gc] GC(412) Pause Final Update Refs 0,067ms
[2021-04-30T09:23:14.229+0300][25,078s][info][gc] GC(412) Concurrent cleanup 112M->93M(128M) 0,045ms
[2021-04-30T09:23:14.253+0300][25,102s][info][gc] Trigger: Average GC time (22,09 ms) is above the time for allocation rate (412 MB/s) to deplete free headroom (8344K)
[2021-04-30T09:23:14.253+0300][25,102s][info][gc] GC(413) Concurrent reset 0,131ms
[2021-04-30T09:23:14.253+0300][25,103s][info][gc] GC(413) Pause Init Mark 0,169ms
[2021-04-30T09:23:14.265+0300][25,115s][info][gc] GC(413) Concurrent marking 12,152ms
[2021-04-30T09:23:14.266+0300][25,115s][info][gc] GC(413) Pause Final Mark 0,288ms
[2021-04-30T09:23:14.266+0300][25,115s][info][gc] GC(413) Concurrent cleanup 108M->108M(128M) 0,041ms
[2021-04-30T09:23:14.266+0300][25,116s][info][gc] GC(413) Concurrent evacuation 0,241ms
[2021-04-30T09:23:14.266+0300][25,116s][info][gc] GC(413) Pause Init Update Refs 0,004ms
[2021-04-30T09:23:14.275+0300][25,124s][info][gc] GC(413) Concurrent update references 8,329ms
[2021-04-30T09:23:14.275+0300][25,124s][info][gc] GC(413) Pause Final Update Refs 0,098ms
[2021-04-30T09:23:14.275+0300][25,124s][info][gc] GC(413) Concurrent cleanup 112M->94M(128M) 0,046ms
[2021-04-30T09:23:14.297+0300][25,146s][info][gc] Trigger: Average GC time (22,48 ms) is above the time for allocation rate (402 MB/s) to deplete free headroom (8471K)
[2021-04-30T09:23:14.297+0300][25,146s][info][gc] GC(414) Concurrent reset 0,195ms
[2021-04-30T09:23:14.297+0300][25,147s][info][gc] GC(414) Pause Init Mark 0,193ms
[2021-04-30T09:23:14.311+0300][25,160s][info][gc] GC(414) Concurrent marking 13,232ms
[2021-04-30T09:23:14.311+0300][25,161s][info][gc] GC(414) Pause Final Mark 0,435ms
[2021-04-30T09:23:14.311+0300][25,161s][info][gc] GC(414) Concurrent cleanup 108M->108M(128M) 0,039ms
[2021-04-30T09:23:14.311+0300][25,161s][info][gc] GC(414) Concurrent evacuation 0,152ms
[2021-04-30T09:23:14.312+0300][25,161s][info][gc] GC(414) Pause Init Update Refs 0,004ms
[2021-04-30T09:23:14.318+0300][25,168s][info][gc] GC(414) Concurrent update references 6,668ms
[2021-04-30T09:23:14.318+0300][25,168s][info][gc] GC(414) Pause Final Update Refs 0,059ms
[2021-04-30T09:23:14.319+0300][25,168s][info][gc] GC(414) Concurrent cleanup 113M->94M(128M) 0,042ms
[2021-04-30T09:23:14.337+0300][25,186s][info][gc] Trigger: Average GC time (22,56 ms) is above the time for allocation rate (418 MB/s) to deplete free headroom (9495K)
[2021-04-30T09:23:14.337+0300][25,186s][info][gc] GC(415) Concurrent reset 0,191ms
[2021-04-30T09:23:14.337+0300][25,187s][info][gc] GC(415) Pause Init Mark (process weakrefs) 0,156ms
[2021-04-30T09:23:14.348+0300][25,198s][info][gc] GC(415) Concurrent marking (process weakrefs) 10,687ms
[2021-04-30T09:23:14.348+0300][25,198s][info][gc] GC(415) Concurrent precleaning 0,162ms
[2021-04-30T09:23:14.349+0300][25,198s][info][gc] GC(415) Pause Final Mark (process weakrefs) 0,370ms
[2021-04-30T09:23:14.349+0300][25,198s][info][gc] GC(415) Concurrent cleanup 107M->107M(128M) 0,038ms
[2021-04-30T09:23:14.349+0300][25,199s][info][gc] GC(415) Concurrent evacuation 0,197ms
[2021-04-30T09:23:14.349+0300][25,199s][info][gc] GC(415) Pause Init Update Refs 0,005ms
[2021-04-30T09:23:14.356+0300][25,205s][info][gc] GC(415) Concurrent update references 6,195ms
[2021-04-30T09:23:14.356+0300][25,205s][info][gc] GC(415) Pause Final Update Refs 0,082ms
[2021-04-30T09:23:14.356+0300][25,205s][info][gc] GC(415) Concurrent cleanup 111M->94M(128M) 0,049ms
[2021-04-30T09:23:14.373+0300][25,223s][info][gc] Trigger: Average GC time (22,14 ms) is above the time for allocation rate (446 MB/s) to deplete free headroom (9624K)
[2021-04-30T09:23:14.373+0300][25,223s][info][gc] GC(416) Concurrent reset 0,122ms
[2021-04-30T09:23:14.374+0300][25,223s][info][gc] GC(416) Pause Init Mark 0,131ms
[2021-04-30T09:23:14.385+0300][25,235s][info][gc] GC(416) Concurrent marking 11,413ms
[2021-04-30T09:23:14.386+0300][25,235s][info][gc] GC(416) Pause Final Mark 0,379ms
[2021-04-30T09:23:14.386+0300][25,235s][info][gc] GC(416) Concurrent cleanup 107M->107M(128M) 0,039ms
[2021-04-30T09:23:14.386+0300][25,236s][info][gc] GC(416) Concurrent evacuation 0,223ms
[2021-04-30T09:23:14.386+0300][25,236s][info][gc] GC(416) Pause Init Update Refs 0,006ms
[2021-04-30T09:23:14.394+0300][25,243s][info][gc] GC(416) Concurrent update references 7,368ms
[2021-04-30T09:23:14.394+0300][25,243s][info][gc] GC(416) Pause Final Update Refs 0,057ms
[2021-04-30T09:23:14.394+0300][25,244s][info][gc] GC(416) Concurrent cleanup 111M->95M(128M) 0,042ms
[2021-04-30T09:23:14.410+0300][25,260s][info][gc] Trigger: Average GC time (21,00 ms) is above the time for allocation rate (445 MB/s) to deplete free headroom (9239K)
[2021-04-30T09:23:14.411+0300][25,260s][info][gc] GC(417) Concurrent reset 0,190ms
[2021-04-30T09:23:14.411+0300][25,260s][info][gc] GC(417) Pause Init Mark 0,171ms
[2021-04-30T09:23:14.422+0300][25,272s][info][gc] GC(417) Concurrent marking 11,059ms
[2021-04-30T09:23:14.423+0300][25,272s][info][gc] GC(417) Pause Final Mark 0,365ms
[2021-04-30T09:23:14.423+0300][25,272s][info][gc] GC(417) Concurrent cleanup 107M->107M(128M) 0,038ms
[2021-04-30T09:23:14.423+0300][25,272s][info][gc] GC(417) Concurrent evacuation 0,148ms
[2021-04-30T09:23:14.423+0300][25,272s][info][gc] GC(417) Pause Init Update Refs 0,005ms
[2021-04-30T09:23:14.429+0300][25,279s][info][gc] GC(417) Concurrent update references 6,231ms
[2021-04-30T09:23:14.430+0300][25,279s][info][gc] GC(417) Pause Final Update Refs 0,094ms
[2021-04-30T09:23:14.430+0300][25,279s][info][gc] GC(417) Concurrent cleanup 111M->94M(128M) 0,042ms
[2021-04-30T09:23:14.450+0300][25,300s][info][gc] Trigger: Average GC time (20,74 ms) is above the time for allocation rate (413 MB/s) to deplete free headroom (8598K)
[2021-04-30T09:23:14.451+0300][25,300s][info][gc] GC(418) Concurrent reset 0,125ms
[2021-04-30T09:23:14.451+0300][25,300s][info][gc] GC(418) Pause Init Mark 0,187ms
[2021-04-30T09:23:14.462+0300][25,311s][info][gc] GC(418) Concurrent marking 11,042ms
[2021-04-30T09:23:14.463+0300][25,312s][info][gc] GC(418) Pause Final Mark 0,454ms
[2021-04-30T09:23:14.463+0300][25,312s][info][gc] GC(418) Concurrent cleanup 108M->108M(128M) 0,039ms
[2021-04-30T09:23:14.463+0300][25,312s][info][gc] GC(418) Concurrent evacuation 0,196ms
[2021-04-30T09:23:14.463+0300][25,312s][info][gc] GC(418) Pause Init Update Refs 0,004ms
[2021-04-30T09:23:14.470+0300][25,319s][info][gc] GC(418) Concurrent update references 6,996ms
[2021-04-30T09:23:14.470+0300][25,320s][info][gc] GC(418) Pause Final Update Refs 0,080ms
[2021-04-30T09:23:14.470+0300][25,320s][info][gc] GC(418) Concurrent cleanup 111M->94M(128M) 0,045ms
[2021-04-30T09:23:14.490+0300][25,339s][info][gc] Trigger: Average GC time (20,25 ms) is above the time for allocation rate (432 MB/s) to deplete free headroom (8215K)
[2021-04-30T09:23:14.490+0300][25,339s][info][gc] GC(419) Concurrent reset 0,173ms
[2021-04-30T09:23:14.490+0300][25,340s][info][gc] GC(419) Pause Init Mark 0,147ms
[2021-04-30T09:23:14.504+0300][25,353s][info][gc] GC(419) Concurrent marking 13,661ms
[2021-04-30T09:23:14.504+0300][25,354s][info][gc] GC(419) Pause Final Mark 0,309ms
[2021-04-30T09:23:14.505+0300][25,354s][info][gc] GC(419) Concurrent cleanup 108M->108M(128M) 0,038ms
[2021-04-30T09:23:14.505+0300][25,354s][info][gc] GC(419) Concurrent evacuation 0,232ms
[2021-04-30T09:23:14.505+0300][25,354s][info][gc] GC(419) Pause Init Update Refs 0,006ms
[2021-04-30T09:23:14.512+0300][25,361s][info][gc] GC(419) Concurrent update references 6,638ms
[2021-04-30T09:23:14.512+0300][25,361s][info][gc] GC(419) Pause Final Update Refs 0,070ms
[2021-04-30T09:23:14.512+0300][25,361s][info][gc] GC(419) Concurrent cleanup 112M->95M(128M) 0,053ms
[2021-04-30T09:23:14.533+0300][25,383s][info][gc] Trigger: Average GC time (20,35 ms) is above the time for allocation rate (402 MB/s) to deplete free headroom (7318K)
[2021-04-30T09:23:14.534+0300][25,383s][info][gc] GC(420) Concurrent reset 0,201ms
[2021-04-30T09:23:14.534+0300][25,383s][info][gc] GC(420) Pause Init Mark (process weakrefs) 0,185ms
[2021-04-30T09:23:14.546+0300][25,395s][info][gc] GC(420) Concurrent marking (process weakrefs) 11,770ms
[2021-04-30T09:23:14.546+0300][25,395s][info][gc] GC(420) Concurrent precleaning 0,136ms
[2021-04-30T09:23:14.547+0300][25,397s][info][gc] GC(420) Pause Final Mark (process weakrefs) 0,948ms
[2021-04-30T09:23:14.547+0300][25,397s][info][gc] GC(420) Concurrent cleanup 109M->109M(128M) 0,044ms
[2021-04-30T09:23:14.548+0300][25,397s][info][gc] GC(420) Concurrent evacuation 0,322ms
[2021-04-30T09:23:14.548+0300][25,397s][info][gc] GC(420) Pause Init Update Refs 0,007ms
[2021-04-30T09:23:14.557+0300][25,407s][info][gc] GC(420) Concurrent update references 9,222ms
[2021-04-30T09:23:14.557+0300][25,407s][info][gc] GC(420) Pause Final Update Refs 0,146ms
[2021-04-30T09:23:14.558+0300][25,407s][info][gc] GC(420) Concurrent cleanup 112M->95M(128M) 0,063ms
[2021-04-30T09:23:14.578+0300][25,428s][info][gc] Trigger: Average GC time (21,37 ms) is above the time for allocation rate (372 MB/s) to deplete free headroom (7830K)
[2021-04-30T09:23:14.579+0300][25,428s][info][gc] GC(421) Concurrent reset 0,162ms
[2021-04-30T09:23:14.579+0300][25,428s][info][gc] GC(421) Pause Init Mark 0,225ms
[2021-04-30T09:23:14.591+0300][25,441s][info][gc] GC(421) Concurrent marking 11,988ms
[2021-04-30T09:23:14.591+0300][25,441s][info][gc] GC(421) Pause Final Mark 0,317ms
[2021-04-30T09:23:14.592+0300][25,441s][info][gc] GC(421) Concurrent cleanup 108M->109M(128M) 0,038ms
[2021-04-30T09:23:14.592+0300][25,441s][info][gc] GC(421) Concurrent evacuation 0,172ms
[2021-04-30T09:23:14.592+0300][25,441s][info][gc] GC(421) Pause Init Update Refs 0,004ms
[2021-04-30T09:23:14.601+0300][25,451s][info][gc] GC(421) Concurrent update references 9,589ms
[2021-04-30T09:23:14.602+0300][25,451s][info][gc] GC(421) Pause Final Update Refs 0,207ms
[2021-04-30T09:23:14.602+0300][25,452s][info][gc] GC(421) Concurrent cleanup 112M->95M(128M) 0,050ms
[2021-04-30T09:23:14.622+0300][25,472s][info][gc] Trigger: Average GC time (21,92 ms) is above the time for allocation rate (375 MB/s) to deplete free headroom (7830K)
[2021-04-30T09:23:14.623+0300][25,472s][info][gc] GC(422) Concurrent reset 0,204ms
[2021-04-30T09:23:14.623+0300][25,472s][info][gc] GC(422) Pause Init Mark 0,194ms
[2021-04-30T09:23:14.636+0300][25,485s][info][gc] GC(422) Concurrent marking 12,779ms
[2021-04-30T09:23:14.636+0300][25,486s][info][gc] GC(422) Pause Final Mark 0,290ms
[2021-04-30T09:23:14.636+0300][25,486s][info][gc] GC(422) Concurrent cleanup 108M->108M(128M) 0,039ms
[2021-04-30T09:23:14.637+0300][25,486s][info][gc] GC(422) Concurrent evacuation 0,170ms
[2021-04-30T09:23:14.637+0300][25,486s][info][gc] GC(422) Pause Init Update Refs 0,005ms
[2021-04-30T09:23:14.644+0300][25,494s][info][gc] GC(422) Concurrent update references 7,452ms
[2021-04-30T09:23:14.645+0300][25,494s][info][gc] GC(422) Pause Final Update Refs 0,102ms
[2021-04-30T09:23:14.645+0300][25,494s][info][gc] GC(422) Concurrent cleanup 114M->97M(128M) 0,060ms
[2021-04-30T09:23:14.661+0300][25,510s][info][gc] Trigger: Average GC time (22,49 ms) is above the time for allocation rate (403 MB/s) to deplete free headroom (8469K)
[2021-04-30T09:23:14.661+0300][25,511s][info][gc] GC(423) Concurrent reset 0,189ms
[2021-04-30T09:23:14.662+0300][25,511s][info][gc] GC(423) Pause Init Mark 0,182ms
[2021-04-30T09:23:14.673+0300][25,522s][info][gc] GC(423) Concurrent marking 11,280ms
[2021-04-30T09:23:14.673+0300][25,523s][info][gc] GC(423) Pause Final Mark 0,388ms
[2021-04-30T09:23:14.674+0300][25,523s][info][gc] GC(423) Concurrent cleanup 108M->108M(128M) 0,039ms
[2021-04-30T09:23:14.674+0300][25,523s][info][gc] GC(423) Concurrent evacuation 0,209ms
[2021-04-30T09:23:14.674+0300][25,523s][info][gc] GC(423) Pause Init Update Refs 0,004ms
[2021-04-30T09:23:14.681+0300][25,530s][info][gc] GC(423) Concurrent update references 6,697ms
[2021-04-30T09:23:14.681+0300][25,530s][info][gc] GC(423) Pause Final Update Refs 0,094ms
[2021-04-30T09:23:14.681+0300][25,531s][info][gc] GC(423) Concurrent cleanup 112M->96M(128M) 0,049ms
[2021-04-30T09:23:14.695+0300][25,545s][info][gc] Trigger: Average GC time (22,52 ms) is above the time for allocation rate (425 MB/s) to deplete free headroom (9237K)
[2021-04-30T09:23:14.695+0300][25,545s][info][gc] GC(424) Concurrent reset 0,169ms
[2021-04-30T09:23:14.696+0300][25,545s][info][gc] GC(424) Pause Init Mark 0,159ms
[2021-04-30T09:23:14.708+0300][25,557s][info][gc] GC(424) Concurrent marking 11,741ms
[2021-04-30T09:23:14.708+0300][25,558s][info][gc] GC(424) Pause Final Mark 0,353ms
[2021-04-30T09:23:14.708+0300][25,558s][info][gc] GC(424) Concurrent cleanup 107M->107M(128M) 0,038ms
[2021-04-30T09:23:14.709+0300][25,558s][info][gc] GC(424) Concurrent evacuation 0,180ms
[2021-04-30T09:23:14.709+0300][25,558s][info][gc] GC(424) Pause Init Update Refs 0,021ms
[2021-04-30T09:23:14.718+0300][25,567s][info][gc] GC(424) Concurrent update references 8,582ms
[2021-04-30T09:23:14.718+0300][25,567s][info][gc] GC(424) Pause Final Update Refs 0,094ms
[2021-04-30T09:23:14.718+0300][25,567s][info][gc] GC(424) Concurrent cleanup 110M->96M(128M) 0,042ms
[2021-04-30T09:23:14.733+0300][25,583s][info][gc] Trigger: Average GC time (22,63 ms) is above the time for allocation rate (389 MB/s) to deplete free headroom (8854K)
[2021-04-30T09:23:14.733+0300][25,583s][info][gc] GC(425) Concurrent reset 0,190ms
[2021-04-30T09:23:14.734+0300][25,583s][info][gc] GC(425) Pause Init Mark (process weakrefs) 0,152ms
[2021-04-30T09:23:14.745+0300][25,595s][info][gc] GC(425) Concurrent marking (process weakrefs) 11,264ms
[2021-04-30T09:23:14.745+0300][25,595s][info][gc] GC(425) Concurrent precleaning 0,184ms
[2021-04-30T09:23:14.746+0300][25,596s][info][gc] GC(425) Pause Final Mark (process weakrefs) 0,502ms
[2021-04-30T09:23:14.746+0300][25,596s][info][gc] GC(425) Concurrent cleanup 108M->108M(128M) 0,039ms
[2021-04-30T09:23:14.746+0300][25,596s][info][gc] GC(425) Concurrent evacuation 0,170ms
[2021-04-30T09:23:14.747+0300][25,596s][info][gc] GC(425) Pause Init Update Refs 0,004ms
[2021-04-30T09:23:14.755+0300][25,604s][info][gc] GC(425) Concurrent update references 8,329ms
[2021-04-30T09:23:14.755+0300][25,605s][info][gc] GC(425) Pause Final Update Refs 0,129ms
[2021-04-30T09:23:14.756+0300][25,605s][info][gc] GC(425) Concurrent cleanup 110M->95M(128M) 0,058ms
[2021-04-30T09:23:14.772+0300][25,621s][info][gc] Trigger: Average GC time (22,24 ms) is above the time for allocation rate (395 MB/s) to deplete free headroom (8086K)
[2021-04-30T09:23:14.772+0300][25,621s][info][gc] GC(426) Concurrent reset 0,117ms
[2021-04-30T09:23:14.772+0300][25,622s][info][gc] GC(426) Pause Init Mark 0,143ms
[2021-04-30T09:23:14.784+0300][25,633s][info][gc] GC(426) Concurrent marking 11,687ms
[2021-04-30T09:23:14.784+0300][25,634s][info][gc] GC(426) Pause Final Mark 0,444ms
[2021-04-30T09:23:14.785+0300][25,634s][info][gc] GC(426) Concurrent cleanup 108M->108M(128M) 0,036ms
[2021-04-30T09:23:14.785+0300][25,634s][info][gc] GC(426) Concurrent evacuation 0,169ms
[2021-04-30T09:23:14.785+0300][25,634s][info][gc] GC(426) Pause Init Update Refs 0,007ms
[2021-04-30T09:23:14.792+0300][25,641s][info][gc] GC(426) Concurrent update references 7,174ms
[2021-04-30T09:23:14.792+0300][25,642s][info][gc] GC(426) Pause Final Update Refs 0,102ms
[2021-04-30T09:23:14.793+0300][25,642s][info][gc] GC(426) Concurrent cleanup 111M->96M(128M) 0,044ms
[2021-04-30T09:23:14.809+0300][25,658s][info][gc] Trigger: Average GC time (21,66 ms) is above the time for allocation rate (399 MB/s) to deplete free headroom (7957K)
[2021-04-30T09:23:14.809+0300][25,658s][info][gc] GC(427) Concurrent reset 0,123ms
[2021-04-30T09:23:14.809+0300][25,659s][info][gc] GC(427) Pause Init Mark 0,141ms
[2021-04-30T09:23:14.823+0300][25,672s][info][gc] GC(427) Concurrent marking 13,451ms
[2021-04-30T09:23:14.823+0300][25,673s][info][gc] GC(427) Pause Final Mark 0,328ms
[2021-04-30T09:23:14.823+0300][25,673s][info][gc] GC(427) Concurrent cleanup 108M->108M(128M) 0,038ms
[2021-04-30T09:23:14.823+0300][25,673s][info][gc] GC(427) Concurrent evacuation 0,138ms
[2021-04-30T09:23:14.823+0300][25,673s][info][gc] GC(427) Pause Init Update Refs 0,004ms
[2021-04-30T09:23:14.831+0300][25,680s][info][gc] GC(427) Concurrent update references 7,582ms
[2021-04-30T09:23:14.831+0300][25,681s][info][gc] GC(427) Pause Final Update Refs 0,169ms
[2021-04-30T09:23:14.832+0300][25,681s][info][gc] GC(427) Concurrent cleanup 112M->96M(128M) 0,058ms
[2021-04-30T09:23:14.851+0300][25,701s][info][gc] Trigger: Average GC time (21,77 ms) is above the time for allocation rate (373 MB/s) to deplete free headroom (7062K)
[2021-04-30T09:23:14.851+0300][25,701s][info][gc] GC(428) Concurrent reset 0,197ms
[2021-04-30T09:23:14.852+0300][25,701s][info][gc] GC(428) Pause Init Mark 0,164ms
[2021-04-30T09:23:14.864+0300][25,713s][info][gc] GC(428) Concurrent marking 12,067ms
[2021-04-30T09:23:14.864+0300][25,714s][info][gc] GC(428) Pause Final Mark 0,350ms
[2021-04-30T09:23:14.864+0300][25,714s][info][gc] GC(428) Concurrent cleanup 109M->109M(128M) 0,039ms
[2021-04-30T09:23:14.865+0300][25,714s][info][gc] GC(428) Concurrent evacuation 0,218ms
[2021-04-30T09:23:14.865+0300][25,714s][info][gc] GC(428) Pause Init Update Refs 0,006ms
[2021-04-30T09:23:14.874+0300][25,724s][info][gc] GC(428) Concurrent update references 9,487ms
[2021-04-30T09:23:14.875+0300][25,724s][info][gc] GC(428) Pause Final Update Refs 0,115ms
[2021-04-30T09:23:14.875+0300][25,724s][info][gc] GC(428) Concurrent cleanup 114M->98M(128M) 0,045ms
[2021-04-30T09:23:14.892+0300][25,742s][info][gc] Trigger: Average GC time (22,48 ms) is above the time for allocation rate (366 MB/s) to deplete free headroom (7574K)
[2021-04-30T09:23:14.892+0300][25,742s][info][gc] GC(429) Concurrent reset 0,143ms
[2021-04-30T09:23:14.893+0300][25,742s][info][gc] GC(429) Pause Init Mark 0,285ms
[2021-04-30T09:23:14.911+0300][25,760s][info][gc] GC(429) Concurrent marking 17,923ms
[2021-04-30T09:23:14.912+0300][25,761s][info][gc] GC(429) Pause Final Mark 0,490ms
[2021-04-30T09:23:14.912+0300][25,761s][info][gc] GC(429) Concurrent cleanup 109M->109M(128M) 0,037ms
[2021-04-30T09:23:14.912+0300][25,761s][info][gc] GC(429) Concurrent evacuation 0,197ms
[2021-04-30T09:23:14.912+0300][25,761s][info][gc] GC(429) Pause Init Update Refs 0,005ms
[2021-04-30T09:23:14.922+0300][25,771s][info][gc] GC(429) Concurrent update references 9,632ms
[2021-04-30T09:23:14.922+0300][25,771s][info][gc] GC(429) Pause Final Update Refs 0,121ms
[2021-04-30T09:23:14.922+0300][25,772s][info][gc] GC(429) Concurrent cleanup 113M->98M(128M) 0,048ms
[2021-04-30T09:23:14.938+0300][25,788s][info][gc] Trigger: Average GC time (23,91 ms) is above the time for allocation rate (316 MB/s) to deplete free headroom (7445K)
[2021-04-30T09:23:14.938+0300][25,788s][info][gc] GC(430) Concurrent reset 0,126ms
[2021-04-30T09:23:14.939+0300][25,788s][info][gc] GC(430) Pause Init Mark (process weakrefs) 0,216ms
[2021-04-30T09:23:14.951+0300][25,800s][info][gc] GC(430) Concurrent marking (process weakrefs) 11,820ms
[2021-04-30T09:23:14.951+0300][25,800s][info][gc] GC(430) Concurrent precleaning 0,124ms
[2021-04-30T09:23:14.951+0300][25,801s][info][gc] GC(430) Pause Final Mark (process weakrefs) 0,341ms
[2021-04-30T09:23:14.951+0300][25,801s][info][gc] GC(430) Concurrent cleanup 109M->109M(128M) 0,038ms
[2021-04-30T09:23:14.951+0300][25,801s][info][gc] GC(430) Concurrent evacuation 0,166ms
[2021-04-30T09:23:14.952+0300][25,801s][info][gc] GC(430) Pause Init Update Refs 0,005ms
[2021-04-30T09:23:14.958+0300][25,808s][info][gc] GC(430) Concurrent update references 6,739ms
[2021-04-30T09:23:14.959+0300][25,808s][info][gc] GC(430) Pause Final Update Refs 0,096ms
[2021-04-30T09:23:14.959+0300][25,808s][info][gc] GC(430) Concurrent cleanup 113M->97M(128M) 0,041ms
[2021-04-30T09:23:14.972+0300][25,821s][info][gc] Trigger: Average GC time (23,59 ms) is above the time for allocation rate (386 MB/s) to deplete free headroom (8981K)
[2021-04-30T09:23:14.972+0300][25,821s][info][gc] GC(431) Concurrent reset 0,196ms
[2021-04-30T09:23:14.972+0300][25,822s][info][gc] GC(431) Pause Init Mark 0,274ms
[2021-04-30T09:23:14.984+0300][25,834s][info][gc] GC(431) Concurrent marking 11,617ms
[2021-04-30T09:23:14.985+0300][25,834s][info][gc] GC(431) Pause Final Mark 0,371ms
[2021-04-30T09:23:14.985+0300][25,834s][info][gc] GC(431) Concurrent cleanup 107M->107M(128M) 0,037ms
[2021-04-30T09:23:14.985+0300][25,835s][info][gc] GC(431) Concurrent evacuation 0,119ms
[2021-04-30T09:23:14.985+0300][25,835s][info][gc] GC(431) Pause Init Update Refs 0,005ms
[2021-04-30T09:23:14.992+0300][25,841s][info][gc] GC(431) Concurrent update references 6,758ms
[2021-04-30T09:23:14.992+0300][25,842s][info][gc] GC(431) Pause Final Update Refs 0,182ms
[2021-04-30T09:23:14.993+0300][25,842s][info][gc] GC(431) Concurrent cleanup 111M->98M(128M) 0,041ms
[2021-04-30T09:23:15.005+0300][25,854s][info][gc] Trigger: Average GC time (23,59 ms) is above the time for allocation rate (390 MB/s) to deplete free headroom (9110K)
[2021-04-30T09:23:15.005+0300][25,854s][info][gc] GC(432) Concurrent reset 0,144ms
[2021-04-30T09:23:15.005+0300][25,854s][info][gc] GC(432) Pause Init Mark 0,182ms
[2021-04-30T09:23:15.017+0300][25,867s][info][gc] GC(432) Concurrent marking 11,963ms
[2021-04-30T09:23:15.018+0300][25,867s][info][gc] GC(432) Pause Final Mark 0,469ms
[2021-04-30T09:23:15.018+0300][25,867s][info][gc] GC(432) Concurrent cleanup 107M->107M(128M) 0,037ms
[2021-04-30T09:23:15.018+0300][25,867s][info][gc] GC(432) Concurrent evacuation 0,122ms
[2021-04-30T09:23:15.018+0300][25,868s][info][gc] GC(432) Pause Init Update Refs 0,004ms
[2021-04-30T09:23:15.025+0300][25,874s][info][gc] GC(432) Concurrent update references 6,469ms
[2021-04-30T09:23:15.025+0300][25,874s][info][gc] GC(432) Pause Final Update Refs 0,129ms
[2021-04-30T09:23:15.025+0300][25,875s][info][gc] GC(432) Concurrent cleanup 111M->99M(128M) 0,061ms
[2021-04-30T09:23:15.040+0300][25,890s][info][gc] Trigger: Average GC time (23,14 ms) is above the time for allocation rate (365 MB/s) to deplete free headroom (8601K)
[2021-04-30T09:23:15.040+0300][25,890s][info][gc] GC(433) Concurrent reset 0,133ms
[2021-04-30T09:23:15.041+0300][25,890s][info][gc] GC(433) Pause Init Mark 0,188ms
[2021-04-30T09:23:15.054+0300][25,903s][info][gc] GC(433) Concurrent marking 12,771ms
[2021-04-30T09:23:15.054+0300][25,904s][info][gc] GC(433) Pause Final Mark 0,445ms
[2021-04-30T09:23:15.054+0300][25,904s][info][gc] GC(433) Concurrent cleanup 108M->108M(128M) 0,038ms
[2021-04-30T09:23:15.054+0300][25,904s][info][gc] GC(433) Concurrent evacuation 0,156ms
[2021-04-30T09:23:15.055+0300][25,904s][info][gc] GC(433) Pause Init Update Refs 0,005ms
[2021-04-30T09:23:15.067+0300][25,916s][info][gc] GC(433) Concurrent update references 12,092ms
[2021-04-30T09:23:15.067+0300][25,917s][info][gc] GC(433) Pause Final Update Refs 0,260ms
[2021-04-30T09:23:15.067+0300][25,917s][info][gc] GC(433) Concurrent cleanup 115M->102M(128M) 0,044ms
[2021-04-30T09:23:15.073+0300][25,922s][info][gc] Trigger: Average GC time (23,85 ms) is above the time for allocation rate (392 MB/s) to deplete free headroom (8859K)
[2021-04-30T09:23:15.073+0300][25,922s][info][gc] GC(434) Concurrent reset 0,162ms
[2021-04-30T09:23:15.073+0300][25,923s][info][gc] GC(434) Pause Init Mark 0,181ms
[2021-04-30T09:23:15.092+0300][25,941s][info][gc] GC(434) Concurrent marking 18,209ms
[2021-04-30T09:23:15.092+0300][25,941s][info][gc] GC(434) Pause Final Mark 0,361ms
[2021-04-30T09:23:15.092+0300][25,941s][info][gc] GC(434) Concurrent cleanup 108M->108M(128M) 0,041ms
[2021-04-30T09:23:15.092+0300][25,942s][info][gc] GC(434) Concurrent evacuation 0,120ms
[2021-04-30T09:23:15.092+0300][25,942s][info][gc] GC(434) Pause Init Update Refs 0,005ms
[2021-04-30T09:23:15.100+0300][25,949s][info][gc] GC(434) Concurrent update references 7,448ms
[2021-04-30T09:23:15.100+0300][25,949s][info][gc] GC(434) Pause Final Update Refs 0,068ms
[2021-04-30T09:23:15.100+0300][25,950s][info][gc] GC(434) Concurrent cleanup 112M->99M(128M) 0,048ms
[2021-04-30T09:23:15.113+0300][25,963s][info][gc] Trigger: Average GC time (23,32 ms) is above the time for allocation rate (340 MB/s) to deplete free headroom (7581K)
[2021-04-30T09:23:15.114+0300][25,963s][info][gc] GC(435) Concurrent reset 0,292ms
[2021-04-30T09:23:15.114+0300][25,963s][info][gc] GC(435) Pause Init Mark (process weakrefs) 0,153ms
[2021-04-30T09:23:15.127+0300][25,977s][info][gc] GC(435) Concurrent marking (process weakrefs) 13,359ms
[2021-04-30T09:23:15.128+0300][25,977s][info][gc] GC(435) Concurrent precleaning 0,132ms
[2021-04-30T09:23:15.128+0300][25,977s][info][gc] GC(435) Pause Final Mark (process weakrefs) 0,452ms
[2021-04-30T09:23:15.128+0300][25,978s][info][gc] GC(435) Concurrent cleanup 109M->109M(128M) 0,037ms
[2021-04-30T09:23:15.128+0300][25,978s][info][gc] GC(435) Concurrent evacuation 0,128ms
[2021-04-30T09:23:15.129+0300][25,978s][info][gc] GC(435) Pause Init Update Refs 0,006ms
[2021-04-30T09:23:15.137+0300][25,986s][info][gc] GC(435) Concurrent update references 7,997ms
[2021-04-30T09:23:15.137+0300][25,986s][info][gc] GC(435) Pause Final Update Refs 0,181ms
[2021-04-30T09:23:15.137+0300][25,987s][info][gc] GC(435) Concurrent cleanup 113M->99M(128M) 0,041ms
[2021-04-30T09:23:15.149+0300][25,999s][info][gc] Trigger: Average GC time (23,94 ms) is above the time for allocation rate (356 MB/s) to deplete free headroom (8349K)
[2021-04-30T09:23:15.149+0300][25,999s][info][gc] GC(436) Concurrent reset 0,126ms
[2021-04-30T09:23:15.150+0300][25,999s][info][gc] GC(436) Pause Init Mark 0,295ms
[2021-04-30T09:23:15.161+0300][26,011s][info][gc] GC(436) Concurrent marking 11,219ms
[2021-04-30T09:23:15.162+0300][26,011s][info][gc] GC(436) Pause Final Mark 0,497ms
[2021-04-30T09:23:15.162+0300][26,011s][info][gc] GC(436) Concurrent cleanup 108M->108M(128M) 0,039ms
[2021-04-30T09:23:15.162+0300][26,012s][info][gc] GC(436) Concurrent evacuation 0,154ms
[2021-04-30T09:23:15.162+0300][26,012s][info][gc] GC(436) Pause Init Update Refs 0,006ms
[2021-04-30T09:23:15.172+0300][26,021s][info][gc] GC(436) Concurrent update references 9,245ms
[2021-04-30T09:23:15.172+0300][26,021s][info][gc] GC(436) Pause Final Update Refs 0,068ms
[2021-04-30T09:23:15.172+0300][26,021s][info][gc] GC(436) Concurrent cleanup 111M->99M(128M) 0,042ms
[2021-04-30T09:23:15.184+0300][26,033s][info][gc] Trigger: Average GC time (24,37 ms) is above the time for allocation rate (344 MB/s) to deplete free headroom (8349K)
[2021-04-30T09:23:15.184+0300][26,034s][info][gc] GC(437) Concurrent reset 0,203ms
[2021-04-30T09:23:15.185+0300][26,034s][info][gc] GC(437) Pause Init Mark 0,159ms
[2021-04-30T09:23:15.197+0300][26,046s][info][gc] GC(437) Concurrent marking 12,020ms
[2021-04-30T09:23:15.197+0300][26,047s][info][gc] GC(437) Pause Final Mark 0,378ms
[2021-04-30T09:23:15.197+0300][26,047s][info][gc] GC(437) Concurrent cleanup 108M->108M(128M) 0,039ms
[2021-04-30T09:23:15.198+0300][26,047s][info][gc] GC(437) Concurrent evacuation 0,152ms
[2021-04-30T09:23:15.198+0300][26,047s][info][gc] GC(437) Pause Init Update Refs 0,021ms
[2021-04-30T09:23:15.205+0300][26,054s][info][gc] GC(437) Concurrent update references 6,847ms
[2021-04-30T09:23:15.205+0300][26,054s][info][gc] GC(437) Pause Final Update Refs 0,094ms
[2021-04-30T09:23:15.205+0300][26,054s][info][gc] GC(437) Concurrent cleanup 111M->99M(128M) 0,040ms
[2021-04-30T09:23:15.217+0300][26,066s][info][gc] Trigger: Average GC time (24,47 ms) is above the time for allocation rate (357 MB/s) to deplete free headroom (8863K)
[2021-04-30T09:23:15.217+0300][26,067s][info][gc] GC(438) Concurrent reset 0,209ms
[2021-04-30T09:23:15.217+0300][26,067s][info][gc] GC(438) Pause Init Mark 0,171ms
[2021-04-30T09:23:15.230+0300][26,080s][info][gc] GC(438) Concurrent marking 12,792ms
[2021-04-30T09:23:15.231+0300][26,080s][info][gc] GC(438) Pause Final Mark 0,380ms
[2021-04-30T09:23:15.231+0300][26,080s][info][gc] GC(438) Concurrent cleanup 108M->108M(128M) 0,044ms
[2021-04-30T09:23:15.231+0300][26,081s][info][gc] GC(438) Concurrent evacuation 0,205ms
[2021-04-30T09:23:15.231+0300][26,081s][info][gc] GC(438) Pause Init Update Refs 0,005ms
[2021-04-30T09:23:15.244+0300][26,093s][info][gc] GC(438) Concurrent update references 12,428ms
[2021-04-30T09:23:15.244+0300][26,094s][info][gc] GC(438) Pause Final Update Refs 0,146ms
[2021-04-30T09:23:15.244+0300][26,094s][info][gc] GC(438) Concurrent cleanup 114M->103M(128M) 0,041ms
[2021-04-30T09:23:15.249+0300][26,098s][info][gc] Trigger: Average GC time (24,52 ms) is above the time for allocation rate (361 MB/s) to deplete free headroom (8865K)
[2021-04-30T09:23:15.249+0300][26,099s][info][gc] GC(439) Concurrent reset 0,196ms
[2021-04-30T09:23:15.249+0300][26,099s][info][gc] GC(439) Pause Init Mark 0,171ms
[2021-04-30T09:23:15.268+0300][26,117s][info][gc] GC(439) Concurrent marking 18,057ms
[2021-04-30T09:23:15.268+0300][26,118s][info][gc] GC(439) Pause Final Mark 0,446ms
[2021-04-30T09:23:15.268+0300][26,118s][info][gc] GC(439) Concurrent cleanup 108M->108M(128M) 0,041ms
[2021-04-30T09:23:15.269+0300][26,118s][info][gc] GC(439) Concurrent evacuation 0,220ms
[2021-04-30T09:23:15.269+0300][26,118s][info][gc] GC(439) Pause Init Update Refs 0,005ms
[2021-04-30T09:23:15.276+0300][26,125s][info][gc] GC(439) Concurrent update references 7,231ms
[2021-04-30T09:23:15.276+0300][26,126s][info][gc] GC(439) Pause Final Update Refs 0,099ms
[2021-04-30T09:23:15.276+0300][26,126s][info][gc] GC(439) Concurrent cleanup 109M->97M(128M) 0,044ms
[2021-04-30T09:23:15.294+0300][26,143s][info][gc] Trigger: Average GC time (24,54 ms) is above the time for allocation rate (301 MB/s) to deplete free headroom (6559K)
[2021-04-30T09:23:15.294+0300][26,143s][info][gc] GC(440) Concurrent reset 0,166ms
[2021-04-30T09:23:15.294+0300][26,144s][info][gc] GC(440) Pause Init Mark (process weakrefs) 0,168ms
[2021-04-30T09:23:15.312+0300][26,161s][info][gc] GC(440) Concurrent marking (process weakrefs) 17,720ms
[2021-04-30T09:23:15.312+0300][26,162s][info][gc] GC(440) Concurrent precleaning 0,070ms
[2021-04-30T09:23:15.313+0300][26,162s][info][gc] GC(440) Pause Final Mark (process weakrefs) 0,398ms
[2021-04-30T09:23:15.313+0300][26,162s][info][gc] GC(440) Concurrent cleanup 110M->110M(128M) 0,044ms
[2021-04-30T09:23:15.313+0300][26,162s][info][gc] GC(440) Concurrent evacuation 0,236ms
[2021-04-30T09:23:15.313+0300][26,162s][info][gc] GC(440) Pause Init Update Refs 0,004ms
[2021-04-30T09:23:15.322+0300][26,171s][info][gc] GC(440) Concurrent update references 8,876ms
[2021-04-30T09:23:15.322+0300][26,172s][info][gc] GC(440) Pause Final Update Refs 0,085ms
[2021-04-30T09:23:15.322+0300][26,172s][info][gc] GC(440) Concurrent cleanup 112M->98M(128M) 0,041ms
[2021-04-30T09:23:15.337+0300][26,186s][info][gc] Trigger: Average GC time (25,49 ms) is above the time for allocation rate (298 MB/s) to deplete free headroom (7071K)
[2021-04-30T09:23:15.337+0300][26,186s][info][gc] GC(441) Concurrent reset 0,131ms
[2021-04-30T09:23:15.337+0300][26,187s][info][gc] GC(441) Pause Init Mark 0,311ms
[2021-04-30T09:23:15.349+0300][26,198s][info][gc] GC(441) Concurrent marking 11,693ms
[2021-04-30T09:23:15.350+0300][26,199s][info][gc] GC(441) Pause Final Mark 0,708ms
[2021-04-30T09:23:15.350+0300][26,199s][info][gc] GC(441) Concurrent cleanup 109M->109M(128M) 0,038ms
[2021-04-30T09:23:15.350+0300][26,200s][info][gc] GC(441) Concurrent evacuation 0,177ms
[2021-04-30T09:23:15.350+0300][26,200s][info][gc] GC(441) Pause Init Update Refs 0,020ms
[2021-04-30T09:23:15.357+0300][26,207s][info][gc] GC(441) Concurrent update references 6,842ms
[2021-04-30T09:23:15.358+0300][26,207s][info][gc] GC(441) Pause Final Update Refs 0,223ms
[2021-04-30T09:23:15.358+0300][26,207s][info][gc] GC(441) Concurrent cleanup 113M->100M(128M) 0,044ms
[2021-04-30T09:23:15.365+0300][26,215s][info][gc] Trigger: Average GC time (25,16 ms) is above the time for allocation rate (357 MB/s) to deplete free headroom (9119K)
[2021-04-30T09:23:15.366+0300][26,215s][info][gc] GC(442) Concurrent reset 0,253ms
[2021-04-30T09:23:15.366+0300][26,216s][info][gc] GC(442) Pause Init Mark 0,192ms
[2021-04-30T09:23:15.378+0300][26,227s][info][gc] GC(442) Concurrent marking 11,465ms
[2021-04-30T09:23:15.378+0300][26,228s][info][gc] GC(442) Pause Final Mark 0,406ms
[2021-04-30T09:23:15.378+0300][26,228s][info][gc] GC(442) Concurrent cleanup 107M->107M(128M) 0,037ms
[2021-04-30T09:23:15.379+0300][26,228s][info][gc] GC(442) Concurrent evacuation 0,111ms
[2021-04-30T09:23:15.379+0300][26,228s][info][gc] GC(442) Pause Init Update Refs 0,006ms
[2021-04-30T09:23:15.385+0300][26,235s][info][gc] GC(442) Concurrent update references 6,573ms
[2021-04-30T09:23:15.386+0300][26,235s][info][gc] GC(442) Pause Final Update Refs 0,096ms
[2021-04-30T09:23:15.386+0300][26,235s][info][gc] GC(442) Concurrent cleanup 112M->102M(128M) 0,043ms
[2021-04-30T09:23:15.393+0300][26,243s][info][gc] Trigger: Average GC time (25,02 ms) is above the time for allocation rate (376 MB/s) to deplete free headroom (8865K)
[2021-04-30T09:23:15.393+0300][26,243s][info][gc] GC(443) Concurrent reset 0,155ms
[2021-04-30T09:23:15.394+0300][26,243s][info][gc] GC(443) Pause Init Mark 0,155ms
[2021-04-30T09:23:15.405+0300][26,255s][info][gc] GC(443) Concurrent marking 11,132ms
[2021-04-30T09:23:15.406+0300][26,255s][info][gc] GC(443) Pause Final Mark 0,318ms
[2021-04-30T09:23:15.406+0300][26,255s][info][gc] GC(443) Concurrent cleanup 108M->108M(128M) 0,036ms
[2021-04-30T09:23:15.406+0300][26,255s][info][gc] GC(443) Concurrent evacuation 0,094ms
[2021-04-30T09:23:15.406+0300][26,255s][info][gc] GC(443) Pause Init Update Refs 0,020ms
[2021-04-30T09:23:15.413+0300][26,262s][info][gc] GC(443) Concurrent update references 6,853ms
[2021-04-30T09:23:15.413+0300][26,263s][info][gc] GC(443) Pause Final Update Refs 0,079ms
[2021-04-30T09:23:15.413+0300][26,263s][info][gc] GC(443) Concurrent cleanup 111M->100M(128M) 0,041ms
[2021-04-30T09:23:15.421+0300][26,270s][info][gc] Trigger: Average GC time (23,52 ms) is above the time for allocation rate (380 MB/s) to deplete free headroom (8867K)
[2021-04-30T09:23:15.421+0300][26,271s][info][gc] GC(444) Concurrent reset 0,237ms
[2021-04-30T09:23:15.422+0300][26,271s][info][gc] GC(444) Pause Init Mark 0,191ms
[2021-04-30T09:23:15.434+0300][26,283s][info][gc] GC(444) Concurrent marking 12,158ms
[2021-04-30T09:23:15.435+0300][26,284s][info][gc] GC(444) Pause Final Mark 0,518ms
[2021-04-30T09:23:15.435+0300][26,284s][info][gc] GC(444) Concurrent cleanup 107M->107M(128M) 0,038ms
[2021-04-30T09:23:15.435+0300][26,284s][info][gc] GC(444) Concurrent evacuation 0,165ms
[2021-04-30T09:23:15.435+0300][26,284s][info][gc] GC(444) Pause Init Update Refs 0,005ms
[2021-04-30T09:23:15.443+0300][26,293s][info][gc] GC(444) Concurrent update references 8,032ms
[2021-04-30T09:23:15.443+0300][26,293s][info][gc] GC(444) Pause Final Update Refs 0,114ms
[2021-04-30T09:23:15.443+0300][26,293s][info][gc] GC(444) Concurrent cleanup 113M->102M(128M) 0,041ms
[2021-04-30T09:23:15.451+0300][26,301s][info][gc] Trigger: Average GC time (22,53 ms) is above the time for allocation rate (357 MB/s) to deplete free headroom (8097K)
[2021-04-30T09:23:15.451+0300][26,301s][info][gc] GC(445) Concurrent reset 0,169ms
[2021-04-30T09:23:15.452+0300][26,301s][info][gc] GC(445) Pause Init Mark (process weakrefs) 0,215ms
[2021-04-30T09:23:15.466+0300][26,315s][info][gc] GC(445) Concurrent marking (process weakrefs) 13,982ms
[2021-04-30T09:23:15.466+0300][26,315s][info][gc] GC(445) Concurrent precleaning 0,143ms
[2021-04-30T09:23:15.466+0300][26,316s][info][gc] GC(445) Pause Final Mark (process weakrefs) 0,353ms
[2021-04-30T09:23:15.466+0300][26,316s][info][gc] GC(445) Concurrent cleanup 108M->109M(128M) 0,037ms
[2021-04-30T09:23:15.467+0300][26,316s][info][gc] GC(445) Concurrent evacuation 0,140ms
[2021-04-30T09:23:15.467+0300][26,316s][info][gc] GC(445) Pause Init Update Refs 0,006ms
[2021-04-30T09:23:15.476+0300][26,325s][info][gc] GC(445) Concurrent update references 8,817ms
[2021-04-30T09:23:15.476+0300][26,325s][info][gc] GC(445) Pause Final Update Refs 0,093ms
[2021-04-30T09:23:15.476+0300][26,325s][info][gc] GC(445) Concurrent cleanup 114M->103M(128M) 0,058ms
[2021-04-30T09:23:15.485+0300][26,334s][info][gc] Trigger: Average GC time (21,79 ms) is above the time for allocation rate (343 MB/s) to deplete free headroom (7073K)
[2021-04-30T09:23:15.485+0300][26,334s][info][gc] GC(446) Concurrent reset 0,170ms
[2021-04-30T09:23:15.485+0300][26,335s][info][gc] GC(446) Pause Init Mark 0,192ms
[2021-04-30T09:23:15.497+0300][26,347s][info][gc] GC(446) Concurrent marking 12,168ms
[2021-04-30T09:23:15.498+0300][26,348s][info][gc] GC(446) Pause Final Mark 0,487ms
[2021-04-30T09:23:15.498+0300][26,348s][info][gc] GC(446) Concurrent cleanup 109M->109M(128M) 0,060ms
[2021-04-30T09:23:15.499+0300][26,348s][info][gc] GC(446) Concurrent evacuation 0,306ms
[2021-04-30T09:23:15.499+0300][26,348s][info][gc] GC(446) Pause Init Update Refs 0,004ms
[2021-04-30T09:23:15.511+0300][26,360s][info][gc] GC(446) Concurrent update references 12,042ms
[2021-04-30T09:23:15.511+0300][26,361s][info][gc] GC(446) Pause Final Update Refs 0,125ms
[2021-04-30T09:23:15.511+0300][26,361s][info][gc] GC(446) Concurrent cleanup 116M->105M(128M) 0,047ms
[2021-04-30T09:23:15.515+0300][26,364s][info][gc] Trigger: Average GC time (22,85 ms) is above the time for allocation rate (360 MB/s) to deplete free headroom (7585K)
[2021-04-30T09:23:15.515+0300][26,364s][info][gc] GC(447) Concurrent reset 0,236ms
[2021-04-30T09:23:15.515+0300][26,365s][info][gc] GC(447) Pause Init Mark 0,308ms
[2021-04-30T09:23:15.529+0300][26,378s][info][gc] GC(447) Concurrent marking 13,092ms
[2021-04-30T09:23:15.529+0300][26,378s][info][gc] GC(447) Pause Final Mark 0,349ms
[2021-04-30T09:23:15.529+0300][26,378s][info][gc] GC(447) Concurrent cleanup 109M->109M(128M) 0,040ms
[2021-04-30T09:23:15.529+0300][26,379s][info][gc] GC(447) Concurrent evacuation 0,142ms
[2021-04-30T09:23:15.529+0300][26,379s][info][gc] GC(447) Pause Init Update Refs 0,007ms
[2021-04-30T09:23:15.540+0300][26,389s][info][gc] GC(447) Concurrent update references 10,647ms
[2021-04-30T09:23:15.540+0300][26,390s][info][gc] GC(447) Pause Final Update Refs 0,087ms
[2021-04-30T09:23:15.540+0300][26,390s][info][gc] GC(447) Concurrent cleanup 115M->104M(128M) 0,042ms
[2021-04-30T09:23:15.551+0300][26,401s][info][gc] Trigger: Average GC time (23,92 ms) is above the time for allocation rate (301 MB/s) to deplete free headroom (7073K)
[2021-04-30T09:23:15.552+0300][26,401s][info][gc] GC(448) Concurrent reset 0,210ms
[2021-04-30T09:23:15.552+0300][26,401s][info][gc] GC(448) Pause Init Mark 0,199ms
[2021-04-30T09:23:15.565+0300][26,414s][info][gc] GC(448) Concurrent marking 13,049ms
[2021-04-30T09:23:15.565+0300][26,415s][info][gc] GC(448) Pause Final Mark 0,326ms
[2021-04-30T09:23:15.565+0300][26,415s][info][gc] GC(448) Concurrent cleanup 109M->109M(128M) 0,038ms
[2021-04-30T09:23:15.566+0300][26,415s][info][gc] GC(448) Concurrent evacuation 0,133ms
[2021-04-30T09:23:15.566+0300][26,415s][info][gc] GC(448) Pause Init Update Refs 0,004ms
[2021-04-30T09:23:15.578+0300][26,428s][info][gc] GC(448) Concurrent update references 12,344ms
[2021-04-30T09:23:15.578+0300][26,428s][info][gc] GC(448) Pause Final Update Refs 0,077ms
[2021-04-30T09:23:15.579+0300][26,428s][info][gc] GC(448) Concurrent cleanup 113M->102M(128M) 0,042ms
[2021-04-30T09:23:15.589+0300][26,439s][info][gc] Trigger: Average GC time (25,40 ms) is above the time for allocation rate (302 MB/s) to deplete free headroom (6819K)
[2021-04-30T09:23:15.590+0300][26,439s][info][gc] GC(449) Concurrent reset 0,160ms
[2021-04-30T09:23:15.590+0300][26,439s][info][gc] GC(449) Pause Init Mark 0,227ms
[2021-04-30T09:23:15.608+0300][26,458s][info][gc] GC(449) Concurrent marking 18,224ms
[2021-04-30T09:23:15.609+0300][26,458s][info][gc] GC(449) Pause Final Mark 0,456ms
[2021-04-30T09:23:15.609+0300][26,459s][info][gc] GC(449) Concurrent cleanup 109M->109M(128M) 0,151ms
[2021-04-30T09:23:15.610+0300][26,459s][info][gc] GC(449) Concurrent evacuation 0,469ms
[2021-04-30T09:23:15.610+0300][26,459s][info][gc] GC(449) Pause Init Update Refs 0,006ms
[2021-04-30T09:23:15.622+0300][26,472s][info][gc] GC(449) Concurrent update references 12,306ms
[2021-04-30T09:23:15.622+0300][26,472s][info][gc] GC(449) Pause Final Update Refs 0,131ms
[2021-04-30T09:23:15.623+0300][26,472s][info][gc] GC(449) Concurrent cleanup 116M->105M(128M) 0,041ms
[2021-04-30T09:23:15.625+0300][26,474s][info][gc] Trigger: Average GC time (27,54 ms) is above the time for allocation rate (282 MB/s) to deplete free headroom (7841K)
[2021-04-30T09:23:15.625+0300][26,474s][info][gc] GC(450) Concurrent reset 0,145ms
[2021-04-30T09:23:15.625+0300][26,475s][info][gc] GC(450) Pause Init Mark (process weakrefs) 0,179ms
[2021-04-30T09:23:15.638+0300][26,487s][info][gc] GC(450) Concurrent marking (process weakrefs) 12,571ms
[2021-04-30T09:23:15.638+0300][26,488s][info][gc] GC(450) Concurrent precleaning 0,086ms
[2021-04-30T09:23:15.639+0300][26,488s][info][gc] GC(450) Pause Final Mark (process weakrefs) 0,640ms
[2021-04-30T09:23:15.639+0300][26,489s][info][gc] GC(450) Concurrent cleanup 109M->109M(128M) 0,046ms
[2021-04-30T09:23:15.639+0300][26,489s][info][gc] GC(450) Concurrent evacuation 0,208ms
[2021-04-30T09:23:15.640+0300][26,489s][info][gc] GC(450) Pause Init Update Refs 0,023ms
[2021-04-30T09:23:15.647+0300][26,496s][info][gc] GC(450) Concurrent update references 7,166ms
[2021-04-30T09:23:15.647+0300][26,497s][info][gc] GC(450) Pause Final Update Refs 0,175ms
[2021-04-30T09:23:15.647+0300][26,497s][info][gc] GC(450) Concurrent cleanup 113M->103M(128M) 0,041ms
[2021-04-30T09:23:15.652+0300][26,501s][info][gc] Trigger: Average GC time (27,06 ms) is above the time for allocation rate (335 MB/s) to deplete free headroom (8609K)
[2021-04-30T09:23:15.652+0300][26,501s][info][gc] GC(451) Concurrent reset 0,121ms
[2021-04-30T09:23:15.652+0300][26,502s][info][gc] GC(451) Pause Init Mark 0,294ms
[2021-04-30T09:23:15.664+0300][26,514s][info][gc] GC(451) Concurrent marking 11,880ms
[2021-04-30T09:23:15.665+0300][26,514s][info][gc] GC(451) Pause Final Mark 0,475ms
[2021-04-30T09:23:15.665+0300][26,515s][info][gc] GC(451) Concurrent cleanup 108M->108M(128M) 0,037ms
[2021-04-30T09:23:15.665+0300][26,515s][info][gc] GC(451) Concurrent evacuation 0,102ms
[2021-04-30T09:23:15.665+0300][26,515s][info][gc] GC(451) Pause Init Update Refs 0,005ms
[2021-04-30T09:23:15.672+0300][26,522s][info][gc] GC(451) Concurrent update references 6,998ms
[2021-04-30T09:23:15.673+0300][26,522s][info][gc] GC(451) Pause Final Update Refs 0,110ms
[2021-04-30T09:23:15.673+0300][26,522s][info][gc] GC(451) Concurrent cleanup 112M->102M(128M) 0,038ms
[2021-04-30T09:23:15.678+0300][26,528s][info][gc] Trigger: Average GC time (25,94 ms) is above the time for allocation rate (341 MB/s) to deplete free headroom (8609K)
[2021-04-30T09:23:15.678+0300][26,528s][info][gc] GC(452) Concurrent reset 0,161ms
[2021-04-30T09:23:15.679+0300][26,529s][info][gc] GC(452) Pause Init Mark 0,711ms
[2021-04-30T09:23:15.691+0300][26,541s][info][gc] GC(452) Concurrent marking 11,653ms
[2021-04-30T09:23:15.692+0300][26,541s][info][gc] GC(452) Pause Final Mark 0,602ms
[2021-04-30T09:23:15.692+0300][26,541s][info][gc] GC(452) Concurrent cleanup 108M->108M(128M) 0,038ms
[2021-04-30T09:23:15.692+0300][26,542s][info][gc] GC(452) Concurrent evacuation 0,093ms
[2021-04-30T09:23:15.692+0300][26,542s][info][gc] GC(452) Pause Init Update Refs 0,004ms
[2021-04-30T09:23:15.699+0300][26,549s][info][gc] GC(452) Concurrent update references 6,720ms
[2021-04-30T09:23:15.699+0300][26,549s][info][gc] GC(452) Pause Final Update Refs 0,191ms
[2021-04-30T09:23:15.700+0300][26,549s][info][gc] GC(452) Concurrent cleanup 112M->103M(128M) 0,040ms
[2021-04-30T09:23:15.706+0300][26,556s][info][gc] Trigger: Average GC time (25,08 ms) is above the time for allocation rate (337 MB/s) to deplete free headroom (7907K)
[2021-04-30T09:23:15.707+0300][26,556s][info][gc] GC(453) Concurrent reset 0,145ms
[2021-04-30T09:23:15.707+0300][26,557s][info][gc] GC(453) Pause Init Mark 0,199ms
[2021-04-30T09:23:15.720+0300][26,569s][info][gc] GC(453) Concurrent marking 12,885ms
[2021-04-30T09:23:15.721+0300][26,570s][info][gc] GC(453) Pause Final Mark 0,515ms
[2021-04-30T09:23:15.721+0300][26,570s][info][gc] GC(453) Concurrent cleanup 109M->109M(128M) 0,045ms
[2021-04-30T09:23:15.721+0300][26,570s][info][gc] GC(453) Concurrent evacuation 0,164ms
[2021-04-30T09:23:15.721+0300][26,571s][info][gc] GC(453) Pause Init Update Refs 0,004ms
[2021-04-30T09:23:15.729+0300][26,578s][info][gc] GC(453) Concurrent update references 7,855ms
[2021-04-30T09:23:15.729+0300][26,579s][info][gc] GC(453) Pause Final Update Refs 0,092ms
[2021-04-30T09:23:15.729+0300][26,579s][info][gc] GC(453) Concurrent cleanup 113M->103M(128M) 0,041ms
[2021-04-30T09:23:15.735+0300][26,584s][info][gc] Trigger: Average GC time (24,21 ms) is above the time for allocation rate (335 MB/s) to deplete free headroom (7653K)
[2021-04-30T09:23:15.735+0300][26,584s][info][gc] GC(454) Concurrent reset 0,137ms
[2021-04-30T09:23:15.735+0300][26,585s][info][gc] GC(454) Pause Init Mark 0,151ms
[2021-04-30T09:23:15.749+0300][26,598s][info][gc] GC(454) Concurrent marking 13,104ms
[2021-04-30T09:23:15.749+0300][26,598s][info][gc] GC(454) Pause Final Mark 0,400ms
[2021-04-30T09:23:15.749+0300][26,599s][info][gc] GC(454) Concurrent cleanup 109M->109M(128M) 0,037ms
[2021-04-30T09:23:15.749+0300][26,599s][info][gc] GC(454) Concurrent evacuation 0,202ms
[2021-04-30T09:23:15.749+0300][26,599s][info][gc] GC(454) Pause Init Update Refs 0,004ms
[2021-04-30T09:23:15.758+0300][26,607s][info][gc] GC(454) Concurrent update references 8,503ms
[2021-04-30T09:23:15.758+0300][26,608s][info][gc] GC(454) Pause Final Update Refs 0,090ms
[2021-04-30T09:23:15.759+0300][26,608s][info][gc] GC(454) Concurrent cleanup 113M->103M(128M) 0,040ms
[2021-04-30T09:23:15.768+0300][26,618s][info][gc] Trigger: Free (12669K) is below minimum threshold (13107K)
[2021-04-30T09:23:15.769+0300][26,618s][info][gc] GC(455) Concurrent reset 0,204ms
[2021-04-30T09:23:15.769+0300][26,619s][info][gc] GC(455) Pause Init Mark (process weakrefs) 0,282ms
[2021-04-30T09:23:15.787+0300][26,637s][info][gc] GC(455) Concurrent marking (process weakrefs) 17,976ms
[2021-04-30T09:23:15.787+0300][26,637s][info][gc] GC(455) Concurrent precleaning 0,129ms
[2021-04-30T09:23:15.788+0300][26,637s][info][gc] GC(455) Pause Final Mark (process weakrefs) 0,378ms
[2021-04-30T09:23:15.788+0300][26,637s][info][gc] GC(455) Concurrent cleanup 110M->110M(128M) 0,038ms
[2021-04-30T09:23:15.788+0300][26,638s][info][gc] GC(455) Concurrent evacuation 0,131ms
[2021-04-30T09:23:15.788+0300][26,638s][info][gc] GC(455) Pause Init Update Refs 0,006ms
[2021-04-30T09:23:15.796+0300][26,645s][info][gc] GC(455) Concurrent update references 7,195ms
[2021-04-30T09:23:15.796+0300][26,645s][info][gc] GC(455) Pause Final Update Refs 0,220ms
[2021-04-30T09:23:15.796+0300][26,646s][info][gc] GC(455) Concurrent cleanup 114M->103M(128M) 0,051ms
[2021-04-30T09:23:15.807+0300][26,656s][info][gc] Trigger: Free (12669K) is below minimum threshold (13107K)
[2021-04-30T09:23:15.807+0300][26,657s][info][gc] GC(456) Concurrent reset 0,136ms
[2021-04-30T09:23:15.807+0300][26,657s][info][gc] GC(456) Pause Init Mark 0,178ms
[2021-04-30T09:23:15.821+0300][26,671s][info][gc] GC(456) Concurrent marking 13,616ms
[2021-04-30T09:23:15.822+0300][26,671s][info][gc] GC(456) Pause Final Mark 0,432ms
[2021-04-30T09:23:15.822+0300][26,671s][info][gc] GC(456) Concurrent cleanup 110M->110M(128M) 0,039ms
[2021-04-30T09:23:15.822+0300][26,671s][info][gc] GC(456) Concurrent evacuation 0,117ms
[2021-04-30T09:23:15.822+0300][26,671s][info][gc] GC(456) Pause Init Update Refs 0,006ms
[2021-04-30T09:23:15.831+0300][26,680s][info][gc] GC(456) Concurrent update references 8,575ms
[2021-04-30T09:23:15.831+0300][26,680s][info][gc] GC(456) Pause Final Update Refs 0,087ms
[2021-04-30T09:23:15.831+0300][26,680s][info][gc] GC(456) Concurrent cleanup 114M->103M(128M) 0,042ms
[2021-04-30T09:23:15.840+0300][26,689s][info][gc] Trigger: Average GC time (23,93 ms) is above the time for allocation rate (306 MB/s) to deplete free headroom (6627K)
[2021-04-30T09:23:15.840+0300][26,689s][info][gc] GC(457) Concurrent reset 0,169ms
[2021-04-30T09:23:15.840+0300][26,690s][info][gc] GC(457) Pause Init Mark 0,195ms
[2021-04-30T09:23:15.852+0300][26,701s][info][gc] GC(457) Concurrent marking 11,707ms
[2021-04-30T09:23:15.853+0300][26,702s][info][gc] GC(457) Pause Final Mark 0,377ms
[2021-04-30T09:23:15.853+0300][26,702s][info][gc] GC(457) Concurrent cleanup 110M->110M(128M) 0,038ms
[2021-04-30T09:23:15.853+0300][26,702s][info][gc] GC(457) Concurrent evacuation 0,118ms
[2021-04-30T09:23:15.853+0300][26,702s][info][gc] GC(457) Pause Init Update Refs 0,004ms
[2021-04-30T09:23:15.860+0300][26,710s][info][gc] GC(457) Concurrent update references 6,999ms
[2021-04-30T09:23:15.861+0300][26,710s][info][gc] GC(457) Pause Final Update Refs 0,093ms
[2021-04-30T09:23:15.861+0300][26,710s][info][gc] GC(457) Concurrent cleanup 114M->104M(128M) 0,040ms
[2021-04-30T09:23:15.865+0300][26,715s][info][gc] Trigger: Average GC time (23,87 ms) is above the time for allocation rate (335 MB/s) to deplete free headroom (7909K)
[2021-04-30T09:23:15.865+0300][26,715s][info][gc] GC(458) Concurrent reset 0,121ms
[2021-04-30T09:23:15.866+0300][26,715s][info][gc] GC(458) Pause Init Mark 0,158ms
[2021-04-30T09:23:15.877+0300][26,727s][info][gc] GC(458) Concurrent marking 11,504ms
[2021-04-30T09:23:15.878+0300][26,727s][info][gc] GC(458) Pause Final Mark 0,433ms
[2021-04-30T09:23:15.878+0300][26,727s][info][gc] GC(458) Concurrent cleanup 108M->109M(128M) 0,037ms
[2021-04-30T09:23:15.878+0300][26,728s][info][gc] GC(458) Concurrent evacuation 0,082ms
[2021-04-30T09:23:15.878+0300][26,728s][info][gc] GC(458) Pause Init Update Refs 0,022ms
[2021-04-30T09:23:15.885+0300][26,735s][info][gc] GC(458) Concurrent update references 6,924ms
[2021-04-30T09:23:15.886+0300][26,735s][info][gc] GC(458) Pause Final Update Refs 0,097ms
[2021-04-30T09:23:15.886+0300][26,735s][info][gc] GC(458) Concurrent cleanup 112M->104M(128M) 0,040ms
[2021-04-30T09:23:15.890+0300][26,740s][info][gc] Trigger: Average GC time (23,44 ms) is above the time for allocation rate (339 MB/s) to deplete free headroom (7911K)
[2021-04-30T09:23:15.890+0300][26,740s][info][gc] GC(459) Concurrent reset 0,120ms
[2021-04-30T09:23:15.891+0300][26,740s][info][gc] GC(459) Pause Init Mark 0,157ms
[2021-04-30T09:23:15.902+0300][26,752s][info][gc] GC(459) Concurrent marking 11,568ms
[2021-04-30T09:23:15.903+0300][26,752s][info][gc] GC(459) Pause Final Mark 0,287ms
[2021-04-30T09:23:15.903+0300][26,752s][info][gc] GC(459) Concurrent cleanup 109M->109M(128M) 0,037ms
[2021-04-30T09:23:15.903+0300][26,753s][info][gc] GC(459) Concurrent evacuation 0,127ms
[2021-04-30T09:23:15.903+0300][26,753s][info][gc] GC(459) Pause Init Update Refs 0,005ms
[2021-04-30T09:23:15.910+0300][26,760s][info][gc] GC(459) Concurrent update references 7,069ms
[2021-04-30T09:23:15.911+0300][26,760s][info][gc] GC(459) Pause Final Update Refs 0,095ms
[2021-04-30T09:23:15.911+0300][26,760s][info][gc] GC(459) Concurrent cleanup 113M->105M(128M) 0,040ms
[2021-04-30T09:23:15.915+0300][26,765s][info][gc] Trigger: Average GC time (22,85 ms) is above the time for allocation rate (350 MB/s) to deplete free headroom (7141K)
[2021-04-30T09:23:15.915+0300][26,765s][info][gc] GC(460) Concurrent reset 0,124ms
[2021-04-30T09:23:15.916+0300][26,765s][info][gc] GC(460) Pause Init Mark (process weakrefs) 0,158ms
[2021-04-30T09:23:15.928+0300][26,777s][info][gc] GC(460) Concurrent marking (process weakrefs) 12,048ms
[2021-04-30T09:23:15.928+0300][26,778s][info][gc] GC(460) Concurrent precleaning 0,134ms
[2021-04-30T09:23:15.929+0300][26,778s][info][gc] GC(460) Pause Final Mark (process weakrefs) 0,335ms
[2021-04-30T09:23:15.929+0300][26,778s][info][gc] GC(460) Concurrent cleanup 109M->109M(128M) 0,037ms
[2021-04-30T09:23:15.929+0300][26,778s][info][gc] GC(460) Concurrent evacuation 0,142ms
[2021-04-30T09:23:15.929+0300][26,778s][info][gc] GC(460) Pause Init Update Refs 0,005ms
[2021-04-30T09:23:15.936+0300][26,785s][info][gc] GC(460) Concurrent update references 6,626ms
[2021-04-30T09:23:15.937+0300][26,787s][info][gc] GC(460) Pause Final Update Refs 0,281ms
[2021-04-30T09:23:15.937+0300][26,787s][info][gc] GC(460) Concurrent cleanup 113M->104M(128M) 0,043ms
[2021-04-30T09:23:15.946+0300][26,796s][info][gc] Trigger: Free (12927K) is below minimum threshold (13107K)
[2021-04-30T09:23:15.946+0300][26,796s][info][gc] GC(461) Concurrent reset 0,202ms
[2021-04-30T09:23:15.947+0300][26,796s][info][gc] GC(461) Pause Init Mark 0,151ms
[2021-04-30T09:23:15.959+0300][26,808s][info][gc] GC(461) Concurrent marking 12,134ms
[2021-04-30T09:23:15.959+0300][26,809s][info][gc] GC(461) Pause Final Mark 0,334ms
[2021-04-30T09:23:15.959+0300][26,809s][info][gc] GC(461) Concurrent cleanup 110M->110M(128M) 0,040ms
[2021-04-30T09:23:15.960+0300][26,809s][info][gc] GC(461) Concurrent evacuation 0,119ms
[2021-04-30T09:23:15.960+0300][26,809s][info][gc] GC(461) Pause Init Update Refs 0,005ms
[2021-04-30T09:23:15.972+0300][26,821s][info][gc] GC(461) Concurrent update references 11,901ms
[2021-04-30T09:23:15.972+0300][26,821s][info][gc] GC(461) Pause Final Update Refs 0,059ms
[2021-04-30T09:23:15.972+0300][26,821s][info][gc] GC(461) Concurrent cleanup 118M->108M(128M) 0,040ms
[2021-04-30T09:23:15.973+0300][26,823s][info][gc] Trigger: Free (12417K) is below minimum threshold (13107K)
[2021-04-30T09:23:15.973+0300][26,823s][info][gc] GC(462) Concurrent reset 0,108ms
[2021-04-30T09:23:15.974+0300][26,823s][info][gc] GC(462) Pause Init Mark 0,147ms
[2021-04-30T09:23:15.987+0300][26,836s][info][gc] GC(462) Concurrent marking 13,031ms
[2021-04-30T09:23:15.987+0300][26,837s][info][gc] GC(462) Pause Final Mark 0,339ms
[2021-04-30T09:23:15.987+0300][26,837s][info][gc] GC(462) Concurrent cleanup 110M->110M(128M) 0,037ms
[2021-04-30T09:23:15.987+0300][26,837s][info][gc] GC(462) Concurrent evacuation 0,161ms
[2021-04-30T09:23:15.988+0300][26,837s][info][gc] GC(462) Pause Init Update Refs 0,005ms
[2021-04-30T09:23:15.995+0300][26,844s][info][gc] GC(462) Concurrent update references 7,028ms
[2021-04-30T09:23:15.995+0300][26,844s][info][gc] GC(462) Pause Final Update Refs 0,077ms
[2021-04-30T09:23:15.995+0300][26,844s][info][gc] GC(462) Concurrent cleanup 113M->104M(128M) 0,040ms
[2021-04-30T09:23:16.001+0300][26,851s][info][gc] Trigger: Free (12927K) is below minimum threshold (13107K)
[2021-04-30T09:23:16.002+0300][26,851s][info][gc] GC(463) Concurrent reset 0,125ms
[2021-04-30T09:23:16.002+0300][26,852s][info][gc] GC(463) Pause Init Mark 0,309ms
[2021-04-30T09:23:16.015+0300][26,865s][info][gc] GC(463) Concurrent marking 13,120ms
[2021-04-30T09:23:16.016+0300][26,866s][info][gc] GC(463) Pause Final Mark 0,404ms
[2021-04-30T09:23:16.016+0300][26,866s][info][gc] GC(463) Concurrent cleanup 110M->110M(128M) 0,038ms
[2021-04-30T09:23:16.016+0300][26,866s][info][gc] GC(463) Concurrent evacuation 0,173ms
[2021-04-30T09:23:16.017+0300][26,866s][info][gc] GC(463) Pause Init Update Refs 0,021ms
[2021-04-30T09:23:16.024+0300][26,873s][info][gc] GC(463) Concurrent update references 6,791ms
[2021-04-30T09:23:16.024+0300][26,873s][info][gc] GC(463) Pause Final Update Refs 0,146ms
[2021-04-30T09:23:16.024+0300][26,874s][info][gc] GC(463) Concurrent cleanup 115M->105M(128M) 0,049ms
[2021-04-30T09:23:16.031+0300][26,880s][info][gc] Trigger: Free (12673K) is below minimum threshold (13107K)
[2021-04-30T09:23:16.031+0300][26,880s][info][gc] GC(464) Concurrent reset 0,200ms
[2021-04-30T09:23:16.031+0300][26,881s][info][gc] GC(464) Pause Init Mark 0,205ms
[2021-04-30T09:23:16.046+0300][26,895s][info][gc] GC(464) Concurrent marking 14,458ms
[2021-04-30T09:23:16.046+0300][26,896s][info][gc] GC(464) Pause Final Mark 0,267ms
[2021-04-30T09:23:16.046+0300][26,896s][info][gc] GC(464) Concurrent cleanup 110M->110M(128M) 0,042ms
[2021-04-30T09:23:16.047+0300][26,896s][info][gc] GC(464) Concurrent evacuation 0,112ms
[2021-04-30T09:23:16.047+0300][26,896s][info][gc] GC(464) Pause Init Update Refs 0,005ms
[2021-04-30T09:23:16.055+0300][26,904s][info][gc] GC(464) Concurrent update references 8,290ms
[2021-04-30T09:23:16.055+0300][26,905s][info][gc] GC(464) Pause Final Update Refs 0,112ms
[2021-04-30T09:23:16.055+0300][26,905s][info][gc] GC(464) Concurrent cleanup 114M->105M(128M) 0,049ms
[2021-04-30T09:23:16.059+0300][26,908s][info][gc] Trigger: Average GC time (23,44 ms) is above the time for allocation rate (295 MB/s) to deplete free headroom (6954K)
[2021-04-30T09:23:16.059+0300][26,908s][info][gc] GC(465) Concurrent reset 0,160ms
[2021-04-30T09:23:16.059+0300][26,909s][info][gc] GC(465) Pause Init Mark (process weakrefs) 0,158ms
[2021-04-30T09:23:16.073+0300][26,923s][info][gc] GC(465) Concurrent marking (process weakrefs) 14,049ms
[2021-04-30T09:23:16.073+0300][26,923s][info][gc] GC(465) Concurrent precleaning 0,144ms
[2021-04-30T09:23:16.074+0300][26,923s][info][gc] GC(465) Pause Final Mark (process weakrefs) 0,353ms
[2021-04-30T09:23:16.074+0300][26,924s][info][gc] GC(465) Concurrent cleanup 110M->110M(128M) 0,038ms
[2021-04-30T09:23:16.074+0300][26,924s][info][gc] GC(465) Concurrent evacuation 0,116ms
[2021-04-30T09:23:16.074+0300][26,924s][info][gc] GC(465) Pause Init Update Refs 0,004ms
[2021-04-30T09:23:16.083+0300][26,932s][info][gc] GC(465) Concurrent update references 8,059ms
[2021-04-30T09:23:16.083+0300][26,932s][info][gc] GC(465) Pause Final Update Refs 0,096ms
[2021-04-30T09:23:16.083+0300][26,932s][info][gc] GC(465) Concurrent cleanup 113M->105M(128M) 0,044ms
[2021-04-30T09:23:16.087+0300][26,937s][info][gc] Trigger: Free (13062K) is below minimum threshold (13107K)
[2021-04-30T09:23:16.087+0300][26,937s][info][gc] GC(466) Concurrent reset 0,162ms
[2021-04-30T09:23:16.088+0300][26,937s][info][gc] GC(466) Pause Init Mark 0,149ms
[2021-04-30T09:23:16.102+0300][26,951s][info][gc] GC(466) Concurrent marking 14,088ms
[2021-04-30T09:23:16.102+0300][26,952s][info][gc] GC(466) Pause Final Mark 0,286ms
[2021-04-30T09:23:16.102+0300][26,952s][info][gc] GC(466) Concurrent cleanup 110M->110M(128M) 0,041ms
[2021-04-30T09:23:16.103+0300][26,952s][info][gc] GC(466) Concurrent evacuation 0,119ms
[2021-04-30T09:23:16.103+0300][26,952s][info][gc] GC(466) Pause Init Update Refs 0,004ms
[2021-04-30T09:23:16.115+0300][26,965s][info][gc] GC(466) Concurrent update references 12,273ms
[2021-04-30T09:23:16.115+0300][26,965s][info][gc] GC(466) Pause Final Update Refs 0,088ms
[2021-04-30T09:23:16.115+0300][26,965s][info][gc] GC(466) Concurrent cleanup 115M->107M(128M) 0,043ms
[2021-04-30T09:23:16.118+0300][26,968s][info][gc] Trigger: Average GC time (24,32 ms) is above the time for allocation rate (272 MB/s) to deplete free headroom (6575K)
[2021-04-30T09:23:16.119+0300][26,968s][info][gc] GC(467) Concurrent reset 0,142ms
[2021-04-30T09:23:16.119+0300][26,968s][info][gc] GC(467) Pause Init Mark 0,164ms
[2021-04-30T09:23:16.133+0300][26,982s][info][gc] GC(467) Concurrent marking 13,494ms
[2021-04-30T09:23:16.133+0300][26,982s][info][gc] GC(467) Pause Final Mark 0,368ms
[2021-04-30T09:23:16.133+0300][26,983s][info][gc] GC(467) Concurrent cleanup 109M->109M(128M) 0,045ms
[2021-04-30T09:23:16.133+0300][26,983s][info][gc] GC(467) Concurrent evacuation 0,152ms
[2021-04-30T09:23:16.133+0300][26,983s][info][gc] GC(467) Pause Init Update Refs 0,023ms
[2021-04-30T09:23:16.145+0300][26,995s][info][gc] GC(467) Concurrent update references 11,884ms
[2021-04-30T09:23:16.146+0300][26,995s][info][gc] GC(467) Pause Final Update Refs 0,121ms
[2021-04-30T09:23:16.146+0300][26,995s][info][gc] GC(467) Concurrent cleanup 116M->108M(128M) 0,041ms
[2021-04-30T09:23:16.147+0300][26,997s][info][gc] Trigger: Free (12427K) is below minimum threshold (13107K)
[2021-04-30T09:23:16.147+0300][26,997s][info][gc] GC(468) Concurrent reset 0,126ms
[2021-04-30T09:23:16.148+0300][26,997s][info][gc] GC(468) Pause Init Mark 0,281ms
[2021-04-30T09:23:16.160+0300][27,009s][info][gc] GC(468) Concurrent marking 11,804ms
[2021-04-30T09:23:16.160+0300][27,010s][info][gc] GC(468) Pause Final Mark 0,364ms
[2021-04-30T09:23:16.160+0300][27,010s][info][gc] GC(468) Concurrent cleanup 110M->111M(128M) 0,042ms
[2021-04-30T09:23:16.160+0300][27,010s][info][gc] GC(468) Concurrent evacuation 0,102ms
[2021-04-30T09:23:16.161+0300][27,010s][info][gc] GC(468) Pause Init Update Refs 0,004ms
[2021-04-30T09:23:16.168+0300][27,017s][info][gc] GC(468) Concurrent update references 6,882ms
[2021-04-30T09:23:16.168+0300][27,017s][info][gc] GC(468) Pause Final Update Refs 0,113ms
[2021-04-30T09:23:16.168+0300][27,018s][info][gc] GC(468) Concurrent cleanup 115M->106M(128M) 0,264ms
[2021-04-30T09:23:16.171+0300][27,020s][info][gc] Trigger: Average GC time (25,16 ms) is above the time for allocation rate (321 MB/s) to deplete free headroom (7155K)
[2021-04-30T09:23:16.171+0300][27,020s][info][gc] GC(469) Concurrent reset 0,150ms
[2021-04-30T09:23:16.171+0300][27,020s][info][gc] GC(469) Pause Init Mark 0,159ms
[2021-04-30T09:23:16.183+0300][27,032s][info][gc] GC(469) Concurrent marking 11,883ms
[2021-04-30T09:23:16.184+0300][27,033s][info][gc] GC(469) Pause Final Mark 0,619ms
[2021-04-30T09:23:16.184+0300][27,033s][info][gc] GC(469) Concurrent cleanup 109M->110M(128M) 0,038ms
[2021-04-30T09:23:16.184+0300][27,034s][info][gc] GC(469) Concurrent evacuation 0,118ms
[2021-04-30T09:23:16.184+0300][27,034s][info][gc] GC(469) Pause Init Update Refs 0,006ms
[2021-04-30T09:23:16.191+0300][27,041s][info][gc] GC(469) Concurrent update references 6,988ms
[2021-04-30T09:23:16.192+0300][27,041s][info][gc] GC(469) Pause Final Update Refs 0,174ms
[2021-04-30T09:23:16.192+0300][27,041s][info][gc] GC(469) Concurrent cleanup 114M->106M(128M) 0,040ms
[2021-04-30T09:23:16.194+0300][27,044s][info][gc] Trigger: Average GC time (24,53 ms) is above the time for allocation rate (317 MB/s) to deplete free headroom (6897K)
[2021-04-30T09:23:16.194+0300][27,044s][info][gc] GC(470) Concurrent reset 0,118ms
[2021-04-30T09:23:16.195+0300][27,044s][info][gc] GC(470) Pause Init Mark (process weakrefs) 0,270ms
[2021-04-30T09:23:16.207+0300][27,057s][info][gc] GC(470) Concurrent marking (process weakrefs) 12,136ms
[2021-04-30T09:23:16.207+0300][27,057s][info][gc] GC(470) Concurrent precleaning 0,102ms
[2021-04-30T09:23:16.208+0300][27,057s][info][gc] GC(470) Pause Final Mark (process weakrefs) 0,345ms
[2021-04-30T09:23:16.208+0300][27,057s][info][gc] GC(470) Concurrent cleanup 109M->109M(128M) 0,036ms
[2021-04-30T09:23:16.208+0300][27,057s][info][gc] GC(470) Concurrent evacuation 0,069ms
[2021-04-30T09:23:16.208+0300][27,057s][info][gc] GC(470) Pause Init Update Refs 0,005ms
[2021-04-30T09:23:16.217+0300][27,067s][info][gc] GC(470) Concurrent update references 9,039ms
[2021-04-30T09:23:16.217+0300][27,067s][info][gc] GC(470) Pause Final Update Refs 0,105ms
[2021-04-30T09:23:16.217+0300][27,067s][info][gc] GC(470) Concurrent cleanup 113M->106M(128M) 0,044ms
[2021-04-30T09:23:16.224+0300][27,074s][info][gc] Trigger: Free (12494K) is below minimum threshold (13107K)
[2021-04-30T09:23:16.224+0300][27,074s][info][gc] GC(471) Concurrent reset 0,116ms
[2021-04-30T09:23:16.225+0300][27,074s][info][gc] GC(471) Pause Init Mark 0,326ms
[2021-04-30T09:23:16.239+0300][27,089s][info][gc] GC(471) Concurrent marking 14,317ms
[2021-04-30T09:23:16.240+0300][27,089s][info][gc] GC(471) Pause Final Mark 0,414ms
[2021-04-30T09:23:16.240+0300][27,090s][info][gc] GC(471) Concurrent cleanup 111M->111M(128M) 0,052ms
[2021-04-30T09:23:16.240+0300][27,090s][info][gc] GC(471) Concurrent evacuation 0,126ms
[2021-04-30T09:23:16.240+0300][27,090s][info][gc] GC(471) Pause Init Update Refs 0,004ms
[2021-04-30T09:23:16.251+0300][27,100s][info][gc] GC(471) Concurrent update references 10,508ms
[2021-04-30T09:23:16.251+0300][27,100s][info][gc] GC(471) Pause Final Update Refs 0,073ms
[2021-04-30T09:23:16.251+0300][27,101s][info][gc] GC(471) Concurrent cleanup 114M->106M(128M) 0,041ms
[2021-04-30T09:23:16.254+0300][27,104s][info][gc] Trigger: Free (13008K) is below minimum threshold (13107K)
[2021-04-30T09:23:16.255+0300][27,104s][info][gc] GC(472) Concurrent reset 0,156ms
[2021-04-30T09:23:16.255+0300][27,104s][info][gc] GC(472) Pause Init Mark 0,189ms
[2021-04-30T09:23:16.269+0300][27,119s][info][gc] GC(472) Concurrent marking 13,912ms
[2021-04-30T09:23:16.270+0300][27,119s][info][gc] GC(472) Pause Final Mark 0,536ms
[2021-04-30T09:23:16.270+0300][27,119s][info][gc] GC(472) Concurrent cleanup 110M->110M(128M) 0,040ms
[2021-04-30T09:23:16.270+0300][27,120s][info][gc] GC(472) Concurrent evacuation 0,148ms
[2021-04-30T09:23:16.270+0300][27,120s][info][gc] GC(472) Pause Init Update Refs 0,005ms
[2021-04-30T09:23:16.277+0300][27,127s][info][gc] GC(472) Concurrent update references 7,007ms
[2021-04-30T09:23:16.278+0300][27,127s][info][gc] GC(472) Pause Final Update Refs 0,116ms
[2021-04-30T09:23:16.278+0300][27,127s][info][gc] GC(472) Concurrent cleanup 111M->103M(128M) 0,039ms
[2021-04-30T09:23:16.288+0300][27,137s][info][gc] Trigger: Free (12750K) is below minimum threshold (13107K)
[2021-04-30T09:23:16.288+0300][27,137s][info][gc] GC(473) Concurrent reset 0,125ms
[2021-04-30T09:23:16.288+0300][27,138s][info][gc] GC(473) Pause Init Mark 0,174ms
[2021-04-30T09:23:16.301+0300][27,151s][info][gc] GC(473) Concurrent marking 13,171ms
[2021-04-30T09:23:16.302+0300][27,151s][info][gc] GC(473) Pause Final Mark 0,389ms
[2021-04-30T09:23:16.302+0300][27,151s][info][gc] GC(473) Concurrent cleanup 110M->110M(128M) 0,038ms
[2021-04-30T09:23:16.302+0300][27,152s][info][gc] GC(473) Concurrent evacuation 0,120ms
[2021-04-30T09:23:16.302+0300][27,152s][info][gc] GC(473) Pause Init Update Refs 0,006ms
[2021-04-30T09:23:16.311+0300][27,160s][info][gc] GC(473) Concurrent update references 8,669ms
[2021-04-30T09:23:16.311+0300][27,161s][info][gc] GC(473) Pause Final Update Refs 0,115ms
[2021-04-30T09:23:16.311+0300][27,161s][info][gc] GC(473) Concurrent cleanup 115M->107M(128M) 0,040ms
[2021-04-30T09:23:16.314+0300][27,163s][info][gc] Trigger: Free (12816K) is below minimum threshold (13107K)
[2021-04-30T09:23:16.314+0300][27,163s][info][gc] GC(474) Concurrent reset 0,138ms
[2021-04-30T09:23:16.314+0300][27,164s][info][gc] GC(474) Pause Init Mark 0,182ms
[2021-04-30T09:23:16.326+0300][27,176s][info][gc] GC(474) Concurrent marking 12,118ms
[2021-04-30T09:23:16.327+0300][27,176s][info][gc] GC(474) Pause Final Mark 0,282ms
[2021-04-30T09:23:16.327+0300][27,176s][info][gc] GC(474) Concurrent cleanup 110M->110M(128M) 0,039ms
[2021-04-30T09:23:16.327+0300][27,176s][info][gc] GC(474) Concurrent evacuation 0,072ms
[2021-04-30T09:23:16.327+0300][27,177s][info][gc] GC(474) Pause Init Update Refs 0,004ms
[2021-04-30T09:23:16.334+0300][27,184s][info][gc] GC(474) Concurrent update references 7,101ms
[2021-04-30T09:23:16.335+0300][27,184s][info][gc] GC(474) Pause Final Update Refs 0,190ms
[2021-04-30T09:23:16.335+0300][27,184s][info][gc] GC(474) Concurrent cleanup 114M->106M(128M) 0,040ms
[2021-04-30T09:23:16.337+0300][27,187s][info][gc] Trigger: Average GC time (23,76 ms) is above the time for allocation rate (300 MB/s) to deplete free headroom (6585K)
[2021-04-30T09:23:16.337+0300][27,187s][info][gc] GC(475) Concurrent reset 0,117ms
[2021-04-30T09:23:16.338+0300][27,187s][info][gc] GC(475) Pause Init Mark (process weakrefs) 0,296ms
[2021-04-30T09:23:16.350+0300][27,199s][info][gc] GC(475) Concurrent marking (process weakrefs) 12,106ms
[2021-04-30T09:23:16.350+0300][27,199s][info][gc] GC(475) Concurrent precleaning 0,075ms
[2021-04-30T09:23:16.351+0300][27,200s][info][gc] GC(475) Pause Final Mark (process weakrefs) 0,570ms
[2021-04-30T09:23:16.351+0300][27,200s][info][gc] GC(475) Concurrent cleanup 110M->110M(128M) 0,039ms
[2021-04-30T09:23:16.351+0300][27,200s][info][gc] GC(475) Concurrent evacuation 0,130ms
[2021-04-30T09:23:16.351+0300][27,201s][info][gc] GC(475) Pause Init Update Refs 0,005ms
[2021-04-30T09:23:16.358+0300][27,208s][info][gc] GC(475) Concurrent update references 7,137ms
[2021-04-30T09:23:16.359+0300][27,208s][info][gc] GC(475) Pause Final Update Refs 0,069ms
[2021-04-30T09:23:16.359+0300][27,208s][info][gc] GC(475) Concurrent cleanup 114M->107M(128M) 0,041ms
[2021-04-30T09:23:16.361+0300][27,210s][info][gc] Trigger: Free (13072K) is below minimum threshold (13107K)
[2021-04-30T09:23:16.361+0300][27,211s][info][gc] GC(476) Concurrent reset 0,167ms
[2021-04-30T09:23:16.362+0300][27,211s][info][gc] GC(476) Pause Init Mark 0,146ms
[2021-04-30T09:23:16.374+0300][27,224s][info][gc] GC(476) Concurrent marking 12,459ms
[2021-04-30T09:23:16.375+0300][27,224s][info][gc] GC(476) Pause Final Mark 0,377ms
[2021-04-30T09:23:16.375+0300][27,224s][info][gc] GC(476) Concurrent cleanup 110M->110M(128M) 0,038ms
[2021-04-30T09:23:16.375+0300][27,224s][info][gc] GC(476) Concurrent evacuation 0,077ms
[2021-04-30T09:23:16.375+0300][27,224s][info][gc] GC(476) Pause Init Update Refs 0,004ms
[2021-04-30T09:23:16.384+0300][27,234s][info][gc] GC(476) Concurrent update references 9,445ms
[2021-04-30T09:23:16.385+0300][27,234s][info][gc] GC(476) Pause Final Update Refs 0,205ms
[2021-04-30T09:23:16.385+0300][27,235s][info][gc] GC(476) Concurrent cleanup 113M->106M(128M) 0,049ms
[2021-04-30T09:23:16.388+0300][27,238s][info][gc] Trigger: Free (12691K) is below minimum threshold (13107K)
[2021-04-30T09:23:16.388+0300][27,238s][info][gc] GC(477) Concurrent reset 0,113ms
[2021-04-30T09:23:16.389+0300][27,238s][info][gc] GC(477) Pause Init Mark 0,237ms
[2021-04-30T09:23:16.401+0300][27,251s][info][gc] GC(477) Concurrent marking 12,065ms
[2021-04-30T09:23:16.402+0300][27,251s][info][gc] GC(477) Pause Final Mark 0,515ms
[2021-04-30T09:23:16.402+0300][27,251s][info][gc] GC(477) Concurrent cleanup 110M->110M(128M) 0,037ms
[2021-04-30T09:23:16.402+0300][27,252s][info][gc] GC(477) Concurrent evacuation 0,121ms
[2021-04-30T09:23:16.402+0300][27,252s][info][gc] GC(477) Pause Init Update Refs 0,005ms
[2021-04-30T09:23:16.410+0300][27,259s][info][gc] GC(477) Concurrent update references 7,283ms
[2021-04-30T09:23:16.410+0300][27,259s][info][gc] GC(477) Pause Final Update Refs 0,156ms
[2021-04-30T09:23:16.410+0300][27,260s][info][gc] GC(477) Concurrent cleanup 114M->106M(128M) 0,049ms
[2021-04-30T09:23:16.413+0300][27,263s][info][gc] Trigger: Free (12566K) is below minimum threshold (13107K)
[2021-04-30T09:23:16.414+0300][27,263s][info][gc] GC(478) Concurrent reset 0,131ms
[2021-04-30T09:23:16.414+0300][27,263s][info][gc] GC(478) Pause Init Mark 0,249ms
[2021-04-30T09:23:16.427+0300][27,276s][info][gc] GC(478) Concurrent marking 12,866ms
[2021-04-30T09:23:16.428+0300][27,277s][info][gc] GC(478) Pause Final Mark 0,490ms
[2021-04-30T09:23:16.428+0300][27,277s][info][gc] GC(478) Concurrent cleanup 110M->110M(128M) 0,037ms
[2021-04-30T09:23:16.428+0300][27,277s][info][gc] GC(478) Concurrent evacuation 0,084ms
[2021-04-30T09:23:16.428+0300][27,277s][info][gc] GC(478) Pause Init Update Refs 0,004ms
[2021-04-30T09:23:16.435+0300][27,285s][info][gc] GC(478) Concurrent update references 7,065ms
[2021-04-30T09:23:16.435+0300][27,285s][info][gc] GC(478) Pause Final Update Refs 0,109ms
[2021-04-30T09:23:16.435+0300][27,285s][info][gc] GC(478) Concurrent cleanup 114M->107M(128M) 0,041ms
[2021-04-30T09:23:16.438+0300][27,287s][info][gc] Trigger: Free (12633K) is below minimum threshold (13107K)
[2021-04-30T09:23:16.438+0300][27,287s][info][gc] GC(479) Concurrent reset 0,118ms
[2021-04-30T09:23:16.438+0300][27,288s][info][gc] GC(479) Pause Init Mark 0,208ms
[2021-04-30T09:23:16.453+0300][27,303s][info][gc] GC(479) Concurrent marking 15,071ms
[2021-04-30T09:23:16.454+0300][27,303s][info][gc] GC(479) Pause Final Mark 0,450ms
[2021-04-30T09:23:16.454+0300][27,303s][info][gc] GC(479) Concurrent cleanup 110M->110M(128M) 0,041ms
[2021-04-30T09:23:16.454+0300][27,304s][info][gc] GC(479) Concurrent evacuation 0,136ms
[2021-04-30T09:23:16.454+0300][27,304s][info][gc] GC(479) Pause Init Update Refs 0,004ms
[2021-04-30T09:23:16.467+0300][27,317s][info][gc] GC(479) Concurrent update references 12,899ms
[2021-04-30T09:23:16.468+0300][27,317s][info][gc] GC(479) Pause Final Update Refs 0,128ms
[2021-04-30T09:23:16.468+0300][27,317s][info][gc] GC(479) Concurrent cleanup 118M->110M(128M) 0,043ms
[2021-04-30T09:23:16.469+0300][27,318s][info][gc] Trigger: Free (10727K) is below minimum threshold (13107K)
[2021-04-30T09:23:16.469+0300][27,319s][info][gc] GC(480) Concurrent reset 0,302ms
[2021-04-30T09:23:16.470+0300][27,319s][info][gc] GC(480) Pause Init Mark (process weakrefs) 0,303ms
[2021-04-30T09:23:16.485+0300][27,334s][info][gc] GC(480) Concurrent marking (process weakrefs) 14,896ms
[2021-04-30T09:23:16.485+0300][27,334s][info][gc] GC(480) Concurrent precleaning 0,130ms
[2021-04-30T09:23:16.486+0300][27,335s][info][gc] GC(480) Pause Final Mark (process weakrefs) 0,739ms
[2021-04-30T09:23:16.486+0300][27,335s][info][gc] GC(480) Concurrent cleanup 112M->112M(128M) 0,039ms
[2021-04-30T09:23:16.486+0300][27,335s][info][gc] GC(480) Concurrent evacuation 0,098ms
[2021-04-30T09:23:16.486+0300][27,336s][info][gc] GC(480) Pause Init Update Refs 0,005ms
[2021-04-30T09:23:16.495+0300][27,344s][info][gc] GC(480) Concurrent update references 8,601ms
[2021-04-30T09:23:16.495+0300][27,344s][info][gc] GC(480) Pause Final Update Refs 0,095ms
[2021-04-30T09:23:16.495+0300][27,345s][info][gc] GC(480) Concurrent cleanup 116M->107M(128M) 0,078ms
[2021-04-30T09:23:16.497+0300][27,347s][info][gc] Trigger: Free (12353K) is below minimum threshold (13107K)
[2021-04-30T09:23:16.498+0300][27,347s][info][gc] GC(481) Concurrent reset 0,344ms
[2021-04-30T09:23:16.498+0300][27,348s][info][gc] GC(481) Pause Init Mark 0,245ms
[2021-04-30T09:23:16.515+0300][27,364s][info][gc] GC(481) Concurrent marking 16,497ms
[2021-04-30T09:23:16.515+0300][27,365s][info][gc] GC(481) Pause Final Mark 0,301ms
[2021-04-30T09:23:16.515+0300][27,365s][info][gc] GC(481) Concurrent cleanup 110M->110M(128M) 0,041ms
[2021-04-30T09:23:16.516+0300][27,365s][info][gc] GC(481) Concurrent evacuation 0,175ms
[2021-04-30T09:23:16.516+0300][27,365s][info][gc] GC(481) Pause Init Update Refs 0,003ms
[2021-04-30T09:23:16.525+0300][27,374s][info][gc] GC(481) Concurrent update references 8,842ms
[2021-04-30T09:23:16.525+0300][27,374s][info][gc] GC(481) Pause Final Update Refs 0,083ms
[2021-04-30T09:23:16.525+0300][27,375s][info][gc] GC(481) Concurrent cleanup 114M->106M(128M) 0,059ms
[2021-04-30T09:23:16.528+0300][27,378s][info][gc] Trigger: Free (12566K) is below minimum threshold (13107K)
[2021-04-30T09:23:16.529+0300][27,378s][info][gc] GC(482) Concurrent reset 0,159ms
[2021-04-30T09:23:16.529+0300][27,378s][info][gc] GC(482) Pause Init Mark 0,194ms
[2021-04-30T09:23:16.545+0300][27,394s][info][gc] GC(482) Concurrent marking 15,733ms
[2021-04-30T09:23:16.545+0300][27,395s][info][gc] GC(482) Pause Final Mark 0,329ms
[2021-04-30T09:23:16.545+0300][27,395s][info][gc] GC(482) Concurrent cleanup 111M->111M(128M) 0,042ms
[2021-04-30T09:23:16.545+0300][27,395s][info][gc] GC(482) Concurrent evacuation 0,099ms
[2021-04-30T09:23:16.545+0300][27,395s][info][gc] GC(482) Pause Init Update Refs 0,005ms
[2021-04-30T09:23:16.554+0300][27,403s][info][gc] GC(482) Concurrent update references 8,443ms
[2021-04-30T09:23:16.554+0300][27,404s][info][gc] GC(482) Pause Final Update Refs 0,062ms
[2021-04-30T09:23:16.554+0300][27,404s][info][gc] GC(482) Concurrent cleanup 116M->110M(128M) 0,041ms
[2021-04-30T09:23:16.555+0300][27,405s][info][gc] Trigger: Free (11562K) is below minimum threshold (13107K)
[2021-04-30T09:23:16.556+0300][27,405s][info][gc] GC(483) Concurrent reset 0,233ms
[2021-04-30T09:23:16.556+0300][27,406s][info][gc] GC(483) Pause Init Mark 0,215ms
[2021-04-30T09:23:16.569+0300][27,418s][info][gc] GC(483) Concurrent marking 12,602ms
[2021-04-30T09:23:16.569+0300][27,419s][info][gc] GC(483) Pause Final Mark 0,350ms
[2021-04-30T09:23:16.569+0300][27,419s][info][gc] GC(483) Concurrent cleanup 111M->111M(128M) 0,038ms
[2021-04-30T09:23:16.569+0300][27,419s][info][gc] GC(483) Concurrent evacuation 0,083ms
[2021-04-30T09:23:16.570+0300][27,419s][info][gc] GC(483) Pause Init Update Refs 0,006ms
[2021-04-30T09:23:16.578+0300][27,428s][info][gc] GC(483) Concurrent update references 8,713ms
[2021-04-30T09:23:16.579+0300][27,428s][info][gc] GC(483) Pause Final Update Refs 0,103ms
[2021-04-30T09:23:16.579+0300][27,428s][info][gc] GC(483) Concurrent cleanup 115M->107M(128M) 0,040ms
[2021-04-30T09:23:16.580+0300][27,429s][info][gc] Trigger: Free (13067K) is below minimum threshold (13107K)
[2021-04-30T09:23:16.580+0300][27,429s][info][gc] GC(484) Concurrent reset 0,126ms
[2021-04-30T09:23:16.580+0300][27,430s][info][gc] GC(484) Pause Init Mark 0,229ms
[2021-04-30T09:23:16.597+0300][27,446s][info][gc] GC(484) Concurrent marking 16,653ms
[2021-04-30T09:23:16.598+0300][27,448s][info][gc] GC(484) Pause Final Mark 0,785ms
[2021-04-30T09:23:16.598+0300][27,448s][info][gc] GC(484) Concurrent cleanup 110M->110M(128M) 0,045ms
[2021-04-30T09:23:16.598+0300][27,448s][info][gc] GC(484) Concurrent evacuation 0,100ms
[2021-04-30T09:23:16.599+0300][27,448s][info][gc] GC(484) Pause Init Update Refs 0,005ms
[2021-04-30T09:23:16.606+0300][27,456s][info][gc] GC(484) Concurrent update references 7,483ms
[2021-04-30T09:23:16.606+0300][27,456s][info][gc] GC(484) Pause Final Update Refs 0,066ms
[2021-04-30T09:23:16.606+0300][27,456s][info][gc] GC(484) Concurrent cleanup 115M->109M(128M) 0,051ms
[2021-04-30T09:23:16.608+0300][27,457s][info][gc] Trigger: Free (11550K) is below minimum threshold (13107K)
[2021-04-30T09:23:16.608+0300][27,457s][info][gc] GC(485) Concurrent reset 0,130ms
[2021-04-30T09:23:16.608+0300][27,458s][info][gc] GC(485) Pause Init Mark (process weakrefs) 0,154ms
[2021-04-30T09:23:16.622+0300][27,471s][info][gc] GC(485) Concurrent marking (process weakrefs) 13,378ms
[2021-04-30T09:23:16.622+0300][27,471s][info][gc] GC(485) Concurrent precleaning 0,159ms
[2021-04-30T09:23:16.622+0300][27,472s][info][gc] GC(485) Pause Final Mark (process weakrefs) 0,379ms
[2021-04-30T09:23:16.623+0300][27,472s][info][gc] GC(485) Concurrent cleanup 111M->111M(128M) 0,041ms
[2021-04-30T09:23:16.623+0300][27,472s][info][gc] GC(485) Concurrent evacuation 0,330ms
[2021-04-30T09:23:16.623+0300][27,473s][info][gc] GC(485) Pause Init Update Refs 0,006ms
[2021-04-30T09:23:16.631+0300][27,480s][info][gc] GC(485) Concurrent update references 7,823ms
[2021-04-30T09:23:16.631+0300][27,481s][info][gc] GC(485) Pause Final Update Refs 0,099ms
[2021-04-30T09:23:16.631+0300][27,481s][info][gc] GC(485) Concurrent cleanup 116M->108M(128M) 0,049ms
[2021-04-30T09:23:16.633+0300][27,482s][info][gc] Trigger: Free (12018K) is below minimum threshold (13107K)
[2021-04-30T09:23:16.633+0300][27,482s][info][gc] GC(486) Concurrent reset 0,206ms
[2021-04-30T09:23:16.633+0300][27,483s][info][gc] GC(486) Pause Init Mark 0,277ms
[2021-04-30T09:23:16.647+0300][27,496s][info][gc] GC(486) Concurrent marking 13,541ms
[2021-04-30T09:23:16.648+0300][27,497s][info][gc] GC(486) Pause Final Mark 0,851ms
[2021-04-30T09:23:16.648+0300][27,498s][info][gc] GC(486) Concurrent cleanup 111M->111M(128M) 0,089ms
[2021-04-30T09:23:16.648+0300][27,498s][info][gc] GC(486) Concurrent evacuation 0,225ms
[2021-04-30T09:23:16.649+0300][27,498s][info][gc] GC(486) Pause Init Update Refs 0,008ms
[2021-04-30T09:23:16.661+0300][27,511s][info][gc] GC(486) Concurrent update references 12,556ms
[2021-04-30T09:23:16.662+0300][27,511s][info][gc] GC(486) Pause Final Update Refs 0,101ms
[2021-04-30T09:23:16.662+0300][27,511s][info][gc] GC(486) Concurrent cleanup 118M->111M(128M) 0,051ms
[2021-04-30T09:23:16.663+0300][27,512s][info][gc] Trigger: Free (10090K) is below minimum threshold (13107K)
[2021-04-30T09:23:16.663+0300][27,512s][info][gc] GC(487) Concurrent reset 0,148ms
[2021-04-30T09:23:16.663+0300][27,513s][info][gc] GC(487) Pause Init Mark 0,168ms
[2021-04-30T09:23:16.677+0300][27,527s][info][gc] GC(487) Concurrent marking 13,883ms
[2021-04-30T09:23:16.678+0300][27,527s][info][gc] GC(487) Pause Final Mark 0,380ms
[2021-04-30T09:23:16.678+0300][27,527s][info][gc] GC(487) Concurrent cleanup 113M->113M(128M) 0,037ms
[2021-04-30T09:23:16.678+0300][27,527s][info][gc] GC(487) Concurrent evacuation 0,088ms
[2021-04-30T09:23:16.678+0300][27,528s][info][gc] GC(487) Pause Init Update Refs 0,006ms
[2021-04-30T09:23:16.686+0300][27,536s][info][gc] GC(487) Concurrent update references 8,068ms
[2021-04-30T09:23:16.687+0300][27,536s][info][gc] GC(487) Pause Final Update Refs 0,088ms
[2021-04-30T09:23:16.687+0300][27,536s][info][gc] GC(487) Concurrent cleanup 118M->109M(128M) 0,042ms
[2021-04-30T09:23:16.688+0300][27,537s][info][gc] Trigger: Free (11732K) is below minimum threshold (13107K)
[2021-04-30T09:23:16.688+0300][27,538s][info][gc] GC(488) Concurrent reset 0,242ms
[2021-04-30T09:23:16.689+0300][27,538s][info][gc] GC(488) Pause Init Mark 0,286ms
[2021-04-30T09:23:16.703+0300][27,552s][info][gc] GC(488) Concurrent marking 13,963ms
[2021-04-30T09:23:16.703+0300][27,553s][info][gc] GC(488) Pause Final Mark 0,377ms
[2021-04-30T09:23:16.703+0300][27,553s][info][gc] GC(488) Concurrent cleanup 111M->111M(128M) 0,039ms
[2021-04-30T09:23:16.703+0300][27,553s][info][gc] GC(488) Concurrent evacuation 0,077ms
[2021-04-30T09:23:16.704+0300][27,553s][info][gc] GC(488) Pause Init Update Refs 0,004ms
[2021-04-30T09:23:16.711+0300][27,560s][info][gc] GC(488) Concurrent update references 7,435ms
[2021-04-30T09:23:16.711+0300][27,561s][info][gc] GC(488) Pause Final Update Refs 0,063ms
[2021-04-30T09:23:16.711+0300][27,561s][info][gc] GC(488) Concurrent cleanup 116M->109M(128M) 0,038ms
[2021-04-30T09:23:16.713+0300][27,562s][info][gc] Trigger: Free (11045K) is below minimum threshold (13107K)
[2021-04-30T09:23:16.713+0300][27,562s][info][gc] GC(489) Concurrent reset 0,220ms
[2021-04-30T09:23:16.713+0300][27,563s][info][gc] GC(489) Pause Init Mark 0,222ms
[2021-04-30T09:23:16.726+0300][27,575s][info][gc] GC(489) Concurrent marking 12,675ms
[2021-04-30T09:23:16.726+0300][27,576s][info][gc] GC(489) Pause Final Mark 0,352ms
[2021-04-30T09:23:16.726+0300][27,576s][info][gc] GC(489) Concurrent cleanup 111M->111M(128M) 0,036ms
[2021-04-30T09:23:16.727+0300][27,576s][info][gc] GC(489) Concurrent evacuation 0,085ms
[2021-04-30T09:23:16.727+0300][27,576s][info][gc] GC(489) Pause Init Update Refs 0,005ms
[2021-04-30T09:23:16.739+0300][27,588s][info][gc] GC(489) Concurrent update references 12,089ms
[2021-04-30T09:23:16.739+0300][27,588s][info][gc] GC(489) Pause Final Update Refs 0,063ms
[2021-04-30T09:23:16.739+0300][27,589s][info][gc] GC(489) Concurrent cleanup 118M->111M(128M) 0,040ms
[2021-04-30T09:23:16.740+0300][27,590s][info][gc] Trigger: Free (8937K) is below minimum threshold (13107K)
[2021-04-30T09:23:16.740+0300][27,590s][info][gc] GC(490) Concurrent reset 0,162ms
[2021-04-30T09:23:16.741+0300][27,590s][info][gc] GC(490) Pause Init Mark (process weakrefs) 0,149ms
[2021-04-30T09:23:16.753+0300][27,602s][info][gc] GC(490) Concurrent marking (process weakrefs) 11,835ms
[2021-04-30T09:23:16.753+0300][27,602s][info][gc] GC(490) Concurrent precleaning 0,101ms
[2021-04-30T09:23:16.753+0300][27,603s][info][gc] GC(490) Pause Final Mark (process weakrefs) 0,435ms
[2021-04-30T09:23:16.753+0300][27,603s][info][gc] GC(490) Concurrent cleanup 113M->113M(128M) 0,042ms
[2021-04-30T09:23:16.754+0300][27,603s][info][gc] GC(490) Concurrent evacuation 0,330ms
[2021-04-30T09:23:16.754+0300][27,603s][info][gc] GC(490) Pause Init Update Refs 0,004ms
[2021-04-30T09:23:16.762+0300][27,611s][info][gc] GC(490) Concurrent update references 7,577ms
[2021-04-30T09:23:16.762+0300][27,611s][info][gc] GC(490) Pause Final Update Refs 0,101ms
[2021-04-30T09:23:16.762+0300][27,612s][info][gc] GC(490) Concurrent cleanup 118M->108M(128M) 0,053ms
[2021-04-30T09:23:16.763+0300][27,613s][info][gc] Trigger: Free (12497K) is below minimum threshold (13107K)
[2021-04-30T09:23:16.764+0300][27,613s][info][gc] GC(491) Concurrent reset 0,113ms
[2021-04-30T09:23:16.764+0300][27,613s][info][gc] GC(491) Pause Init Mark 0,201ms
[2021-04-30T09:23:16.777+0300][27,626s][info][gc] GC(491) Concurrent marking 12,922ms
[2021-04-30T09:23:16.778+0300][27,627s][info][gc] GC(491) Pause Final Mark 0,444ms
[2021-04-30T09:23:16.778+0300][27,627s][info][gc] GC(491) Concurrent cleanup 110M->110M(128M) 0,036ms
[2021-04-30T09:23:16.778+0300][27,627s][info][gc] GC(491) Concurrent evacuation 0,203ms
[2021-04-30T09:23:16.778+0300][27,627s][info][gc] GC(491) Pause Init Update Refs 0,004ms
[2021-04-30T09:23:16.785+0300][27,634s][info][gc] GC(491) Concurrent update references 6,833ms
[2021-04-30T09:23:16.785+0300][27,635s][info][gc] GC(491) Pause Final Update Refs 0,061ms
[2021-04-30T09:23:16.785+0300][27,635s][info][gc] GC(491) Concurrent cleanup 116M->110M(128M) 0,039ms
[2021-04-30T09:23:16.786+0300][27,636s][info][gc] Trigger: Free (11491K) is below minimum threshold (13107K)
[2021-04-30T09:23:16.787+0300][27,636s][info][gc] GC(492) Concurrent reset 0,161ms
[2021-04-30T09:23:16.787+0300][27,637s][info][gc] GC(492) Pause Init Mark 0,175ms
[2021-04-30T09:23:16.799+0300][27,648s][info][gc] GC(492) Concurrent marking 11,801ms
[2021-04-30T09:23:16.799+0300][27,649s][info][gc] GC(492) Pause Final Mark 0,361ms
[2021-04-30T09:23:16.800+0300][27,649s][info][gc] GC(492) Concurrent cleanup 111M->111M(128M) 0,041ms
[2021-04-30T09:23:16.800+0300][27,649s][info][gc] GC(492) Concurrent evacuation 0,140ms
[2021-04-30T09:23:16.800+0300][27,649s][info][gc] GC(492) Pause Init Update Refs 0,021ms
[2021-04-30T09:23:16.807+0300][27,656s][info][gc] GC(492) Concurrent update references 6,962ms
[2021-04-30T09:23:16.807+0300][27,657s][info][gc] GC(492) Pause Final Update Refs 0,081ms
[2021-04-30T09:23:16.807+0300][27,657s][info][gc] GC(492) Concurrent cleanup 116M->110M(128M) 0,056ms
[2021-04-30T09:23:16.808+0300][27,658s][info][gc] Trigger: Free (10668K) is below minimum threshold (13107K)
[2021-04-30T09:23:16.809+0300][27,658s][info][gc] GC(493) Concurrent reset 0,166ms
[2021-04-30T09:23:16.809+0300][27,658s][info][gc] GC(493) Pause Init Mark 0,182ms
[2021-04-30T09:23:16.822+0300][27,671s][info][gc] GC(493) Concurrent marking 12,413ms
[2021-04-30T09:23:16.822+0300][27,672s][info][gc] GC(493) Pause Final Mark 0,367ms
[2021-04-30T09:23:16.822+0300][27,672s][info][gc] GC(493) Concurrent cleanup 112M->112M(128M) 0,038ms
[2021-04-30T09:23:16.822+0300][27,672s][info][gc] GC(493) Concurrent evacuation 0,104ms
[2021-04-30T09:23:16.822+0300][27,672s][info][gc] GC(493) Pause Init Update Refs 0,004ms
[2021-04-30T09:23:16.829+0300][27,679s][info][gc] GC(493) Concurrent update references 6,761ms
[2021-04-30T09:23:16.830+0300][27,679s][info][gc] GC(493) Pause Final Update Refs 0,093ms
[2021-04-30T09:23:16.830+0300][27,679s][info][gc] GC(493) Concurrent cleanup 117M->110M(128M) 0,039ms
[2021-04-30T09:23:16.831+0300][27,680s][info][gc] Trigger: Free (10570K) is below minimum threshold (13107K)
[2021-04-30T09:23:16.831+0300][27,680s][info][gc] GC(494) Concurrent reset 0,120ms
[2021-04-30T09:23:16.831+0300][27,681s][info][gc] GC(494) Pause Init Mark 0,136ms
[2021-04-30T09:23:16.844+0300][27,693s][info][gc] GC(494) Concurrent marking 12,443ms
[2021-04-30T09:23:16.844+0300][27,694s][info][gc] GC(494) Pause Final Mark 0,310ms
[2021-04-30T09:23:16.844+0300][27,694s][info][gc] GC(494) Concurrent cleanup 112M->112M(128M) 0,036ms
[2021-04-30T09:23:16.844+0300][27,694s][info][gc] GC(494) Concurrent evacuation 0,083ms
[2021-04-30T09:23:16.845+0300][27,694s][info][gc] GC(494) Pause Init Update Refs 0,005ms
[2021-04-30T09:23:16.851+0300][27,701s][info][gc] GC(494) Concurrent update references 6,831ms
[2021-04-30T09:23:16.852+0300][27,701s][info][gc] GC(494) Pause Final Update Refs 0,202ms
[2021-04-30T09:23:16.852+0300][27,701s][info][gc] GC(494) Concurrent cleanup 117M->110M(128M) 0,040ms
[2021-04-30T09:23:16.853+0300][27,703s][info][gc] Trigger: Free (10832K) is below minimum threshold (13107K)
[2021-04-30T09:23:16.853+0300][27,703s][info][gc] GC(495) Concurrent reset 0,111ms
[2021-04-30T09:23:16.854+0300][27,703s][info][gc] GC(495) Pause Init Mark (process weakrefs) 0,281ms
[2021-04-30T09:23:16.867+0300][27,717s][info][gc] GC(495) Concurrent marking (process weakrefs) 13,376ms
[2021-04-30T09:23:16.867+0300][27,717s][info][gc] GC(495) Concurrent precleaning 0,072ms
[2021-04-30T09:23:16.868+0300][27,717s][info][gc] GC(495) Pause Final Mark (process weakrefs) 0,425ms
[2021-04-30T09:23:16.868+0300][27,718s][info][gc] GC(495) Concurrent cleanup 111M->112M(128M) 0,039ms
[2021-04-30T09:23:16.868+0300][27,718s][info][gc] GC(495) Concurrent evacuation 0,146ms
[2021-04-30T09:23:16.869+0300][27,718s][info][gc] GC(495) Pause Init Update Refs 0,005ms
[2021-04-30T09:23:16.877+0300][27,727s][info][gc] GC(495) Concurrent update references 8,608ms
[2021-04-30T09:23:16.878+0300][27,727s][info][gc] GC(495) Pause Final Update Refs 0,218ms
[2021-04-30T09:23:16.878+0300][27,727s][info][gc] GC(495) Concurrent cleanup 116M->109M(128M) 0,040ms
[2021-04-30T09:23:16.879+0300][27,728s][info][gc] Trigger: Free (11560K) is below minimum threshold (13107K)
[2021-04-30T09:23:16.879+0300][27,729s][info][gc] GC(496) Concurrent reset 0,116ms
[2021-04-30T09:23:16.880+0300][27,729s][info][gc] GC(496) Pause Init Mark 0,283ms
[2021-04-30T09:23:16.892+0300][27,742s][info][gc] GC(496) Concurrent marking 12,588ms
[2021-04-30T09:23:16.893+0300][27,743s][info][gc] GC(496) Pause Final Mark 0,663ms
[2021-04-30T09:23:16.893+0300][27,743s][info][gc] GC(496) Concurrent cleanup 111M->111M(128M) 0,041ms
[2021-04-30T09:23:16.893+0300][27,743s][info][gc] GC(496) Concurrent evacuation 0,094ms
[2021-04-30T09:23:16.894+0300][27,743s][info][gc] GC(496) Pause Init Update Refs 0,026ms
[2021-04-30T09:23:16.901+0300][27,751s][info][gc] GC(496) Concurrent update references 7,461ms
[2021-04-30T09:23:16.902+0300][27,751s][info][gc] GC(496) Pause Final Update Refs 0,233ms
[2021-04-30T09:23:16.902+0300][27,751s][info][gc] GC(496) Concurrent cleanup 115M->109M(128M) 0,041ms
[2021-04-30T09:23:16.903+0300][27,753s][info][gc] Trigger: Free (11037K) is below minimum threshold (13107K)
[2021-04-30T09:23:16.903+0300][27,753s][info][gc] GC(497) Concurrent reset 0,169ms
[2021-04-30T09:23:16.904+0300][27,753s][info][gc] GC(497) Pause Init Mark 0,232ms
[2021-04-30T09:23:16.923+0300][27,773s][info][gc] GC(497) Concurrent marking 19,548ms
[2021-04-30T09:23:16.924+0300][27,774s][info][gc] GC(497) Pause Final Mark 0,477ms
[2021-04-30T09:23:16.924+0300][27,774s][info][gc] GC(497) Concurrent cleanup 111M->111M(128M) 0,040ms
[2021-04-30T09:23:16.924+0300][27,774s][info][gc] GC(497) Concurrent evacuation 0,177ms
[2021-04-30T09:23:16.925+0300][27,774s][info][gc] GC(497) Pause Init Update Refs 0,004ms
[2021-04-30T09:23:16.932+0300][27,782s][info][gc] GC(497) Concurrent update references 7,555ms
[2021-04-30T09:23:16.933+0300][27,782s][info][gc] GC(497) Pause Final Update Refs 0,150ms
[2021-04-30T09:23:16.933+0300][27,782s][info][gc] GC(497) Concurrent cleanup 113M->107M(128M) 0,051ms
[2021-04-30T09:23:16.938+0300][27,787s][info][gc] Trigger: Free (11834K) is below minimum threshold (13107K)
[2021-04-30T09:23:16.938+0300][27,787s][info][gc] GC(498) Concurrent reset 0,312ms
[2021-04-30T09:23:16.939+0300][27,788s][info][gc] GC(498) Pause Init Mark 0,492ms
[2021-04-30T09:23:16.954+0300][27,803s][info][gc] GC(498) Concurrent marking 14,675ms
[2021-04-30T09:23:16.954+0300][27,804s][info][gc] GC(498) Pause Final Mark 0,363ms
[2021-04-30T09:23:16.954+0300][27,804s][info][gc] GC(498) Concurrent cleanup 111M->111M(128M) 0,040ms
[2021-04-30T09:23:16.954+0300][27,804s][info][gc] GC(498) Concurrent evacuation 0,094ms
[2021-04-30T09:23:16.955+0300][27,804s][info][gc] GC(498) Pause Init Update Refs 0,020ms
[2021-04-30T09:23:16.964+0300][27,814s][info][gc] GC(498) Concurrent update references 9,718ms
[2021-04-30T09:23:16.965+0300][27,814s][info][gc] GC(498) Pause Final Update Refs 0,083ms
[2021-04-30T09:23:16.965+0300][27,814s][info][gc] GC(498) Concurrent cleanup 115M->109M(128M) 0,043ms
[2021-04-30T09:23:16.966+0300][27,815s][info][gc] Trigger: Free (11605K) is below minimum threshold (13107K)
[2021-04-30T09:23:16.966+0300][27,816s][info][gc] GC(499) Concurrent reset 0,131ms
[2021-04-30T09:23:16.966+0300][27,816s][info][gc] GC(499) Pause Init Mark (unload classes) 0,165ms
[2021-04-30T09:23:16.980+0300][27,830s][info][gc] GC(499) Concurrent marking (unload classes) 13,938ms
[2021-04-30T09:23:16.984+0300][27,833s][info][gc] GC(499) Pause Final Mark (unload classes) 3,340ms
[2021-04-30T09:23:16.984+0300][27,834s][info][gc] GC(499) Concurrent cleanup 111M->111M(128M) 0,111ms
[2021-04-30T09:23:16.984+0300][27,834s][info][gc] GC(499) Concurrent evacuation 0,116ms
[2021-04-30T09:23:16.985+0300][27,834s][info][gc] GC(499) Pause Init Update Refs 0,026ms
[2021-04-30T09:23:16.994+0300][27,843s][info][gc] GC(499) Concurrent update references 9,045ms
[2021-04-30T09:23:16.994+0300][27,843s][info][gc] GC(499) Pause Final Update Refs 0,103ms
[2021-04-30T09:23:16.994+0300][27,844s][info][gc] GC(499) Concurrent cleanup 115M->109M(128M) 0,042ms
[2021-04-30T09:23:16.995+0300][27,845s][info][gc] Trigger: Free (10986K) is below minimum threshold (13107K)
[2021-04-30T09:23:16.995+0300][27,845s][info][gc] GC(500) Concurrent reset 0,187ms
[2021-04-30T09:23:16.996+0300][27,845s][info][gc] GC(500) Pause Init Mark (process weakrefs) 0,270ms
[2021-04-30T09:23:17.011+0300][27,860s][info][gc] GC(500) Concurrent marking (process weakrefs) 14,495ms
[2021-04-30T09:23:17.011+0300][27,860s][info][gc] GC(500) Concurrent precleaning 0,110ms
[2021-04-30T09:23:17.011+0300][27,861s][info][gc] GC(500) Pause Final Mark (process weakrefs) 0,383ms
[2021-04-30T09:23:17.011+0300][27,861s][info][gc] GC(500) Concurrent cleanup 111M->111M(128M) 0,039ms
[2021-04-30T09:23:17.012+0300][27,861s][info][gc] GC(500) Concurrent evacuation 0,101ms
[2021-04-30T09:23:17.012+0300][27,861s][info][gc] GC(500) Pause Init Update Refs 0,020ms
[2021-04-30T09:23:17.021+0300][27,870s][info][gc] GC(500) Concurrent update references 9,090ms
[2021-04-30T09:23:17.021+0300][27,871s][info][gc] GC(500) Pause Final Update Refs 0,067ms
[2021-04-30T09:23:17.021+0300][27,871s][info][gc] GC(500) Concurrent cleanup 115M->109M(128M) 0,042ms
[2021-04-30T09:23:17.022+0300][27,872s][info][gc] Trigger: Free (11141K) is below minimum threshold (13107K)
[2021-04-30T09:23:17.023+0300][27,872s][info][gc] GC(501) Concurrent reset 0,139ms
[2021-04-30T09:23:17.023+0300][27,872s][info][gc] GC(501) Pause Init Mark 0,136ms
[2021-04-30T09:23:17.036+0300][27,886s][info][gc] GC(501) Concurrent marking 13,197ms
[2021-04-30T09:23:17.037+0300][27,886s][info][gc] GC(501) Pause Final Mark 0,339ms
[2021-04-30T09:23:17.037+0300][27,886s][info][gc] GC(501) Concurrent cleanup 112M->112M(128M) 0,039ms
[2021-04-30T09:23:17.037+0300][27,886s][info][gc] GC(501) Concurrent evacuation 0,126ms
[2021-04-30T09:23:17.037+0300][27,886s][info][gc] GC(501) Pause Init Update Refs 0,025ms
[2021-04-30T09:23:17.044+0300][27,894s][info][gc] GC(501) Concurrent update references 7,284ms
[2021-04-30T09:23:17.045+0300][27,894s][info][gc] GC(501) Pause Final Update Refs 0,095ms
[2021-04-30T09:23:17.045+0300][27,894s][info][gc] GC(501) Concurrent cleanup 115M->109M(128M) 0,039ms
[2021-04-30T09:23:17.046+0300][27,895s][info][gc] Trigger: Free (10754K) is below minimum threshold (13107K)
[2021-04-30T09:23:17.046+0300][27,896s][info][gc] GC(502) Concurrent reset 0,126ms
[2021-04-30T09:23:17.046+0300][27,896s][info][gc] GC(502) Pause Init Mark 0,156ms
[2021-04-30T09:23:17.059+0300][27,909s][info][gc] GC(502) Concurrent marking 12,487ms
[2021-04-30T09:23:17.060+0300][27,909s][info][gc] GC(502) Pause Final Mark 0,494ms
[2021-04-30T09:23:17.060+0300][27,909s][info][gc] GC(502) Concurrent cleanup 111M->111M(128M) 0,039ms
[2021-04-30T09:23:17.060+0300][27,909s][info][gc] GC(502) Concurrent evacuation 0,082ms
[2021-04-30T09:23:17.060+0300][27,910s][info][gc] GC(502) Pause Init Update Refs 0,005ms
[2021-04-30T09:23:17.068+0300][27,917s][info][gc] GC(502) Concurrent update references 7,215ms
[2021-04-30T09:23:17.068+0300][27,917s][info][gc] GC(502) Pause Final Update Refs 0,092ms
[2021-04-30T09:23:17.068+0300][27,917s][info][gc] GC(502) Concurrent cleanup 115M->110M(128M) 0,039ms
[2021-04-30T09:23:17.069+0300][27,919s][info][gc] Trigger: Free (10826K) is below minimum threshold (13107K)
[2021-04-30T09:23:17.069+0300][27,919s][info][gc] GC(503) Concurrent reset 0,185ms
[2021-04-30T09:23:17.070+0300][27,919s][info][gc] GC(503) Pause Init Mark 0,158ms
[2021-04-30T09:23:17.082+0300][27,932s][info][gc] GC(503) Concurrent marking 12,230ms
[2021-04-30T09:23:17.083+0300][27,932s][info][gc] GC(503) Pause Final Mark 0,436ms
[2021-04-30T09:23:17.083+0300][27,932s][info][gc] GC(503) Concurrent cleanup 112M->112M(128M) 0,038ms
[2021-04-30T09:23:17.083+0300][27,932s][info][gc] GC(503) Concurrent evacuation 0,110ms
[2021-04-30T09:23:17.083+0300][27,933s][info][gc] GC(503) Pause Init Update Refs 0,005ms
[2021-04-30T09:23:17.090+0300][27,940s][info][gc] GC(503) Concurrent update references 7,252ms
[2021-04-30T09:23:17.091+0300][27,940s][info][gc] GC(503) Pause Final Update Refs 0,077ms
[2021-04-30T09:23:17.091+0300][27,940s][info][gc] GC(503) Concurrent cleanup 116M->110M(128M) 0,039ms
[2021-04-30T09:23:17.092+0300][27,941s][info][gc] Trigger: Free (10000K) is below minimum threshold (13107K)
[2021-04-30T09:23:17.092+0300][27,942s][info][gc] GC(504) Concurrent reset 0,124ms
[2021-04-30T09:23:17.093+0300][27,942s][info][gc] GC(504) Pause Init Mark 0,155ms
[2021-04-30T09:23:17.105+0300][27,954s][info][gc] GC(504) Concurrent marking 12,055ms
[2021-04-30T09:23:17.105+0300][27,955s][info][gc] GC(504) Pause Final Mark 0,368ms
[2021-04-30T09:23:17.105+0300][27,955s][info][gc] GC(504) Concurrent cleanup 112M->112M(128M) 0,037ms
[2021-04-30T09:23:17.105+0300][27,955s][info][gc] GC(504) Concurrent evacuation 0,184ms
[2021-04-30T09:23:17.106+0300][27,955s][info][gc] GC(504) Pause Init Update Refs 0,003ms
[2021-04-30T09:23:17.113+0300][27,963s][info][gc] GC(504) Concurrent update references 7,617ms
[2021-04-30T09:23:17.114+0300][27,963s][info][gc] GC(504) Pause Final Update Refs 0,188ms
[2021-04-30T09:23:17.114+0300][27,963s][info][gc] GC(504) Concurrent cleanup 117M->110M(128M) 0,041ms
[2021-04-30T09:23:17.115+0300][27,964s][info][gc] Trigger: Free (9767K) is below minimum threshold (13107K)
[2021-04-30T09:23:17.115+0300][27,964s][info][gc] GC(505) Concurrent reset 0,146ms
[2021-04-30T09:23:17.115+0300][27,965s][info][gc] GC(505) Pause Init Mark (process weakrefs) 0,139ms
[2021-04-30T09:23:17.134+0300][27,983s][info][gc] GC(505) Concurrent marking (process weakrefs) 18,679ms
[2021-04-30T09:23:17.134+0300][27,984s][info][gc] GC(505) Concurrent precleaning 0,160ms
[2021-04-30T09:23:17.135+0300][27,984s][info][gc] GC(505) Pause Final Mark (process weakrefs) 0,403ms
[2021-04-30T09:23:17.135+0300][27,984s][info][gc] GC(505) Concurrent cleanup 112M->113M(128M) 0,047ms
[2021-04-30T09:23:17.135+0300][27,985s][info][gc] GC(505) Concurrent evacuation 0,217ms
[2021-04-30T09:23:17.135+0300][27,985s][info][gc] GC(505) Pause Init Update Refs 0,022ms
[2021-04-30T09:23:17.143+0300][27,992s][info][gc] GC(505) Concurrent update references 7,274ms
[2021-04-30T09:23:17.143+0300][27,993s][info][gc] GC(505) Pause Final Update Refs 0,120ms
[2021-04-30T09:23:17.143+0300][27,993s][info][gc] GC(505) Concurrent cleanup 117M->110M(128M) 0,042ms
[2021-04-30T09:23:17.144+0300][27,994s][info][gc] Trigger: Free (10160K) is below minimum threshold (13107K)
[2021-04-30T09:23:17.145+0300][27,994s][info][gc] GC(506) Concurrent reset 0,371ms
[2021-04-30T09:23:17.145+0300][27,995s][info][gc] GC(506) Pause Init Mark 0,319ms
[2021-04-30T09:23:17.160+0300][28,010s][info][gc] GC(506) Concurrent marking 14,484ms
[2021-04-30T09:23:17.161+0300][28,010s][info][gc] GC(506) Pause Final Mark 0,386ms
[2021-04-30T09:23:17.161+0300][28,010s][info][gc] GC(506) Concurrent cleanup 112M->112M(128M) 0,039ms
[2021-04-30T09:23:17.161+0300][28,010s][info][gc] GC(506) Concurrent evacuation 0,099ms
[2021-04-30T09:23:17.161+0300][28,010s][info][gc] GC(506) Pause Init Update Refs 0,004ms
[2021-04-30T09:23:17.169+0300][28,019s][info][gc] GC(506) Concurrent update references 8,422ms
[2021-04-30T09:23:17.170+0300][28,019s][info][gc] GC(506) Pause Final Update Refs 0,110ms
[2021-04-30T09:23:17.170+0300][28,019s][info][gc] GC(506) Concurrent cleanup 115M->109M(128M) 0,040ms
[2021-04-30T09:23:17.171+0300][28,020s][info][gc] Trigger: Free (11691K) is below minimum threshold (13107K)
[2021-04-30T09:23:17.171+0300][28,021s][info][gc] GC(507) Concurrent reset 0,281ms
[2021-04-30T09:23:17.172+0300][28,021s][info][gc] GC(507) Pause Init Mark 0,248ms
[2021-04-30T09:23:17.185+0300][28,035s][info][gc] GC(507) Concurrent marking 13,365ms
[2021-04-30T09:23:17.186+0300][28,035s][info][gc] GC(507) Pause Final Mark 0,664ms
[2021-04-30T09:23:17.186+0300][28,036s][info][gc] GC(507) Concurrent cleanup 111M->111M(128M) 0,046ms
[2021-04-30T09:23:17.187+0300][28,037s][info][gc] GC(507) Concurrent evacuation 1,135ms
[2021-04-30T09:23:17.188+0300][28,037s][info][gc] GC(507) Pause Init Update Refs 0,011ms
[2021-04-30T09:23:17.198+0300][28,047s][info][gc] GC(507) Concurrent update references 9,950ms
[2021-04-30T09:23:17.198+0300][28,047s][info][gc] GC(507) Pause Final Update Refs 0,209ms
[2021-04-30T09:23:17.198+0300][28,048s][info][gc] GC(507) Concurrent cleanup 118M->110M(128M) 0,048ms
[2021-04-30T09:23:17.199+0300][28,049s][info][gc] Trigger: Free (9957K) is below minimum threshold (13107K)
[2021-04-30T09:23:17.200+0300][28,049s][info][gc] GC(508) Concurrent reset 0,183ms
[2021-04-30T09:23:17.200+0300][28,049s][info][gc] GC(508) Pause Init Mark 0,269ms
[2021-04-30T09:23:17.213+0300][28,063s][info][gc] GC(508) Concurrent marking 13,129ms
[2021-04-30T09:23:17.214+0300][28,063s][info][gc] GC(508) Pause Final Mark 0,453ms
[2021-04-30T09:23:17.214+0300][28,063s][info][gc] GC(508) Concurrent cleanup 112M->113M(128M) 0,039ms
[2021-04-30T09:23:17.214+0300][28,063s][info][gc] GC(508) Concurrent evacuation 0,156ms
[2021-04-30T09:23:17.214+0300][28,064s][info][gc] GC(508) Pause Init Update Refs 0,005ms
[2021-04-30T09:23:17.222+0300][28,072s][info][gc] GC(508) Concurrent update references 8,230ms
[2021-04-30T09:23:17.223+0300][28,072s][info][gc] GC(508) Pause Final Update Refs 0,056ms
[2021-04-30T09:23:17.223+0300][28,072s][info][gc] GC(508) Concurrent cleanup 117M->110M(128M) 0,038ms
[2021-04-30T09:23:17.224+0300][28,073s][info][gc] Trigger: Free (9991K) is below minimum threshold (13107K)
[2021-04-30T09:23:17.224+0300][28,073s][info][gc] GC(509) Concurrent reset 0,114ms
[2021-04-30T09:23:17.224+0300][28,074s][info][gc] GC(509) Pause Init Mark 0,175ms
[2021-04-30T09:23:17.237+0300][28,086s][info][gc] GC(509) Concurrent marking 12,405ms
[2021-04-30T09:23:17.237+0300][28,087s][info][gc] GC(509) Pause Final Mark 0,582ms
[2021-04-30T09:23:17.238+0300][28,087s][info][gc] GC(509) Concurrent cleanup 113M->113M(128M) 0,037ms
[2021-04-30T09:23:17.238+0300][28,088s][info][gc] GC(509) Concurrent evacuation 0,765ms
[2021-04-30T09:23:17.238+0300][28,088s][info][gc] GC(509) Pause Init Update Refs 0,004ms
[2021-04-30T09:23:17.247+0300][28,097s][info][gc] GC(509) Concurrent update references 8,579ms
[2021-04-30T09:23:17.247+0300][28,097s][info][gc] GC(509) Pause Final Update Refs 0,095ms
[2021-04-30T09:23:17.248+0300][28,097s][info][gc] GC(509) Concurrent cleanup 120M->112M(128M) 0,040ms
[2021-04-30T09:23:17.249+0300][28,098s][info][gc] Trigger: Free (8487K) is below minimum threshold (13107K)
[2021-04-30T09:23:17.249+0300][28,098s][info][gc] GC(510) Concurrent reset 0,118ms
[2021-04-30T09:23:17.249+0300][28,099s][info][gc] GC(510) Pause Init Mark (process weakrefs) 0,146ms
[2021-04-30T09:23:17.261+0300][28,111s][info][gc] GC(510) Concurrent marking (process weakrefs) 12,062ms
[2021-04-30T09:23:17.261+0300][28,111s][info][gc] GC(510) Concurrent precleaning 0,103ms
[2021-04-30T09:23:17.262+0300][28,112s][info][gc] GC(510) Pause Final Mark (process weakrefs) 0,611ms
[2021-04-30T09:23:17.262+0300][28,112s][info][gc] GC(510) Concurrent cleanup 114M->114M(128M) 0,036ms
[2021-04-30T09:23:17.263+0300][28,112s][info][gc] GC(510) Concurrent evacuation 0,235ms
[2021-04-30T09:23:17.263+0300][28,112s][info][gc] GC(510) Pause Init Update Refs 0,021ms
[2021-04-30T09:23:17.270+0300][28,120s][info][gc] GC(510) Concurrent update references 7,200ms
[2021-04-30T09:23:17.270+0300][28,120s][info][gc] GC(510) Pause Final Update Refs 0,086ms
[2021-04-30T09:23:17.271+0300][28,120s][info][gc] GC(510) Concurrent cleanup 118M->110M(128M) 0,043ms
[2021-04-30T09:23:17.272+0300][28,121s][info][gc] Trigger: Free (10143K) is below minimum threshold (13107K)
[2021-04-30T09:23:17.272+0300][28,121s][info][gc] GC(511) Concurrent reset 0,123ms
[2021-04-30T09:23:17.272+0300][28,122s][info][gc] GC(511) Pause Init Mark 0,301ms
[2021-04-30T09:23:17.286+0300][28,135s][info][gc] GC(511) Concurrent marking 13,260ms
[2021-04-30T09:23:17.286+0300][28,136s][info][gc] GC(511) Pause Final Mark 0,406ms
[2021-04-30T09:23:17.286+0300][28,136s][info][gc] GC(511) Concurrent cleanup 112M->112M(128M) 0,043ms
[2021-04-30T09:23:17.287+0300][28,137s][info][gc] GC(511) Concurrent evacuation 1,102ms
[2021-04-30T09:23:17.288+0300][28,137s][info][gc] GC(511) Pause Init Update Refs 0,006ms
[2021-04-30T09:23:17.296+0300][28,145s][info][gc] GC(511) Concurrent update references 7,976ms
[2021-04-30T09:23:17.296+0300][28,145s][info][gc] GC(511) Pause Final Update Refs 0,094ms
[2021-04-30T09:23:17.296+0300][28,146s][info][gc] GC(511) Concurrent cleanup 119M->111M(128M) 0,039ms
[2021-04-30T09:23:17.297+0300][28,147s][info][gc] Trigger: Free (9276K) is below minimum threshold (13107K)
[2021-04-30T09:23:17.297+0300][28,147s][info][gc] GC(512) Concurrent reset 0,123ms
[2021-04-30T09:23:17.298+0300][28,147s][info][gc] GC(512) Pause Init Mark 0,148ms
[2021-04-30T09:23:17.311+0300][28,160s][info][gc] GC(512) Concurrent marking 12,650ms
[2021-04-30T09:23:17.311+0300][28,161s][info][gc] GC(512) Pause Final Mark 0,424ms
[2021-04-30T09:23:17.311+0300][28,161s][info][gc] GC(512) Concurrent cleanup 113M->113M(128M) 0,038ms
[2021-04-30T09:23:17.312+0300][28,161s][info][gc] GC(512) Concurrent evacuation 0,729ms
[2021-04-30T09:23:17.312+0300][28,162s][info][gc] GC(512) Pause Init Update Refs 0,004ms
[2021-04-30T09:23:17.320+0300][28,169s][info][gc] GC(512) Concurrent update references 7,493ms
[2021-04-30T09:23:17.320+0300][28,169s][info][gc] GC(512) Pause Final Update Refs 0,066ms
[2021-04-30T09:23:17.320+0300][28,170s][info][gc] GC(512) Concurrent cleanup 119M->111M(128M) 0,047ms
[2021-04-30T09:23:17.321+0300][28,171s][info][gc] Trigger: Free (9422K) is below minimum threshold (13107K)
[2021-04-30T09:23:17.321+0300][28,171s][info][gc] GC(513) Concurrent reset 0,183ms
[2021-04-30T09:23:17.322+0300][28,171s][info][gc] GC(513) Pause Init Mark 0,160ms
[2021-04-30T09:23:17.334+0300][28,184s][info][gc] GC(513) Concurrent marking 12,467ms
[2021-04-30T09:23:17.335+0300][28,184s][info][gc] GC(513) Pause Final Mark 0,400ms
[2021-04-30T09:23:17.335+0300][28,185s][info][gc] GC(513) Concurrent cleanup 113M->113M(128M) 0,039ms
[2021-04-30T09:23:17.336+0300][28,185s][info][gc] GC(513) Concurrent evacuation 0,717ms
[2021-04-30T09:23:17.336+0300][28,185s][info][gc] GC(513) Pause Init Update Refs 0,004ms
[2021-04-30T09:23:17.344+0300][28,193s][info][gc] GC(513) Concurrent update references 7,476ms
[2021-04-30T09:23:17.344+0300][28,193s][info][gc] GC(513) Pause Final Update Refs 0,095ms
[2021-04-30T09:23:17.344+0300][28,194s][info][gc] GC(513) Concurrent cleanup 119M->111M(128M) 0,050ms
[2021-04-30T09:23:17.345+0300][28,195s][info][gc] Trigger: Free (9207K) is below minimum threshold (13107K)
[2021-04-30T09:23:17.345+0300][28,195s][info][gc] GC(514) Concurrent reset 0,164ms
[2021-04-30T09:23:17.346+0300][28,195s][info][gc] GC(514) Pause Init Mark 0,141ms
[2021-04-30T09:23:17.359+0300][28,208s][info][gc] GC(514) Concurrent marking 12,667ms
[2021-04-30T09:23:17.359+0300][28,209s][info][gc] GC(514) Pause Final Mark 0,474ms
[2021-04-30T09:23:17.359+0300][28,209s][info][gc] GC(514) Concurrent cleanup 113M->113M(128M) 0,038ms
[2021-04-30T09:23:17.360+0300][28,210s][info][gc] GC(514) Concurrent evacuation 0,835ms
[2021-04-30T09:23:17.360+0300][28,210s][info][gc] GC(514) Pause Init Update Refs 0,020ms
[2021-04-30T09:23:17.368+0300][28,217s][info][gc] GC(514) Concurrent update references 7,430ms
[2021-04-30T09:23:17.368+0300][28,218s][info][gc] GC(514) Pause Final Update Refs 0,091ms
[2021-04-30T09:23:17.368+0300][28,218s][info][gc] GC(514) Concurrent cleanup 120M->111M(128M) 0,041ms
[2021-04-30T09:23:17.370+0300][28,219s][info][gc] Trigger: Free (9040K) is below minimum threshold (13107K)
[2021-04-30T09:23:17.370+0300][28,219s][info][gc] GC(515) Concurrent reset 0,159ms
[2021-04-30T09:23:17.370+0300][28,220s][info][gc] GC(515) Pause Init Mark (process weakrefs) 0,208ms
[2021-04-30T09:23:17.383+0300][28,232s][info][gc] GC(515) Concurrent marking (process weakrefs) 12,286ms
[2021-04-30T09:23:17.383+0300][28,232s][info][gc] GC(515) Concurrent precleaning 0,173ms
[2021-04-30T09:23:17.383+0300][28,233s][info][gc] GC(515) Pause Final Mark (process weakrefs) 0,418ms
[2021-04-30T09:23:17.384+0300][28,233s][info][gc] GC(515) Concurrent cleanup 113M->113M(128M) 0,037ms
[2021-04-30T09:23:17.384+0300][28,233s][info][gc] GC(515) Concurrent evacuation 0,189ms
[2021-04-30T09:23:17.384+0300][28,233s][info][gc] GC(515) Pause Init Update Refs 0,021ms
[2021-04-30T09:23:17.391+0300][28,240s][info][gc] GC(515) Concurrent update references 6,850ms
[2021-04-30T09:23:17.391+0300][28,241s][info][gc] GC(515) Pause Final Update Refs 0,070ms
[2021-04-30T09:23:17.391+0300][28,241s][info][gc] GC(515) Concurrent cleanup 119M->112M(128M) 0,040ms
[2021-04-30T09:23:17.392+0300][28,242s][info][gc] Trigger: Free (9378K) is below minimum threshold (13107K)
[2021-04-30T09:23:17.393+0300][28,242s][info][gc] GC(516) Concurrent reset 0,166ms
[2021-04-30T09:23:17.393+0300][28,242s][info][gc] GC(516) Pause Init Mark 0,188ms
[2021-04-30T09:23:17.405+0300][28,254s][info][gc] GC(516) Concurrent marking 11,892ms
[2021-04-30T09:23:17.405+0300][28,255s][info][gc] GC(516) Pause Final Mark 0,332ms
[2021-04-30T09:23:17.406+0300][28,255s][info][gc] GC(516) Concurrent cleanup 113M->113M(128M) 0,042ms
[2021-04-30T09:23:17.406+0300][28,256s][info][gc] GC(516) Concurrent evacuation 0,934ms
[2021-04-30T09:23:17.407+0300][28,256s][info][gc] GC(516) Pause Init Update Refs 0,005ms
[2021-04-30T09:23:17.415+0300][28,265s][info][gc] GC(516) Concurrent update references 8,476ms
[2021-04-30T09:23:17.415+0300][28,265s][info][gc] GC(516) Pause Final Update Refs 0,096ms
[2021-04-30T09:23:17.416+0300][28,265s][info][gc] GC(516) Concurrent cleanup 121M->112M(128M) 0,060ms
[2021-04-30T09:23:17.417+0300][28,266s][info][gc] Trigger: Free (8412K) is below minimum threshold (13107K)
[2021-04-30T09:23:17.417+0300][28,267s][info][gc] GC(517) Concurrent reset 0,378ms
[2021-04-30T09:23:17.418+0300][28,267s][info][gc] GC(517) Pause Init Mark 0,296ms
[2021-04-30T09:23:17.433+0300][28,283s][info][gc] GC(517) Concurrent marking 15,454ms
[2021-04-30T09:23:17.434+0300][28,283s][info][gc] GC(517) Pause Final Mark 0,522ms
[2021-04-30T09:23:17.434+0300][28,284s][info][gc] GC(517) Concurrent cleanup 114M->114M(128M) 0,037ms
[2021-04-30T09:23:17.434+0300][28,284s][info][gc] GC(517) Concurrent evacuation 0,304ms
[2021-04-30T09:23:17.435+0300][28,284s][info][gc] GC(517) Pause Init Update Refs 0,004ms
[2021-04-30T09:23:17.448+0300][28,297s][info][gc] GC(517) Concurrent update references 12,844ms
[2021-04-30T09:23:17.448+0300][28,297s][info][gc] GC(517) Pause Final Update Refs 0,082ms
[2021-04-30T09:23:17.448+0300][28,297s][info][gc] GC(517) Concurrent cleanup 120M->112M(128M) 0,043ms
[2021-04-30T09:23:17.449+0300][28,298s][info][gc] Trigger: Free (8341K) is below minimum threshold (13107K)
[2021-04-30T09:23:17.449+0300][28,299s][info][gc] GC(518) Concurrent reset 0,193ms
[2021-04-30T09:23:17.450+0300][28,299s][info][gc] GC(518) Pause Init Mark 0,225ms
[2021-04-30T09:23:17.464+0300][28,313s][info][gc] GC(518) Concurrent marking 14,029ms
[2021-04-30T09:23:17.464+0300][28,314s][info][gc] GC(518) Pause Final Mark 0,435ms
[2021-04-30T09:23:17.465+0300][28,314s][info][gc] GC(518) Concurrent cleanup 114M->114M(128M) 0,042ms
[2021-04-30T09:23:17.465+0300][28,314s][info][gc] GC(518) Concurrent evacuation 0,338ms
[2021-04-30T09:23:17.465+0300][28,314s][info][gc] GC(518) Pause Init Update Refs 0,004ms
[2021-04-30T09:23:17.474+0300][28,323s][info][gc] GC(518) Concurrent update references 8,649ms
[2021-04-30T09:23:17.474+0300][28,323s][info][gc] GC(518) Pause Final Update Refs 0,069ms
[2021-04-30T09:23:17.474+0300][28,323s][info][gc] GC(518) Concurrent cleanup 120M->112M(128M) 0,038ms
[2021-04-30T09:23:17.475+0300][28,325s][info][gc] Trigger: Free (8846K) is below minimum threshold (13107K)
[2021-04-30T09:23:17.475+0300][28,325s][info][gc] GC(519) Concurrent reset 0,199ms
[2021-04-30T09:23:17.476+0300][28,325s][info][gc] GC(519) Pause Init Mark 0,199ms
[2021-04-30T09:23:17.497+0300][28,346s][info][gc] GC(519) Concurrent marking 21,128ms
[2021-04-30T09:23:17.497+0300][28,347s][info][gc] GC(519) Pause Final Mark 0,324ms
[2021-04-30T09:23:17.497+0300][28,347s][info][gc] GC(519) Concurrent cleanup 113M->113M(128M) 0,037ms
[2021-04-30T09:23:17.498+0300][28,347s][info][gc] GC(519) Concurrent evacuation 0,239ms
[2021-04-30T09:23:17.498+0300][28,347s][info][gc] GC(519) Pause Init Update Refs 0,005ms
[2021-04-30T09:23:17.507+0300][28,356s][info][gc] GC(519) Concurrent update references 8,799ms
[2021-04-30T09:23:17.507+0300][28,356s][info][gc] GC(519) Pause Final Update Refs 0,073ms
[2021-04-30T09:23:17.507+0300][28,356s][info][gc] GC(519) Concurrent cleanup 119M->111M(128M) 0,039ms
[2021-04-30T09:23:17.508+0300][28,358s][info][gc] Trigger: Free (9157K) is below minimum threshold (13107K)
[2021-04-30T09:23:17.508+0300][28,358s][info][gc] GC(520) Concurrent reset 0,157ms
[2021-04-30T09:23:17.509+0300][28,358s][info][gc] GC(520) Pause Init Mark (process weakrefs) 0,137ms
[2021-04-30T09:23:17.526+0300][28,375s][info][gc] GC(520) Concurrent marking (process weakrefs) 17,080ms
[2021-04-30T09:23:17.526+0300][28,375s][info][gc] GC(520) Concurrent precleaning 0,149ms
[2021-04-30T09:23:17.526+0300][28,376s][info][gc] GC(520) Pause Final Mark (process weakrefs) 0,324ms
[2021-04-30T09:23:17.526+0300][28,376s][info][gc] GC(520) Concurrent cleanup 113M->113M(128M) 0,037ms
[2021-04-30T09:23:17.527+0300][28,376s][info][gc] GC(520) Concurrent evacuation 0,253ms
[2021-04-30T09:23:17.527+0300][28,376s][info][gc] GC(520) Pause Init Update Refs 0,004ms
[2021-04-30T09:23:17.535+0300][28,384s][info][gc] GC(520) Concurrent update references 8,191ms
[2021-04-30T09:23:17.535+0300][28,385s][info][gc] GC(520) Pause Final Update Refs 0,091ms
[2021-04-30T09:23:17.535+0300][28,385s][info][gc] GC(520) Concurrent cleanup 117M->110M(128M) 0,046ms
[2021-04-30T09:23:17.537+0300][28,386s][info][gc] Trigger: Free (10551K) is below minimum threshold (13107K)
[2021-04-30T09:23:17.537+0300][28,386s][info][gc] GC(521) Concurrent reset 0,138ms
[2021-04-30T09:23:17.537+0300][28,386s][info][gc] GC(521) Pause Init Mark 0,184ms
[2021-04-30T09:23:17.550+0300][28,400s][info][gc] GC(521) Concurrent marking 13,153ms
[2021-04-30T09:23:17.551+0300][28,400s][info][gc] GC(521) Pause Final Mark 0,322ms
[2021-04-30T09:23:17.551+0300][28,400s][info][gc] GC(521) Concurrent cleanup 112M->112M(128M) 0,041ms
[2021-04-30T09:23:17.551+0300][28,400s][info][gc] GC(521) Concurrent evacuation 0,177ms
[2021-04-30T09:23:17.551+0300][28,400s][info][gc] GC(521) Pause Init Update Refs 0,004ms
[2021-04-30T09:23:17.561+0300][28,410s][info][gc] GC(521) Concurrent update references 9,738ms
[2021-04-30T09:23:17.561+0300][28,410s][info][gc] GC(521) Pause Final Update Refs 0,058ms
[2021-04-30T09:23:17.561+0300][28,411s][info][gc] GC(521) Concurrent cleanup 116M->110M(128M) 0,044ms
[2021-04-30T09:23:17.562+0300][28,412s][info][gc] Trigger: Free (10100K) is below minimum threshold (13107K)
[2021-04-30T09:23:17.562+0300][28,412s][info][gc] GC(522) Concurrent reset 0,157ms
[2021-04-30T09:23:17.563+0300][28,412s][info][gc] GC(522) Pause Init Mark 0,170ms
[2021-04-30T09:23:17.576+0300][28,426s][info][gc] GC(522) Concurrent marking 13,427ms
[2021-04-30T09:23:17.577+0300][28,426s][info][gc] GC(522) Pause Final Mark 0,433ms
[2021-04-30T09:23:17.577+0300][28,426s][info][gc] GC(522) Concurrent cleanup 112M->112M(128M) 0,040ms
[2021-04-30T09:23:17.577+0300][28,426s][info][gc] GC(522) Concurrent evacuation 0,146ms
[2021-04-30T09:23:17.577+0300][28,427s][info][gc] GC(522) Pause Init Update Refs 0,004ms
[2021-04-30T09:23:17.586+0300][28,435s][info][gc] GC(522) Concurrent update references 8,314ms
[2021-04-30T09:23:17.586+0300][28,435s][info][gc] GC(522) Pause Final Update Refs 0,101ms
[2021-04-30T09:23:17.586+0300][28,435s][info][gc] GC(522) Concurrent cleanup 117M->111M(128M) 0,042ms
[2021-04-30T09:23:17.587+0300][28,437s][info][gc] Trigger: Free (9169K) is below minimum threshold (13107K)
[2021-04-30T09:23:17.587+0300][28,437s][info][gc] GC(523) Concurrent reset 0,172ms
[2021-04-30T09:23:17.588+0300][28,437s][info][gc] GC(523) Pause Init Mark 0,161ms
[2021-04-30T09:23:17.602+0300][28,451s][info][gc] GC(523) Concurrent marking 14,006ms
[2021-04-30T09:23:17.602+0300][28,452s][info][gc] GC(523) Pause Final Mark 0,383ms
[2021-04-30T09:23:17.603+0300][28,452s][info][gc] GC(523) Concurrent cleanup 113M->113M(128M) 0,041ms
[2021-04-30T09:23:17.603+0300][28,452s][info][gc] GC(523) Concurrent evacuation 0,108ms
[2021-04-30T09:23:17.603+0300][28,452s][info][gc] GC(523) Pause Init Update Refs 0,004ms
[2021-04-30T09:23:17.611+0300][28,460s][info][gc] GC(523) Concurrent update references 7,831ms
[2021-04-30T09:23:17.611+0300][28,460s][info][gc] GC(523) Pause Final Update Refs 0,069ms
[2021-04-30T09:23:17.611+0300][28,460s][info][gc] GC(523) Concurrent cleanup 113M->107M(128M) 0,040ms
[2021-04-30T09:23:17.613+0300][28,463s][info][gc] Trigger: Free (12608K) is below minimum threshold (13107K)
[2021-04-30T09:23:17.613+0300][28,463s][info][gc] GC(524) Concurrent reset 0,181ms
[2021-04-30T09:23:17.614+0300][28,463s][info][gc] GC(524) Pause Init Mark 0,198ms
[2021-04-30T09:23:17.628+0300][28,477s][info][gc] GC(524) Concurrent marking 13,995ms
[2021-04-30T09:23:17.628+0300][28,478s][info][gc] GC(524) Pause Final Mark 0,314ms
[2021-04-30T09:23:17.628+0300][28,478s][info][gc] GC(524) Concurrent cleanup 111M->111M(128M) 0,039ms
[2021-04-30T09:23:17.630+0300][28,479s][info][gc] GC(524) Concurrent evacuation 1,277ms
[2021-04-30T09:23:17.630+0300][28,479s][info][gc] GC(524) Pause Init Update Refs 0,012ms
[2021-04-30T09:23:17.638+0300][28,487s][info][gc] GC(524) Concurrent update references 8,088ms
[2021-04-30T09:23:17.638+0300][28,488s][info][gc] GC(524) Pause Final Update Refs 0,188ms
[2021-04-30T09:23:17.639+0300][28,488s][info][gc] GC(524) Concurrent cleanup 120M->113M(128M) 0,040ms
[2021-04-30T09:23:17.640+0300][28,489s][info][gc] Trigger: Free (7557K) is below minimum threshold (13107K)
[2021-04-30T09:23:17.640+0300][28,489s][info][gc] GC(525) Concurrent reset 0,118ms
[2021-04-30T09:23:17.640+0300][28,490s][info][gc] GC(525) Pause Init Mark (process weakrefs) 0,221ms
[2021-04-30T09:23:17.655+0300][28,504s][info][gc] GC(525) Concurrent marking (process weakrefs) 14,630ms
[2021-04-30T09:23:17.655+0300][28,504s][info][gc] GC(525) Concurrent precleaning 0,072ms
[2021-04-30T09:23:17.656+0300][28,505s][info][gc] GC(525) Pause Final Mark (process weakrefs) 0,744ms
[2021-04-30T09:23:17.656+0300][28,506s][info][gc] GC(525) Concurrent cleanup 115M->115M(128M) 0,038ms
[2021-04-30T09:23:17.656+0300][28,506s][info][gc] GC(525) Concurrent evacuation 0,165ms
[2021-04-30T09:23:17.656+0300][28,506s][info][gc] GC(525) Pause Init Update Refs 0,003ms
[2021-04-30T09:23:17.666+0300][28,515s][info][gc] GC(525) Concurrent update references 9,393ms
[2021-04-30T09:23:17.666+0300][28,516s][info][gc] GC(525) Pause Final Update Refs 0,096ms
[2021-04-30T09:23:17.666+0300][28,516s][info][gc] GC(525) Concurrent cleanup 116M->108M(128M) 0,079ms
[2021-04-30T09:23:17.667+0300][28,517s][info][gc] Trigger: Free (12891K) is below minimum threshold (13107K)
[2021-04-30T09:23:17.668+0300][28,517s][info][gc] GC(526) Concurrent reset 0,270ms
[2021-04-30T09:23:17.669+0300][28,518s][info][gc] GC(526) Pause Init Mark 0,311ms
[2021-04-30T09:23:17.683+0300][28,532s][info][gc] GC(526) Concurrent marking 14,333ms
[2021-04-30T09:23:17.684+0300][28,533s][info][gc] GC(526) Pause Final Mark 0,720ms
[2021-04-30T09:23:17.684+0300][28,533s][info][gc] GC(526) Concurrent cleanup 110M->111M(128M) 0,043ms
[2021-04-30T09:23:17.685+0300][28,535s][info][gc] GC(526) Concurrent evacuation 1,196ms
[2021-04-30T09:23:17.685+0300][28,535s][info][gc] GC(526) Pause Init Update Refs 0,007ms
[2021-04-30T09:23:17.699+0300][28,548s][info][gc] GC(526) Concurrent update references 13,566ms
[2021-04-30T09:23:17.699+0300][28,549s][info][gc] GC(526) Pause Final Update Refs 0,076ms
[2021-04-30T09:23:17.699+0300][28,549s][info][gc] GC(526) Concurrent cleanup 120M->114M(128M) 0,042ms
[2021-04-30T09:23:17.700+0300][28,550s][info][gc] Trigger: Free (6019K) is below minimum threshold (13107K)
[2021-04-30T09:23:17.701+0300][28,551s][info][gc] GC(527) Concurrent reset 0,666ms
[2021-04-30T09:23:17.702+0300][28,551s][info][gc] GC(527) Pause Init Mark 0,166ms
[2021-04-30T09:23:17.721+0300][28,570s][info][gc] GC(527) Concurrent marking 18,554ms
[2021-04-30T09:23:17.721+0300][28,571s][info][gc] GC(527) Pause Final Mark 0,421ms
[2021-04-30T09:23:17.721+0300][28,571s][info][gc] GC(527) Concurrent cleanup 116M->116M(128M) 0,039ms
[2021-04-30T09:23:17.721+0300][28,571s][info][gc] GC(527) Concurrent evacuation 0,176ms
[2021-04-30T09:23:17.722+0300][28,571s][info][gc] GC(527) Pause Init Update Refs 0,005ms
[2021-04-30T09:23:17.729+0300][28,579s][info][gc] GC(527) Concurrent update references 7,488ms
[2021-04-30T09:23:17.729+0300][28,579s][info][gc] GC(527) Pause Final Update Refs 0,076ms
[2021-04-30T09:23:17.729+0300][28,579s][info][gc] GC(527) Concurrent cleanup 120M->110M(128M) 0,041ms
[2021-04-30T09:23:17.731+0300][28,580s][info][gc] Trigger: Free (10100K) is below minimum threshold (13107K)
[2021-04-30T09:23:17.731+0300][28,580s][info][gc] GC(528) Concurrent reset 0,156ms
[2021-04-30T09:23:17.731+0300][28,580s][info][gc] GC(528) Pause Init Mark 0,139ms
[2021-04-30T09:23:17.743+0300][28,593s][info][gc] GC(528) Concurrent marking 12,057ms
[2021-04-30T09:23:17.744+0300][28,593s][info][gc] GC(528) Pause Final Mark 0,420ms
[2021-04-30T09:23:17.744+0300][28,593s][info][gc] GC(528) Concurrent cleanup 112M->112M(128M) 0,036ms
[2021-04-30T09:23:17.744+0300][28,594s][info][gc] GC(528) Concurrent evacuation 0,398ms
[2021-04-30T09:23:17.744+0300][28,594s][info][gc] GC(528) Pause Init Update Refs 0,005ms
[2021-04-30T09:23:17.753+0300][28,603s][info][gc] GC(528) Concurrent update references 8,849ms
[2021-04-30T09:23:17.754+0300][28,603s][info][gc] GC(528) Pause Final Update Refs 0,093ms
[2021-04-30T09:23:17.754+0300][28,603s][info][gc] GC(528) Concurrent cleanup 117M->111M(128M) 0,040ms
[2021-04-30T09:23:17.755+0300][28,604s][info][gc] Trigger: Free (10145K) is below minimum threshold (13107K)
[2021-04-30T09:23:17.755+0300][28,605s][info][gc] GC(529) Concurrent reset 0,175ms
[2021-04-30T09:23:17.756+0300][28,605s][info][gc] GC(529) Pause Init Mark 0,267ms
[2021-04-30T09:23:17.768+0300][28,617s][info][gc] GC(529) Concurrent marking 12,348ms
[2021-04-30T09:23:17.769+0300][28,618s][info][gc] GC(529) Pause Final Mark 0,608ms
[2021-04-30T09:23:17.769+0300][28,618s][info][gc] GC(529) Concurrent cleanup 112M->112M(128M) 0,037ms
[2021-04-30T09:23:17.769+0300][28,618s][info][gc] GC(529) Concurrent evacuation 0,157ms
[2021-04-30T09:23:17.769+0300][28,619s][info][gc] GC(529) Pause Init Update Refs 0,005ms
[2021-04-30T09:23:17.776+0300][28,626s][info][gc] GC(529) Concurrent update references 7,072ms
[2021-04-30T09:23:17.777+0300][28,626s][info][gc] GC(529) Pause Final Update Refs 0,127ms
[2021-04-30T09:23:17.777+0300][28,626s][info][gc] GC(529) Concurrent cleanup 115M->110M(128M) 0,039ms
[2021-04-30T09:23:17.778+0300][28,627s][info][gc] Trigger: Free (10665K) is below minimum threshold (13107K)
[2021-04-30T09:23:17.778+0300][28,627s][info][gc] GC(530) Concurrent reset 0,134ms
[2021-04-30T09:23:17.778+0300][28,628s][info][gc] GC(530) Pause Init Mark (process weakrefs) 0,201ms
[2021-04-30T09:23:17.791+0300][28,640s][info][gc] GC(530) Concurrent marking (process weakrefs) 12,223ms
[2021-04-30T09:23:17.791+0300][28,640s][info][gc] GC(530) Concurrent precleaning 0,136ms
[2021-04-30T09:23:17.792+0300][28,641s][info][gc] GC(530) Pause Final Mark (process weakrefs) 0,514ms
[2021-04-30T09:23:17.792+0300][28,641s][info][gc] GC(530) Concurrent cleanup 112M->112M(128M) 0,037ms
[2021-04-30T09:23:17.792+0300][28,641s][info][gc] GC(530) Concurrent evacuation 0,186ms
[2021-04-30T09:23:17.792+0300][28,641s][info][gc] GC(530) Pause Init Update Refs 0,005ms
[2021-04-30T09:23:17.799+0300][28,649s][info][gc] GC(530) Concurrent update references 7,352ms
[2021-04-30T09:23:17.800+0300][28,649s][info][gc] GC(530) Pause Final Update Refs 0,101ms
[2021-04-30T09:23:17.800+0300][28,649s][info][gc] GC(530) Concurrent cleanup 116M->111M(128M) 0,040ms
[2021-04-30T09:23:17.801+0300][28,650s][info][gc] Trigger: Free (9117K) is below minimum threshold (13107K)
[2021-04-30T09:23:17.801+0300][28,651s][info][gc] GC(531) Concurrent reset 0,126ms
[2021-04-30T09:23:17.802+0300][28,651s][info][gc] GC(531) Pause Init Mark 0,156ms
[2021-04-30T09:23:17.815+0300][28,665s][info][gc] GC(531) Concurrent marking 13,847ms
[2021-04-30T09:23:17.816+0300][28,665s][info][gc] GC(531) Pause Final Mark 0,359ms
[2021-04-30T09:23:17.816+0300][28,666s][info][gc] GC(531) Concurrent cleanup 113M->113M(128M) 0,040ms
[2021-04-30T09:23:17.816+0300][28,666s][info][gc] GC(531) Concurrent evacuation 0,196ms
[2021-04-30T09:23:17.817+0300][28,666s][info][gc] GC(531) Pause Init Update Refs 0,005ms
[2021-04-30T09:23:17.824+0300][28,674s][info][gc] GC(531) Concurrent update references 7,643ms
[2021-04-30T09:23:17.825+0300][28,674s][info][gc] GC(531) Pause Final Update Refs 0,154ms
[2021-04-30T09:23:17.825+0300][28,674s][info][gc] GC(531) Concurrent cleanup 114M->108M(128M) 0,042ms
[2021-04-30T09:23:17.826+0300][28,675s][info][gc] Trigger: Free (12647K) is below minimum threshold (13107K)
[2021-04-30T09:23:17.826+0300][28,675s][info][gc] GC(532) Concurrent reset 0,158ms
[2021-04-30T09:23:17.826+0300][28,676s][info][gc] GC(532) Pause Init Mark 0,196ms
[2021-04-30T09:23:17.841+0300][28,690s][info][gc] GC(532) Concurrent marking 14,344ms
[2021-04-30T09:23:17.841+0300][28,691s][info][gc] GC(532) Pause Final Mark 0,317ms
[2021-04-30T09:23:17.841+0300][28,691s][info][gc] GC(532) Concurrent cleanup 110M->110M(128M) 0,146ms
[2021-04-30T09:23:17.842+0300][28,691s][info][gc] GC(532) Concurrent evacuation 0,137ms
[2021-04-30T09:23:17.842+0300][28,691s][info][gc] GC(532) Pause Init Update Refs 0,005ms
[2021-04-30T09:23:17.852+0300][28,701s][info][gc] GC(532) Concurrent update references 9,919ms
[2021-04-30T09:23:17.852+0300][28,701s][info][gc] GC(532) Pause Final Update Refs 0,065ms
[2021-04-30T09:23:17.852+0300][28,701s][info][gc] GC(532) Concurrent cleanup 114M->112M(128M) 0,038ms
[2021-04-30T09:23:17.853+0300][28,703s][info][gc] Trigger: Free (8573K) is below minimum threshold (13107K)
[2021-04-30T09:23:17.853+0300][28,703s][info][gc] GC(533) Concurrent reset 0,180ms
[2021-04-30T09:23:17.854+0300][28,703s][info][gc] GC(533) Pause Init Mark 0,148ms
[2021-04-30T09:23:17.868+0300][28,717s][info][gc] GC(533) Concurrent marking 13,896ms
[2021-04-30T09:23:17.868+0300][28,718s][info][gc] GC(533) Pause Final Mark 0,699ms
[2021-04-30T09:23:17.869+0300][28,718s][info][gc] GC(533) Concurrent cleanup 114M->114M(128M) 0,054ms
[2021-04-30T09:23:17.869+0300][28,719s][info][gc] GC(533) Concurrent evacuation 0,529ms
[2021-04-30T09:23:17.869+0300][28,719s][info][gc] GC(533) Pause Init Update Refs 0,005ms
[2021-04-30T09:23:17.878+0300][28,728s][info][gc] GC(533) Concurrent update references 8,716ms
[2021-04-30T09:23:17.878+0300][28,728s][info][gc] GC(533) Pause Final Update Refs 0,162ms
[2021-04-30T09:23:17.879+0300][28,728s][info][gc] GC(533) Concurrent cleanup 115M->108M(128M) 0,040ms
[2021-04-30T09:23:17.880+0300][28,729s][info][gc] Trigger: Free (12221K) is below minimum threshold (13107K)
[2021-04-30T09:23:17.880+0300][28,729s][info][gc] GC(534) Concurrent reset 0,117ms
[2021-04-30T09:23:17.880+0300][28,730s][info][gc] GC(534) Pause Init Mark 0,249ms
[2021-04-30T09:23:17.895+0300][28,745s][info][gc] GC(534) Concurrent marking 14,865ms
[2021-04-30T09:23:17.896+0300][28,745s][info][gc] GC(534) Pause Final Mark 0,636ms
[2021-04-30T09:23:17.896+0300][28,746s][info][gc] GC(534) Concurrent cleanup 111M->111M(128M) 0,037ms
[2021-04-30T09:23:17.896+0300][28,746s][info][gc] GC(534) Concurrent evacuation 0,069ms
[2021-04-30T09:23:17.897+0300][28,746s][info][gc] GC(534) Pause Init Update Refs 0,027ms
[2021-04-30T09:23:17.905+0300][28,754s][info][gc] GC(534) Concurrent update references 8,188ms
[2021-04-30T09:23:17.905+0300][28,755s][info][gc] GC(534) Pause Final Update Refs 0,066ms
[2021-04-30T09:23:17.905+0300][28,755s][info][gc] GC(534) Concurrent cleanup 112M->108M(128M) 0,039ms
[2021-04-30T09:23:17.906+0300][28,756s][info][gc] Trigger: Free (11903K) is below minimum threshold (13107K)
[2021-04-30T09:23:17.907+0300][28,756s][info][gc] GC(535) Concurrent reset 0,108ms
[2021-04-30T09:23:17.907+0300][28,756s][info][gc] GC(535) Pause Init Mark (process weakrefs) 0,146ms
[2021-04-30T09:23:17.921+0300][28,770s][info][gc] GC(535) Concurrent marking (process weakrefs) 13,664ms
[2021-04-30T09:23:17.921+0300][28,770s][info][gc] GC(535) Concurrent precleaning 0,146ms
[2021-04-30T09:23:17.921+0300][28,771s][info][gc] GC(535) Pause Final Mark (process weakrefs) 0,586ms
[2021-04-30T09:23:17.922+0300][28,771s][info][gc] GC(535) Concurrent cleanup 111M->111M(128M) 0,038ms
[2021-04-30T09:23:17.922+0300][28,771s][info][gc] GC(535) Concurrent evacuation 0,105ms
[2021-04-30T09:23:17.922+0300][28,771s][info][gc] GC(535) Pause Init Update Refs 0,005ms
[2021-04-30T09:23:17.929+0300][28,779s][info][gc] GC(535) Concurrent update references 7,362ms
[2021-04-30T09:23:17.930+0300][28,779s][info][gc] GC(535) Pause Final Update Refs 0,146ms
[2021-04-30T09:23:17.930+0300][28,779s][info][gc] GC(535) Concurrent cleanup 114M->111M(128M) 0,039ms
[2021-04-30T09:23:17.931+0300][28,780s][info][gc] Trigger: Free (9695K) is below minimum threshold (13107K)
[2021-04-30T09:23:17.931+0300][28,781s][info][gc] GC(536) Concurrent reset 0,125ms
[2021-04-30T09:23:17.931+0300][28,781s][info][gc] GC(536) Pause Init Mark 0,159ms
[2021-04-30T09:23:17.946+0300][28,795s][info][gc] GC(536) Concurrent marking 14,494ms
[2021-04-30T09:23:17.947+0300][28,796s][info][gc] GC(536) Pause Final Mark 0,379ms
[2021-04-30T09:23:17.947+0300][28,796s][info][gc] GC(536) Concurrent cleanup 113M->113M(128M) 0,042ms
[2021-04-30T09:23:17.947+0300][28,796s][info][gc] GC(536) Concurrent evacuation 0,064ms
[2021-04-30T09:23:17.947+0300][28,796s][info][gc] GC(536) Pause Init Update Refs 0,005ms
[2021-04-30T09:23:17.956+0300][28,805s][info][gc] GC(536) Concurrent update references 8,850ms
[2021-04-30T09:23:17.956+0300][28,806s][info][gc] GC(536) Pause Final Update Refs 0,119ms
[2021-04-30T09:23:17.956+0300][28,806s][info][gc] GC(536) Concurrent cleanup 113M->108M(128M) 0,038ms
[2021-04-30T09:23:17.957+0300][28,807s][info][gc] Trigger: Free (12433K) is below minimum threshold (13107K)
[2021-04-30T09:23:17.958+0300][28,807s][info][gc] GC(537) Concurrent reset 0,163ms
[2021-04-30T09:23:17.958+0300][28,807s][info][gc] GC(537) Pause Init Mark 0,173ms
[2021-04-30T09:23:17.971+0300][28,821s][info][gc] GC(537) Concurrent marking 13,432ms
[2021-04-30T09:23:17.972+0300][28,821s][info][gc] GC(537) Pause Final Mark 0,398ms
[2021-04-30T09:23:17.972+0300][28,821s][info][gc] GC(537) Concurrent cleanup 110M->110M(128M) 0,038ms
[2021-04-30T09:23:17.972+0300][28,822s][info][gc] GC(537) Concurrent evacuation 0,073ms
[2021-04-30T09:23:17.972+0300][28,822s][info][gc] GC(537) Pause Init Update Refs 0,004ms
[2021-04-30T09:23:17.982+0300][28,831s][info][gc] GC(537) Concurrent update references 9,676ms
[2021-04-30T09:23:17.982+0300][28,832s][info][gc] GC(537) Pause Final Update Refs 0,115ms
[2021-04-30T09:23:17.982+0300][28,832s][info][gc] GC(537) Concurrent cleanup 113M->111M(128M) 0,038ms
[2021-04-30T09:23:17.984+0300][28,833s][info][gc] Trigger: Free (9446K) is below minimum threshold (13107K)
[2021-04-30T09:23:17.984+0300][28,833s][info][gc] GC(538) Concurrent reset 0,120ms
[2021-04-30T09:23:17.984+0300][28,834s][info][gc] GC(538) Pause Init Mark 0,236ms
[2021-04-30T09:23:17.997+0300][28,847s][info][gc] GC(538) Concurrent marking 12,744ms
[2021-04-30T09:23:17.998+0300][28,847s][info][gc] GC(538) Pause Final Mark 0,513ms
[2021-04-30T09:23:17.998+0300][28,847s][info][gc] GC(538) Concurrent cleanup 113M->113M(128M) 0,038ms
[2021-04-30T09:23:17.998+0300][28,848s][info][gc] GC(538) Concurrent evacuation 0,086ms
[2021-04-30T09:23:17.998+0300][28,848s][info][gc] GC(538) Pause Init Update Refs 0,005ms
[2021-04-30T09:23:18.009+0300][28,858s][info][gc] GC(538) Concurrent update references 10,268ms
[2021-04-30T09:23:18.009+0300][28,858s][info][gc] GC(538) Pause Final Update Refs 0,179ms
[2021-04-30T09:23:18.009+0300][28,859s][info][gc] GC(538) Concurrent cleanup 117M->111M(128M) 0,039ms
[2021-04-30T09:23:18.010+0300][28,860s][info][gc] Trigger: Free (8921K) is below minimum threshold (13107K)
[2021-04-30T09:23:18.010+0300][28,860s][info][gc] GC(539) Concurrent reset 0,112ms
[2021-04-30T09:23:18.011+0300][28,860s][info][gc] GC(539) Pause Init Mark 0,275ms
[2021-04-30T09:23:18.024+0300][28,874s][info][gc] GC(539) Concurrent marking 13,385ms
[2021-04-30T09:23:18.025+0300][28,874s][info][gc] GC(539) Pause Final Mark 0,381ms
[2021-04-30T09:23:18.025+0300][28,875s][info][gc] GC(539) Concurrent cleanup 113M->113M(128M) 0,048ms
[2021-04-30T09:23:18.025+0300][28,875s][info][gc] GC(539) Concurrent evacuation 0,119ms
[2021-04-30T09:23:18.025+0300][28,875s][info][gc] GC(539) Pause Init Update Refs 0,004ms
[2021-04-30T09:23:18.035+0300][28,884s][info][gc] GC(539) Concurrent update references 9,654ms
[2021-04-30T09:23:18.035+0300][28,885s][info][gc] GC(539) Pause Final Update Refs 0,089ms
[2021-04-30T09:23:18.036+0300][28,885s][info][gc] GC(539) Concurrent cleanup 117M->111M(128M) 0,056ms
[2021-04-30T09:23:18.037+0300][28,886s][info][gc] Trigger: Free (9525K) is below minimum threshold (13107K)
[2021-04-30T09:23:18.037+0300][28,886s][info][gc] GC(540) Concurrent reset 0,199ms
[2021-04-30T09:23:18.037+0300][28,887s][info][gc] GC(540) Pause Init Mark (process weakrefs) 0,152ms
[2021-04-30T09:23:18.052+0300][28,901s][info][gc] GC(540) Concurrent marking (process weakrefs) 14,509ms
[2021-04-30T09:23:18.052+0300][28,901s][info][gc] GC(540) Concurrent precleaning 0,096ms
[2021-04-30T09:23:18.052+0300][28,902s][info][gc] GC(540) Pause Final Mark (process weakrefs) 0,368ms
[2021-04-30T09:23:18.052+0300][28,902s][info][gc] GC(540) Concurrent cleanup 113M->113M(128M) 0,043ms
[2021-04-30T09:23:18.053+0300][28,902s][info][gc] GC(540) Concurrent evacuation 0,169ms
[2021-04-30T09:23:18.053+0300][28,902s][info][gc] GC(540) Pause Init Update Refs 0,004ms
[2021-04-30T09:23:18.065+0300][28,915s][info][gc] GC(540) Concurrent update references 12,491ms
[2021-04-30T09:23:18.065+0300][28,915s][info][gc] GC(540) Pause Final Update Refs 0,067ms
[2021-04-30T09:23:18.066+0300][28,915s][info][gc] GC(540) Concurrent cleanup 119M->114M(128M) 0,040ms
[2021-04-30T09:23:18.067+0300][28,916s][info][gc] Trigger: Free (6370K) is below minimum threshold (13107K)
[2021-04-30T09:23:18.067+0300][28,917s][info][gc] GC(541) Concurrent reset 0,475ms
[2021-04-30T09:23:18.068+0300][28,917s][info][gc] GC(541) Pause Init Mark 0,374ms
[2021-04-30T09:23:18.082+0300][28,931s][info][gc] GC(541) Concurrent marking 13,793ms
[2021-04-30T09:23:18.082+0300][28,932s][info][gc] GC(541) Pause Final Mark 0,385ms
[2021-04-30T09:23:18.082+0300][28,932s][info][gc] GC(541) Concurrent cleanup 116M->116M(128M) 0,039ms
[2021-04-30T09:23:18.083+0300][28,932s][info][gc] GC(541) Concurrent evacuation 0,255ms
[2021-04-30T09:23:18.083+0300][28,932s][info][gc] GC(541) Pause Init Update Refs 0,008ms
[2021-04-30T09:23:18.091+0300][28,940s][info][gc] GC(541) Concurrent update references 7,806ms
[2021-04-30T09:23:18.091+0300][28,941s][info][gc] GC(541) Pause Final Update Refs 0,156ms
[2021-04-30T09:23:18.091+0300][28,941s][info][gc] GC(541) Concurrent cleanup 120M->111M(128M) 0,040ms
[2021-04-30T09:23:18.093+0300][28,942s][info][gc] Trigger: Free (8978K) is below minimum threshold (13107K)
[2021-04-30T09:23:18.093+0300][28,942s][info][gc] GC(542) Concurrent reset 0,172ms
[2021-04-30T09:23:18.093+0300][28,942s][info][gc] GC(542) Pause Init Mark 0,141ms
[2021-04-30T09:23:18.108+0300][28,958s][info][gc] GC(542) Concurrent marking 15,112ms
[2021-04-30T09:23:18.109+0300][28,958s][info][gc] GC(542) Pause Final Mark 0,328ms
[2021-04-30T09:23:18.109+0300][28,958s][info][gc] GC(542) Concurrent cleanup 113M->113M(128M) 0,038ms
[2021-04-30T09:23:18.110+0300][28,959s][info][gc] GC(542) Concurrent evacuation 0,750ms
[2021-04-30T09:23:18.110+0300][28,959s][info][gc] GC(542) Pause Init Update Refs 0,004ms
[2021-04-30T09:23:18.118+0300][28,967s][info][gc] GC(542) Concurrent update references 7,788ms
[2021-04-30T09:23:18.118+0300][28,967s][info][gc] GC(542) Pause Final Update Refs 0,101ms
[2021-04-30T09:23:18.118+0300][28,967s][info][gc] GC(542) Concurrent cleanup 117M->109M(128M) 0,041ms
[2021-04-30T09:23:18.119+0300][28,969s][info][gc] Trigger: Free (11039K) is below minimum threshold (13107K)
[2021-04-30T09:23:18.119+0300][28,969s][info][gc] GC(543) Concurrent reset 0,168ms
[2021-04-30T09:23:18.120+0300][28,969s][info][gc] GC(543) Pause Init Mark 0,164ms
[2021-04-30T09:23:18.133+0300][28,983s][info][gc] GC(543) Concurrent marking 13,457ms
[2021-04-30T09:23:18.134+0300][28,983s][info][gc] GC(543) Pause Final Mark 0,353ms
[2021-04-30T09:23:18.134+0300][28,983s][info][gc] GC(543) Concurrent cleanup 112M->112M(128M) 0,039ms
[2021-04-30T09:23:18.135+0300][28,985s][info][gc] GC(543) Concurrent evacuation 1,044ms
[2021-04-30T09:23:18.135+0300][28,985s][info][gc] GC(543) Pause Init Update Refs 0,021ms
[2021-04-30T09:23:18.145+0300][28,995s][info][gc] GC(543) Concurrent update references 9,908ms
[2021-04-30T09:23:18.146+0300][28,995s][info][gc] GC(543) Pause Final Update Refs 0,095ms
[2021-04-30T09:23:18.146+0300][28,995s][info][gc] GC(543) Concurrent cleanup 119M->112M(128M) 0,077ms
[2021-04-30T09:23:18.147+0300][28,996s][info][gc] Trigger: Free (7811K) is below minimum threshold (13107K)
[2021-04-30T09:23:18.147+0300][28,997s][info][gc] GC(544) Concurrent reset 0,187ms
[2021-04-30T09:23:18.148+0300][28,997s][info][gc] GC(544) Pause Init Mark 0,158ms
[2021-04-30T09:23:18.160+0300][29,010s][info][gc] GC(544) Concurrent marking 12,751ms
[2021-04-30T09:23:18.161+0300][29,010s][info][gc] GC(544) Pause Final Mark 0,384ms
[2021-04-30T09:23:18.161+0300][29,011s][info][gc] GC(544) Concurrent cleanup 114M->114M(128M) 0,045ms
[2021-04-30T09:23:18.161+0300][29,011s][info][gc] GC(544) Concurrent evacuation 0,155ms
[2021-04-30T09:23:18.161+0300][29,011s][info][gc] GC(544) Pause Init Update Refs 0,006ms
[2021-04-30T09:23:18.169+0300][29,018s][info][gc] GC(544) Concurrent update references 7,262ms
[2021-04-30T09:23:18.169+0300][29,019s][info][gc] GC(544) Pause Final Update Refs 0,193ms
[2021-04-30T09:23:18.169+0300][29,019s][info][gc] GC(544) Concurrent cleanup 119M->112M(128M) 0,049ms
[2021-04-30T09:23:18.170+0300][29,020s][info][gc] Trigger: Free (8194K) is below minimum threshold (13107K)
[2021-04-30T09:23:18.171+0300][29,020s][info][gc] GC(545) Concurrent reset 0,150ms
[2021-04-30T09:23:18.171+0300][29,020s][info][gc] GC(545) Pause Init Mark (process weakrefs) 0,156ms
[2021-04-30T09:23:18.184+0300][29,033s][info][gc] GC(545) Concurrent marking (process weakrefs) 12,747ms
[2021-04-30T09:23:18.184+0300][29,033s][info][gc] GC(545) Concurrent precleaning 0,130ms
[2021-04-30T09:23:18.185+0300][29,034s][info][gc] GC(545) Pause Final Mark (process weakrefs) 0,526ms
[2021-04-30T09:23:18.185+0300][29,034s][info][gc] GC(545) Concurrent cleanup 114M->114M(128M) 0,038ms
[2021-04-30T09:23:18.185+0300][29,034s][info][gc] GC(545) Concurrent evacuation 0,126ms
[2021-04-30T09:23:18.185+0300][29,035s][info][gc] GC(545) Pause Init Update Refs 0,021ms
[2021-04-30T09:23:18.192+0300][29,042s][info][gc] GC(545) Concurrent update references 7,070ms
[2021-04-30T09:23:18.193+0300][29,042s][info][gc] GC(545) Pause Final Update Refs 0,199ms
[2021-04-30T09:23:18.193+0300][29,042s][info][gc] GC(545) Concurrent cleanup 119M->113M(128M) 0,055ms
[2021-04-30T09:23:18.194+0300][29,044s][info][gc] Trigger: Free (8310K) is below minimum threshold (13107K)
[2021-04-30T09:23:18.194+0300][29,044s][info][gc] GC(546) Concurrent reset 0,186ms
[2021-04-30T09:23:18.195+0300][29,044s][info][gc] GC(546) Pause Init Mark 0,159ms
[2021-04-30T09:23:18.208+0300][29,057s][info][gc] GC(546) Concurrent marking 13,031ms
[2021-04-30T09:23:18.209+0300][29,058s][info][gc] GC(546) Pause Final Mark 0,702ms
[2021-04-30T09:23:18.209+0300][29,058s][info][gc] GC(546) Concurrent cleanup 114M->114M(128M) 0,040ms
[2021-04-30T09:23:18.209+0300][29,058s][info][gc] GC(546) Concurrent evacuation 0,111ms
[2021-04-30T09:23:18.209+0300][29,059s][info][gc] GC(546) Pause Init Update Refs 0,006ms
[2021-04-30T09:23:18.218+0300][29,067s][info][gc] GC(546) Concurrent update references 8,730ms
[2021-04-30T09:23:18.218+0300][29,068s][info][gc] GC(546) Pause Final Update Refs 0,071ms
[2021-04-30T09:23:18.218+0300][29,068s][info][gc] GC(546) Concurrent cleanup 119M->113M(128M) 0,041ms
[2021-04-30T09:23:18.219+0300][29,069s][info][gc] Trigger: Free (7321K) is below minimum threshold (13107K)
[2021-04-30T09:23:18.220+0300][29,069s][info][gc] GC(547) Concurrent reset 0,246ms
[2021-04-30T09:23:18.220+0300][29,070s][info][gc] GC(547) Pause Init Mark 0,336ms
[2021-04-30T09:23:18.234+0300][29,084s][info][gc] GC(547) Concurrent marking 14,107ms
[2021-04-30T09:23:18.235+0300][29,084s][info][gc] GC(547) Pause Final Mark 0,409ms
[2021-04-30T09:23:18.235+0300][29,085s][info][gc] GC(547) Concurrent cleanup 115M->115M(128M) 0,057ms
[2021-04-30T09:23:18.237+0300][29,086s][info][gc] GC(547) Concurrent evacuation 1,650ms
[2021-04-30T09:23:18.237+0300][29,086s][info][gc] GC(547) Pause Init Update Refs 0,005ms
[2021-04-30T09:23:18.245+0300][29,095s][info][gc] GC(547) Concurrent update references 8,313ms
[2021-04-30T09:23:18.246+0300][29,095s][info][gc] GC(547) Pause Final Update Refs 0,121ms
[2021-04-30T09:23:18.246+0300][29,095s][info][gc] GC(547) Concurrent cleanup 122M->113M(128M) 0,039ms
[2021-04-30T09:23:18.247+0300][29,096s][info][gc] Trigger: Free (7072K) is below minimum threshold (13107K)
[2021-04-30T09:23:18.247+0300][29,096s][info][gc] GC(548) Concurrent reset 0,147ms
[2021-04-30T09:23:18.247+0300][29,097s][info][gc] GC(548) Pause Init Mark 0,172ms
[2021-04-30T09:23:18.262+0300][29,112s][info][gc] GC(548) Concurrent marking 14,651ms
[2021-04-30T09:23:18.263+0300][29,112s][info][gc] GC(548) Pause Final Mark 0,538ms
[2021-04-30T09:23:18.263+0300][29,112s][info][gc] GC(548) Concurrent cleanup 115M->115M(128M) 0,041ms
[2021-04-30T09:23:18.263+0300][29,113s][info][gc] GC(548) Concurrent evacuation 0,321ms
[2021-04-30T09:23:18.263+0300][29,113s][info][gc] GC(548) Pause Init Update Refs 0,005ms
[2021-04-30T09:23:18.272+0300][29,122s][info][gc] GC(548) Concurrent update references 8,666ms
[2021-04-30T09:23:18.272+0300][29,122s][info][gc] GC(548) Pause Final Update Refs 0,076ms
[2021-04-30T09:23:18.273+0300][29,122s][info][gc] GC(548) Concurrent cleanup 120M->113M(128M) 0,040ms
[2021-04-30T09:23:18.274+0300][29,123s][info][gc] Trigger: Free (7840K) is below minimum threshold (13107K)
[2021-04-30T09:23:18.274+0300][29,123s][info][gc] GC(549) Concurrent reset 0,196ms
[2021-04-30T09:23:18.274+0300][29,124s][info][gc] GC(549) Pause Init Mark 0,147ms
[2021-04-30T09:23:18.289+0300][29,138s][info][gc] GC(549) Concurrent marking 14,750ms
[2021-04-30T09:23:18.289+0300][29,139s][info][gc] GC(549) Pause Final Mark 0,340ms
[2021-04-30T09:23:18.290+0300][29,139s][info][gc] GC(549) Concurrent cleanup 114M->114M(128M) 0,041ms
[2021-04-30T09:23:18.290+0300][29,139s][info][gc] GC(549) Concurrent evacuation 0,193ms
[2021-04-30T09:23:18.290+0300][29,139s][info][gc] GC(549) Pause Init Update Refs 0,005ms
[2021-04-30T09:23:18.297+0300][29,147s][info][gc] GC(549) Concurrent update references 7,516ms
[2021-04-30T09:23:18.298+0300][29,147s][info][gc] GC(549) Pause Final Update Refs 0,072ms
[2021-04-30T09:23:18.298+0300][29,147s][info][gc] GC(549) Concurrent cleanup 115M->108M(128M) 0,043ms
[2021-04-30T09:23:18.299+0300][29,148s][info][gc] Trigger: Free (12678K) is below minimum threshold (13107K)
[2021-04-30T09:23:18.299+0300][29,149s][info][gc] GC(550) Concurrent reset 0,242ms
[2021-04-30T09:23:18.300+0300][29,149s][info][gc] GC(550) Pause Init Mark (process weakrefs) 0,300ms
[2021-04-30T09:23:18.314+0300][29,163s][info][gc] GC(550) Concurrent marking (process weakrefs) 14,201ms
[2021-04-30T09:23:18.314+0300][29,164s][info][gc] GC(550) Concurrent precleaning 0,096ms
[2021-04-30T09:23:18.315+0300][29,164s][info][gc] GC(550) Pause Final Mark (process weakrefs) 0,464ms
[2021-04-30T09:23:18.315+0300][29,164s][info][gc] GC(550) Concurrent cleanup 110M->110M(128M) 0,039ms
[2021-04-30T09:23:18.316+0300][29,165s][info][gc] GC(550) Concurrent evacuation 0,825ms
[2021-04-30T09:23:18.316+0300][29,165s][info][gc] GC(550) Pause Init Update Refs 0,005ms
[2021-04-30T09:23:18.326+0300][29,175s][info][gc] GC(550) Concurrent update references 9,787ms
[2021-04-30T09:23:18.326+0300][29,175s][info][gc] GC(550) Pause Final Update Refs 0,081ms
[2021-04-30T09:23:18.326+0300][29,175s][info][gc] GC(550) Concurrent cleanup 118M->115M(128M) 0,040ms
[2021-04-30T09:23:18.327+0300][29,177s][info][gc] Trigger: Free (5630K) is below minimum threshold (13107K)
[2021-04-30T09:23:18.327+0300][29,177s][info][gc] GC(551) Concurrent reset 0,116ms
[2021-04-30T09:23:18.327+0300][29,177s][info][gc] GC(551) Pause Init Mark 0,147ms
[2021-04-30T09:23:18.341+0300][29,190s][info][gc] GC(551) Concurrent marking 13,358ms
[2021-04-30T09:23:18.341+0300][29,191s][info][gc] GC(551) Pause Final Mark 0,360ms
[2021-04-30T09:23:18.341+0300][29,191s][info][gc] GC(551) Concurrent cleanup 116M->116M(128M) 0,038ms
[2021-04-30T09:23:18.342+0300][29,191s][info][gc] GC(551) Concurrent evacuation 0,186ms
[2021-04-30T09:23:18.342+0300][29,191s][info][gc] GC(551) Pause Init Update Refs 0,005ms
[2021-04-30T09:23:18.350+0300][29,199s][info][gc] GC(551) Concurrent update references 8,021ms
[2021-04-30T09:23:18.350+0300][29,199s][info][gc] GC(551) Pause Final Update Refs 0,070ms
[2021-04-30T09:23:18.350+0300][29,200s][info][gc] GC(551) Concurrent cleanup 118M->109M(128M) 0,041ms
[2021-04-30T09:23:18.351+0300][29,201s][info][gc] Trigger: Free (11000K) is below minimum threshold (13107K)
[2021-04-30T09:23:18.351+0300][29,201s][info][gc] GC(552) Concurrent reset 0,173ms
[2021-04-30T09:23:18.352+0300][29,201s][info][gc] GC(552) Pause Init Mark 0,166ms
[2021-04-30T09:23:18.365+0300][29,215s][info][gc] GC(552) Concurrent marking 13,549ms
[2021-04-30T09:23:18.366+0300][29,216s][info][gc] GC(552) Pause Final Mark 0,482ms
[2021-04-30T09:23:18.366+0300][29,216s][info][gc] GC(552) Concurrent cleanup 112M->112M(128M) 0,039ms
[2021-04-30T09:23:18.367+0300][29,217s][info][gc] GC(552) Concurrent evacuation 1,059ms
[2021-04-30T09:23:18.368+0300][29,217s][info][gc] GC(552) Pause Init Update Refs 0,023ms
[2021-04-30T09:23:18.378+0300][29,227s][info][gc] GC(552) Concurrent update references 9,950ms
[2021-04-30T09:23:18.378+0300][29,227s][info][gc] GC(552) Pause Final Update Refs 0,082ms
[2021-04-30T09:23:18.378+0300][29,228s][info][gc] GC(552) Concurrent cleanup 120M->113M(128M) 0,041ms
[2021-04-30T09:23:18.379+0300][29,229s][info][gc] Trigger: Free (7463K) is below minimum threshold (13107K)
[2021-04-30T09:23:18.379+0300][29,229s][info][gc] GC(553) Concurrent reset 0,183ms
[2021-04-30T09:23:18.380+0300][29,229s][info][gc] GC(553) Pause Init Mark 0,159ms
[2021-04-30T09:23:18.392+0300][29,242s][info][gc] GC(553) Concurrent marking 12,265ms
[2021-04-30T09:23:18.393+0300][29,242s][info][gc] GC(553) Pause Final Mark 0,362ms
[2021-04-30T09:23:18.393+0300][29,242s][info][gc] GC(553) Concurrent cleanup 115M->115M(128M) 0,053ms
[2021-04-30T09:23:18.393+0300][29,242s][info][gc] GC(553) Concurrent evacuation 0,157ms
[2021-04-30T09:23:18.393+0300][29,242s][info][gc] GC(553) Pause Init Update Refs 0,004ms
[2021-04-30T09:23:18.401+0300][29,250s][info][gc] GC(553) Concurrent update references 7,458ms
[2021-04-30T09:23:18.401+0300][29,250s][info][gc] GC(553) Pause Final Update Refs 0,095ms
[2021-04-30T09:23:18.401+0300][29,251s][info][gc] GC(553) Concurrent cleanup 119M->112M(128M) 0,058ms
[2021-04-30T09:23:18.402+0300][29,252s][info][gc] Trigger: Free (8276K) is below minimum threshold (13107K)
[2021-04-30T09:23:18.402+0300][29,252s][info][gc] GC(554) Concurrent reset 0,161ms
[2021-04-30T09:23:18.403+0300][29,252s][info][gc] GC(554) Pause Init Mark 0,146ms
[2021-04-30T09:23:18.415+0300][29,265s][info][gc] GC(554) Concurrent marking 12,562ms
[2021-04-30T09:23:18.416+0300][29,265s][info][gc] GC(554) Pause Final Mark 0,283ms
[2021-04-30T09:23:18.416+0300][29,265s][info][gc] GC(554) Concurrent cleanup 114M->114M(128M) 0,046ms
[2021-04-30T09:23:18.416+0300][29,265s][info][gc] GC(554) Concurrent evacuation 0,122ms
[2021-04-30T09:23:18.416+0300][29,266s][info][gc] GC(554) Pause Init Update Refs 0,004ms
[2021-04-30T09:23:18.424+0300][29,273s][info][gc] GC(554) Concurrent update references 7,671ms
[2021-04-30T09:23:18.424+0300][29,273s][info][gc] GC(554) Pause Final Update Refs 0,062ms
[2021-04-30T09:23:18.424+0300][29,273s][info][gc] GC(554) Concurrent cleanup 118M->112M(128M) 0,039ms
[2021-04-30T09:23:18.425+0300][29,275s][info][gc] Trigger: Free (8523K) is below minimum threshold (13107K)
[2021-04-30T09:23:18.425+0300][29,275s][info][gc] GC(555) Concurrent reset 0,149ms
[2021-04-30T09:23:18.426+0300][29,275s][info][gc] GC(555) Pause Init Mark (process weakrefs) 0,210ms
[2021-04-30T09:23:18.444+0300][29,293s][info][gc] GC(555) Concurrent marking (process weakrefs) 18,207ms
[2021-04-30T09:23:18.444+0300][29,293s][info][gc] GC(555) Concurrent precleaning 0,130ms
[2021-04-30T09:23:18.445+0300][29,294s][info][gc] GC(555) Pause Final Mark (process weakrefs) 0,436ms
[2021-04-30T09:23:18.445+0300][29,294s][info][gc] GC(555) Concurrent cleanup 114M->114M(128M) 0,035ms
[2021-04-30T09:23:18.445+0300][29,294s][info][gc] GC(555) Concurrent evacuation 0,168ms
[2021-04-30T09:23:18.445+0300][29,294s][info][gc] GC(555) Pause Init Update Refs 0,004ms
[2021-04-30T09:23:18.457+0300][29,307s][info][gc] GC(555) Concurrent update references 12,529ms
[2021-04-30T09:23:18.458+0300][29,308s][info][gc] GC(555) Pause Final Update Refs 0,237ms
[2021-04-30T09:23:18.458+0300][29,308s][info][gc] GC(555) Concurrent cleanup 119M->113M(128M) 0,062ms
[2021-04-30T09:23:18.460+0300][29,309s][info][gc] Trigger: Free (7887K) is below minimum threshold (13107K)
[2021-04-30T09:23:18.460+0300][29,309s][info][gc] GC(556) Concurrent reset 0,198ms
[2021-04-30T09:23:18.460+0300][29,310s][info][gc] GC(556) Pause Init Mark 0,205ms
[2021-04-30T09:23:18.474+0300][29,323s][info][gc] GC(556) Concurrent marking 13,482ms
[2021-04-30T09:23:18.474+0300][29,324s][info][gc] GC(556) Pause Final Mark 0,360ms
[2021-04-30T09:23:18.475+0300][29,324s][info][gc] GC(556) Concurrent cleanup 114M->114M(128M) 0,040ms
[2021-04-30T09:23:18.475+0300][29,324s][info][gc] GC(556) Concurrent evacuation 0,150ms
[2021-04-30T09:23:18.475+0300][29,324s][info][gc] GC(556) Pause Init Update Refs 0,004ms
[2021-04-30T09:23:18.484+0300][29,333s][info][gc] GC(556) Concurrent update references 9,101ms
[2021-04-30T09:23:18.484+0300][29,334s][info][gc] GC(556) Pause Final Update Refs 0,065ms
[2021-04-30T09:23:18.484+0300][29,334s][info][gc] GC(556) Concurrent cleanup 118M->112M(128M) 0,040ms
[2021-04-30T09:23:18.485+0300][29,335s][info][gc] Trigger: Free (8829K) is below minimum threshold (13107K)
[2021-04-30T09:23:18.486+0300][29,335s][info][gc] GC(557) Concurrent reset 0,150ms
[2021-04-30T09:23:18.486+0300][29,335s][info][gc] GC(557) Pause Init Mark 0,135ms
[2021-04-30T09:23:18.501+0300][29,350s][info][gc] GC(557) Concurrent marking 15,107ms
[2021-04-30T09:23:18.501+0300][29,351s][info][gc] GC(557) Pause Final Mark 0,365ms
[2021-04-30T09:23:18.502+0300][29,351s][info][gc] GC(557) Concurrent cleanup 113M->113M(128M) 0,038ms
[2021-04-30T09:23:18.502+0300][29,352s][info][gc] GC(557) Concurrent evacuation 0,473ms
[2021-04-30T09:23:18.502+0300][29,352s][info][gc] GC(557) Pause Init Update Refs 0,004ms
[2021-04-30T09:23:18.511+0300][29,361s][info][gc] GC(557) Concurrent update references 9,138ms
[2021-04-30T09:23:18.512+0300][29,361s][info][gc] GC(557) Pause Final Update Refs 0,082ms
[2021-04-30T09:23:18.512+0300][29,361s][info][gc] GC(557) Concurrent cleanup 116M->110M(128M) 0,045ms
[2021-04-30T09:23:18.513+0300][29,362s][info][gc] Trigger: Free (11500K) is below minimum threshold (13107K)
[2021-04-30T09:23:18.513+0300][29,363s][info][gc] GC(558) Concurrent reset 0,424ms
[2021-04-30T09:23:18.514+0300][29,364s][info][gc] GC(558) Pause Init Mark 0,364ms
[2021-04-30T09:23:18.531+0300][29,381s][info][gc] GC(558) Concurrent marking 17,025ms
[2021-04-30T09:23:18.532+0300][29,381s][info][gc] GC(558) Pause Final Mark 0,286ms
[2021-04-30T09:23:18.532+0300][29,381s][info][gc] GC(558) Concurrent cleanup 111M->111M(128M) 0,038ms
[2021-04-30T09:23:18.534+0300][29,383s][info][gc] GC(558) Concurrent evacuation 1,722ms
[2021-04-30T09:23:18.534+0300][29,383s][info][gc] GC(558) Pause Init Update Refs 0,006ms
[2021-04-30T09:23:18.545+0300][29,394s][info][gc] GC(558) Concurrent update references 11,220ms
[2021-04-30T09:23:18.545+0300][29,395s][info][gc] GC(558) Pause Final Update Refs 0,117ms
[2021-04-30T09:23:18.545+0300][29,395s][info][gc] GC(558) Concurrent cleanup 123M->115M(128M) 0,041ms
[2021-04-30T09:23:18.547+0300][29,396s][info][gc] Trigger: Free (5168K) is below minimum threshold (13107K)
[2021-04-30T09:23:18.547+0300][29,396s][info][gc] GC(559) Concurrent reset 0,118ms
[2021-04-30T09:23:18.547+0300][29,397s][info][gc] GC(559) Pause Init Mark 0,173ms
[2021-04-30T09:23:18.565+0300][29,414s][info][gc] GC(559) Concurrent marking 17,481ms
[2021-04-30T09:23:18.565+0300][29,415s][info][gc] GC(559) Pause Final Mark 0,401ms
[2021-04-30T09:23:18.565+0300][29,415s][info][gc] GC(559) Concurrent cleanup 116M->116M(128M) 0,068ms
[2021-04-30T09:23:18.565+0300][29,415s][info][gc] GC(559) Concurrent evacuation 0,192ms
[2021-04-30T09:23:18.566+0300][29,415s][info][gc] GC(559) Pause Init Update Refs 0,006ms
[2021-04-30T09:23:18.575+0300][29,424s][info][gc] GC(559) Concurrent update references 8,953ms
[2021-04-30T09:23:18.575+0300][29,424s][info][gc] GC(559) Pause Final Update Refs 0,107ms
[2021-04-30T09:23:18.575+0300][29,424s][info][gc] GC(559) Concurrent cleanup 119M->110M(128M) 0,044ms
[2021-04-30T09:23:18.576+0300][29,426s][info][gc] Trigger: Free (10788K) is below minimum threshold (13107K)
[2021-04-30T09:23:18.576+0300][29,426s][info][gc] GC(560) Concurrent reset 0,145ms
[2021-04-30T09:23:18.577+0300][29,426s][info][gc] GC(560) Pause Init Mark (process weakrefs) 0,203ms
[2021-04-30T09:23:18.591+0300][29,441s][info][gc] GC(560) Concurrent marking (process weakrefs) 14,388ms
[2021-04-30T09:23:18.591+0300][29,441s][info][gc] GC(560) Concurrent precleaning 0,110ms
[2021-04-30T09:23:18.592+0300][29,441s][info][gc] GC(560) Pause Final Mark (process weakrefs) 0,476ms
[2021-04-30T09:23:18.592+0300][29,441s][info][gc] GC(560) Concurrent cleanup 112M->112M(128M) 0,037ms
[2021-04-30T09:23:18.592+0300][29,441s][info][gc] GC(560) Concurrent evacuation 0,058ms
[2021-04-30T09:23:18.592+0300][29,442s][info][gc] GC(560) Pause Init Update Refs 0,005ms
[2021-04-30T09:23:18.602+0300][29,452s][info][gc] GC(560) Concurrent update references 10,097ms
[2021-04-30T09:23:18.602+0300][29,452s][info][gc] GC(560) Pause Final Update Refs 0,101ms
[2021-04-30T09:23:18.603+0300][29,452s][info][gc] GC(560) Concurrent cleanup 113M->109M(128M) 0,044ms
[2021-04-30T09:23:18.604+0300][29,453s][info][gc] Trigger: Free (11651K) is below minimum threshold (13107K)
[2021-04-30T09:23:18.604+0300][29,454s][info][gc] GC(561) Concurrent reset 0,344ms
[2021-04-30T09:23:18.605+0300][29,455s][info][gc] GC(561) Pause Init Mark 0,484ms
[2021-04-30T09:23:18.621+0300][29,471s][info][gc] GC(561) Concurrent marking 15,806ms
[2021-04-30T09:23:18.622+0300][29,471s][info][gc] GC(561) Pause Final Mark 0,454ms
[2021-04-30T09:23:18.622+0300][29,471s][info][gc] GC(561) Concurrent cleanup 111M->111M(128M) 0,039ms
[2021-04-30T09:23:18.622+0300][29,471s][info][gc] GC(561) Concurrent evacuation 0,033ms
[2021-04-30T09:23:18.622+0300][29,472s][info][gc] GC(561) Pause Init Update Refs 0,005ms
[2021-04-30T09:23:18.630+0300][29,479s][info][gc] GC(561) Concurrent update references 7,797ms
[2021-04-30T09:23:18.630+0300][29,480s][info][gc] GC(561) Pause Final Update Refs 0,184ms
[2021-04-30T09:23:18.631+0300][29,480s][info][gc] GC(561) Concurrent cleanup 111M->109M(128M) 0,037ms
[2021-04-30T09:23:18.632+0300][29,482s][info][gc] Trigger: Free (11101K) is below minimum threshold (13107K)
[2021-04-30T09:23:18.633+0300][29,482s][info][gc] GC(562) Concurrent reset 0,271ms
[2021-04-30T09:23:18.633+0300][29,483s][info][gc] GC(562) Pause Init Mark 0,265ms
[2021-04-30T09:23:18.647+0300][29,497s][info][gc] GC(562) Concurrent marking 14,179ms
[2021-04-30T09:23:18.648+0300][29,498s][info][gc] GC(562) Pause Final Mark 0,439ms
[2021-04-30T09:23:18.648+0300][29,498s][info][gc] GC(562) Concurrent cleanup 111M->112M(128M) 0,038ms
[2021-04-30T09:23:18.649+0300][29,499s][info][gc] GC(562) Concurrent evacuation 0,872ms
[2021-04-30T09:23:18.649+0300][29,499s][info][gc] GC(562) Pause Init Update Refs 0,004ms
[2021-04-30T09:23:18.660+0300][29,510s][info][gc] GC(562) Concurrent update references 10,893ms
[2021-04-30T09:23:18.660+0300][29,510s][info][gc] GC(562) Pause Final Update Refs 0,068ms
[2021-04-30T09:23:18.660+0300][29,510s][info][gc] GC(562) Concurrent cleanup 118M->112M(128M) 0,039ms
[2021-04-30T09:23:18.662+0300][29,511s][info][gc] Trigger: Free (8005K) is below minimum threshold (13107K)
[2021-04-30T09:23:18.662+0300][29,511s][info][gc] GC(563) Concurrent reset 0,112ms
[2021-04-30T09:23:18.662+0300][29,511s][info][gc] GC(563) Pause Init Mark 0,159ms
[2021-04-30T09:23:18.675+0300][29,524s][info][gc] GC(563) Concurrent marking 12,916ms
[2021-04-30T09:23:18.675+0300][29,525s][info][gc] GC(563) Pause Final Mark 0,365ms
[2021-04-30T09:23:18.675+0300][29,525s][info][gc] GC(563) Concurrent cleanup 114M->114M(128M) 0,037ms
[2021-04-30T09:23:18.676+0300][29,525s][info][gc] GC(563) Concurrent evacuation 0,173ms
[2021-04-30T09:23:18.676+0300][29,525s][info][gc] GC(563) Pause Init Update Refs 0,021ms
[2021-04-30T09:23:18.684+0300][29,533s][info][gc] GC(563) Concurrent update references 7,642ms
[2021-04-30T09:23:18.684+0300][29,533s][info][gc] GC(563) Pause Final Update Refs 0,115ms
[2021-04-30T09:23:18.684+0300][29,534s][info][gc] GC(563) Concurrent cleanup 119M->112M(128M) 0,045ms
[2021-04-30T09:23:18.685+0300][29,535s][info][gc] Trigger: Free (7823K) is below minimum threshold (13107K)
[2021-04-30T09:23:18.685+0300][29,535s][info][gc] GC(564) Concurrent reset 0,119ms
[2021-04-30T09:23:18.686+0300][29,535s][info][gc] GC(564) Pause Init Mark 0,300ms
[2021-04-30T09:23:18.699+0300][29,549s][info][gc] GC(564) Concurrent marking 13,180ms
[2021-04-30T09:23:18.700+0300][29,549s][info][gc] GC(564) Pause Final Mark 0,610ms
[2021-04-30T09:23:18.700+0300][29,550s][info][gc] GC(564) Concurrent cleanup 114M->114M(128M) 0,044ms
[2021-04-30T09:23:18.700+0300][29,550s][info][gc] GC(564) Concurrent evacuation 0,078ms
[2021-04-30T09:23:18.700+0300][29,550s][info][gc] GC(564) Pause Init Update Refs 0,004ms
[2021-04-30T09:23:18.713+0300][29,562s][info][gc] GC(564) Concurrent update references 12,504ms
[2021-04-30T09:23:18.713+0300][29,563s][info][gc] GC(564) Pause Final Update Refs 0,154ms
[2021-04-30T09:23:18.713+0300][29,563s][info][gc] GC(564) Concurrent cleanup 116M->110M(128M) 0,040ms
[2021-04-30T09:23:18.714+0300][29,564s][info][gc] Trigger: Free (9762K) is below minimum threshold (13107K)
[2021-04-30T09:23:18.715+0300][29,564s][info][gc] GC(565) Concurrent reset 0,121ms
[2021-04-30T09:23:18.715+0300][29,565s][info][gc] GC(565) Pause Init Mark (process weakrefs) 0,258ms
[2021-04-30T09:23:18.730+0300][29,579s][info][gc] GC(565) Concurrent marking (process weakrefs) 14,842ms
[2021-04-30T09:23:18.730+0300][29,580s][info][gc] GC(565) Concurrent precleaning 0,114ms
[2021-04-30T09:23:18.731+0300][29,581s][info][gc] GC(565) Pause Final Mark (process weakrefs) 0,697ms
[2021-04-30T09:23:18.731+0300][29,581s][info][gc] GC(565) Concurrent cleanup 112M->112M(128M) 0,039ms
[2021-04-30T09:23:18.732+0300][29,582s][info][gc] GC(565) Concurrent evacuation 1,020ms
[2021-04-30T09:23:18.732+0300][29,582s][info][gc] GC(565) Pause Init Update Refs 0,006ms
[2021-04-30T09:23:18.742+0300][29,591s][info][gc] GC(565) Concurrent update references 9,496ms
[2021-04-30T09:23:18.742+0300][29,592s][info][gc] GC(565) Pause Final Update Refs 0,057ms
[2021-04-30T09:23:18.742+0300][29,592s][info][gc] GC(565) Concurrent cleanup 120M->113M(128M) 0,042ms
[2021-04-30T09:23:18.743+0300][29,593s][info][gc] Trigger: Free (7016K) is below minimum threshold (13107K)
[2021-04-30T09:23:18.744+0300][29,593s][info][gc] GC(566) Concurrent reset 0,281ms
[2021-04-30T09:23:18.744+0300][29,594s][info][gc] GC(566) Pause Init Mark 0,261ms
[2021-04-30T09:23:18.759+0300][29,609s][info][gc] GC(566) Concurrent marking 14,964ms
[2021-04-30T09:23:18.760+0300][29,609s][info][gc] GC(566) Pause Final Mark 0,381ms
[2021-04-30T09:23:18.760+0300][29,609s][info][gc] GC(566) Concurrent cleanup 115M->115M(128M) 0,036ms
[2021-04-30T09:23:18.760+0300][29,610s][info][gc] GC(566) Concurrent evacuation 0,221ms
[2021-04-30T09:23:18.760+0300][29,610s][info][gc] GC(566) Pause Init Update Refs 0,005ms
[2021-04-30T09:23:18.769+0300][29,619s][info][gc] GC(566) Concurrent update references 9,092ms
[2021-04-30T09:23:18.770+0300][29,619s][info][gc] GC(566) Pause Final Update Refs 0,102ms
[2021-04-30T09:23:18.770+0300][29,619s][info][gc] GC(566) Concurrent cleanup 119M->112M(128M) 0,041ms
[2021-04-30T09:23:18.771+0300][29,620s][info][gc] Trigger: Free (8350K) is below minimum threshold (13107K)
[2021-04-30T09:23:18.771+0300][29,621s][info][gc] GC(567) Concurrent reset 0,165ms
[2021-04-30T09:23:18.771+0300][29,621s][info][gc] GC(567) Pause Init Mark 0,139ms
[2021-04-30T09:23:18.786+0300][29,635s][info][gc] GC(567) Concurrent marking 14,127ms
[2021-04-30T09:23:18.786+0300][29,636s][info][gc] GC(567) Pause Final Mark 0,439ms
[2021-04-30T09:23:18.786+0300][29,636s][info][gc] GC(567) Concurrent cleanup 114M->114M(128M) 0,041ms
[2021-04-30T09:23:18.787+0300][29,636s][info][gc] GC(567) Concurrent evacuation 0,128ms
[2021-04-30T09:23:18.787+0300][29,636s][info][gc] GC(567) Pause Init Update Refs 0,006ms
[2021-04-30T09:23:18.795+0300][29,644s][info][gc] GC(567) Concurrent update references 8,252ms
[2021-04-30T09:23:18.795+0300][29,645s][info][gc] GC(567) Pause Final Update Refs 0,113ms
[2021-04-30T09:23:18.795+0300][29,645s][info][gc] GC(567) Concurrent cleanup 115M->109M(128M) 0,038ms
[2021-04-30T09:23:18.797+0300][29,646s][info][gc] Trigger: Free (10885K) is below minimum threshold (13107K)
[2021-04-30T09:23:18.797+0300][29,646s][info][gc] GC(568) Concurrent reset 0,154ms
[2021-04-30T09:23:18.797+0300][29,647s][info][gc] GC(568) Pause Init Mark 0,144ms
[2021-04-30T09:23:18.813+0300][29,662s][info][gc] GC(568) Concurrent marking 15,429ms
[2021-04-30T09:23:18.813+0300][29,663s][info][gc] GC(568) Pause Final Mark 0,597ms
[2021-04-30T09:23:18.814+0300][29,663s][info][gc] GC(568) Concurrent cleanup 112M->112M(128M) 0,042ms
[2021-04-30T09:23:18.815+0300][29,664s][info][gc] GC(568) Concurrent evacuation 1,346ms
[2021-04-30T09:23:18.815+0300][29,664s][info][gc] GC(568) Pause Init Update Refs 0,004ms
[2021-04-30T09:23:18.823+0300][29,673s][info][gc] GC(568) Concurrent update references 8,205ms
[2021-04-30T09:23:18.824+0300][29,673s][info][gc] GC(568) Pause Final Update Refs 0,236ms
[2021-04-30T09:23:18.824+0300][29,674s][info][gc] GC(568) Concurrent cleanup 123M->115M(128M) 0,060ms
[2021-04-30T09:23:18.825+0300][29,675s][info][gc] Trigger: Free (5885K) is below minimum threshold (13107K)
[2021-04-30T09:23:18.826+0300][29,675s][info][gc] GC(569) Concurrent reset 0,155ms
[2021-04-30T09:23:18.826+0300][29,675s][info][gc] GC(569) Pause Init Mark 0,179ms
[2021-04-30T09:23:18.839+0300][29,688s][info][gc] GC(569) Concurrent marking 12,885ms
[2021-04-30T09:23:18.839+0300][29,689s][info][gc] GC(569) Pause Final Mark 0,342ms
[2021-04-30T09:23:18.839+0300][29,689s][info][gc] GC(569) Concurrent cleanup 116M->116M(128M) 0,037ms
[2021-04-30T09:23:18.840+0300][29,689s][info][gc] GC(569) Concurrent evacuation 0,171ms
[2021-04-30T09:23:18.840+0300][29,689s][info][gc] GC(569) Pause Init Update Refs 0,020ms
[2021-04-30T09:23:18.847+0300][29,697s][info][gc] GC(569) Concurrent update references 7,157ms
[2021-04-30T09:23:18.847+0300][29,697s][info][gc] GC(569) Pause Final Update Refs 0,160ms
[2021-04-30T09:23:18.848+0300][29,697s][info][gc] GC(569) Concurrent cleanup 121M->112M(128M) 0,056ms
[2021-04-30T09:23:18.849+0300][29,698s][info][gc] Trigger: Free (7944K) is below minimum threshold (13107K)
[2021-04-30T09:23:18.849+0300][29,698s][info][gc] GC(570) Concurrent reset 0,188ms
[2021-04-30T09:23:18.849+0300][29,699s][info][gc] GC(570) Pause Init Mark (process weakrefs) 0,148ms
[2021-04-30T09:23:18.868+0300][29,718s][info][gc] GC(570) Concurrent marking (process weakrefs) 18,978ms
[2021-04-30T09:23:18.869+0300][29,718s][info][gc] GC(570) Concurrent precleaning 0,191ms
[2021-04-30T09:23:18.869+0300][29,718s][info][gc] GC(570) Pause Final Mark (process weakrefs) 0,334ms
[2021-04-30T09:23:18.869+0300][29,719s][info][gc] GC(570) Concurrent cleanup 114M->114M(128M) 0,045ms
[2021-04-30T09:23:18.869+0300][29,719s][info][gc] GC(570) Concurrent evacuation 0,277ms
[2021-04-30T09:23:18.870+0300][29,719s][info][gc] GC(570) Pause Init Update Refs 0,020ms
[2021-04-30T09:23:18.878+0300][29,727s][info][gc] GC(570) Concurrent update references 7,722ms
[2021-04-30T09:23:18.878+0300][29,727s][info][gc] GC(570) Pause Final Update Refs 0,057ms
[2021-04-30T09:23:18.878+0300][29,727s][info][gc] GC(570) Concurrent cleanup 118M->111M(128M) 0,043ms
[2021-04-30T09:23:18.879+0300][29,728s][info][gc] Trigger: Free (8989K) is below minimum threshold (13107K)
[2021-04-30T09:23:18.879+0300][29,729s][info][gc] GC(571) Concurrent reset 0,171ms
[2021-04-30T09:23:18.880+0300][29,729s][info][gc] GC(571) Pause Init Mark 0,178ms
[2021-04-30T09:23:18.898+0300][29,748s][info][gc] GC(571) Concurrent marking 18,681ms
[2021-04-30T09:23:18.899+0300][29,748s][info][gc] GC(571) Pause Final Mark 0,421ms
[2021-04-30T09:23:18.899+0300][29,748s][info][gc] GC(571) Concurrent cleanup 113M->113M(128M) 0,038ms
[2021-04-30T09:23:18.899+0300][29,749s][info][gc] GC(571) Concurrent evacuation 0,204ms
[2021-04-30T09:23:18.899+0300][29,749s][info][gc] GC(571) Pause Init Update Refs 0,004ms
[2021-04-30T09:23:18.907+0300][29,756s][info][gc] GC(571) Concurrent update references 7,648ms
[2021-04-30T09:23:18.907+0300][29,757s][info][gc] GC(571) Pause Final Update Refs 0,132ms
[2021-04-30T09:23:18.907+0300][29,757s][info][gc] GC(571) Concurrent cleanup 116M->110M(128M) 0,053ms
[2021-04-30T09:23:18.909+0300][29,758s][info][gc] Trigger: Free (10445K) is below minimum threshold (13107K)
[2021-04-30T09:23:18.909+0300][29,758s][info][gc] GC(572) Concurrent reset 0,130ms
[2021-04-30T09:23:18.909+0300][29,758s][info][gc] GC(572) Pause Init Mark 0,183ms
[2021-04-30T09:23:18.922+0300][29,771s][info][gc] GC(572) Concurrent marking 12,955ms
[2021-04-30T09:23:18.923+0300][29,772s][info][gc] GC(572) Pause Final Mark 0,480ms
[2021-04-30T09:23:18.923+0300][29,772s][info][gc] GC(572) Concurrent cleanup 112M->112M(128M) 0,036ms
[2021-04-30T09:23:18.923+0300][29,773s][info][gc] GC(572) Concurrent evacuation 0,215ms
[2021-04-30T09:23:18.923+0300][29,773s][info][gc] GC(572) Pause Init Update Refs 0,021ms
[2021-04-30T09:23:18.931+0300][29,780s][info][gc] GC(572) Concurrent update references 7,214ms
[2021-04-30T09:23:18.931+0300][29,780s][info][gc] GC(572) Pause Final Update Refs 0,095ms
[2021-04-30T09:23:18.931+0300][29,781s][info][gc] GC(572) Concurrent cleanup 118M->114M(128M) 0,046ms
[2021-04-30T09:23:18.932+0300][29,782s][info][gc] Trigger: Free (6691K) is below minimum threshold (13107K)
[2021-04-30T09:23:18.933+0300][29,782s][info][gc] GC(573) Concurrent reset 0,249ms
[2021-04-30T09:23:18.933+0300][29,783s][info][gc] GC(573) Pause Init Mark 0,192ms
[2021-04-30T09:23:18.956+0300][29,806s][info][gc] GC(573) Concurrent marking 23,141ms
[2021-04-30T09:23:18.958+0300][29,807s][info][gc] GC(573) Pause Final Mark 1,212ms
[2021-04-30T09:23:18.958+0300][29,807s][info][gc] GC(573) Concurrent cleanup 115M->115M(128M) 0,086ms
[2021-04-30T09:23:18.958+0300][29,807s][info][gc] GC(573) Concurrent evacuation 0,200ms
[2021-04-30T09:23:18.958+0300][29,808s][info][gc] GC(573) Pause Init Update Refs 0,005ms
[2021-04-30T09:23:18.966+0300][29,815s][info][gc] GC(573) Concurrent update references 7,445ms
[2021-04-30T09:23:18.966+0300][29,815s][info][gc] GC(573) Pause Final Update Refs 0,067ms
[2021-04-30T09:23:18.966+0300][29,815s][info][gc] GC(573) Concurrent cleanup 121M->114M(128M) 0,039ms
[2021-04-30T09:23:18.967+0300][29,816s][info][gc] Trigger: Free (6510K) is below minimum threshold (13107K)
[2021-04-30T09:23:18.967+0300][29,817s][info][gc] GC(574) Concurrent reset 0,135ms
[2021-04-30T09:23:18.967+0300][29,817s][info][gc] GC(574) Pause Init Mark 0,192ms
[2021-04-30T09:23:18.982+0300][29,831s][info][gc] GC(574) Concurrent marking 14,444ms
[2021-04-30T09:23:18.982+0300][29,832s][info][gc] GC(574) Pause Final Mark 0,404ms
[2021-04-30T09:23:18.983+0300][29,832s][info][gc] GC(574) Concurrent cleanup 115M->115M(128M) 0,040ms
[2021-04-30T09:23:18.983+0300][29,832s][info][gc] GC(574) Concurrent evacuation 0,219ms
[2021-04-30T09:23:18.983+0300][29,832s][info][gc] GC(574) Pause Init Update Refs 0,004ms
[2021-04-30T09:23:18.991+0300][29,841s][info][gc] GC(574) Concurrent update references 8,224ms
[2021-04-30T09:23:18.991+0300][29,841s][info][gc] GC(574) Pause Final Update Refs 0,129ms
[2021-04-30T09:23:18.991+0300][29,841s][info][gc] GC(574) Concurrent cleanup 117M->110M(128M) 0,040ms
[2021-04-30T09:23:18.993+0300][29,842s][info][gc] Trigger: Free (10538K) is below minimum threshold (13107K)
[2021-04-30T09:23:18.993+0300][29,842s][info][gc] GC(575) Concurrent reset 0,153ms
[2021-04-30T09:23:18.993+0300][29,843s][info][gc] GC(575) Pause Init Mark (process weakrefs) 0,199ms
[2021-04-30T09:23:19.010+0300][29,859s][info][gc] GC(575) Concurrent marking (process weakrefs) 16,614ms
[2021-04-30T09:23:19.010+0300][29,859s][info][gc] GC(575) Concurrent precleaning 0,145ms
[2021-04-30T09:23:19.011+0300][29,860s][info][gc] GC(575) Pause Final Mark (process weakrefs) 0,467ms
[2021-04-30T09:23:19.011+0300][29,860s][info][gc] GC(575) Concurrent cleanup 112M->112M(128M) 0,051ms
[2021-04-30T09:23:19.011+0300][29,860s][info][gc] GC(575) Concurrent evacuation 0,143ms
[2021-04-30T09:23:19.011+0300][29,860s][info][gc] GC(575) Pause Init Update Refs 0,004ms
[2021-04-30T09:23:19.020+0300][29,869s][info][gc] GC(575) Concurrent update references 8,893ms
[2021-04-30T09:23:19.020+0300][29,870s][info][gc] GC(575) Pause Final Update Refs 0,092ms
[2021-04-30T09:23:19.020+0300][29,870s][info][gc] GC(575) Concurrent cleanup 113M->110M(128M) 0,042ms
[2021-04-30T09:23:19.021+0300][29,871s][info][gc] Trigger: Free (9968K) is below minimum threshold (13107K)
[2021-04-30T09:23:19.022+0300][29,871s][info][gc] GC(576) Concurrent reset 0,468ms
[2021-04-30T09:23:19.023+0300][29,872s][info][gc] GC(576) Pause Init Mark 0,436ms
[2021-04-30T09:23:19.040+0300][29,889s][info][gc] GC(576) Concurrent marking 17,140ms
[2021-04-30T09:23:19.040+0300][29,890s][info][gc] GC(576) Pause Final Mark 0,341ms
[2021-04-30T09:23:19.041+0300][29,890s][info][gc] GC(576) Concurrent cleanup 112M->112M(128M) 0,043ms
[2021-04-30T09:23:19.041+0300][29,890s][info][gc] GC(576) Concurrent evacuation 0,131ms
[2021-04-30T09:23:19.041+0300][29,890s][info][gc] GC(576) Pause Init Update Refs 0,004ms
[2021-04-30T09:23:19.052+0300][29,901s][info][gc] GC(576) Concurrent update references 10,764ms
[2021-04-30T09:23:19.052+0300][29,901s][info][gc] GC(576) Pause Final Update Refs 0,086ms
[2021-04-30T09:23:19.052+0300][29,902s][info][gc] GC(576) Concurrent cleanup 115M->111M(128M) 0,051ms
[2021-04-30T09:23:19.053+0300][29,903s][info][gc] Trigger: Free (9993K) is below minimum threshold (13107K)
[2021-04-30T09:23:19.053+0300][29,903s][info][gc] GC(577) Concurrent reset 0,174ms
[2021-04-30T09:23:19.054+0300][29,903s][info][gc] GC(577) Pause Init Mark 0,220ms
[2021-04-30T09:23:19.073+0300][29,923s][info][gc] GC(577) Concurrent marking 19,143ms
[2021-04-30T09:23:19.074+0300][29,923s][info][gc] GC(577) Pause Final Mark 0,412ms
[2021-04-30T09:23:19.074+0300][29,923s][info][gc] GC(577) Concurrent cleanup 112M->112M(128M) 0,042ms
[2021-04-30T09:23:19.075+0300][29,924s][info][gc] GC(577) Concurrent evacuation 0,691ms
[2021-04-30T09:23:19.075+0300][29,924s][info][gc] GC(577) Pause Init Update Refs 0,006ms
[2021-04-30T09:23:19.086+0300][29,936s][info][gc] GC(577) Concurrent update references 11,298ms
[2021-04-30T09:23:19.087+0300][29,936s][info][gc] GC(577) Pause Final Update Refs 0,157ms
[2021-04-30T09:23:19.087+0300][29,936s][info][gc] GC(577) Concurrent cleanup 117M->112M(128M) 0,042ms
[2021-04-30T09:23:19.088+0300][29,937s][info][gc] Trigger: Free (7960K) is below minimum threshold (13107K)
[2021-04-30T09:23:19.088+0300][29,937s][info][gc] GC(578) Concurrent reset 0,130ms
[2021-04-30T09:23:19.089+0300][29,938s][info][gc] GC(578) Pause Init Mark 0,309ms
[2021-04-30T09:23:19.104+0300][29,954s][info][gc] GC(578) Concurrent marking 15,397ms
[2021-04-30T09:23:19.105+0300][29,954s][info][gc] GC(578) Pause Final Mark 0,564ms
[2021-04-30T09:23:19.105+0300][29,954s][info][gc] GC(578) Concurrent cleanup 114M->114M(128M) 0,043ms
[2021-04-30T09:23:19.105+0300][29,955s][info][gc] GC(578) Concurrent evacuation 0,184ms
[2021-04-30T09:23:19.105+0300][29,955s][info][gc] GC(578) Pause Init Update Refs 0,006ms
[2021-04-30T09:23:19.113+0300][29,962s][info][gc] GC(578) Concurrent update references 7,484ms
[2021-04-30T09:23:19.113+0300][29,963s][info][gc] GC(578) Pause Final Update Refs 0,140ms
[2021-04-30T09:23:19.113+0300][29,963s][info][gc] GC(578) Concurrent cleanup 117M->111M(128M) 0,041ms
[2021-04-30T09:23:19.114+0300][29,964s][info][gc] Trigger: Free (9224K) is below minimum threshold (13107K)
[2021-04-30T09:23:19.115+0300][29,964s][info][gc] GC(579) Concurrent reset 0,188ms
[2021-04-30T09:23:19.115+0300][29,965s][info][gc] GC(579) Pause Init Mark 0,171ms
[2021-04-30T09:23:19.129+0300][29,978s][info][gc] GC(579) Concurrent marking 13,696ms
[2021-04-30T09:23:19.130+0300][29,979s][info][gc] GC(579) Pause Final Mark 0,610ms
[2021-04-30T09:23:19.130+0300][29,979s][info][gc] GC(579) Concurrent cleanup 114M->114M(128M) 0,039ms
[2021-04-30T09:23:19.131+0300][29,980s][info][gc] GC(579) Concurrent evacuation 0,958ms
[2021-04-30T09:23:19.131+0300][29,980s][info][gc] GC(579) Pause Init Update Refs 0,023ms
[2021-04-30T09:23:19.139+0300][29,988s][info][gc] GC(579) Concurrent update references 7,793ms
[2021-04-30T09:23:19.139+0300][29,989s][info][gc] GC(579) Pause Final Update Refs 0,111ms
[2021-04-30T09:23:19.139+0300][29,989s][info][gc] GC(579) Concurrent cleanup 121M->114M(128M) 0,041ms
[2021-04-30T09:23:19.140+0300][29,990s][info][gc] Trigger: Free (6187K) is below minimum threshold (13107K)
[2021-04-30T09:23:19.141+0300][29,990s][info][gc] GC(580) Concurrent reset 0,163ms
[2021-04-30T09:23:19.141+0300][29,990s][info][gc] GC(580) Pause Init Mark (process weakrefs) 0,180ms
[2021-04-30T09:23:19.155+0300][30,004s][info][gc] GC(580) Concurrent marking (process weakrefs) 13,839ms
[2021-04-30T09:23:19.155+0300][30,004s][info][gc] GC(580) Concurrent precleaning 0,057ms
[2021-04-30T09:23:19.155+0300][30,005s][info][gc] GC(580) Pause Final Mark (process weakrefs) 0,478ms
[2021-04-30T09:23:19.156+0300][30,005s][info][gc] GC(580) Concurrent cleanup 116M->116M(128M) 0,037ms
[2021-04-30T09:23:19.156+0300][30,005s][info][gc] GC(580) Concurrent evacuation 0,227ms
[2021-04-30T09:23:19.156+0300][30,005s][info][gc] GC(580) Pause Init Update Refs 0,005ms
[2021-04-30T09:23:19.166+0300][30,015s][info][gc] GC(580) Concurrent update references 10,085ms
[2021-04-30T09:23:19.166+0300][30,016s][info][gc] GC(580) Pause Final Update Refs 0,184ms
[2021-04-30T09:23:19.166+0300][30,016s][info][gc] GC(580) Concurrent cleanup 118M->111M(128M) 0,041ms
[2021-04-30T09:23:19.168+0300][30,017s][info][gc] Trigger: Free (9500K) is below minimum threshold (13107K)
[2021-04-30T09:23:19.168+0300][30,017s][info][gc] GC(581) Concurrent reset 0,163ms
[2021-04-30T09:23:19.168+0300][30,018s][info][gc] GC(581) Pause Init Mark 0,215ms
[2021-04-30T09:23:19.187+0300][30,036s][info][gc] GC(581) Concurrent marking 18,655ms
[2021-04-30T09:23:19.188+0300][30,037s][info][gc] GC(581) Pause Final Mark 0,894ms
[2021-04-30T09:23:19.193+0300][30,043s][info][gc] GC(581) Concurrent cleanup 113M->113M(128M) 0,039ms
[2021-04-30T09:23:19.194+0300][30,044s][info][gc] GC(581) Concurrent evacuation 0,948ms
[2021-04-30T09:23:19.195+0300][30,044s][info][gc] GC(581) Pause Init Update Refs 0,021ms
[2021-04-30T09:23:19.204+0300][30,054s][info][gc] GC(581) Concurrent update references 9,485ms
[2021-04-30T09:23:19.205+0300][30,054s][info][gc] GC(581) Pause Final Update Refs 0,073ms
[2021-04-30T09:23:19.205+0300][30,054s][info][gc] GC(581) Concurrent cleanup 120M->113M(128M) 0,042ms
[2021-04-30T09:23:19.206+0300][30,055s][info][gc] Trigger: Free (7612K) is below minimum threshold (13107K)
[2021-04-30T09:23:19.206+0300][30,055s][info][gc] GC(582) Concurrent reset 0,158ms
[2021-04-30T09:23:19.206+0300][30,056s][info][gc] GC(582) Pause Init Mark 0,247ms
[2021-04-30T09:23:19.221+0300][30,070s][info][gc] GC(582) Concurrent marking 14,026ms
[2021-04-30T09:23:19.221+0300][30,071s][info][gc] GC(582) Pause Final Mark 0,454ms
[2021-04-30T09:23:19.221+0300][30,071s][info][gc] GC(582) Concurrent cleanup 114M->115M(128M) 0,039ms
[2021-04-30T09:23:19.222+0300][30,072s][info][gc] GC(582) Concurrent evacuation 0,804ms
[2021-04-30T09:23:19.222+0300][30,072s][info][gc] GC(582) Pause Init Update Refs 0,005ms
[2021-04-30T09:23:19.230+0300][30,080s][info][gc] GC(582) Concurrent update references 7,813ms
[2021-04-30T09:23:19.231+0300][30,080s][info][gc] GC(582) Pause Final Update Refs 0,204ms
[2021-04-30T09:23:19.231+0300][30,080s][info][gc] GC(582) Concurrent cleanup 122M->115M(128M) 0,040ms
[2021-04-30T09:23:19.232+0300][30,081s][info][gc] Trigger: Free (5918K) is below minimum threshold (13107K)
[2021-04-30T09:23:19.232+0300][30,082s][info][gc] GC(583) Concurrent reset 0,283ms
[2021-04-30T09:23:19.233+0300][30,082s][info][gc] GC(583) Pause Init Mark 0,271ms
[2021-04-30T09:23:19.248+0300][30,097s][info][gc] GC(583) Concurrent marking 15,104ms
[2021-04-30T09:23:19.249+0300][30,098s][info][gc] GC(583) Pause Final Mark 0,505ms
[2021-04-30T09:23:19.249+0300][30,098s][info][gc] GC(583) Concurrent cleanup 116M->116M(128M) 0,053ms
[2021-04-30T09:23:19.249+0300][30,099s][info][gc] GC(583) Concurrent evacuation 0,220ms
[2021-04-30T09:23:19.249+0300][30,099s][info][gc] GC(583) Pause Init Update Refs 0,020ms
[2021-04-30T09:23:19.258+0300][30,108s][info][gc] GC(583) Concurrent update references 8,617ms
[2021-04-30T09:23:19.259+0300][30,108s][info][gc] GC(583) Pause Final Update Refs 0,118ms
[2021-04-30T09:23:19.259+0300][30,108s][info][gc] GC(583) Concurrent cleanup 120M->113M(128M) 0,044ms
[2021-04-30T09:23:19.260+0300][30,109s][info][gc] Trigger: Free (7103K) is below minimum threshold (13107K)
[2021-04-30T09:23:19.260+0300][30,109s][info][gc] GC(584) Concurrent reset 0,174ms
[2021-04-30T09:23:19.260+0300][30,110s][info][gc] GC(584) Pause Init Mark 0,257ms
[2021-04-30T09:23:19.280+0300][30,130s][info][gc] GC(584) Concurrent marking 19,631ms
[2021-04-30T09:23:19.281+0300][30,131s][info][gc] GC(584) Pause Final Mark 0,956ms
[2021-04-30T09:23:19.281+0300][30,131s][info][gc] GC(584) Concurrent cleanup 115M->115M(128M) 0,043ms
[2021-04-30T09:23:19.282+0300][30,132s][info][gc] GC(584) Concurrent evacuation 0,751ms
[2021-04-30T09:23:19.282+0300][30,132s][info][gc] GC(584) Pause Init Update Refs 0,005ms
[2021-04-30T09:23:19.291+0300][30,140s][info][gc] GC(584) Concurrent update references 8,516ms
[2021-04-30T09:23:19.291+0300][30,141s][info][gc] GC(584) Pause Final Update Refs 0,217ms
[2021-04-30T09:23:19.291+0300][30,141s][info][gc] GC(584) Concurrent cleanup 122M->114M(128M) 0,039ms
[2021-04-30T09:23:19.292+0300][30,142s][info][gc] Trigger: Free (6683K) is below minimum threshold (13107K)
[2021-04-30T09:23:19.293+0300][30,142s][info][gc] GC(585) Concurrent reset 0,235ms
[2021-04-30T09:23:19.293+0300][30,142s][info][gc] GC(585) Pause Init Mark (process weakrefs) 0,213ms
[2021-04-30T09:23:19.313+0300][30,162s][info][gc] GC(585) Concurrent marking (process weakrefs) 19,611ms
[2021-04-30T09:23:19.313+0300][30,162s][info][gc] GC(585) Concurrent precleaning 0,108ms
[2021-04-30T09:23:19.314+0300][30,163s][info][gc] GC(585) Pause Final Mark (process weakrefs) 0,657ms
[2021-04-30T09:23:19.314+0300][30,163s][info][gc] GC(585) Concurrent cleanup 116M->116M(128M) 0,039ms
[2021-04-30T09:23:19.315+0300][30,164s][info][gc] GC(585) Concurrent evacuation 0,802ms
[2021-04-30T09:23:19.315+0300][30,164s][info][gc] GC(585) Pause Init Update Refs 0,006ms
[2021-04-30T09:23:19.323+0300][30,173s][info][gc] GC(585) Concurrent update references 8,376ms
[2021-04-30T09:23:19.323+0300][30,173s][info][gc] GC(585) Pause Final Update Refs 0,104ms
[2021-04-30T09:23:19.324+0300][30,173s][info][gc] GC(585) Concurrent cleanup 123M->114M(128M) 0,043ms
[2021-04-30T09:23:19.325+0300][30,174s][info][gc] Trigger: Free (6587K) is below minimum threshold (13107K)
[2021-04-30T09:23:19.325+0300][30,174s][info][gc] GC(586) Concurrent reset 0,147ms
[2021-04-30T09:23:19.325+0300][30,175s][info][gc] GC(586) Pause Init Mark 0,189ms
[2021-04-30T09:23:19.343+0300][30,193s][info][gc] GC(586) Concurrent marking 18,207ms
[2021-04-30T09:23:19.344+0300][30,194s][info][gc] GC(586) Pause Final Mark 0,652ms
[2021-04-30T09:23:19.344+0300][30,194s][info][gc] GC(586) Concurrent cleanup 116M->116M(128M) 0,038ms
[2021-04-30T09:23:19.346+0300][30,195s][info][gc] GC(586) Concurrent evacuation 1,062ms
[2021-04-30T09:23:19.346+0300][30,195s][info][gc] GC(586) Pause Init Update Refs 0,005ms
[2021-04-30T09:23:19.354+0300][30,203s][info][gc] GC(586) Concurrent update references 7,892ms
[2021-04-30T09:23:19.354+0300][30,204s][info][gc] GC(586) Pause Final Update Refs 0,083ms
[2021-04-30T09:23:19.354+0300][30,204s][info][gc] GC(586) Concurrent cleanup 122M->112M(128M) 0,041ms
[2021-04-30T09:23:19.355+0300][30,205s][info][gc] Trigger: Free (8340K) is below minimum threshold (13107K)
[2021-04-30T09:23:19.356+0300][30,205s][info][gc] GC(587) Concurrent reset 0,120ms
[2021-04-30T09:23:19.356+0300][30,205s][info][gc] GC(587) Pause Init Mark 0,294ms
[2021-04-30T09:23:19.370+0300][30,219s][info][gc] GC(587) Concurrent marking 13,909ms
[2021-04-30T09:23:19.371+0300][30,221s][info][gc] GC(587) Pause Final Mark 0,893ms
[2021-04-30T09:23:19.371+0300][30,221s][info][gc] GC(587) Concurrent cleanup 114M->114M(128M) 0,038ms
[2021-04-30T09:23:19.372+0300][30,222s][info][gc] GC(587) Concurrent evacuation 1,020ms
[2021-04-30T09:23:19.373+0300][30,222s][info][gc] GC(587) Pause Init Update Refs 0,021ms
[2021-04-30T09:23:19.381+0300][30,230s][info][gc] GC(587) Concurrent update references 7,852ms
[2021-04-30T09:23:19.381+0300][30,230s][info][gc] GC(587) Pause Final Update Refs 0,135ms
[2021-04-30T09:23:19.381+0300][30,231s][info][gc] GC(587) Concurrent cleanup 121M->114M(128M) 0,045ms
[2021-04-30T09:23:19.382+0300][30,232s][info][gc] Trigger: Free (6658K) is below minimum threshold (13107K)
[2021-04-30T09:23:19.382+0300][30,232s][info][gc] GC(588) Concurrent reset 0,121ms
[2021-04-30T09:23:19.383+0300][30,232s][info][gc] GC(588) Pause Init Mark 0,185ms
[2021-04-30T09:23:19.401+0300][30,251s][info][gc] GC(588) Concurrent marking 18,633ms
[2021-04-30T09:23:19.402+0300][30,252s][info][gc] GC(588) Pause Final Mark 0,663ms
[2021-04-30T09:23:19.402+0300][30,252s][info][gc] GC(588) Concurrent cleanup 116M->116M(128M) 0,036ms
[2021-04-30T09:23:19.403+0300][30,253s][info][gc] GC(588) Concurrent evacuation 1,044ms
[2021-04-30T09:23:19.404+0300][30,253s][info][gc] GC(588) Pause Init Update Refs 0,021ms
[2021-04-30T09:23:19.413+0300][30,262s][info][gc] GC(588) Concurrent update references 8,781ms
[2021-04-30T09:23:19.413+0300][30,262s][info][gc] GC(588) Pause Final Update Refs 0,151ms
[2021-04-30T09:23:19.413+0300][30,263s][info][gc] GC(588) Concurrent cleanup 121M->110M(128M) 0,047ms
[2021-04-30T09:23:19.414+0300][30,264s][info][gc] Trigger: Free (9831K) is below minimum threshold (13107K)
[2021-04-30T09:23:19.414+0300][30,264s][info][gc] GC(589) Concurrent reset 0,124ms
[2021-04-30T09:23:19.415+0300][30,264s][info][gc] GC(589) Pause Init Mark 0,181ms
[2021-04-30T09:23:19.429+0300][30,279s][info][gc] GC(589) Concurrent marking 14,369ms
[2021-04-30T09:23:19.430+0300][30,280s][info][gc] GC(589) Pause Final Mark 0,935ms
[2021-04-30T09:23:19.430+0300][30,280s][info][gc] GC(589) Concurrent cleanup 113M->114M(128M) 0,039ms
[2021-04-30T09:23:19.432+0300][30,281s][info][gc] GC(589) Concurrent evacuation 1,498ms
[2021-04-30T09:23:19.432+0300][30,281s][info][gc] GC(589) Pause Init Update Refs 0,005ms
[2021-04-30T09:23:19.443+0300][30,292s][info][gc] GC(589) Concurrent update references 10,824ms
[2021-04-30T09:23:19.443+0300][30,293s][info][gc] GC(589) Pause Final Update Refs 0,069ms
[2021-04-30T09:23:19.443+0300][30,293s][info][gc] GC(589) Concurrent cleanup 123M->114M(128M) 0,040ms
[2021-04-30T09:23:19.444+0300][30,294s][info][gc] Trigger: Free (5925K) is below minimum threshold (13107K)
[2021-04-30T09:23:19.445+0300][30,294s][info][gc] GC(590) Concurrent reset 0,122ms
[2021-04-30T09:23:19.445+0300][30,294s][info][gc] GC(590) Pause Init Mark (process weakrefs) 0,202ms
[2021-04-30T09:23:19.461+0300][30,310s][info][gc] GC(590) Concurrent marking (process weakrefs) 16,042ms
[2021-04-30T09:23:19.461+0300][30,311s][info][gc] GC(590) Concurrent precleaning 0,083ms
[2021-04-30T09:23:19.462+0300][30,311s][info][gc] GC(590) Pause Final Mark (process weakrefs) 0,394ms
[2021-04-30T09:23:19.462+0300][30,311s][info][gc] GC(590) Concurrent cleanup 116M->116M(128M) 0,049ms
[2021-04-30T09:23:19.462+0300][30,311s][info][gc] GC(590) Concurrent evacuation 0,239ms
[2021-04-30T09:23:19.462+0300][30,311s][info][gc] GC(590) Pause Init Update Refs 0,005ms
[2021-04-30T09:23:19.471+0300][30,321s][info][gc] GC(590) Concurrent update references 9,384ms
[2021-04-30T09:23:19.472+0300][30,321s][info][gc] GC(590) Pause Final Update Refs 0,102ms
[2021-04-30T09:23:19.472+0300][30,321s][info][gc] GC(590) Concurrent cleanup 121M->113M(128M) 0,041ms
[2021-04-30T09:23:19.473+0300][30,322s][info][gc] Trigger: Free (7542K) is below minimum threshold (13107K)
[2021-04-30T09:23:19.473+0300][30,322s][info][gc] GC(591) Concurrent reset 0,133ms
[2021-04-30T09:23:19.473+0300][30,323s][info][gc] GC(591) Pause Init Mark 0,217ms
[2021-04-30T09:23:19.493+0300][30,343s][info][gc] GC(591) Concurrent marking 19,674ms
[2021-04-30T09:23:19.494+0300][30,343s][info][gc] GC(591) Pause Final Mark 0,338ms
[2021-04-30T09:23:19.494+0300][30,343s][info][gc] GC(591) Concurrent cleanup 114M->115M(128M) 0,041ms
[2021-04-30T09:23:19.494+0300][30,343s][info][gc] GC(591) Concurrent evacuation 0,143ms
[2021-04-30T09:23:19.494+0300][30,343s][info][gc] GC(591) Pause Init Update Refs 0,011ms
[2021-04-30T09:23:19.508+0300][30,357s][info][gc] GC(591) Concurrent update references 13,630ms
[2021-04-30T09:23:19.508+0300][30,357s][info][gc] GC(591) Pause Final Update Refs 0,064ms
[2021-04-30T09:23:19.508+0300][30,357s][info][gc] GC(591) Concurrent cleanup 119M->114M(128M) 0,040ms
[2021-04-30T09:23:19.509+0300][30,359s][info][gc] Trigger: Free (6483K) is below minimum threshold (13107K)
[2021-04-30T09:23:19.509+0300][30,359s][info][gc] GC(592) Concurrent reset 0,147ms
[2021-04-30T09:23:19.510+0300][30,359s][info][gc] GC(592) Pause Init Mark 0,168ms
[2021-04-30T09:23:19.527+0300][30,376s][info][gc] GC(592) Concurrent marking 17,033ms
[2021-04-30T09:23:19.527+0300][30,377s][info][gc] GC(592) Pause Final Mark 0,413ms
[2021-04-30T09:23:19.527+0300][30,377s][info][gc] GC(592) Concurrent cleanup 115M->115M(128M) 0,054ms
[2021-04-30T09:23:19.528+0300][30,377s][info][gc] GC(592) Concurrent evacuation 0,253ms
[2021-04-30T09:23:19.528+0300][30,377s][info][gc] GC(592) Pause Init Update Refs 0,005ms
[2021-04-30T09:23:19.536+0300][30,385s][info][gc] GC(592) Concurrent update references 8,130ms
[2021-04-30T09:23:19.536+0300][30,386s][info][gc] GC(592) Pause Final Update Refs 0,098ms
[2021-04-30T09:23:19.536+0300][30,386s][info][gc] GC(592) Concurrent cleanup 117M->110M(128M) 0,041ms
[2021-04-30T09:23:19.537+0300][30,387s][info][gc] Trigger: Free (10195K) is below minimum threshold (13107K)
[2021-04-30T09:23:19.538+0300][30,387s][info][gc] GC(593) Concurrent reset 0,200ms
[2021-04-30T09:23:19.538+0300][30,387s][info][gc] GC(593) Pause Init Mark 0,159ms
[2021-04-30T09:23:19.552+0300][30,402s][info][gc] GC(593) Concurrent marking 14,311ms
[2021-04-30T09:23:19.553+0300][30,403s][info][gc] GC(593) Pause Final Mark 0,965ms
[2021-04-30T09:23:19.554+0300][30,403s][info][gc] GC(593) Concurrent cleanup 113M->113M(128M) 0,039ms
[2021-04-30T09:23:19.555+0300][30,405s][info][gc] GC(593) Concurrent evacuation 1,685ms
[2021-04-30T09:23:19.555+0300][30,405s][info][gc] GC(593) Pause Init Update Refs 0,007ms
[2021-04-30T09:23:19.569+0300][30,419s][info][gc] GC(593) Concurrent update references 13,880ms
[2021-04-30T09:23:19.570+0300][30,419s][info][gc] GC(593) Pause Final Update Refs 0,082ms
[2021-04-30T09:23:19.570+0300][30,419s][info][gc] GC(593) Concurrent cleanup 123M->115M(128M) 0,040ms
[2021-04-30T09:23:19.571+0300][30,420s][info][gc] Trigger: Free (6371K) is below minimum threshold (13107K)
[2021-04-30T09:23:19.571+0300][30,420s][info][gc] GC(594) Concurrent reset 0,117ms
[2021-04-30T09:23:19.571+0300][30,421s][info][gc] GC(594) Pause Init Mark 0,152ms
[2021-04-30T09:23:19.587+0300][30,436s][info][gc] GC(594) Concurrent marking 15,536ms
[2021-04-30T09:23:19.588+0300][30,437s][info][gc] GC(594) Pause Final Mark 0,515ms
[2021-04-30T09:23:19.588+0300][30,437s][info][gc] GC(594) Concurrent cleanup 116M->116M(128M) 0,044ms
[2021-04-30T09:23:19.589+0300][30,438s][info][gc] GC(594) Concurrent evacuation 1,164ms
[2021-04-30T09:23:19.589+0300][30,438s][info][gc] GC(594) Pause Init Update Refs 0,005ms
[2021-04-30T09:23:19.598+0300][30,448s][info][gc] GC(594) Concurrent update references 9,193ms
[2021-04-30T09:23:19.599+0300][30,448s][info][gc] GC(594) Pause Final Update Refs 0,133ms
[2021-04-30T09:23:19.599+0300][30,448s][info][gc] GC(594) Concurrent cleanup 122M->112M(128M) 0,041ms
[2021-04-30T09:23:19.600+0300][30,449s][info][gc] Trigger: Free (8063K) is below minimum threshold (13107K)
[2021-04-30T09:23:19.600+0300][30,450s][info][gc] GC(595) Concurrent reset 0,127ms
[2021-04-30T09:23:19.601+0300][30,450s][info][gc] GC(595) Pause Init Mark (process weakrefs) 0,284ms
[2021-04-30T09:23:19.614+0300][30,463s][info][gc] GC(595) Concurrent marking (process weakrefs) 13,159ms
[2021-04-30T09:23:19.614+0300][30,463s][info][gc] GC(595) Concurrent precleaning 0,070ms
[2021-04-30T09:23:19.615+0300][30,464s][info][gc] GC(595) Pause Final Mark (process weakrefs) 0,549ms
[2021-04-30T09:23:19.615+0300][30,464s][info][gc] GC(595) Concurrent cleanup 114M->114M(128M) 0,037ms
[2021-04-30T09:23:19.615+0300][30,464s][info][gc] GC(595) Concurrent evacuation 0,122ms
[2021-04-30T09:23:19.615+0300][30,464s][info][gc] GC(595) Pause Init Update Refs 0,006ms
[2021-04-30T09:23:19.623+0300][30,472s][info][gc] GC(595) Concurrent update references 7,574ms
[2021-04-30T09:23:19.623+0300][30,472s][info][gc] GC(595) Pause Final Update Refs 0,071ms
[2021-04-30T09:23:19.623+0300][30,473s][info][gc] GC(595) Concurrent cleanup 119M->114M(128M) 0,053ms
[2021-04-30T09:23:19.624+0300][30,474s][info][gc] Trigger: Free (6795K) is below minimum threshold (13107K)
[2021-04-30T09:23:19.624+0300][30,474s][info][gc] GC(596) Concurrent reset 0,187ms
[2021-04-30T09:23:19.625+0300][30,474s][info][gc] GC(596) Pause Init Mark 0,176ms
[2021-04-30T09:23:19.638+0300][30,488s][info][gc] GC(596) Concurrent marking 13,166ms
[2021-04-30T09:23:19.639+0300][30,488s][info][gc] GC(596) Pause Final Mark 0,557ms
[2021-04-30T09:23:19.639+0300][30,488s][info][gc] GC(596) Concurrent cleanup 115M->115M(128M) 0,038ms
[2021-04-30T09:23:19.640+0300][30,489s][info][gc] GC(596) Concurrent evacuation 0,518ms
[2021-04-30T09:23:19.640+0300][30,489s][info][gc] GC(596) Pause Init Update Refs 0,005ms
[2021-04-30T09:23:19.647+0300][30,497s][info][gc] GC(596) Concurrent update references 7,377ms
[2021-04-30T09:23:19.647+0300][30,497s][info][gc] GC(596) Pause Final Update Refs 0,096ms
[2021-04-30T09:23:19.648+0300][30,497s][info][gc] GC(596) Concurrent cleanup 118M->111M(128M) 0,040ms
[2021-04-30T09:23:19.649+0300][30,498s][info][gc] Trigger: Free (9681K) is below minimum threshold (13107K)
[2021-04-30T09:23:19.649+0300][30,498s][info][gc] GC(597) Concurrent reset 0,121ms
[2021-04-30T09:23:19.649+0300][30,499s][info][gc] GC(597) Pause Init Mark 0,192ms
[2021-04-30T09:23:19.663+0300][30,512s][info][gc] GC(597) Concurrent marking 13,197ms
[2021-04-30T09:23:19.663+0300][30,513s][info][gc] GC(597) Pause Final Mark 0,440ms
[2021-04-30T09:23:19.663+0300][30,513s][info][gc] GC(597) Concurrent cleanup 113M->113M(128M) 0,039ms
[2021-04-30T09:23:19.665+0300][30,514s][info][gc] GC(597) Concurrent evacuation 1,507ms
[2021-04-30T09:23:19.665+0300][30,514s][info][gc] GC(597) Pause Init Update Refs 0,005ms
[2021-04-30T09:23:19.676+0300][30,525s][info][gc] GC(597) Concurrent update references 10,715ms
[2021-04-30T09:23:19.676+0300][30,525s][info][gc] GC(597) Pause Final Update Refs 0,062ms
[2021-04-30T09:23:19.676+0300][30,526s][info][gc] GC(597) Concurrent cleanup 123M->114M(128M) 0,040ms
[2021-04-30T09:23:19.677+0300][30,527s][info][gc] Trigger: Free (5675K) is below minimum threshold (13107K)
[2021-04-30T09:23:19.677+0300][30,527s][info][gc] GC(598) Concurrent reset 0,123ms
[2021-04-30T09:23:19.678+0300][30,527s][info][gc] GC(598) Pause Init Mark 0,147ms
[2021-04-30T09:23:19.691+0300][30,540s][info][gc] GC(598) Concurrent marking 13,093ms
[2021-04-30T09:23:19.692+0300][30,541s][info][gc] GC(598) Pause Final Mark 0,409ms
[2021-04-30T09:23:19.692+0300][30,541s][info][gc] GC(598) Concurrent cleanup 116M->116M(128M) 0,040ms
[2021-04-30T09:23:19.692+0300][30,541s][info][gc] GC(598) Concurrent evacuation 0,165ms
[2021-04-30T09:23:19.692+0300][30,541s][info][gc] GC(598) Pause Init Update Refs 0,004ms
[2021-04-30T09:23:19.702+0300][30,551s][info][gc] GC(598) Concurrent update references 9,912ms
[2021-04-30T09:23:19.702+0300][30,552s][info][gc] GC(598) Pause Final Update Refs 0,094ms
[2021-04-30T09:23:19.702+0300][30,552s][info][gc] GC(598) Concurrent cleanup 120M->113M(128M) 0,039ms
[2021-04-30T09:23:19.703+0300][30,553s][info][gc] Trigger: Free (7671K) is below minimum threshold (13107K)
[2021-04-30T09:23:19.704+0300][30,553s][info][gc] GC(599) Concurrent reset 0,138ms
[2021-04-30T09:23:19.704+0300][30,553s][info][gc] GC(599) Pause Init Mark (unload classes) 0,140ms
[2021-04-30T09:23:19.718+0300][30,567s][info][gc] GC(599) Concurrent marking (unload classes) 14,048ms
[2021-04-30T09:23:19.722+0300][30,571s][info][gc] GC(599) Pause Final Mark (unload classes) 3,596ms
[2021-04-30T09:23:19.722+0300][30,571s][info][gc] GC(599) Concurrent cleanup 115M->115M(128M) 0,055ms
[2021-04-30T09:23:19.724+0300][30,573s][info][gc] GC(599) Concurrent evacuation 1,902ms
[2021-04-30T09:23:19.724+0300][30,574s][info][gc] GC(599) Pause Init Update Refs 0,009ms
[2021-04-30T09:23:19.733+0300][30,582s][info][gc] GC(599) Concurrent update references 8,484ms
[2021-04-30T09:23:19.733+0300][30,582s][info][gc] GC(599) Pause Final Update Refs 0,109ms
[2021-04-30T09:23:19.733+0300][30,582s][info][gc] GC(599) Concurrent cleanup 124M->114M(128M) 0,043ms
[2021-04-30T09:23:19.734+0300][30,584s][info][gc] Trigger: Free (6949K) is below minimum threshold (13107K)
[2021-04-30T09:23:19.735+0300][30,584s][info][gc] GC(600) Concurrent reset 0,354ms
[2021-04-30T09:23:19.735+0300][30,584s][info][gc] GC(600) Pause Init Mark (process weakrefs) 0,251ms
[2021-04-30T09:23:19.750+0300][30,600s][info][gc] GC(600) Concurrent marking (process weakrefs) 15,174ms
[2021-04-30T09:23:19.750+0300][30,600s][info][gc] GC(600) Concurrent precleaning 0,070ms
[2021-04-30T09:23:19.752+0300][30,601s][info][gc] GC(600) Pause Final Mark (process weakrefs) 1,114ms
[2021-04-30T09:23:19.752+0300][30,601s][info][gc] GC(600) Concurrent cleanup 115M->115M(128M) 0,052ms
[2021-04-30T09:23:19.753+0300][30,602s][info][gc] GC(600) Concurrent evacuation 1,041ms
[2021-04-30T09:23:19.753+0300][30,602s][info][gc] GC(600) Pause Init Update Refs 0,006ms
[2021-04-30T09:23:19.761+0300][30,611s][info][gc] GC(600) Concurrent update references 8,175ms
[2021-04-30T09:23:19.762+0300][30,611s][info][gc] GC(600) Pause Final Update Refs 0,107ms
[2021-04-30T09:23:19.762+0300][30,611s][info][gc] GC(600) Concurrent cleanup 121M->113M(128M) 0,039ms
[2021-04-30T09:23:19.763+0300][30,612s][info][gc] Trigger: Free (7539K) is below minimum threshold (13107K)
[2021-04-30T09:23:19.763+0300][30,612s][info][gc] GC(601) Concurrent reset 0,143ms
[2021-04-30T09:23:19.763+0300][30,613s][info][gc] GC(601) Pause Init Mark 0,194ms
[2021-04-30T09:23:19.779+0300][30,628s][info][gc] GC(601) Concurrent marking 15,378ms
[2021-04-30T09:23:19.780+0300][30,629s][info][gc] GC(601) Pause Final Mark 0,971ms
[2021-04-30T09:23:19.780+0300][30,629s][info][gc] GC(601) Concurrent cleanup 115M->115M(128M) 0,040ms
[2021-04-30T09:23:19.781+0300][30,631s][info][gc] GC(601) Concurrent evacuation 1,299ms
[2021-04-30T09:23:19.782+0300][30,631s][info][gc] GC(601) Pause Init Update Refs 0,021ms
[2021-04-30T09:23:19.792+0300][30,641s][info][gc] GC(601) Concurrent update references 9,949ms
[2021-04-30T09:23:19.792+0300][30,641s][info][gc] GC(601) Pause Final Update Refs 0,063ms
[2021-04-30T09:23:19.792+0300][30,642s][info][gc] GC(601) Concurrent cleanup 122M->112M(128M) 0,047ms
[2021-04-30T09:23:19.793+0300][30,643s][info][gc] Trigger: Free (8704K) is below minimum threshold (13107K)
[2021-04-30T09:23:19.793+0300][30,643s][info][gc] GC(602) Concurrent reset 0,163ms
[2021-04-30T09:23:19.794+0300][30,643s][info][gc] GC(602) Pause Init Mark 0,135ms
[2021-04-30T09:23:19.815+0300][30,665s][info][gc] GC(602) Concurrent marking 21,501ms
[2021-04-30T09:23:19.816+0300][30,666s][info][gc] GC(602) Pause Final Mark 1,122ms
[2021-04-30T09:23:19.817+0300][30,666s][info][gc] GC(602) Concurrent cleanup 114M->114M(128M) 0,046ms
[2021-04-30T09:23:19.818+0300][30,668s][info][gc] GC(602) Concurrent evacuation 1,829ms
[2021-04-30T09:23:19.819+0300][30,668s][info][gc] GC(602) Pause Init Update Refs 0,020ms
[2021-04-30T09:23:19.827+0300][30,677s][info][gc] GC(602) Concurrent update references 8,547ms
[2021-04-30T09:23:19.827+0300][30,677s][info][gc] GC(602) Pause Final Update Refs 0,089ms
[2021-04-30T09:23:19.828+0300][30,677s][info][gc] GC(602) Concurrent cleanup 124M->115M(128M) 0,040ms
[2021-04-30T09:23:19.829+0300][30,678s][info][gc] Trigger: Free (5509K) is below minimum threshold (13107K)
[2021-04-30T09:23:19.829+0300][30,678s][info][gc] GC(603) Concurrent reset 0,123ms
[2021-04-30T09:23:19.829+0300][30,678s][info][gc] GC(603) Pause Init Mark 0,173ms
[2021-04-30T09:23:19.843+0300][30,692s][info][gc] GC(603) Concurrent marking 13,806ms
[2021-04-30T09:23:19.843+0300][30,693s][info][gc] GC(603) Pause Final Mark 0,427ms
[2021-04-30T09:23:19.843+0300][30,693s][info][gc] GC(603) Concurrent cleanup 116M->116M(128M) 0,035ms
[2021-04-30T09:23:19.844+0300][30,693s][info][gc] GC(603) Concurrent evacuation 0,163ms
[2021-04-30T09:23:19.844+0300][30,693s][info][gc] GC(603) Pause Init Update Refs 0,005ms
[2021-04-30T09:23:19.852+0300][30,702s][info][gc] GC(603) Concurrent update references 8,363ms
[2021-04-30T09:23:19.853+0300][30,702s][info][gc] GC(603) Pause Final Update Refs 0,211ms
[2021-04-30T09:23:19.853+0300][30,702s][info][gc] GC(603) Concurrent cleanup 119M->111M(128M) 0,038ms
[2021-04-30T09:23:19.854+0300][30,703s][info][gc] Trigger: Free (8969K) is below minimum threshold (13107K)
[2021-04-30T09:23:19.854+0300][30,703s][info][gc] GC(604) Concurrent reset 0,164ms
[2021-04-30T09:23:19.854+0300][30,704s][info][gc] GC(604) Pause Init Mark 0,267ms
[2021-04-30T09:23:19.868+0300][30,718s][info][gc] GC(604) Concurrent marking 13,895ms
[2021-04-30T09:23:19.870+0300][30,719s][info][gc] GC(604) Pause Final Mark 1,359ms
[2021-04-30T09:23:19.870+0300][30,719s][info][gc] GC(604) Concurrent cleanup 114M->114M(128M) 0,039ms
[2021-04-30T09:23:19.871+0300][30,721s][info][gc] GC(604) Concurrent evacuation 1,354ms
[2021-04-30T09:23:19.872+0300][30,721s][info][gc] GC(604) Pause Init Update Refs 0,005ms
[2021-04-30T09:23:19.885+0300][30,735s][info][gc] GC(604) Concurrent update references 13,673ms
[2021-04-30T09:23:19.886+0300][30,735s][info][gc] GC(604) Pause Final Update Refs 0,205ms
[2021-04-30T09:23:19.886+0300][30,735s][info][gc] GC(604) Concurrent cleanup 124M->115M(128M) 0,042ms
[2021-04-30T09:23:19.887+0300][30,736s][info][gc] Trigger: Free (5900K) is below minimum threshold (13107K)
[2021-04-30T09:23:19.887+0300][30,737s][info][gc] GC(605) Concurrent reset 0,240ms
[2021-04-30T09:23:19.888+0300][30,737s][info][gc] GC(605) Pause Init Mark (process weakrefs) 0,286ms
[2021-04-30T09:23:19.901+0300][30,750s][info][gc] GC(605) Concurrent marking (process weakrefs) 12,993ms
[2021-04-30T09:23:19.901+0300][30,750s][info][gc] GC(605) Concurrent precleaning 0,089ms
[2021-04-30T09:23:19.903+0300][30,752s][info][gc] GC(605) Pause Final Mark (process weakrefs) 1,519ms
[2021-04-30T09:23:19.903+0300][30,752s][info][gc] GC(605) Concurrent cleanup 116M->117M(128M) 0,039ms
[2021-04-30T09:23:19.904+0300][30,754s][info][gc] GC(605) Concurrent evacuation 1,424ms
[2021-04-30T09:23:19.904+0300][30,754s][info][gc] GC(605) Pause Init Update Refs 0,006ms
[2021-04-30T09:23:19.913+0300][30,762s][info][gc] GC(605) Concurrent update references 8,460ms
[2021-04-30T09:23:19.913+0300][30,763s][info][gc] GC(605) Pause Final Update Refs 0,169ms
[2021-04-30T09:23:19.913+0300][30,763s][info][gc] GC(605) Concurrent cleanup 125M->114M(128M) 0,043ms
[2021-04-30T09:23:19.914+0300][30,764s][info][gc] Trigger: Free (6418K) is below minimum threshold (13107K)
[2021-04-30T09:23:19.915+0300][30,764s][info][gc] GC(606) Concurrent reset 0,154ms
[2021-04-30T09:23:19.915+0300][30,764s][info][gc] GC(606) Pause Init Mark 0,275ms
[2021-04-30T09:23:19.929+0300][30,778s][info][gc] GC(606) Concurrent marking 13,651ms
[2021-04-30T09:23:19.930+0300][30,780s][info][gc] GC(606) Pause Final Mark 1,186ms
[2021-04-30T09:23:19.930+0300][30,780s][info][gc] GC(606) Concurrent cleanup 116M->116M(128M) 0,038ms
[2021-04-30T09:23:19.931+0300][30,781s][info][gc] GC(606) Concurrent evacuation 1,199ms
[2021-04-30T09:23:19.932+0300][30,781s][info][gc] GC(606) Pause Init Update Refs 0,021ms
[2021-04-30T09:23:19.949+0300][30,798s][info][gc] GC(606) Concurrent update references 16,841ms
[2021-04-30T09:23:19.949+0300][30,798s][info][gc] GC(606) Pause Final Update Refs 0,110ms
[2021-04-30T09:23:19.949+0300][30,799s][info][gc] GC(606) Concurrent cleanup 125M->114M(128M) 0,045ms
[2021-04-30T09:23:19.950+0300][30,800s][info][gc] Trigger: Free (6253K) is below minimum threshold (13107K)
[2021-04-30T09:23:19.951+0300][30,800s][info][gc] GC(607) Concurrent reset 0,221ms
[2021-04-30T09:23:19.951+0300][30,800s][info][gc] GC(607) Pause Init Mark 0,219ms
[2021-04-30T09:23:19.967+0300][30,816s][info][gc] GC(607) Concurrent marking 15,797ms
[2021-04-30T09:23:19.968+0300][30,818s][info][gc] GC(607) Pause Final Mark 1,348ms
[2021-04-30T09:23:19.969+0300][30,818s][info][gc] GC(607) Concurrent cleanup 116M->116M(128M) 0,048ms
[2021-04-30T09:23:19.970+0300][30,819s][info][gc] GC(607) Concurrent evacuation 1,489ms
[2021-04-30T09:23:19.970+0300][30,820s][info][gc] GC(607) Pause Init Update Refs 0,006ms
[2021-04-30T09:23:19.979+0300][30,828s][info][gc] GC(607) Concurrent update references 8,515ms
[2021-04-30T09:23:19.979+0300][30,828s][info][gc] GC(607) Pause Final Update Refs 0,080ms
[2021-04-30T09:23:19.979+0300][30,829s][info][gc] GC(607) Concurrent cleanup 124M->113M(128M) 0,043ms
[2021-04-30T09:23:19.980+0300][30,830s][info][gc] Trigger: Free (8519K) is below minimum threshold (13107K)
[2021-04-30T09:23:19.980+0300][30,830s][info][gc] GC(608) Concurrent reset 0,175ms
[2021-04-30T09:23:19.981+0300][30,830s][info][gc] GC(608) Pause Init Mark 0,267ms
[2021-04-30T09:23:19.996+0300][30,846s][info][gc] GC(608) Concurrent marking 15,150ms
[2021-04-30T09:23:19.997+0300][30,847s][info][gc] GC(608) Pause Final Mark 1,000ms
[2021-04-30T09:23:19.997+0300][30,847s][info][gc] GC(608) Concurrent cleanup 114M->114M(128M) 0,039ms
[2021-04-30T09:23:19.999+0300][30,848s][info][gc] GC(608) Concurrent evacuation 1,370ms
[2021-04-30T09:23:19.999+0300][30,849s][info][gc] GC(608) Pause Init Update Refs 0,010ms
[2021-04-30T09:23:20.014+0300][30,863s][info][gc] GC(608) Concurrent update references 14,749ms
[2021-04-30T09:23:20.014+0300][30,864s][info][gc] GC(608) Pause Final Update Refs 0,078ms
[2021-04-30T09:23:20.014+0300][30,864s][info][gc] GC(608) Concurrent cleanup 126M->117M(128M) 0,041ms
[2021-04-30T09:23:20.015+0300][30,865s][info][gc] Trigger: Free (3924K) is below minimum threshold (13107K)
[2021-04-30T09:23:20.016+0300][30,865s][info][gc] GC(609) Concurrent reset 0,261ms
[2021-04-30T09:23:20.016+0300][30,866s][info][gc] GC(609) Pause Init Mark 0,245ms
[2021-04-30T09:23:20.030+0300][30,879s][info][gc] GC(609) Concurrent marking 13,479ms
[2021-04-30T09:23:20.031+0300][30,880s][info][gc] GC(609) Pause Final Mark 1,005ms
[2021-04-30T09:23:20.031+0300][30,880s][info][gc] GC(609) Concurrent cleanup 118M->118M(128M) 0,037ms
[2021-04-30T09:23:20.032+0300][30,882s][info][gc] GC(609) Concurrent evacuation 1,337ms
[2021-04-30T09:23:20.033+0300][30,882s][info][gc] GC(609) Pause Init Update Refs 0,022ms
[2021-04-30T09:23:20.041+0300][30,891s][info][gc] GC(609) Concurrent update references 8,664ms
[2021-04-30T09:23:20.042+0300][30,891s][info][gc] GC(609) Pause Final Update Refs 0,082ms
[2021-04-30T09:23:20.042+0300][30,891s][info][gc] GC(609) Concurrent cleanup 125M->112M(128M) 0,042ms
[2021-04-30T09:23:20.043+0300][30,892s][info][gc] Trigger: Free (8369K) is below minimum threshold (13107K)
[2021-04-30T09:23:20.043+0300][30,892s][info][gc] GC(610) Concurrent reset 0,131ms
[2021-04-30T09:23:20.043+0300][30,893s][info][gc] GC(610) Pause Init Mark (process weakrefs) 0,144ms
[2021-04-30T09:23:20.057+0300][30,906s][info][gc] GC(610) Concurrent marking (process weakrefs) 13,442ms
[2021-04-30T09:23:20.057+0300][30,906s][info][gc] GC(610) Concurrent precleaning 0,107ms
[2021-04-30T09:23:20.058+0300][30,908s][info][gc] GC(610) Pause Final Mark (process weakrefs) 1,167ms
[2021-04-30T09:23:20.058+0300][30,908s][info][gc] GC(610) Concurrent cleanup 114M->114M(128M) 0,039ms
[2021-04-30T09:23:20.060+0300][30,909s][info][gc] GC(610) Concurrent evacuation 1,394ms
[2021-04-30T09:23:20.060+0300][30,909s][info][gc] GC(610) Pause Init Update Refs 0,004ms
[2021-04-30T09:23:20.069+0300][30,918s][info][gc] GC(610) Concurrent update references 8,355ms
[2021-04-30T09:23:20.069+0300][30,918s][info][gc] GC(610) Pause Final Update Refs 0,073ms
[2021-04-30T09:23:20.069+0300][30,918s][info][gc] GC(610) Concurrent cleanup 125M->116M(128M) 0,041ms
[2021-04-30T09:23:20.070+0300][30,920s][info][gc] Trigger: Free (4169K) is below minimum threshold (13107K)
[2021-04-30T09:23:20.070+0300][30,920s][info][gc] GC(611) Concurrent reset 0,184ms
[2021-04-30T09:23:20.071+0300][30,920s][info][gc] GC(611) Pause Init Mark 0,141ms
[2021-04-30T09:23:20.085+0300][30,934s][info][gc] GC(611) Concurrent marking 13,882ms
[2021-04-30T09:23:20.086+0300][30,935s][info][gc] GC(611) Pause Final Mark 0,899ms
[2021-04-30T09:23:20.086+0300][30,935s][info][gc] GC(611) Concurrent cleanup 118M->118M(128M) 0,040ms
[2021-04-30T09:23:20.087+0300][30,937s][info][gc] GC(611) Concurrent evacuation 1,593ms
[2021-04-30T09:23:20.088+0300][30,937s][info][gc] GC(611) Pause Init Update Refs 0,025ms
[2021-04-30T09:23:20.096+0300][30,945s][info][gc] GC(611) Concurrent update references 7,939ms
[2021-04-30T09:23:20.096+0300][30,945s][info][gc] GC(611) Pause Final Update Refs 0,065ms
[2021-04-30T09:23:20.096+0300][30,946s][info][gc] GC(611) Concurrent cleanup 125M->113M(128M) 0,046ms
[2021-04-30T09:23:20.097+0300][30,947s][info][gc] Trigger: Free (7482K) is below minimum threshold (13107K)
[2021-04-30T09:23:20.097+0300][30,947s][info][gc] GC(612) Concurrent reset 0,185ms
[2021-04-30T09:23:20.098+0300][30,947s][info][gc] GC(612) Pause Init Mark 0,174ms
[2021-04-30T09:23:20.111+0300][30,960s][info][gc] GC(612) Concurrent marking 13,081ms
[2021-04-30T09:23:20.112+0300][30,961s][info][gc] GC(612) Pause Final Mark 0,924ms
[2021-04-30T09:23:20.112+0300][30,961s][info][gc] GC(612) Concurrent cleanup 115M->115M(128M) 0,037ms
[2021-04-30T09:23:20.114+0300][30,963s][info][gc] GC(612) Concurrent evacuation 1,522ms
[2021-04-30T09:23:20.114+0300][30,963s][info][gc] GC(612) Pause Init Update Refs 0,006ms
[2021-04-30T09:23:20.122+0300][30,971s][info][gc] GC(612) Concurrent update references 8,054ms
[2021-04-30T09:23:20.122+0300][30,971s][info][gc] GC(612) Pause Final Update Refs 0,100ms
[2021-04-30T09:23:20.122+0300][30,971s][info][gc] GC(612) Concurrent cleanup 126M->116M(128M) 0,039ms
[2021-04-30T09:23:20.123+0300][30,973s][info][gc] Trigger: Free (4184K) is below minimum threshold (13107K)
[2021-04-30T09:23:20.123+0300][30,973s][info][gc] GC(613) Concurrent reset 0,146ms
[2021-04-30T09:23:20.124+0300][30,973s][info][gc] GC(613) Pause Init Mark 0,166ms
[2021-04-30T09:23:20.136+0300][30,986s][info][gc] GC(613) Concurrent marking 12,805ms
[2021-04-30T09:23:20.137+0300][30,987s][info][gc] GC(613) Pause Final Mark 0,973ms
[2021-04-30T09:23:20.137+0300][30,987s][info][gc] GC(613) Concurrent cleanup 118M->118M(128M) 0,037ms
[2021-04-30T09:23:20.139+0300][30,988s][info][gc] GC(613) Concurrent evacuation 1,262ms
[2021-04-30T09:23:20.139+0300][30,988s][info][gc] GC(613) Pause Init Update Refs 0,004ms
[2021-04-30T09:23:20.147+0300][30,997s][info][gc] GC(613) Concurrent update references 8,226ms
[2021-04-30T09:23:20.147+0300][30,997s][info][gc] GC(613) Pause Final Update Refs 0,204ms
[2021-04-30T09:23:20.148+0300][30,997s][info][gc] GC(613) Concurrent cleanup 125M->112M(128M) 0,041ms
[2021-04-30T09:23:20.149+0300][30,998s][info][gc] Trigger: Free (8150K) is below minimum threshold (13107K)
[2021-04-30T09:23:20.149+0300][30,998s][info][gc] GC(614) Concurrent reset 0,194ms
[2021-04-30T09:23:20.149+0300][30,999s][info][gc] GC(614) Pause Init Mark 0,255ms
[2021-04-30T09:23:20.162+0300][31,011s][info][gc] GC(614) Concurrent marking 12,723ms
[2021-04-30T09:23:20.163+0300][31,013s][info][gc] GC(614) Pause Final Mark 1,175ms
[2021-04-30T09:23:20.163+0300][31,013s][info][gc] GC(614) Concurrent cleanup 114M->114M(128M) 0,036ms
[2021-04-30T09:23:20.165+0300][31,014s][info][gc] GC(614) Concurrent evacuation 1,339ms
[2021-04-30T09:23:20.165+0300][31,014s][info][gc] GC(614) Pause Init Update Refs 0,004ms
[2021-04-30T09:23:20.176+0300][31,025s][info][gc] GC(614) Concurrent update references 10,747ms
[2021-04-30T09:23:20.176+0300][31,025s][info][gc] GC(614) Pause Final Update Refs 0,202ms
[2021-04-30T09:23:20.176+0300][31,025s][info][gc] GC(614) Concurrent cleanup 124M->115M(128M) 0,039ms
[2021-04-30T09:23:20.177+0300][31,027s][info][gc] Trigger: Free (4939K) is below minimum threshold (13107K)
[2021-04-30T09:23:20.177+0300][31,027s][info][gc] GC(615) Concurrent reset 0,159ms
[2021-04-30T09:23:20.178+0300][31,027s][info][gc] GC(615) Pause Init Mark (process weakrefs) 0,279ms
[2021-04-30T09:23:20.191+0300][31,040s][info][gc] GC(615) Concurrent marking (process weakrefs) 12,892ms
[2021-04-30T09:23:20.191+0300][31,040s][info][gc] GC(615) Concurrent precleaning 0,120ms
[2021-04-30T09:23:20.192+0300][31,041s][info][gc] GC(615) Pause Final Mark (process weakrefs) 0,916ms
[2021-04-30T09:23:20.192+0300][31,041s][info][gc] GC(615) Concurrent cleanup 117M->117M(128M) 0,037ms
[2021-04-30T09:23:20.193+0300][31,043s][info][gc] GC(615) Concurrent evacuation 1,377ms
[2021-04-30T09:23:20.193+0300][31,043s][info][gc] GC(615) Pause Init Update Refs 0,004ms
[2021-04-30T09:23:20.201+0300][31,051s][info][gc] GC(615) Concurrent update references 7,923ms
[2021-04-30T09:23:20.202+0300][31,051s][info][gc] GC(615) Pause Final Update Refs 0,199ms
[2021-04-30T09:23:20.202+0300][31,051s][info][gc] GC(615) Concurrent cleanup 123M->111M(128M) 0,040ms
[2021-04-30T09:23:20.203+0300][31,052s][info][gc] Trigger: Free (9823K) is below minimum threshold (13107K)
[2021-04-30T09:23:20.203+0300][31,053s][info][gc] GC(616) Concurrent reset 0,209ms
[2021-04-30T09:23:20.203+0300][31,053s][info][gc] GC(616) Pause Init Mark 0,261ms
[2021-04-30T09:23:20.219+0300][31,068s][info][gc] GC(616) Concurrent marking 15,371ms
[2021-04-30T09:23:20.220+0300][31,069s][info][gc] GC(616) Pause Final Mark 0,949ms
[2021-04-30T09:23:20.220+0300][31,069s][info][gc] GC(616) Concurrent cleanup 113M->113M(128M) 0,036ms
[2021-04-30T09:23:20.222+0300][31,071s][info][gc] GC(616) Concurrent evacuation 1,639ms
[2021-04-30T09:23:20.222+0300][31,071s][info][gc] GC(616) Pause Init Update Refs 0,004ms
[2021-04-30T09:23:20.230+0300][31,080s][info][gc] GC(616) Concurrent update references 8,671ms
[2021-04-30T09:23:20.231+0300][31,080s][info][gc] GC(616) Pause Final Update Refs 0,202ms
[2021-04-30T09:23:20.231+0300][31,080s][info][gc] GC(616) Concurrent cleanup 122M->115M(128M) 0,038ms
[2021-04-30T09:23:20.232+0300][31,081s][info][gc] Trigger: Free (5434K) is below minimum threshold (13107K)
[2021-04-30T09:23:20.232+0300][31,082s][info][gc] GC(617) Concurrent reset 0,176ms
[2021-04-30T09:23:20.232+0300][31,082s][info][gc] GC(617) Pause Init Mark 0,201ms
[2021-04-30T09:23:20.247+0300][31,097s][info][gc] GC(617) Concurrent marking 14,692ms
[2021-04-30T09:23:20.249+0300][31,098s][info][gc] GC(617) Pause Final Mark 1,538ms
[2021-04-30T09:23:20.249+0300][31,098s][info][gc] GC(617) Concurrent cleanup 117M->117M(128M) 0,041ms
[2021-04-30T09:23:20.250+0300][31,100s][info][gc] GC(617) Concurrent evacuation 1,380ms
[2021-04-30T09:23:20.251+0300][31,100s][info][gc] GC(617) Pause Init Update Refs 0,022ms
[2021-04-30T09:23:20.259+0300][31,109s][info][gc] GC(617) Concurrent update references 8,507ms
[2021-04-30T09:23:20.260+0300][31,109s][info][gc] GC(617) Pause Final Update Refs 0,082ms
[2021-04-30T09:23:20.260+0300][31,109s][info][gc] GC(617) Concurrent cleanup 125M->114M(128M) 0,040ms
[2021-04-30T09:23:20.261+0300][31,110s][info][gc] Trigger: Free (6283K) is below minimum threshold (13107K)
[2021-04-30T09:23:20.261+0300][31,110s][info][gc] GC(618) Concurrent reset 0,246ms
[2021-04-30T09:23:20.262+0300][31,111s][info][gc] GC(618) Pause Init Mark 0,431ms
[2021-04-30T09:23:20.277+0300][31,126s][info][gc] GC(618) Concurrent marking 15,099ms
[2021-04-30T09:23:20.278+0300][31,127s][info][gc] GC(618) Pause Final Mark 0,899ms
[2021-04-30T09:23:20.278+0300][31,128s][info][gc] GC(618) Concurrent cleanup 116M->116M(128M) 0,049ms
[2021-04-30T09:23:20.279+0300][31,129s][info][gc] GC(618) Concurrent evacuation 1,353ms
[2021-04-30T09:23:20.280+0300][31,129s][info][gc] GC(618) Pause Init Update Refs 0,006ms
[2021-04-30T09:23:20.289+0300][31,138s][info][gc] GC(618) Concurrent update references 9,285ms
[2021-04-30T09:23:20.289+0300][31,139s][info][gc] GC(618) Pause Final Update Refs 0,077ms
[2021-04-30T09:23:20.289+0300][31,139s][info][gc] GC(618) Concurrent cleanup 124M->114M(128M) 0,042ms
[2021-04-30T09:23:20.291+0300][31,140s][info][gc] Trigger: Free (6379K) is below minimum threshold (13107K)
[2021-04-30T09:23:20.291+0300][31,140s][info][gc] GC(619) Concurrent reset 0,126ms
[2021-04-30T09:23:20.291+0300][31,140s][info][gc] GC(619) Pause Init Mark 0,144ms
[2021-04-30T09:23:20.306+0300][31,156s][info][gc] GC(619) Concurrent marking 15,408ms
[2021-04-30T09:23:20.308+0300][31,157s][info][gc] GC(619) Pause Final Mark 0,957ms
[2021-04-30T09:23:20.308+0300][31,157s][info][gc] GC(619) Concurrent cleanup 116M->116M(128M) 0,040ms
[2021-04-30T09:23:20.309+0300][31,158s][info][gc] GC(619) Concurrent evacuation 1,332ms
[2021-04-30T09:23:20.309+0300][31,159s][info][gc] GC(619) Pause Init Update Refs 0,006ms
[2021-04-30T09:23:20.322+0300][31,172s][info][gc] GC(619) Concurrent update references 13,058ms
[2021-04-30T09:23:20.323+0300][31,172s][info][gc] GC(619) Pause Final Update Refs 0,121ms
[2021-04-30T09:23:20.323+0300][31,172s][info][gc] GC(619) Concurrent cleanup 123M->113M(128M) 0,042ms
[2021-04-30T09:23:20.324+0300][31,173s][info][gc] Trigger: Free (7022K) is below minimum threshold (13107K)
[2021-04-30T09:23:20.324+0300][31,173s][info][gc] GC(620) Concurrent reset 0,117ms
[2021-04-30T09:23:20.324+0300][31,174s][info][gc] GC(620) Pause Init Mark (process weakrefs) 0,139ms
[2021-04-30T09:23:20.338+0300][31,187s][info][gc] GC(620) Concurrent marking (process weakrefs) 13,807ms
[2021-04-30T09:23:20.338+0300][31,188s][info][gc] GC(620) Concurrent precleaning 0,078ms
[2021-04-30T09:23:20.339+0300][31,189s][info][gc] GC(620) Pause Final Mark (process weakrefs) 0,862ms
[2021-04-30T09:23:20.339+0300][31,189s][info][gc] GC(620) Concurrent cleanup 115M->115M(128M) 0,042ms
[2021-04-30T09:23:20.341+0300][31,190s][info][gc] GC(620) Concurrent evacuation 1,271ms
[2021-04-30T09:23:20.341+0300][31,190s][info][gc] GC(620) Pause Init Update Refs 0,006ms
[2021-04-30T09:23:20.349+0300][31,199s][info][gc] GC(620) Concurrent update references 8,203ms
[2021-04-30T09:23:20.349+0300][31,199s][info][gc] GC(620) Pause Final Update Refs 0,099ms
[2021-04-30T09:23:20.350+0300][31,199s][info][gc] GC(620) Concurrent cleanup 124M->114M(128M) 0,042ms
[2021-04-30T09:23:20.351+0300][31,200s][info][gc] Trigger: Free (5985K) is below minimum threshold (13107K)
[2021-04-30T09:23:20.351+0300][31,200s][info][gc] GC(621) Concurrent reset 0,244ms
[2021-04-30T09:23:20.351+0300][31,201s][info][gc] GC(621) Pause Init Mark 0,174ms
[2021-04-30T09:23:20.366+0300][31,216s][info][gc] GC(621) Concurrent marking 15,008ms
[2021-04-30T09:23:20.368+0300][31,217s][info][gc] GC(621) Pause Final Mark 1,005ms
[2021-04-30T09:23:20.368+0300][31,217s][info][gc] GC(621) Concurrent cleanup 116M->116M(128M) 0,053ms
[2021-04-30T09:23:20.369+0300][31,219s][info][gc] GC(621) Concurrent evacuation 1,430ms
[2021-04-30T09:23:20.370+0300][31,219s][info][gc] GC(621) Pause Init Update Refs 0,020ms
[2021-04-30T09:23:20.379+0300][31,228s][info][gc] GC(621) Concurrent update references 9,103ms
[2021-04-30T09:23:20.379+0300][31,228s][info][gc] GC(621) Pause Final Update Refs 0,089ms
[2021-04-30T09:23:20.379+0300][31,229s][info][gc] GC(621) Concurrent cleanup 125M->115M(128M) 0,042ms
[2021-04-30T09:23:20.380+0300][31,230s][info][gc] Trigger: Free (5621K) is below minimum threshold (13107K)
[2021-04-30T09:23:20.380+0300][31,230s][info][gc] GC(622) Concurrent reset 0,189ms
[2021-04-30T09:23:20.381+0300][31,230s][info][gc] GC(622) Pause Init Mark 0,157ms
[2021-04-30T09:23:20.395+0300][31,244s][info][gc] GC(622) Concurrent marking 13,510ms
[2021-04-30T09:23:20.396+0300][31,245s][info][gc] GC(622) Pause Final Mark 0,901ms
[2021-04-30T09:23:20.396+0300][31,245s][info][gc] GC(622) Concurrent cleanup 117M->117M(128M) 0,038ms
[2021-04-30T09:23:20.397+0300][31,247s][info][gc] GC(622) Concurrent evacuation 1,411ms
[2021-04-30T09:23:20.397+0300][31,247s][info][gc] GC(622) Pause Init Update Refs 0,020ms
[2021-04-30T09:23:20.406+0300][31,255s][info][gc] GC(622) Concurrent update references 7,985ms
[2021-04-30T09:23:20.406+0300][31,255s][info][gc] GC(622) Pause Final Update Refs 0,207ms
[2021-04-30T09:23:20.406+0300][31,256s][info][gc] GC(622) Concurrent cleanup 123M->113M(128M) 0,064ms
[2021-04-30T09:23:20.407+0300][31,257s][info][gc] Trigger: Free (8270K) is below minimum threshold (13107K)
[2021-04-30T09:23:20.407+0300][31,257s][info][gc] GC(623) Concurrent reset 0,204ms
[2021-04-30T09:23:20.408+0300][31,257s][info][gc] GC(623) Pause Init Mark 0,155ms
[2021-04-30T09:23:20.422+0300][31,271s][info][gc] GC(623) Concurrent marking 13,725ms
[2021-04-30T09:23:20.423+0300][31,272s][info][gc] GC(623) Pause Final Mark 0,855ms
[2021-04-30T09:23:20.423+0300][31,272s][info][gc] GC(623) Concurrent cleanup 114M->114M(128M) 0,039ms
[2021-04-30T09:23:20.424+0300][31,274s][info][gc] GC(623) Concurrent evacuation 1,399ms
[2021-04-30T09:23:20.425+0300][31,274s][info][gc] GC(623) Pause Init Update Refs 0,020ms
[2021-04-30T09:23:20.433+0300][31,282s][info][gc] GC(623) Concurrent update references 8,030ms
[2021-04-30T09:23:20.433+0300][31,282s][info][gc] GC(623) Pause Final Update Refs 0,074ms
[2021-04-30T09:23:20.433+0300][31,283s][info][gc] GC(623) Concurrent cleanup 122M->113M(128M) 0,039ms
[2021-04-30T09:23:20.434+0300][31,284s][info][gc] Trigger: Free (7633K) is below minimum threshold (13107K)
[2021-04-30T09:23:20.435+0300][31,284s][info][gc] GC(624) Concurrent reset 0,252ms
[2021-04-30T09:23:20.435+0300][31,284s][info][gc] GC(624) Pause Init Mark 0,157ms
[2021-04-30T09:23:20.451+0300][31,301s][info][gc] GC(624) Concurrent marking 16,431ms
[2021-04-30T09:23:20.453+0300][31,302s][info][gc] GC(624) Pause Final Mark 1,142ms
[2021-04-30T09:23:20.453+0300][31,302s][info][gc] GC(624) Concurrent cleanup 115M->115M(128M) 0,044ms
[2021-04-30T09:23:20.454+0300][31,304s][info][gc] GC(624) Concurrent evacuation 1,422ms
[2021-04-30T09:23:20.454+0300][31,304s][info][gc] GC(624) Pause Init Update Refs 0,006ms
[2021-04-30T09:23:20.466+0300][31,316s][info][gc] GC(624) Concurrent update references 11,683ms
[2021-04-30T09:23:20.467+0300][31,316s][info][gc] GC(624) Pause Final Update Refs 0,214ms
[2021-04-30T09:23:20.467+0300][31,316s][info][gc] GC(624) Concurrent cleanup 126M->117M(128M) 0,043ms
[2021-04-30T09:23:20.468+0300][31,317s][info][gc] Trigger: Free (2918K) is below minimum threshold (13107K)
[2021-04-30T09:23:20.468+0300][31,317s][info][gc] GC(625) Concurrent reset 0,161ms
[2021-04-30T09:23:20.468+0300][31,318s][info][gc] GC(625) Pause Init Mark (process weakrefs) 0,213ms
[2021-04-30T09:23:20.484+0300][31,333s][info][gc] GC(625) Concurrent marking (process weakrefs) 15,158ms
[2021-04-30T09:23:20.484+0300][31,333s][info][gc] GC(625) Concurrent precleaning 0,107ms
[2021-04-30T09:23:20.485+0300][31,335s][info][gc] GC(625) Pause Final Mark (process weakrefs) 1,331ms
[2021-04-30T09:23:20.485+0300][31,335s][info][gc] GC(625) Concurrent cleanup 119M->119M(128M) 0,041ms
[2021-04-30T09:23:20.487+0300][31,336s][info][gc] GC(625) Concurrent evacuation 1,557ms
[2021-04-30T09:23:20.487+0300][31,337s][info][gc] GC(625) Pause Init Update Refs 0,006ms
[2021-04-30T09:23:20.496+0300][31,345s][info][gc] GC(625) Concurrent update references 8,560ms
[2021-04-30T09:23:20.496+0300][31,345s][info][gc] GC(625) Pause Final Update Refs 0,058ms
[2021-04-30T09:23:20.496+0300][31,346s][info][gc] GC(625) Concurrent cleanup 125M->112M(128M) 0,043ms
[2021-04-30T09:23:20.497+0300][31,347s][info][gc] Trigger: Free (8807K) is below minimum threshold (13107K)
[2021-04-30T09:23:20.498+0300][31,347s][info][gc] GC(626) Concurrent reset 0,130ms
[2021-04-30T09:23:20.498+0300][31,347s][info][gc] GC(626) Pause Init Mark 0,144ms
[2021-04-30T09:23:20.514+0300][31,363s][info][gc] GC(626) Concurrent marking 15,706ms
[2021-04-30T09:23:20.515+0300][31,364s][info][gc] GC(626) Pause Final Mark 0,901ms
[2021-04-30T09:23:20.515+0300][31,364s][info][gc] GC(626) Concurrent cleanup 114M->114M(128M) 0,056ms
[2021-04-30T09:23:20.517+0300][31,366s][info][gc] GC(626) Concurrent evacuation 1,892ms
[2021-04-30T09:23:20.517+0300][31,366s][info][gc] GC(626) Pause Init Update Refs 0,006ms
[2021-04-30T09:23:20.532+0300][31,381s][info][gc] GC(626) Concurrent update references 14,778ms
[2021-04-30T09:23:20.532+0300][31,381s][info][gc] GC(626) Pause Final Update Refs 0,066ms
[2021-04-30T09:23:20.532+0300][31,382s][info][gc] GC(626) Concurrent cleanup 125M->117M(128M) 0,044ms
[2021-04-30T09:23:20.533+0300][31,383s][info][gc] Trigger: Free (3200K) is below minimum threshold (13107K)
[2021-04-30T09:23:20.534+0300][31,383s][info][gc] GC(627) Concurrent reset 0,204ms
[2021-04-30T09:23:20.534+0300][31,383s][info][gc] GC(627) Pause Init Mark 0,210ms
[2021-04-30T09:23:20.550+0300][31,400s][info][gc] GC(627) Concurrent marking 16,078ms
[2021-04-30T09:23:20.551+0300][31,401s][info][gc] GC(627) Pause Final Mark 0,900ms
[2021-04-30T09:23:20.551+0300][31,401s][info][gc] GC(627) Concurrent cleanup 119M->119M(128M) 0,040ms
[2021-04-30T09:23:20.553+0300][31,402s][info][gc] GC(627) Concurrent evacuation 1,586ms
[2021-04-30T09:23:20.553+0300][31,402s][info][gc] GC(627) Pause Init Update Refs 0,005ms
[2021-04-30T09:23:20.567+0300][31,416s][info][gc] GC(627) Concurrent update references 14,050ms
[2021-04-30T09:23:20.567+0300][31,417s][info][gc] GC(627) Pause Final Update Refs 0,127ms
[2021-04-30T09:23:20.568+0300][31,417s][info][gc] GC(627) Concurrent cleanup 125M->112M(128M) 0,050ms
[2021-04-30T09:23:20.569+0300][31,418s][info][gc] Trigger: Free (9091K) is below minimum threshold (13107K)
[2021-04-30T09:23:20.569+0300][31,418s][info][gc] GC(628) Concurrent reset 0,193ms
[2021-04-30T09:23:20.570+0300][31,419s][info][gc] GC(628) Pause Init Mark 0,454ms
[2021-04-30T09:23:20.586+0300][31,435s][info][gc] GC(628) Concurrent marking 16,001ms
[2021-04-30T09:23:20.587+0300][31,436s][info][gc] GC(628) Pause Final Mark 0,947ms
[2021-04-30T09:23:20.587+0300][31,436s][info][gc] GC(628) Concurrent cleanup 113M->113M(128M) 0,042ms
[2021-04-30T09:23:20.590+0300][31,440s][info][gc] GC(628) Concurrent evacuation 3,048ms
[2021-04-30T09:23:20.590+0300][31,440s][info][gc] GC(628) Pause Init Update Refs 0,007ms
[2021-04-30T09:23:20.601+0300][31,451s][info][gc] GC(628) Concurrent update references 11,040ms
[2021-04-30T09:23:20.602+0300][31,451s][info][gc] GC(628) Pause Final Update Refs 0,187ms
[2021-04-30T09:23:20.602+0300][31,451s][info][gc] GC(628) Concurrent cleanup 123M->117M(128M) 0,047ms
[2021-04-30T09:23:20.603+0300][31,453s][info][gc] Trigger: Free (3655K) is below minimum threshold (13107K)
[2021-04-30T09:23:20.603+0300][31,453s][info][gc] GC(629) Concurrent reset 0,241ms
[2021-04-30T09:23:20.604+0300][31,453s][info][gc] GC(629) Pause Init Mark 0,236ms
[2021-04-30T09:23:20.620+0300][31,470s][info][gc] GC(629) Concurrent marking 16,424ms
[2021-04-30T09:23:20.622+0300][31,471s][info][gc] GC(629) Pause Final Mark 1,068ms
[2021-04-30T09:23:20.622+0300][31,471s][info][gc] GC(629) Concurrent cleanup 118M->118M(128M) 0,040ms
[2021-04-30T09:23:20.623+0300][31,473s][info][gc] GC(629) Concurrent evacuation 1,621ms
[2021-04-30T09:23:20.624+0300][31,473s][info][gc] GC(629) Pause Init Update Refs 0,006ms
[2021-04-30T09:23:20.633+0300][31,483s][info][gc] GC(629) Concurrent update references 9,416ms
[2021-04-30T09:23:20.634+0300][31,483s][info][gc] GC(629) Pause Final Update Refs 0,081ms
[2021-04-30T09:23:20.634+0300][31,483s][info][gc] GC(629) Concurrent cleanup 125M->113M(128M) 0,043ms
[2021-04-30T09:23:20.635+0300][31,484s][info][gc] Trigger: Free (8061K) is below minimum threshold (13107K)
[2021-04-30T09:23:20.635+0300][31,484s][info][gc] GC(630) Concurrent reset 0,180ms
[2021-04-30T09:23:20.635+0300][31,485s][info][gc] GC(630) Pause Init Mark (process weakrefs) 0,172ms
[2021-04-30T09:23:20.650+0300][31,500s][info][gc] GC(630) Concurrent marking (process weakrefs) 14,696ms
[2021-04-30T09:23:20.650+0300][31,500s][info][gc] GC(630) Concurrent precleaning 0,145ms
[2021-04-30T09:23:20.652+0300][31,501s][info][gc] GC(630) Pause Final Mark (process weakrefs) 1,145ms
[2021-04-30T09:23:20.652+0300][31,501s][info][gc] GC(630) Concurrent cleanup 115M->115M(128M) 0,039ms
[2021-04-30T09:23:20.653+0300][31,503s][info][gc] GC(630) Concurrent evacuation 1,451ms
[2021-04-30T09:23:20.654+0300][31,503s][info][gc] GC(630) Pause Init Update Refs 0,021ms
[2021-04-30T09:23:20.665+0300][31,514s][info][gc] GC(630) Concurrent update references 11,061ms
[2021-04-30T09:23:20.665+0300][31,515s][info][gc] GC(630) Pause Final Update Refs 0,072ms
[2021-04-30T09:23:20.665+0300][31,515s][info][gc] GC(630) Concurrent cleanup 124M->117M(128M) 0,040ms
[2021-04-30T09:23:20.666+0300][31,516s][info][gc] Trigger: Free (3421K) is below minimum threshold (13107K)
[2021-04-30T09:23:20.667+0300][31,516s][info][gc] GC(631) Concurrent reset 0,183ms
[2021-04-30T09:23:20.667+0300][31,516s][info][gc] GC(631) Pause Init Mark 0,157ms
[2021-04-30T09:23:20.681+0300][31,530s][info][gc] GC(631) Concurrent marking 13,632ms
[2021-04-30T09:23:20.682+0300][31,531s][info][gc] GC(631) Pause Final Mark 0,998ms
[2021-04-30T09:23:20.682+0300][31,532s][info][gc] GC(631) Concurrent cleanup 119M->119M(128M) 0,037ms
[2021-04-30T09:23:20.683+0300][31,533s][info][gc] GC(631) Concurrent evacuation 1,300ms
[2021-04-30T09:23:20.684+0300][31,533s][info][gc] GC(631) Pause Init Update Refs 0,021ms
[2021-04-30T09:23:20.692+0300][31,541s][info][gc] GC(631) Concurrent update references 8,040ms
[2021-04-30T09:23:20.692+0300][31,542s][info][gc] GC(631) Pause Final Update Refs 0,074ms
[2021-04-30T09:23:20.692+0300][31,542s][info][gc] GC(631) Concurrent cleanup 126M->114M(128M) 0,041ms
[2021-04-30T09:23:20.693+0300][31,543s][info][gc] Trigger: Free (7065K) is below minimum threshold (13107K)
[2021-04-30T09:23:20.694+0300][31,543s][info][gc] GC(632) Concurrent reset 0,255ms
[2021-04-30T09:23:20.694+0300][31,544s][info][gc] GC(632) Pause Init Mark 0,162ms
[2021-04-30T09:23:20.708+0300][31,557s][info][gc] GC(632) Concurrent marking 13,785ms
[2021-04-30T09:23:20.709+0300][31,559s][info][gc] GC(632) Pause Final Mark 1,038ms
[2021-04-30T09:23:20.709+0300][31,559s][info][gc] GC(632) Concurrent cleanup 115M->115M(128M) 0,039ms
[2021-04-30T09:23:20.711+0300][31,560s][info][gc] GC(632) Concurrent evacuation 1,411ms
[2021-04-30T09:23:20.711+0300][31,560s][info][gc] GC(632) Pause Init Update Refs 0,005ms
[2021-04-30T09:23:20.723+0300][31,573s][info][gc] GC(632) Concurrent update references 12,167ms
[2021-04-30T09:23:20.724+0300][31,573s][info][gc] GC(632) Pause Final Update Refs 0,091ms
[2021-04-30T09:23:20.724+0300][31,573s][info][gc] GC(632) Concurrent cleanup 126M->117M(128M) 0,042ms
[2021-04-30T09:23:20.725+0300][31,574s][info][gc] Trigger: Free (2930K) is below minimum threshold (13107K)
[2021-04-30T09:23:20.725+0300][31,575s][info][gc] GC(633) Concurrent reset 0,139ms
[2021-04-30T09:23:20.725+0300][31,575s][info][gc] GC(633) Pause Init Mark 0,141ms
[2021-04-30T09:23:20.741+0300][31,591s][info][gc] GC(633) Concurrent marking 15,698ms
[2021-04-30T09:23:20.742+0300][31,592s][info][gc] GC(633) Pause Final Mark 0,893ms
[2021-04-30T09:23:20.742+0300][31,592s][info][gc] GC(633) Concurrent cleanup 119M->119M(128M) 0,041ms
[2021-04-30T09:23:20.744+0300][31,593s][info][gc] GC(633) Concurrent evacuation 1,439ms
[2021-04-30T09:23:20.744+0300][31,593s][info][gc] GC(633) Pause Init Update Refs 0,005ms
[2021-04-30T09:23:20.758+0300][31,608s][info][gc] GC(633) Concurrent update references 14,301ms
[2021-04-30T09:23:20.759+0300][31,608s][info][gc] GC(633) Pause Final Update Refs 0,104ms
[2021-04-30T09:23:20.759+0300][31,608s][info][gc] GC(633) Concurrent cleanup 125M->113M(128M) 0,042ms
[2021-04-30T09:23:20.760+0300][31,609s][info][gc] Trigger: Free (7808K) is below minimum threshold (13107K)
[2021-04-30T09:23:20.760+0300][31,610s][info][gc] GC(634) Concurrent reset 0,276ms
[2021-04-30T09:23:20.761+0300][31,610s][info][gc] GC(634) Pause Init Mark 0,216ms
[2021-04-30T09:23:20.776+0300][31,625s][info][gc] GC(634) Concurrent marking 15,143ms
[2021-04-30T09:23:20.777+0300][31,627s][info][gc] GC(634) Pause Final Mark 0,871ms
[2021-04-30T09:23:20.777+0300][31,627s][info][gc] GC(634) Concurrent cleanup 115M->115M(128M) 0,038ms
[2021-04-30T09:23:20.778+0300][31,628s][info][gc] GC(634) Concurrent evacuation 1,220ms
[2021-04-30T09:23:20.779+0300][31,628s][info][gc] GC(634) Pause Init Update Refs 0,005ms
[2021-04-30T09:23:20.788+0300][31,637s][info][gc] GC(634) Concurrent update references 9,298ms
[2021-04-30T09:23:20.788+0300][31,638s][info][gc] GC(634) Pause Final Update Refs 0,107ms
[2021-04-30T09:23:20.788+0300][31,638s][info][gc] GC(634) Concurrent cleanup 125M->118M(128M) 0,041ms
[2021-04-30T09:23:20.790+0300][31,639s][info][gc] Trigger: Free (2729K) is below minimum threshold (13107K)
[2021-04-30T09:23:20.790+0300][31,639s][info][gc] GC(635) Concurrent reset 0,245ms
[2021-04-30T09:23:20.790+0300][31,640s][info][gc] GC(635) Pause Init Mark (process weakrefs) 0,232ms
[2021-04-30T09:23:20.806+0300][31,656s][info][gc] GC(635) Concurrent marking (process weakrefs) 15,921ms
[2021-04-30T09:23:20.806+0300][31,656s][info][gc] GC(635) Concurrent precleaning 0,104ms
[2021-04-30T09:23:20.808+0300][31,657s][info][gc] GC(635) Pause Final Mark (process weakrefs) 0,980ms
[2021-04-30T09:23:20.808+0300][31,657s][info][gc] GC(635) Concurrent cleanup 119M->119M(128M) 0,038ms
[2021-04-30T09:23:20.809+0300][31,658s][info][gc] GC(635) Concurrent evacuation 1,278ms
[2021-04-30T09:23:20.809+0300][31,659s][info][gc] GC(635) Pause Init Update Refs 0,006ms
[2021-04-30T09:23:20.817+0300][31,667s][info][gc] GC(635) Concurrent update references 8,039ms
[2021-04-30T09:23:20.818+0300][31,667s][info][gc] GC(635) Pause Final Update Refs 0,142ms
[2021-04-30T09:23:20.818+0300][31,667s][info][gc] GC(635) Concurrent cleanup 124M->112M(128M) 0,045ms
[2021-04-30T09:23:20.819+0300][31,668s][info][gc] Trigger: Free (9032K) is below minimum threshold (13107K)
[2021-04-30T09:23:20.819+0300][31,669s][info][gc] GC(636) Concurrent reset 0,174ms
[2021-04-30T09:23:20.820+0300][31,669s][info][gc] GC(636) Pause Init Mark 0,249ms
[2021-04-30T09:23:20.833+0300][31,683s][info][gc] GC(636) Concurrent marking 13,398ms
[2021-04-30T09:23:20.834+0300][31,684s][info][gc] GC(636) Pause Final Mark 0,976ms
[2021-04-30T09:23:20.834+0300][31,684s][info][gc] GC(636) Concurrent cleanup 113M->113M(128M) 0,037ms
[2021-04-30T09:23:20.836+0300][31,685s][info][gc] GC(636) Concurrent evacuation 1,448ms
[2021-04-30T09:23:20.836+0300][31,685s][info][gc] GC(636) Pause Init Update Refs 0,004ms
[2021-04-30T09:23:20.844+0300][31,694s][info][gc] GC(636) Concurrent update references 8,467ms
[2021-04-30T09:23:20.845+0300][31,694s][info][gc] GC(636) Pause Final Update Refs 0,184ms
[2021-04-30T09:23:20.845+0300][31,694s][info][gc] GC(636) Concurrent cleanup 124M->118M(128M) 0,039ms
[2021-04-30T09:23:20.846+0300][31,695s][info][gc] Trigger: Free (2196K) is below minimum threshold (13107K)
[2021-04-30T09:23:20.846+0300][31,696s][info][gc] GC(637) Concurrent reset 0,149ms
[2021-04-30T09:23:20.846+0300][31,696s][info][gc] GC(637) Pause Init Mark 0,177ms
[2021-04-30T09:23:20.860+0300][31,710s][info][gc] GC(637) Concurrent marking 13,620ms
[2021-04-30T09:23:20.862+0300][31,711s][info][gc] GC(637) Pause Final Mark 1,314ms
[2021-04-30T09:23:20.862+0300][31,711s][info][gc] GC(637) Concurrent cleanup 119M->120M(128M) 0,036ms
[2021-04-30T09:23:20.863+0300][31,712s][info][gc] GC(637) Concurrent evacuation 1,378ms
[2021-04-30T09:23:20.863+0300][31,713s][info][gc] GC(637) Pause Init Update Refs 0,021ms
[2021-04-30T09:23:20.872+0300][31,721s][info][gc] GC(637) Concurrent update references 8,559ms
[2021-04-30T09:23:20.872+0300][31,722s][info][gc] GC(637) Pause Final Update Refs 0,073ms
[2021-04-30T09:23:20.872+0300][31,722s][info][gc] GC(637) Concurrent cleanup 126M->114M(128M) 0,040ms
[2021-04-30T09:23:20.873+0300][31,723s][info][gc] Trigger: Free (7508K) is below minimum threshold (13107K)
[2021-04-30T09:23:20.874+0300][31,723s][info][gc] GC(638) Concurrent reset 0,212ms
[2021-04-30T09:23:20.874+0300][31,723s][info][gc] GC(638) Pause Init Mark 0,250ms
[2021-04-30T09:23:20.888+0300][31,737s][info][gc] GC(638) Concurrent marking 14,015ms
[2021-04-30T09:23:20.889+0300][31,739s][info][gc] GC(638) Pause Final Mark 1,231ms
[2021-04-30T09:23:20.889+0300][31,739s][info][gc] GC(638) Concurrent cleanup 115M->115M(128M) 0,036ms
[2021-04-30T09:23:20.891+0300][31,741s][info][gc] GC(638) Concurrent evacuation 1,618ms
[2021-04-30T09:23:20.891+0300][31,741s][info][gc] GC(638) Pause Init Update Refs 0,005ms
[2021-04-30T09:23:20.900+0300][31,750s][info][gc] GC(638) Concurrent update references 8,967ms
[2021-04-30T09:23:20.901+0300][31,750s][info][gc] GC(638) Pause Final Update Refs 0,217ms
[2021-04-30T09:23:20.901+0300][31,750s][info][gc] GC(638) Concurrent cleanup 121M->114M(128M) 0,039ms
[2021-04-30T09:23:20.902+0300][31,751s][info][gc] Trigger: Free (6400K) is below minimum threshold (13107K)
[2021-04-30T09:23:20.902+0300][31,752s][info][gc] GC(639) Concurrent reset 0,188ms
[2021-04-30T09:23:20.903+0300][31,752s][info][gc] GC(639) Pause Init Mark 0,239ms
[2021-04-30T09:23:20.918+0300][31,767s][info][gc] GC(639) Concurrent marking 14,804ms
[2021-04-30T09:23:20.919+0300][31,768s][info][gc] GC(639) Pause Final Mark 1,235ms
[2021-04-30T09:23:20.919+0300][31,769s][info][gc] GC(639) Concurrent cleanup 116M->116M(128M) 0,043ms
[2021-04-30T09:23:20.921+0300][31,770s][info][gc] GC(639) Concurrent evacuation 1,564ms
[2021-04-30T09:23:20.921+0300][31,770s][info][gc] GC(639) Pause Init Update Refs 0,006ms
[2021-04-30T09:23:20.930+0300][31,779s][info][gc] GC(639) Concurrent update references 9,071ms
[2021-04-30T09:23:20.930+0300][31,780s][info][gc] GC(639) Pause Final Update Refs 0,081ms
[2021-04-30T09:23:20.930+0300][31,780s][info][gc] GC(639) Concurrent cleanup 121M->113M(128M) 0,041ms
[2021-04-30T09:23:20.932+0300][31,781s][info][gc] Trigger: Free (7680K) is below minimum threshold (13107K)
[2021-04-30T09:23:20.932+0300][31,781s][info][gc] GC(640) Concurrent reset 0,165ms
[2021-04-30T09:23:20.932+0300][31,782s][info][gc] GC(640) Pause Init Mark (process weakrefs) 0,208ms
[2021-04-30T09:23:20.951+0300][31,800s][info][gc] GC(640) Concurrent marking (process weakrefs) 18,262ms
[2021-04-30T09:23:20.951+0300][31,800s][info][gc] GC(640) Concurrent precleaning 0,117ms
[2021-04-30T09:23:20.952+0300][31,801s][info][gc] GC(640) Pause Final Mark (process weakrefs) 1,077ms
[2021-04-30T09:23:20.952+0300][31,802s][info][gc] GC(640) Concurrent cleanup 115M->115M(128M) 0,081ms
[2021-04-30T09:23:20.955+0300][31,804s][info][gc] GC(640) Concurrent evacuation 2,465ms
[2021-04-30T09:23:20.955+0300][31,804s][info][gc] GC(640) Pause Init Update Refs 0,007ms
[2021-04-30T09:23:20.965+0300][31,814s][info][gc] GC(640) Concurrent update references 9,885ms
[2021-04-30T09:23:20.965+0300][31,815s][info][gc] GC(640) Pause Final Update Refs 0,135ms
[2021-04-30T09:23:20.965+0300][31,815s][info][gc] GC(640) Concurrent cleanup 124M->117M(128M) 0,049ms
[2021-04-30T09:23:20.967+0300][31,816s][info][gc] Trigger: Free (4062K) is below minimum threshold (13107K)
[2021-04-30T09:23:20.967+0300][31,816s][info][gc] GC(641) Concurrent reset 0,160ms
[2021-04-30T09:23:20.968+0300][31,817s][info][gc] GC(641) Pause Init Mark 0,405ms
[2021-04-30T09:23:20.983+0300][31,832s][info][gc] GC(641) Concurrent marking 15,120ms
[2021-04-30T09:23:20.984+0300][31,834s][info][gc] GC(641) Pause Final Mark 1,289ms
[2021-04-30T09:23:20.984+0300][31,834s][info][gc] GC(641) Concurrent cleanup 118M->118M(128M) 0,046ms
[2021-04-30T09:23:20.986+0300][31,836s][info][gc] GC(641) Concurrent evacuation 1,833ms
[2021-04-30T09:23:20.986+0300][31,836s][info][gc] GC(641) Pause Init Update Refs 0,006ms
[2021-04-30T09:23:20.996+0300][31,846s][info][gc] GC(641) Concurrent update references 9,741ms
[2021-04-30T09:23:20.997+0300][31,846s][info][gc] GC(641) Pause Final Update Refs 0,127ms
[2021-04-30T09:23:20.997+0300][31,846s][info][gc] GC(641) Concurrent cleanup 126M->115M(128M) 0,042ms
[2021-04-30T09:23:20.998+0300][31,847s][info][gc] Trigger: Free (5934K) is below minimum threshold (13107K)
[2021-04-30T09:23:20.998+0300][31,848s][info][gc] GC(642) Concurrent reset 0,187ms
[2021-04-30T09:23:20.998+0300][31,848s][info][gc] GC(642) Pause Init Mark 0,150ms
[2021-04-30T09:23:21.015+0300][31,864s][info][gc] GC(642) Concurrent marking 16,084ms
[2021-04-30T09:23:21.016+0300][31,865s][info][gc] GC(642) Pause Final Mark 0,904ms
[2021-04-30T09:23:21.016+0300][31,865s][info][gc] GC(642) Concurrent cleanup 116M->117M(128M) 0,038ms
[2021-04-30T09:23:21.017+0300][31,866s][info][gc] GC(642) Concurrent evacuation 1,354ms
[2021-04-30T09:23:21.017+0300][31,867s][info][gc] GC(642) Pause Init Update Refs 0,005ms
[2021-04-30T09:23:21.027+0300][31,877s][info][gc] GC(642) Concurrent update references 9,928ms
[2021-04-30T09:23:21.027+0300][31,877s][info][gc] GC(642) Pause Final Update Refs 0,125ms
[2021-04-30T09:23:21.028+0300][31,877s][info][gc] GC(642) Concurrent cleanup 125M->116M(128M) 0,044ms
[2021-04-30T09:23:21.029+0300][31,878s][info][gc] Trigger: Free (3739K) is below minimum threshold (13107K)
[2021-04-30T09:23:21.029+0300][31,878s][info][gc] GC(643) Concurrent reset 0,125ms
[2021-04-30T09:23:21.029+0300][31,879s][info][gc] GC(643) Pause Init Mark 0,211ms
[2021-04-30T09:23:21.043+0300][31,892s][info][gc] GC(643) Concurrent marking 13,797ms
[2021-04-30T09:23:21.044+0300][31,894s][info][gc] GC(643) Pause Final Mark 1,090ms
[2021-04-30T09:23:21.044+0300][31,894s][info][gc] GC(643) Concurrent cleanup 118M->118M(128M) 0,038ms
[2021-04-30T09:23:21.046+0300][31,895s][info][gc] GC(643) Concurrent evacuation 1,453ms
[2021-04-30T09:23:21.046+0300][31,895s][info][gc] GC(643) Pause Init Update Refs 0,004ms
[2021-04-30T09:23:21.054+0300][31,904s][info][gc] GC(643) Concurrent update references 8,361ms
[2021-04-30T09:23:21.055+0300][31,904s][info][gc] GC(643) Pause Final Update Refs 0,213ms
[2021-04-30T09:23:21.055+0300][31,904s][info][gc] GC(643) Concurrent cleanup 126M->115M(128M) 0,041ms
[2021-04-30T09:23:21.056+0300][31,906s][info][gc] Trigger: Free (5539K) is below minimum threshold (13107K)
[2021-04-30T09:23:21.056+0300][31,906s][info][gc] GC(644) Concurrent reset 0,167ms
[2021-04-30T09:23:21.057+0300][31,906s][info][gc] GC(644) Pause Init Mark 0,284ms
[2021-04-30T09:23:21.071+0300][31,920s][info][gc] GC(644) Concurrent marking 13,657ms
[2021-04-30T09:23:21.072+0300][31,921s][info][gc] GC(644) Pause Final Mark 1,020ms
[2021-04-30T09:23:21.072+0300][31,921s][info][gc] GC(644) Concurrent cleanup 117M->117M(128M) 0,038ms
[2021-04-30T09:23:21.073+0300][31,923s][info][gc] GC(644) Concurrent evacuation 1,372ms
[2021-04-30T09:23:21.073+0300][31,923s][info][gc] GC(644) Pause Init Update Refs 0,021ms
[2021-04-30T09:23:21.082+0300][31,932s][info][gc] GC(644) Concurrent update references 8,700ms
[2021-04-30T09:23:21.083+0300][31,932s][info][gc] GC(644) Pause Final Update Refs 0,118ms
[2021-04-30T09:23:21.083+0300][31,932s][info][gc] GC(644) Concurrent cleanup 124M->115M(128M) 0,043ms
[2021-04-30T09:23:21.084+0300][31,933s][info][gc] Trigger: Free (5119K) is below minimum threshold (13107K)
[2021-04-30T09:23:21.084+0300][31,933s][info][gc] GC(645) Concurrent reset 0,167ms
[2021-04-30T09:23:21.084+0300][31,934s][info][gc] GC(645) Pause Init Mark (process weakrefs) 0,289ms
[2021-04-30T09:23:21.099+0300][31,948s][info][gc] GC(645) Concurrent marking (process weakrefs) 13,952ms
[2021-04-30T09:23:21.099+0300][31,948s][info][gc] GC(645) Concurrent precleaning 0,064ms
[2021-04-30T09:23:21.100+0300][31,949s][info][gc] GC(645) Pause Final Mark (process weakrefs) 0,997ms
[2021-04-30T09:23:21.100+0300][31,949s][info][gc] GC(645) Concurrent cleanup 117M->117M(128M) 0,038ms
[2021-04-30T09:23:21.101+0300][31,951s][info][gc] GC(645) Concurrent evacuation 1,316ms
[2021-04-30T09:23:21.102+0300][31,951s][info][gc] GC(645) Pause Init Update Refs 0,005ms
[2021-04-30T09:23:21.110+0300][31,960s][info][gc] GC(645) Concurrent update references 8,540ms
[2021-04-30T09:23:21.111+0300][31,960s][info][gc] GC(645) Pause Final Update Refs 0,095ms
[2021-04-30T09:23:21.111+0300][31,960s][info][gc] GC(645) Concurrent cleanup 124M->114M(128M) 0,043ms
[2021-04-30T09:23:21.112+0300][31,961s][info][gc] Trigger: Free (7000K) is below minimum threshold (13107K)
[2021-04-30T09:23:21.112+0300][31,962s][info][gc] GC(646) Concurrent reset 0,256ms
[2021-04-30T09:23:21.113+0300][31,962s][info][gc] GC(646) Pause Init Mark 0,163ms
[2021-04-30T09:23:21.127+0300][31,976s][info][gc] GC(646) Concurrent marking 14,204ms
[2021-04-30T09:23:21.128+0300][31,978s][info][gc] GC(646) Pause Final Mark 1,060ms
[2021-04-30T09:23:21.128+0300][31,978s][info][gc] GC(646) Concurrent cleanup 116M->116M(128M) 0,037ms
[2021-04-30T09:23:21.130+0300][31,979s][info][gc] GC(646) Concurrent evacuation 1,535ms
[2021-04-30T09:23:21.130+0300][31,979s][info][gc] GC(646) Pause Init Update Refs 0,006ms
[2021-04-30T09:23:21.142+0300][31,991s][info][gc] GC(646) Concurrent update references 11,550ms
[2021-04-30T09:23:21.142+0300][31,991s][info][gc] GC(646) Pause Final Update Refs 0,108ms
[2021-04-30T09:23:21.142+0300][31,992s][info][gc] GC(646) Concurrent cleanup 125M->118M(128M) 0,042ms
[2021-04-30T09:23:21.143+0300][31,993s][info][gc] Trigger: Free (2163K) is below minimum threshold (13107K)
[2021-04-30T09:23:21.143+0300][31,993s][info][gc] GC(647) Concurrent reset 0,167ms
[2021-04-30T09:23:21.144+0300][31,993s][info][gc] GC(647) Pause Init Mark 0,169ms
[2021-04-30T09:23:21.158+0300][32,008s][info][gc] GC(647) Concurrent marking 14,066ms
[2021-04-30T09:23:21.159+0300][32,009s][info][gc] GC(647) Pause Final Mark 1,009ms
[2021-04-30T09:23:21.159+0300][32,009s][info][gc] GC(647) Concurrent cleanup 119M->119M(128M) 0,038ms
[2021-04-30T09:23:21.161+0300][32,010s][info][gc] GC(647) Concurrent evacuation 1,327ms
[2021-04-30T09:23:21.161+0300][32,010s][info][gc] GC(647) Pause Init Update Refs 0,021ms
[2021-04-30T09:23:21.170+0300][32,019s][info][gc] GC(647) Concurrent update references 8,742ms
[2021-04-30T09:23:21.170+0300][32,020s][info][gc] GC(647) Pause Final Update Refs 0,084ms
[2021-04-30T09:23:21.170+0300][32,020s][info][gc] GC(647) Concurrent cleanup 126M->113M(128M) 0,042ms
[2021-04-30T09:23:21.171+0300][32,021s][info][gc] Trigger: Free (8022K) is below minimum threshold (13107K)
[2021-04-30T09:23:21.172+0300][32,021s][info][gc] GC(648) Concurrent reset 0,257ms
[2021-04-30T09:23:21.172+0300][32,021s][info][gc] GC(648) Pause Init Mark 0,163ms
[2021-04-30T09:23:21.187+0300][32,037s][info][gc] GC(648) Concurrent marking 15,066ms
[2021-04-30T09:23:21.188+0300][32,038s][info][gc] GC(648) Pause Final Mark 1,003ms
[2021-04-30T09:23:21.189+0300][32,038s][info][gc] GC(648) Concurrent cleanup 114M->114M(128M) 0,036ms
[2021-04-30T09:23:21.190+0300][32,039s][info][gc] GC(648) Concurrent evacuation 1,397ms
[2021-04-30T09:23:21.190+0300][32,039s][info][gc] GC(648) Pause Init Update Refs 0,005ms
[2021-04-30T09:23:21.200+0300][32,050s][info][gc] GC(648) Concurrent update references 10,232ms
[2021-04-30T09:23:21.201+0300][32,050s][info][gc] GC(648) Pause Final Update Refs 0,082ms
[2021-04-30T09:23:21.201+0300][32,050s][info][gc] GC(648) Concurrent cleanup 125M->119M(128M) 0,039ms
[2021-04-30T09:23:21.202+0300][32,051s][info][gc] Trigger: Free (1630K) is below minimum threshold (13107K)
[2021-04-30T09:23:21.202+0300][32,051s][info][gc] GC(649) Concurrent reset 0,175ms
[2021-04-30T09:23:21.202+0300][32,052s][info][gc] GC(649) Pause Init Mark 0,161ms
[2021-04-30T09:23:21.216+0300][32,066s][info][gc] GC(649) Concurrent marking 13,877ms
[2021-04-30T09:23:21.218+0300][32,067s][info][gc] GC(649) Pause Final Mark 0,933ms
[2021-04-30T09:23:21.218+0300][32,067s][info][gc] GC(649) Concurrent cleanup 120M->120M(128M) 0,038ms
[2021-04-30T09:23:21.219+0300][32,069s][info][gc] GC(649) Concurrent evacuation 1,442ms
[2021-04-30T09:23:21.219+0300][32,069s][info][gc] GC(649) Pause Init Update Refs 0,007ms
[2021-04-30T09:23:21.231+0300][32,080s][info][gc] GC(649) Concurrent update references 11,652ms
[2021-04-30T09:23:21.232+0300][32,081s][info][gc] GC(649) Pause Final Update Refs 0,189ms
[2021-04-30T09:23:21.232+0300][32,081s][info][gc] GC(649) Concurrent cleanup 126M->113M(128M) 0,044ms
[2021-04-30T09:23:21.233+0300][32,082s][info][gc] Trigger: Free (7889K) is below minimum threshold (13107K)
[2021-04-30T09:23:21.233+0300][32,083s][info][gc] GC(650) Concurrent reset 0,231ms
[2021-04-30T09:23:21.233+0300][32,083s][info][gc] GC(650) Pause Init Mark (process weakrefs) 0,195ms
[2021-04-30T09:23:21.249+0300][32,098s][info][gc] GC(650) Concurrent marking (process weakrefs) 15,458ms
[2021-04-30T09:23:21.249+0300][32,099s][info][gc] GC(650) Concurrent precleaning 0,095ms
[2021-04-30T09:23:21.251+0300][32,100s][info][gc] GC(650) Pause Final Mark (process weakrefs) 1,419ms
[2021-04-30T09:23:21.251+0300][32,100s][info][gc] GC(650) Concurrent cleanup 114M->114M(128M) 0,040ms
[2021-04-30T09:23:21.253+0300][32,102s][info][gc] GC(650) Concurrent evacuation 2,132ms
[2021-04-30T09:23:21.253+0300][32,103s][info][gc] GC(650) Pause Init Update Refs 0,009ms
[2021-04-30T09:23:21.263+0300][32,112s][info][gc] GC(650) Concurrent update references 9,368ms
[2021-04-30T09:23:21.263+0300][32,112s][info][gc] GC(650) Pause Final Update Refs 0,115ms
[2021-04-30T09:23:21.263+0300][32,113s][info][gc] GC(650) Concurrent cleanup 125M->118M(128M) 0,050ms
[2021-04-30T09:23:21.264+0300][32,114s][info][gc] Trigger: Free (2513K) is below minimum threshold (13107K)
[2021-04-30T09:23:21.265+0300][32,114s][info][gc] GC(651) Concurrent reset 0,451ms
[2021-04-30T09:23:21.265+0300][32,115s][info][gc] GC(651) Pause Init Mark 0,223ms
[2021-04-30T09:23:21.280+0300][32,130s][info][gc] GC(651) Concurrent marking 14,965ms
[2021-04-30T09:23:21.282+0300][32,131s][info][gc] GC(651) Pause Final Mark 1,414ms
[2021-04-30T09:23:21.282+0300][32,131s][info][gc] GC(651) Concurrent cleanup 119M->119M(128M) 0,041ms
[2021-04-30T09:23:21.283+0300][32,133s][info][gc] GC(651) Concurrent evacuation 1,293ms
[2021-04-30T09:23:21.284+0300][32,133s][info][gc] GC(651) Pause Init Update Refs 0,021ms
[2021-04-30T09:23:21.298+0300][32,147s][info][gc] GC(651) Concurrent update references 14,092ms
[2021-04-30T09:23:21.298+0300][32,147s][info][gc] GC(651) Pause Final Update Refs 0,087ms
[2021-04-30T09:23:21.298+0300][32,148s][info][gc] GC(651) Concurrent cleanup 126M->114M(128M) 0,068ms
[2021-04-30T09:23:21.299+0300][32,149s][info][gc] Trigger: Free (6559K) is below minimum threshold (13107K)
[2021-04-30T09:23:21.300+0300][32,149s][info][gc] GC(652) Concurrent reset 0,226ms
[2021-04-30T09:23:21.300+0300][32,149s][info][gc] GC(652) Pause Init Mark 0,160ms
[2021-04-30T09:23:21.321+0300][32,170s][info][gc] GC(652) Concurrent marking 20,939ms
[2021-04-30T09:23:21.322+0300][32,172s][info][gc] GC(652) Pause Final Mark 1,255ms
[2021-04-30T09:23:21.322+0300][32,172s][info][gc] GC(652) Concurrent cleanup 116M->116M(128M) 0,059ms
[2021-04-30T09:23:21.324+0300][32,174s][info][gc] GC(652) Concurrent evacuation 1,679ms
[2021-04-30T09:23:21.324+0300][32,174s][info][gc] GC(652) Pause Init Update Refs 0,006ms
[2021-04-30T09:23:21.335+0300][32,184s][info][gc] GC(652) Concurrent update references 10,173ms
[2021-04-30T09:23:21.335+0300][32,184s][info][gc] GC(652) Pause Final Update Refs 0,094ms
[2021-04-30T09:23:21.335+0300][32,184s][info][gc] GC(652) Concurrent cleanup 125M->117M(128M) 0,056ms
[2021-04-30T09:23:21.336+0300][32,186s][info][gc] Trigger: Free (3661K) is below minimum threshold (13107K)
[2021-04-30T09:23:21.336+0300][32,186s][info][gc] GC(653) Concurrent reset 0,268ms
[2021-04-30T09:23:21.337+0300][32,186s][info][gc] GC(653) Pause Init Mark 0,173ms
[2021-04-30T09:23:21.350+0300][32,200s][info][gc] GC(653) Concurrent marking 13,243ms
[2021-04-30T09:23:21.352+0300][32,201s][info][gc] GC(653) Pause Final Mark 1,141ms
[2021-04-30T09:23:21.352+0300][32,201s][info][gc] GC(653) Concurrent cleanup 118M->118M(128M) 0,053ms
[2021-04-30T09:23:21.353+0300][32,203s][info][gc] GC(653) Concurrent evacuation 1,300ms
[2021-04-30T09:23:21.353+0300][32,203s][info][gc] GC(653) Pause Init Update Refs 0,021ms
[2021-04-30T09:23:21.363+0300][32,212s][info][gc] GC(653) Concurrent update references 9,529ms
[2021-04-30T09:23:21.363+0300][32,213s][info][gc] GC(653) Pause Final Update Refs 0,092ms
[2021-04-30T09:23:21.363+0300][32,213s][info][gc] GC(653) Concurrent cleanup 126M->115M(128M) 0,056ms
[2021-04-30T09:23:21.365+0300][32,214s][info][gc] Trigger: Free (5618K) is below minimum threshold (13107K)
[2021-04-30T09:23:21.365+0300][32,214s][info][gc] GC(654) Concurrent reset 0,252ms
[2021-04-30T09:23:21.365+0300][32,215s][info][gc] GC(654) Pause Init Mark 0,156ms
[2021-04-30T09:23:21.379+0300][32,229s][info][gc] GC(654) Concurrent marking 13,795ms
[2021-04-30T09:23:21.380+0300][32,230s][info][gc] GC(654) Pause Final Mark 1,056ms
[2021-04-30T09:23:21.381+0300][32,230s][info][gc] GC(654) Concurrent cleanup 116M->116M(128M) 0,053ms
[2021-04-30T09:23:21.382+0300][32,231s][info][gc] GC(654) Concurrent evacuation 1,319ms
[2021-04-30T09:23:21.382+0300][32,232s][info][gc] GC(654) Pause Init Update Refs 0,006ms
[2021-04-30T09:23:21.390+0300][32,240s][info][gc] GC(654) Concurrent update references 8,217ms
[2021-04-30T09:23:21.391+0300][32,240s][info][gc] GC(654) Pause Final Update Refs 0,098ms
[2021-04-30T09:23:21.391+0300][32,240s][info][gc] GC(654) Concurrent cleanup 125M->116M(128M) 0,048ms
[2021-04-30T09:23:21.392+0300][32,242s][info][gc] Trigger: Free (4569K) is below minimum threshold (13107K)
[2021-04-30T09:23:21.392+0300][32,242s][info][gc] GC(655) Concurrent reset 0,164ms
[2021-04-30T09:23:21.393+0300][32,242s][info][gc] GC(655) Pause Init Mark (process weakrefs) 0,155ms
[2021-04-30T09:23:21.408+0300][32,257s][info][gc] GC(655) Concurrent marking (process weakrefs) 15,063ms
[2021-04-30T09:23:21.408+0300][32,258s][info][gc] GC(655) Concurrent precleaning 0,192ms
[2021-04-30T09:23:21.410+0300][32,259s][info][gc] GC(655) Pause Final Mark (process weakrefs) 1,197ms
[2021-04-30T09:23:21.410+0300][32,259s][info][gc] GC(655) Concurrent cleanup 117M->117M(128M) 0,080ms
[2021-04-30T09:23:21.412+0300][32,261s][info][gc] GC(655) Concurrent evacuation 1,862ms
[2021-04-30T09:23:21.412+0300][32,261s][info][gc] GC(655) Pause Init Update Refs 0,006ms
[2021-04-30T09:23:21.421+0300][32,270s][info][gc] GC(655) Concurrent update references 9,048ms
[2021-04-30T09:23:21.421+0300][32,271s][info][gc] GC(655) Pause Final Update Refs 0,204ms
[2021-04-30T09:23:21.421+0300][32,271s][info][gc] GC(655) Concurrent cleanup 126M->117M(128M) 0,041ms
[2021-04-30T09:23:21.423+0300][32,272s][info][gc] Trigger: Free (3584K) is below minimum threshold (13107K)
[2021-04-30T09:23:21.423+0300][32,272s][info][gc] GC(656) Concurrent reset 0,198ms
[2021-04-30T09:23:21.423+0300][32,273s][info][gc] GC(656) Pause Init Mark 0,169ms
[2021-04-30T09:23:21.445+0300][32,294s][info][gc] GC(656) Concurrent marking 21,318ms
[2021-04-30T09:23:21.446+0300][32,295s][info][gc] GC(656) Pause Final Mark 0,937ms
[2021-04-30T09:23:21.446+0300][32,295s][info][gc] GC(656) Concurrent cleanup 118M->118M(128M) 0,039ms
[2021-04-30T09:23:21.448+0300][32,297s][info][gc] GC(656) Concurrent evacuation 1,787ms
[2021-04-30T09:23:21.448+0300][32,297s][info][gc] GC(656) Pause Init Update Refs 0,008ms
[2021-04-30T09:23:21.461+0300][32,311s][info][gc] GC(656) Concurrent update references 13,462ms
[2021-04-30T09:23:21.462+0300][32,311s][info][gc] GC(656) Pause Final Update Refs 0,115ms
[2021-04-30T09:23:21.462+0300][32,311s][info][gc] GC(656) Concurrent cleanup 126M->115M(128M) 0,043ms
[2021-04-30T09:23:21.463+0300][32,313s][info][gc] Trigger: Free (5106K) is below minimum threshold (13107K)
[2021-04-30T09:23:21.466+0300][32,316s][info][gc] GC(657) Concurrent reset 2,834ms
[2021-04-30T09:23:21.467+0300][32,316s][info][gc] GC(657) Pause Init Mark 0,209ms
[2021-04-30T09:23:21.483+0300][32,333s][info][gc] GC(657) Concurrent marking 16,597ms
[2021-04-30T09:23:21.485+0300][32,334s][info][gc] GC(657) Pause Final Mark 1,218ms
[2021-04-30T09:23:21.485+0300][32,334s][info][gc] GC(657) Concurrent cleanup 118M->118M(128M) 0,040ms
[2021-04-30T09:23:21.486+0300][32,336s][info][gc] GC(657) Concurrent evacuation 1,355ms
[2021-04-30T09:23:21.486+0300][32,336s][info][gc] GC(657) Pause Init Update Refs 0,005ms
[2021-04-30T09:23:21.502+0300][32,352s][info][gc] GC(657) Concurrent update references 15,885ms
[2021-04-30T09:23:21.503+0300][32,352s][info][gc] GC(657) Pause Final Update Refs 0,112ms
[2021-04-30T09:23:21.503+0300][32,352s][info][gc] GC(657) Concurrent cleanup 126M->116M(128M) 0,041ms
[2021-04-30T09:23:21.504+0300][32,353s][info][gc] Trigger: Free (5329K) is below minimum threshold (13107K)
[2021-04-30T09:23:21.504+0300][32,353s][info][gc] GC(658) Concurrent reset 0,161ms
[2021-04-30T09:23:21.504+0300][32,354s][info][gc] GC(658) Pause Init Mark 0,216ms
[2021-04-30T09:23:21.527+0300][32,376s][info][gc] GC(658) Concurrent marking 22,642ms
[2021-04-30T09:23:21.528+0300][32,377s][info][gc] GC(658) Pause Final Mark 0,883ms
[2021-04-30T09:23:21.528+0300][32,377s][info][gc] GC(658) Concurrent cleanup 117M->117M(128M) 0,041ms
[2021-04-30T09:23:21.531+0300][32,380s][info][gc] GC(658) Concurrent evacuation 2,497ms
[2021-04-30T09:23:21.531+0300][32,380s][info][gc] GC(658) Pause Init Update Refs 0,013ms
[2021-04-30T09:23:21.541+0300][32,391s][info][gc] GC(658) Concurrent update references 10,426ms
[2021-04-30T09:23:21.542+0300][32,391s][info][gc] GC(658) Pause Final Update Refs 0,128ms
[2021-04-30T09:23:21.542+0300][32,391s][info][gc] GC(658) Concurrent cleanup 126M->117M(128M) 0,049ms
[2021-04-30T09:23:21.543+0300][32,392s][info][gc] Trigger: Free (3220K) is below minimum threshold (13107K)
[2021-04-30T09:23:21.543+0300][32,392s][info][gc] GC(659) Concurrent reset 0,116ms
[2021-04-30T09:23:21.543+0300][32,393s][info][gc] GC(659) Pause Init Mark 0,190ms
[2021-04-30T09:23:21.559+0300][32,409s][info][gc] GC(659) Concurrent marking 15,818ms
[2021-04-30T09:23:21.560+0300][32,410s][info][gc] GC(659) Pause Final Mark 1,013ms
[2021-04-30T09:23:21.560+0300][32,410s][info][gc] GC(659) Concurrent cleanup 119M->119M(128M) 0,037ms
[2021-04-30T09:23:21.562+0300][32,411s][info][gc] GC(659) Concurrent evacuation 1,381ms
[2021-04-30T09:23:21.562+0300][32,411s][info][gc] GC(659) Pause Init Update Refs 0,008ms
[2021-04-30T09:23:21.570+0300][32,420s][info][gc] GC(659) Concurrent update references 8,632ms
[2021-04-30T09:23:21.571+0300][32,420s][info][gc] GC(659) Pause Final Update Refs 0,124ms
[2021-04-30T09:23:21.571+0300][32,420s][info][gc] GC(659) Concurrent cleanup 125M->115M(128M) 0,041ms
[2021-04-30T09:23:21.572+0300][32,421s][info][gc] Trigger: Free (6113K) is below minimum threshold (13107K)
[2021-04-30T09:23:21.572+0300][32,422s][info][gc] GC(660) Concurrent reset 0,206ms
[2021-04-30T09:23:21.573+0300][32,422s][info][gc] GC(660) Pause Init Mark (process weakrefs) 0,254ms
[2021-04-30T09:23:21.593+0300][32,443s][info][gc] GC(660) Concurrent marking (process weakrefs) 20,439ms
[2021-04-30T09:23:21.593+0300][32,443s][info][gc] GC(660) Concurrent precleaning 0,147ms
[2021-04-30T09:23:21.595+0300][32,444s][info][gc] GC(660) Pause Final Mark (process weakrefs) 1,277ms
[2021-04-30T09:23:21.595+0300][32,444s][info][gc] GC(660) Concurrent cleanup 116M->116M(128M) 0,039ms
[2021-04-30T09:23:21.596+0300][32,446s][info][gc] GC(660) Concurrent evacuation 1,435ms
[2021-04-30T09:23:21.596+0300][32,446s][info][gc] GC(660) Pause Init Update Refs 0,006ms
[2021-04-30T09:23:21.606+0300][32,455s][info][gc] GC(660) Concurrent update references 9,360ms
[2021-04-30T09:23:21.606+0300][32,456s][info][gc] GC(660) Pause Final Update Refs 0,062ms
[2021-04-30T09:23:21.606+0300][32,456s][info][gc] GC(660) Concurrent cleanup 125M->117M(128M) 0,039ms
[2021-04-30T09:23:21.607+0300][32,457s][info][gc] Trigger: Free (2692K) is below minimum threshold (13107K)
[2021-04-30T09:23:21.607+0300][32,457s][info][gc] GC(661) Concurrent reset 0,129ms
[2021-04-30T09:23:21.608+0300][32,457s][info][gc] GC(661) Pause Init Mark 0,230ms
[2021-04-30T09:23:21.622+0300][32,471s][info][gc] GC(661) Concurrent marking 13,619ms
[2021-04-30T09:23:21.623+0300][32,472s][info][gc] GC(661) Pause Final Mark 0,947ms
[2021-04-30T09:23:21.623+0300][32,472s][info][gc] GC(661) Concurrent cleanup 119M->119M(128M) 0,038ms
[2021-04-30T09:23:21.624+0300][32,474s][info][gc] GC(661) Concurrent evacuation 1,450ms
[2021-04-30T09:23:21.625+0300][32,474s][info][gc] GC(661) Pause Init Update Refs 0,027ms
[2021-04-30T09:23:21.633+0300][32,483s][info][gc] GC(661) Concurrent update references 8,729ms
[2021-04-30T09:23:21.634+0300][32,483s][info][gc] GC(661) Pause Final Update Refs 0,096ms
[2021-04-30T09:23:21.634+0300][32,483s][info][gc] GC(661) Concurrent cleanup 126M->115M(128M) 0,042ms
[2021-04-30T09:23:21.635+0300][32,485s][info][gc] Trigger: Free (6353K) is below minimum threshold (13107K)
[2021-04-30T09:23:21.635+0300][32,485s][info][gc] GC(662) Concurrent reset 0,123ms
[2021-04-30T09:23:21.636+0300][32,485s][info][gc] GC(662) Pause Init Mark 0,156ms
[2021-04-30T09:23:21.650+0300][32,500s][info][gc] GC(662) Concurrent marking 14,241ms
[2021-04-30T09:23:21.651+0300][32,501s][info][gc] GC(662) Pause Final Mark 0,928ms
[2021-04-30T09:23:21.651+0300][32,501s][info][gc] GC(662) Concurrent cleanup 116M->116M(128M) 0,036ms
[2021-04-30T09:23:21.653+0300][32,502s][info][gc] GC(662) Concurrent evacuation 1,330ms
[2021-04-30T09:23:21.653+0300][32,502s][info][gc] GC(662) Pause Init Update Refs 0,021ms
[2021-04-30T09:23:21.661+0300][32,511s][info][gc] GC(662) Concurrent update references 8,483ms
[2021-04-30T09:23:21.662+0300][32,511s][info][gc] GC(662) Pause Final Update Refs 0,117ms
[2021-04-30T09:23:21.662+0300][32,511s][info][gc] GC(662) Concurrent cleanup 124M->117M(128M) 0,039ms
[2021-04-30T09:23:21.663+0300][32,512s][info][gc] Trigger: Free (3328K) is below minimum threshold (13107K)
[2021-04-30T09:23:21.663+0300][32,513s][info][gc] GC(663) Concurrent reset 0,128ms
[2021-04-30T09:23:21.663+0300][32,513s][info][gc] GC(663) Pause Init Mark 0,137ms
[2021-04-30T09:23:21.678+0300][32,527s][info][gc] GC(663) Concurrent marking 14,578ms
[2021-04-30T09:23:21.679+0300][32,528s][info][gc] GC(663) Pause Final Mark 0,902ms
[2021-04-30T09:23:21.679+0300][32,529s][info][gc] GC(663) Concurrent cleanup 119M->119M(128M) 0,040ms
[2021-04-30T09:23:21.681+0300][32,530s][info][gc] GC(663) Concurrent evacuation 1,343ms
[2021-04-30T09:23:21.681+0300][32,530s][info][gc] GC(663) Pause Init Update Refs 0,006ms
[2021-04-30T09:23:21.689+0300][32,538s][info][gc] GC(663) Concurrent update references 8,186ms
[2021-04-30T09:23:21.689+0300][32,539s][info][gc] GC(663) Pause Final Update Refs 0,166ms
[2021-04-30T09:23:21.690+0300][32,539s][info][gc] GC(663) Concurrent cleanup 125M->115M(128M) 0,042ms
[2021-04-30T09:23:21.691+0300][32,540s][info][gc] Trigger: Free (5531K) is below minimum threshold (13107K)
[2021-04-30T09:23:21.691+0300][32,540s][info][gc] GC(664) Concurrent reset 0,151ms
[2021-04-30T09:23:21.691+0300][32,541s][info][gc] GC(664) Pause Init Mark 0,196ms
[2021-04-30T09:23:21.705+0300][32,554s][info][gc] GC(664) Concurrent marking 13,640ms
[2021-04-30T09:23:21.706+0300][32,555s][info][gc] GC(664) Pause Final Mark 0,951ms
[2021-04-30T09:23:21.706+0300][32,556s][info][gc] GC(664) Concurrent cleanup 116M->117M(128M) 0,039ms
[2021-04-30T09:23:21.708+0300][32,557s][info][gc] GC(664) Concurrent evacuation 1,613ms
[2021-04-30T09:23:21.708+0300][32,557s][info][gc] GC(664) Pause Init Update Refs 0,007ms
[2021-04-30T09:23:21.717+0300][32,566s][info][gc] GC(664) Concurrent update references 8,720ms
[2021-04-30T09:23:21.717+0300][32,567s][info][gc] GC(664) Pause Final Update Refs 0,080ms
[2021-04-30T09:23:21.717+0300][32,567s][info][gc] GC(664) Concurrent cleanup 124M->115M(128M) 0,041ms
[2021-04-30T09:23:21.718+0300][32,568s][info][gc] Trigger: Free (5585K) is below minimum threshold (13107K)
[2021-04-30T09:23:21.719+0300][32,568s][info][gc] GC(665) Concurrent reset 0,179ms
[2021-04-30T09:23:21.719+0300][32,568s][info][gc] GC(665) Pause Init Mark (process weakrefs) 0,181ms
[2021-04-30T09:23:21.734+0300][32,583s][info][gc] GC(665) Concurrent marking (process weakrefs) 15,010ms
[2021-04-30T09:23:21.734+0300][32,584s][info][gc] GC(665) Concurrent precleaning 0,170ms
[2021-04-30T09:23:21.736+0300][32,585s][info][gc] GC(665) Pause Final Mark (process weakrefs) 1,104ms
[2021-04-30T09:23:21.736+0300][32,585s][info][gc] GC(665) Concurrent cleanup 116M->116M(128M) 0,040ms
[2021-04-30T09:23:21.738+0300][32,588s][info][gc] GC(665) Concurrent evacuation 2,635ms
[2021-04-30T09:23:21.739+0300][32,588s][info][gc] GC(665) Pause Init Update Refs 0,006ms
[2021-04-30T09:23:21.748+0300][32,597s][info][gc] GC(665) Concurrent update references 9,054ms
[2021-04-30T09:23:21.748+0300][32,597s][info][gc] GC(665) Pause Final Update Refs 0,064ms
[2021-04-30T09:23:21.748+0300][32,597s][info][gc] GC(665) Concurrent cleanup 124M->116M(128M) 0,042ms
[2021-04-30T09:23:21.749+0300][32,599s][info][gc] Trigger: Free (5103K) is below minimum threshold (13107K)
[2021-04-30T09:23:21.749+0300][32,599s][info][gc] GC(666) Concurrent reset 0,183ms
[2021-04-30T09:23:21.750+0300][32,599s][info][gc] GC(666) Pause Init Mark 0,297ms
[2021-04-30T09:23:21.766+0300][32,616s][info][gc] GC(666) Concurrent marking 16,417ms
[2021-04-30T09:23:21.767+0300][32,617s][info][gc] GC(666) Pause Final Mark 0,969ms
[2021-04-30T09:23:21.768+0300][32,617s][info][gc] GC(666) Concurrent cleanup 117M->117M(128M) 0,039ms
[2021-04-30T09:23:21.770+0300][32,619s][info][gc] GC(666) Concurrent evacuation 2,466ms
[2021-04-30T09:23:21.770+0300][32,620s][info][gc] GC(666) Pause Init Update Refs 0,007ms
[2021-04-30T09:23:21.779+0300][32,628s][info][gc] GC(666) Concurrent update references 8,503ms
[2021-04-30T09:23:21.779+0300][32,628s][info][gc] GC(666) Pause Final Update Refs 0,116ms
[2021-04-30T09:23:21.779+0300][32,629s][info][gc] GC(666) Concurrent cleanup 123M->114M(128M) 0,046ms
[2021-04-30T09:23:21.780+0300][32,630s][info][gc] Trigger: Free (6506K) is below minimum threshold (13107K)
[2021-04-30T09:23:21.780+0300][32,630s][info][gc] GC(667) Concurrent reset 0,119ms
[2021-04-30T09:23:21.781+0300][32,630s][info][gc] GC(667) Pause Init Mark 0,208ms
[2021-04-30T09:23:21.797+0300][32,647s][info][gc] GC(667) Concurrent marking 16,375ms
[2021-04-30T09:23:21.798+0300][32,648s][info][gc] GC(667) Pause Final Mark 1,236ms
[2021-04-30T09:23:21.799+0300][32,648s][info][gc] GC(667) Concurrent cleanup 116M->116M(128M) 0,046ms
[2021-04-30T09:23:21.800+0300][32,650s][info][gc] GC(667) Concurrent evacuation 1,501ms
[2021-04-30T09:23:21.800+0300][32,650s][info][gc] GC(667) Pause Init Update Refs 0,005ms
[2021-04-30T09:23:21.811+0300][32,660s][info][gc] GC(667) Concurrent update references 10,302ms
[2021-04-30T09:23:21.811+0300][32,660s][info][gc] GC(667) Pause Final Update Refs 0,070ms
[2021-04-30T09:23:21.811+0300][32,660s][info][gc] GC(667) Concurrent cleanup 123M->116M(128M) 0,042ms
[2021-04-30T09:23:21.812+0300][32,662s][info][gc] Trigger: Free (4474K) is below minimum threshold (13107K)
[2021-04-30T09:23:21.812+0300][32,662s][info][gc] GC(668) Concurrent reset 0,168ms
[2021-04-30T09:23:21.813+0300][32,662s][info][gc] GC(668) Pause Init Mark 0,145ms
[2021-04-30T09:23:21.827+0300][32,677s][info][gc] GC(668) Concurrent marking 14,546ms
[2021-04-30T09:23:21.828+0300][32,678s][info][gc] GC(668) Pause Final Mark 0,943ms
[2021-04-30T09:23:21.828+0300][32,678s][info][gc] GC(668) Concurrent cleanup 118M->118M(128M) 0,039ms
[2021-04-30T09:23:21.830+0300][32,679s][info][gc] GC(668) Concurrent evacuation 1,235ms
[2021-04-30T09:23:21.830+0300][32,679s][info][gc] GC(668) Pause Init Update Refs 0,005ms
[2021-04-30T09:23:21.839+0300][32,689s][info][gc] GC(668) Concurrent update references 9,459ms
[2021-04-30T09:23:21.839+0300][32,689s][info][gc] GC(668) Pause Final Update Refs 0,075ms
[2021-04-30T09:23:21.840+0300][32,689s][info][gc] GC(668) Concurrent cleanup 125M->116M(128M) 0,040ms
[2021-04-30T09:23:21.841+0300][32,690s][info][gc] Trigger: Free (5226K) is below minimum threshold (13107K)
[2021-04-30T09:23:21.841+0300][32,690s][info][gc] GC(669) Concurrent reset 0,127ms
[2021-04-30T09:23:21.841+0300][32,691s][info][gc] GC(669) Pause Init Mark 0,221ms
[2021-04-30T09:23:21.861+0300][32,710s][info][gc] GC(669) Concurrent marking 19,697ms
[2021-04-30T09:23:21.862+0300][32,712s][info][gc] GC(669) Pause Final Mark 1,224ms
[2021-04-30T09:23:21.862+0300][32,712s][info][gc] GC(669) Concurrent cleanup 117M->117M(128M) 0,038ms
[2021-04-30T09:23:21.864+0300][32,713s][info][gc] GC(669) Concurrent evacuation 1,342ms
[2021-04-30T09:23:21.864+0300][32,713s][info][gc] GC(669) Pause Init Update Refs 0,005ms
[2021-04-30T09:23:21.873+0300][32,723s][info][gc] GC(669) Concurrent update references 9,120ms
[2021-04-30T09:23:21.873+0300][32,723s][info][gc] GC(669) Pause Final Update Refs 0,108ms
[2021-04-30T09:23:21.874+0300][32,723s][info][gc] GC(669) Concurrent cleanup 123M->115M(128M) 0,041ms
[2021-04-30T09:23:21.875+0300][32,724s][info][gc] Trigger: Free (5014K) is below minimum threshold (13107K)
[2021-04-30T09:23:21.875+0300][32,724s][info][gc] GC(670) Concurrent reset 0,122ms
[2021-04-30T09:23:21.875+0300][32,725s][info][gc] GC(670) Pause Init Mark (process weakrefs) 0,238ms
[2021-04-30T09:23:21.890+0300][32,739s][info][gc] GC(670) Concurrent marking (process weakrefs) 14,617ms
[2021-04-30T09:23:21.890+0300][32,740s][info][gc] GC(670) Concurrent precleaning 0,223ms
[2021-04-30T09:23:21.892+0300][32,741s][info][gc] GC(670) Pause Final Mark (process weakrefs) 1,393ms
[2021-04-30T09:23:21.892+0300][32,741s][info][gc] GC(670) Concurrent cleanup 117M->117M(128M) 0,038ms
[2021-04-30T09:23:21.893+0300][32,743s][info][gc] GC(670) Concurrent evacuation 1,343ms
[2021-04-30T09:23:21.894+0300][32,743s][info][gc] GC(670) Pause Init Update Refs 0,021ms
[2021-04-30T09:23:21.908+0300][32,757s][info][gc] GC(670) Concurrent update references 13,968ms
[2021-04-30T09:23:21.908+0300][32,757s][info][gc] GC(670) Pause Final Update Refs 0,173ms
[2021-04-30T09:23:21.908+0300][32,758s][info][gc] GC(670) Concurrent cleanup 125M->117M(128M) 0,041ms
[2021-04-30T09:23:21.909+0300][32,759s][info][gc] Trigger: Free (3815K) is below minimum threshold (13107K)
[2021-04-30T09:23:21.909+0300][32,759s][info][gc] GC(671) Concurrent reset 0,121ms
[2021-04-30T09:23:21.910+0300][32,759s][info][gc] GC(671) Pause Init Mark 0,296ms
[2021-04-30T09:23:21.925+0300][32,775s][info][gc] GC(671) Concurrent marking 15,178ms
[2021-04-30T09:23:21.927+0300][32,776s][info][gc] GC(671) Pause Final Mark 1,267ms
[2021-04-30T09:23:21.927+0300][32,776s][info][gc] GC(671) Concurrent cleanup 118M->118M(128M) 0,038ms
[2021-04-30T09:23:21.928+0300][32,778s][info][gc] GC(671) Concurrent evacuation 1,336ms
[2021-04-30T09:23:21.929+0300][32,778s][info][gc] GC(671) Pause Init Update Refs 0,005ms
[2021-04-30T09:23:21.944+0300][32,793s][info][gc] GC(671) Concurrent update references 15,409ms
[2021-04-30T09:23:21.944+0300][32,794s][info][gc] GC(671) Pause Final Update Refs 0,098ms
[2021-04-30T09:23:21.944+0300][32,794s][info][gc] GC(671) Concurrent cleanup 126M->116M(128M) 0,045ms
[2021-04-30T09:23:21.946+0300][32,795s][info][gc] Trigger: Free (3863K) is below minimum threshold (13107K)
[2021-04-30T09:23:21.946+0300][32,795s][info][gc] GC(672) Concurrent reset 0,131ms
[2021-04-30T09:23:21.946+0300][32,795s][info][gc] GC(672) Pause Init Mark 0,161ms
[2021-04-30T09:23:21.962+0300][32,812s][info][gc] GC(672) Concurrent marking 16,291ms
[2021-04-30T09:23:21.963+0300][32,813s][info][gc] GC(672) Pause Final Mark 0,952ms
[2021-04-30T09:23:21.964+0300][32,813s][info][gc] GC(672) Concurrent cleanup 118M->118M(128M) 0,039ms
[2021-04-30T09:23:21.965+0300][32,815s][info][gc] GC(672) Concurrent evacuation 1,495ms
[2021-04-30T09:23:21.965+0300][32,815s][info][gc] GC(672) Pause Init Update Refs 0,006ms
[2021-04-30T09:23:21.974+0300][32,824s][info][gc] GC(672) Concurrent update references 8,879ms
[2021-04-30T09:23:21.975+0300][32,824s][info][gc] GC(672) Pause Final Update Refs 0,089ms
[2021-04-30T09:23:21.975+0300][32,824s][info][gc] GC(672) Concurrent cleanup 125M->116M(128M) 0,042ms
[2021-04-30T09:23:21.976+0300][32,825s][info][gc] Trigger: Free (4261K) is below minimum threshold (13107K)
[2021-04-30T09:23:21.976+0300][32,825s][info][gc] GC(673) Concurrent reset 0,120ms
[2021-04-30T09:23:21.976+0300][32,826s][info][gc] GC(673) Pause Init Mark 0,158ms
[2021-04-30T09:23:21.990+0300][32,839s][info][gc] GC(673) Concurrent marking 13,534ms
[2021-04-30T09:23:21.991+0300][32,840s][info][gc] GC(673) Pause Final Mark 0,958ms
[2021-04-30T09:23:21.991+0300][32,840s][info][gc] GC(673) Concurrent cleanup 118M->118M(128M) 0,042ms
[2021-04-30T09:23:21.992+0300][32,842s][info][gc] GC(673) Concurrent evacuation 1,463ms
[2021-04-30T09:23:21.993+0300][32,842s][info][gc] GC(673) Pause Init Update Refs 0,008ms
[2021-04-30T09:23:22.001+0300][32,850s][info][gc] GC(673) Concurrent update references 8,356ms
[2021-04-30T09:23:22.001+0300][32,851s][info][gc] GC(673) Pause Final Update Refs 0,113ms
[2021-04-30T09:23:22.001+0300][32,851s][info][gc] GC(673) Concurrent cleanup 123M->115M(128M) 0,042ms
[2021-04-30T09:23:22.003+0300][32,852s][info][gc] Trigger: Free (6404K) is below minimum threshold (13107K)
[2021-04-30T09:23:22.003+0300][32,852s][info][gc] GC(674) Concurrent reset 0,164ms
[2021-04-30T09:23:22.003+0300][32,853s][info][gc] GC(674) Pause Init Mark 0,197ms
[2021-04-30T09:23:22.018+0300][32,867s][info][gc] GC(674) Concurrent marking 14,822ms
[2021-04-30T09:23:22.019+0300][32,869s][info][gc] GC(674) Pause Final Mark 1,105ms
[2021-04-30T09:23:22.019+0300][32,869s][info][gc] GC(674) Concurrent cleanup 116M->116M(128M) 0,039ms
[2021-04-30T09:23:22.021+0300][32,870s][info][gc] GC(674) Concurrent evacuation 1,287ms
[2021-04-30T09:23:22.021+0300][32,870s][info][gc] GC(674) Pause Init Update Refs 0,021ms
[2021-04-30T09:23:22.032+0300][32,881s][info][gc] GC(674) Concurrent update references 10,868ms
[2021-04-30T09:23:22.032+0300][32,882s][info][gc] GC(674) Pause Final Update Refs 0,134ms
[2021-04-30T09:23:22.033+0300][32,882s][info][gc] GC(674) Concurrent cleanup 124M->118M(128M) 0,069ms
[2021-04-30T09:23:22.034+0300][32,883s][info][gc] Trigger: Free (2686K) is below minimum threshold (13107K)
[2021-04-30T09:23:22.034+0300][32,883s][info][gc] GC(675) Concurrent reset 0,157ms
[2021-04-30T09:23:22.034+0300][32,884s][info][gc] GC(675) Pause Init Mark (process weakrefs) 0,207ms
[2021-04-30T09:23:22.049+0300][32,899s][info][gc] GC(675) Concurrent marking (process weakrefs) 14,681ms
[2021-04-30T09:23:22.049+0300][32,899s][info][gc] GC(675) Concurrent precleaning 0,105ms
[2021-04-30T09:23:22.051+0300][32,900s][info][gc] GC(675) Pause Final Mark (process weakrefs) 1,213ms
[2021-04-30T09:23:22.051+0300][32,900s][info][gc] GC(675) Concurrent cleanup 119M->119M(128M) 0,038ms
[2021-04-30T09:23:22.052+0300][32,901s][info][gc] GC(675) Concurrent evacuation 1,332ms
[2021-04-30T09:23:22.052+0300][32,902s][info][gc] GC(675) Pause Init Update Refs 0,007ms
[2021-04-30T09:23:22.063+0300][32,913s][info][gc] GC(675) Concurrent update references 10,794ms
[2021-04-30T09:23:22.063+0300][32,913s][info][gc] GC(675) Pause Final Update Refs 0,066ms
[2021-04-30T09:23:22.064+0300][32,913s][info][gc] GC(675) Concurrent cleanup 125M->114M(128M) 0,043ms
[2021-04-30T09:23:22.065+0300][32,914s][info][gc] Trigger: Free (6184K) is below minimum threshold (13107K)
[2021-04-30T09:23:22.065+0300][32,914s][info][gc] GC(676) Concurrent reset 0,138ms
[2021-04-30T09:23:22.065+0300][32,915s][info][gc] GC(676) Pause Init Mark 0,161ms
[2021-04-30T09:23:22.081+0300][32,931s][info][gc] GC(676) Concurrent marking 15,833ms
[2021-04-30T09:23:22.082+0300][32,932s][info][gc] GC(676) Pause Final Mark 0,923ms
[2021-04-30T09:23:22.082+0300][32,932s][info][gc] GC(676) Concurrent cleanup 116M->116M(128M) 0,039ms
[2021-04-30T09:23:22.084+0300][32,933s][info][gc] GC(676) Concurrent evacuation 1,276ms
[2021-04-30T09:23:22.084+0300][32,933s][info][gc] GC(676) Pause Init Update Refs 0,005ms
[2021-04-30T09:23:22.099+0300][32,948s][info][gc] GC(676) Concurrent update references 14,763ms
[2021-04-30T09:23:22.099+0300][32,949s][info][gc] GC(676) Pause Final Update Refs 0,088ms
[2021-04-30T09:23:22.099+0300][32,949s][info][gc] GC(676) Concurrent cleanup 124M->117M(128M) 0,040ms
[2021-04-30T09:23:22.100+0300][32,950s][info][gc] Trigger: Free (2935K) is below minimum threshold (13107K)
[2021-04-30T09:23:22.101+0300][32,950s][info][gc] GC(677) Concurrent reset 0,193ms
[2021-04-30T09:23:22.101+0300][32,950s][info][gc] GC(677) Pause Init Mark 0,186ms
[2021-04-30T09:23:22.119+0300][32,969s][info][gc] GC(677) Concurrent marking 18,347ms
[2021-04-30T09:23:22.121+0300][32,970s][info][gc] GC(677) Pause Final Mark 1,090ms
[2021-04-30T09:23:22.121+0300][32,970s][info][gc] GC(677) Concurrent cleanup 119M->119M(128M) 0,040ms
[2021-04-30T09:23:22.122+0300][32,972s][info][gc] GC(677) Concurrent evacuation 1,566ms
[2021-04-30T09:23:22.123+0300][32,972s][info][gc] GC(677) Pause Init Update Refs 0,026ms
[2021-04-30T09:23:22.131+0300][32,981s][info][gc] GC(677) Concurrent update references 8,262ms
[2021-04-30T09:23:22.131+0300][32,981s][info][gc] GC(677) Pause Final Update Refs 0,098ms
[2021-04-30T09:23:22.132+0300][32,981s][info][gc] GC(677) Concurrent cleanup 124M->114M(128M) 0,041ms
[2021-04-30T09:23:22.133+0300][32,982s][info][gc] Trigger: Free (6636K) is below minimum threshold (13107K)
[2021-04-30T09:23:22.133+0300][32,982s][info][gc] GC(678) Concurrent reset 0,122ms
[2021-04-30T09:23:22.133+0300][32,983s][info][gc] GC(678) Pause Init Mark 0,149ms
[2021-04-30T09:23:22.147+0300][32,996s][info][gc] GC(678) Concurrent marking 13,656ms
[2021-04-30T09:23:22.148+0300][32,998s][info][gc] GC(678) Pause Final Mark 1,078ms
[2021-04-30T09:23:22.148+0300][32,998s][info][gc] GC(678) Concurrent cleanup 116M->116M(128M) 0,038ms
[2021-04-30T09:23:22.150+0300][32,999s][info][gc] GC(678) Concurrent evacuation 1,291ms
[2021-04-30T09:23:22.150+0300][32,999s][info][gc] GC(678) Pause Init Update Refs 0,022ms
[2021-04-30T09:23:22.159+0300][33,008s][info][gc] GC(678) Concurrent update references 8,713ms
[2021-04-30T09:23:22.159+0300][33,009s][info][gc] GC(678) Pause Final Update Refs 0,061ms
[2021-04-30T09:23:22.159+0300][33,009s][info][gc] GC(678) Concurrent cleanup 124M->118M(128M) 0,040ms
[2021-04-30T09:23:22.160+0300][33,010s][info][gc] Trigger: Free (2048K) is below minimum threshold (13107K)
[2021-04-30T09:23:22.161+0300][33,010s][info][gc] GC(679) Concurrent reset 0,185ms
[2021-04-30T09:23:22.161+0300][33,010s][info][gc] GC(679) Pause Init Mark 0,154ms
[2021-04-30T09:23:22.174+0300][33,024s][info][gc] GC(679) Concurrent marking 13,409ms
[2021-04-30T09:23:22.175+0300][33,025s][info][gc] GC(679) Pause Final Mark 0,897ms
[2021-04-30T09:23:22.176+0300][33,025s][info][gc] GC(679) Concurrent cleanup 120M->120M(128M) 0,036ms
[2021-04-30T09:23:22.177+0300][33,026s][info][gc] GC(679) Concurrent evacuation 1,327ms
[2021-04-30T09:23:22.177+0300][33,026s][info][gc] GC(679) Pause Init Update Refs 0,005ms
[2021-04-30T09:23:22.185+0300][33,035s][info][gc] GC(679) Concurrent update references 8,224ms
[2021-04-30T09:23:22.186+0300][33,035s][info][gc] GC(679) Pause Final Update Refs 0,093ms
[2021-04-30T09:23:22.186+0300][33,035s][info][gc] GC(679) Concurrent cleanup 126M->115M(128M) 0,041ms
[2021-04-30T09:23:22.187+0300][33,036s][info][gc] Trigger: Free (4964K) is below minimum threshold (13107K)
[2021-04-30T09:23:22.187+0300][33,037s][info][gc] GC(680) Concurrent reset 0,185ms
[2021-04-30T09:23:22.188+0300][33,037s][info][gc] GC(680) Pause Init Mark (process weakrefs) 0,158ms
[2021-04-30T09:23:22.202+0300][33,051s][info][gc] GC(680) Concurrent marking (process weakrefs) 13,969ms
[2021-04-30T09:23:22.202+0300][33,051s][info][gc] GC(680) Concurrent precleaning 0,084ms
[2021-04-30T09:23:22.203+0300][33,052s][info][gc] GC(680) Pause Final Mark (process weakrefs) 0,942ms
[2021-04-30T09:23:22.203+0300][33,052s][info][gc] GC(680) Concurrent cleanup 117M->117M(128M) 0,041ms
[2021-04-30T09:23:22.205+0300][33,054s][info][gc] GC(680) Concurrent evacuation 1,690ms
[2021-04-30T09:23:22.205+0300][33,054s][info][gc] GC(680) Pause Init Update Refs 0,007ms
[2021-04-30T09:23:22.215+0300][33,065s][info][gc] GC(680) Concurrent update references 10,122ms
[2021-04-30T09:23:22.215+0300][33,065s][info][gc] GC(680) Pause Final Update Refs 0,101ms
[2021-04-30T09:23:22.216+0300][33,065s][info][gc] GC(680) Concurrent cleanup 123M->115M(128M) 0,056ms
[2021-04-30T09:23:22.217+0300][33,066s][info][gc] Trigger: Free (4883K) is below minimum threshold (13107K)
[2021-04-30T09:23:22.217+0300][33,066s][info][gc] GC(681) Concurrent reset 0,241ms
[2021-04-30T09:23:22.218+0300][33,067s][info][gc] GC(681) Pause Init Mark 0,233ms
[2021-04-30T09:23:22.234+0300][33,084s][info][gc] GC(681) Concurrent marking 16,631ms
[2021-04-30T09:23:22.236+0300][33,086s][info][gc] GC(681) Pause Final Mark 1,807ms
[2021-04-30T09:23:22.236+0300][33,086s][info][gc] GC(681) Concurrent cleanup 117M->117M(128M) 0,049ms
[2021-04-30T09:23:22.238+0300][33,088s][info][gc] GC(681) Concurrent evacuation 2,100ms
[2021-04-30T09:23:22.239+0300][33,088s][info][gc] GC(681) Pause Init Update Refs 0,028ms
[2021-04-30T09:23:22.253+0300][33,103s][info][gc] GC(681) Concurrent update references 14,690ms
[2021-04-30T09:23:22.254+0300][33,103s][info][gc] GC(681) Pause Final Update Refs 0,099ms
[2021-04-30T09:23:22.254+0300][33,103s][info][gc] GC(681) Concurrent cleanup 125M->117M(128M) 0,045ms
[2021-04-30T09:23:22.255+0300][33,105s][info][gc] Trigger: Free (4076K) is below minimum threshold (13107K)
[2021-04-30T09:23:22.256+0300][33,105s][info][gc] GC(682) Concurrent reset 0,239ms
[2021-04-30T09:23:22.256+0300][33,105s][info][gc] GC(682) Pause Init Mark 0,165ms
[2021-04-30T09:23:22.270+0300][33,119s][info][gc] GC(682) Concurrent marking 13,969ms
[2021-04-30T09:23:22.272+0300][33,121s][info][gc] GC(682) Pause Final Mark 1,450ms
[2021-04-30T09:23:22.272+0300][33,121s][info][gc] GC(682) Concurrent cleanup 118M->118M(128M) 0,197ms
[2021-04-30T09:23:22.274+0300][33,123s][info][gc] GC(682) Concurrent evacuation 1,726ms
[2021-04-30T09:23:22.274+0300][33,123s][info][gc] GC(682) Pause Init Update Refs 0,027ms
[2021-04-30T09:23:22.284+0300][33,133s][info][gc] GC(682) Concurrent update references 9,455ms
[2021-04-30T09:23:22.284+0300][33,134s][info][gc] GC(682) Pause Final Update Refs 0,240ms
[2021-04-30T09:23:22.284+0300][33,134s][info][gc] GC(682) Concurrent cleanup 124M->116M(128M) 0,041ms
[2021-04-30T09:23:22.285+0300][33,135s][info][gc] Trigger: Free (5420K) is below minimum threshold (13107K)
[2021-04-30T09:23:22.286+0300][33,135s][info][gc] GC(683) Concurrent reset 0,195ms
[2021-04-30T09:23:22.286+0300][33,135s][info][gc] GC(683) Pause Init Mark 0,155ms
[2021-04-30T09:23:22.301+0300][33,150s][info][gc] GC(683) Concurrent marking 14,893ms
[2021-04-30T09:23:22.302+0300][33,152s][info][gc] GC(683) Pause Final Mark 1,135ms
[2021-04-30T09:23:22.302+0300][33,152s][info][gc] GC(683) Concurrent cleanup 117M->117M(128M) 0,039ms
[2021-04-30T09:23:22.304+0300][33,154s][info][gc] GC(683) Concurrent evacuation 1,828ms
[2021-04-30T09:23:22.304+0300][33,154s][info][gc] GC(683) Pause Init Update Refs 0,007ms
[2021-04-30T09:23:22.314+0300][33,164s][info][gc] GC(683) Concurrent update references 9,971ms
[2021-04-30T09:23:22.315+0300][33,164s][info][gc] GC(683) Pause Final Update Refs 0,078ms
[2021-04-30T09:23:22.315+0300][33,164s][info][gc] GC(683) Concurrent cleanup 126M->119M(128M) 0,040ms
[2021-04-30T09:23:22.316+0300][33,165s][info][gc] Trigger: Free (2181K) is below minimum threshold (13107K)
[2021-04-30T09:23:22.316+0300][33,166s][info][gc] GC(684) Concurrent reset 0,130ms
[2021-04-30T09:23:22.316+0300][33,166s][info][gc] GC(684) Pause Init Mark 0,158ms
[2021-04-30T09:23:22.331+0300][33,181s][info][gc] GC(684) Concurrent marking 14,691ms
[2021-04-30T09:23:22.332+0300][33,182s][info][gc] GC(684) Pause Final Mark 0,900ms
[2021-04-30T09:23:22.332+0300][33,182s][info][gc] GC(684) Concurrent cleanup 119M->119M(128M) 0,036ms
[2021-04-30T09:23:22.334+0300][33,183s][info][gc] GC(684) Concurrent evacuation 1,274ms
[2021-04-30T09:23:22.334+0300][33,183s][info][gc] GC(684) Pause Init Update Refs 0,006ms
[2021-04-30T09:23:22.343+0300][33,192s][info][gc] GC(684) Concurrent update references 8,887ms
[2021-04-30T09:23:22.343+0300][33,192s][info][gc] GC(684) Pause Final Update Refs 0,063ms
[2021-04-30T09:23:22.343+0300][33,193s][info][gc] GC(684) Concurrent cleanup 125M->115M(128M) 0,047ms
[2021-04-30T09:23:22.344+0300][33,194s][info][gc] Trigger: Free (6097K) is below minimum threshold (13107K)
[2021-04-30T09:23:22.344+0300][33,194s][info][gc] GC(685) Concurrent reset 0,114ms
[2021-04-30T09:23:22.345+0300][33,194s][info][gc] GC(685) Pause Init Mark (process weakrefs) 0,195ms
[2021-04-30T09:23:22.359+0300][33,208s][info][gc] GC(685) Concurrent marking (process weakrefs) 13,764ms
[2021-04-30T09:23:22.359+0300][33,208s][info][gc] GC(685) Concurrent precleaning 0,135ms
[2021-04-30T09:23:22.360+0300][33,209s][info][gc] GC(685) Pause Final Mark (process weakrefs) 0,870ms
[2021-04-30T09:23:22.360+0300][33,209s][info][gc] GC(685) Concurrent cleanup 116M->116M(128M) 0,037ms
[2021-04-30T09:23:22.361+0300][33,211s][info][gc] GC(685) Concurrent evacuation 1,407ms
[2021-04-30T09:23:22.361+0300][33,211s][info][gc] GC(685) Pause Init Update Refs 0,021ms
[2021-04-30T09:23:22.370+0300][33,220s][info][gc] GC(685) Concurrent update references 8,724ms
[2021-04-30T09:23:22.371+0300][33,220s][info][gc] GC(685) Pause Final Update Refs 0,217ms
[2021-04-30T09:23:22.371+0300][33,220s][info][gc] GC(685) Concurrent cleanup 124M->118M(128M) 0,039ms
[2021-04-30T09:23:22.372+0300][33,221s][info][gc] Trigger: Free (2058K) is below minimum threshold (13107K)
[2021-04-30T09:23:22.372+0300][33,222s][info][gc] GC(686) Concurrent reset 0,155ms
[2021-04-30T09:23:22.373+0300][33,222s][info][gc] GC(686) Pause Init Mark 0,193ms
[2021-04-30T09:23:22.386+0300][33,236s][info][gc] GC(686) Concurrent marking 13,609ms
[2021-04-30T09:23:22.388+0300][33,237s][info][gc] GC(686) Pause Final Mark 1,054ms
[2021-04-30T09:23:22.388+0300][33,237s][info][gc] GC(686) Concurrent cleanup 120M->120M(128M) 0,038ms
[2021-04-30T09:23:22.389+0300][33,238s][info][gc] GC(686) Concurrent evacuation 1,273ms
[2021-04-30T09:23:22.389+0300][33,239s][info][gc] GC(686) Pause Init Update Refs 0,020ms
[2021-04-30T09:23:22.398+0300][33,247s][info][gc] GC(686) Concurrent update references 8,265ms
[2021-04-30T09:23:22.398+0300][33,247s][info][gc] GC(686) Pause Final Update Refs 0,219ms
[2021-04-30T09:23:22.398+0300][33,248s][info][gc] GC(686) Concurrent cleanup 126M->116M(128M) 0,073ms
[2021-04-30T09:23:22.399+0300][33,249s][info][gc] Trigger: Free (4430K) is below minimum threshold (13107K)
[2021-04-30T09:23:22.399+0300][33,249s][info][gc] GC(687) Concurrent reset 0,125ms
[2021-04-30T09:23:22.400+0300][33,249s][info][gc] GC(687) Pause Init Mark 0,296ms
[2021-04-30T09:23:22.414+0300][33,264s][info][gc] GC(687) Concurrent marking 14,221ms
[2021-04-30T09:23:22.415+0300][33,265s][info][gc] GC(687) Pause Final Mark 1,074ms
[2021-04-30T09:23:22.416+0300][33,265s][info][gc] GC(687) Concurrent cleanup 118M->118M(128M) 0,037ms
[2021-04-30T09:23:22.417+0300][33,266s][info][gc] GC(687) Concurrent evacuation 1,244ms
[2021-04-30T09:23:22.417+0300][33,266s][info][gc] GC(687) Pause Init Update Refs 0,005ms
[2021-04-30T09:23:22.427+0300][33,276s][info][gc] GC(687) Concurrent update references 9,498ms
[2021-04-30T09:23:22.427+0300][33,276s][info][gc] GC(687) Pause Final Update Refs 0,122ms
[2021-04-30T09:23:22.427+0300][33,276s][info][gc] GC(687) Concurrent cleanup 123M->115M(128M) 0,042ms
[2021-04-30T09:23:22.428+0300][33,278s][info][gc] Trigger: Free (5056K) is below minimum threshold (13107K)
[2021-04-30T09:23:22.428+0300][33,278s][info][gc] GC(688) Concurrent reset 0,128ms
[2021-04-30T09:23:22.429+0300][33,278s][info][gc] GC(688) Pause Init Mark 0,193ms
[2021-04-30T09:23:22.443+0300][33,292s][info][gc] GC(688) Concurrent marking 14,162ms
[2021-04-30T09:23:22.445+0300][33,294s][info][gc] GC(688) Pause Final Mark 1,759ms
[2021-04-30T09:23:22.445+0300][33,294s][info][gc] GC(688) Concurrent cleanup 117M->117M(128M) 0,041ms
[2021-04-30T09:23:22.446+0300][33,296s][info][gc] GC(688) Concurrent evacuation 1,354ms
[2021-04-30T09:23:22.447+0300][33,296s][info][gc] GC(688) Pause Init Update Refs 0,005ms
[2021-04-30T09:23:22.460+0300][33,309s][info][gc] GC(688) Concurrent update references 13,057ms
[2021-04-30T09:23:22.460+0300][33,309s][info][gc] GC(688) Pause Final Update Refs 0,073ms
[2021-04-30T09:23:22.460+0300][33,309s][info][gc] GC(688) Concurrent cleanup 125M->118M(128M) 0,042ms
[2021-04-30T09:23:22.461+0300][33,311s][info][gc] Trigger: Free (2086K) is below minimum threshold (13107K)
[2021-04-30T09:23:22.461+0300][33,311s][info][gc] GC(689) Concurrent reset 0,141ms
[2021-04-30T09:23:22.462+0300][33,311s][info][gc] GC(689) Pause Init Mark 0,377ms
[2021-04-30T09:23:22.484+0300][33,333s][info][gc] GC(689) Concurrent marking 21,991ms
[2021-04-30T09:23:22.485+0300][33,334s][info][gc] GC(689) Pause Final Mark 0,844ms
[2021-04-30T09:23:22.485+0300][33,334s][info][gc] GC(689) Concurrent cleanup 120M->120M(128M) 0,039ms
[2021-04-30T09:23:22.486+0300][33,336s][info][gc] GC(689) Concurrent evacuation 1,452ms
[2021-04-30T09:23:22.487+0300][33,336s][info][gc] GC(689) Pause Init Update Refs 0,005ms
[2021-04-30T09:23:22.497+0300][33,347s][info][gc] GC(689) Concurrent update references 10,711ms
[2021-04-30T09:23:22.498+0300][33,347s][info][gc] GC(689) Pause Final Update Refs 0,074ms
[2021-04-30T09:23:22.498+0300][33,347s][info][gc] GC(689) Concurrent cleanup 126M->116M(128M) 0,042ms
[2021-04-30T09:23:22.499+0300][33,348s][info][gc] Trigger: Free (4750K) is below minimum threshold (13107K)
[2021-04-30T09:23:22.499+0300][33,349s][info][gc] GC(690) Concurrent reset 0,170ms
[2021-04-30T09:23:22.500+0300][33,349s][info][gc] GC(690) Pause Init Mark (process weakrefs) 0,205ms
[2021-04-30T09:23:22.523+0300][33,372s][info][gc] GC(690) Concurrent marking (process weakrefs) 22,755ms
[2021-04-30T09:23:22.523+0300][33,372s][info][gc] GC(690) Concurrent precleaning 0,134ms
[2021-04-30T09:23:22.524+0300][33,373s][info][gc] GC(690) Pause Final Mark (process weakrefs) 1,080ms
[2021-04-30T09:23:22.524+0300][33,373s][info][gc] GC(690) Concurrent cleanup 117M->117M(128M) 0,039ms
[2021-04-30T09:23:22.525+0300][33,375s][info][gc] GC(690) Concurrent evacuation 1,389ms
[2021-04-30T09:23:22.526+0300][33,375s][info][gc] GC(690) Pause Init Update Refs 0,006ms
[2021-04-30T09:23:22.537+0300][33,387s][info][gc] GC(690) Concurrent update references 11,429ms
[2021-04-30T09:23:22.537+0300][33,387s][info][gc] GC(690) Pause Final Update Refs 0,120ms
[2021-04-30T09:23:22.538+0300][33,387s][info][gc] GC(690) Concurrent cleanup 126M->118M(128M) 0,040ms
[2021-04-30T09:23:22.539+0300][33,388s][info][gc] Trigger: Free (2098K) is below minimum threshold (13107K)
[2021-04-30T09:23:22.539+0300][33,388s][info][gc] GC(691) Concurrent reset 0,127ms
[2021-04-30T09:23:22.539+0300][33,389s][info][gc] GC(691) Pause Init Mark 0,147ms
[2021-04-30T09:23:22.556+0300][33,405s][info][gc] GC(691) Concurrent marking 16,507ms
[2021-04-30T09:23:22.557+0300][33,406s][info][gc] GC(691) Pause Final Mark 1,131ms
[2021-04-30T09:23:22.557+0300][33,407s][info][gc] GC(691) Concurrent cleanup 120M->120M(128M) 0,037ms
[2021-04-30T09:23:22.559+0300][33,408s][info][gc] GC(691) Concurrent evacuation 1,379ms
[2021-04-30T09:23:22.559+0300][33,408s][info][gc] GC(691) Pause Init Update Refs 0,004ms
[2021-04-30T09:23:22.570+0300][33,419s][info][gc] GC(691) Concurrent update references 10,994ms
[2021-04-30T09:23:22.570+0300][33,419s][info][gc] GC(691) Pause Final Update Refs 0,070ms
[2021-04-30T09:23:22.570+0300][33,420s][info][gc] GC(691) Concurrent cleanup 126M->116M(128M) 0,041ms
[2021-04-30T09:23:22.571+0300][33,421s][info][gc] Trigger: Free (4504K) is below minimum threshold (13107K)
[2021-04-30T09:23:22.571+0300][33,421s][info][gc] GC(692) Concurrent reset 0,120ms
[2021-04-30T09:23:22.572+0300][33,421s][info][gc] GC(692) Pause Init Mark 0,204ms
[2021-04-30T09:23:22.586+0300][33,435s][info][gc] GC(692) Concurrent marking 13,983ms
[2021-04-30T09:23:22.587+0300][33,437s][info][gc] GC(692) Pause Final Mark 1,199ms
[2021-04-30T09:23:22.587+0300][33,437s][info][gc] GC(692) Concurrent cleanup 118M->118M(128M) 0,038ms
[2021-04-30T09:23:22.589+0300][33,438s][info][gc] GC(692) Concurrent evacuation 1,354ms
[2021-04-30T09:23:22.589+0300][33,438s][info][gc] GC(692) Pause Init Update Refs 0,006ms
[2021-04-30T09:23:22.599+0300][33,449s][info][gc] GC(692) Concurrent update references 10,510ms
[2021-04-30T09:23:22.600+0300][33,449s][info][gc] GC(692) Pause Final Update Refs 0,108ms
[2021-04-30T09:23:22.600+0300][33,449s][info][gc] GC(692) Concurrent cleanup 123M->116M(128M) 0,053ms
[2021-04-30T09:23:22.601+0300][33,451s][info][gc] Trigger: Free (5224K) is below minimum threshold (13107K)
[2021-04-30T09:23:22.601+0300][33,451s][info][gc] GC(693) Concurrent reset 0,211ms
[2021-04-30T09:23:22.602+0300][33,451s][info][gc] GC(693) Pause Init Mark 0,162ms
[2021-04-30T09:23:22.618+0300][33,467s][info][gc] GC(693) Concurrent marking 16,104ms
[2021-04-30T09:23:22.619+0300][33,469s][info][gc] GC(693) Pause Final Mark 1,203ms
[2021-04-30T09:23:22.619+0300][33,469s][info][gc] GC(693) Concurrent cleanup 117M->117M(128M) 0,060ms
[2021-04-30T09:23:22.622+0300][33,471s][info][gc] GC(693) Concurrent evacuation 2,119ms
[2021-04-30T09:23:22.622+0300][33,471s][info][gc] GC(693) Pause Init Update Refs 0,025ms
[2021-04-30T09:23:22.631+0300][33,481s][info][gc] GC(693) Concurrent update references 9,387ms
[2021-04-30T09:23:22.632+0300][33,481s][info][gc] GC(693) Pause Final Update Refs 0,078ms
[2021-04-30T09:23:22.632+0300][33,481s][info][gc] GC(693) Concurrent cleanup 125M->118M(128M) 0,040ms
[2021-04-30T09:23:22.633+0300][33,482s][info][gc] Trigger: Free (2093K) is below minimum threshold (13107K)
[2021-04-30T09:23:22.633+0300][33,482s][info][gc] GC(694) Concurrent reset 0,121ms
[2021-04-30T09:23:22.633+0300][33,483s][info][gc] GC(694) Pause Init Mark 0,143ms
[2021-04-30T09:23:22.656+0300][33,505s][info][gc] GC(694) Concurrent marking 22,677ms
[2021-04-30T09:23:22.657+0300][33,507s][info][gc] GC(694) Pause Final Mark 1,276ms
[2021-04-30T09:23:22.657+0300][33,507s][info][gc] GC(694) Concurrent cleanup 120M->120M(128M) 0,040ms
[2021-04-30T09:23:22.659+0300][33,508s][info][gc] GC(694) Concurrent evacuation 1,589ms
[2021-04-30T09:23:22.659+0300][33,509s][info][gc] GC(694) Pause Init Update Refs 0,006ms
[2021-04-30T09:23:22.674+0300][33,524s][info][gc] GC(694) Concurrent update references 14,987ms
[2021-04-30T09:23:22.675+0300][33,524s][info][gc] GC(694) Pause Final Update Refs 0,231ms
[2021-04-30T09:23:22.675+0300][33,524s][info][gc] GC(694) Concurrent cleanup 126M->116M(128M) 0,043ms
[2021-04-30T09:23:22.676+0300][33,525s][info][gc] Trigger: Free (5100K) is below minimum threshold (13107K)
[2021-04-30T09:23:22.676+0300][33,526s][info][gc] GC(695) Concurrent reset 0,134ms
[2021-04-30T09:23:22.676+0300][33,526s][info][gc] GC(695) Pause Init Mark (process weakrefs) 0,183ms
[2021-04-30T09:23:22.692+0300][33,542s][info][gc] GC(695) Concurrent marking (process weakrefs) 15,583ms
[2021-04-30T09:23:22.692+0300][33,542s][info][gc] GC(695) Concurrent precleaning 0,141ms
[2021-04-30T09:23:22.694+0300][33,543s][info][gc] GC(695) Pause Final Mark (process weakrefs) 1,209ms
[2021-04-30T09:23:22.694+0300][33,543s][info][gc] GC(695) Concurrent cleanup 117M->117M(128M) 0,038ms
[2021-04-30T09:23:22.695+0300][33,545s][info][gc] GC(695) Concurrent evacuation 1,391ms
[2021-04-30T09:23:22.695+0300][33,545s][info][gc] GC(695) Pause Init Update Refs 0,006ms
[2021-04-30T09:23:22.705+0300][33,555s][info][gc] GC(695) Concurrent update references 9,984ms
[2021-04-30T09:23:22.706+0300][33,555s][info][gc] GC(695) Pause Final Update Refs 0,058ms
[2021-04-30T09:23:22.706+0300][33,555s][info][gc] GC(695) Concurrent cleanup 124M->117M(128M) 0,038ms
[2021-04-30T09:23:22.707+0300][33,556s][info][gc] Trigger: Free (2816K) is below minimum threshold (13107K)
[2021-04-30T09:23:22.707+0300][33,557s][info][gc] GC(696) Concurrent reset 0,217ms
[2021-04-30T09:23:22.708+0300][33,557s][info][gc] GC(696) Pause Init Mark 0,303ms
[2021-04-30T09:23:22.729+0300][33,578s][info][gc] GC(696) Concurrent marking 21,118ms
[2021-04-30T09:23:22.730+0300][33,579s][info][gc] GC(696) Pause Final Mark 0,911ms
[2021-04-30T09:23:22.730+0300][33,579s][info][gc] GC(696) Concurrent cleanup 119M->119M(128M) 0,045ms
[2021-04-30T09:23:22.732+0300][33,581s][info][gc] GC(696) Concurrent evacuation 1,545ms
[2021-04-30T09:23:22.732+0300][33,581s][info][gc] GC(696) Pause Init Update Refs 0,006ms
[2021-04-30T09:23:22.740+0300][33,590s][info][gc] GC(696) Concurrent update references 8,679ms
[2021-04-30T09:23:22.741+0300][33,590s][info][gc] GC(696) Pause Final Update Refs 0,064ms
[2021-04-30T09:23:22.741+0300][33,590s][info][gc] GC(696) Concurrent cleanup 126M->116M(128M) 0,040ms
[2021-04-30T09:23:22.742+0300][33,591s][info][gc] Trigger: Free (3694K) is below minimum threshold (13107K)
[2021-04-30T09:23:22.742+0300][33,592s][info][gc] GC(697) Concurrent reset 0,168ms
[2021-04-30T09:23:22.743+0300][33,592s][info][gc] GC(697) Pause Init Mark 0,187ms
[2021-04-30T09:23:22.757+0300][33,606s][info][gc] GC(697) Concurrent marking 14,236ms
[2021-04-30T09:23:22.758+0300][33,607s][info][gc] GC(697) Pause Final Mark 0,950ms
[2021-04-30T09:23:22.758+0300][33,607s][info][gc] GC(697) Concurrent cleanup 118M->118M(128M) 0,037ms
[2021-04-30T09:23:22.759+0300][33,609s][info][gc] GC(697) Concurrent evacuation 1,536ms
[2021-04-30T09:23:22.760+0300][33,609s][info][gc] GC(697) Pause Init Update Refs 0,005ms
[2021-04-30T09:23:22.769+0300][33,618s][info][gc] GC(697) Concurrent update references 9,212ms
[2021-04-30T09:23:22.769+0300][33,619s][info][gc] GC(697) Pause Final Update Refs 0,150ms
[2021-04-30T09:23:22.769+0300][33,619s][info][gc] GC(697) Concurrent cleanup 124M->116M(128M) 0,039ms
[2021-04-30T09:23:22.770+0300][33,620s][info][gc] Trigger: Free (5400K) is below minimum threshold (13107K)
[2021-04-30T09:23:22.771+0300][33,620s][info][gc] GC(698) Concurrent reset 0,276ms
[2021-04-30T09:23:22.771+0300][33,621s][info][gc] GC(698) Pause Init Mark 0,284ms
[2021-04-30T09:23:22.785+0300][33,635s][info][gc] GC(698) Concurrent marking 14,031ms
[2021-04-30T09:23:22.787+0300][33,636s][info][gc] GC(698) Pause Final Mark 1,465ms
[2021-04-30T09:23:22.787+0300][33,636s][info][gc] GC(698) Concurrent cleanup 116M->116M(128M) 0,038ms
[2021-04-30T09:23:22.788+0300][33,638s][info][gc] GC(698) Concurrent evacuation 1,346ms
[2021-04-30T09:23:22.789+0300][33,638s][info][gc] GC(698) Pause Init Update Refs 0,005ms
[2021-04-30T09:23:22.803+0300][33,652s][info][gc] GC(698) Concurrent update references 14,265ms
[2021-04-30T09:23:22.803+0300][33,653s][info][gc] GC(698) Pause Final Update Refs 0,206ms
[2021-04-30T09:23:22.803+0300][33,653s][info][gc] GC(698) Concurrent cleanup 124M->118M(128M) 0,039ms
[2021-04-30T09:23:22.805+0300][33,654s][info][gc] Trigger: Free (2449K) is below minimum threshold (13107K)
[2021-04-30T09:23:22.805+0300][33,654s][info][gc] GC(699) Concurrent reset 0,196ms
[2021-04-30T09:23:22.805+0300][33,655s][info][gc] GC(699) Pause Init Mark (unload classes) 0,123ms
[2021-04-30T09:23:22.819+0300][33,669s][info][gc] GC(699) Concurrent marking (unload classes) 14,153ms
[2021-04-30T09:23:22.824+0300][33,673s][info][gc] GC(699) Pause Final Mark (unload classes) 4,269ms
[2021-04-30T09:23:22.824+0300][33,673s][info][gc] GC(699) Concurrent cleanup 119M->119M(128M) 0,050ms
[2021-04-30T09:23:22.826+0300][33,675s][info][gc] GC(699) Concurrent evacuation 1,899ms
[2021-04-30T09:23:22.826+0300][33,675s][info][gc] GC(699) Pause Init Update Refs 0,005ms
[2021-04-30T09:23:22.835+0300][33,684s][info][gc] GC(699) Concurrent update references 9,072ms
[2021-04-30T09:23:22.835+0300][33,685s][info][gc] GC(699) Pause Final Update Refs 0,108ms
[2021-04-30T09:23:22.835+0300][33,685s][info][gc] GC(699) Concurrent cleanup 126M->117M(128M) 0,039ms
[2021-04-30T09:23:22.836+0300][33,686s][info][gc] Trigger: Free (4427K) is below minimum threshold (13107K)
[2021-04-30T09:23:22.836+0300][33,686s][info][gc] GC(700) Concurrent reset 0,129ms
[2021-04-30T09:23:22.837+0300][33,686s][info][gc] GC(700) Pause Init Mark (process weakrefs) 0,242ms
[2021-04-30T09:23:22.851+0300][33,701s][info][gc] GC(700) Concurrent marking (process weakrefs) 14,436ms
[2021-04-30T09:23:22.851+0300][33,701s][info][gc] GC(700) Concurrent precleaning 0,115ms
[2021-04-30T09:23:22.853+0300][33,702s][info][gc] GC(700) Pause Final Mark (process weakrefs) 1,206ms
[2021-04-30T09:23:22.853+0300][33,702s][info][gc] GC(700) Concurrent cleanup 118M->118M(128M) 0,045ms
[2021-04-30T09:23:22.856+0300][33,705s][info][gc] GC(700) Concurrent evacuation 3,012ms
[2021-04-30T09:23:22.856+0300][33,706s][info][gc] GC(700) Pause Init Update Refs 0,007ms
[2021-04-30T09:23:22.867+0300][33,717s][info][gc] GC(700) Concurrent update references 10,983ms
[2021-04-30T09:23:22.868+0300][33,717s][info][gc] GC(700) Pause Final Update Refs 0,224ms
[2021-04-30T09:23:22.868+0300][33,717s][info][gc] GC(700) Concurrent cleanup 125M->118M(128M) 0,040ms
[2021-04-30T09:23:22.869+0300][33,718s][info][gc] Trigger: Free (3102K) is below minimum threshold (13107K)
[2021-04-30T09:23:22.869+0300][33,719s][info][gc] GC(701) Concurrent reset 0,278ms
[2021-04-30T09:23:22.870+0300][33,719s][info][gc] GC(701) Pause Init Mark 0,201ms
[2021-04-30T09:23:22.885+0300][33,734s][info][gc] GC(701) Concurrent marking 15,221ms
[2021-04-30T09:23:22.886+0300][33,736s][info][gc] GC(701) Pause Final Mark 1,041ms
[2021-04-30T09:23:22.886+0300][33,736s][info][gc] GC(701) Concurrent cleanup 119M->119M(128M) 0,048ms
[2021-04-30T09:23:22.889+0300][33,738s][info][gc] GC(701) Concurrent evacuation 2,567ms
[2021-04-30T09:23:22.889+0300][33,739s][info][gc] GC(701) Pause Init Update Refs 0,039ms
[2021-04-30T09:23:22.898+0300][33,748s][info][gc] GC(701) Concurrent update references 8,800ms
[2021-04-30T09:23:22.898+0300][33,748s][info][gc] GC(701) Pause Final Update Refs 0,119ms
[2021-04-30T09:23:22.899+0300][33,748s][info][gc] GC(701) Concurrent cleanup 125M->116M(128M) 0,041ms
[2021-04-30T09:23:22.900+0300][33,749s][info][gc] Trigger: Free (4628K) is below minimum threshold (13107K)
[2021-04-30T09:23:22.900+0300][33,749s][info][gc] GC(702) Concurrent reset 0,261ms
[2021-04-30T09:23:22.900+0300][33,750s][info][gc] GC(702) Pause Init Mark 0,242ms
[2021-04-30T09:23:22.917+0300][33,766s][info][gc] GC(702) Concurrent marking 16,294ms
[2021-04-30T09:23:22.918+0300][33,767s][info][gc] GC(702) Pause Final Mark 0,915ms
[2021-04-30T09:23:22.918+0300][33,767s][info][gc] GC(702) Concurrent cleanup 117M->117M(128M) 0,037ms
[2021-04-30T09:23:22.919+0300][33,769s][info][gc] GC(702) Concurrent evacuation 1,430ms
[2021-04-30T09:23:22.919+0300][33,769s][info][gc] GC(702) Pause Init Update Refs 0,006ms
[2021-04-30T09:23:22.929+0300][33,778s][info][gc] GC(702) Concurrent update references 9,419ms
[2021-04-30T09:23:22.929+0300][33,779s][info][gc] GC(702) Pause Final Update Refs 0,100ms
[2021-04-30T09:23:22.929+0300][33,779s][info][gc] GC(702) Concurrent cleanup 125M->118M(128M) 0,039ms
[2021-04-30T09:23:22.930+0300][33,780s][info][gc] Trigger: Free (3094K) is below minimum threshold (13107K)
[2021-04-30T09:23:22.931+0300][33,780s][info][gc] GC(703) Concurrent reset 0,164ms
[2021-04-30T09:23:22.931+0300][33,780s][info][gc] GC(703) Pause Init Mark 0,196ms
[2021-04-30T09:23:22.950+0300][33,799s][info][gc] GC(703) Concurrent marking 18,533ms
[2021-04-30T09:23:22.951+0300][33,800s][info][gc] GC(703) Pause Final Mark 1,005ms
[2021-04-30T09:23:22.951+0300][33,800s][info][gc] GC(703) Concurrent cleanup 119M->119M(128M) 0,038ms
[2021-04-30T09:23:22.952+0300][33,802s][info][gc] GC(703) Concurrent evacuation 1,501ms
[2021-04-30T09:23:22.952+0300][33,802s][info][gc] GC(703) Pause Init Update Refs 0,006ms
[2021-04-30T09:23:22.962+0300][33,811s][info][gc] GC(703) Concurrent update references 9,311ms
[2021-04-30T09:23:22.962+0300][33,811s][info][gc] GC(703) Pause Final Update Refs 0,061ms
[2021-04-30T09:23:22.962+0300][33,811s][info][gc] GC(703) Concurrent cleanup 124M->116M(128M) 0,041ms
[2021-04-30T09:23:22.963+0300][33,813s][info][gc] Trigger: Free (4933K) is below minimum threshold (13107K)
[2021-04-30T09:23:22.963+0300][33,813s][info][gc] GC(704) Concurrent reset 0,132ms
[2021-04-30T09:23:22.964+0300][33,813s][info][gc] GC(704) Pause Init Mark 0,178ms
[2021-04-30T09:23:22.978+0300][33,827s][info][gc] GC(704) Concurrent marking 14,166ms
[2021-04-30T09:23:22.979+0300][33,828s][info][gc] GC(704) Pause Final Mark 0,902ms
[2021-04-30T09:23:22.979+0300][33,828s][info][gc] GC(704) Concurrent cleanup 117M->117M(128M) 0,037ms
[2021-04-30T09:23:22.980+0300][33,830s][info][gc] GC(704) Concurrent evacuation 1,285ms
[2021-04-30T09:23:22.980+0300][33,830s][info][gc] GC(704) Pause Init Update Refs 0,021ms
[2021-04-30T09:23:22.991+0300][33,840s][info][gc] GC(704) Concurrent update references 10,506ms
[2021-04-30T09:23:22.991+0300][33,841s][info][gc] GC(704) Pause Final Update Refs 0,087ms
[2021-04-30T09:23:22.991+0300][33,841s][info][gc] GC(704) Concurrent cleanup 126M->119M(128M) 0,045ms
[2021-04-30T09:23:22.993+0300][33,842s][info][gc] Trigger: Free (1352K) is below minimum threshold (13107K)
[2021-04-30T09:23:22.993+0300][33,842s][info][gc] GC(705) Concurrent reset 0,155ms
[2021-04-30T09:23:22.993+0300][33,843s][info][gc] GC(705) Pause Init Mark (process weakrefs) 0,167ms
[2021-04-30T09:23:23.009+0300][33,858s][info][gc] GC(705) Concurrent marking (process weakrefs) 15,877ms
[2021-04-30T09:23:23.009+0300][33,859s][info][gc] GC(705) Concurrent precleaning 0,147ms
[2021-04-30T09:23:23.011+0300][33,860s][info][gc] GC(705) Pause Final Mark (process weakrefs) 1,420ms
[2021-04-30T09:23:23.011+0300][33,860s][info][gc] GC(705) Concurrent cleanup 120M->120M(128M) 0,038ms
[2021-04-30T09:23:23.012+0300][33,862s][info][gc] GC(705) Concurrent evacuation 1,256ms
[2021-04-30T09:23:23.012+0300][33,862s][info][gc] GC(705) Pause Init Update Refs 0,005ms
[2021-04-30T09:23:23.021+0300][33,870s][info][gc] GC(705) Concurrent update references 8,433ms
[2021-04-30T09:23:23.021+0300][33,871s][info][gc] GC(705) Pause Final Update Refs 0,209ms
[2021-04-30T09:23:23.021+0300][33,871s][info][gc] GC(705) Concurrent cleanup 126M->115M(128M) 0,057ms
[2021-04-30T09:23:23.023+0300][33,872s][info][gc] Trigger: Free (5883K) is below minimum threshold (13107K)
[2021-04-30T09:23:23.023+0300][33,872s][info][gc] GC(706) Concurrent reset 0,225ms
[2021-04-30T09:23:23.023+0300][33,873s][info][gc] GC(706) Pause Init Mark 0,252ms
[2021-04-30T09:23:23.038+0300][33,887s][info][gc] GC(706) Concurrent marking 14,381ms
[2021-04-30T09:23:23.039+0300][33,888s][info][gc] GC(706) Pause Final Mark 0,879ms
[2021-04-30T09:23:23.039+0300][33,888s][info][gc] GC(706) Concurrent cleanup 116M->116M(128M) 0,039ms
[2021-04-30T09:23:23.040+0300][33,890s][info][gc] GC(706) Concurrent evacuation 1,294ms
[2021-04-30T09:23:23.041+0300][33,890s][info][gc] GC(706) Pause Init Update Refs 0,021ms
[2021-04-30T09:23:23.049+0300][33,899s][info][gc] GC(706) Concurrent update references 8,509ms
[2021-04-30T09:23:23.050+0300][33,899s][info][gc] GC(706) Pause Final Update Refs 0,091ms
[2021-04-30T09:23:23.050+0300][33,899s][info][gc] GC(706) Concurrent cleanup 124M->118M(128M) 0,040ms
[2021-04-30T09:23:23.051+0300][33,900s][info][gc] Trigger: Free (2532K) is below minimum threshold (13107K)
[2021-04-30T09:23:23.051+0300][33,901s][info][gc] GC(707) Concurrent reset 0,252ms
[2021-04-30T09:23:23.052+0300][33,901s][info][gc] GC(707) Pause Init Mark 0,157ms
[2021-04-30T09:23:23.065+0300][33,915s][info][gc] GC(707) Concurrent marking 13,725ms
[2021-04-30T09:23:23.067+0300][33,916s][info][gc] GC(707) Pause Final Mark 0,896ms
[2021-04-30T09:23:23.067+0300][33,916s][info][gc] GC(707) Concurrent cleanup 119M->119M(128M) 0,037ms
[2021-04-30T09:23:23.068+0300][33,917s][info][gc] GC(707) Concurrent evacuation 1,334ms
[2021-04-30T09:23:23.068+0300][33,918s][info][gc] GC(707) Pause Init Update Refs 0,021ms
[2021-04-30T09:23:23.077+0300][33,926s][info][gc] GC(707) Concurrent update references 8,394ms
[2021-04-30T09:23:23.077+0300][33,927s][info][gc] GC(707) Pause Final Update Refs 0,071ms
[2021-04-30T09:23:23.077+0300][33,927s][info][gc] GC(707) Concurrent cleanup 126M->117M(128M) 0,040ms
[2021-04-30T09:23:23.078+0300][33,928s][info][gc] Trigger: Free (3894K) is below minimum threshold (13107K)
[2021-04-30T09:23:23.079+0300][33,928s][info][gc] GC(708) Concurrent reset 0,122ms
[2021-04-30T09:23:23.079+0300][33,928s][info][gc] GC(708) Pause Init Mark 0,158ms
[2021-04-30T09:23:23.092+0300][33,942s][info][gc] GC(708) Concurrent marking 13,486ms
[2021-04-30T09:23:23.094+0300][33,943s][info][gc] GC(708) Pause Final Mark 1,056ms
[2021-04-30T09:23:23.094+0300][33,943s][info][gc] GC(708) Concurrent cleanup 118M->118M(128M) 0,038ms
[2021-04-30T09:23:23.095+0300][33,945s][info][gc] GC(708) Concurrent evacuation 1,408ms
[2021-04-30T09:23:23.096+0300][33,945s][info][gc] GC(708) Pause Init Update Refs 0,021ms
[2021-04-30T09:23:23.104+0300][33,954s][info][gc] GC(708) Concurrent update references 8,345ms
[2021-04-30T09:23:23.104+0300][33,954s][info][gc] GC(708) Pause Final Update Refs 0,096ms
[2021-04-30T09:23:23.105+0300][33,954s][info][gc] GC(708) Concurrent cleanup 124M->117M(128M) 0,046ms
[2021-04-30T09:23:23.106+0300][33,955s][info][gc] Trigger: Free (4162K) is below minimum threshold (13107K)
[2021-04-30T09:23:23.106+0300][33,955s][info][gc] GC(709) Concurrent reset 0,217ms
[2021-04-30T09:23:23.106+0300][33,956s][info][gc] GC(709) Pause Init Mark 0,207ms
[2021-04-30T09:23:23.121+0300][33,971s][info][gc] GC(709) Concurrent marking 14,681ms
[2021-04-30T09:23:23.123+0300][33,972s][info][gc] GC(709) Pause Final Mark 1,298ms
[2021-04-30T09:23:23.123+0300][33,972s][info][gc] GC(709) Concurrent cleanup 118M->118M(128M) 0,067ms
[2021-04-30T09:23:23.125+0300][33,975s][info][gc] GC(709) Concurrent evacuation 2,406ms
[2021-04-30T09:23:23.126+0300][33,975s][info][gc] GC(709) Pause Init Update Refs 0,008ms
[2021-04-30T09:23:23.135+0300][33,985s][info][gc] GC(709) Concurrent update references 9,834ms
[2021-04-30T09:23:23.136+0300][33,985s][info][gc] GC(709) Pause Final Update Refs 0,082ms
[2021-04-30T09:23:23.136+0300][33,985s][info][gc] GC(709) Concurrent cleanup 125M->117M(128M) 0,042ms
[2021-04-30T09:23:23.137+0300][33,986s][info][gc] Trigger: Free (2648K) is below minimum threshold (13107K)
[2021-04-30T09:23:23.137+0300][33,987s][info][gc] GC(710) Concurrent reset 0,217ms
[2021-04-30T09:23:23.138+0300][33,987s][info][gc] GC(710) Pause Init Mark (process weakrefs) 0,170ms
[2021-04-30T09:23:23.153+0300][34,002s][info][gc] GC(710) Concurrent marking (process weakrefs) 14,967ms
[2021-04-30T09:23:23.153+0300][34,002s][info][gc] GC(710) Concurrent precleaning 0,111ms
[2021-04-30T09:23:23.154+0300][34,003s][info][gc] GC(710) Pause Final Mark (process weakrefs) 0,917ms
[2021-04-30T09:23:23.154+0300][34,003s][info][gc] GC(710) Concurrent cleanup 119M->119M(128M) 0,043ms
[2021-04-30T09:23:23.156+0300][34,005s][info][gc] GC(710) Concurrent evacuation 1,947ms
[2021-04-30T09:23:23.156+0300][34,006s][info][gc] GC(710) Pause Init Update Refs 0,023ms
[2021-04-30T09:23:23.166+0300][34,015s][info][gc] GC(710) Concurrent update references 9,388ms
[2021-04-30T09:23:23.166+0300][34,015s][info][gc] GC(710) Pause Final Update Refs 0,081ms
[2021-04-30T09:23:23.166+0300][34,016s][info][gc] GC(710) Concurrent cleanup 126M->117M(128M) 0,040ms
[2021-04-30T09:23:23.167+0300][34,017s][info][gc] Trigger: Free (3187K) is below minimum threshold (13107K)
[2021-04-30T09:23:23.167+0300][34,017s][info][gc] GC(711) Concurrent reset 0,193ms
[2021-04-30T09:23:23.168+0300][34,017s][info][gc] GC(711) Pause Init Mark 0,139ms
[2021-04-30T09:23:23.188+0300][34,037s][info][gc] GC(711) Concurrent marking 20,175ms
[2021-04-30T09:23:23.189+0300][34,039s][info][gc] GC(711) Pause Final Mark 1,175ms
[2021-04-30T09:23:23.189+0300][34,039s][info][gc] GC(711) Concurrent cleanup 119M->119M(128M) 0,139ms
[2021-04-30T09:23:23.191+0300][34,041s][info][gc] GC(711) Concurrent evacuation 1,799ms
[2021-04-30T09:23:23.191+0300][34,041s][info][gc] GC(711) Pause Init Update Refs 0,021ms
[2021-04-30T09:23:23.207+0300][34,056s][info][gc] GC(711) Concurrent update references 15,275ms
[2021-04-30T09:23:23.207+0300][34,056s][info][gc] GC(711) Pause Final Update Refs 0,068ms
[2021-04-30T09:23:23.207+0300][34,057s][info][gc] GC(711) Concurrent cleanup 126M->118M(128M) 0,040ms
[2021-04-30T09:23:23.208+0300][34,058s][info][gc] Trigger: Free (2401K) is below minimum threshold (13107K)
[2021-04-30T09:23:23.209+0300][34,058s][info][gc] GC(712) Concurrent reset 0,204ms
[2021-04-30T09:23:23.209+0300][34,058s][info][gc] GC(712) Pause Init Mark 0,274ms
[2021-04-30T09:23:23.224+0300][34,073s][info][gc] GC(712) Concurrent marking 14,607ms
[2021-04-30T09:23:23.225+0300][34,074s][info][gc] GC(712) Pause Final Mark 0,962ms
[2021-04-30T09:23:23.225+0300][34,074s][info][gc] GC(712) Concurrent cleanup 119M->119M(128M) 0,035ms
[2021-04-30T09:23:23.227+0300][34,076s][info][gc] GC(712) Concurrent evacuation 1,619ms
[2021-04-30T09:23:23.227+0300][34,076s][info][gc] GC(712) Pause Init Update Refs 0,005ms
[2021-04-30T09:23:23.235+0300][34,085s][info][gc] GC(712) Concurrent update references 8,310ms
[2021-04-30T09:23:23.236+0300][34,085s][info][gc] GC(712) Pause Final Update Refs 0,219ms
[2021-04-30T09:23:23.236+0300][34,085s][info][gc] GC(712) Concurrent cleanup 125M->116M(128M) 0,041ms
[2021-04-30T09:23:23.237+0300][34,087s][info][gc] Trigger: Free (3942K) is below minimum threshold (13107K)
[2021-04-30T09:23:23.237+0300][34,087s][info][gc] GC(713) Concurrent reset 0,173ms
[2021-04-30T09:23:23.238+0300][34,087s][info][gc] GC(713) Pause Init Mark 0,284ms
[2021-04-30T09:23:23.252+0300][34,102s][info][gc] GC(713) Concurrent marking 14,156ms
[2021-04-30T09:23:23.254+0300][34,103s][info][gc] GC(713) Pause Final Mark 1,474ms
[2021-04-30T09:23:23.254+0300][34,103s][info][gc] GC(713) Concurrent cleanup 118M->118M(128M) 0,038ms
[2021-04-30T09:23:23.255+0300][34,105s][info][gc] GC(713) Concurrent evacuation 1,327ms
[2021-04-30T09:23:23.255+0300][34,105s][info][gc] GC(713) Pause Init Update Refs 0,007ms
[2021-04-30T09:23:23.265+0300][34,114s][info][gc] GC(713) Concurrent update references 9,207ms
[2021-04-30T09:23:23.265+0300][34,115s][info][gc] GC(713) Pause Final Update Refs 0,085ms
[2021-04-30T09:23:23.265+0300][34,115s][info][gc] GC(713) Concurrent cleanup 124M->116M(128M) 0,041ms
[2021-04-30T09:23:23.266+0300][34,116s][info][gc] Trigger: Free (4324K) is below minimum threshold (13107K)
[2021-04-30T09:23:23.266+0300][34,116s][info][gc] GC(714) Concurrent reset 0,113ms
[2021-04-30T09:23:23.267+0300][34,116s][info][gc] GC(714) Pause Init Mark 0,287ms
[2021-04-30T09:23:23.282+0300][34,131s][info][gc] GC(714) Concurrent marking 14,892ms
[2021-04-30T09:23:23.283+0300][34,132s][info][gc] GC(714) Pause Final Mark 0,869ms
[2021-04-30T09:23:23.283+0300][34,132s][info][gc] GC(714) Concurrent cleanup 117M->117M(128M) 0,039ms
[2021-04-30T09:23:23.284+0300][34,134s][info][gc] GC(714) Concurrent evacuation 1,284ms
[2021-04-30T09:23:23.285+0300][34,134s][info][gc] GC(714) Pause Init Update Refs 0,021ms
[2021-04-30T09:23:23.294+0300][34,143s][info][gc] GC(714) Concurrent update references 9,400ms
[2021-04-30T09:23:23.294+0300][34,144s][info][gc] GC(714) Pause Final Update Refs 0,093ms
[2021-04-30T09:23:23.295+0300][34,144s][info][gc] GC(714) Concurrent cleanup 125M->118M(128M) 0,056ms
[2021-04-30T09:23:23.296+0300][34,145s][info][gc] Trigger: Free (3436K) is below minimum threshold (13107K)
[2021-04-30T09:23:23.296+0300][34,145s][info][gc] GC(715) Concurrent reset 0,168ms
[2021-04-30T09:23:23.296+0300][34,146s][info][gc] GC(715) Pause Init Mark (process weakrefs) 0,148ms
[2021-04-30T09:23:23.310+0300][34,160s][info][gc] GC(715) Concurrent marking (process weakrefs) 14,203ms
[2021-04-30T09:23:23.311+0300][34,160s][info][gc] GC(715) Concurrent precleaning 0,203ms
[2021-04-30T09:23:23.312+0300][34,161s][info][gc] GC(715) Pause Final Mark (process weakrefs) 0,977ms
[2021-04-30T09:23:23.312+0300][34,161s][info][gc] GC(715) Concurrent cleanup 118M->118M(128M) 0,037ms
[2021-04-30T09:23:23.313+0300][34,163s][info][gc] GC(715) Concurrent evacuation 1,320ms
[2021-04-30T09:23:23.313+0300][34,163s][info][gc] GC(715) Pause Init Update Refs 0,006ms
[2021-04-30T09:23:23.322+0300][34,172s][info][gc] GC(715) Concurrent update references 8,798ms
[2021-04-30T09:23:23.323+0300][34,172s][info][gc] GC(715) Pause Final Update Refs 0,207ms
[2021-04-30T09:23:23.323+0300][34,172s][info][gc] GC(715) Concurrent cleanup 125M->117M(128M) 0,041ms
[2021-04-30T09:23:23.324+0300][34,173s][info][gc] Trigger: Free (3793K) is below minimum threshold (13107K)
[2021-04-30T09:23:23.325+0300][34,174s][info][gc] GC(716) Concurrent reset 0,630ms
[2021-04-30T09:23:23.325+0300][34,175s][info][gc] GC(716) Pause Init Mark 0,164ms
[2021-04-30T09:23:23.341+0300][34,190s][info][gc] GC(716) Concurrent marking 15,675ms
[2021-04-30T09:23:23.342+0300][34,191s][info][gc] GC(716) Pause Final Mark 0,829ms
[2021-04-30T09:23:23.342+0300][34,191s][info][gc] GC(716) Concurrent cleanup 118M->118M(128M) 0,042ms
[2021-04-30T09:23:23.344+0300][34,193s][info][gc] GC(716) Concurrent evacuation 1,466ms
[2021-04-30T09:23:23.344+0300][34,193s][info][gc] GC(716) Pause Init Update Refs 0,006ms
[2021-04-30T09:23:23.353+0300][34,202s][info][gc] GC(716) Concurrent update references 9,218ms
[2021-04-30T09:23:23.353+0300][34,203s][info][gc] GC(716) Pause Final Update Refs 0,123ms
[2021-04-30T09:23:23.353+0300][34,203s][info][gc] GC(716) Concurrent cleanup 125M->118M(128M) 0,049ms
[2021-04-30T09:23:23.355+0300][34,204s][info][gc] Trigger: Free (3305K) is below minimum threshold (13107K)
[2021-04-30T09:23:23.355+0300][34,204s][info][gc] GC(717) Concurrent reset 0,220ms
[2021-04-30T09:23:23.355+0300][34,205s][info][gc] GC(717) Pause Init Mark 0,162ms
[2021-04-30T09:23:23.372+0300][34,221s][info][gc] GC(717) Concurrent marking 16,672ms
[2021-04-30T09:23:23.373+0300][34,223s][info][gc] GC(717) Pause Final Mark 1,004ms
[2021-04-30T09:23:23.373+0300][34,223s][info][gc] GC(717) Concurrent cleanup 118M->118M(128M) 0,039ms
[2021-04-30T09:23:23.375+0300][34,224s][info][gc] GC(717) Concurrent evacuation 1,530ms
[2021-04-30T09:23:23.375+0300][34,224s][info][gc] GC(717) Pause Init Update Refs 0,005ms
[2021-04-30T09:23:23.385+0300][34,234s][info][gc] GC(717) Concurrent update references 10,088ms
[2021-04-30T09:23:23.385+0300][34,235s][info][gc] GC(717) Pause Final Update Refs 0,076ms
[2021-04-30T09:23:23.386+0300][34,235s][info][gc] GC(717) Concurrent cleanup 125M->117M(128M) 0,041ms
[2021-04-30T09:23:23.387+0300][34,236s][info][gc] Trigger: Free (4359K) is below minimum threshold (13107K)
[2021-04-30T09:23:23.387+0300][34,236s][info][gc] GC(718) Concurrent reset 0,224ms
[2021-04-30T09:23:23.387+0300][34,237s][info][gc] GC(718) Pause Init Mark 0,230ms
[2021-04-30T09:23:23.403+0300][34,252s][info][gc] GC(718) Concurrent marking 15,616ms
[2021-04-30T09:23:23.404+0300][34,253s][info][gc] GC(718) Pause Final Mark 0,929ms
[2021-04-30T09:23:23.404+0300][34,254s][info][gc] GC(718) Concurrent cleanup 117M->117M(128M) 0,053ms
[2021-04-30T09:23:23.407+0300][34,256s][info][gc] GC(718) Concurrent evacuation 2,400ms
[2021-04-30T09:23:23.407+0300][34,256s][info][gc] GC(718) Pause Init Update Refs 0,006ms
[2021-04-30T09:23:23.417+0300][34,266s][info][gc] GC(718) Concurrent update references 10,003ms
[2021-04-30T09:23:23.417+0300][34,267s][info][gc] GC(718) Pause Final Update Refs 0,103ms
[2021-04-30T09:23:23.417+0300][34,267s][info][gc] GC(718) Concurrent cleanup 123M->117M(128M) 0,041ms
[2021-04-30T09:23:23.418+0300][34,268s][info][gc] Trigger: Free (3575K) is below minimum threshold (13107K)
[2021-04-30T09:23:23.419+0300][34,268s][info][gc] GC(719) Concurrent reset 0,114ms
[2021-04-30T09:23:23.419+0300][34,268s][info][gc] GC(719) Pause Init Mark 0,214ms
[2021-04-30T09:23:23.434+0300][34,283s][info][gc] GC(719) Concurrent marking 14,874ms
[2021-04-30T09:23:23.435+0300][34,284s][info][gc] GC(719) Pause Final Mark 0,912ms
[2021-04-30T09:23:23.435+0300][34,284s][info][gc] GC(719) Concurrent cleanup 118M->118M(128M) 0,037ms
[2021-04-30T09:23:23.436+0300][34,286s][info][gc] GC(719) Concurrent evacuation 1,195ms
[2021-04-30T09:23:23.436+0300][34,286s][info][gc] GC(719) Pause Init Update Refs 0,005ms
[2021-04-30T09:23:23.446+0300][34,295s][info][gc] GC(719) Concurrent update references 9,245ms
[2021-04-30T09:23:23.446+0300][34,295s][info][gc] GC(719) Pause Final Update Refs 0,126ms
[2021-04-30T09:23:23.446+0300][34,296s][info][gc] GC(719) Concurrent cleanup 124M->117M(128M) 0,042ms
[2021-04-30T09:23:23.447+0300][34,297s][info][gc] Trigger: Free (4380K) is below minimum threshold (13107K)
[2021-04-30T09:23:23.447+0300][34,297s][info][gc] GC(720) Concurrent reset 0,124ms
[2021-04-30T09:23:23.448+0300][34,297s][info][gc] GC(720) Pause Init Mark (process weakrefs) 0,202ms
[2021-04-30T09:23:23.462+0300][34,311s][info][gc] GC(720) Concurrent marking (process weakrefs) 14,309ms
[2021-04-30T09:23:23.462+0300][34,312s][info][gc] GC(720) Concurrent precleaning 0,151ms
[2021-04-30T09:23:23.464+0300][34,313s][info][gc] GC(720) Pause Final Mark (process weakrefs) 1,395ms
[2021-04-30T09:23:23.464+0300][34,313s][info][gc] GC(720) Concurrent cleanup 118M->118M(128M) 0,038ms
[2021-04-30T09:23:23.465+0300][34,315s][info][gc] GC(720) Concurrent evacuation 1,375ms
[2021-04-30T09:23:23.465+0300][34,315s][info][gc] GC(720) Pause Init Update Refs 0,006ms
[2021-04-30T09:23:23.479+0300][34,328s][info][gc] GC(720) Concurrent update references 13,366ms
[2021-04-30T09:23:23.479+0300][34,329s][info][gc] GC(720) Pause Final Update Refs 0,079ms
[2021-04-30T09:23:23.479+0300][34,329s][info][gc] GC(720) Concurrent cleanup 126M->119M(128M) 0,042ms
[2021-04-30T09:23:23.480+0300][34,330s][info][gc] Trigger: Free (1014K) is below minimum threshold (13107K)
[2021-04-30T09:23:23.481+0300][34,330s][info][gc] GC(721) Concurrent reset 0,157ms
[2021-04-30T09:23:23.481+0300][34,330s][info][gc] GC(721) Pause Init Mark 0,146ms
[2021-04-30T09:23:23.495+0300][34,345s][info][gc] GC(721) Concurrent marking 14,335ms
[2021-04-30T09:23:23.497+0300][34,346s][info][gc] GC(721) Pause Final Mark 1,204ms
[2021-04-30T09:23:23.497+0300][34,346s][info][gc] GC(721) Concurrent cleanup 121M->121M(128M) 0,047ms
[2021-04-30T09:23:23.499+0300][34,348s][info][gc] GC(721) Concurrent evacuation 1,725ms
[2021-04-30T09:23:23.499+0300][34,348s][info][gc] GC(721) Pause Init Update Refs 0,006ms
[2021-04-30T09:23:23.508+0300][34,357s][info][gc] GC(721) Concurrent update references 8,820ms
[2021-04-30T09:23:23.508+0300][34,357s][info][gc] GC(721) Pause Final Update Refs 0,087ms
[2021-04-30T09:23:23.508+0300][34,358s][info][gc] GC(721) Concurrent cleanup 126M->116M(128M) 0,054ms
[2021-04-30T09:23:23.509+0300][34,359s][info][gc] Trigger: Free (4327K) is below minimum threshold (13107K)
[2021-04-30T09:23:23.509+0300][34,359s][info][gc] GC(722) Concurrent reset 0,203ms
[2021-04-30T09:23:23.510+0300][34,359s][info][gc] GC(722) Pause Init Mark 0,217ms
[2021-04-30T09:23:23.525+0300][34,374s][info][gc] GC(722) Concurrent marking 14,476ms
[2021-04-30T09:23:23.526+0300][34,375s][info][gc] GC(722) Pause Final Mark 1,367ms
[2021-04-30T09:23:23.526+0300][34,376s][info][gc] GC(722) Concurrent cleanup 118M->118M(128M) 0,047ms
[2021-04-30T09:23:23.527+0300][34,377s][info][gc] GC(722) Concurrent evacuation 1,367ms
[2021-04-30T09:23:23.528+0300][34,377s][info][gc] GC(722) Pause Init Update Refs 0,005ms
[2021-04-30T09:23:23.538+0300][34,387s][info][gc] GC(722) Concurrent update references 9,810ms
[2021-04-30T09:23:23.538+0300][34,387s][info][gc] GC(722) Pause Final Update Refs 0,136ms
[2021-04-30T09:23:23.538+0300][34,387s][info][gc] GC(722) Concurrent cleanup 124M->117M(128M) 0,038ms
[2021-04-30T09:23:23.539+0300][34,388s][info][gc] Trigger: Free (3781K) is below minimum threshold (13107K)
[2021-04-30T09:23:23.539+0300][34,389s][info][gc] GC(723) Concurrent reset 0,311ms
[2021-04-30T09:23:23.540+0300][34,390s][info][gc] GC(723) Pause Init Mark 0,732ms
[2021-04-30T09:23:23.555+0300][34,405s][info][gc] GC(723) Concurrent marking 14,868ms
[2021-04-30T09:23:23.557+0300][34,406s][info][gc] GC(723) Pause Final Mark 1,186ms
[2021-04-30T09:23:23.557+0300][34,406s][info][gc] GC(723) Concurrent cleanup 118M->118M(128M) 0,039ms
[2021-04-30T09:23:23.558+0300][34,407s][info][gc] GC(723) Concurrent evacuation 1,373ms
[2021-04-30T09:23:23.558+0300][34,408s][info][gc] GC(723) Pause Init Update Refs 0,005ms
[2021-04-30T09:23:23.569+0300][34,418s][info][gc] GC(723) Concurrent update references 10,873ms
[2021-04-30T09:23:23.569+0300][34,419s][info][gc] GC(723) Pause Final Update Refs 0,115ms
[2021-04-30T09:23:23.569+0300][34,419s][info][gc] GC(723) Concurrent cleanup 124M->117M(128M) 0,044ms
[2021-04-30T09:23:23.571+0300][34,420s][info][gc] Trigger: Free (3414K) is below minimum threshold (13107K)
[2021-04-30T09:23:23.571+0300][34,420s][info][gc] GC(724) Concurrent reset 0,159ms
[2021-04-30T09:23:23.571+0300][34,421s][info][gc] GC(724) Pause Init Mark 0,162ms
[2021-04-30T09:23:23.589+0300][34,438s][info][gc] GC(724) Concurrent marking 17,392ms
[2021-04-30T09:23:23.590+0300][34,439s][info][gc] GC(724) Pause Final Mark 1,005ms
[2021-04-30T09:23:23.590+0300][34,439s][info][gc] GC(724) Concurrent cleanup 119M->119M(128M) 0,040ms
[2021-04-30T09:23:23.592+0300][34,442s][info][gc] GC(724) Concurrent evacuation 2,486ms
[2021-04-30T09:23:23.593+0300][34,442s][info][gc] GC(724) Pause Init Update Refs 0,005ms
[2021-04-30T09:23:23.607+0300][34,457s][info][gc] GC(724) Concurrent update references 14,687ms
[2021-04-30T09:23:23.608+0300][34,457s][info][gc] GC(724) Pause Final Update Refs 0,112ms
[2021-04-30T09:23:23.608+0300][34,457s][info][gc] GC(724) Concurrent cleanup 126M->118M(128M) 0,048ms
[2021-04-30T09:23:23.609+0300][34,458s][info][gc] Trigger: Free (2861K) is below minimum threshold (13107K)
[2021-04-30T09:23:23.609+0300][34,458s][info][gc] GC(725) Concurrent reset 0,126ms
[2021-04-30T09:23:23.609+0300][34,459s][info][gc] GC(725) Pause Init Mark (process weakrefs) 0,154ms
[2021-04-30T09:23:23.630+0300][34,479s][info][gc] GC(725) Concurrent marking (process weakrefs) 20,459ms
[2021-04-30T09:23:23.630+0300][34,479s][info][gc] GC(725) Concurrent precleaning 0,055ms
[2021-04-30T09:23:23.631+0300][34,480s][info][gc] GC(725) Pause Final Mark (process weakrefs) 1,033ms
[2021-04-30T09:23:23.631+0300][34,480s][info][gc] GC(725) Concurrent cleanup 119M->119M(128M) 0,041ms
[2021-04-30T09:23:23.633+0300][34,482s][info][gc] GC(725) Concurrent evacuation 1,500ms
[2021-04-30T09:23:23.633+0300][34,482s][info][gc] GC(725) Pause Init Update Refs 0,006ms
[2021-04-30T09:23:23.643+0300][34,493s][info][gc] GC(725) Concurrent update references 10,606ms
[2021-04-30T09:23:23.644+0300][34,493s][info][gc] GC(725) Pause Final Update Refs 0,106ms
[2021-04-30T09:23:23.644+0300][34,493s][info][gc] GC(725) Concurrent cleanup 126M->118M(128M) 0,039ms
[2021-04-30T09:23:23.645+0300][34,494s][info][gc] Trigger: Free (2187K) is below minimum threshold (13107K)
[2021-04-30T09:23:23.645+0300][34,494s][info][gc] GC(726) Concurrent reset 0,141ms
[2021-04-30T09:23:23.645+0300][34,495s][info][gc] GC(726) Pause Init Mark 0,191ms
[2021-04-30T09:23:23.662+0300][34,511s][info][gc] GC(726) Concurrent marking 16,636ms
[2021-04-30T09:23:23.663+0300][34,512s][info][gc] GC(726) Pause Final Mark 0,889ms
[2021-04-30T09:23:23.663+0300][34,512s][info][gc] GC(726) Concurrent cleanup 120M->120M(128M) 0,039ms
[2021-04-30T09:23:23.664+0300][34,514s][info][gc] GC(726) Concurrent evacuation 1,407ms
[2021-04-30T09:23:23.665+0300][34,514s][info][gc] GC(726) Pause Init Update Refs 0,006ms
[2021-04-30T09:23:23.674+0300][34,523s][info][gc] GC(726) Concurrent update references 9,254ms
[2021-04-30T09:23:23.674+0300][34,524s][info][gc] GC(726) Pause Final Update Refs 0,074ms
[2021-04-30T09:23:23.674+0300][34,524s][info][gc] GC(726) Concurrent cleanup 126M->117M(128M) 0,045ms
[2021-04-30T09:23:23.675+0300][34,525s][info][gc] Trigger: Free (4250K) is below minimum threshold (13107K)
[2021-04-30T09:23:23.676+0300][34,525s][info][gc] GC(727) Concurrent reset 0,161ms
[2021-04-30T09:23:23.676+0300][34,525s][info][gc] GC(727) Pause Init Mark 0,162ms
[2021-04-30T09:23:23.692+0300][34,541s][info][gc] GC(727) Concurrent marking 15,634ms
[2021-04-30T09:23:23.693+0300][34,542s][info][gc] GC(727) Pause Final Mark 0,889ms
[2021-04-30T09:23:23.693+0300][34,542s][info][gc] GC(727) Concurrent cleanup 118M->118M(128M) 0,041ms
[2021-04-30T09:23:23.694+0300][34,544s][info][gc] GC(727) Concurrent evacuation 1,406ms
[2021-04-30T09:23:23.695+0300][34,544s][info][gc] GC(727) Pause Init Update Refs 0,006ms
[2021-04-30T09:23:23.703+0300][34,553s][info][gc] GC(727) Concurrent update references 8,532ms
[2021-04-30T09:23:23.704+0300][34,553s][info][gc] GC(727) Pause Final Update Refs 0,073ms
[2021-04-30T09:23:23.704+0300][34,553s][info][gc] GC(727) Concurrent cleanup 126M->119M(128M) 0,044ms
[2021-04-30T09:23:23.705+0300][34,554s][info][gc] Trigger: Free (1580K) is below minimum threshold (13107K)
[2021-04-30T09:23:23.705+0300][34,554s][info][gc] GC(728) Concurrent reset 0,126ms
[2021-04-30T09:23:23.705+0300][34,555s][info][gc] GC(728) Pause Init Mark 0,203ms
[2021-04-30T09:23:23.720+0300][34,569s][info][gc] GC(728) Concurrent marking 14,492ms
[2021-04-30T09:23:23.721+0300][34,570s][info][gc] GC(728) Pause Final Mark 0,960ms
[2021-04-30T09:23:23.721+0300][34,571s][info][gc] GC(728) Concurrent cleanup 120M->120M(128M) 0,049ms
[2021-04-30T09:23:23.724+0300][34,573s][info][gc] GC(728) Concurrent evacuation 2,504ms
[2021-04-30T09:23:23.724+0300][34,573s][info][gc] GC(728) Pause Init Update Refs 0,012ms
[2021-04-30T09:23:23.733+0300][34,582s][info][gc] GC(728) Concurrent update references 8,903ms
[2021-04-30T09:23:23.733+0300][34,583s][info][gc] GC(728) Pause Final Update Refs 0,215ms
[2021-04-30T09:23:23.734+0300][34,583s][info][gc] GC(728) Concurrent cleanup 126M->117M(128M) 0,040ms
[2021-04-30T09:23:23.735+0300][34,584s][info][gc] Trigger: Free (3952K) is below minimum threshold (13107K)
[2021-04-30T09:23:23.735+0300][34,584s][info][gc] GC(729) Concurrent reset 0,126ms
[2021-04-30T09:23:23.735+0300][34,585s][info][gc] GC(729) Pause Init Mark 0,212ms
[2021-04-30T09:23:23.749+0300][34,599s][info][gc] GC(729) Concurrent marking 14,033ms
[2021-04-30T09:23:23.751+0300][34,600s][info][gc] GC(729) Pause Final Mark 1,151ms
[2021-04-30T09:23:23.751+0300][34,600s][info][gc] GC(729) Concurrent cleanup 118M->118M(128M) 0,037ms
[2021-04-30T09:23:23.752+0300][34,602s][info][gc] GC(729) Concurrent evacuation 1,399ms
[2021-04-30T09:23:23.753+0300][34,602s][info][gc] GC(729) Pause Init Update Refs 0,021ms
[2021-04-30T09:23:23.762+0300][34,611s][info][gc] GC(729) Concurrent update references 8,775ms
[2021-04-30T09:23:23.762+0300][34,611s][info][gc] GC(729) Pause Final Update Refs 0,092ms
[2021-04-30T09:23:23.762+0300][34,611s][info][gc] GC(729) Concurrent cleanup 125M->118M(128M) 0,040ms
[2021-04-30T09:23:23.763+0300][34,613s][info][gc] Trigger: Free (2143K) is below minimum threshold (13107K)
[2021-04-30T09:23:23.763+0300][34,613s][info][gc] GC(730) Concurrent reset 0,159ms
[2021-04-30T09:23:23.764+0300][34,613s][info][gc] GC(730) Pause Init Mark (process weakrefs) 0,160ms
[2021-04-30T09:23:23.778+0300][34,627s][info][gc] GC(730) Concurrent marking (process weakrefs) 13,877ms
[2021-04-30T09:23:23.778+0300][34,627s][info][gc] GC(730) Concurrent precleaning 0,074ms
[2021-04-30T09:23:23.779+0300][34,628s][info][gc] GC(730) Pause Final Mark (process weakrefs) 1,008ms
[2021-04-30T09:23:23.779+0300][34,629s][info][gc] GC(730) Concurrent cleanup 120M->120M(128M) 0,037ms
[2021-04-30T09:23:23.780+0300][34,630s][info][gc] GC(730) Concurrent evacuation 1,212ms
[2021-04-30T09:23:23.781+0300][34,630s][info][gc] GC(730) Pause Init Update Refs 0,021ms
[2021-04-30T09:23:23.790+0300][34,639s][info][gc] GC(730) Concurrent update references 8,825ms
[2021-04-30T09:23:23.790+0300][34,639s][info][gc] GC(730) Pause Final Update Refs 0,071ms
[2021-04-30T09:23:23.790+0300][34,639s][info][gc] GC(730) Concurrent cleanup 125M->116M(128M) 0,040ms
[2021-04-30T09:23:23.791+0300][34,641s][info][gc] Trigger: Free (4762K) is below minimum threshold (13107K)
[2021-04-30T09:23:23.791+0300][34,641s][info][gc] GC(731) Concurrent reset 0,114ms
[2021-04-30T09:23:23.792+0300][34,641s][info][gc] GC(731) Pause Init Mark 0,143ms
[2021-04-30T09:23:23.806+0300][34,655s][info][gc] GC(731) Concurrent marking 14,388ms
[2021-04-30T09:23:23.807+0300][34,657s][info][gc] GC(731) Pause Final Mark 0,975ms
[2021-04-30T09:23:23.807+0300][34,657s][info][gc] GC(731) Concurrent cleanup 117M->117M(128M) 0,045ms
[2021-04-30T09:23:23.809+0300][34,658s][info][gc] GC(731) Concurrent evacuation 1,493ms
[2021-04-30T09:23:23.809+0300][34,658s][info][gc] GC(731) Pause Init Update Refs 0,021ms
[2021-04-30T09:23:23.825+0300][34,675s][info][gc] GC(731) Concurrent update references 16,109ms
[2021-04-30T09:23:23.826+0300][34,675s][info][gc] GC(731) Pause Final Update Refs 0,213ms
[2021-04-30T09:23:23.826+0300][34,675s][info][gc] GC(731) Concurrent cleanup 124M->118M(128M) 0,038ms
[2021-04-30T09:23:23.827+0300][34,676s][info][gc] Trigger: Free (2304K) is below minimum threshold (13107K)
[2021-04-30T09:23:23.827+0300][34,676s][info][gc] GC(732) Concurrent reset 0,138ms
[2021-04-30T09:23:23.827+0300][34,677s][info][gc] GC(732) Pause Init Mark 0,143ms
[2021-04-30T09:23:23.843+0300][34,693s][info][gc] GC(732) Concurrent marking 16,124ms
[2021-04-30T09:23:23.845+0300][34,694s][info][gc] GC(732) Pause Final Mark 1,175ms
[2021-04-30T09:23:23.845+0300][34,694s][info][gc] GC(732) Concurrent cleanup 119M->120M(128M) 0,035ms
[2021-04-30T09:23:23.846+0300][34,696s][info][gc] GC(732) Concurrent evacuation 1,381ms
[2021-04-30T09:23:23.846+0300][34,696s][info][gc] GC(732) Pause Init Update Refs 0,006ms
[2021-04-30T09:23:23.856+0300][34,706s][info][gc] GC(732) Concurrent update references 9,776ms
[2021-04-30T09:23:23.856+0300][34,706s][info][gc] GC(732) Pause Final Update Refs 0,118ms
[2021-04-30T09:23:23.857+0300][34,706s][info][gc] GC(732) Concurrent cleanup 126M->118M(128M) 0,040ms
[2021-04-30T09:23:23.858+0300][34,707s][info][gc] Trigger: Free (3420K) is below minimum threshold (13107K)
[2021-04-30T09:23:23.858+0300][34,707s][info][gc] GC(733) Concurrent reset 0,198ms
[2021-04-30T09:23:23.858+0300][34,708s][info][gc] GC(733) Pause Init Mark 0,290ms
[2021-04-30T09:23:23.875+0300][34,724s][info][gc] GC(733) Concurrent marking 16,407ms
[2021-04-30T09:23:23.876+0300][34,725s][info][gc] GC(733) Pause Final Mark 1,015ms
[2021-04-30T09:23:23.876+0300][34,726s][info][gc] GC(733) Concurrent cleanup 118M->118M(128M) 0,045ms
[2021-04-30T09:23:23.878+0300][34,727s][info][gc] GC(733) Concurrent evacuation 1,311ms
[2021-04-30T09:23:23.878+0300][34,727s][info][gc] GC(733) Pause Init Update Refs 0,006ms
[2021-04-30T09:23:23.888+0300][34,738s][info][gc] GC(733) Concurrent update references 10,558ms
[2021-04-30T09:23:23.889+0300][34,738s][info][gc] GC(733) Pause Final Update Refs 0,123ms
[2021-04-30T09:23:23.889+0300][34,738s][info][gc] GC(733) Concurrent cleanup 126M->119M(128M) 0,040ms
[2021-04-30T09:23:23.890+0300][34,739s][info][gc] Trigger: Free (2234K) is below minimum threshold (13107K)
[2021-04-30T09:23:23.890+0300][34,740s][info][gc] GC(734) Concurrent reset 0,253ms
[2021-04-30T09:23:23.891+0300][34,740s][info][gc] GC(734) Pause Init Mark 0,290ms
[2021-04-30T09:23:23.907+0300][34,756s][info][gc] GC(734) Concurrent marking 16,196ms
[2021-04-30T09:23:23.908+0300][34,758s][info][gc] GC(734) Pause Final Mark 1,105ms
[2021-04-30T09:23:23.908+0300][34,758s][info][gc] GC(734) Concurrent cleanup 119M->119M(128M) 0,039ms
[2021-04-30T09:23:23.910+0300][34,759s][info][gc] GC(734) Concurrent evacuation 1,452ms
[2021-04-30T09:23:23.910+0300][34,759s][info][gc] GC(734) Pause Init Update Refs 0,006ms
[2021-04-30T09:23:23.921+0300][34,770s][info][gc] GC(734) Concurrent update references 10,574ms
[2021-04-30T09:23:23.921+0300][34,770s][info][gc] GC(734) Pause Final Update Refs 0,116ms
[2021-04-30T09:23:23.921+0300][34,770s][info][gc] GC(734) Concurrent cleanup 125M->117M(128M) 0,049ms
[2021-04-30T09:23:23.922+0300][34,772s][info][gc] Trigger: Free (4051K) is below minimum threshold (13107K)
[2021-04-30T09:23:23.922+0300][34,772s][info][gc] GC(735) Concurrent reset 0,145ms
[2021-04-30T09:23:23.923+0300][34,772s][info][gc] GC(735) Pause Init Mark (process weakrefs) 0,179ms
[2021-04-30T09:23:23.939+0300][34,789s][info][gc] GC(735) Concurrent marking (process weakrefs) 16,201ms
[2021-04-30T09:23:23.939+0300][34,789s][info][gc] GC(735) Concurrent precleaning 0,175ms
[2021-04-30T09:23:23.941+0300][34,790s][info][gc] GC(735) Pause Final Mark (process weakrefs) 1,314ms
[2021-04-30T09:23:23.941+0300][34,790s][info][gc] GC(735) Concurrent cleanup 118M->118M(128M) 0,048ms
[2021-04-30T09:23:23.943+0300][34,792s][info][gc] GC(735) Concurrent evacuation 1,766ms
[2021-04-30T09:23:23.943+0300][34,792s][info][gc] GC(735) Pause Init Update Refs 0,006ms
[2021-04-30T09:23:23.952+0300][34,802s][info][gc] GC(735) Concurrent update references 9,463ms
[2021-04-30T09:23:23.953+0300][34,802s][info][gc] GC(735) Pause Final Update Refs 0,140ms
[2021-04-30T09:23:23.953+0300][34,802s][info][gc] GC(735) Concurrent cleanup 123M->117M(128M) 0,044ms
[2021-04-30T09:23:23.954+0300][34,803s][info][gc] Trigger: Free (3164K) is below minimum threshold (13107K)
[2021-04-30T09:23:23.954+0300][34,804s][info][gc] GC(736) Concurrent reset 0,171ms
[2021-04-30T09:23:23.955+0300][34,804s][info][gc] GC(736) Pause Init Mark 0,155ms
[2021-04-30T09:23:23.970+0300][34,819s][info][gc] GC(736) Concurrent marking 14,823ms
[2021-04-30T09:23:23.972+0300][34,821s][info][gc] GC(736) Pause Final Mark 1,123ms
[2021-04-30T09:23:23.972+0300][34,821s][info][gc] GC(736) Concurrent cleanup 119M->119M(128M) 0,042ms
[2021-04-30T09:23:23.973+0300][34,823s][info][gc] GC(736) Concurrent evacuation 1,462ms
[2021-04-30T09:23:23.974+0300][34,823s][info][gc] GC(736) Pause Init Update Refs 0,023ms
[2021-04-30T09:23:23.988+0300][34,837s][info][gc] GC(736) Concurrent update references 14,207ms
[2021-04-30T09:23:23.988+0300][34,838s][info][gc] GC(736) Pause Final Update Refs 0,075ms
[2021-04-30T09:23:23.988+0300][34,838s][info][gc] GC(736) Concurrent cleanup 124M->116M(128M) 0,040ms
[2021-04-30T09:23:23.990+0300][34,839s][info][gc] Trigger: Free (4618K) is below minimum threshold (13107K)
[2021-04-30T09:23:23.990+0300][34,839s][info][gc] GC(737) Concurrent reset 0,159ms
[2021-04-30T09:23:23.990+0300][34,840s][info][gc] GC(737) Pause Init Mark 0,140ms
[2021-04-30T09:23:24.006+0300][34,856s][info][gc] GC(737) Concurrent marking 15,977ms
[2021-04-30T09:23:24.008+0300][34,858s][info][gc] GC(737) Pause Final Mark 0,927ms
[2021-04-30T09:23:24.008+0300][34,858s][info][gc] GC(737) Concurrent cleanup 117M->117M(128M) 0,037ms
[2021-04-30T09:23:24.010+0300][34,859s][info][gc] GC(737) Concurrent evacuation 1,343ms
[2021-04-30T09:23:24.010+0300][34,859s][info][gc] GC(737) Pause Init Update Refs 0,004ms
[2021-04-30T09:23:24.021+0300][34,870s][info][gc] GC(737) Concurrent update references 10,764ms
[2021-04-30T09:23:24.021+0300][34,871s][info][gc] GC(737) Pause Final Update Refs 0,109ms
[2021-04-30T09:23:24.021+0300][34,871s][info][gc] GC(737) Concurrent cleanup 122M->116M(128M) 0,041ms
[2021-04-30T09:23:24.023+0300][34,872s][info][gc] Trigger: Free (4785K) is below minimum threshold (13107K)
[2021-04-30T09:23:24.023+0300][34,873s][info][gc] GC(738) Concurrent reset 0,662ms
[2021-04-30T09:23:24.024+0300][34,873s][info][gc] GC(738) Pause Init Mark 0,201ms
[2021-04-30T09:23:24.042+0300][34,892s][info][gc] GC(738) Concurrent marking 18,524ms
[2021-04-30T09:23:24.045+0300][34,894s][info][gc] GC(738) Pause Final Mark 1,070ms
[2021-04-30T09:23:24.045+0300][34,894s][info][gc] GC(738) Concurrent cleanup 117M->116M(128M) 0,039ms
[2021-04-30T09:23:24.046+0300][34,896s][info][gc] GC(738) Concurrent evacuation 1,406ms
[2021-04-30T09:23:24.046+0300][34,896s][info][gc] GC(738) Pause Init Update Refs 0,006ms
[2021-04-30T09:23:24.057+0300][34,906s][info][gc] GC(738) Concurrent update references 10,068ms
[2021-04-30T09:23:24.057+0300][34,906s][info][gc] GC(738) Pause Final Update Refs 0,101ms
[2021-04-30T09:23:24.057+0300][34,906s][info][gc] GC(738) Concurrent cleanup 122M->116M(128M) 0,048ms
[2021-04-30T09:23:24.058+0300][34,908s][info][gc] Trigger: Free (5038K) is below minimum threshold (13107K)
[2021-04-30T09:23:24.058+0300][34,908s][info][gc] GC(739) Concurrent reset 0,168ms
[2021-04-30T09:23:24.059+0300][34,908s][info][gc] GC(739) Pause Init Mark 0,155ms
[2021-04-30T09:23:24.078+0300][34,927s][info][gc] GC(739) Concurrent marking 19,050ms
[2021-04-30T09:23:24.080+0300][34,929s][info][gc] GC(739) Pause Final Mark 0,931ms
[2021-04-30T09:23:24.080+0300][34,929s][info][gc] GC(739) Concurrent cleanup 116M->116M(128M) 0,039ms
[2021-04-30T09:23:24.081+0300][34,931s][info][gc] GC(739) Concurrent evacuation 1,445ms
[2021-04-30T09:23:24.081+0300][34,931s][info][gc] GC(739) Pause Init Update Refs 0,007ms
[2021-04-30T09:23:24.091+0300][34,940s][info][gc] GC(739) Concurrent update references 9,255ms
[2021-04-30T09:23:24.091+0300][34,940s][info][gc] GC(739) Pause Final Update Refs 0,076ms
[2021-04-30T09:23:24.091+0300][34,941s][info][gc] GC(739) Concurrent cleanup 122M->116M(128M) 0,039ms
[2021-04-30T09:23:24.092+0300][34,942s][info][gc] Trigger: Free (5042K) is below minimum threshold (13107K)
[2021-04-30T09:23:24.093+0300][34,942s][info][gc] GC(740) Concurrent reset 0,146ms
[2021-04-30T09:23:24.093+0300][34,942s][info][gc] GC(740) Pause Init Mark (process weakrefs) 0,189ms
[2021-04-30T09:23:24.110+0300][34,960s][info][gc] GC(740) Concurrent marking (process weakrefs) 17,189ms
[2021-04-30T09:23:24.110+0300][34,960s][info][gc] GC(740) Concurrent precleaning 0,136ms
[2021-04-30T09:23:24.112+0300][34,962s][info][gc] GC(740) Pause Final Mark (process weakrefs) 1,438ms
[2021-04-30T09:23:24.113+0300][34,962s][info][gc] GC(740) Concurrent cleanup 116M->116M(128M) 0,041ms
[2021-04-30T09:23:24.114+0300][34,964s][info][gc] GC(740) Concurrent evacuation 1,495ms
[2021-04-30T09:23:24.115+0300][34,964s][info][gc] GC(740) Pause Init Update Refs 0,005ms
[2021-04-30T09:23:24.124+0300][34,973s][info][gc] GC(740) Concurrent update references 9,150ms
[2021-04-30T09:23:24.124+0300][34,974s][info][gc] GC(740) Pause Final Update Refs 0,160ms
[2021-04-30T09:23:24.125+0300][34,974s][info][gc] GC(740) Concurrent cleanup 122M->116M(128M) 0,039ms
[2021-04-30T09:23:24.126+0300][34,975s][info][gc] Trigger: Free (5042K) is below minimum threshold (13107K)
[2021-04-30T09:23:24.126+0300][34,975s][info][gc] GC(741) Concurrent reset 0,188ms
[2021-04-30T09:23:24.126+0300][34,976s][info][gc] GC(741) Pause Init Mark 0,222ms
[2021-04-30T09:23:24.141+0300][34,990s][info][gc] GC(741) Concurrent marking 14,561ms
[2021-04-30T09:23:24.143+0300][34,992s][info][gc] GC(741) Pause Final Mark 1,266ms
[2021-04-30T09:23:24.143+0300][34,993s][info][gc] GC(741) Concurrent cleanup 116M->116M(128M) 0,037ms
[2021-04-30T09:23:24.145+0300][34,994s][info][gc] GC(741) Concurrent evacuation 1,417ms
[2021-04-30T09:23:24.145+0300][34,994s][info][gc] GC(741) Pause Init Update Refs 0,006ms
[2021-04-30T09:23:24.159+0300][35,008s][info][gc] GC(741) Concurrent update references 14,103ms
[2021-04-30T09:23:24.160+0300][35,009s][info][gc] GC(741) Pause Final Update Refs 0,136ms
[2021-04-30T09:23:24.160+0300][35,009s][info][gc] GC(741) Concurrent cleanup 122M->116M(128M) 0,038ms
[2021-04-30T09:23:24.161+0300][35,010s][info][gc] Trigger: Free (5042K) is below minimum threshold (13107K)
[2021-04-30T09:23:24.161+0300][35,010s][info][gc] GC(742) Concurrent reset 0,166ms
[2021-04-30T09:23:24.161+0300][35,011s][info][gc] GC(742) Pause Init Mark 0,248ms
[2021-04-30T09:23:24.177+0300][35,026s][info][gc] GC(742) Concurrent marking 15,238ms
[2021-04-30T09:23:24.179+0300][35,028s][info][gc] GC(742) Pause Final Mark 1,172ms
[2021-04-30T09:23:24.179+0300][35,028s][info][gc] GC(742) Concurrent cleanup 116M->116M(128M) 0,037ms
[2021-04-30T09:23:24.180+0300][35,030s][info][gc] GC(742) Concurrent evacuation 1,381ms
[2021-04-30T09:23:24.180+0300][35,030s][info][gc] GC(742) Pause Init Update Refs 0,022ms
[2021-04-30T09:23:24.195+0300][35,044s][info][gc] GC(742) Concurrent update references 14,308ms
[2021-04-30T09:23:24.195+0300][35,045s][info][gc] GC(742) Pause Final Update Refs 0,087ms
[2021-04-30T09:23:24.202+0300][35,051s][info][gc] GC(742) Concurrent cleanup 122M->116M(128M) 0,116ms
[2021-04-30T09:23:24.203+0300][35,052s][info][gc] Trigger: Free (5042K) is below minimum threshold (13107K)
[2021-04-30T09:23:24.203+0300][35,053s][info][gc] GC(743) Concurrent reset 0,418ms
[2021-04-30T09:23:24.204+0300][35,054s][info][gc] GC(743) Pause Init Mark 0,434ms
[2021-04-30T09:23:24.247+0300][35,096s][info][gc] GC(743) Concurrent marking 42,640ms
[2021-04-30T09:23:24.250+0300][35,099s][info][gc] GC(743) Pause Final Mark 1,578ms
[2021-04-30T09:23:24.250+0300][35,100s][info][gc] GC(743) Concurrent cleanup 116M->116M(128M) 0,076ms
[2021-04-30T09:23:24.252+0300][35,101s][info][gc] GC(743) Concurrent evacuation 1,501ms
[2021-04-30T09:23:24.252+0300][35,102s][info][gc] GC(743) Pause Init Update Refs 0,008ms
[2021-04-30T09:23:24.263+0300][35,113s][info][gc] GC(743) Concurrent update references 10,789ms
[2021-04-30T09:23:24.264+0300][35,113s][info][gc] GC(743) Pause Final Update Refs 0,227ms
[2021-04-30T09:23:24.264+0300][35,114s][info][gc] GC(743) Concurrent cleanup 121M->116M(128M) 0,051ms
[2021-04-30T09:23:24.265+0300][35,115s][info][gc] Trigger: Free (5298K) is below minimum threshold (13107K)
[2021-04-30T09:23:24.265+0300][35,115s][info][gc] GC(744) Concurrent reset 0,164ms
[2021-04-30T09:23:24.266+0300][35,115s][info][gc] GC(744) Pause Init Mark 0,294ms
[2021-04-30T09:23:24.283+0300][35,132s][info][gc] GC(744) Concurrent marking 16,577ms
[2021-04-30T09:23:24.285+0300][35,134s][info][gc] GC(744) Pause Final Mark 1,238ms
[2021-04-30T09:23:24.285+0300][35,134s][info][gc] GC(744) Concurrent cleanup 116M->116M(128M) 0,040ms
[2021-04-30T09:23:24.286+0300][35,136s][info][gc] GC(744) Concurrent evacuation 1,402ms
[2021-04-30T09:23:24.287+0300][35,136s][info][gc] GC(744) Pause Init Update Refs 0,021ms
[2021-04-30T09:23:24.295+0300][35,145s][info][gc] GC(744) Concurrent update references 8,326ms
[2021-04-30T09:23:24.296+0300][35,145s][info][gc] GC(744) Pause Final Update Refs 0,222ms
[2021-04-30T09:23:24.296+0300][35,145s][info][gc] GC(744) Concurrent cleanup 122M->116M(128M) 0,040ms
[2021-04-30T09:23:24.297+0300][35,147s][info][gc] Trigger: Free (5038K) is below minimum threshold (13107K)
[2021-04-30T09:23:24.297+0300][35,147s][info][gc] GC(745) Concurrent reset 0,175ms
[2021-04-30T09:23:24.298+0300][35,147s][info][gc] GC(745) Pause Init Mark (process weakrefs) 0,300ms
[2021-04-30T09:23:24.316+0300][35,165s][info][gc] GC(745) Concurrent marking (process weakrefs) 17,767ms
[2021-04-30T09:23:24.316+0300][35,165s][info][gc] GC(745) Concurrent precleaning 0,079ms
[2021-04-30T09:23:24.318+0300][35,167s][info][gc] GC(745) Pause Final Mark (process weakrefs) 1,098ms
[2021-04-30T09:23:24.318+0300][35,167s][info][gc] GC(745) Concurrent cleanup 116M->116M(128M) 0,043ms
[2021-04-30T09:23:24.320+0300][35,169s][info][gc] GC(745) Concurrent evacuation 1,617ms
[2021-04-30T09:23:24.320+0300][35,169s][info][gc] GC(745) Pause Init Update Refs 0,007ms
[2021-04-30T09:23:24.331+0300][35,180s][info][gc] GC(745) Concurrent update references 10,928ms
[2021-04-30T09:23:24.331+0300][35,181s][info][gc] GC(745) Pause Final Update Refs 0,119ms
[2021-04-30T09:23:24.331+0300][35,181s][info][gc] GC(745) Concurrent cleanup 122M->115M(128M) 0,041ms
[2021-04-30T09:23:24.333+0300][35,182s][info][gc] Trigger: Free (5554K) is below minimum threshold (13107K)
[2021-04-30T09:23:24.333+0300][35,182s][info][gc] GC(746) Concurrent reset 0,122ms
[2021-04-30T09:23:24.333+0300][35,182s][info][gc] GC(746) Pause Init Mark 0,192ms
[2021-04-30T09:23:24.356+0300][35,205s][info][gc] GC(746) Concurrent marking 22,767ms
[2021-04-30T09:23:24.359+0300][35,208s][info][gc] GC(746) Pause Final Mark 0,961ms
[2021-04-30T09:23:24.359+0300][35,208s][info][gc] GC(746) Concurrent cleanup 116M->116M(128M) 0,063ms
[2021-04-30T09:23:24.361+0300][35,210s][info][gc] GC(746) Concurrent evacuation 1,780ms
[2021-04-30T09:23:24.361+0300][35,210s][info][gc] GC(746) Pause Init Update Refs 0,006ms
[2021-04-30T09:23:24.372+0300][35,221s][info][gc] GC(746) Concurrent update references 10,780ms
[2021-04-30T09:23:24.372+0300][35,221s][info][gc] GC(746) Pause Final Update Refs 0,060ms
[2021-04-30T09:23:24.372+0300][35,222s][info][gc] GC(746) Concurrent cleanup 121M->116M(128M) 0,048ms
[2021-04-30T09:23:24.373+0300][35,223s][info][gc] Trigger: Free (5299K) is below minimum threshold (13107K)
[2021-04-30T09:23:24.374+0300][35,223s][info][gc] GC(747) Concurrent reset 0,193ms
[2021-04-30T09:23:24.374+0300][35,223s][info][gc] GC(747) Pause Init Mark 0,141ms
[2021-04-30T09:23:24.393+0300][35,242s][info][gc] GC(747) Concurrent marking 18,630ms
[2021-04-30T09:23:24.395+0300][35,244s][info][gc] GC(747) Pause Final Mark 1,128ms
[2021-04-30T09:23:24.395+0300][35,244s][info][gc] GC(747) Concurrent cleanup 116M->116M(128M) 0,040ms
[2021-04-30T09:23:24.396+0300][35,246s][info][gc] GC(747) Concurrent evacuation 1,407ms
[2021-04-30T09:23:24.396+0300][35,246s][info][gc] GC(747) Pause Init Update Refs 0,004ms
[2021-04-30T09:23:24.411+0300][35,261s][info][gc] GC(747) Concurrent update references 14,993ms
[2021-04-30T09:23:24.412+0300][35,261s][info][gc] GC(747) Pause Final Update Refs 0,087ms
[2021-04-30T09:23:24.412+0300][35,261s][info][gc] GC(747) Concurrent cleanup 122M->116M(128M) 0,040ms
[2021-04-30T09:23:24.413+0300][35,263s][info][gc] Trigger: Free (5294K) is below minimum threshold (13107K)
[2021-04-30T09:23:24.413+0300][35,263s][info][gc] GC(748) Concurrent reset 0,162ms
[2021-04-30T09:23:24.414+0300][35,263s][info][gc] GC(748) Pause Init Mark 0,177ms
[2021-04-30T09:23:24.431+0300][35,280s][info][gc] GC(748) Concurrent marking 16,854ms
[2021-04-30T09:23:24.433+0300][35,282s][info][gc] GC(748) Pause Final Mark 1,184ms
[2021-04-30T09:23:24.433+0300][35,282s][info][gc] GC(748) Concurrent cleanup 116M->116M(128M) 0,039ms
[2021-04-30T09:23:24.434+0300][35,284s][info][gc] GC(748) Concurrent evacuation 1,448ms
[2021-04-30T09:23:24.435+0300][35,284s][info][gc] GC(748) Pause Init Update Refs 0,006ms
[2021-04-30T09:23:24.446+0300][35,295s][info][gc] GC(748) Concurrent update references 11,017ms
[2021-04-30T09:23:24.446+0300][35,295s][info][gc] GC(748) Pause Final Update Refs 0,081ms
[2021-04-30T09:23:24.446+0300][35,295s][info][gc] GC(748) Concurrent cleanup 121M->115M(128M) 0,040ms
[2021-04-30T09:23:24.447+0300][35,297s][info][gc] Trigger: Free (5518K) is below minimum threshold (13107K)
[2021-04-30T09:23:24.447+0300][35,297s][info][gc] GC(749) Concurrent reset 0,180ms
[2021-04-30T09:23:24.448+0300][35,297s][info][gc] GC(749) Pause Init Mark 0,189ms
[2021-04-30T09:23:24.471+0300][35,320s][info][gc] GC(749) Concurrent marking 22,984ms
[2021-04-30T09:23:24.473+0300][35,323s][info][gc] GC(749) Pause Final Mark 1,656ms
[2021-04-30T09:23:24.473+0300][35,323s][info][gc] GC(749) Concurrent cleanup 116M->116M(128M) 0,038ms
[2021-04-30T09:23:24.475+0300][35,325s][info][gc] GC(749) Concurrent evacuation 1,621ms
[2021-04-30T09:23:24.476+0300][35,325s][info][gc] GC(749) Pause Init Update Refs 0,006ms
[2021-04-30T09:23:24.490+0300][35,340s][info][gc] GC(749) Concurrent update references 14,777ms
[2021-04-30T09:23:24.491+0300][35,340s][info][gc] GC(749) Pause Final Update Refs 0,064ms
[2021-04-30T09:23:24.491+0300][35,340s][info][gc] GC(749) Concurrent cleanup 121M->116M(128M) 0,037ms
[2021-04-30T09:23:24.492+0300][35,342s][info][gc] Trigger: Free (5299K) is below minimum threshold (13107K)
[2021-04-30T09:23:24.492+0300][35,342s][info][gc] GC(750) Concurrent reset 0,218ms
[2021-04-30T09:23:24.493+0300][35,342s][info][gc] GC(750) Pause Init Mark (process weakrefs) 0,146ms
[2021-04-30T09:23:24.512+0300][35,361s][info][gc] GC(750) Concurrent marking (process weakrefs) 19,228ms
[2021-04-30T09:23:24.512+0300][35,362s][info][gc] GC(750) Concurrent precleaning 0,088ms
[2021-04-30T09:23:24.514+0300][35,364s][info][gc] GC(750) Pause Final Mark (process weakrefs) 1,211ms
[2021-04-30T09:23:24.514+0300][35,364s][info][gc] GC(750) Concurrent cleanup 116M->116M(128M) 0,044ms
[2021-04-30T09:23:24.516+0300][35,365s][info][gc] GC(750) Concurrent evacuation 1,704ms
[2021-04-30T09:23:24.516+0300][35,366s][info][gc] GC(750) Pause Init Update Refs 0,006ms
[2021-04-30T09:23:24.527+0300][35,377s][info][gc] GC(750) Concurrent update references 10,860ms
[2021-04-30T09:23:24.528+0300][35,377s][info][gc] GC(750) Pause Final Update Refs 0,105ms
[2021-04-30T09:23:24.528+0300][35,377s][info][gc] GC(750) Concurrent cleanup 122M->115M(128M) 0,042ms
[2021-04-30T09:23:24.529+0300][35,378s][info][gc] Trigger: Free (5550K) is below minimum threshold (13107K)
[2021-04-30T09:23:24.529+0300][35,379s][info][gc] GC(751) Concurrent reset 0,199ms
[2021-04-30T09:23:24.530+0300][35,379s][info][gc] GC(751) Pause Init Mark 0,215ms
[2021-04-30T09:23:24.548+0300][35,397s][info][gc] GC(751) Concurrent marking 17,900ms
[2021-04-30T09:23:24.550+0300][35,400s][info][gc] GC(751) Pause Final Mark 1,359ms
[2021-04-30T09:23:24.551+0300][35,400s][info][gc] GC(751) Concurrent cleanup 116M->116M(128M) 0,050ms
[2021-04-30T09:23:24.553+0300][35,402s][info][gc] GC(751) Concurrent evacuation 2,173ms
[2021-04-30T09:23:24.553+0300][35,403s][info][gc] GC(751) Pause Init Update Refs 0,014ms
[2021-04-30T09:23:24.569+0300][35,418s][info][gc] GC(751) Concurrent update references 15,285ms
[2021-04-30T09:23:24.569+0300][35,419s][info][gc] GC(751) Pause Final Update Refs 0,142ms
[2021-04-30T09:23:24.569+0300][35,419s][info][gc] GC(751) Concurrent cleanup 121M->115M(128M) 0,041ms
[2021-04-30T09:23:24.571+0300][35,420s][info][gc] Trigger: Free (5811K) is below minimum threshold (13107K)
[2021-04-30T09:23:24.571+0300][35,420s][info][gc] GC(752) Concurrent reset 0,179ms
[2021-04-30T09:23:24.571+0300][35,421s][info][gc] GC(752) Pause Init Mark 0,275ms
[2021-04-30T09:23:24.597+0300][35,446s][info][gc] GC(752) Concurrent marking 25,597ms
[2021-04-30T09:23:24.599+0300][35,449s][info][gc] GC(752) Pause Final Mark 1,230ms
[2021-04-30T09:23:24.599+0300][35,449s][info][gc] GC(752) Concurrent cleanup 116M->116M(128M) 0,170ms
[2021-04-30T09:23:24.601+0300][35,450s][info][gc] GC(752) Concurrent evacuation 1,622ms
[2021-04-30T09:23:24.602+0300][35,451s][info][gc] GC(752) Pause Init Update Refs 0,007ms
[2021-04-30T09:23:24.612+0300][35,462s][info][gc] GC(752) Concurrent update references 10,672ms
[2021-04-30T09:23:24.613+0300][35,462s][info][gc] GC(752) Pause Final Update Refs 0,107ms
[2021-04-30T09:23:24.613+0300][35,462s][info][gc] GC(752) Concurrent cleanup 121M->116M(128M) 0,038ms
[2021-04-30T09:23:24.614+0300][35,463s][info][gc] Trigger: Free (5295K) is below minimum threshold (13107K)
[2021-04-30T09:23:24.614+0300][35,463s][info][gc] GC(753) Concurrent reset 0,127ms
[2021-04-30T09:23:24.614+0300][35,464s][info][gc] GC(753) Pause Init Mark 0,139ms
[2021-04-30T09:23:24.631+0300][35,480s][info][gc] GC(753) Concurrent marking 16,599ms
[2021-04-30T09:23:24.633+0300][35,482s][info][gc] GC(753) Pause Final Mark 1,127ms
[2021-04-30T09:23:24.633+0300][35,482s][info][gc] GC(753) Concurrent cleanup 116M->116M(128M) 0,040ms
[2021-04-30T09:23:24.634+0300][35,484s][info][gc] GC(753) Concurrent evacuation 1,510ms
[2021-04-30T09:23:24.635+0300][35,484s][info][gc] GC(753) Pause Init Update Refs 0,006ms
[2021-04-30T09:23:24.643+0300][35,493s][info][gc] GC(753) Concurrent update references 8,539ms
[2021-04-30T09:23:24.644+0300][35,493s][info][gc] GC(753) Pause Final Update Refs 0,093ms
[2021-04-30T09:23:24.644+0300][35,493s][info][gc] GC(753) Concurrent cleanup 122M->115M(128M) 0,039ms
[2021-04-30T09:23:24.645+0300][35,495s][info][gc] Trigger: Free (5550K) is below minimum threshold (13107K)
[2021-04-30T09:23:24.645+0300][35,495s][info][gc] GC(754) Concurrent reset 0,189ms
[2021-04-30T09:23:24.646+0300][35,495s][info][gc] GC(754) Pause Init Mark 0,174ms
[2021-04-30T09:23:24.662+0300][35,512s][info][gc] GC(754) Concurrent marking 16,469ms
[2021-04-30T09:23:24.664+0300][35,514s][info][gc] GC(754) Pause Final Mark 1,138ms
[2021-04-30T09:23:24.665+0300][35,514s][info][gc] GC(754) Concurrent cleanup 116M->116M(128M) 0,042ms
[2021-04-30T09:23:24.666+0300][35,515s][info][gc] GC(754) Concurrent evacuation 1,421ms
[2021-04-30T09:23:24.666+0300][35,516s][info][gc] GC(754) Pause Init Update Refs 0,021ms
[2021-04-30T09:23:24.675+0300][35,524s][info][gc] GC(754) Concurrent update references 8,229ms
[2021-04-30T09:23:24.675+0300][35,525s][info][gc] GC(754) Pause Final Update Refs 0,094ms
[2021-04-30T09:23:24.676+0300][35,525s][info][gc] GC(754) Concurrent cleanup 121M->115M(128M) 0,040ms
[2021-04-30T09:23:24.677+0300][35,526s][info][gc] Trigger: Free (5811K) is below minimum threshold (13107K)
[2021-04-30T09:23:24.677+0300][35,526s][info][gc] GC(755) Concurrent reset 0,152ms
[2021-04-30T09:23:24.677+0300][35,527s][info][gc] GC(755) Pause Init Mark (process weakrefs) 0,149ms
[2021-04-30T09:23:24.694+0300][35,543s][info][gc] GC(755) Concurrent marking (process weakrefs) 16,560ms
[2021-04-30T09:23:24.694+0300][35,543s][info][gc] GC(755) Concurrent precleaning 0,118ms
[2021-04-30T09:23:24.696+0300][35,545s][info][gc] GC(755) Pause Final Mark (process weakrefs) 1,152ms
[2021-04-30T09:23:24.696+0300][35,545s][info][gc] GC(755) Concurrent cleanup 116M->116M(128M) 0,039ms
[2021-04-30T09:23:24.697+0300][35,547s][info][gc] GC(755) Concurrent evacuation 1,376ms
[2021-04-30T09:23:24.698+0300][35,547s][info][gc] GC(755) Pause Init Update Refs 0,021ms
[2021-04-30T09:23:24.706+0300][35,556s][info][gc] GC(755) Concurrent update references 8,410ms
[2021-04-30T09:23:24.707+0300][35,556s][info][gc] GC(755) Pause Final Update Refs 0,071ms
[2021-04-30T09:23:24.707+0300][35,556s][info][gc] GC(755) Concurrent cleanup 121M->115M(128M) 0,041ms
[2021-04-30T09:23:24.708+0300][35,557s][info][gc] Trigger: Free (5807K) is below minimum threshold (13107K)
[2021-04-30T09:23:24.708+0300][35,558s][info][gc] GC(756) Concurrent reset 0,198ms
[2021-04-30T09:23:24.709+0300][35,558s][info][gc] GC(756) Pause Init Mark 0,159ms
[2021-04-30T09:23:24.726+0300][35,575s][info][gc] GC(756) Concurrent marking 16,895ms
[2021-04-30T09:23:24.728+0300][35,577s][info][gc] GC(756) Pause Final Mark 1,205ms
[2021-04-30T09:23:24.728+0300][35,577s][info][gc] GC(756) Concurrent cleanup 116M->116M(128M) 0,040ms
[2021-04-30T09:23:24.729+0300][35,579s][info][gc] GC(756) Concurrent evacuation 1,438ms
[2021-04-30T09:23:24.730+0300][35,579s][info][gc] GC(756) Pause Init Update Refs 0,021ms
[2021-04-30T09:23:24.740+0300][35,590s][info][gc] GC(756) Concurrent update references 10,367ms
[2021-04-30T09:23:24.741+0300][35,590s][info][gc] GC(756) Pause Final Update Refs 0,101ms
[2021-04-30T09:23:24.741+0300][35,590s][info][gc] GC(756) Concurrent cleanup 121M->115M(128M) 0,040ms
[2021-04-30T09:23:24.742+0300][35,591s][info][gc] Trigger: Free (5807K) is below minimum threshold (13107K)
[2021-04-30T09:23:24.742+0300][35,592s][info][gc] GC(757) Concurrent reset 0,184ms
[2021-04-30T09:23:24.743+0300][35,592s][info][gc] GC(757) Pause Init Mark 0,162ms
[2021-04-30T09:23:24.758+0300][35,608s][info][gc] GC(757) Concurrent marking 15,692ms
[2021-04-30T09:23:24.760+0300][35,610s][info][gc] GC(757) Pause Final Mark 1,093ms
[2021-04-30T09:23:24.761+0300][35,610s][info][gc] GC(757) Concurrent cleanup 116M->116M(128M) 0,040ms
[2021-04-30T09:23:24.762+0300][35,611s][info][gc] GC(757) Concurrent evacuation 1,404ms
[2021-04-30T09:23:24.762+0300][35,612s][info][gc] GC(757) Pause Init Update Refs 0,022ms
[2021-04-30T09:23:24.772+0300][35,621s][info][gc] GC(757) Concurrent update references 9,331ms
[2021-04-30T09:23:24.772+0300][35,622s][info][gc] GC(757) Pause Final Update Refs 0,093ms
[2021-04-30T09:23:24.773+0300][35,622s][info][gc] GC(757) Concurrent cleanup 121M->115M(128M) 0,048ms
[2021-04-30T09:23:24.774+0300][35,623s][info][gc] Trigger: Free (6063K) is below minimum threshold (13107K)
[2021-04-30T09:23:24.774+0300][35,623s][info][gc] GC(758) Concurrent reset 0,159ms
[2021-04-30T09:23:24.774+0300][35,624s][info][gc] GC(758) Pause Init Mark 0,143ms
[2021-04-30T09:23:24.789+0300][35,639s][info][gc] GC(758) Concurrent marking 14,864ms
[2021-04-30T09:23:24.791+0300][35,640s][info][gc] GC(758) Pause Final Mark 0,926ms
[2021-04-30T09:23:24.791+0300][35,641s][info][gc] GC(758) Concurrent cleanup 115M->115M(128M) 0,049ms
[2021-04-30T09:23:24.792+0300][35,642s][info][gc] GC(758) Concurrent evacuation 1,389ms
[2021-04-30T09:23:24.793+0300][35,642s][info][gc] GC(758) Pause Init Update Refs 0,005ms
[2021-04-30T09:23:24.803+0300][35,653s][info][gc] GC(758) Concurrent update references 10,018ms
[2021-04-30T09:23:24.804+0300][35,653s][info][gc] GC(758) Pause Final Update Refs 0,093ms
[2021-04-30T09:23:24.804+0300][35,653s][info][gc] GC(758) Concurrent cleanup 120M->115M(128M) 0,040ms
[2021-04-30T09:23:24.805+0300][35,654s][info][gc] Trigger: Free (6069K) is below minimum threshold (13107K)
[2021-04-30T09:23:24.805+0300][35,654s][info][gc] GC(759) Concurrent reset 0,152ms
[2021-04-30T09:23:24.805+0300][35,655s][info][gc] GC(759) Pause Init Mark 0,148ms
[2021-04-30T09:23:24.821+0300][35,671s][info][gc] GC(759) Concurrent marking 16,037ms
[2021-04-30T09:23:24.824+0300][35,673s][info][gc] GC(759) Pause Final Mark 0,959ms
[2021-04-30T09:23:24.824+0300][35,674s][info][gc] GC(759) Concurrent cleanup 115M->115M(128M) 0,044ms
[2021-04-30T09:23:24.826+0300][35,676s][info][gc] GC(759) Concurrent evacuation 1,944ms
[2021-04-30T09:23:24.827+0300][35,676s][info][gc] GC(759) Pause Init Update Refs 0,007ms
[2021-04-30T09:23:24.836+0300][35,685s][info][gc] GC(759) Concurrent update references 9,064ms
[2021-04-30T09:23:24.837+0300][35,686s][info][gc] GC(759) Pause Final Update Refs 0,223ms
[2021-04-30T09:23:24.837+0300][35,686s][info][gc] GC(759) Concurrent cleanup 121M->115M(128M) 0,041ms
[2021-04-30T09:23:24.838+0300][35,688s][info][gc] Trigger: Free (5813K) is below minimum threshold (13107K)
[2021-04-30T09:23:24.838+0300][35,688s][info][gc] GC(760) Concurrent reset 0,216ms
[2021-04-30T09:23:24.839+0300][35,688s][info][gc] GC(760) Pause Init Mark (process weakrefs) 0,203ms
[2021-04-30T09:23:24.865+0300][35,714s][info][gc] GC(760) Concurrent marking (process weakrefs) 25,998ms
[2021-04-30T09:23:24.865+0300][35,714s][info][gc] GC(760) Concurrent precleaning 0,099ms
[2021-04-30T09:23:24.867+0300][35,717s][info][gc] GC(760) Pause Final Mark (process weakrefs) 1,163ms
[2021-04-30T09:23:24.868+0300][35,717s][info][gc] GC(760) Concurrent cleanup 116M->116M(128M) 0,044ms
[2021-04-30T09:23:24.869+0300][35,718s][info][gc] GC(760) Concurrent evacuation 1,404ms
[2021-04-30T09:23:24.869+0300][35,719s][info][gc] GC(760) Pause Init Update Refs 0,021ms
[2021-04-30T09:23:24.879+0300][35,729s][info][gc] GC(760) Concurrent update references 9,920ms
[2021-04-30T09:23:24.880+0300][35,729s][info][gc] GC(760) Pause Final Update Refs 0,093ms
[2021-04-30T09:23:24.880+0300][35,729s][info][gc] GC(760) Concurrent cleanup 121M->115M(128M) 0,039ms
[2021-04-30T09:23:24.881+0300][35,731s][info][gc] Trigger: Free (6063K) is below minimum threshold (13107K)
[2021-04-30T09:23:24.881+0300][35,731s][info][gc] GC(761) Concurrent reset 0,116ms
[2021-04-30T09:23:24.882+0300][35,731s][info][gc] GC(761) Pause Init Mark 0,208ms
[2021-04-30T09:23:24.901+0300][35,750s][info][gc] GC(761) Concurrent marking 18,552ms
[2021-04-30T09:23:24.902+0300][35,752s][info][gc] GC(761) Pause Final Mark 0,910ms
[2021-04-30T09:23:24.902+0300][35,752s][info][gc] GC(761) Concurrent cleanup 115M->115M(128M) 0,052ms
[2021-04-30T09:23:24.904+0300][35,753s][info][gc] GC(761) Concurrent evacuation 1,463ms
[2021-04-30T09:23:24.905+0300][35,754s][info][gc] GC(761) Pause Init Update Refs 0,007ms
[2021-04-30T09:23:24.914+0300][35,764s][info][gc] GC(761) Concurrent update references 9,448ms
[2021-04-30T09:23:24.914+0300][35,764s][info][gc] GC(761) Pause Final Update Refs 0,059ms
[2021-04-30T09:23:24.915+0300][35,764s][info][gc] GC(761) Concurrent cleanup 121M->115M(128M) 0,046ms
[2021-04-30T09:23:24.916+0300][35,765s][info][gc] Trigger: Free (6069K) is below minimum threshold (13107K)
[2021-04-30T09:23:24.916+0300][35,765s][info][gc] GC(762) Concurrent reset 0,113ms
[2021-04-30T09:23:24.916+0300][35,765s][info][gc] GC(762) Pause Init Mark 0,137ms
[2021-04-30T09:23:24.932+0300][35,781s][info][gc] GC(762) Concurrent marking 15,853ms
[2021-04-30T09:23:24.934+0300][35,783s][info][gc] GC(762) Pause Final Mark 0,975ms
[2021-04-30T09:23:24.934+0300][35,783s][info][gc] GC(762) Concurrent cleanup 115M->115M(128M) 0,041ms
[2021-04-30T09:23:24.935+0300][35,785s][info][gc] GC(762) Concurrent evacuation 1,426ms
[2021-04-30T09:23:24.935+0300][35,785s][info][gc] GC(762) Pause Init Update Refs 0,005ms
[2021-04-30T09:23:24.947+0300][35,796s][info][gc] GC(762) Concurrent update references 11,215ms
[2021-04-30T09:23:24.947+0300][35,797s][info][gc] GC(762) Pause Final Update Refs 0,155ms
[2021-04-30T09:23:24.947+0300][35,797s][info][gc] GC(762) Concurrent cleanup 121M->115M(128M) 0,042ms
[2021-04-30T09:23:24.949+0300][35,798s][info][gc] Trigger: Free (6325K) is below minimum threshold (13107K)
[2021-04-30T09:23:24.949+0300][35,798s][info][gc] GC(763) Concurrent reset 0,157ms
[2021-04-30T09:23:24.949+0300][35,798s][info][gc] GC(763) Pause Init Mark 0,152ms
[2021-04-30T09:23:24.971+0300][35,820s][info][gc] GC(763) Concurrent marking 21,627ms
[2021-04-30T09:23:24.973+0300][35,823s][info][gc] GC(763) Pause Final Mark 1,155ms
[2021-04-30T09:23:24.973+0300][35,823s][info][gc] GC(763) Concurrent cleanup 115M->115M(128M) 0,040ms
[2021-04-30T09:23:24.975+0300][35,824s][info][gc] GC(763) Concurrent evacuation 1,343ms
[2021-04-30T09:23:24.975+0300][35,825s][info][gc] GC(763) Pause Init Update Refs 0,006ms
[2021-04-30T09:23:24.984+0300][35,833s][info][gc] GC(763) Concurrent update references 8,601ms
[2021-04-30T09:23:24.985+0300][35,834s][info][gc] GC(763) Pause Final Update Refs 0,217ms
[2021-04-30T09:23:24.985+0300][35,834s][info][gc] GC(763) Concurrent cleanup 120M->115M(128M) 0,039ms
[2021-04-30T09:23:24.986+0300][35,835s][info][gc] Trigger: Free (6322K) is below minimum threshold (13107K)
[2021-04-30T09:23:24.986+0300][35,835s][info][gc] GC(764) Concurrent reset 0,149ms
[2021-04-30T09:23:24.987+0300][35,836s][info][gc] GC(764) Pause Init Mark 0,286ms
[2021-04-30T09:23:25.002+0300][35,852s][info][gc] GC(764) Concurrent marking 15,410ms
[2021-04-30T09:23:25.004+0300][35,853s][info][gc] GC(764) Pause Final Mark 0,857ms
[2021-04-30T09:23:25.004+0300][35,853s][info][gc] GC(764) Concurrent cleanup 115M->115M(128M) 0,041ms
[2021-04-30T09:23:25.005+0300][35,855s][info][gc] GC(764) Concurrent evacuation 1,436ms
[2021-04-30T09:23:25.006+0300][35,855s][info][gc] GC(764) Pause Init Update Refs 0,006ms
[2021-04-30T09:23:25.020+0300][35,869s][info][gc] GC(764) Concurrent update references 14,092ms
[2021-04-30T09:23:25.020+0300][35,870s][info][gc] GC(764) Pause Final Update Refs 0,073ms
[2021-04-30T09:23:25.020+0300][35,870s][info][gc] GC(764) Concurrent cleanup 120M->115M(128M) 0,040ms
[2021-04-30T09:23:25.021+0300][35,871s][info][gc] Trigger: Free (6322K) is below minimum threshold (13107K)
[2021-04-30T09:23:25.022+0300][35,871s][info][gc] GC(765) Concurrent reset 0,161ms
[2021-04-30T09:23:25.022+0300][35,871s][info][gc] GC(765) Pause Init Mark (process weakrefs) 0,158ms
[2021-04-30T09:23:25.037+0300][35,886s][info][gc] GC(765) Concurrent marking (process weakrefs) 14,727ms
[2021-04-30T09:23:25.037+0300][35,886s][info][gc] GC(765) Concurrent precleaning 0,140ms
[2021-04-30T09:23:25.039+0300][35,888s][info][gc] GC(765) Pause Final Mark (process weakrefs) 1,038ms
[2021-04-30T09:23:25.039+0300][35,888s][info][gc] GC(765) Concurrent cleanup 115M->115M(128M) 0,045ms
[2021-04-30T09:23:25.040+0300][35,890s][info][gc] GC(765) Concurrent evacuation 1,406ms
[2021-04-30T09:23:25.041+0300][35,890s][info][gc] GC(765) Pause Init Update Refs 0,006ms
[2021-04-30T09:23:25.051+0300][35,900s][info][gc] GC(765) Concurrent update references 9,967ms
[2021-04-30T09:23:25.051+0300][35,901s][info][gc] GC(765) Pause Final Update Refs 0,096ms
[2021-04-30T09:23:25.051+0300][35,901s][info][gc] GC(765) Concurrent cleanup 120M->114M(128M) 0,040ms
[2021-04-30T09:23:25.053+0300][35,902s][info][gc] Trigger: Free (6578K) is below minimum threshold (13107K)
[2021-04-30T09:23:25.053+0300][35,902s][info][gc] GC(766) Concurrent reset 0,178ms
[2021-04-30T09:23:25.053+0300][35,903s][info][gc] GC(766) Pause Init Mark 0,145ms
[2021-04-30T09:23:25.070+0300][35,919s][info][gc] GC(766) Concurrent marking 16,416ms
[2021-04-30T09:23:25.072+0300][35,921s][info][gc] GC(766) Pause Final Mark 1,132ms
[2021-04-30T09:23:25.072+0300][35,921s][info][gc] GC(766) Concurrent cleanup 115M->115M(128M) 0,040ms
[2021-04-30T09:23:25.073+0300][35,923s][info][gc] GC(766) Concurrent evacuation 1,462ms
[2021-04-30T09:23:25.074+0300][35,923s][info][gc] GC(766) Pause Init Update Refs 0,021ms
[2021-04-30T09:23:25.082+0300][35,932s][info][gc] GC(766) Concurrent update references 8,281ms
[2021-04-30T09:23:25.083+0300][35,932s][info][gc] GC(766) Pause Final Update Refs 0,094ms
[2021-04-30T09:23:25.083+0300][35,932s][info][gc] GC(766) Concurrent cleanup 120M->115M(128M) 0,040ms
[2021-04-30T09:23:25.084+0300][35,933s][info][gc] Trigger: Free (6319K) is below minimum threshold (13107K)
[2021-04-30T09:23:25.084+0300][35,934s][info][gc] GC(767) Concurrent reset 0,171ms
[2021-04-30T09:23:25.085+0300][35,934s][info][gc] GC(767) Pause Init Mark 0,295ms
[2021-04-30T09:23:25.101+0300][35,951s][info][gc] GC(767) Concurrent marking 16,535ms
[2021-04-30T09:23:25.104+0300][35,953s][info][gc] GC(767) Pause Final Mark 1,140ms
[2021-04-30T09:23:25.104+0300][35,953s][info][gc] GC(767) Concurrent cleanup 115M->115M(128M) 0,041ms
[2021-04-30T09:23:25.105+0300][35,955s][info][gc] GC(767) Concurrent evacuation 1,475ms
[2021-04-30T09:23:25.106+0300][35,955s][info][gc] GC(767) Pause Init Update Refs 0,005ms
[2021-04-30T09:23:25.117+0300][35,966s][info][gc] GC(767) Concurrent update references 11,328ms
[2021-04-30T09:23:25.117+0300][35,967s][info][gc] GC(767) Pause Final Update Refs 0,079ms
[2021-04-30T09:23:25.117+0300][35,967s][info][gc] GC(767) Concurrent cleanup 120M->114M(128M) 0,040ms
[2021-04-30T09:23:25.118+0300][35,968s][info][gc] Trigger: Free (6578K) is below minimum threshold (13107K)
[2021-04-30T09:23:25.119+0300][35,968s][info][gc] GC(768) Concurrent reset 0,168ms
[2021-04-30T09:23:25.119+0300][35,968s][info][gc] GC(768) Pause Init Mark 0,145ms
[2021-04-30T09:23:25.138+0300][35,987s][info][gc] GC(768) Concurrent marking 18,744ms
[2021-04-30T09:23:25.140+0300][35,989s][info][gc] GC(768) Pause Final Mark 1,005ms
[2021-04-30T09:23:25.140+0300][35,989s][info][gc] GC(768) Concurrent cleanup 115M->115M(128M) 0,039ms
[2021-04-30T09:23:25.143+0300][35,993s][info][gc] GC(768) Concurrent evacuation 3,431ms
[2021-04-30T09:23:25.144+0300][35,993s][info][gc] GC(768) Pause Init Update Refs 0,010ms
[2021-04-30T09:23:25.153+0300][36,002s][info][gc] GC(768) Concurrent update references 8,982ms
[2021-04-30T09:23:25.153+0300][36,003s][info][gc] GC(768) Pause Final Update Refs 0,128ms
[2021-04-30T09:23:25.153+0300][36,003s][info][gc] GC(768) Concurrent cleanup 120M->115M(128M) 0,041ms
[2021-04-30T09:23:25.155+0300][36,004s][info][gc] Trigger: Free (6319K) is below minimum threshold (13107K)
[2021-04-30T09:23:25.155+0300][36,005s][info][gc] GC(769) Concurrent reset 0,428ms
[2021-04-30T09:23:25.156+0300][36,005s][info][gc] GC(769) Pause Init Mark 0,447ms
[2021-04-30T09:23:25.174+0300][36,023s][info][gc] GC(769) Concurrent marking 17,860ms
[2021-04-30T09:23:25.176+0300][36,025s][info][gc] GC(769) Pause Final Mark 0,996ms
[2021-04-30T09:23:25.176+0300][36,025s][info][gc] GC(769) Concurrent cleanup 115M->115M(128M) 0,055ms
[2021-04-30T09:23:25.178+0300][36,027s][info][gc] GC(769) Concurrent evacuation 1,859ms
[2021-04-30T09:23:25.178+0300][36,027s][info][gc] GC(769) Pause Init Update Refs 0,006ms
[2021-04-30T09:23:25.190+0300][36,039s][info][gc] GC(769) Concurrent update references 11,977ms
[2021-04-30T09:23:25.190+0300][36,040s][info][gc] GC(769) Pause Final Update Refs 0,141ms
[2021-04-30T09:23:25.191+0300][36,040s][info][gc] GC(769) Concurrent cleanup 120M->114M(128M) 0,196ms
[2021-04-30T09:23:25.192+0300][36,042s][info][gc] Trigger: Free (6578K) is below minimum threshold (13107K)
[2021-04-30T09:23:25.192+0300][36,042s][info][gc] GC(770) Concurrent reset 0,123ms
[2021-04-30T09:23:25.193+0300][36,042s][info][gc] GC(770) Pause Init Mark (process weakrefs) 0,280ms
[2021-04-30T09:23:25.210+0300][36,059s][info][gc] GC(770) Concurrent marking (process weakrefs) 17,033ms
[2021-04-30T09:23:25.210+0300][36,060s][info][gc] GC(770) Concurrent precleaning 0,145ms
[2021-04-30T09:23:25.212+0300][36,061s][info][gc] GC(770) Pause Final Mark (process weakrefs) 0,962ms
[2021-04-30T09:23:25.212+0300][36,061s][info][gc] GC(770) Concurrent cleanup 115M->115M(128M) 0,040ms
[2021-04-30T09:23:25.213+0300][36,063s][info][gc] GC(770) Concurrent evacuation 1,332ms
[2021-04-30T09:23:25.214+0300][36,063s][info][gc] GC(770) Pause Init Update Refs 0,006ms
[2021-04-30T09:23:25.222+0300][36,072s][info][gc] GC(770) Concurrent update references 8,606ms
[2021-04-30T09:23:25.223+0300][36,072s][info][gc] GC(770) Pause Final Update Refs 0,057ms
[2021-04-30T09:23:25.223+0300][36,073s][info][gc] GC(770) Concurrent cleanup 120M->115M(128M) 0,043ms
[2021-04-30T09:23:25.224+0300][36,074s][info][gc] Trigger: Free (6319K) is below minimum threshold (13107K)
[2021-04-30T09:23:25.225+0300][36,074s][info][gc] GC(771) Concurrent reset 0,191ms
[2021-04-30T09:23:25.225+0300][36,074s][info][gc] GC(771) Pause Init Mark 0,170ms
[2021-04-30T09:23:25.242+0300][36,091s][info][gc] GC(771) Concurrent marking 16,546ms
[2021-04-30T09:23:25.244+0300][36,093s][info][gc] GC(771) Pause Final Mark 1,325ms
[2021-04-30T09:23:25.244+0300][36,093s][info][gc] GC(771) Concurrent cleanup 115M->115M(128M) 0,041ms
[2021-04-30T09:23:25.246+0300][36,095s][info][gc] GC(771) Concurrent evacuation 1,659ms
[2021-04-30T09:23:25.246+0300][36,095s][info][gc] GC(771) Pause Init Update Refs 0,006ms
[2021-04-30T09:23:25.256+0300][36,106s][info][gc] GC(771) Concurrent update references 10,490ms
[2021-04-30T09:23:25.257+0300][36,107s][info][gc] GC(771) Pause Final Update Refs 0,095ms
[2021-04-30T09:23:25.257+0300][36,107s][info][gc] GC(771) Concurrent cleanup 121M->114M(128M) 0,040ms
[2021-04-30T09:23:25.258+0300][36,108s][info][gc] Trigger: Free (6578K) is below minimum threshold (13107K)
[2021-04-30T09:23:25.258+0300][36,108s][info][gc] GC(772) Concurrent reset 0,175ms
[2021-04-30T09:23:25.259+0300][36,108s][info][gc] GC(772) Pause Init Mark 0,226ms
[2021-04-30T09:23:25.279+0300][36,129s][info][gc] GC(772) Concurrent marking 20,414ms
[2021-04-30T09:23:25.281+0300][36,131s][info][gc] GC(772) Pause Final Mark 1,011ms
[2021-04-30T09:23:25.281+0300][36,131s][info][gc] GC(772) Concurrent cleanup 115M->115M(128M) 0,039ms
[2021-04-30T09:23:25.283+0300][36,132s][info][gc] GC(772) Concurrent evacuation 1,348ms
[2021-04-30T09:23:25.283+0300][36,133s][info][gc] GC(772) Pause Init Update Refs 0,005ms
[2021-04-30T09:23:25.291+0300][36,141s][info][gc] GC(772) Concurrent update references 8,278ms
[2021-04-30T09:23:25.292+0300][36,141s][info][gc] GC(772) Pause Final Update Refs 0,079ms
[2021-04-30T09:23:25.292+0300][36,141s][info][gc] GC(772) Concurrent cleanup 120M->114M(128M) 0,048ms
[2021-04-30T09:23:25.293+0300][36,143s][info][gc] Trigger: Free (6575K) is below minimum threshold (13107K)
[2021-04-30T09:23:25.293+0300][36,143s][info][gc] GC(773) Concurrent reset 0,155ms
[2021-04-30T09:23:25.294+0300][36,143s][info][gc] GC(773) Pause Init Mark 0,136ms
[2021-04-30T09:23:25.308+0300][36,158s][info][gc] GC(773) Concurrent marking 14,646ms
[2021-04-30T09:23:25.310+0300][36,160s][info][gc] GC(773) Pause Final Mark 0,986ms
[2021-04-30T09:23:25.310+0300][36,160s][info][gc] GC(773) Concurrent cleanup 115M->115M(128M) 0,041ms
[2021-04-30T09:23:25.312+0300][36,161s][info][gc] GC(773) Concurrent evacuation 1,349ms
[2021-04-30T09:23:25.312+0300][36,161s][info][gc] GC(773) Pause Init Update Refs 0,005ms
[2021-04-30T09:23:25.320+0300][36,170s][info][gc] GC(773) Concurrent update references 8,214ms
[2021-04-30T09:23:25.321+0300][36,170s][info][gc] GC(773) Pause Final Update Refs 0,074ms
[2021-04-30T09:23:25.321+0300][36,170s][info][gc] GC(773) Concurrent cleanup 120M->114M(128M) 0,049ms
[2021-04-30T09:23:25.322+0300][36,171s][info][gc] Trigger: Free (6831K) is below minimum threshold (13107K)
[2021-04-30T09:23:25.322+0300][36,172s][info][gc] GC(774) Concurrent reset 0,158ms
[2021-04-30T09:23:25.322+0300][36,172s][info][gc] GC(774) Pause Init Mark 0,136ms
[2021-04-30T09:23:25.337+0300][36,186s][info][gc] GC(774) Concurrent marking 14,436ms
[2021-04-30T09:23:25.339+0300][36,188s][info][gc] GC(774) Pause Final Mark 1,024ms
[2021-04-30T09:23:25.339+0300][36,188s][info][gc] GC(774) Concurrent cleanup 115M->115M(128M) 0,039ms
[2021-04-30T09:23:25.340+0300][36,190s][info][gc] GC(774) Concurrent evacuation 1,364ms
[2021-04-30T09:23:25.340+0300][36,190s][info][gc] GC(774) Pause Init Update Refs 0,005ms
[2021-04-30T09:23:25.349+0300][36,198s][info][gc] GC(774) Concurrent update references 8,199ms
[2021-04-30T09:23:25.349+0300][36,199s][info][gc] GC(774) Pause Final Update Refs 0,080ms
[2021-04-30T09:23:25.349+0300][36,199s][info][gc] GC(774) Concurrent cleanup 120M->114M(128M) 0,047ms
[2021-04-30T09:23:25.350+0300][36,200s][info][gc] Trigger: Free (6582K) is below minimum threshold (13107K)
[2021-04-30T09:23:25.351+0300][36,200s][info][gc] GC(775) Concurrent reset 0,158ms
[2021-04-30T09:23:25.351+0300][36,200s][info][gc] GC(775) Pause Init Mark (process weakrefs) 0,140ms
[2021-04-30T09:23:25.365+0300][36,215s][info][gc] GC(775) Concurrent marking (process weakrefs) 14,341ms
[2021-04-30T09:23:25.365+0300][36,215s][info][gc] GC(775) Concurrent precleaning 0,107ms
[2021-04-30T09:23:25.367+0300][36,217s][info][gc] GC(775) Pause Final Mark (process weakrefs) 1,047ms
[2021-04-30T09:23:25.367+0300][36,217s][info][gc] GC(775) Concurrent cleanup 115M->115M(128M) 0,043ms
[2021-04-30T09:23:25.369+0300][36,218s][info][gc] GC(775) Concurrent evacuation 1,264ms
[2021-04-30T09:23:25.369+0300][36,218s][info][gc] GC(775) Pause Init Update Refs 0,005ms
[2021-04-30T09:23:25.378+0300][36,227s][info][gc] GC(775) Concurrent update references 8,559ms
[2021-04-30T09:23:25.378+0300][36,228s][info][gc] GC(775) Pause Final Update Refs 0,082ms
[2021-04-30T09:23:25.378+0300][36,228s][info][gc] GC(775) Concurrent cleanup 120M->114M(128M) 0,047ms
[2021-04-30T09:23:25.379+0300][36,229s][info][gc] Trigger: Free (6831K) is below minimum threshold (13107K)
[2021-04-30T09:23:25.380+0300][36,229s][info][gc] GC(776) Concurrent reset 0,149ms
[2021-04-30T09:23:25.380+0300][36,229s][info][gc] GC(776) Pause Init Mark 0,140ms
[2021-04-30T09:23:25.396+0300][36,246s][info][gc] GC(776) Concurrent marking 16,248ms
[2021-04-30T09:23:25.398+0300][36,248s][info][gc] GC(776) Pause Final Mark 0,933ms
[2021-04-30T09:23:25.398+0300][36,248s][info][gc] GC(776) Concurrent cleanup 115M->115M(128M) 0,039ms
[2021-04-30T09:23:25.400+0300][36,249s][info][gc] GC(776) Concurrent evacuation 1,360ms
[2021-04-30T09:23:25.400+0300][36,249s][info][gc] GC(776) Pause Init Update Refs 0,005ms
[2021-04-30T09:23:25.409+0300][36,259s][info][gc] GC(776) Concurrent update references 8,988ms
[2021-04-30T09:23:25.410+0300][36,259s][info][gc] GC(776) Pause Final Update Refs 0,136ms
[2021-04-30T09:23:25.410+0300][36,260s][info][gc] GC(776) Concurrent cleanup 120M->114M(128M) 0,079ms
[2021-04-30T09:23:25.411+0300][36,261s][info][gc] Trigger: Free (6838K) is below minimum threshold (13107K)
[2021-04-30T09:23:25.411+0300][36,261s][info][gc] GC(777) Concurrent reset 0,126ms
[2021-04-30T09:23:25.412+0300][36,261s][info][gc] GC(777) Pause Init Mark 0,178ms
[2021-04-30T09:23:25.429+0300][36,278s][info][gc] GC(777) Concurrent marking 17,051ms
[2021-04-30T09:23:25.431+0300][36,280s][info][gc] GC(777) Pause Final Mark 1,017ms
[2021-04-30T09:23:25.431+0300][36,280s][info][gc] GC(777) Concurrent cleanup 115M->115M(128M) 0,041ms
[2021-04-30T09:23:25.432+0300][36,282s][info][gc] GC(777) Concurrent evacuation 1,505ms
[2021-04-30T09:23:25.433+0300][36,282s][info][gc] GC(777) Pause Init Update Refs 0,007ms
[2021-04-30T09:23:25.444+0300][36,293s][info][gc] GC(777) Concurrent update references 11,015ms
[2021-04-30T09:23:25.445+0300][36,294s][info][gc] GC(777) Pause Final Update Refs 0,111ms
[2021-04-30T09:23:25.445+0300][36,294s][info][gc] GC(777) Concurrent cleanup 120M->114M(128M) 0,058ms
[2021-04-30T09:23:25.446+0300][36,295s][info][gc] Trigger: Free (6806K) is below minimum threshold (13107K)
[2021-04-30T09:23:25.446+0300][36,296s][info][gc] GC(778) Concurrent reset 0,146ms
[2021-04-30T09:23:25.446+0300][36,296s][info][gc] GC(778) Pause Init Mark 0,164ms
[2021-04-30T09:23:25.466+0300][36,316s][info][gc] GC(778) Concurrent marking 19,915ms
[2021-04-30T09:23:25.468+0300][36,318s][info][gc] GC(778) Pause Final Mark 0,935ms
[2021-04-30T09:23:25.468+0300][36,318s][info][gc] GC(778) Concurrent cleanup 115M->115M(128M) 0,037ms
[2021-04-30T09:23:25.470+0300][36,319s][info][gc] GC(778) Concurrent evacuation 1,565ms
[2021-04-30T09:23:25.470+0300][36,320s][info][gc] GC(778) Pause Init Update Refs 0,009ms
[2021-04-30T09:23:25.483+0300][36,332s][info][gc] GC(778) Concurrent update references 12,440ms
[2021-04-30T09:23:25.483+0300][36,332s][info][gc] GC(778) Pause Final Update Refs 0,113ms
[2021-04-30T09:23:25.483+0300][36,333s][info][gc] GC(778) Concurrent cleanup 120M->114M(128M) 0,040ms
[2021-04-30T09:23:25.484+0300][36,334s][info][gc] Trigger: Free (6838K) is below minimum threshold (13107K)
[2021-04-30T09:23:25.484+0300][36,334s][info][gc] GC(779) Concurrent reset 0,157ms
[2021-04-30T09:23:25.485+0300][36,334s][info][gc] GC(779) Pause Init Mark 0,135ms
[2021-04-30T09:23:25.509+0300][36,358s][info][gc] GC(779) Concurrent marking 24,286ms
[2021-04-30T09:23:25.511+0300][36,360s][info][gc] GC(779) Pause Final Mark 0,948ms
[2021-04-30T09:23:25.511+0300][36,360s][info][gc] GC(779) Concurrent cleanup 114M->115M(128M) 0,050ms
[2021-04-30T09:23:25.513+0300][36,362s][info][gc] GC(779) Concurrent evacuation 1,658ms
[2021-04-30T09:23:25.513+0300][36,363s][info][gc] GC(779) Pause Init Update Refs 0,007ms
[2021-04-30T09:23:25.525+0300][36,374s][info][gc] GC(779) Concurrent update references 11,497ms
[2021-04-30T09:23:25.526+0300][36,375s][info][gc] GC(779) Pause Final Update Refs 0,084ms
[2021-04-30T09:23:25.526+0300][36,375s][info][gc] GC(779) Concurrent cleanup 120M->114M(128M) 0,044ms
[2021-04-30T09:23:25.527+0300][36,377s][info][gc] Trigger: Free (7094K) is below minimum threshold (13107K)
[2021-04-30T09:23:25.527+0300][36,377s][info][gc] GC(780) Concurrent reset 0,140ms
[2021-04-30T09:23:25.528+0300][36,377s][info][gc] GC(780) Pause Init Mark (process weakrefs) 0,197ms
[2021-04-30T09:23:25.547+0300][36,397s][info][gc] GC(780) Concurrent marking (process weakrefs) 19,534ms
[2021-04-30T09:23:25.548+0300][36,397s][info][gc] GC(780) Concurrent precleaning 0,186ms
[2021-04-30T09:23:25.550+0300][36,399s][info][gc] GC(780) Pause Final Mark (process weakrefs) 1,075ms
[2021-04-30T09:23:25.550+0300][36,399s][info][gc] GC(780) Concurrent cleanup 114M->114M(128M) 0,044ms
[2021-04-30T09:23:25.552+0300][36,401s][info][gc] GC(780) Concurrent evacuation 1,579ms
[2021-04-30T09:23:25.552+0300][36,402s][info][gc] GC(780) Pause Init Update Refs 0,008ms
[2021-04-30T09:23:25.564+0300][36,413s][info][gc] GC(780) Concurrent update references 11,470ms
[2021-04-30T09:23:25.564+0300][36,414s][info][gc] GC(780) Pause Final Update Refs 0,100ms
[2021-04-30T09:23:25.564+0300][36,414s][info][gc] GC(780) Concurrent cleanup 120M->114M(128M) 0,041ms
[2021-04-30T09:23:25.565+0300][36,415s][info][gc] Trigger: Free (7091K) is below minimum threshold (13107K)
[2021-04-30T09:23:25.566+0300][36,415s][info][gc] GC(781) Concurrent reset 0,125ms
[2021-04-30T09:23:25.566+0300][36,415s][info][gc] GC(781) Pause Init Mark 0,141ms
[2021-04-30T09:23:25.583+0300][36,432s][info][gc] GC(781) Concurrent marking 16,965ms
[2021-04-30T09:23:25.585+0300][36,435s][info][gc] GC(781) Pause Final Mark 0,919ms
[2021-04-30T09:23:25.586+0300][36,435s][info][gc] GC(781) Concurrent cleanup 114M->114M(128M) 0,042ms
[2021-04-30T09:23:25.587+0300][36,437s][info][gc] GC(781) Concurrent evacuation 1,489ms
[2021-04-30T09:23:25.587+0300][36,437s][info][gc] GC(781) Pause Init Update Refs 0,006ms
[2021-04-30T09:23:25.599+0300][36,449s][info][gc] GC(781) Concurrent update references 11,688ms
[2021-04-30T09:23:25.600+0300][36,449s][info][gc] GC(781) Pause Final Update Refs 0,075ms
[2021-04-30T09:23:25.600+0300][36,449s][info][gc] GC(781) Concurrent cleanup 119M->114M(128M) 0,047ms
[2021-04-30T09:23:25.601+0300][36,451s][info][gc] Trigger: Free (7244K) is below minimum threshold (13107K)
[2021-04-30T09:23:25.601+0300][36,451s][info][gc] GC(782) Concurrent reset 0,139ms
[2021-04-30T09:23:25.602+0300][36,451s][info][gc] GC(782) Pause Init Mark 0,166ms
[2021-04-30T09:23:25.617+0300][36,467s][info][gc] GC(782) Concurrent marking 15,701ms
[2021-04-30T09:23:25.619+0300][36,469s][info][gc] GC(782) Pause Final Mark 1,029ms
[2021-04-30T09:23:25.619+0300][36,469s][info][gc] GC(782) Concurrent cleanup 114M->114M(128M) 0,041ms
[2021-04-30T09:23:25.621+0300][36,470s][info][gc] GC(782) Concurrent evacuation 1,520ms
[2021-04-30T09:23:25.621+0300][36,471s][info][gc] GC(782) Pause Init Update Refs 0,006ms
[2021-04-30T09:23:25.630+0300][36,480s][info][gc] GC(782) Concurrent update references 8,991ms
[2021-04-30T09:23:25.631+0300][36,480s][info][gc] GC(782) Pause Final Update Refs 0,074ms
[2021-04-30T09:23:25.631+0300][36,480s][info][gc] GC(782) Concurrent cleanup 119M->114M(128M) 0,041ms
[2021-04-30T09:23:25.632+0300][36,482s][info][gc] Trigger: Free (7346K) is below minimum threshold (13107K)
[2021-04-30T09:23:25.632+0300][36,482s][info][gc] GC(783) Concurrent reset 0,184ms
[2021-04-30T09:23:25.633+0300][36,482s][info][gc] GC(783) Pause Init Mark 0,147ms
[2021-04-30T09:23:25.652+0300][36,501s][info][gc] GC(783) Concurrent marking 19,123ms
[2021-04-30T09:23:25.653+0300][36,503s][info][gc] GC(783) Pause Final Mark 0,915ms
[2021-04-30T09:23:25.654+0300][36,503s][info][gc] GC(783) Concurrent cleanup 114M->114M(128M) 0,040ms
[2021-04-30T09:23:25.655+0300][36,505s][info][gc] GC(783) Concurrent evacuation 1,664ms
[2021-04-30T09:23:25.656+0300][36,505s][info][gc] GC(783) Pause Init Update Refs 0,016ms
[2021-04-30T09:23:25.666+0300][36,515s][info][gc] GC(783) Concurrent update references 10,028ms
[2021-04-30T09:23:25.666+0300][36,516s][info][gc] GC(783) Pause Final Update Refs 0,069ms
[2021-04-30T09:23:25.667+0300][36,516s][info][gc] GC(783) Concurrent cleanup 120M->114M(128M) 0,042ms
[2021-04-30T09:23:25.668+0300][36,517s][info][gc] Trigger: Free (7089K) is below minimum threshold (13107K)
[2021-04-30T09:23:25.668+0300][36,517s][info][gc] GC(784) Concurrent reset 0,149ms
[2021-04-30T09:23:25.668+0300][36,518s][info][gc] GC(784) Pause Init Mark 0,155ms
[2021-04-30T09:23:25.686+0300][36,535s][info][gc] GC(784) Concurrent marking 17,254ms
[2021-04-30T09:23:25.687+0300][36,537s][info][gc] GC(784) Pause Final Mark 1,009ms
[2021-04-30T09:23:25.687+0300][36,537s][info][gc] GC(784) Concurrent cleanup 114M->114M(128M) 0,041ms
[2021-04-30T09:23:25.689+0300][36,539s][info][gc] GC(784) Concurrent evacuation 1,716ms
[2021-04-30T09:23:25.690+0300][36,539s][info][gc] GC(784) Pause Init Update Refs 0,010ms
[2021-04-30T09:23:25.700+0300][36,549s][info][gc] GC(784) Concurrent update references 9,801ms
[2021-04-30T09:23:25.700+0300][36,549s][info][gc] GC(784) Pause Final Update Refs 0,062ms
[2021-04-30T09:23:25.700+0300][36,549s][info][gc] GC(784) Concurrent cleanup 120M->114M(128M) 0,042ms
[2021-04-30T09:23:25.701+0300][36,551s][info][gc] Trigger: Free (7091K) is below minimum threshold (13107K)
[2021-04-30T09:23:25.701+0300][36,551s][info][gc] GC(785) Concurrent reset 0,191ms
[2021-04-30T09:23:25.702+0300][36,551s][info][gc] GC(785) Pause Init Mark (process weakrefs) 0,159ms
[2021-04-30T09:23:25.725+0300][36,574s][info][gc] GC(785) Concurrent marking (process weakrefs) 22,916ms
[2021-04-30T09:23:25.725+0300][36,574s][info][gc] GC(785) Concurrent precleaning 0,110ms
[2021-04-30T09:23:25.727+0300][36,576s][info][gc] GC(785) Pause Final Mark (process weakrefs) 0,966ms
[2021-04-30T09:23:25.727+0300][36,576s][info][gc] GC(785) Concurrent cleanup 114M->114M(128M) 0,044ms
[2021-04-30T09:23:25.728+0300][36,578s][info][gc] GC(785) Concurrent evacuation 1,636ms
[2021-04-30T09:23:25.729+0300][36,578s][info][gc] GC(785) Pause Init Update Refs 0,006ms
[2021-04-30T09:23:25.737+0300][36,587s][info][gc] GC(785) Concurrent update references 8,445ms
[2021-04-30T09:23:25.738+0300][36,587s][info][gc] GC(785) Pause Final Update Refs 0,066ms
[2021-04-30T09:23:25.738+0300][36,587s][info][gc] GC(785) Concurrent cleanup 120M->114M(128M) 0,041ms
[2021-04-30T09:23:25.739+0300][36,589s][info][gc] Trigger: Free (7347K) is below minimum threshold (13107K)
[2021-04-30T09:23:25.739+0300][36,589s][info][gc] GC(786) Concurrent reset 0,109ms
[2021-04-30T09:23:25.739+0300][36,589s][info][gc] GC(786) Pause Init Mark 0,137ms
[2021-04-30T09:23:25.760+0300][36,609s][info][gc] GC(786) Concurrent marking 20,196ms
[2021-04-30T09:23:25.761+0300][36,611s][info][gc] GC(786) Pause Final Mark 0,864ms
[2021-04-30T09:23:25.761+0300][36,611s][info][gc] GC(786) Concurrent cleanup 114M->114M(128M) 0,041ms
[2021-04-30T09:23:25.763+0300][36,612s][info][gc] GC(786) Concurrent evacuation 1,362ms
[2021-04-30T09:23:25.763+0300][36,612s][info][gc] GC(786) Pause Init Update Refs 0,005ms
[2021-04-30T09:23:25.771+0300][36,621s][info][gc] GC(786) Concurrent update references 8,414ms
[2021-04-30T09:23:25.772+0300][36,621s][info][gc] GC(786) Pause Final Update Refs 0,067ms
[2021-04-30T09:23:25.772+0300][36,621s][info][gc] GC(786) Concurrent cleanup 120M->114M(128M) 0,041ms
[2021-04-30T09:23:25.773+0300][36,623s][info][gc] Trigger: Free (7089K) is below minimum threshold (13107K)
[2021-04-30T09:23:25.773+0300][36,623s][info][gc] GC(787) Concurrent reset 0,118ms
[2021-04-30T09:23:25.774+0300][36,623s][info][gc] GC(787) Pause Init Mark 0,154ms
[2021-04-30T09:23:25.789+0300][36,639s][info][gc] GC(787) Concurrent marking 15,677ms
[2021-04-30T09:23:25.791+0300][36,640s][info][gc] GC(787) Pause Final Mark 0,951ms
[2021-04-30T09:23:25.791+0300][36,641s][info][gc] GC(787) Concurrent cleanup 114M->114M(128M) 0,044ms
[2021-04-30T09:23:25.793+0300][36,642s][info][gc] GC(787) Concurrent evacuation 1,480ms
[2021-04-30T09:23:25.793+0300][36,642s][info][gc] GC(787) Pause Init Update Refs 0,006ms
[2021-04-30T09:23:25.801+0300][36,651s][info][gc] GC(787) Concurrent update references 8,208ms
[2021-04-30T09:23:25.801+0300][36,651s][info][gc] GC(787) Pause Final Update Refs 0,134ms
[2021-04-30T09:23:25.802+0300][36,651s][info][gc] GC(787) Concurrent cleanup 120M->114M(128M) 0,038ms
[2021-04-30T09:23:25.803+0300][36,652s][info][gc] Trigger: Free (7347K) is below minimum threshold (13107K)
[2021-04-30T09:23:25.803+0300][36,652s][info][gc] GC(788) Concurrent reset 0,190ms
[2021-04-30T09:23:25.803+0300][36,653s][info][gc] GC(788) Pause Init Mark 0,179ms
[2021-04-30T09:23:25.819+0300][36,668s][info][gc] GC(788) Concurrent marking 15,664ms
[2021-04-30T09:23:25.821+0300][36,670s][info][gc] GC(788) Pause Final Mark 1,144ms
[2021-04-30T09:23:25.821+0300][36,670s][info][gc] GC(788) Concurrent cleanup 114M->114M(128M) 0,036ms
[2021-04-30T09:23:25.822+0300][36,672s][info][gc] GC(788) Concurrent evacuation 1,462ms
[2021-04-30T09:23:25.823+0300][36,672s][info][gc] GC(788) Pause Init Update Refs 0,006ms
[2021-04-30T09:23:25.832+0300][36,681s][info][gc] GC(788) Concurrent update references 9,037ms
[2021-04-30T09:23:25.833+0300][36,682s][info][gc] GC(788) Pause Final Update Refs 0,111ms
[2021-04-30T09:23:25.833+0300][36,682s][info][gc] GC(788) Concurrent cleanup 120M->114M(128M) 0,041ms
[2021-04-30T09:23:25.834+0300][36,683s][info][gc] Trigger: Free (7345K) is below minimum threshold (13107K)
[2021-04-30T09:23:25.834+0300][36,683s][info][gc] GC(789) Concurrent reset 0,120ms
[2021-04-30T09:23:25.834+0300][36,684s][info][gc] GC(789) Pause Init Mark 0,246ms
[2021-04-30T09:23:25.853+0300][36,702s][info][gc] GC(789) Concurrent marking 18,507ms
[2021-04-30T09:23:25.855+0300][36,704s][info][gc] GC(789) Pause Final Mark 1,003ms
[2021-04-30T09:23:25.855+0300][36,704s][info][gc] GC(789) Concurrent cleanup 114M->114M(128M) 0,054ms
[2021-04-30T09:23:25.857+0300][36,706s][info][gc] GC(789) Concurrent evacuation 1,994ms
[2021-04-30T09:23:25.858+0300][36,707s][info][gc] GC(789) Pause Init Update Refs 0,011ms
[2021-04-30T09:23:25.867+0300][36,716s][info][gc] GC(789) Concurrent update references 9,174ms
[2021-04-30T09:23:25.868+0300][36,717s][info][gc] GC(789) Pause Final Update Refs 0,108ms
[2021-04-30T09:23:25.868+0300][36,717s][info][gc] GC(789) Concurrent cleanup 119M->113M(128M) 0,076ms
[2021-04-30T09:23:25.869+0300][36,718s][info][gc] Trigger: Free (7601K) is below minimum threshold (13107K)
[2021-04-30T09:23:25.869+0300][36,719s][info][gc] GC(790) Concurrent reset 0,169ms
[2021-04-30T09:23:25.869+0300][36,719s][info][gc] GC(790) Pause Init Mark (process weakrefs) 0,159ms
[2021-04-30T09:23:25.886+0300][36,735s][info][gc] GC(790) Concurrent marking (process weakrefs) 16,088ms
[2021-04-30T09:23:25.886+0300][36,735s][info][gc] GC(790) Concurrent precleaning 0,143ms
[2021-04-30T09:23:25.888+0300][36,737s][info][gc] GC(790) Pause Final Mark (process weakrefs) 1,126ms
[2021-04-30T09:23:25.888+0300][36,737s][info][gc] GC(790) Concurrent cleanup 114M->114M(128M) 0,051ms
[2021-04-30T09:23:25.889+0300][36,739s][info][gc] GC(790) Concurrent evacuation 1,588ms
[2021-04-30T09:23:25.890+0300][36,739s][info][gc] GC(790) Pause Init Update Refs 0,005ms
[2021-04-30T09:23:25.899+0300][36,749s][info][gc] GC(790) Concurrent update references 9,287ms
[2021-04-30T09:23:25.900+0300][36,749s][info][gc] GC(790) Pause Final Update Refs 0,071ms
[2021-04-30T09:23:25.900+0300][36,749s][info][gc] GC(790) Concurrent cleanup 119M->113M(128M) 0,039ms
[2021-04-30T09:23:25.901+0300][36,751s][info][gc] Trigger: Free (7598K) is below minimum threshold (13107K)
[2021-04-30T09:23:25.901+0300][36,751s][info][gc] GC(791) Concurrent reset 0,138ms
[2021-04-30T09:23:25.902+0300][36,751s][info][gc] GC(791) Pause Init Mark 0,194ms
[2021-04-30T09:23:25.919+0300][36,768s][info][gc] GC(791) Concurrent marking 17,107ms
[2021-04-30T09:23:25.921+0300][36,770s][info][gc] GC(791) Pause Final Mark 1,065ms
[2021-04-30T09:23:25.921+0300][36,770s][info][gc] GC(791) Concurrent cleanup 114M->114M(128M) 0,039ms
[2021-04-30T09:23:25.922+0300][36,772s][info][gc] GC(791) Concurrent evacuation 1,575ms
[2021-04-30T09:23:25.923+0300][36,772s][info][gc] GC(791) Pause Init Update Refs 0,007ms
[2021-04-30T09:23:25.931+0300][36,781s][info][gc] GC(791) Concurrent update references 8,379ms
[2021-04-30T09:23:25.932+0300][36,781s][info][gc] GC(791) Pause Final Update Refs 0,080ms
[2021-04-30T09:23:25.932+0300][36,781s][info][gc] GC(791) Concurrent cleanup 119M->114M(128M) 0,040ms
[2021-04-30T09:23:25.933+0300][36,783s][info][gc] Trigger: Free (7342K) is below minimum threshold (13107K)
[2021-04-30T09:23:25.933+0300][36,783s][info][gc] GC(792) Concurrent reset 0,115ms
[2021-04-30T09:23:25.934+0300][36,783s][info][gc] GC(792) Pause Init Mark 0,145ms
[2021-04-30T09:23:25.956+0300][36,806s][info][gc] GC(792) Concurrent marking 22,552ms
[2021-04-30T09:23:25.958+0300][36,807s][info][gc] GC(792) Pause Final Mark 0,886ms
[2021-04-30T09:23:25.958+0300][36,807s][info][gc] GC(792) Concurrent cleanup 114M->114M(128M) 0,038ms
[2021-04-30T09:23:25.959+0300][36,809s][info][gc] GC(792) Concurrent evacuation 1,320ms
[2021-04-30T09:23:25.959+0300][36,809s][info][gc] GC(792) Pause Init Update Refs 0,022ms
[2021-04-30T09:23:25.973+0300][36,823s][info][gc] GC(792) Concurrent update references 13,813ms
[2021-04-30T09:23:25.974+0300][36,823s][info][gc] GC(792) Pause Final Update Refs 0,092ms
[2021-04-30T09:23:25.974+0300][36,824s][info][gc] GC(792) Concurrent cleanup 120M->113M(128M) 0,047ms
[2021-04-30T09:23:25.975+0300][36,825s][info][gc] Trigger: Free (7601K) is below minimum threshold (13107K)
[2021-04-30T09:23:25.975+0300][36,825s][info][gc] GC(793) Concurrent reset 0,159ms
[2021-04-30T09:23:25.976+0300][36,825s][info][gc] GC(793) Pause Init Mark 0,160ms
[2021-04-30T09:23:25.990+0300][36,839s][info][gc] GC(793) Concurrent marking 14,008ms
[2021-04-30T09:23:25.992+0300][36,841s][info][gc] GC(793) Pause Final Mark 1,051ms
[2021-04-30T09:23:25.992+0300][36,841s][info][gc] GC(793) Concurrent cleanup 114M->114M(128M) 0,041ms
[2021-04-30T09:23:25.993+0300][36,843s][info][gc] GC(793) Concurrent evacuation 1,343ms
[2021-04-30T09:23:25.993+0300][36,843s][info][gc] GC(793) Pause Init Update Refs 0,021ms
[2021-04-30T09:23:26.002+0300][36,851s][info][gc] GC(793) Concurrent update references 8,131ms
[2021-04-30T09:23:26.002+0300][36,851s][info][gc] GC(793) Pause Final Update Refs 0,080ms
[2021-04-30T09:23:26.002+0300][36,852s][info][gc] GC(793) Concurrent cleanup 119M->113M(128M) 0,040ms
[2021-04-30T09:23:26.003+0300][36,853s][info][gc] Trigger: Free (7854K) is below minimum threshold (13107K)
[2021-04-30T09:23:26.003+0300][36,853s][info][gc] GC(794) Concurrent reset 0,121ms
[2021-04-30T09:23:26.004+0300][36,853s][info][gc] GC(794) Pause Init Mark 0,157ms
[2021-04-30T09:23:26.018+0300][36,867s][info][gc] GC(794) Concurrent marking 14,027ms
[2021-04-30T09:23:26.020+0300][36,869s][info][gc] GC(794) Pause Final Mark 1,077ms
[2021-04-30T09:23:26.020+0300][36,869s][info][gc] GC(794) Concurrent cleanup 114M->114M(128M) 0,039ms
[2021-04-30T09:23:26.021+0300][36,871s][info][gc] GC(794) Concurrent evacuation 1,272ms
[2021-04-30T09:23:26.022+0300][36,871s][info][gc] GC(794) Pause Init Update Refs 0,021ms
[2021-04-30T09:23:26.030+0300][36,879s][info][gc] GC(794) Concurrent update references 8,152ms
[2021-04-30T09:23:26.031+0300][36,880s][info][gc] GC(794) Pause Final Update Refs 0,094ms
[2021-04-30T09:23:26.031+0300][36,880s][info][gc] GC(794) Concurrent cleanup 119M->113M(128M) 0,040ms
[2021-04-30T09:23:26.032+0300][36,881s][info][gc] Trigger: Free (7851K) is below minimum threshold (13107K)
[2021-04-30T09:23:26.032+0300][36,882s][info][gc] GC(795) Concurrent reset 0,187ms
[2021-04-30T09:23:26.033+0300][36,882s][info][gc] GC(795) Pause Init Mark (process weakrefs) 0,160ms
[2021-04-30T09:23:26.049+0300][36,898s][info][gc] GC(795) Concurrent marking (process weakrefs) 16,372ms
[2021-04-30T09:23:26.049+0300][36,899s][info][gc] GC(795) Concurrent precleaning 0,075ms
[2021-04-30T09:23:26.051+0300][36,900s][info][gc] GC(795) Pause Final Mark (process weakrefs) 0,980ms
[2021-04-30T09:23:26.051+0300][36,900s][info][gc] GC(795) Concurrent cleanup 114M->114M(128M) 0,041ms
[2021-04-30T09:23:26.052+0300][36,902s][info][gc] GC(795) Concurrent evacuation 1,311ms
[2021-04-30T09:23:26.053+0300][36,902s][info][gc] GC(795) Pause Init Update Refs 0,006ms
[2021-04-30T09:23:26.061+0300][36,910s][info][gc] GC(795) Concurrent update references 8,218ms
[2021-04-30T09:23:26.061+0300][36,911s][info][gc] GC(795) Pause Final Update Refs 0,067ms
[2021-04-30T09:23:26.062+0300][36,911s][info][gc] GC(795) Concurrent cleanup 119M->113M(128M) 0,041ms
[2021-04-30T09:23:26.063+0300][36,912s][info][gc] Trigger: Free (7595K) is below minimum threshold (13107K)
[2021-04-30T09:23:26.063+0300][36,912s][info][gc] GC(796) Concurrent reset 0,124ms
[2021-04-30T09:23:26.063+0300][36,913s][info][gc] GC(796) Pause Init Mark 0,148ms
[2021-04-30T09:23:26.077+0300][36,927s][info][gc] GC(796) Concurrent marking 13,857ms
[2021-04-30T09:23:26.079+0300][36,928s][info][gc] GC(796) Pause Final Mark 0,934ms
[2021-04-30T09:23:26.079+0300][36,928s][info][gc] GC(796) Concurrent cleanup 114M->114M(128M) 0,040ms
[2021-04-30T09:23:26.080+0300][36,930s][info][gc] GC(796) Concurrent evacuation 1,368ms
[2021-04-30T09:23:26.081+0300][36,930s][info][gc] GC(796) Pause Init Update Refs 0,006ms
[2021-04-30T09:23:26.089+0300][36,938s][info][gc] GC(796) Concurrent update references 8,139ms
[2021-04-30T09:23:26.089+0300][36,939s][info][gc] GC(796) Pause Final Update Refs 0,104ms
[2021-04-30T09:23:26.089+0300][36,939s][info][gc] GC(796) Concurrent cleanup 119M->113M(128M) 0,038ms
[2021-04-30T09:23:26.090+0300][36,940s][info][gc] Trigger: Free (7854K) is below minimum threshold (13107K)
[2021-04-30T09:23:26.091+0300][36,940s][info][gc] GC(797) Concurrent reset 0,118ms
[2021-04-30T09:23:26.091+0300][36,940s][info][gc] GC(797) Pause Init Mark 0,254ms
[2021-04-30T09:23:26.106+0300][36,955s][info][gc] GC(797) Concurrent marking 14,555ms
[2021-04-30T09:23:26.107+0300][36,957s][info][gc] GC(797) Pause Final Mark 0,951ms
[2021-04-30T09:23:26.107+0300][36,957s][info][gc] GC(797) Concurrent cleanup 114M->114M(128M) 0,048ms
[2021-04-30T09:23:26.109+0300][36,958s][info][gc] GC(797) Concurrent evacuation 1,349ms
[2021-04-30T09:23:26.109+0300][36,959s][info][gc] GC(797) Pause Init Update Refs 0,006ms
[2021-04-30T09:23:26.123+0300][36,973s][info][gc] GC(797) Concurrent update references 13,838ms
[2021-04-30T09:23:26.124+0300][36,973s][info][gc] GC(797) Pause Final Update Refs 0,078ms
[2021-04-30T09:23:26.124+0300][36,973s][info][gc] GC(797) Concurrent cleanup 119M->113M(128M) 0,040ms
[2021-04-30T09:23:26.125+0300][36,974s][info][gc] Trigger: Free (7851K) is below minimum threshold (13107K)
[2021-04-30T09:23:26.125+0300][36,975s][info][gc] GC(798) Concurrent reset 0,115ms
[2021-04-30T09:23:26.125+0300][36,975s][info][gc] GC(798) Pause Init Mark 0,134ms
[2021-04-30T09:23:26.142+0300][36,991s][info][gc] GC(798) Concurrent marking 16,575ms
[2021-04-30T09:23:26.144+0300][36,994s][info][gc] GC(798) Pause Final Mark 1,243ms
[2021-04-30T09:23:26.144+0300][36,994s][info][gc] GC(798) Concurrent cleanup 113M->113M(128M) 0,040ms
[2021-04-30T09:23:26.146+0300][36,996s][info][gc] GC(798) Concurrent evacuation 1,585ms
[2021-04-30T09:23:26.147+0300][36,996s][info][gc] GC(798) Pause Init Update Refs 0,006ms
[2021-04-30T09:23:26.157+0300][37,006s][info][gc] GC(798) Concurrent update references 9,951ms
[2021-04-30T09:23:26.157+0300][37,006s][info][gc] GC(798) Pause Final Update Refs 0,087ms
[2021-04-30T09:23:26.157+0300][37,006s][info][gc] GC(798) Concurrent cleanup 119M->113M(128M) 0,046ms
[2021-04-30T09:23:26.158+0300][37,008s][info][gc] Trigger: Free (7851K) is below minimum threshold (13107K)
[2021-04-30T09:23:26.158+0300][37,008s][info][gc] GC(799) Concurrent reset 0,186ms
[2021-04-30T09:23:26.159+0300][37,008s][info][gc] GC(799) Pause Init Mark (unload classes) 0,187ms
[2021-04-30T09:23:26.176+0300][37,026s][info][gc] GC(799) Concurrent marking (unload classes) 17,381ms
[2021-04-30T09:23:26.181+0300][37,030s][info][gc] GC(799) Pause Final Mark (unload classes) 3,244ms
[2021-04-30T09:23:26.181+0300][37,031s][info][gc] GC(799) Concurrent cleanup 113M->114M(128M) 0,050ms
[2021-04-30T09:23:26.183+0300][37,032s][info][gc] GC(799) Concurrent evacuation 1,453ms
[2021-04-30T09:23:26.183+0300][37,032s][info][gc] GC(799) Pause Init Update Refs 0,006ms
[2021-04-30T09:23:26.194+0300][37,044s][info][gc] GC(799) Concurrent update references 11,123ms
[2021-04-30T09:23:26.195+0300][37,044s][info][gc] GC(799) Pause Final Update Refs 0,067ms
[2021-04-30T09:23:26.195+0300][37,044s][info][gc] GC(799) Concurrent cleanup 119M->113M(128M) 0,041ms
[2021-04-30T09:23:26.196+0300][37,045s][info][gc] Trigger: Free (8107K) is below minimum threshold (13107K)
[2021-04-30T09:23:26.196+0300][37,046s][info][gc] GC(800) Concurrent reset 0,152ms
[2021-04-30T09:23:26.197+0300][37,046s][info][gc] GC(800) Pause Init Mark (process weakrefs) 0,191ms
[2021-04-30T09:23:26.213+0300][37,062s][info][gc] GC(800) Concurrent marking (process weakrefs) 16,335ms
[2021-04-30T09:23:26.213+0300][37,062s][info][gc] GC(800) Concurrent precleaning 0,091ms
[2021-04-30T09:23:26.215+0300][37,064s][info][gc] GC(800) Pause Final Mark (process weakrefs) 1,114ms
[2021-04-30T09:23:26.215+0300][37,064s][info][gc] GC(800) Concurrent cleanup 113M->113M(128M) 0,041ms
[2021-04-30T09:23:26.216+0300][37,066s][info][gc] GC(800) Concurrent evacuation 1,356ms
[2021-04-30T09:23:26.216+0300][37,066s][info][gc] GC(800) Pause Init Update Refs 0,006ms
[2021-04-30T09:23:26.225+0300][37,075s][info][gc] GC(800) Concurrent update references 8,723ms
[2021-04-30T09:23:26.226+0300][37,075s][info][gc] GC(800) Pause Final Update Refs 0,110ms
[2021-04-30T09:23:26.226+0300][37,075s][info][gc] GC(800) Concurrent cleanup 119M->113M(128M) 0,050ms
[2021-04-30T09:23:26.227+0300][37,077s][info][gc] Trigger: Free (7861K) is below minimum threshold (13107K)
[2021-04-30T09:23:26.227+0300][37,077s][info][gc] GC(801) Concurrent reset 0,164ms
[2021-04-30T09:23:26.228+0300][37,077s][info][gc] GC(801) Pause Init Mark 0,165ms
[2021-04-30T09:23:26.243+0300][37,092s][info][gc] GC(801) Concurrent marking 15,172ms
[2021-04-30T09:23:26.245+0300][37,094s][info][gc] GC(801) Pause Final Mark 0,965ms
[2021-04-30T09:23:26.245+0300][37,094s][info][gc] GC(801) Concurrent cleanup 114M->114M(128M) 0,039ms
[2021-04-30T09:23:26.246+0300][37,096s][info][gc] GC(801) Concurrent evacuation 1,392ms
[2021-04-30T09:23:26.247+0300][37,096s][info][gc] GC(801) Pause Init Update Refs 0,021ms
[2021-04-30T09:23:26.255+0300][37,105s][info][gc] GC(801) Concurrent update references 8,231ms
[2021-04-30T09:23:26.256+0300][37,105s][info][gc] GC(801) Pause Final Update Refs 0,090ms
[2021-04-30T09:23:26.256+0300][37,105s][info][gc] GC(801) Concurrent cleanup 119M->113M(128M) 0,049ms
[2021-04-30T09:23:26.257+0300][37,106s][info][gc] Trigger: Free (8107K) is below minimum threshold (13107K)
[2021-04-30T09:23:26.257+0300][37,106s][info][gc] GC(802) Concurrent reset 0,161ms
[2021-04-30T09:23:26.257+0300][37,107s][info][gc] GC(802) Pause Init Mark 0,144ms
[2021-04-30T09:23:26.272+0300][37,121s][info][gc] GC(802) Concurrent marking 14,440ms
[2021-04-30T09:23:26.274+0300][37,123s][info][gc] GC(802) Pause Final Mark 1,108ms
[2021-04-30T09:23:26.274+0300][37,123s][info][gc] GC(802) Concurrent cleanup 113M->113M(128M) 0,041ms
[2021-04-30T09:23:26.275+0300][37,125s][info][gc] GC(802) Concurrent evacuation 1,325ms
[2021-04-30T09:23:26.276+0300][37,125s][info][gc] GC(802) Pause Init Update Refs 0,024ms
[2021-04-30T09:23:26.284+0300][37,133s][info][gc] GC(802) Concurrent update references 8,149ms
[2021-04-30T09:23:26.285+0300][37,134s][info][gc] GC(802) Pause Final Update Refs 0,093ms
[2021-04-30T09:23:26.285+0300][37,134s][info][gc] GC(802) Concurrent cleanup 119M->113M(128M) 0,048ms
[2021-04-30T09:23:26.286+0300][37,135s][info][gc] Trigger: Free (8117K) is below minimum threshold (13107K)
[2021-04-30T09:23:26.286+0300][37,135s][info][gc] GC(803) Concurrent reset 0,159ms
[2021-04-30T09:23:26.286+0300][37,136s][info][gc] GC(803) Pause Init Mark 0,157ms
[2021-04-30T09:23:26.302+0300][37,151s][info][gc] GC(803) Concurrent marking 15,076ms
[2021-04-30T09:23:26.303+0300][37,153s][info][gc] GC(803) Pause Final Mark 0,906ms
[2021-04-30T09:23:26.303+0300][37,153s][info][gc] GC(803) Concurrent cleanup 113M->113M(128M) 0,039ms
[2021-04-30T09:23:26.305+0300][37,154s][info][gc] GC(803) Concurrent evacuation 1,405ms
[2021-04-30T09:23:26.305+0300][37,155s][info][gc] GC(803) Pause Init Update Refs 0,009ms
[2021-04-30T09:23:26.315+0300][37,165s][info][gc] GC(803) Concurrent update references 10,156ms
[2021-04-30T09:23:26.316+0300][37,165s][info][gc] GC(803) Pause Final Update Refs 0,081ms
[2021-04-30T09:23:26.316+0300][37,165s][info][gc] GC(803) Concurrent cleanup 119M->113M(128M) 0,039ms
[2021-04-30T09:23:26.317+0300][37,167s][info][gc] Trigger: Free (8373K) is below minimum threshold (13107K)
[2021-04-30T09:23:26.317+0300][37,167s][info][gc] GC(804) Concurrent reset 0,119ms
[2021-04-30T09:23:26.318+0300][37,167s][info][gc] GC(804) Pause Init Mark 0,185ms
[2021-04-30T09:23:26.335+0300][37,184s][info][gc] GC(804) Concurrent marking 17,167ms
[2021-04-30T09:23:26.337+0300][37,186s][info][gc] GC(804) Pause Final Mark 0,985ms
[2021-04-30T09:23:26.337+0300][37,186s][info][gc] GC(804) Concurrent cleanup 113M->113M(128M) 0,041ms
[2021-04-30T09:23:26.339+0300][37,188s][info][gc] GC(804) Concurrent evacuation 2,280ms
[2021-04-30T09:23:26.339+0300][37,189s][info][gc] GC(804) Pause Init Update Refs 0,008ms
[2021-04-30T09:23:26.350+0300][37,200s][info][gc] GC(804) Concurrent update references 10,838ms
[2021-04-30T09:23:26.351+0300][37,200s][info][gc] GC(804) Pause Final Update Refs 0,119ms
[2021-04-30T09:23:26.351+0300][37,200s][info][gc] GC(804) Concurrent cleanup 118M->113M(128M) 0,041ms
[2021-04-30T09:23:26.352+0300][37,201s][info][gc] Trigger: Free (8370K) is below minimum threshold (13107K)
[2021-04-30T09:23:26.352+0300][37,202s][info][gc] GC(805) Concurrent reset 0,194ms
[2021-04-30T09:23:26.353+0300][37,202s][info][gc] GC(805) Pause Init Mark (process weakrefs) 0,281ms
[2021-04-30T09:23:26.370+0300][37,220s][info][gc] GC(805) Concurrent marking (process weakrefs) 17,725ms
[2021-04-30T09:23:26.371+0300][37,220s][info][gc] GC(805) Concurrent precleaning 0,107ms
[2021-04-30T09:23:26.372+0300][37,222s][info][gc] GC(805) Pause Final Mark (process weakrefs) 1,217ms
[2021-04-30T09:23:26.373+0300][37,222s][info][gc] GC(805) Concurrent cleanup 113M->113M(128M) 0,046ms
[2021-04-30T09:23:26.374+0300][37,224s][info][gc] GC(805) Concurrent evacuation 1,855ms
[2021-04-30T09:23:26.375+0300][37,224s][info][gc] GC(805) Pause Init Update Refs 0,006ms
[2021-04-30T09:23:26.383+0300][37,233s][info][gc] GC(805) Concurrent update references 8,423ms
[2021-04-30T09:23:26.384+0300][37,233s][info][gc] GC(805) Pause Final Update Refs 0,102ms
[2021-04-30T09:23:26.384+0300][37,234s][info][gc] GC(805) Concurrent cleanup 118M->112M(128M) 0,066ms
[2021-04-30T09:23:26.385+0300][37,235s][info][gc] Trigger: Free (8626K) is below minimum threshold (13107K)
[2021-04-30T09:23:26.386+0300][37,235s][info][gc] GC(806) Concurrent reset 0,161ms
[2021-04-30T09:23:26.386+0300][37,235s][info][gc] GC(806) Pause Init Mark 0,146ms
[2021-04-30T09:23:26.410+0300][37,259s][info][gc] GC(806) Concurrent marking 23,633ms
[2021-04-30T09:23:26.412+0300][37,261s][info][gc] GC(806) Pause Final Mark 1,141ms
[2021-04-30T09:23:26.412+0300][37,261s][info][gc] GC(806) Concurrent cleanup 113M->113M(128M) 0,045ms
[2021-04-30T09:23:26.413+0300][37,263s][info][gc] GC(806) Concurrent evacuation 1,542ms
[2021-04-30T09:23:26.414+0300][37,263s][info][gc] GC(806) Pause Init Update Refs 0,008ms
[2021-04-30T09:23:26.423+0300][37,273s][info][gc] GC(806) Concurrent update references 9,599ms
[2021-04-30T09:23:26.424+0300][37,273s][info][gc] GC(806) Pause Final Update Refs 0,065ms
[2021-04-30T09:23:26.424+0300][37,273s][info][gc] GC(806) Concurrent cleanup 118M->112M(128M) 0,041ms
[2021-04-30T09:23:26.425+0300][37,275s][info][gc] Trigger: Free (8624K) is below minimum threshold (13107K)
[2021-04-30T09:23:26.425+0300][37,275s][info][gc] GC(807) Concurrent reset 0,162ms
[2021-04-30T09:23:26.426+0300][37,275s][info][gc] GC(807) Pause Init Mark 0,206ms
[2021-04-30T09:23:26.444+0300][37,293s][info][gc] GC(807) Concurrent marking 17,776ms
[2021-04-30T09:23:26.446+0300][37,296s][info][gc] GC(807) Pause Final Mark 1,228ms
[2021-04-30T09:23:26.446+0300][37,296s][info][gc] GC(807) Concurrent cleanup 113M->113M(128M) 0,044ms
[2021-04-30T09:23:26.448+0300][37,297s][info][gc] GC(807) Concurrent evacuation 1,420ms
[2021-04-30T09:23:26.448+0300][37,298s][info][gc] GC(807) Pause Init Update Refs 0,005ms
[2021-04-30T09:23:26.461+0300][37,311s][info][gc] GC(807) Concurrent update references 13,004ms
[2021-04-30T09:23:26.462+0300][37,311s][info][gc] GC(807) Pause Final Update Refs 0,116ms
[2021-04-30T09:23:26.462+0300][37,312s][info][gc] GC(807) Concurrent cleanup 118M->113M(128M) 0,040ms
[2021-04-30T09:23:26.463+0300][37,313s][info][gc] Trigger: Free (8368K) is below minimum threshold (13107K)
[2021-04-30T09:23:26.463+0300][37,313s][info][gc] GC(808) Concurrent reset 0,128ms
[2021-04-30T09:23:26.464+0300][37,313s][info][gc] GC(808) Pause Init Mark 0,203ms
[2021-04-30T09:23:26.480+0300][37,329s][info][gc] GC(808) Concurrent marking 16,271ms
[2021-04-30T09:23:26.482+0300][37,332s][info][gc] GC(808) Pause Final Mark 1,253ms
[2021-04-30T09:23:26.482+0300][37,332s][info][gc] GC(808) Concurrent cleanup 113M->113M(128M) 0,042ms
[2021-04-30T09:23:26.484+0300][37,333s][info][gc] GC(808) Concurrent evacuation 1,471ms
[2021-04-30T09:23:26.484+0300][37,333s][info][gc] GC(808) Pause Init Update Refs 0,005ms
[2021-04-30T09:23:26.494+0300][37,344s][info][gc] GC(808) Concurrent update references 10,390ms
[2021-04-30T09:23:26.495+0300][37,344s][info][gc] GC(808) Pause Final Update Refs 0,098ms
[2021-04-30T09:23:26.495+0300][37,344s][info][gc] GC(808) Concurrent cleanup 119M->113M(128M) 0,040ms
[2021-04-30T09:23:26.496+0300][37,345s][info][gc] Trigger: Free (8370K) is below minimum threshold (13107K)
[2021-04-30T09:23:26.496+0300][37,346s][info][gc] GC(809) Concurrent reset 0,162ms
[2021-04-30T09:23:26.497+0300][37,346s][info][gc] GC(809) Pause Init Mark 0,162ms
[2021-04-30T09:23:26.515+0300][37,365s][info][gc] GC(809) Concurrent marking 18,795ms
[2021-04-30T09:23:26.517+0300][37,367s][info][gc] GC(809) Pause Final Mark 1,072ms
[2021-04-30T09:23:26.518+0300][37,367s][info][gc] GC(809) Concurrent cleanup 113M->113M(128M) 0,039ms
[2021-04-30T09:23:26.519+0300][37,369s][info][gc] GC(809) Concurrent evacuation 1,776ms
[2021-04-30T09:23:26.520+0300][37,369s][info][gc] GC(809) Pause Init Update Refs 0,006ms
[2021-04-30T09:23:26.530+0300][37,380s][info][gc] GC(809) Concurrent update references 10,462ms
[2021-04-30T09:23:26.530+0300][37,380s][info][gc] GC(809) Pause Final Update Refs 0,073ms
[2021-04-30T09:23:26.531+0300][37,380s][info][gc] GC(809) Concurrent cleanup 119M->113M(128M) 0,042ms
[2021-04-30T09:23:26.532+0300][37,381s][info][gc] Trigger: Free (8370K) is below minimum threshold (13107K)
[2021-04-30T09:23:26.532+0300][37,381s][info][gc] GC(810) Concurrent reset 0,210ms
[2021-04-30T09:23:26.532+0300][37,382s][info][gc] GC(810) Pause Init Mark (process weakrefs) 0,177ms
[2021-04-30T09:23:26.553+0300][37,402s][info][gc] GC(810) Concurrent marking (process weakrefs) 20,199ms
[2021-04-30T09:23:26.553+0300][37,402s][info][gc] GC(810) Concurrent precleaning 0,110ms
[2021-04-30T09:23:26.555+0300][37,404s][info][gc] GC(810) Pause Final Mark (process weakrefs) 1,101ms
[2021-04-30T09:23:26.555+0300][37,404s][info][gc] GC(810) Concurrent cleanup 113M->113M(128M) 0,039ms
[2021-04-30T09:23:26.557+0300][37,406s][info][gc] GC(810) Concurrent evacuation 1,806ms
[2021-04-30T09:23:26.557+0300][37,406s][info][gc] GC(810) Pause Init Update Refs 0,007ms
[2021-04-30T09:23:26.568+0300][37,418s][info][gc] GC(810) Concurrent update references 11,647ms
[2021-04-30T09:23:26.569+0300][37,418s][info][gc] GC(810) Pause Final Update Refs 0,091ms
[2021-04-30T09:23:26.569+0300][37,418s][info][gc] GC(810) Concurrent cleanup 118M->112M(128M) 0,038ms
[2021-04-30T09:23:26.570+0300][37,420s][info][gc] Trigger: Free (8626K) is below minimum threshold (13107K)
[2021-04-30T09:23:26.570+0300][37,420s][info][gc] GC(811) Concurrent reset 0,179ms
[2021-04-30T09:23:26.571+0300][37,420s][info][gc] GC(811) Pause Init Mark 0,229ms
[2021-04-30T09:23:26.589+0300][37,438s][info][gc] GC(811) Concurrent marking 17,930ms
[2021-04-30T09:23:26.591+0300][37,440s][info][gc] GC(811) Pause Final Mark 1,061ms
[2021-04-30T09:23:26.591+0300][37,440s][info][gc] GC(811) Concurrent cleanup 113M->113M(128M) 0,047ms
[2021-04-30T09:23:26.593+0300][37,442s][info][gc] GC(811) Concurrent evacuation 2,092ms
[2021-04-30T09:23:26.593+0300][37,443s][info][gc] GC(811) Pause Init Update Refs 0,008ms
[2021-04-30T09:23:26.604+0300][37,453s][info][gc] GC(811) Concurrent update references 10,395ms
[2021-04-30T09:23:26.604+0300][37,454s][info][gc] GC(811) Pause Final Update Refs 0,070ms
[2021-04-30T09:23:26.604+0300][37,454s][info][gc] GC(811) Concurrent cleanup 118M->113M(128M) 0,054ms
[2021-04-30T09:23:26.606+0300][37,455s][info][gc] Trigger: Free (8521K) is below minimum threshold (13107K)
[2021-04-30T09:23:26.606+0300][37,455s][info][gc] GC(812) Concurrent reset 0,128ms
[2021-04-30T09:23:26.606+0300][37,455s][info][gc] GC(812) Pause Init Mark 0,154ms
[2021-04-30T09:23:26.623+0300][37,472s][info][gc] GC(812) Concurrent marking 16,802ms
[2021-04-30T09:23:26.625+0300][37,474s][info][gc] GC(812) Pause Final Mark 1,187ms
[2021-04-30T09:23:26.625+0300][37,474s][info][gc] GC(812) Concurrent cleanup 113M->113M(128M) 0,046ms
[2021-04-30T09:23:26.627+0300][37,476s][info][gc] GC(812) Concurrent evacuation 1,733ms
[2021-04-30T09:23:26.627+0300][37,477s][info][gc] GC(812) Pause Init Update Refs 0,021ms
[2021-04-30T09:23:26.636+0300][37,485s][info][gc] GC(812) Concurrent update references 8,458ms
[2021-04-30T09:23:26.636+0300][37,486s][info][gc] GC(812) Pause Final Update Refs 0,063ms
[2021-04-30T09:23:26.636+0300][37,486s][info][gc] GC(812) Concurrent cleanup 118M->112M(128M) 0,040ms
[2021-04-30T09:23:26.637+0300][37,487s][info][gc] Trigger: Free (8881K) is below minimum threshold (13107K)
[2021-04-30T09:23:26.638+0300][37,487s][info][gc] GC(813) Concurrent reset 0,152ms
[2021-04-30T09:23:26.638+0300][37,487s][info][gc] GC(813) Pause Init Mark 0,217ms
[2021-04-30T09:23:26.655+0300][37,504s][info][gc] GC(813) Concurrent marking 16,609ms
[2021-04-30T09:23:26.657+0300][37,506s][info][gc] GC(813) Pause Final Mark 1,109ms
[2021-04-30T09:23:26.657+0300][37,506s][info][gc] GC(813) Concurrent cleanup 113M->113M(128M) 0,042ms
[2021-04-30T09:23:26.658+0300][37,508s][info][gc] GC(813) Concurrent evacuation 1,518ms
[2021-04-30T09:23:26.659+0300][37,508s][info][gc] GC(813) Pause Init Update Refs 0,006ms
[2021-04-30T09:23:26.668+0300][37,517s][info][gc] GC(813) Concurrent update references 9,098ms
[2021-04-30T09:23:26.668+0300][37,518s][info][gc] GC(813) Pause Final Update Refs 0,072ms
[2021-04-30T09:23:26.668+0300][37,518s][info][gc] GC(813) Concurrent cleanup 118M->112M(128M) 0,039ms
[2021-04-30T09:23:26.669+0300][37,519s][info][gc] Trigger: Free (8878K) is below minimum threshold (13107K)
[2021-04-30T09:23:26.670+0300][37,519s][info][gc] GC(814) Concurrent reset 0,191ms
[2021-04-30T09:23:26.670+0300][37,519s][info][gc] GC(814) Pause Init Mark 0,138ms
[2021-04-30T09:23:26.684+0300][37,534s][info][gc] GC(814) Concurrent marking 14,063ms
[2021-04-30T09:23:26.686+0300][37,535s][info][gc] GC(814) Pause Final Mark 0,878ms
[2021-04-30T09:23:26.686+0300][37,535s][info][gc] GC(814) Concurrent cleanup 113M->113M(128M) 0,039ms
[2021-04-30T09:23:26.687+0300][37,537s][info][gc] GC(814) Concurrent evacuation 1,319ms
[2021-04-30T09:23:26.687+0300][37,537s][info][gc] GC(814) Pause Init Update Refs 0,005ms
[2021-04-30T09:23:26.696+0300][37,545s][info][gc] GC(814) Concurrent update references 8,198ms
[2021-04-30T09:23:26.696+0300][37,545s][info][gc] GC(814) Pause Final Update Refs 0,076ms
[2021-04-30T09:23:26.696+0300][37,546s][info][gc] GC(814) Concurrent cleanup 118M->112M(128M) 0,046ms
[2021-04-30T09:23:26.697+0300][37,547s][info][gc] Trigger: Free (8878K) is below minimum threshold (13107K)
[2021-04-30T09:23:26.697+0300][37,547s][info][gc] GC(815) Concurrent reset 0,119ms
[2021-04-30T09:23:26.698+0300][37,547s][info][gc] GC(815) Pause Init Mark (process weakrefs) 0,156ms
[2021-04-30T09:23:26.714+0300][37,564s][info][gc] GC(815) Concurrent marking (process weakrefs) 16,512ms
[2021-04-30T09:23:26.714+0300][37,564s][info][gc] GC(815) Concurrent precleaning 0,109ms
[2021-04-30T09:23:26.716+0300][37,565s][info][gc] GC(815) Pause Final Mark (process weakrefs) 1,056ms
[2021-04-30T09:23:26.716+0300][37,566s][info][gc] GC(815) Concurrent cleanup 113M->113M(128M) 0,037ms
[2021-04-30T09:23:26.717+0300][37,567s][info][gc] GC(815) Concurrent evacuation 1,222ms
[2021-04-30T09:23:26.718+0300][37,567s][info][gc] GC(815) Pause Init Update Refs 0,006ms
[2021-04-30T09:23:26.732+0300][37,581s][info][gc] GC(815) Concurrent update references 13,718ms
[2021-04-30T09:23:26.732+0300][37,581s][info][gc] GC(815) Pause Final Update Refs 0,082ms
[2021-04-30T09:23:26.732+0300][37,581s][info][gc] GC(815) Concurrent cleanup 118M->112M(128M) 0,039ms
[2021-04-30T09:23:26.733+0300][37,583s][info][gc] Trigger: Free (8878K) is below minimum threshold (13107K)
[2021-04-30T09:23:26.733+0300][37,583s][info][gc] GC(816) Concurrent reset 0,121ms
[2021-04-30T09:23:26.734+0300][37,583s][info][gc] GC(816) Pause Init Mark 0,134ms
[2021-04-30T09:23:26.748+0300][37,597s][info][gc] GC(816) Concurrent marking 14,208ms
[2021-04-30T09:23:26.750+0300][37,599s][info][gc] GC(816) Pause Final Mark 0,929ms
[2021-04-30T09:23:26.750+0300][37,599s][info][gc] GC(816) Concurrent cleanup 113M->113M(128M) 0,038ms
[2021-04-30T09:23:26.751+0300][37,601s][info][gc] GC(816) Concurrent evacuation 1,471ms
[2021-04-30T09:23:26.752+0300][37,601s][info][gc] GC(816) Pause Init Update Refs 0,006ms
[2021-04-30T09:23:26.760+0300][37,609s][info][gc] GC(816) Concurrent update references 8,133ms
[2021-04-30T09:23:26.760+0300][37,610s][info][gc] GC(816) Pause Final Update Refs 0,094ms
[2021-04-30T09:23:26.761+0300][37,610s][info][gc] GC(816) Concurrent cleanup 118M->112M(128M) 0,040ms
[2021-04-30T09:23:26.762+0300][37,611s][info][gc] Trigger: Free (9134K) is below minimum threshold (13107K)
[2021-04-30T09:23:26.762+0300][37,611s][info][gc] GC(817) Concurrent reset 0,118ms
[2021-04-30T09:23:26.762+0300][37,612s][info][gc] GC(817) Pause Init Mark 0,139ms
[2021-04-30T09:23:26.777+0300][37,626s][info][gc] GC(817) Concurrent marking 14,249ms
[2021-04-30T09:23:26.778+0300][37,628s][info][gc] GC(817) Pause Final Mark 1,103ms
[2021-04-30T09:23:26.779+0300][37,628s][info][gc] GC(817) Concurrent cleanup 112M->112M(128M) 0,038ms
[2021-04-30T09:23:26.780+0300][37,629s][info][gc] GC(817) Concurrent evacuation 1,412ms
[2021-04-30T09:23:26.780+0300][37,630s][info][gc] GC(817) Pause Init Update Refs 0,021ms
[2021-04-30T09:23:26.789+0300][37,638s][info][gc] GC(817) Concurrent update references 8,179ms
[2021-04-30T09:23:26.789+0300][37,638s][info][gc] GC(817) Pause Final Update Refs 0,092ms
[2021-04-30T09:23:26.789+0300][37,638s][info][gc] GC(817) Concurrent cleanup 118M->112M(128M) 0,040ms
[2021-04-30T09:23:26.790+0300][37,640s][info][gc] Trigger: Free (9131K) is below minimum threshold (13107K)
[2021-04-30T09:23:26.790+0300][37,640s][info][gc] GC(818) Concurrent reset 0,124ms
[2021-04-30T09:23:26.791+0300][37,640s][info][gc] GC(818) Pause Init Mark 0,156ms
[2021-04-30T09:23:26.807+0300][37,656s][info][gc] GC(818) Concurrent marking 16,218ms
[2021-04-30T09:23:26.809+0300][37,658s][info][gc] GC(818) Pause Final Mark 0,912ms
[2021-04-30T09:23:26.809+0300][37,658s][info][gc] GC(818) Concurrent cleanup 112M->112M(128M) 0,043ms
[2021-04-30T09:23:26.810+0300][37,660s][info][gc] GC(818) Concurrent evacuation 1,351ms
[2021-04-30T09:23:26.810+0300][37,660s][info][gc] GC(818) Pause Init Update Refs 0,021ms
[2021-04-30T09:23:26.819+0300][37,668s][info][gc] GC(818) Concurrent update references 8,076ms
[2021-04-30T09:23:26.819+0300][37,669s][info][gc] GC(818) Pause Final Update Refs 0,066ms
[2021-04-30T09:23:26.819+0300][37,669s][info][gc] GC(818) Concurrent cleanup 118M->112M(128M) 0,040ms
[2021-04-30T09:23:26.820+0300][37,670s][info][gc] Trigger: Free (8875K) is below minimum threshold (13107K)
[2021-04-30T09:23:26.821+0300][37,670s][info][gc] GC(819) Concurrent reset 0,177ms
[2021-04-30T09:23:26.821+0300][37,670s][info][gc] GC(819) Pause Init Mark 0,156ms
[2021-04-30T09:23:26.838+0300][37,688s][info][gc] GC(819) Concurrent marking 17,097ms
[2021-04-30T09:23:26.840+0300][37,689s][info][gc] GC(819) Pause Final Mark 0,980ms
[2021-04-30T09:23:26.840+0300][37,689s][info][gc] GC(819) Concurrent cleanup 113M->113M(128M) 0,064ms
[2021-04-30T09:23:26.842+0300][37,692s][info][gc] GC(819) Concurrent evacuation 2,420ms
[2021-04-30T09:23:26.843+0300][37,693s][info][gc] GC(819) Pause Init Update Refs 0,011ms
[2021-04-30T09:23:26.854+0300][37,703s][info][gc] GC(819) Concurrent update references 10,664ms
[2021-04-30T09:23:26.855+0300][37,704s][info][gc] GC(819) Pause Final Update Refs 0,113ms
[2021-04-30T09:23:26.855+0300][37,704s][info][gc] GC(819) Concurrent cleanup 118M->112M(128M) 0,044ms
[2021-04-30T09:23:26.856+0300][37,705s][info][gc] Trigger: Free (9134K) is below minimum threshold (13107K)
[2021-04-30T09:23:26.856+0300][37,705s][info][gc] GC(820) Concurrent reset 0,145ms
[2021-04-30T09:23:26.856+0300][37,706s][info][gc] GC(820) Pause Init Mark (process weakrefs) 0,178ms
[2021-04-30T09:23:26.875+0300][37,724s][info][gc] GC(820) Concurrent marking (process weakrefs) 18,616ms
[2021-04-30T09:23:26.875+0300][37,725s][info][gc] GC(820) Concurrent precleaning 0,112ms
[2021-04-30T09:23:26.877+0300][37,726s][info][gc] GC(820) Pause Final Mark (process weakrefs) 0,957ms
[2021-04-30T09:23:26.877+0300][37,726s][info][gc] GC(820) Concurrent cleanup 112M->112M(128M) 0,046ms
[2021-04-30T09:23:26.879+0300][37,728s][info][gc] GC(820) Concurrent evacuation 1,604ms
[2021-04-30T09:23:26.879+0300][37,728s][info][gc] GC(820) Pause Init Update Refs 0,021ms
[2021-04-30T09:23:26.889+0300][37,739s][info][gc] GC(820) Concurrent update references 10,422ms
[2021-04-30T09:23:26.890+0300][37,739s][info][gc] GC(820) Pause Final Update Refs 0,082ms
[2021-04-30T09:23:26.890+0300][37,740s][info][gc] GC(820) Concurrent cleanup 118M->112M(128M) 0,042ms
[2021-04-30T09:23:26.891+0300][37,741s][info][gc] Trigger: Free (9131K) is below minimum threshold (13107K)
[2021-04-30T09:23:26.891+0300][37,741s][info][gc] GC(821) Concurrent reset 0,150ms
[2021-04-30T09:23:26.892+0300][37,741s][info][gc] GC(821) Pause Init Mark 0,281ms
[2021-04-30T09:23:26.915+0300][37,764s][info][gc] GC(821) Concurrent marking 22,478ms
[2021-04-30T09:23:26.917+0300][37,766s][info][gc] GC(821) Pause Final Mark 1,038ms
[2021-04-30T09:23:26.917+0300][37,766s][info][gc] GC(821) Concurrent cleanup 112M->112M(128M) 0,039ms
[2021-04-30T09:23:26.918+0300][37,767s][info][gc] GC(821) Concurrent evacuation 1,367ms
[2021-04-30T09:23:26.918+0300][37,768s][info][gc] GC(821) Pause Init Update Refs 0,006ms
[2021-04-30T09:23:26.929+0300][37,778s][info][gc] GC(821) Concurrent update references 10,280ms
[2021-04-30T09:23:26.929+0300][37,778s][info][gc] GC(821) Pause Final Update Refs 0,124ms
[2021-04-30T09:23:26.929+0300][37,778s][info][gc] GC(821) Concurrent cleanup 118M->112M(128M) 0,040ms
[2021-04-30T09:23:26.930+0300][37,780s][info][gc] Trigger: Free (9131K) is below minimum threshold (13107K)
[2021-04-30T09:23:26.930+0300][37,780s][info][gc] GC(822) Concurrent reset 0,174ms
[2021-04-30T09:23:26.931+0300][37,780s][info][gc] GC(822) Pause Init Mark 0,224ms
[2021-04-30T09:23:26.950+0300][37,799s][info][gc] GC(822) Concurrent marking 19,068ms
[2021-04-30T09:23:26.952+0300][37,801s][info][gc] GC(822) Pause Final Mark 1,223ms
[2021-04-30T09:23:26.952+0300][37,801s][info][gc] GC(822) Concurrent cleanup 112M->112M(128M) 0,046ms
[2021-04-30T09:23:26.954+0300][37,803s][info][gc] GC(822) Concurrent evacuation 1,547ms
[2021-04-30T09:23:26.954+0300][37,803s][info][gc] GC(822) Pause Init Update Refs 0,007ms
[2021-04-30T09:23:26.962+0300][37,812s][info][gc] GC(822) Concurrent update references 8,110ms
[2021-04-30T09:23:26.963+0300][37,812s][info][gc] GC(822) Pause Final Update Refs 0,061ms
[2021-04-30T09:23:26.963+0300][37,812s][info][gc] GC(822) Concurrent cleanup 118M->112M(128M) 0,040ms
[2021-04-30T09:23:26.964+0300][37,813s][info][gc] Trigger: Free (9131K) is below minimum threshold (13107K)
[2021-04-30T09:23:26.964+0300][37,813s][info][gc] GC(823) Concurrent reset 0,147ms
[2021-04-30T09:23:26.964+0300][37,814s][info][gc] GC(823) Pause Init Mark 0,194ms
[2021-04-30T09:23:26.981+0300][37,831s][info][gc] GC(823) Concurrent marking 16,940ms
[2021-04-30T09:23:26.983+0300][37,833s][info][gc] GC(823) Pause Final Mark 1,052ms
[2021-04-30T09:23:26.983+0300][37,833s][info][gc] GC(823) Concurrent cleanup 112M->112M(128M) 0,039ms
[2021-04-30T09:23:26.985+0300][37,834s][info][gc] GC(823) Concurrent evacuation 1,413ms
[2021-04-30T09:23:26.985+0300][37,834s][info][gc] GC(823) Pause Init Update Refs 0,005ms
[2021-04-30T09:23:26.993+0300][37,843s][info][gc] GC(823) Concurrent update references 8,183ms
[2021-04-30T09:23:26.994+0300][37,843s][info][gc] GC(823) Pause Final Update Refs 0,075ms
[2021-04-30T09:23:26.994+0300][37,843s][info][gc] GC(823) Concurrent cleanup 118M->112M(128M) 0,046ms
[2021-04-30T09:23:26.995+0300][37,844s][info][gc] Trigger: Free (9387K) is below minimum threshold (13107K)
[2021-04-30T09:23:26.995+0300][37,845s][info][gc] GC(824) Concurrent reset 0,183ms
[2021-04-30T09:23:26.995+0300][37,845s][info][gc] GC(824) Pause Init Mark 0,150ms
[2021-04-30T09:23:27.010+0300][37,860s][info][gc] GC(824) Concurrent marking 14,843ms
[2021-04-30T09:23:27.012+0300][37,862s][info][gc] GC(824) Pause Final Mark 1,156ms
[2021-04-30T09:23:27.012+0300][37,862s][info][gc] GC(824) Concurrent cleanup 112M->112M(128M) 0,039ms
[2021-04-30T09:23:27.014+0300][37,864s][info][gc] GC(824) Concurrent evacuation 1,639ms
[2021-04-30T09:23:27.015+0300][37,864s][info][gc] GC(824) Pause Init Update Refs 0,024ms
[2021-04-30T09:23:27.023+0300][37,873s][info][gc] GC(824) Concurrent update references 8,447ms
[2021-04-30T09:23:27.024+0300][37,874s][info][gc] GC(824) Pause Final Update Refs 0,171ms
[2021-04-30T09:23:27.024+0300][37,874s][info][gc] GC(824) Concurrent cleanup 117M->112M(128M) 0,046ms
[2021-04-30T09:23:27.025+0300][37,875s][info][gc] Trigger: Free (9400K) is below minimum threshold (13107K)
[2021-04-30T09:23:27.026+0300][37,875s][info][gc] GC(825) Concurrent reset 0,137ms
[2021-04-30T09:23:27.026+0300][37,876s][info][gc] GC(825) Pause Init Mark (process weakrefs) 0,262ms
[2021-04-30T09:23:27.042+0300][37,892s][info][gc] GC(825) Concurrent marking (process weakrefs) 16,121ms
[2021-04-30T09:23:27.043+0300][37,892s][info][gc] GC(825) Concurrent precleaning 0,118ms
[2021-04-30T09:23:27.045+0300][37,894s][info][gc] GC(825) Pause Final Mark (process weakrefs) 1,404ms
[2021-04-30T09:23:27.045+0300][37,894s][info][gc] GC(825) Concurrent cleanup 112M->112M(128M) 0,044ms
[2021-04-30T09:23:27.046+0300][37,896s][info][gc] GC(825) Concurrent evacuation 1,482ms
[2021-04-30T09:23:27.047+0300][37,896s][info][gc] GC(825) Pause Init Update Refs 0,008ms
[2021-04-30T09:23:27.057+0300][37,906s][info][gc] GC(825) Concurrent update references 9,537ms
[2021-04-30T09:23:27.057+0300][37,907s][info][gc] GC(825) Pause Final Update Refs 0,120ms
[2021-04-30T09:23:27.057+0300][37,907s][info][gc] GC(825) Concurrent cleanup 117M->111M(128M) 0,046ms
[2021-04-30T09:23:27.059+0300][37,908s][info][gc] Trigger: Free (9656K) is below minimum threshold (13107K)
[2021-04-30T09:23:27.059+0300][37,908s][info][gc] GC(826) Concurrent reset 0,172ms
[2021-04-30T09:23:27.059+0300][37,909s][info][gc] GC(826) Pause Init Mark 0,231ms
[2021-04-30T09:23:27.075+0300][37,925s][info][gc] GC(826) Concurrent marking 15,663ms
[2021-04-30T09:23:27.077+0300][37,926s][info][gc] GC(826) Pause Final Mark 1,007ms
[2021-04-30T09:23:27.077+0300][37,926s][info][gc] GC(826) Concurrent cleanup 112M->112M(128M) 0,037ms
[2021-04-30T09:23:27.078+0300][37,928s][info][gc] GC(826) Concurrent evacuation 1,491ms
[2021-04-30T09:23:27.079+0300][37,928s][info][gc] GC(826) Pause Init Update Refs 0,006ms
[2021-04-30T09:23:27.089+0300][37,939s][info][gc] GC(826) Concurrent update references 10,446ms
[2021-04-30T09:23:27.090+0300][37,939s][info][gc] GC(826) Pause Final Update Refs 0,127ms
[2021-04-30T09:23:27.090+0300][37,939s][info][gc] GC(826) Concurrent cleanup 117M->112M(128M) 0,044ms
[2021-04-30T09:23:27.091+0300][37,941s][info][gc] Trigger: Free (9398K) is below minimum threshold (13107K)
[2021-04-30T09:23:27.092+0300][37,941s][info][gc] GC(827) Concurrent reset 0,544ms
[2021-04-30T09:23:27.092+0300][37,942s][info][gc] GC(827) Pause Init Mark 0,253ms
[2021-04-30T09:23:27.109+0300][37,958s][info][gc] GC(827) Concurrent marking 16,614ms
[2021-04-30T09:23:27.111+0300][37,960s][info][gc] GC(827) Pause Final Mark 1,095ms
[2021-04-30T09:23:27.111+0300][37,961s][info][gc] GC(827) Concurrent cleanup 112M->112M(128M) 0,046ms
[2021-04-30T09:23:27.113+0300][37,962s][info][gc] GC(827) Concurrent evacuation 1,543ms
[2021-04-30T09:23:27.113+0300][37,962s][info][gc] GC(827) Pause Init Update Refs 0,006ms
[2021-04-30T09:23:27.123+0300][37,972s][info][gc] GC(827) Concurrent update references 9,790ms
[2021-04-30T09:23:27.123+0300][37,973s][info][gc] GC(827) Pause Final Update Refs 0,205ms
[2021-04-30T09:23:27.124+0300][37,973s][info][gc] GC(827) Concurrent cleanup 118M->112M(128M) 0,039ms
[2021-04-30T09:23:27.125+0300][37,974s][info][gc] Trigger: Free (9400K) is below minimum threshold (13107K)
[2021-04-30T09:23:27.125+0300][37,974s][info][gc] GC(828) Concurrent reset 0,177ms
[2021-04-30T09:23:27.125+0300][37,975s][info][gc] GC(828) Pause Init Mark 0,264ms
[2021-04-30T09:23:27.142+0300][37,991s][info][gc] GC(828) Concurrent marking 16,181ms
[2021-04-30T09:23:27.144+0300][37,993s][info][gc] GC(828) Pause Final Mark 1,073ms
[2021-04-30T09:23:27.144+0300][37,993s][info][gc] GC(828) Concurrent cleanup 112M->112M(128M) 0,037ms
[2021-04-30T09:23:27.145+0300][37,994s][info][gc] GC(828) Concurrent evacuation 1,326ms
[2021-04-30T09:23:27.146+0300][37,995s][info][gc] GC(828) Pause Init Update Refs 0,021ms
[2021-04-30T09:23:27.154+0300][38,003s][info][gc] GC(828) Concurrent update references 8,187ms
[2021-04-30T09:23:27.155+0300][38,004s][info][gc] GC(828) Pause Final Update Refs 0,217ms
[2021-04-30T09:23:27.155+0300][38,004s][info][gc] GC(828) Concurrent cleanup 117M->111M(128M) 0,039ms
[2021-04-30T09:23:27.156+0300][38,005s][info][gc] Trigger: Free (9656K) is below minimum threshold (13107K)
[2021-04-30T09:23:27.156+0300][38,006s][info][gc] GC(829) Concurrent reset 0,122ms
[2021-04-30T09:23:27.157+0300][38,006s][info][gc] GC(829) Pause Init Mark 0,198ms
[2021-04-30T09:23:27.173+0300][38,022s][info][gc] GC(829) Concurrent marking 16,290ms
[2021-04-30T09:23:27.175+0300][38,024s][info][gc] GC(829) Pause Final Mark 0,971ms
[2021-04-30T09:23:27.175+0300][38,024s][info][gc] GC(829) Concurrent cleanup 112M->112M(128M) 0,040ms
[2021-04-30T09:23:27.176+0300][38,026s][info][gc] GC(829) Concurrent evacuation 1,377ms
[2021-04-30T09:23:27.177+0300][38,026s][info][gc] GC(829) Pause Init Update Refs 0,021ms
[2021-04-30T09:23:27.186+0300][38,036s][info][gc] GC(829) Concurrent update references 9,564ms
[2021-04-30T09:23:27.187+0300][38,036s][info][gc] GC(829) Pause Final Update Refs 0,096ms
[2021-04-30T09:23:27.187+0300][38,036s][info][gc] GC(829) Concurrent cleanup 117M->111M(128M) 0,039ms
[2021-04-30T09:23:27.188+0300][38,038s][info][gc] Trigger: Free (9654K) is below minimum threshold (13107K)
[2021-04-30T09:23:27.188+0300][38,038s][info][gc] GC(830) Concurrent reset 0,179ms
[2021-04-30T09:23:27.189+0300][38,038s][info][gc] GC(830) Pause Init Mark (process weakrefs) 0,158ms
[2021-04-30T09:23:27.203+0300][38,052s][info][gc] GC(830) Concurrent marking (process weakrefs) 13,919ms
[2021-04-30T09:23:27.203+0300][38,052s][info][gc] GC(830) Concurrent precleaning 0,136ms
[2021-04-30T09:23:27.205+0300][38,054s][info][gc] GC(830) Pause Final Mark (process weakrefs) 1,105ms
[2021-04-30T09:23:27.205+0300][38,054s][info][gc] GC(830) Concurrent cleanup 112M->112M(128M) 0,040ms
[2021-04-30T09:23:27.206+0300][38,056s][info][gc] GC(830) Concurrent evacuation 1,385ms
[2021-04-30T09:23:27.207+0300][38,056s][info][gc] GC(830) Pause Init Update Refs 0,006ms
[2021-04-30T09:23:27.220+0300][38,070s][info][gc] GC(830) Concurrent update references 13,614ms
[2021-04-30T09:23:27.221+0300][38,070s][info][gc] GC(830) Pause Final Update Refs 0,171ms
[2021-04-30T09:23:27.221+0300][38,070s][info][gc] GC(830) Concurrent cleanup 117M->112M(128M) 0,055ms
[2021-04-30T09:23:27.222+0300][38,072s][info][gc] Trigger: Free (9398K) is below minimum threshold (13107K)
[2021-04-30T09:23:27.222+0300][38,072s][info][gc] GC(831) Concurrent reset 0,186ms
[2021-04-30T09:23:27.223+0300][38,072s][info][gc] GC(831) Pause Init Mark 0,160ms
[2021-04-30T09:23:27.244+0300][38,094s][info][gc] GC(831) Concurrent marking 21,684ms
[2021-04-30T09:23:27.246+0300][38,096s][info][gc] GC(831) Pause Final Mark 1,185ms
[2021-04-30T09:23:27.247+0300][38,096s][info][gc] GC(831) Concurrent cleanup 112M->112M(128M) 0,043ms
[2021-04-30T09:23:27.248+0300][38,097s][info][gc] GC(831) Concurrent evacuation 1,315ms
[2021-04-30T09:23:27.248+0300][38,098s][info][gc] GC(831) Pause Init Update Refs 0,006ms
[2021-04-30T09:23:27.259+0300][38,109s][info][gc] GC(831) Concurrent update references 10,645ms
[2021-04-30T09:23:27.260+0300][38,109s][info][gc] GC(831) Pause Final Update Refs 0,216ms
[2021-04-30T09:23:27.260+0300][38,109s][info][gc] GC(831) Concurrent cleanup 118M->111M(128M) 0,056ms
[2021-04-30T09:23:27.261+0300][38,110s][info][gc] Trigger: Free (9656K) is below minimum threshold (13107K)
[2021-04-30T09:23:27.261+0300][38,111s][info][gc] GC(832) Concurrent reset 0,200ms
[2021-04-30T09:23:27.262+0300][38,111s][info][gc] GC(832) Pause Init Mark 0,304ms
[2021-04-30T09:23:27.278+0300][38,127s][info][gc] GC(832) Concurrent marking 15,603ms
[2021-04-30T09:23:27.280+0300][38,129s][info][gc] GC(832) Pause Final Mark 1,275ms
[2021-04-30T09:23:27.280+0300][38,129s][info][gc] GC(832) Concurrent cleanup 112M->112M(128M) 0,038ms
[2021-04-30T09:23:27.281+0300][38,131s][info][gc] GC(832) Concurrent evacuation 1,320ms
[2021-04-30T09:23:27.282+0300][38,131s][info][gc] GC(832) Pause Init Update Refs 0,021ms
[2021-04-30T09:23:27.292+0300][38,141s][info][gc] GC(832) Concurrent update references 10,089ms
[2021-04-30T09:23:27.292+0300][38,142s][info][gc] GC(832) Pause Final Update Refs 0,064ms
[2021-04-30T09:23:27.292+0300][38,142s][info][gc] GC(832) Concurrent cleanup 117M->111M(128M) 0,041ms
[2021-04-30T09:23:27.293+0300][38,143s][info][gc] Trigger: Free (9910K) is below minimum threshold (13107K)
[2021-04-30T09:23:27.294+0300][38,143s][info][gc] GC(833) Concurrent reset 0,179ms
[2021-04-30T09:23:27.294+0300][38,143s][info][gc] GC(833) Pause Init Mark 0,180ms
[2021-04-30T09:23:27.309+0300][38,158s][info][gc] GC(833) Concurrent marking 14,691ms
[2021-04-30T09:23:27.310+0300][38,160s][info][gc] GC(833) Pause Final Mark 1,007ms
[2021-04-30T09:23:27.311+0300][38,160s][info][gc] GC(833) Concurrent cleanup 112M->112M(128M) 0,053ms
[2021-04-30T09:23:27.312+0300][38,161s][info][gc] GC(833) Concurrent evacuation 1,384ms
[2021-04-30T09:23:27.312+0300][38,162s][info][gc] GC(833) Pause Init Update Refs 0,021ms
[2021-04-30T09:23:27.323+0300][38,172s][info][gc] GC(833) Concurrent update references 10,156ms
[2021-04-30T09:23:27.323+0300][38,172s][info][gc] GC(833) Pause Final Update Refs 0,078ms
[2021-04-30T09:23:27.323+0300][38,173s][info][gc] GC(833) Concurrent cleanup 117M->111M(128M) 0,040ms
[2021-04-30T09:23:27.324+0300][38,174s][info][gc] Trigger: Free (9652K) is below minimum threshold (13107K)
[2021-04-30T09:23:27.324+0300][38,174s][info][gc] GC(834) Concurrent reset 0,143ms
[2021-04-30T09:23:27.325+0300][38,174s][info][gc] GC(834) Pause Init Mark 0,185ms
[2021-04-30T09:23:27.344+0300][38,193s][info][gc] GC(834) Concurrent marking 18,703ms
[2021-04-30T09:23:27.346+0300][38,195s][info][gc] GC(834) Pause Final Mark 1,191ms
[2021-04-30T09:23:27.346+0300][38,195s][info][gc] GC(834) Concurrent cleanup 112M->112M(128M) 0,062ms
[2021-04-30T09:23:27.347+0300][38,197s][info][gc] GC(834) Concurrent evacuation 1,528ms
[2021-04-30T09:23:27.348+0300][38,197s][info][gc] GC(834) Pause Init Update Refs 0,006ms
[2021-04-30T09:23:27.360+0300][38,209s][info][gc] GC(834) Concurrent update references 11,956ms
[2021-04-30T09:23:27.360+0300][38,210s][info][gc] GC(834) Pause Final Update Refs 0,078ms
[2021-04-30T09:23:27.360+0300][38,210s][info][gc] GC(834) Concurrent cleanup 117M->111M(128M) 0,043ms
[2021-04-30T09:23:27.362+0300][38,211s][info][gc] Trigger: Free (9910K) is below minimum threshold (13107K)
[2021-04-30T09:23:27.362+0300][38,211s][info][gc] GC(835) Concurrent reset 0,151ms
[2021-04-30T09:23:27.362+0300][38,212s][info][gc] GC(835) Pause Init Mark (process weakrefs) 0,189ms
[2021-04-30T09:23:27.381+0300][38,230s][info][gc] GC(835) Concurrent marking (process weakrefs) 18,404ms
[2021-04-30T09:23:27.381+0300][38,230s][info][gc] GC(835) Concurrent precleaning 0,153ms
[2021-04-30T09:23:27.383+0300][38,232s][info][gc] GC(835) Pause Final Mark (process weakrefs) 1,263ms
[2021-04-30T09:23:27.383+0300][38,232s][info][gc] GC(835) Concurrent cleanup 112M->112M(128M) 0,039ms
[2021-04-30T09:23:27.384+0300][38,234s][info][gc] GC(835) Concurrent evacuation 1,423ms
[2021-04-30T09:23:27.385+0300][38,234s][info][gc] GC(835) Pause Init Update Refs 0,005ms
[2021-04-30T09:23:27.396+0300][38,245s][info][gc] GC(835) Concurrent update references 10,881ms
[2021-04-30T09:23:27.396+0300][38,245s][info][gc] GC(835) Pause Final Update Refs 0,067ms
[2021-04-30T09:23:27.396+0300][38,246s][info][gc] GC(835) Concurrent cleanup 117M->111M(128M) 0,048ms
[2021-04-30T09:23:27.397+0300][38,247s][info][gc] Trigger: Free (9908K) is below minimum threshold (13107K)
[2021-04-30T09:23:27.397+0300][38,247s][info][gc] GC(836) Concurrent reset 0,159ms
[2021-04-30T09:23:27.398+0300][38,247s][info][gc] GC(836) Pause Init Mark 0,144ms
[2021-04-30T09:23:27.415+0300][38,265s][info][gc] GC(836) Concurrent marking 17,510ms
[2021-04-30T09:23:27.417+0300][38,266s][info][gc] GC(836) Pause Final Mark 0,841ms
[2021-04-30T09:23:27.417+0300][38,266s][info][gc] GC(836) Concurrent cleanup 112M->112M(128M) 0,038ms
[2021-04-30T09:23:27.418+0300][38,268s][info][gc] GC(836) Concurrent evacuation 1,424ms
[2021-04-30T09:23:27.419+0300][38,268s][info][gc] GC(836) Pause Init Update Refs 0,006ms
[2021-04-30T09:23:27.427+0300][38,276s][info][gc] GC(836) Concurrent update references 8,111ms
[2021-04-30T09:23:27.428+0300][38,277s][info][gc] GC(836) Pause Final Update Refs 0,219ms
[2021-04-30T09:23:27.428+0300][38,278s][info][gc] GC(836) Concurrent cleanup 117M->111M(128M) 0,046ms
[2021-04-30T09:23:27.429+0300][38,279s][info][gc] Trigger: Free (9908K) is below minimum threshold (13107K)
[2021-04-30T09:23:27.429+0300][38,279s][info][gc] GC(837) Concurrent reset 0,121ms
[2021-04-30T09:23:27.430+0300][38,279s][info][gc] GC(837) Pause Init Mark 0,279ms
[2021-04-30T09:23:27.447+0300][38,296s][info][gc] GC(837) Concurrent marking 16,683ms
[2021-04-30T09:23:27.449+0300][38,299s][info][gc] GC(837) Pause Final Mark 1,197ms
[2021-04-30T09:23:27.449+0300][38,299s][info][gc] GC(837) Concurrent cleanup 112M->112M(128M) 0,044ms
[2021-04-30T09:23:27.451+0300][38,300s][info][gc] GC(837) Concurrent evacuation 1,589ms
[2021-04-30T09:23:27.451+0300][38,301s][info][gc] GC(837) Pause Init Update Refs 0,007ms
[2021-04-30T09:23:27.462+0300][38,312s][info][gc] GC(837) Concurrent update references 10,854ms
[2021-04-30T09:23:27.463+0300][38,312s][info][gc] GC(837) Pause Final Update Refs 0,073ms
[2021-04-30T09:23:27.463+0300][38,312s][info][gc] GC(837) Concurrent cleanup 117M->111M(128M) 0,038ms
[2021-04-30T09:23:27.464+0300][38,313s][info][gc] Trigger: Free (9908K) is below minimum threshold (13107K)
[2021-04-30T09:23:27.464+0300][38,314s][info][gc] GC(838) Concurrent reset 0,115ms
[2021-04-30T09:23:27.464+0300][38,314s][info][gc] GC(838) Pause Init Mark 0,216ms
[2021-04-30T09:23:27.482+0300][38,332s][info][gc] GC(838) Concurrent marking 17,870ms
[2021-04-30T09:23:27.484+0300][38,334s][info][gc] GC(838) Pause Final Mark 0,996ms
[2021-04-30T09:23:27.484+0300][38,334s][info][gc] GC(838) Concurrent cleanup 112M->111M(128M) 0,038ms
[2021-04-30T09:23:27.486+0300][38,335s][info][gc] GC(838) Concurrent evacuation 1,465ms
[2021-04-30T09:23:27.486+0300][38,336s][info][gc] GC(838) Pause Init Update Refs 0,005ms
[2021-04-30T09:23:27.497+0300][38,346s][info][gc] GC(838) Concurrent update references 10,688ms
[2021-04-30T09:23:27.497+0300][38,347s][info][gc] GC(838) Pause Final Update Refs 0,103ms
[2021-04-30T09:23:27.497+0300][38,347s][info][gc] GC(838) Concurrent cleanup 117M->111M(128M) 0,040ms
[2021-04-30T09:23:27.499+0300][38,348s][info][gc] Trigger: Free (10164K) is below minimum threshold (13107K)
[2021-04-30T09:23:27.499+0300][38,348s][info][gc] GC(839) Concurrent reset 0,123ms
[2021-04-30T09:23:27.499+0300][38,349s][info][gc] GC(839) Pause Init Mark 0,249ms
[2021-04-30T09:23:27.518+0300][38,367s][info][gc] GC(839) Concurrent marking 18,501ms
[2021-04-30T09:23:27.519+0300][38,369s][info][gc] GC(839) Pause Final Mark 0,961ms
[2021-04-30T09:23:27.520+0300][38,369s][info][gc] GC(839) Concurrent cleanup 111M->111M(128M) 0,041ms
[2021-04-30T09:23:27.521+0300][38,371s][info][gc] GC(839) Concurrent evacuation 1,834ms
[2021-04-30T09:23:27.522+0300][38,371s][info][gc] GC(839) Pause Init Update Refs 0,007ms
[2021-04-30T09:23:27.534+0300][38,383s][info][gc] GC(839) Concurrent update references 11,786ms
[2021-04-30T09:23:27.534+0300][38,383s][info][gc] GC(839) Pause Final Update Refs 0,107ms
[2021-04-30T09:23:27.534+0300][38,383s][info][gc] GC(839) Concurrent cleanup 117M->111M(128M) 0,039ms
[2021-04-30T09:23:27.535+0300][38,385s][info][gc] Trigger: Free (9906K) is below minimum threshold (13107K)
[2021-04-30T09:23:27.535+0300][38,385s][info][gc] GC(840) Concurrent reset 0,140ms
[2021-04-30T09:23:27.536+0300][38,385s][info][gc] GC(840) Pause Init Mark (process weakrefs) 0,161ms
[2021-04-30T09:23:27.557+0300][38,406s][info][gc] GC(840) Concurrent marking (process weakrefs) 20,917ms
[2021-04-30T09:23:27.557+0300][38,406s][info][gc] GC(840) Concurrent precleaning 0,073ms
[2021-04-30T09:23:27.559+0300][38,408s][info][gc] GC(840) Pause Final Mark (process weakrefs) 1,277ms
[2021-04-30T09:23:27.559+0300][38,409s][info][gc] GC(840) Concurrent cleanup 111M->112M(128M) 0,043ms
[2021-04-30T09:23:27.561+0300][38,410s][info][gc] GC(840) Concurrent evacuation 1,706ms
[2021-04-30T09:23:27.561+0300][38,410s][info][gc] GC(840) Pause Init Update Refs 0,005ms
[2021-04-30T09:23:27.576+0300][38,425s][info][gc] GC(840) Concurrent update references 14,608ms
[2021-04-30T09:23:27.576+0300][38,426s][info][gc] GC(840) Pause Final Update Refs 0,087ms
[2021-04-30T09:23:27.576+0300][38,426s][info][gc] GC(840) Concurrent cleanup 117M->111M(128M) 0,046ms
[2021-04-30T09:23:27.578+0300][38,427s][info][gc] Trigger: Free (10420K) is below minimum threshold (13107K)
[2021-04-30T09:23:27.578+0300][38,427s][info][gc] GC(841) Concurrent reset 0,159ms
[2021-04-30T09:23:27.578+0300][38,428s][info][gc] GC(841) Pause Init Mark 0,200ms
[2021-04-30T09:23:27.603+0300][38,452s][info][gc] GC(841) Concurrent marking 24,433ms
[2021-04-30T09:23:27.605+0300][38,454s][info][gc] GC(841) Pause Final Mark 1,269ms
[2021-04-30T09:23:27.605+0300][38,454s][info][gc] GC(841) Concurrent cleanup 111M->111M(128M) 0,046ms
[2021-04-30T09:23:27.609+0300][38,458s][info][gc] GC(841) Concurrent evacuation 3,636ms
[2021-04-30T09:23:27.609+0300][38,458s][info][gc] GC(841) Pause Init Update Refs 0,010ms
[2021-04-30T09:23:27.621+0300][38,471s][info][gc] GC(841) Concurrent update references 12,290ms
[2021-04-30T09:23:27.622+0300][38,471s][info][gc] GC(841) Pause Final Update Refs 0,139ms
[2021-04-30T09:23:27.622+0300][38,471s][info][gc] GC(841) Concurrent cleanup 116M->111M(128M) 0,041ms
[2021-04-30T09:23:27.623+0300][38,472s][info][gc] Trigger: Free (10142K) is below minimum threshold (13107K)
[2021-04-30T09:23:27.623+0300][38,473s][info][gc] GC(842) Concurrent reset 0,216ms
[2021-04-30T09:23:27.624+0300][38,473s][info][gc] GC(842) Pause Init Mark 0,224ms
[2021-04-30T09:23:27.640+0300][38,489s][info][gc] GC(842) Concurrent marking 16,090ms
[2021-04-30T09:23:27.642+0300][38,491s][info][gc] GC(842) Pause Final Mark 1,169ms
[2021-04-30T09:23:27.642+0300][38,491s][info][gc] GC(842) Concurrent cleanup 111M->111M(128M) 0,039ms
[2021-04-30T09:23:27.644+0300][38,493s][info][gc] GC(842) Concurrent evacuation 1,746ms
[2021-04-30T09:23:27.644+0300][38,493s][info][gc] GC(842) Pause Init Update Refs 0,004ms
[2021-04-30T09:23:27.652+0300][38,502s][info][gc] GC(842) Concurrent update references 8,348ms
[2021-04-30T09:23:27.653+0300][38,503s][info][gc] GC(842) Pause Final Update Refs 0,208ms
[2021-04-30T09:23:27.653+0300][38,503s][info][gc] GC(842) Concurrent cleanup 117M->111M(128M) 0,038ms
[2021-04-30T09:23:27.654+0300][38,504s][info][gc] Trigger: Free (10162K) is below minimum threshold (13107K)
[2021-04-30T09:23:27.654+0300][38,504s][info][gc] GC(843) Concurrent reset 0,183ms
[2021-04-30T09:23:27.655+0300][38,504s][info][gc] GC(843) Pause Init Mark 0,173ms
[2021-04-30T09:23:27.669+0300][38,519s][info][gc] GC(843) Concurrent marking 14,340ms
[2021-04-30T09:23:27.671+0300][38,520s][info][gc] GC(843) Pause Final Mark 0,993ms
[2021-04-30T09:23:27.671+0300][38,520s][info][gc] GC(843) Concurrent cleanup 111M->111M(128M) 0,037ms
[2021-04-30T09:23:27.672+0300][38,522s][info][gc] GC(843) Concurrent evacuation 1,325ms
[2021-04-30T09:23:27.672+0300][38,522s][info][gc] GC(843) Pause Init Update Refs 0,006ms
[2021-04-30T09:23:27.681+0300][38,530s][info][gc] GC(843) Concurrent update references 8,097ms
[2021-04-30T09:23:27.681+0300][38,531s][info][gc] GC(843) Pause Final Update Refs 0,202ms
[2021-04-30T09:23:27.681+0300][38,531s][info][gc] GC(843) Concurrent cleanup 117M->111M(128M) 0,038ms
[2021-04-30T09:23:27.682+0300][38,532s][info][gc] Trigger: Free (10162K) is below minimum threshold (13107K)
[2021-04-30T09:23:27.683+0300][38,532s][info][gc] GC(844) Concurrent reset 0,188ms
[2021-04-30T09:23:27.683+0300][38,533s][info][gc] GC(844) Pause Init Mark 0,290ms
[2021-04-30T09:23:27.697+0300][38,547s][info][gc] GC(844) Concurrent marking 14,212ms
[2021-04-30T09:23:27.700+0300][38,549s][info][gc] GC(844) Pause Final Mark 1,307ms
[2021-04-30T09:23:27.700+0300][38,549s][info][gc] GC(844) Concurrent cleanup 111M->111M(128M) 0,036ms
[2021-04-30T09:23:27.701+0300][38,550s][info][gc] GC(844) Concurrent evacuation 1,349ms
[2021-04-30T09:23:27.701+0300][38,551s][info][gc] GC(844) Pause Init Update Refs 0,021ms
[2021-04-30T09:23:27.710+0300][38,559s][info][gc] GC(844) Concurrent update references 8,151ms
[2021-04-30T09:23:27.710+0300][38,559s][info][gc] GC(844) Pause Final Update Refs 0,161ms
[2021-04-30T09:23:27.710+0300][38,560s][info][gc] GC(844) Concurrent cleanup 117M->111M(128M) 0,045ms
[2021-04-30T09:23:27.711+0300][38,561s][info][gc] Trigger: Free (10418K) is below minimum threshold (13107K)
[2021-04-30T09:23:27.711+0300][38,561s][info][gc] GC(845) Concurrent reset 0,161ms
[2021-04-30T09:23:27.712+0300][38,561s][info][gc] GC(845) Pause Init Mark (process weakrefs) 0,151ms
[2021-04-30T09:23:27.729+0300][38,578s][info][gc] GC(845) Concurrent marking (process weakrefs) 17,061ms
[2021-04-30T09:23:27.729+0300][38,578s][info][gc] GC(845) Concurrent precleaning 0,115ms
[2021-04-30T09:23:27.731+0300][38,580s][info][gc] GC(845) Pause Final Mark (process weakrefs) 1,055ms
[2021-04-30T09:23:27.731+0300][38,580s][info][gc] GC(845) Concurrent cleanup 111M->111M(128M) 0,042ms
[2021-04-30T09:23:27.732+0300][38,582s][info][gc] GC(845) Concurrent evacuation 1,386ms
[2021-04-30T09:23:27.733+0300][38,582s][info][gc] GC(845) Pause Init Update Refs 0,006ms
[2021-04-30T09:23:27.747+0300][38,596s][info][gc] GC(845) Concurrent update references 14,070ms
[2021-04-30T09:23:27.747+0300][38,597s][info][gc] GC(845) Pause Final Update Refs 0,069ms
[2021-04-30T09:23:27.748+0300][38,597s][info][gc] GC(845) Concurrent cleanup 117M->111M(128M) 0,040ms
[2021-04-30T09:23:27.749+0300][38,598s][info][gc] Trigger: Free (10416K) is below minimum threshold (13107K)
[2021-04-30T09:23:27.749+0300][38,598s][info][gc] GC(846) Concurrent reset 0,124ms
[2021-04-30T09:23:27.749+0300][38,598s][info][gc] GC(846) Pause Init Mark 0,131ms
[2021-04-30T09:23:27.767+0300][38,617s][info][gc] GC(846) Concurrent marking 18,305ms
[2021-04-30T09:23:27.769+0300][38,618s][info][gc] GC(846) Pause Final Mark 0,952ms
[2021-04-30T09:23:27.769+0300][38,619s][info][gc] GC(846) Concurrent cleanup 111M->111M(128M) 0,043ms
[2021-04-30T09:23:27.770+0300][38,620s][info][gc] GC(846) Concurrent evacuation 1,343ms
[2021-04-30T09:23:27.771+0300][38,620s][info][gc] GC(846) Pause Init Update Refs 0,008ms
[2021-04-30T09:23:27.781+0300][38,630s][info][gc] GC(846) Concurrent update references 9,681ms
[2021-04-30T09:23:27.781+0300][38,630s][info][gc] GC(846) Pause Final Update Refs 0,062ms
[2021-04-30T09:23:27.781+0300][38,631s][info][gc] GC(846) Concurrent cleanup 117M->111M(128M) 0,041ms
[2021-04-30T09:23:27.782+0300][38,632s][info][gc] Trigger: Free (10416K) is below minimum threshold (13107K)
[2021-04-30T09:23:27.783+0300][38,632s][info][gc] GC(847) Concurrent reset 0,167ms
[2021-04-30T09:23:27.783+0300][38,632s][info][gc] GC(847) Pause Init Mark 0,172ms
[2021-04-30T09:23:27.800+0300][38,650s][info][gc] GC(847) Concurrent marking 17,158ms
[2021-04-30T09:23:27.802+0300][38,651s][info][gc] GC(847) Pause Final Mark 1,119ms
[2021-04-30T09:23:27.802+0300][38,651s][info][gc] GC(847) Concurrent cleanup 111M->111M(128M) 0,039ms
[2021-04-30T09:23:27.803+0300][38,653s][info][gc] GC(847) Concurrent evacuation 1,445ms
[2021-04-30T09:23:27.804+0300][38,653s][info][gc] GC(847) Pause Init Update Refs 0,004ms
[2021-04-30T09:23:27.813+0300][38,663s][info][gc] GC(847) Concurrent update references 9,531ms
[2021-04-30T09:23:27.814+0300][38,663s][info][gc] GC(847) Pause Final Update Refs 0,069ms
[2021-04-30T09:23:27.814+0300][38,663s][info][gc] GC(847) Concurrent cleanup 117M->111M(128M) 0,040ms
[2021-04-30T09:23:27.815+0300][38,664s][info][gc] Trigger: Free (10416K) is below minimum threshold (13107K)
[2021-04-30T09:23:27.815+0300][38,665s][info][gc] GC(848) Concurrent reset 0,117ms
[2021-04-30T09:23:27.816+0300][38,665s][info][gc] GC(848) Pause Init Mark 0,139ms
[2021-04-30T09:23:27.831+0300][38,680s][info][gc] GC(848) Concurrent marking 15,149ms
[2021-04-30T09:23:27.832+0300][38,682s][info][gc] GC(848) Pause Final Mark 0,908ms
[2021-04-30T09:23:27.833+0300][38,682s][info][gc] GC(848) Concurrent cleanup 111M->111M(128M) 0,037ms
[2021-04-30T09:23:27.834+0300][38,683s][info][gc] GC(848) Concurrent evacuation 1,262ms
[2021-04-30T09:23:27.834+0300][38,683s][info][gc] GC(848) Pause Init Update Refs 0,005ms
[2021-04-30T09:23:27.842+0300][38,692s][info][gc] GC(848) Concurrent update references 8,131ms
[2021-04-30T09:23:27.843+0300][38,692s][info][gc] GC(848) Pause Final Update Refs 0,096ms
[2021-04-30T09:23:27.843+0300][38,692s][info][gc] GC(848) Concurrent cleanup 117M->111M(128M) 0,039ms
[2021-04-30T09:23:27.844+0300][38,693s][info][gc] Trigger: Free (10416K) is below minimum threshold (13107K)
[2021-04-30T09:23:27.844+0300][38,694s][info][gc] GC(849) Concurrent reset 0,118ms
[2021-04-30T09:23:27.845+0300][38,694s][info][gc] GC(849) Pause Init Mark 0,198ms
[2021-04-30T09:23:27.859+0300][38,708s][info][gc] GC(849) Concurrent marking 14,237ms
[2021-04-30T09:23:27.861+0300][38,710s][info][gc] GC(849) Pause Final Mark 1,073ms
[2021-04-30T09:23:27.861+0300][38,710s][info][gc] GC(849) Concurrent cleanup 111M->111M(128M) 0,037ms
[2021-04-30T09:23:27.862+0300][38,712s][info][gc] GC(849) Concurrent evacuation 1,294ms
[2021-04-30T09:23:27.862+0300][38,712s][info][gc] GC(849) Pause Init Update Refs 0,006ms
[2021-04-30T09:23:27.870+0300][38,720s][info][gc] GC(849) Concurrent update references 8,004ms
[2021-04-30T09:23:27.871+0300][38,721s][info][gc] GC(849) Pause Final Update Refs 0,063ms
[2021-04-30T09:23:27.871+0300][38,721s][info][gc] GC(849) Concurrent cleanup 116M->110M(128M) 0,040ms
[2021-04-30T09:23:27.872+0300][38,722s][info][gc] Trigger: Free (10928K) is below minimum threshold (13107K)
[2021-04-30T09:23:27.873+0300][38,722s][info][gc] GC(850) Concurrent reset 0,191ms
[2021-04-30T09:23:27.873+0300][38,722s][info][gc] GC(850) Pause Init Mark (process weakrefs) 0,137ms
[2021-04-30T09:23:27.887+0300][38,737s][info][gc] GC(850) Concurrent marking (process weakrefs) 14,304ms
[2021-04-30T09:23:27.887+0300][38,737s][info][gc] GC(850) Concurrent precleaning 0,155ms
[2021-04-30T09:23:27.889+0300][38,739s][info][gc] GC(850) Pause Final Mark (process weakrefs) 1,021ms
[2021-04-30T09:23:27.889+0300][38,739s][info][gc] GC(850) Concurrent cleanup 111M->111M(128M) 0,042ms
[2021-04-30T09:23:27.891+0300][38,740s][info][gc] GC(850) Concurrent evacuation 1,513ms
[2021-04-30T09:23:27.891+0300][38,741s][info][gc] GC(850) Pause Init Update Refs 0,025ms
[2021-04-30T09:23:27.900+0300][38,750s][info][gc] GC(850) Concurrent update references 9,001ms
[2021-04-30T09:23:27.901+0300][38,750s][info][gc] GC(850) Pause Final Update Refs 0,065ms
[2021-04-30T09:23:27.901+0300][38,751s][info][gc] GC(850) Concurrent cleanup 116M->110M(128M) 0,040ms
[2021-04-30T09:23:27.902+0300][38,752s][info][gc] Trigger: Free (10668K) is below minimum threshold (13107K)
[2021-04-30T09:23:27.902+0300][38,752s][info][gc] GC(851) Concurrent reset 0,111ms
[2021-04-30T09:23:27.903+0300][38,752s][info][gc] GC(851) Pause Init Mark 0,162ms
[2021-04-30T09:23:27.918+0300][38,768s][info][gc] GC(851) Concurrent marking 15,740ms
[2021-04-30T09:23:27.920+0300][38,770s][info][gc] GC(851) Pause Final Mark 1,115ms
[2021-04-30T09:23:27.920+0300][38,770s][info][gc] GC(851) Concurrent cleanup 111M->111M(128M) 0,038ms
[2021-04-30T09:23:27.922+0300][38,771s][info][gc] GC(851) Concurrent evacuation 1,394ms
[2021-04-30T09:23:27.922+0300][38,772s][info][gc] GC(851) Pause Init Update Refs 0,005ms
[2021-04-30T09:23:27.932+0300][38,781s][info][gc] GC(851) Concurrent update references 9,594ms
[2021-04-30T09:23:27.932+0300][38,782s][info][gc] GC(851) Pause Final Update Refs 0,150ms
[2021-04-30T09:23:27.932+0300][38,782s][info][gc] GC(851) Concurrent cleanup 116M->110M(128M) 0,040ms
[2021-04-30T09:23:27.933+0300][38,783s][info][gc] Trigger: Free (10670K) is below minimum threshold (13107K)
[2021-04-30T09:23:27.934+0300][38,783s][info][gc] GC(852) Concurrent reset 0,166ms
[2021-04-30T09:23:27.934+0300][38,783s][info][gc] GC(852) Pause Init Mark 0,273ms
[2021-04-30T09:23:27.952+0300][38,801s][info][gc] GC(852) Concurrent marking 17,893ms
[2021-04-30T09:23:27.954+0300][38,803s][info][gc] GC(852) Pause Final Mark 0,950ms
[2021-04-30T09:23:27.954+0300][38,803s][info][gc] GC(852) Concurrent cleanup 111M->111M(128M) 0,038ms
[2021-04-30T09:23:27.955+0300][38,805s][info][gc] GC(852) Concurrent evacuation 1,425ms
[2021-04-30T09:23:27.955+0300][38,805s][info][gc] GC(852) Pause Init Update Refs 0,006ms
[2021-04-30T09:23:27.969+0300][38,819s][info][gc] GC(852) Concurrent update references 13,535ms
[2021-04-30T09:23:27.970+0300][38,819s][info][gc] GC(852) Pause Final Update Refs 0,095ms
[2021-04-30T09:23:27.970+0300][38,819s][info][gc] GC(852) Concurrent cleanup 116M->110M(128M) 0,040ms
[2021-04-30T09:23:27.971+0300][38,820s][info][gc] Trigger: Free (10926K) is below minimum threshold (13107K)
[2021-04-30T09:23:27.971+0300][38,821s][info][gc] GC(853) Concurrent reset 0,189ms
[2021-04-30T09:23:27.972+0300][38,821s][info][gc] GC(853) Pause Init Mark 0,158ms
[2021-04-30T09:23:27.986+0300][38,835s][info][gc] GC(853) Concurrent marking 14,025ms
[2021-04-30T09:23:27.988+0300][38,837s][info][gc] GC(853) Pause Final Mark 1,147ms
[2021-04-30T09:23:27.988+0300][38,837s][info][gc] GC(853) Concurrent cleanup 110M->111M(128M) 0,040ms
[2021-04-30T09:23:27.989+0300][38,839s][info][gc] GC(853) Concurrent evacuation 1,361ms
[2021-04-30T09:23:27.989+0300][38,839s][info][gc] GC(853) Pause Init Update Refs 0,007ms
[2021-04-30T09:23:28.003+0300][38,852s][info][gc] GC(853) Concurrent update references 13,480ms
[2021-04-30T09:23:28.004+0300][38,853s][info][gc] GC(853) Pause Final Update Refs 0,090ms
[2021-04-30T09:23:28.004+0300][38,853s][info][gc] GC(853) Concurrent cleanup 116M->110M(128M) 0,038ms
[2021-04-30T09:23:28.005+0300][38,854s][info][gc] Trigger: Free (10668K) is below minimum threshold (13107K)
[2021-04-30T09:23:28.005+0300][38,854s][info][gc] GC(854) Concurrent reset 0,119ms
[2021-04-30T09:23:28.005+0300][38,855s][info][gc] GC(854) Pause Init Mark 0,145ms
[2021-04-30T09:23:28.022+0300][38,872s][info][gc] GC(854) Concurrent marking 17,060ms
[2021-04-30T09:23:28.025+0300][38,874s][info][gc] GC(854) Pause Final Mark 1,076ms
[2021-04-30T09:23:28.025+0300][38,874s][info][gc] GC(854) Concurrent cleanup 111M->111M(128M) 0,042ms
[2021-04-30T09:23:28.027+0300][38,876s][info][gc] GC(854) Concurrent evacuation 1,979ms
[2021-04-30T09:23:28.027+0300][38,877s][info][gc] GC(854) Pause Init Update Refs 0,022ms
[2021-04-30T09:23:28.036+0300][38,885s][info][gc] GC(854) Concurrent update references 8,104ms
[2021-04-30T09:23:28.036+0300][38,886s][info][gc] GC(854) Pause Final Update Refs 0,132ms
[2021-04-30T09:23:28.036+0300][38,886s][info][gc] GC(854) Concurrent cleanup 116M->110M(128M) 0,046ms
[2021-04-30T09:23:28.037+0300][38,887s][info][gc] Trigger: Free (10926K) is below minimum threshold (13107K)
[2021-04-30T09:23:28.038+0300][38,887s][info][gc] GC(855) Concurrent reset 0,158ms
[2021-04-30T09:23:28.038+0300][38,888s][info][gc] GC(855) Pause Init Mark (process weakrefs) 0,170ms
[2021-04-30T09:23:28.054+0300][38,903s][info][gc] GC(855) Concurrent marking (process weakrefs) 15,805ms
[2021-04-30T09:23:28.054+0300][38,904s][info][gc] GC(855) Concurrent precleaning 0,120ms
[2021-04-30T09:23:28.056+0300][38,905s][info][gc] GC(855) Pause Final Mark (process weakrefs) 0,978ms
[2021-04-30T09:23:28.056+0300][38,905s][info][gc] GC(855) Concurrent cleanup 111M->111M(128M) 0,042ms
[2021-04-30T09:23:28.057+0300][38,907s][info][gc] GC(855) Concurrent evacuation 1,603ms
[2021-04-30T09:23:28.058+0300][38,907s][info][gc] GC(855) Pause Init Update Refs 0,007ms
[2021-04-30T09:23:28.072+0300][38,921s][info][gc] GC(855) Concurrent update references 14,110ms
[2021-04-30T09:23:28.072+0300][38,922s][info][gc] GC(855) Pause Final Update Refs 0,091ms
[2021-04-30T09:23:28.073+0300][38,922s][info][gc] GC(855) Concurrent cleanup 116M->110M(128M) 0,040ms
[2021-04-30T09:23:28.074+0300][38,923s][info][gc] Trigger: Free (11180K) is below minimum threshold (13107K)
[2021-04-30T09:23:28.074+0300][38,923s][info][gc] GC(856) Concurrent reset 0,209ms
[2021-04-30T09:23:28.074+0300][38,924s][info][gc] GC(856) Pause Init Mark 0,150ms
[2021-04-30T09:23:28.092+0300][38,941s][info][gc] GC(856) Concurrent marking 17,245ms
[2021-04-30T09:23:28.094+0300][38,943s][info][gc] GC(856) Pause Final Mark 0,908ms
[2021-04-30T09:23:28.094+0300][38,943s][info][gc] GC(856) Concurrent cleanup 110M->110M(128M) 0,039ms
[2021-04-30T09:23:28.095+0300][38,945s][info][gc] GC(856) Concurrent evacuation 1,663ms
[2021-04-30T09:23:28.096+0300][38,945s][info][gc] GC(856) Pause Init Update Refs 0,006ms
[2021-04-30T09:23:28.110+0300][38,960s][info][gc] GC(856) Concurrent update references 14,122ms
[2021-04-30T09:23:28.111+0300][38,960s][info][gc] GC(856) Pause Final Update Refs 0,101ms
[2021-04-30T09:23:28.111+0300][38,960s][info][gc] GC(856) Concurrent cleanup 116M->110M(128M) 0,040ms
[2021-04-30T09:23:28.112+0300][38,961s][info][gc] Trigger: Free (11178K) is below minimum threshold (13107K)
[2021-04-30T09:23:28.112+0300][38,962s][info][gc] GC(857) Concurrent reset 0,167ms
[2021-04-30T09:23:28.112+0300][38,962s][info][gc] GC(857) Pause Init Mark 0,192ms
[2021-04-30T09:23:28.133+0300][38,982s][info][gc] GC(857) Concurrent marking 20,245ms
[2021-04-30T09:23:28.135+0300][38,984s][info][gc] GC(857) Pause Final Mark 1,226ms
[2021-04-30T09:23:28.135+0300][38,984s][info][gc] GC(857) Concurrent cleanup 110M->110M(128M) 0,038ms
[2021-04-30T09:23:28.136+0300][38,986s][info][gc] GC(857) Concurrent evacuation 1,337ms
[2021-04-30T09:23:28.137+0300][38,986s][info][gc] GC(857) Pause Init Update Refs 0,005ms
[2021-04-30T09:23:28.150+0300][39,000s][info][gc] GC(857) Concurrent update references 13,586ms
[2021-04-30T09:23:28.150+0300][39,000s][info][gc] GC(857) Pause Final Update Refs 0,076ms
[2021-04-30T09:23:28.151+0300][39,000s][info][gc] GC(857) Concurrent cleanup 116M->110M(128M) 0,045ms
[2021-04-30T09:23:28.152+0300][39,001s][info][gc] Trigger: Free (11178K) is below minimum threshold (13107K)
[2021-04-30T09:23:28.152+0300][39,001s][info][gc] GC(858) Concurrent reset 0,179ms
[2021-04-30T09:23:28.152+0300][39,002s][info][gc] GC(858) Pause Init Mark 0,172ms
[2021-04-30T09:23:28.174+0300][39,023s][info][gc] GC(858) Concurrent marking 21,627ms
[2021-04-30T09:23:28.176+0300][39,025s][info][gc] GC(858) Pause Final Mark 1,326ms
[2021-04-30T09:23:28.176+0300][39,025s][info][gc] GC(858) Concurrent cleanup 110M->110M(128M) 0,039ms
[2021-04-30T09:23:28.177+0300][39,027s][info][gc] GC(858) Concurrent evacuation 1,404ms
[2021-04-30T09:23:28.178+0300][39,027s][info][gc] GC(858) Pause Init Update Refs 0,005ms
[2021-04-30T09:23:28.188+0300][39,037s][info][gc] GC(858) Concurrent update references 9,731ms
[2021-04-30T09:23:28.189+0300][39,038s][info][gc] GC(858) Pause Final Update Refs 0,215ms
[2021-04-30T09:23:28.189+0300][39,038s][info][gc] GC(858) Concurrent cleanup 116M->110M(128M) 0,040ms
[2021-04-30T09:23:28.190+0300][39,039s][info][gc] Trigger: Free (11178K) is below minimum threshold (13107K)
[2021-04-30T09:23:28.190+0300][39,039s][info][gc] GC(859) Concurrent reset 0,193ms
[2021-04-30T09:23:28.191+0300][39,040s][info][gc] GC(859) Pause Init Mark 0,306ms
[2021-04-30T09:23:28.211+0300][39,060s][info][gc] GC(859) Concurrent marking 20,346ms
[2021-04-30T09:23:28.213+0300][39,062s][info][gc] GC(859) Pause Final Mark 1,136ms
[2021-04-30T09:23:28.213+0300][39,062s][info][gc] GC(859) Concurrent cleanup 110M->110M(128M) 0,038ms
[2021-04-30T09:23:28.214+0300][39,064s][info][gc] GC(859) Concurrent evacuation 1,367ms
[2021-04-30T09:23:28.215+0300][39,064s][info][gc] GC(859) Pause Init Update Refs 0,021ms
[2021-04-30T09:23:28.224+0300][39,073s][info][gc] GC(859) Concurrent update references 8,602ms
[2021-04-30T09:23:28.224+0300][39,074s][info][gc] GC(859) Pause Final Update Refs 0,167ms
[2021-04-30T09:23:28.224+0300][39,074s][info][gc] GC(859) Concurrent cleanup 116M->110M(128M) 0,050ms
[2021-04-30T09:23:28.226+0300][39,075s][info][gc] Trigger: Free (11434K) is below minimum threshold (13107K)
[2021-04-30T09:23:28.226+0300][39,075s][info][gc] GC(860) Concurrent reset 0,129ms
[2021-04-30T09:23:28.226+0300][39,076s][info][gc] GC(860) Pause Init Mark (process weakrefs) 0,211ms
[2021-04-30T09:23:28.246+0300][39,096s][info][gc] GC(860) Concurrent marking (process weakrefs) 19,815ms
[2021-04-30T09:23:28.246+0300][39,096s][info][gc] GC(860) Concurrent precleaning 0,148ms
[2021-04-30T09:23:28.248+0300][39,097s][info][gc] GC(860) Pause Final Mark (process weakrefs) 1,040ms
[2021-04-30T09:23:28.248+0300][39,097s][info][gc] GC(860) Concurrent cleanup 110M->110M(128M) 0,039ms
[2021-04-30T09:23:28.249+0300][39,099s][info][gc] GC(860) Concurrent evacuation 1,396ms
[2021-04-30T09:23:28.250+0300][39,099s][info][gc] GC(860) Pause Init Update Refs 0,006ms
[2021-04-30T09:23:28.259+0300][39,108s][info][gc] GC(860) Concurrent update references 8,968ms
[2021-04-30T09:23:28.259+0300][39,109s][info][gc] GC(860) Pause Final Update Refs 0,113ms
[2021-04-30T09:23:28.260+0300][39,109s][info][gc] GC(860) Concurrent cleanup 115M->110M(128M) 0,044ms
[2021-04-30T09:23:28.261+0300][39,110s][info][gc] Trigger: Free (11432K) is below minimum threshold (13107K)
[2021-04-30T09:23:28.261+0300][39,110s][info][gc] GC(861) Concurrent reset 0,147ms
[2021-04-30T09:23:28.261+0300][39,111s][info][gc] GC(861) Pause Init Mark 0,207ms
[2021-04-30T09:23:28.277+0300][39,126s][info][gc] GC(861) Concurrent marking 15,583ms
[2021-04-30T09:23:28.279+0300][39,128s][info][gc] GC(861) Pause Final Mark 0,969ms
[2021-04-30T09:23:28.279+0300][39,128s][info][gc] GC(861) Concurrent cleanup 110M->110M(128M) 0,042ms
[2021-04-30T09:23:28.280+0300][39,130s][info][gc] GC(861) Concurrent evacuation 1,581ms
[2021-04-30T09:23:28.281+0300][39,130s][info][gc] GC(861) Pause Init Update Refs 0,005ms
[2021-04-30T09:23:28.291+0300][39,140s][info][gc] GC(861) Concurrent update references 9,546ms
[2021-04-30T09:23:28.291+0300][39,140s][info][gc] GC(861) Pause Final Update Refs 0,111ms
[2021-04-30T09:23:28.291+0300][39,141s][info][gc] GC(861) Concurrent cleanup 115M->110M(128M) 0,051ms
[2021-04-30T09:23:28.292+0300][39,142s][info][gc] Trigger: Free (11432K) is below minimum threshold (13107K)
[2021-04-30T09:23:28.292+0300][39,142s][info][gc] GC(862) Concurrent reset 0,196ms
[2021-04-30T09:23:28.293+0300][39,142s][info][gc] GC(862) Pause Init Mark 0,166ms
[2021-04-30T09:23:28.309+0300][39,158s][info][gc] GC(862) Concurrent marking 15,826ms
[2021-04-30T09:23:28.311+0300][39,160s][info][gc] GC(862) Pause Final Mark 1,068ms
[2021-04-30T09:23:28.311+0300][39,160s][info][gc] GC(862) Concurrent cleanup 110M->110M(128M) 0,062ms
[2021-04-30T09:23:28.313+0300][39,162s][info][gc] GC(862) Concurrent evacuation 1,680ms
[2021-04-30T09:23:28.313+0300][39,162s][info][gc] GC(862) Pause Init Update Refs 0,006ms
[2021-04-30T09:23:28.321+0300][39,171s][info][gc] GC(862) Concurrent update references 8,203ms
[2021-04-30T09:23:28.322+0300][39,171s][info][gc] GC(862) Pause Final Update Refs 0,157ms
[2021-04-30T09:23:28.322+0300][39,171s][info][gc] GC(862) Concurrent cleanup 116M->110M(128M) 0,055ms
[2021-04-30T09:23:28.323+0300][39,173s][info][gc] Trigger: Free (11432K) is below minimum threshold (13107K)
[2021-04-30T09:23:28.323+0300][39,173s][info][gc] GC(863) Concurrent reset 0,181ms
[2021-04-30T09:23:28.324+0300][39,173s][info][gc] GC(863) Pause Init Mark 0,157ms
[2021-04-30T09:23:28.344+0300][39,193s][info][gc] GC(863) Concurrent marking 20,090ms
[2021-04-30T09:23:28.346+0300][39,195s][info][gc] GC(863) Pause Final Mark 0,945ms
[2021-04-30T09:23:28.346+0300][39,195s][info][gc] GC(863) Concurrent cleanup 110M->110M(128M) 0,053ms
[2021-04-30T09:23:28.347+0300][39,197s][info][gc] GC(863) Concurrent evacuation 1,417ms
[2021-04-30T09:23:28.348+0300][39,197s][info][gc] GC(863) Pause Init Update Refs 0,021ms
[2021-04-30T09:23:28.356+0300][39,205s][info][gc] GC(863) Concurrent update references 8,049ms
[2021-04-30T09:23:28.356+0300][39,206s][info][gc] GC(863) Pause Final Update Refs 0,096ms
[2021-04-30T09:23:28.357+0300][39,206s][info][gc] GC(863) Concurrent cleanup 116M->110M(128M) 0,056ms
[2021-04-30T09:23:28.358+0300][39,207s][info][gc] Trigger: Free (11432K) is below minimum threshold (13107K)
[2021-04-30T09:23:28.358+0300][39,207s][info][gc] GC(864) Concurrent reset 0,183ms
[2021-04-30T09:23:28.358+0300][39,208s][info][gc] GC(864) Pause Init Mark 0,146ms
[2021-04-30T09:23:28.378+0300][39,227s][info][gc] GC(864) Concurrent marking 19,694ms
[2021-04-30T09:23:28.380+0300][39,229s][info][gc] GC(864) Pause Final Mark 1,064ms
[2021-04-30T09:23:28.380+0300][39,229s][info][gc] GC(864) Concurrent cleanup 110M->110M(128M) 0,040ms
[2021-04-30T09:23:28.381+0300][39,231s][info][gc] GC(864) Concurrent evacuation 1,460ms
[2021-04-30T09:23:28.382+0300][39,231s][info][gc] GC(864) Pause Init Update Refs 0,022ms
[2021-04-30T09:23:28.392+0300][39,241s][info][gc] GC(864) Concurrent update references 9,531ms
[2021-04-30T09:23:28.392+0300][39,242s][info][gc] GC(864) Pause Final Update Refs 0,165ms
[2021-04-30T09:23:28.392+0300][39,242s][info][gc] GC(864) Concurrent cleanup 116M->110M(128M) 0,038ms
[2021-04-30T09:23:28.394+0300][39,243s][info][gc] Trigger: Free (11432K) is below minimum threshold (13107K)
[2021-04-30T09:23:28.394+0300][39,243s][info][gc] GC(865) Concurrent reset 0,191ms
[2021-04-30T09:23:28.394+0300][39,244s][info][gc] GC(865) Pause Init Mark (process weakrefs) 0,149ms
[2021-04-30T09:23:28.408+0300][39,258s][info][gc] GC(865) Concurrent marking (process weakrefs) 14,138ms
[2021-04-30T09:23:28.409+0300][39,258s][info][gc] GC(865) Concurrent precleaning 0,106ms
[2021-04-30T09:23:28.410+0300][39,259s][info][gc] GC(865) Pause Final Mark (process weakrefs) 0,928ms
[2021-04-30T09:23:28.410+0300][39,260s][info][gc] GC(865) Concurrent cleanup 110M->110M(128M) 0,038ms
[2021-04-30T09:23:28.411+0300][39,261s][info][gc] GC(865) Concurrent evacuation 1,372ms
[2021-04-30T09:23:28.412+0300][39,261s][info][gc] GC(865) Pause Init Update Refs 0,006ms
[2021-04-30T09:23:28.422+0300][39,271s][info][gc] GC(865) Concurrent update references 9,895ms
[2021-04-30T09:23:28.422+0300][39,271s][info][gc] GC(865) Pause Final Update Refs 0,065ms
[2021-04-30T09:23:28.422+0300][39,272s][info][gc] GC(865) Concurrent cleanup 115M->109M(128M) 0,046ms
[2021-04-30T09:23:28.423+0300][39,273s][info][gc] Trigger: Free (11688K) is below minimum threshold (13107K)
[2021-04-30T09:23:28.423+0300][39,273s][info][gc] GC(866) Concurrent reset 0,148ms
[2021-04-30T09:23:28.424+0300][39,273s][info][gc] GC(866) Pause Init Mark 0,144ms
[2021-04-30T09:23:28.441+0300][39,290s][info][gc] GC(866) Concurrent marking 16,970ms
[2021-04-30T09:23:28.443+0300][39,292s][info][gc] GC(866) Pause Final Mark 1,009ms
[2021-04-30T09:23:28.443+0300][39,292s][info][gc] GC(866) Concurrent cleanup 110M->110M(128M) 0,038ms
[2021-04-30T09:23:28.444+0300][39,294s][info][gc] GC(866) Concurrent evacuation 1,566ms
[2021-04-30T09:23:28.445+0300][39,294s][info][gc] GC(866) Pause Init Update Refs 0,006ms
[2021-04-30T09:23:28.455+0300][39,304s][info][gc] GC(866) Concurrent update references 9,820ms
[2021-04-30T09:23:28.455+0300][39,304s][info][gc] GC(866) Pause Final Update Refs 0,100ms
[2021-04-30T09:23:28.455+0300][39,304s][info][gc] GC(866) Concurrent cleanup 115M->110M(128M) 0,051ms
[2021-04-30T09:23:28.456+0300][39,306s][info][gc] Trigger: Free (11448K) is below minimum threshold (13107K)
[2021-04-30T09:23:28.456+0300][39,306s][info][gc] GC(867) Concurrent reset 0,128ms
[2021-04-30T09:23:28.457+0300][39,306s][info][gc] GC(867) Pause Init Mark 0,209ms
[2021-04-30T09:23:28.475+0300][39,325s][info][gc] GC(867) Concurrent marking 18,649ms
[2021-04-30T09:23:28.477+0300][39,327s][info][gc] GC(867) Pause Final Mark 1,019ms
[2021-04-30T09:23:28.477+0300][39,327s][info][gc] GC(867) Concurrent cleanup 110M->110M(128M) 0,044ms
[2021-04-30T09:23:28.479+0300][39,328s][info][gc] GC(867) Concurrent evacuation 1,510ms
[2021-04-30T09:23:28.479+0300][39,328s][info][gc] GC(867) Pause Init Update Refs 0,006ms
[2021-04-30T09:23:28.487+0300][39,337s][info][gc] GC(867) Concurrent update references 8,317ms
[2021-04-30T09:23:28.488+0300][39,337s][info][gc] GC(867) Pause Final Update Refs 0,058ms
[2021-04-30T09:23:28.488+0300][39,338s][info][gc] GC(867) Concurrent cleanup 116M->109M(128M) 0,048ms
[2021-04-30T09:23:28.489+0300][39,339s][info][gc] Trigger: Free (11688K) is below minimum threshold (13107K)
[2021-04-30T09:23:28.489+0300][39,339s][info][gc] GC(868) Concurrent reset 0,162ms
[2021-04-30T09:23:28.490+0300][39,339s][info][gc] GC(868) Pause Init Mark 0,169ms
[2021-04-30T09:23:28.505+0300][39,354s][info][gc] GC(868) Concurrent marking 15,008ms
[2021-04-30T09:23:28.507+0300][39,356s][info][gc] GC(868) Pause Final Mark 1,025ms
[2021-04-30T09:23:28.507+0300][39,356s][info][gc] GC(868) Concurrent cleanup 110M->110M(128M) 0,047ms
[2021-04-30T09:23:28.509+0300][39,358s][info][gc] GC(868) Concurrent evacuation 1,685ms
[2021-04-30T09:23:28.509+0300][39,359s][info][gc] GC(868) Pause Init Update Refs 0,006ms
[2021-04-30T09:23:28.519+0300][39,369s][info][gc] GC(868) Concurrent update references 10,026ms
[2021-04-30T09:23:28.520+0300][39,369s][info][gc] GC(868) Pause Final Update Refs 0,134ms
[2021-04-30T09:23:28.520+0300][39,369s][info][gc] GC(868) Concurrent cleanup 115M->109M(128M) 0,041ms
[2021-04-30T09:23:28.521+0300][39,370s][info][gc] Trigger: Free (11704K) is below minimum threshold (13107K)
[2021-04-30T09:23:28.521+0300][39,371s][info][gc] GC(869) Concurrent reset 0,149ms
[2021-04-30T09:23:28.522+0300][39,371s][info][gc] GC(869) Pause Init Mark 0,181ms
[2021-04-30T09:23:28.541+0300][39,390s][info][gc] GC(869) Concurrent marking 19,383ms
[2021-04-30T09:23:28.543+0300][39,392s][info][gc] GC(869) Pause Final Mark 1,008ms
[2021-04-30T09:23:28.543+0300][39,392s][info][gc] GC(869) Concurrent cleanup 110M->110M(128M) 0,041ms
[2021-04-30T09:23:28.544+0300][39,393s][info][gc] GC(869) Concurrent evacuation 0,652ms
[2021-04-30T09:23:28.544+0300][39,393s][info][gc] GC(869) Pause Init Update Refs 0,006ms
[2021-04-30T09:23:28.554+0300][39,404s][info][gc] GC(869) Concurrent update references 10,164ms
[2021-04-30T09:23:28.555+0300][39,404s][info][gc] GC(869) Pause Final Update Refs 0,069ms
[2021-04-30T09:23:28.555+0300][39,404s][info][gc] GC(869) Concurrent cleanup 112M->109M(128M) 0,039ms
[2021-04-30T09:23:28.556+0300][39,405s][info][gc] Trigger: Free (11704K) is below minimum threshold (13107K)
[2021-04-30T09:23:28.556+0300][39,405s][info][gc] GC(870) Concurrent reset 0,107ms
[2021-04-30T09:23:28.556+0300][39,406s][info][gc] GC(870) Pause Init Mark (process weakrefs) 0,164ms
[2021-04-30T09:23:28.573+0300][39,422s][info][gc] GC(870) Concurrent marking (process weakrefs) 16,388ms
[2021-04-30T09:23:28.573+0300][39,422s][info][gc] GC(870) Concurrent precleaning 0,103ms
[2021-04-30T09:23:28.575+0300][39,425s][info][gc] GC(870) Pause Final Mark (process weakrefs) 1,544ms
[2021-04-30T09:23:28.576+0300][39,425s][info][gc] GC(870) Concurrent cleanup 110M->110M(128M) 0,050ms
[2021-04-30T09:23:28.577+0300][39,426s][info][gc] GC(870) Concurrent evacuation 0,874ms
[2021-04-30T09:23:28.577+0300][39,427s][info][gc] GC(870) Pause Init Update Refs 0,006ms
[2021-04-30T09:23:28.589+0300][39,439s][info][gc] GC(870) Concurrent update references 12,322ms
[2021-04-30T09:23:28.590+0300][39,440s][info][gc] GC(870) Pause Final Update Refs 0,073ms
[2021-04-30T09:23:28.590+0300][39,440s][info][gc] GC(870) Concurrent cleanup 112M->109M(128M) 0,038ms
[2021-04-30T09:23:28.591+0300][39,441s][info][gc] Trigger: Free (11856K) is below minimum threshold (13107K)
[2021-04-30T09:23:28.592+0300][39,441s][info][gc] GC(871) Concurrent reset 0,192ms
[2021-04-30T09:23:28.592+0300][39,441s][info][gc] GC(871) Pause Init Mark 0,200ms
[2021-04-30T09:23:28.611+0300][39,460s][info][gc] GC(871) Concurrent marking 18,606ms
[2021-04-30T09:23:28.612+0300][39,461s][info][gc] GC(871) Pause Final Mark 0,412ms
[2021-04-30T09:23:28.612+0300][39,461s][info][gc] GC(871) Concurrent cleanup 109M->109M(128M) 0,040ms
[2021-04-30T09:23:28.612+0300][39,462s][info][gc] GC(871) Concurrent evacuation 0,334ms
[2021-04-30T09:23:28.613+0300][39,462s][info][gc] GC(871) Pause Init Update Refs 0,005ms
[2021-04-30T09:23:28.621+0300][39,471s][info][gc] GC(871) Concurrent update references 8,282ms
[2021-04-30T09:23:28.622+0300][39,471s][info][gc] GC(871) Pause Final Update Refs 0,078ms
[2021-04-30T09:23:28.622+0300][39,471s][info][gc] GC(871) Concurrent cleanup 110M->109M(128M) 0,040ms
[2021-04-30T09:23:28.623+0300][39,472s][info][gc] Trigger: Free (11905K) is below minimum threshold (13107K)
[2021-04-30T09:23:28.623+0300][39,473s][info][gc] GC(872) Concurrent reset 0,114ms
[2021-04-30T09:23:28.623+0300][39,473s][info][gc] GC(872) Pause Init Mark 0,227ms
[2021-04-30T09:23:28.638+0300][39,487s][info][gc] GC(872) Concurrent marking 14,447ms
[2021-04-30T09:23:28.639+0300][39,489s][info][gc] GC(872) Pause Final Mark 0,376ms
[2021-04-30T09:23:28.639+0300][39,489s][info][gc] GC(872) Concurrent cleanup 109M->109M(128M) 0,042ms
[2021-04-30T09:23:28.639+0300][39,489s][info][gc] GC(872) Concurrent evacuation 0,127ms
[2021-04-30T09:23:28.640+0300][39,489s][info][gc] GC(872) Pause Init Update Refs 0,003ms
[2021-04-30T09:23:28.648+0300][39,497s][info][gc] GC(872) Concurrent update references 7,825ms
[2021-04-30T09:23:28.648+0300][39,497s][info][gc] GC(872) Pause Final Update Refs 0,111ms
[2021-04-30T09:23:28.648+0300][39,497s][info][gc] GC(872) Concurrent cleanup 110M->109M(128M) 0,042ms
[2021-04-30T09:23:28.649+0300][39,499s][info][gc] Trigger: Free (11959K) is below minimum threshold (13107K)
[2021-04-30T09:23:28.649+0300][39,499s][info][gc] GC(873) Concurrent reset 0,184ms
[2021-04-30T09:23:28.650+0300][39,499s][info][gc] GC(873) Pause Init Mark 0,165ms
[2021-04-30T09:23:28.663+0300][39,513s][info][gc] GC(873) Concurrent marking 13,674ms
[2021-04-30T09:23:28.665+0300][39,514s][info][gc] GC(873) Pause Final Mark 0,907ms
[2021-04-30T09:23:28.665+0300][39,515s][info][gc] GC(873) Concurrent cleanup 109M->109M(128M) 0,038ms
[2021-04-30T09:23:28.665+0300][39,515s][info][gc] GC(873) Concurrent evacuation 0,373ms
[2021-04-30T09:23:28.666+0300][39,515s][info][gc] GC(873) Pause Init Update Refs 0,021ms
[2021-04-30T09:23:28.674+0300][39,523s][info][gc] GC(873) Concurrent update references 7,742ms
[2021-04-30T09:23:28.674+0300][39,524s][info][gc] GC(873) Pause Final Update Refs 0,166ms
[2021-04-30T09:23:28.675+0300][39,524s][info][gc] GC(873) Concurrent cleanup 111M->109M(128M) 0,038ms
[2021-04-30T09:23:28.676+0300][39,525s][info][gc] Trigger: Free (11958K) is below minimum threshold (13107K)
[2021-04-30T09:23:28.676+0300][39,525s][info][gc] GC(874) Concurrent reset 0,184ms
[2021-04-30T09:23:28.676+0300][39,526s][info][gc] GC(874) Pause Init Mark 0,201ms
[2021-04-30T09:23:28.691+0300][39,541s][info][gc] GC(874) Concurrent marking 14,878ms
[2021-04-30T09:23:28.692+0300][39,542s][info][gc] GC(874) Pause Final Mark 0,394ms
[2021-04-30T09:23:28.693+0300][39,542s][info][gc] GC(874) Concurrent cleanup 109M->109M(128M) 0,041ms
[2021-04-30T09:23:28.693+0300][39,542s][info][gc] GC(874) Concurrent evacuation 0,363ms
[2021-04-30T09:23:28.693+0300][39,542s][info][gc] GC(874) Pause Init Update Refs 0,004ms
[2021-04-30T09:23:28.701+0300][39,550s][info][gc] GC(874) Concurrent update references 7,671ms
[2021-04-30T09:23:28.701+0300][39,551s][info][gc] GC(874) Pause Final Update Refs 0,081ms
[2021-04-30T09:23:28.701+0300][39,551s][info][gc] GC(874) Concurrent cleanup 111M->109M(128M) 0,039ms
[2021-04-30T09:23:28.703+0300][39,552s][info][gc] Trigger: Free (11958K) is below minimum threshold (13107K)
[2021-04-30T09:23:28.703+0300][39,552s][info][gc] GC(875) Concurrent reset 0,118ms
[2021-04-30T09:23:28.703+0300][39,552s][info][gc] GC(875) Pause Init Mark (process weakrefs) 0,136ms
[2021-04-30T09:23:28.718+0300][39,568s][info][gc] GC(875) Concurrent marking (process weakrefs) 15,293ms
[2021-04-30T09:23:28.719+0300][39,568s][info][gc] GC(875) Concurrent precleaning 0,109ms
[2021-04-30T09:23:28.719+0300][39,569s][info][gc] GC(875) Pause Final Mark (process weakrefs) 0,332ms
[2021-04-30T09:23:28.720+0300][39,569s][info][gc] GC(875) Concurrent cleanup 109M->109M(128M) 0,039ms
[2021-04-30T09:23:28.720+0300][39,569s][info][gc] GC(875) Concurrent evacuation 0,327ms
[2021-04-30T09:23:28.720+0300][39,570s][info][gc] GC(875) Pause Init Update Refs 0,006ms
[2021-04-30T09:23:28.728+0300][39,577s][info][gc] GC(875) Concurrent update references 7,679ms
[2021-04-30T09:23:28.728+0300][39,578s][info][gc] GC(875) Pause Final Update Refs 0,059ms
[2021-04-30T09:23:28.729+0300][39,578s][info][gc] GC(875) Concurrent cleanup 111M->109M(128M) 0,039ms
[2021-04-30T09:23:28.730+0300][39,579s][info][gc] Trigger: Free (11958K) is below minimum threshold (13107K)
[2021-04-30T09:23:28.730+0300][39,579s][info][gc] GC(876) Concurrent reset 0,117ms
[2021-04-30T09:23:28.730+0300][39,580s][info][gc] GC(876) Pause Init Mark 0,202ms
[2021-04-30T09:23:28.746+0300][39,595s][info][gc] GC(876) Concurrent marking 15,449ms
[2021-04-30T09:23:28.747+0300][39,596s][info][gc] GC(876) Pause Final Mark 0,674ms
[2021-04-30T09:23:28.747+0300][39,597s][info][gc] GC(876) Concurrent cleanup 109M->109M(128M) 0,049ms
[2021-04-30T09:23:28.747+0300][39,597s][info][gc] GC(876) Concurrent evacuation 0,279ms
[2021-04-30T09:23:28.748+0300][39,597s][info][gc] GC(876) Pause Init Update Refs 0,004ms
[2021-04-30T09:23:28.756+0300][39,606s][info][gc] GC(876) Concurrent update references 8,706ms
[2021-04-30T09:23:28.757+0300][39,607s][info][gc] GC(876) Pause Final Update Refs 0,146ms
[2021-04-30T09:23:28.757+0300][39,607s][info][gc] GC(876) Concurrent cleanup 111M->109M(128M) 0,038ms
[2021-04-30T09:23:28.758+0300][39,608s][info][gc] Trigger: Free (11958K) is below minimum threshold (13107K)
[2021-04-30T09:23:28.759+0300][39,608s][info][gc] GC(877) Concurrent reset 0,138ms
[2021-04-30T09:23:28.759+0300][39,609s][info][gc] GC(877) Pause Init Mark 0,289ms
[2021-04-30T09:23:28.774+0300][39,624s][info][gc] GC(877) Concurrent marking 15,216ms
[2021-04-30T09:23:28.775+0300][39,625s][info][gc] GC(877) Pause Final Mark 0,339ms
[2021-04-30T09:23:28.776+0300][39,625s][info][gc] GC(877) Concurrent cleanup 109M->109M(128M) 0,046ms
[2021-04-30T09:23:28.776+0300][39,625s][info][gc] GC(877) Concurrent evacuation 0,340ms
[2021-04-30T09:23:28.776+0300][39,626s][info][gc] GC(877) Pause Init Update Refs 0,004ms
[2021-04-30T09:23:28.790+0300][39,639s][info][gc] GC(877) Concurrent update references 13,334ms
[2021-04-30T09:23:28.790+0300][39,639s][info][gc] GC(877) Pause Final Update Refs 0,113ms
[2021-04-30T09:23:28.790+0300][39,640s][info][gc] GC(877) Concurrent cleanup 110M->109M(128M) 0,037ms
[2021-04-30T09:23:28.791+0300][39,641s][info][gc] Trigger: Free (11958K) is below minimum threshold (13107K)
[2021-04-30T09:23:28.791+0300][39,641s][info][gc] GC(878) Concurrent reset 0,170ms
[2021-04-30T09:23:28.792+0300][39,641s][info][gc] GC(878) Pause Init Mark 0,204ms
[2021-04-30T09:23:28.808+0300][39,658s][info][gc] GC(878) Concurrent marking 16,531ms
[2021-04-30T09:23:28.810+0300][39,659s][info][gc] GC(878) Pause Final Mark 0,448ms
[2021-04-30T09:23:28.810+0300][39,659s][info][gc] GC(878) Concurrent cleanup 109M->109M(128M) 0,037ms
[2021-04-30T09:23:28.810+0300][39,660s][info][gc] GC(878) Concurrent evacuation 0,426ms
[2021-04-30T09:23:28.810+0300][39,660s][info][gc] GC(878) Pause Init Update Refs 0,029ms
[2021-04-30T09:23:28.824+0300][39,673s][info][gc] GC(878) Concurrent update references 13,272ms
[2021-04-30T09:23:28.824+0300][39,673s][info][gc] GC(878) Pause Final Update Refs 0,077ms
[2021-04-30T09:23:28.824+0300][39,674s][info][gc] GC(878) Concurrent cleanup 111M->109M(128M) 0,037ms
[2021-04-30T09:23:28.825+0300][39,675s][info][gc] Trigger: Free (11903K) is below minimum threshold (13107K)
[2021-04-30T09:23:28.825+0300][39,675s][info][gc] GC(879) Concurrent reset 0,218ms
[2021-04-30T09:23:28.826+0300][39,675s][info][gc] GC(879) Pause Init Mark 0,219ms
[2021-04-30T09:23:28.846+0300][39,695s][info][gc] GC(879) Concurrent marking 20,046ms
[2021-04-30T09:23:28.847+0300][39,697s][info][gc] GC(879) Pause Final Mark 0,643ms
[2021-04-30T09:23:28.847+0300][39,697s][info][gc] GC(879) Concurrent cleanup 109M->109M(128M) 0,037ms
[2021-04-30T09:23:28.848+0300][39,697s][info][gc] GC(879) Concurrent evacuation 0,131ms
[2021-04-30T09:23:28.848+0300][39,697s][info][gc] GC(879) Pause Init Update Refs 0,021ms
[2021-04-30T09:23:28.856+0300][39,705s][info][gc] GC(879) Concurrent update references 7,609ms
[2021-04-30T09:23:28.856+0300][39,706s][info][gc] GC(879) Pause Final Update Refs 0,145ms
[2021-04-30T09:23:28.856+0300][39,706s][info][gc] GC(879) Concurrent cleanup 110M->109M(128M) 0,037ms
[2021-04-30T09:23:28.857+0300][39,707s][info][gc] Trigger: Free (11959K) is below minimum threshold (13107K)
[2021-04-30T09:23:28.857+0300][39,707s][info][gc] GC(880) Concurrent reset 0,191ms
[2021-04-30T09:23:28.858+0300][39,707s][info][gc] GC(880) Pause Init Mark (process weakrefs) 0,193ms
[2021-04-30T09:23:28.878+0300][39,727s][info][gc] GC(880) Concurrent marking (process weakrefs) 19,881ms
[2021-04-30T09:23:28.878+0300][39,727s][info][gc] GC(880) Concurrent precleaning 0,132ms
[2021-04-30T09:23:28.879+0300][39,729s][info][gc] GC(880) Pause Final Mark (process weakrefs) 0,616ms
[2021-04-30T09:23:28.879+0300][39,729s][info][gc] GC(880) Concurrent cleanup 109M->109M(128M) 0,038ms
[2021-04-30T09:23:28.880+0300][39,729s][info][gc] GC(880) Concurrent evacuation 0,313ms
[2021-04-30T09:23:28.880+0300][39,729s][info][gc] GC(880) Pause Init Update Refs 0,005ms
[2021-04-30T09:23:28.888+0300][39,737s][info][gc] GC(880) Concurrent update references 7,645ms
[2021-04-30T09:23:28.888+0300][39,738s][info][gc] GC(880) Pause Final Update Refs 0,151ms
[2021-04-30T09:23:28.888+0300][39,738s][info][gc] GC(880) Concurrent cleanup 111M->109M(128M) 0,035ms
[2021-04-30T09:23:28.889+0300][39,739s][info][gc] Trigger: Free (11904K) is below minimum threshold (13107K)
[2021-04-30T09:23:28.889+0300][39,739s][info][gc] GC(881) Concurrent reset 0,141ms
[2021-04-30T09:23:28.890+0300][39,739s][info][gc] GC(881) Pause Init Mark 0,189ms
[2021-04-30T09:23:28.904+0300][39,754s][info][gc] GC(881) Concurrent marking 14,581ms
[2021-04-30T09:23:28.906+0300][39,755s][info][gc] GC(881) Pause Final Mark 0,479ms
[2021-04-30T09:23:28.906+0300][39,755s][info][gc] GC(881) Concurrent cleanup 109M->109M(128M) 0,039ms
[2021-04-30T09:23:28.906+0300][39,755s][info][gc] GC(881) Concurrent evacuation 0,047ms
[2021-04-30T09:23:28.906+0300][39,756s][info][gc] GC(881) Pause Init Update Refs 0,005ms
[2021-04-30T09:23:28.914+0300][39,764s][info][gc] GC(881) Concurrent update references 7,884ms
[2021-04-30T09:23:28.915+0300][39,764s][info][gc] GC(881) Pause Final Update Refs 0,213ms
[2021-04-30T09:23:28.915+0300][39,765s][info][gc] GC(881) Concurrent cleanup 109M->109M(128M) 0,042ms
[2021-04-30T09:23:28.916+0300][39,766s][info][gc] Trigger: Free (12170K) is below minimum threshold (13107K)
[2021-04-30T09:23:28.916+0300][39,766s][info][gc] GC(882) Concurrent reset 0,117ms
[2021-04-30T09:23:28.917+0300][39,766s][info][gc] GC(882) Pause Init Mark 0,179ms
[2021-04-30T09:23:28.934+0300][39,783s][info][gc] GC(882) Concurrent marking 16,814ms
[2021-04-30T09:23:28.935+0300][39,784s][info][gc] GC(882) Pause Final Mark 0,608ms
[2021-04-30T09:23:28.935+0300][39,784s][info][gc] GC(882) Concurrent cleanup 109M->109M(128M) 0,036ms
[2021-04-30T09:23:28.936+0300][39,785s][info][gc] GC(882) Concurrent evacuation 0,634ms
[2021-04-30T09:23:28.937+0300][39,786s][info][gc] GC(882) Pause Init Update Refs 0,011ms
[2021-04-30T09:23:28.953+0300][39,803s][info][gc] GC(882) Concurrent update references 16,544ms
[2021-04-30T09:23:28.954+0300][39,803s][info][gc] GC(882) Pause Final Update Refs 0,070ms
[2021-04-30T09:23:28.954+0300][39,803s][info][gc] GC(882) Concurrent cleanup 112M->109M(128M) 0,041ms
[2021-04-30T09:23:28.955+0300][39,804s][info][gc] Trigger: Free (12213K) is below minimum threshold (13107K)
[2021-04-30T09:23:28.955+0300][39,805s][info][gc] GC(883) Concurrent reset 0,169ms
[2021-04-30T09:23:28.956+0300][39,805s][info][gc] GC(883) Pause Init Mark 0,141ms
[2021-04-30T09:23:28.974+0300][39,823s][info][gc] GC(883) Concurrent marking 18,007ms
[2021-04-30T09:23:28.975+0300][39,824s][info][gc] GC(883) Pause Final Mark 0,494ms
[2021-04-30T09:23:28.975+0300][39,824s][info][gc] GC(883) Concurrent cleanup 109M->109M(128M) 0,042ms
[2021-04-30T09:23:28.975+0300][39,825s][info][gc] GC(883) Concurrent evacuation 0,219ms
[2021-04-30T09:23:28.975+0300][39,825s][info][gc] GC(883) Pause Init Update Refs 0,005ms
[2021-04-30T09:23:28.984+0300][39,834s][info][gc] GC(883) Concurrent update references 8,587ms
[2021-04-30T09:23:28.985+0300][39,834s][info][gc] GC(883) Pause Final Update Refs 0,132ms
[2021-04-30T09:23:28.985+0300][39,834s][info][gc] GC(883) Concurrent cleanup 110M->109M(128M) 0,039ms
[2021-04-30T09:23:28.986+0300][39,836s][info][gc] Trigger: Free (12157K) is below minimum threshold (13107K)
[2021-04-30T09:23:28.986+0300][39,836s][info][gc] GC(884) Concurrent reset 0,174ms
[2021-04-30T09:23:28.987+0300][39,836s][info][gc] GC(884) Pause Init Mark 0,200ms
[2021-04-30T09:23:29.003+0300][39,852s][info][gc] GC(884) Concurrent marking 16,121ms
[2021-04-30T09:23:29.004+0300][39,854s][info][gc] GC(884) Pause Final Mark 0,355ms
[2021-04-30T09:23:29.005+0300][39,854s][info][gc] GC(884) Concurrent cleanup 109M->109M(128M) 0,039ms
[2021-04-30T09:23:29.005+0300][39,854s][info][gc] GC(884) Concurrent evacuation 0,085ms
[2021-04-30T09:23:29.005+0300][39,854s][info][gc] GC(884) Pause Init Update Refs 0,006ms
[2021-04-30T09:23:29.013+0300][39,862s][info][gc] GC(884) Concurrent update references 7,989ms
[2021-04-30T09:23:29.013+0300][39,863s][info][gc] GC(884) Pause Final Update Refs 0,059ms
[2021-04-30T09:23:29.013+0300][39,863s][info][gc] GC(884) Concurrent cleanup 109M->109M(128M) 0,037ms
[2021-04-30T09:23:29.014+0300][39,864s][info][gc] Trigger: Free (12409K) is below minimum threshold (13107K)
[2021-04-30T09:23:29.015+0300][39,864s][info][gc] GC(885) Concurrent reset 0,124ms
[2021-04-30T09:23:29.015+0300][39,864s][info][gc] GC(885) Pause Init Mark (process weakrefs) 0,176ms
[2021-04-30T09:23:29.035+0300][39,884s][info][gc] GC(885) Concurrent marking (process weakrefs) 19,804ms
[2021-04-30T09:23:29.035+0300][39,884s][info][gc] GC(885) Concurrent precleaning 0,118ms
[2021-04-30T09:23:29.037+0300][39,886s][info][gc] GC(885) Pause Final Mark (process weakrefs) 1,065ms
[2021-04-30T09:23:29.037+0300][39,886s][info][gc] GC(885) Concurrent cleanup 109M->109M(128M) 0,036ms
[2021-04-30T09:23:29.037+0300][39,886s][info][gc] GC(885) Concurrent evacuation 0,310ms
[2021-04-30T09:23:29.037+0300][39,887s][info][gc] GC(885) Pause Init Update Refs 0,021ms
[2021-04-30T09:23:29.045+0300][39,894s][info][gc] GC(885) Concurrent update references 7,650ms
[2021-04-30T09:23:29.046+0300][39,895s][info][gc] GC(885) Pause Final Update Refs 0,217ms
[2021-04-30T09:23:29.046+0300][39,895s][info][gc] GC(885) Concurrent cleanup 110M->109M(128M) 0,037ms
[2021-04-30T09:23:29.047+0300][39,896s][info][gc] Trigger: Free (12151K) is below minimum threshold (13107K)
[2021-04-30T09:23:29.047+0300][39,897s][info][gc] GC(886) Concurrent reset 0,189ms
[2021-04-30T09:23:29.048+0300][39,897s][info][gc] GC(886) Pause Init Mark 0,282ms
[2021-04-30T09:23:29.068+0300][39,917s][info][gc] GC(886) Concurrent marking 19,794ms
[2021-04-30T09:23:29.069+0300][39,918s][info][gc] GC(886) Pause Final Mark 0,704ms
[2021-04-30T09:23:29.069+0300][39,919s][info][gc] GC(886) Concurrent cleanup 109M->109M(128M) 0,037ms
[2021-04-30T09:23:29.069+0300][39,919s][info][gc] GC(886) Concurrent evacuation 0,299ms
[2021-04-30T09:23:29.069+0300][39,919s][info][gc] GC(886) Pause Init Update Refs 0,005ms
[2021-04-30T09:23:29.077+0300][39,927s][info][gc] GC(886) Concurrent update references 7,650ms
[2021-04-30T09:23:29.077+0300][39,927s][info][gc] GC(886) Pause Final Update Refs 0,072ms
[2021-04-30T09:23:29.078+0300][39,927s][info][gc] GC(886) Concurrent cleanup 110M->109M(128M) 0,038ms
[2021-04-30T09:23:29.079+0300][39,928s][info][gc] Trigger: Free (12153K) is below minimum threshold (13107K)
[2021-04-30T09:23:29.079+0300][39,928s][info][gc] GC(887) Concurrent reset 0,166ms
[2021-04-30T09:23:29.079+0300][39,929s][info][gc] GC(887) Pause Init Mark 0,157ms
[2021-04-30T09:23:29.094+0300][39,943s][info][gc] GC(887) Concurrent marking 14,838ms
[2021-04-30T09:23:29.095+0300][39,945s][info][gc] GC(887) Pause Final Mark 0,423ms
[2021-04-30T09:23:29.095+0300][39,945s][info][gc] GC(887) Concurrent cleanup 109M->109M(128M) 0,036ms
[2021-04-30T09:23:29.096+0300][39,945s][info][gc] GC(887) Concurrent evacuation 0,333ms
[2021-04-30T09:23:29.096+0300][39,945s][info][gc] GC(887) Pause Init Update Refs 0,004ms
[2021-04-30T09:23:29.103+0300][39,953s][info][gc] GC(887) Concurrent update references 7,643ms
[2021-04-30T09:23:29.104+0300][39,953s][info][gc] GC(887) Pause Final Update Refs 0,062ms
[2021-04-30T09:23:29.104+0300][39,953s][info][gc] GC(887) Concurrent cleanup 110M->109M(128M) 0,036ms
[2021-04-30T09:23:29.105+0300][39,954s][info][gc] Trigger: Free (12153K) is below minimum threshold (13107K)
[2021-04-30T09:23:29.105+0300][39,955s][info][gc] GC(888) Concurrent reset 0,125ms
[2021-04-30T09:23:29.105+0300][39,955s][info][gc] GC(888) Pause Init Mark 0,140ms
[2021-04-30T09:23:29.119+0300][39,969s][info][gc] GC(888) Concurrent marking 13,924ms
[2021-04-30T09:23:29.120+0300][39,970s][info][gc] GC(888) Pause Final Mark 0,379ms
[2021-04-30T09:23:29.121+0300][39,970s][info][gc] GC(888) Concurrent cleanup 109M->109M(128M) 0,039ms
[2021-04-30T09:23:29.121+0300][39,970s][info][gc] GC(888) Concurrent evacuation 0,182ms
[2021-04-30T09:23:29.121+0300][39,970s][info][gc] GC(888) Pause Init Update Refs 0,004ms
[2021-04-30T09:23:29.129+0300][39,978s][info][gc] GC(888) Concurrent update references 7,608ms
[2021-04-30T09:23:29.129+0300][39,978s][info][gc] GC(888) Pause Final Update Refs 0,074ms
[2021-04-30T09:23:29.129+0300][39,979s][info][gc] GC(888) Concurrent cleanup 110M->109M(128M) 0,047ms
[2021-04-30T09:23:29.130+0300][39,980s][info][gc] Trigger: Free (12409K) is below minimum threshold (13107K)
[2021-04-30T09:23:29.130+0300][39,980s][info][gc] GC(889) Concurrent reset 0,118ms
[2021-04-30T09:23:29.131+0300][39,980s][info][gc] GC(889) Pause Init Mark 0,144ms
[2021-04-30T09:23:29.145+0300][39,994s][info][gc] GC(889) Concurrent marking 13,754ms
[2021-04-30T09:23:29.146+0300][39,995s][info][gc] GC(889) Pause Final Mark 0,483ms
[2021-04-30T09:23:29.146+0300][39,995s][info][gc] GC(889) Concurrent cleanup 109M->109M(128M) 0,037ms
[2021-04-30T09:23:29.146+0300][39,996s][info][gc] GC(889) Concurrent evacuation 0,307ms
[2021-04-30T09:23:29.146+0300][39,996s][info][gc] GC(889) Pause Init Update Refs 0,021ms
[2021-04-30T09:23:29.154+0300][40,003s][info][gc] GC(889) Concurrent update references 7,650ms
[2021-04-30T09:23:29.155+0300][40,004s][info][gc] GC(889) Pause Final Update Refs 0,101ms
[2021-04-30T09:23:29.155+0300][40,004s][info][gc] GC(889) Concurrent cleanup 110M->109M(128M) 0,038ms
[2021-04-30T09:23:29.156+0300][40,005s][info][gc] Trigger: Free (12351K) is below minimum threshold (13107K)
[2021-04-30T09:23:29.156+0300][40,005s][info][gc] GC(890) Concurrent reset 0,121ms
[2021-04-30T09:23:29.156+0300][40,006s][info][gc] GC(890) Pause Init Mark (process weakrefs) 0,140ms
[2021-04-30T09:23:29.170+0300][40,019s][info][gc] GC(890) Concurrent marking (process weakrefs) 13,723ms
[2021-04-30T09:23:29.170+0300][40,020s][info][gc] GC(890) Concurrent precleaning 0,108ms
[2021-04-30T09:23:29.171+0300][40,020s][info][gc] GC(890) Pause Final Mark (process weakrefs) 0,406ms
[2021-04-30T09:23:29.171+0300][40,021s][info][gc] GC(890) Concurrent cleanup 109M->109M(128M) 0,038ms
[2021-04-30T09:23:29.171+0300][40,021s][info][gc] GC(890) Concurrent evacuation 0,095ms
[2021-04-30T09:23:29.172+0300][40,021s][info][gc] GC(890) Pause Init Update Refs 0,021ms
[2021-04-30T09:23:29.179+0300][40,029s][info][gc] GC(890) Concurrent update references 7,615ms
[2021-04-30T09:23:29.180+0300][40,029s][info][gc] GC(890) Pause Final Update Refs 0,100ms
[2021-04-30T09:23:29.180+0300][40,029s][info][gc] GC(890) Concurrent cleanup 109M->109M(128M) 0,038ms
[2021-04-30T09:23:29.181+0300][40,031s][info][gc] Trigger: Free (12408K) is below minimum threshold (13107K)
[2021-04-30T09:23:29.181+0300][40,031s][info][gc] GC(891) Concurrent reset 0,116ms
[2021-04-30T09:23:29.182+0300][40,031s][info][gc] GC(891) Pause Init Mark 0,140ms
[2021-04-30T09:23:29.196+0300][40,045s][info][gc] GC(891) Concurrent marking 14,391ms
[2021-04-30T09:23:29.197+0300][40,047s][info][gc] GC(891) Pause Final Mark 0,483ms
[2021-04-30T09:23:29.197+0300][40,047s][info][gc] GC(891) Concurrent cleanup 109M->109M(128M) 0,038ms
[2021-04-30T09:23:29.198+0300][40,047s][info][gc] GC(891) Concurrent evacuation 0,213ms
[2021-04-30T09:23:29.198+0300][40,047s][info][gc] GC(891) Pause Init Update Refs 0,006ms
[2021-04-30T09:23:29.206+0300][40,055s][info][gc] GC(891) Concurrent update references 7,850ms
[2021-04-30T09:23:29.206+0300][40,055s][info][gc] GC(891) Pause Final Update Refs 0,062ms
[2021-04-30T09:23:29.206+0300][40,056s][info][gc] GC(891) Concurrent cleanup 110M->109M(128M) 0,039ms
[2021-04-30T09:23:29.207+0300][40,057s][info][gc] Trigger: Free (12350K) is below minimum threshold (13107K)
[2021-04-30T09:23:29.207+0300][40,057s][info][gc] GC(892) Concurrent reset 0,153ms
[2021-04-30T09:23:29.208+0300][40,057s][info][gc] GC(892) Pause Init Mark 0,192ms
[2021-04-30T09:23:29.225+0300][40,075s][info][gc] GC(892) Concurrent marking 17,161ms
[2021-04-30T09:23:29.226+0300][40,076s][info][gc] GC(892) Pause Final Mark 0,364ms
[2021-04-30T09:23:29.226+0300][40,076s][info][gc] GC(892) Concurrent cleanup 109M->109M(128M) 0,041ms
[2021-04-30T09:23:29.226+0300][40,076s][info][gc] GC(892) Concurrent evacuation 0,107ms
[2021-04-30T09:23:29.227+0300][40,076s][info][gc] GC(892) Pause Init Update Refs 0,005ms
[2021-04-30T09:23:29.235+0300][40,084s][info][gc] GC(892) Concurrent update references 8,223ms
[2021-04-30T09:23:29.235+0300][40,085s][info][gc] GC(892) Pause Final Update Refs 0,104ms
[2021-04-30T09:23:29.236+0300][40,085s][info][gc] GC(892) Concurrent cleanup 109M->109M(128M) 0,039ms
[2021-04-30T09:23:29.237+0300][40,086s][info][gc] Trigger: Free (12408K) is below minimum threshold (13107K)
[2021-04-30T09:23:29.237+0300][40,086s][info][gc] GC(893) Concurrent reset 0,125ms
[2021-04-30T09:23:29.237+0300][40,087s][info][gc] GC(893) Pause Init Mark 0,160ms
[2021-04-30T09:23:29.255+0300][40,105s][info][gc] GC(893) Concurrent marking 17,894ms
[2021-04-30T09:23:29.256+0300][40,105s][info][gc] GC(893) Pause Final Mark 0,354ms
[2021-04-30T09:23:29.256+0300][40,106s][info][gc] GC(893) Concurrent cleanup 109M->109M(128M) 0,039ms
[2021-04-30T09:23:29.256+0300][40,106s][info][gc] GC(893) Concurrent evacuation 0,306ms
[2021-04-30T09:23:29.257+0300][40,106s][info][gc] GC(893) Pause Init Update Refs 0,004ms
[2021-04-30T09:23:29.267+0300][40,116s][info][gc] GC(893) Concurrent update references 9,737ms
[2021-04-30T09:23:29.268+0300][40,117s][info][gc] GC(893) Pause Final Update Refs 0,160ms
[2021-04-30T09:23:29.268+0300][40,117s][info][gc] GC(893) Concurrent cleanup 110M->109M(128M) 0,097ms
[2021-04-30T09:23:29.269+0300][40,118s][info][gc] Trigger: Free (12350K) is below minimum threshold (13107K)
[2021-04-30T09:23:29.269+0300][40,118s][info][gc] GC(894) Concurrent reset 0,146ms
[2021-04-30T09:23:29.269+0300][40,119s][info][gc] GC(894) Pause Init Mark 0,143ms
[2021-04-30T09:23:29.287+0300][40,137s][info][gc] GC(894) Concurrent marking 17,738ms
[2021-04-30T09:23:29.288+0300][40,138s][info][gc] GC(894) Pause Final Mark 0,363ms
[2021-04-30T09:23:29.288+0300][40,138s][info][gc] GC(894) Concurrent cleanup 109M->109M(128M) 0,042ms
[2021-04-30T09:23:29.288+0300][40,138s][info][gc] GC(894) Concurrent evacuation 0,092ms
[2021-04-30T09:23:29.289+0300][40,138s][info][gc] GC(894) Pause Init Update Refs 0,004ms
[2021-04-30T09:23:29.299+0300][40,148s][info][gc] GC(894) Concurrent update references 9,880ms
[2021-04-30T09:23:29.299+0300][40,149s][info][gc] GC(894) Pause Final Update Refs 0,129ms
[2021-04-30T09:23:29.299+0300][40,149s][info][gc] GC(894) Concurrent cleanup 109M->109M(128M) 0,038ms
[2021-04-30T09:23:29.300+0300][40,150s][info][gc] Trigger: Free (12377K) is below minimum threshold (13107K)
[2021-04-30T09:23:29.301+0300][40,150s][info][gc] GC(895) Concurrent reset 0,144ms
[2021-04-30T09:23:29.301+0300][40,150s][info][gc] GC(895) Pause Init Mark (process weakrefs) 0,222ms
[2021-04-30T09:23:29.316+0300][40,166s][info][gc] GC(895) Concurrent marking (process weakrefs) 15,191ms
[2021-04-30T09:23:29.316+0300][40,166s][info][gc] GC(895) Concurrent precleaning 0,094ms
[2021-04-30T09:23:29.317+0300][40,167s][info][gc] GC(895) Pause Final Mark (process weakrefs) 0,294ms
[2021-04-30T09:23:29.317+0300][40,167s][info][gc] GC(895) Concurrent cleanup 109M->109M(128M) 0,039ms
[2021-04-30T09:23:29.318+0300][40,167s][info][gc] GC(895) Concurrent evacuation 0,501ms
[2021-04-30T09:23:29.318+0300][40,168s][info][gc] GC(895) Pause Init Update Refs 0,005ms
[2021-04-30T09:23:29.327+0300][40,176s][info][gc] GC(895) Concurrent update references 8,472ms
[2021-04-30T09:23:29.327+0300][40,177s][info][gc] GC(895) Pause Final Update Refs 0,093ms
[2021-04-30T09:23:29.327+0300][40,177s][info][gc] GC(895) Concurrent cleanup 111M->109M(128M) 0,081ms
[2021-04-30T09:23:29.328+0300][40,178s][info][gc] Trigger: Free (12468K) is below minimum threshold (13107K)
[2021-04-30T09:23:29.329+0300][40,178s][info][gc] GC(896) Concurrent reset 0,183ms
[2021-04-30T09:23:29.329+0300][40,179s][info][gc] GC(896) Pause Init Mark 0,164ms
[2021-04-30T09:23:29.343+0300][40,193s][info][gc] GC(896) Concurrent marking 14,315ms
[2021-04-30T09:23:29.344+0300][40,194s][info][gc] GC(896) Pause Final Mark 0,276ms
[2021-04-30T09:23:29.345+0300][40,194s][info][gc] GC(896) Concurrent cleanup 109M->109M(128M) 0,041ms
[2021-04-30T09:23:29.345+0300][40,194s][info][gc] GC(896) Concurrent evacuation 0,055ms
[2021-04-30T09:23:29.345+0300][40,194s][info][gc] GC(896) Pause Init Update Refs 0,004ms
[2021-04-30T09:23:29.353+0300][40,202s][info][gc] GC(896) Concurrent update references 7,906ms
[2021-04-30T09:23:29.353+0300][40,203s][info][gc] GC(896) Pause Final Update Refs 0,080ms
[2021-04-30T09:23:29.353+0300][40,203s][info][gc] GC(896) Concurrent cleanup 109M->109M(128M) 0,038ms
[2021-04-30T09:23:29.355+0300][40,204s][info][gc] Trigger: Free (12539K) is below minimum threshold (13107K)
[2021-04-30T09:23:29.355+0300][40,204s][info][gc] GC(897) Concurrent reset 0,186ms
[2021-04-30T09:23:29.355+0300][40,205s][info][gc] GC(897) Pause Init Mark 0,170ms
[2021-04-30T09:23:29.371+0300][40,220s][info][gc] GC(897) Concurrent marking 15,683ms
[2021-04-30T09:23:29.372+0300][40,222s][info][gc] GC(897) Pause Final Mark 0,491ms
[2021-04-30T09:23:29.372+0300][40,222s][info][gc] GC(897) Concurrent cleanup 109M->109M(128M) 0,052ms
[2021-04-30T09:23:29.372+0300][40,222s][info][gc] GC(897) Concurrent evacuation 0,079ms
[2021-04-30T09:23:29.373+0300][40,222s][info][gc] GC(897) Pause Init Update Refs 0,005ms
[2021-04-30T09:23:29.382+0300][40,232s][info][gc] GC(897) Concurrent update references 9,252ms
[2021-04-30T09:23:29.382+0300][40,232s][info][gc] GC(897) Pause Final Update Refs 0,079ms
[2021-04-30T09:23:29.383+0300][40,232s][info][gc] GC(897) Concurrent cleanup 109M->109M(128M) 0,038ms
[2021-04-30T09:23:29.384+0300][40,233s][info][gc] Trigger: Free (12566K) is below minimum threshold (13107K)
[2021-04-30T09:23:29.384+0300][40,233s][info][gc] GC(898) Concurrent reset 0,117ms
[2021-04-30T09:23:29.384+0300][40,234s][info][gc] GC(898) Pause Init Mark 0,202ms
[2021-04-30T09:23:29.398+0300][40,247s][info][gc] GC(898) Concurrent marking 13,719ms
[2021-04-30T09:23:29.399+0300][40,249s][info][gc] GC(898) Pause Final Mark 0,508ms
[2021-04-30T09:23:29.399+0300][40,249s][info][gc] GC(898) Concurrent cleanup 109M->109M(128M) 0,040ms
[2021-04-30T09:23:29.400+0300][40,249s][info][gc] GC(898) Concurrent evacuation 0,296ms
[2021-04-30T09:23:29.400+0300][40,250s][info][gc] GC(898) Pause Init Update Refs 0,004ms
[2021-04-30T09:23:29.408+0300][40,257s][info][gc] GC(898) Concurrent update references 7,751ms
[2021-04-30T09:23:29.408+0300][40,258s][info][gc] GC(898) Pause Final Update Refs 0,097ms
[2021-04-30T09:23:29.409+0300][40,258s][info][gc] GC(898) Concurrent cleanup 110M->109M(128M) 0,057ms
[2021-04-30T09:23:29.410+0300][40,259s][info][gc] Trigger: Free (12282K) is below minimum threshold (13107K)
[2021-04-30T09:23:29.410+0300][40,259s][info][gc] GC(899) Concurrent reset 0,160ms
[2021-04-30T09:23:29.411+0300][40,260s][info][gc] GC(899) Pause Init Mark (unload classes) 0,356ms
[2021-04-30T09:23:29.428+0300][40,277s][info][gc] GC(899) Concurrent marking (unload classes) 16,943ms
[2021-04-30T09:23:29.431+0300][40,280s][info][gc] GC(899) Pause Final Mark (unload classes) 2,615ms
[2021-04-30T09:23:29.431+0300][40,280s][info][gc] GC(899) Concurrent cleanup 109M->109M(128M) 0,050ms
[2021-04-30T09:23:29.431+0300][40,281s][info][gc] GC(899) Concurrent evacuation 0,147ms
[2021-04-30T09:23:29.432+0300][40,281s][info][gc] GC(899) Pause Init Update Refs 0,015ms
[2021-04-30T09:23:29.442+0300][40,291s][info][gc] GC(899) Concurrent update references 10,259ms
[2021-04-30T09:23:29.442+0300][40,292s][info][gc] GC(899) Pause Final Update Refs 0,099ms
[2021-04-30T09:23:29.443+0300][40,292s][info][gc] GC(899) Concurrent cleanup 110M->109M(128M) 0,103ms
[2021-04-30T09:23:29.444+0300][40,293s][info][gc] Trigger: Free (12563K) is below minimum threshold (13107K)
[2021-04-30T09:23:29.444+0300][40,294s][info][gc] GC(900) Concurrent reset 0,193ms
[2021-04-30T09:23:29.445+0300][40,294s][info][gc] GC(900) Pause Init Mark (process weakrefs) 0,197ms
[2021-04-30T09:23:29.462+0300][40,311s][info][gc] GC(900) Concurrent marking (process weakrefs) 17,014ms
[2021-04-30T09:23:29.462+0300][40,311s][info][gc] GC(900) Concurrent precleaning 0,133ms
[2021-04-30T09:23:29.463+0300][40,312s][info][gc] GC(900) Pause Final Mark (process weakrefs) 0,425ms
[2021-04-30T09:23:29.463+0300][40,312s][info][gc] GC(900) Concurrent cleanup 109M->109M(128M) 0,038ms
[2021-04-30T09:23:29.463+0300][40,312s][info][gc] GC(900) Concurrent evacuation 0,101ms
[2021-04-30T09:23:29.463+0300][40,313s][info][gc] GC(900) Pause Init Update Refs 0,004ms
[2021-04-30T09:23:29.472+0300][40,321s][info][gc] GC(900) Concurrent update references 8,645ms
[2021-04-30T09:23:29.472+0300][40,322s][info][gc] GC(900) Pause Final Update Refs 0,056ms
[2021-04-30T09:23:29.472+0300][40,322s][info][gc] GC(900) Concurrent cleanup 109M->109M(128M) 0,040ms
[2021-04-30T09:23:29.473+0300][40,323s][info][gc] Trigger: Free (12536K) is below minimum threshold (13107K)
[2021-04-30T09:23:29.474+0300][40,323s][info][gc] GC(901) Concurrent reset 0,197ms
[2021-04-30T09:23:29.474+0300][40,323s][info][gc] GC(901) Pause Init Mark 0,181ms
[2021-04-30T09:23:29.496+0300][40,345s][info][gc] GC(901) Concurrent marking 22,034ms
[2021-04-30T09:23:29.497+0300][40,347s][info][gc] GC(901) Pause Final Mark 0,484ms
[2021-04-30T09:23:29.497+0300][40,347s][info][gc] GC(901) Concurrent cleanup 109M->109M(128M) 0,046ms
[2021-04-30T09:23:29.497+0300][40,347s][info][gc] GC(901) Concurrent evacuation 0,071ms
[2021-04-30T09:23:29.498+0300][40,347s][info][gc] GC(901) Pause Init Update Refs 0,005ms
[2021-04-30T09:23:29.507+0300][40,356s][info][gc] GC(901) Concurrent update references 9,001ms
[2021-04-30T09:23:29.507+0300][40,357s][info][gc] GC(901) Pause Final Update Refs 0,087ms
[2021-04-30T09:23:29.507+0300][40,357s][info][gc] GC(901) Concurrent cleanup 109M->108M(128M) 0,047ms
[2021-04-30T09:23:29.509+0300][40,358s][info][gc] Trigger: Free (12695K) is below minimum threshold (13107K)
[2021-04-30T09:23:29.510+0300][40,359s][info][gc] GC(902) Concurrent reset 0,945ms
[2021-04-30T09:23:29.510+0300][40,359s][info][gc] GC(902) Pause Init Mark 0,202ms
[2021-04-30T09:23:29.528+0300][40,377s][info][gc] GC(902) Concurrent marking 17,815ms
[2021-04-30T09:23:29.529+0300][40,378s][info][gc] GC(902) Pause Final Mark 0,137ms
[2021-04-30T09:23:29.529+0300][40,378s][info][gc] GC(902) Concurrent cleanup 109M->109M(128M) 0,041ms
[2021-04-30T09:23:29.531+0300][40,380s][info][gc] Trigger: Free (12675K) is below minimum threshold (13107K)
[2021-04-30T09:23:29.531+0300][40,381s][info][gc] GC(903) Concurrent reset 0,166ms
[2021-04-30T09:23:29.532+0300][40,381s][info][gc] GC(903) Pause Init Mark 0,147ms
[2021-04-30T09:23:29.550+0300][40,399s][info][gc] GC(903) Concurrent marking 18,099ms
[2021-04-30T09:23:29.551+0300][40,400s][info][gc] GC(903) Pause Final Mark 0,353ms
[2021-04-30T09:23:29.551+0300][40,401s][info][gc] GC(903) Concurrent cleanup 109M->109M(128M) 0,045ms
[2021-04-30T09:23:29.551+0300][40,401s][info][gc] GC(903) Concurrent evacuation 0,081ms
[2021-04-30T09:23:29.551+0300][40,401s][info][gc] GC(903) Pause Init Update Refs 0,004ms
[2021-04-30T09:23:29.561+0300][40,410s][info][gc] GC(903) Concurrent update references 9,439ms
[2021-04-30T09:23:29.561+0300][40,411s][info][gc] GC(903) Pause Final Update Refs 0,054ms
[2021-04-30T09:23:29.561+0300][40,411s][info][gc] GC(903) Concurrent cleanup 109M->109M(128M) 0,037ms
[2021-04-30T09:23:29.562+0300][40,412s][info][gc] Trigger: Free (12663K) is below minimum threshold (13107K)
[2021-04-30T09:23:29.563+0300][40,412s][info][gc] GC(904) Concurrent reset 0,133ms
[2021-04-30T09:23:29.563+0300][40,412s][info][gc] GC(904) Pause Init Mark 0,136ms
[2021-04-30T09:23:29.577+0300][40,427s][info][gc] GC(904) Concurrent marking 14,629ms
[2021-04-30T09:23:29.579+0300][40,428s][info][gc] GC(904) Pause Final Mark 0,456ms
[2021-04-30T09:23:29.579+0300][40,428s][info][gc] GC(904) Concurrent cleanup 109M->109M(128M) 0,043ms
[2021-04-30T09:23:29.579+0300][40,428s][info][gc] GC(904) Concurrent evacuation 0,181ms
[2021-04-30T09:23:29.579+0300][40,429s][info][gc] GC(904) Pause Init Update Refs 0,006ms
[2021-04-30T09:23:29.589+0300][40,438s][info][gc] GC(904) Concurrent update references 9,476ms
[2021-04-30T09:23:29.589+0300][40,438s][info][gc] GC(904) Pause Final Update Refs 0,067ms
[2021-04-30T09:23:29.589+0300][40,439s][info][gc] GC(904) Concurrent cleanup 109M->109M(128M) 0,038ms
[2021-04-30T09:23:29.590+0300][40,440s][info][gc] Trigger: Free (12537K) is below minimum threshold (13107K)
[2021-04-30T09:23:29.590+0300][40,440s][info][gc] GC(905) Concurrent reset 0,111ms
[2021-04-30T09:23:29.591+0300][40,440s][info][gc] GC(905) Pause Init Mark (process weakrefs) 0,185ms
[2021-04-30T09:23:29.607+0300][40,457s][info][gc] GC(905) Concurrent marking (process weakrefs) 16,699ms
[2021-04-30T09:23:29.608+0300][40,457s][info][gc] GC(905) Concurrent precleaning 0,083ms
[2021-04-30T09:23:29.609+0300][40,458s][info][gc] GC(905) Pause Final Mark (process weakrefs) 0,447ms
[2021-04-30T09:23:29.609+0300][40,458s][info][gc] GC(905) Concurrent cleanup 109M->109M(128M) 0,038ms
[2021-04-30T09:23:29.609+0300][40,458s][info][gc] GC(905) Concurrent evacuation 0,123ms
[2021-04-30T09:23:29.609+0300][40,459s][info][gc] GC(905) Pause Init Update Refs 0,005ms
[2021-04-30T09:23:29.618+0300][40,467s][info][gc] GC(905) Concurrent update references 8,444ms
[2021-04-30T09:23:29.619+0300][40,468s][info][gc] GC(905) Pause Final Update Refs 0,230ms
[2021-04-30T09:23:29.619+0300][40,468s][info][gc] GC(905) Concurrent cleanup 109M->109M(128M) 0,051ms
[2021-04-30T09:23:29.620+0300][40,469s][info][gc] Trigger: Free (12595K) is below minimum threshold (13107K)
[2021-04-30T09:23:29.620+0300][40,469s][info][gc] GC(906) Concurrent reset 0,116ms
[2021-04-30T09:23:29.620+0300][40,470s][info][gc] GC(906) Pause Init Mark 0,194ms
[2021-04-30T09:23:29.636+0300][40,485s][info][gc] GC(906) Concurrent marking 15,310ms
[2021-04-30T09:23:29.637+0300][40,486s][info][gc] GC(906) Pause Final Mark 0,421ms
[2021-04-30T09:23:29.637+0300][40,486s][info][gc] GC(906) Concurrent cleanup 109M->109M(128M) 0,037ms
[2021-04-30T09:23:29.637+0300][40,486s][info][gc] GC(906) Concurrent evacuation 0,061ms
[2021-04-30T09:23:29.637+0300][40,487s][info][gc] GC(906) Pause Init Update Refs 0,005ms
[2021-04-30T09:23:29.647+0300][40,496s][info][gc] GC(906) Concurrent update references 8,985ms
[2021-04-30T09:23:29.647+0300][40,496s][info][gc] GC(906) Pause Final Update Refs 0,072ms
[2021-04-30T09:23:29.647+0300][40,496s][info][gc] GC(906) Concurrent cleanup 109M->109M(128M) 0,040ms
[2021-04-30T09:23:29.648+0300][40,498s][info][gc] Trigger: Free (12667K) is below minimum threshold (13107K)
[2021-04-30T09:23:29.648+0300][40,498s][info][gc] GC(907) Concurrent reset 0,166ms
[2021-04-30T09:23:29.649+0300][40,498s][info][gc] GC(907) Pause Init Mark 0,187ms
[2021-04-30T09:23:29.664+0300][40,514s][info][gc] GC(907) Concurrent marking 15,452ms
[2021-04-30T09:23:29.666+0300][40,515s][info][gc] GC(907) Pause Final Mark 0,337ms
[2021-04-30T09:23:29.666+0300][40,515s][info][gc] GC(907) Concurrent cleanup 109M->109M(128M) 0,039ms
[2021-04-30T09:23:29.666+0300][40,515s][info][gc] GC(907) Concurrent evacuation 0,045ms
[2021-04-30T09:23:29.666+0300][40,516s][info][gc] GC(907) Pause Init Update Refs 0,003ms
[2021-04-30T09:23:29.675+0300][40,524s][info][gc] GC(907) Concurrent update references 8,804ms
[2021-04-30T09:23:29.675+0300][40,525s][info][gc] GC(907) Pause Final Update Refs 0,110ms
[2021-04-30T09:23:29.675+0300][40,525s][info][gc] GC(907) Concurrent cleanup 109M->108M(128M) 0,039ms
[2021-04-30T09:23:29.677+0300][40,526s][info][gc] Trigger: Free (12694K) is below minimum threshold (13107K)
[2021-04-30T09:23:29.677+0300][40,526s][info][gc] GC(908) Concurrent reset 0,181ms
[2021-04-30T09:23:29.677+0300][40,527s][info][gc] GC(908) Pause Init Mark 0,238ms
[2021-04-30T09:23:29.693+0300][40,542s][info][gc] GC(908) Concurrent marking 15,584ms
[2021-04-30T09:23:29.694+0300][40,544s][info][gc] GC(908) Pause Final Mark 0,744ms
[2021-04-30T09:23:29.695+0300][40,544s][info][gc] GC(908) Concurrent cleanup 109M->108M(128M) 0,039ms
[2021-04-30T09:23:29.695+0300][40,544s][info][gc] GC(908) Concurrent evacuation 0,384ms
[2021-04-30T09:23:29.696+0300][40,545s][info][gc] GC(908) Pause Init Update Refs 0,021ms
[2021-04-30T09:23:29.703+0300][40,553s][info][gc] GC(908) Concurrent update references 7,628ms
[2021-04-30T09:23:29.704+0300][40,553s][info][gc] GC(908) Pause Final Update Refs 0,128ms
[2021-04-30T09:23:29.704+0300][40,553s][info][gc] GC(908) Concurrent cleanup 110M->109M(128M) 0,039ms
[2021-04-30T09:23:29.705+0300][40,554s][info][gc] Trigger: Free (12410K) is below minimum threshold (13107K)
[2021-04-30T09:23:29.705+0300][40,554s][info][gc] GC(909) Concurrent reset 0,129ms
[2021-04-30T09:23:29.705+0300][40,555s][info][gc] GC(909) Pause Init Mark 0,152ms
[2021-04-30T09:23:29.720+0300][40,570s][info][gc] GC(909) Concurrent marking 14,871ms
[2021-04-30T09:23:29.722+0300][40,571s][info][gc] GC(909) Pause Final Mark 0,366ms
[2021-04-30T09:23:29.722+0300][40,571s][info][gc] GC(909) Concurrent cleanup 109M->109M(128M) 0,038ms
[2021-04-30T09:23:29.722+0300][40,571s][info][gc] GC(909) Concurrent evacuation 0,126ms
[2021-04-30T09:23:29.722+0300][40,572s][info][gc] GC(909) Pause Init Update Refs 0,006ms
[2021-04-30T09:23:29.730+0300][40,579s][info][gc] GC(909) Concurrent update references 7,552ms
[2021-04-30T09:23:29.730+0300][40,579s][info][gc] GC(909) Pause Final Update Refs 0,061ms
[2021-04-30T09:23:29.730+0300][40,580s][info][gc] GC(909) Concurrent cleanup 109M->108M(128M) 0,037ms
[2021-04-30T09:23:29.731+0300][40,581s][info][gc] Trigger: Free (12726K) is below minimum threshold (13107K)
[2021-04-30T09:23:29.731+0300][40,581s][info][gc] GC(910) Concurrent reset 0,174ms
[2021-04-30T09:23:29.732+0300][40,581s][info][gc] GC(910) Pause Init Mark (process weakrefs) 0,173ms
[2021-04-30T09:23:29.745+0300][40,595s][info][gc] GC(910) Concurrent marking (process weakrefs) 13,322ms
[2021-04-30T09:23:29.745+0300][40,595s][info][gc] GC(910) Concurrent precleaning 0,139ms
[2021-04-30T09:23:29.746+0300][40,596s][info][gc] GC(910) Pause Final Mark (process weakrefs) 0,378ms
[2021-04-30T09:23:29.746+0300][40,596s][info][gc] GC(910) Concurrent cleanup 109M->108M(128M) 0,041ms
[2021-04-30T09:23:29.746+0300][40,596s][info][gc] GC(910) Concurrent evacuation 0,079ms
[2021-04-30T09:23:29.747+0300][40,596s][info][gc] GC(910) Pause Init Update Refs 0,007ms
[2021-04-30T09:23:29.755+0300][40,604s][info][gc] GC(910) Concurrent update references 7,774ms
[2021-04-30T09:23:29.755+0300][40,604s][info][gc] GC(910) Pause Final Update Refs 0,103ms
[2021-04-30T09:23:29.755+0300][40,605s][info][gc] GC(910) Concurrent cleanup 109M->109M(128M) 0,036ms
[2021-04-30T09:23:29.756+0300][40,606s][info][gc] Trigger: Free (12666K) is below minimum threshold (13107K)
[2021-04-30T09:23:29.756+0300][40,606s][info][gc] GC(911) Concurrent reset 0,174ms
[2021-04-30T09:23:29.757+0300][40,606s][info][gc] GC(911) Pause Init Mark 0,148ms
[2021-04-30T09:23:29.772+0300][40,621s][info][gc] GC(911) Concurrent marking 15,138ms
[2021-04-30T09:23:29.773+0300][40,622s][info][gc] GC(911) Pause Final Mark 0,514ms
[2021-04-30T09:23:29.773+0300][40,623s][info][gc] GC(911) Concurrent cleanup 109M->109M(128M) 0,039ms
[2021-04-30T09:23:29.773+0300][40,623s][info][gc] GC(911) Concurrent evacuation 0,097ms
[2021-04-30T09:23:29.774+0300][40,623s][info][gc] GC(911) Pause Init Update Refs 0,021ms
[2021-04-30T09:23:29.781+0300][40,631s][info][gc] GC(911) Concurrent update references 7,529ms
[2021-04-30T09:23:29.782+0300][40,631s][info][gc] GC(911) Pause Final Update Refs 0,093ms
[2021-04-30T09:23:29.782+0300][40,631s][info][gc] GC(911) Concurrent cleanup 109M->108M(128M) 0,037ms
[2021-04-30T09:23:29.783+0300][40,632s][info][gc] Trigger: Free (12724K) is below minimum threshold (13107K)
[2021-04-30T09:23:29.783+0300][40,633s][info][gc] GC(912) Concurrent reset 0,125ms
[2021-04-30T09:23:29.783+0300][40,633s][info][gc] GC(912) Pause Init Mark 0,154ms
[2021-04-30T09:23:29.797+0300][40,647s][info][gc] GC(912) Concurrent marking 13,897ms
[2021-04-30T09:23:29.798+0300][40,648s][info][gc] GC(912) Pause Final Mark 0,323ms
[2021-04-30T09:23:29.798+0300][40,648s][info][gc] GC(912) Concurrent cleanup 109M->108M(128M) 0,037ms
[2021-04-30T09:23:29.799+0300][40,648s][info][gc] GC(912) Concurrent evacuation 0,142ms
[2021-04-30T09:23:29.799+0300][40,648s][info][gc] GC(912) Pause Init Update Refs 0,004ms
[2021-04-30T09:23:29.807+0300][40,656s][info][gc] GC(912) Concurrent update references 7,871ms
[2021-04-30T09:23:29.807+0300][40,657s][info][gc] GC(912) Pause Final Update Refs 0,072ms
[2021-04-30T09:23:29.807+0300][40,657s][info][gc] GC(912) Concurrent cleanup 109M->109M(128M) 0,037ms
[2021-04-30T09:23:29.808+0300][40,658s][info][gc] Trigger: Free (12665K) is below minimum threshold (13107K)
[2021-04-30T09:23:29.809+0300][40,658s][info][gc] GC(913) Concurrent reset 0,187ms
[2021-04-30T09:23:29.809+0300][40,658s][info][gc] GC(913) Pause Init Mark 0,158ms
[2021-04-30T09:23:29.824+0300][40,673s][info][gc] GC(913) Concurrent marking 14,496ms
[2021-04-30T09:23:29.825+0300][40,675s][info][gc] GC(913) Pause Final Mark 0,564ms
[2021-04-30T09:23:29.825+0300][40,675s][info][gc] GC(913) Concurrent cleanup 109M->109M(128M) 0,043ms
[2021-04-30T09:23:29.826+0300][40,675s][info][gc] GC(913) Concurrent evacuation 0,219ms
[2021-04-30T09:23:29.826+0300][40,675s][info][gc] GC(913) Pause Init Update Refs 0,005ms
[2021-04-30T09:23:29.839+0300][40,688s][info][gc] GC(913) Concurrent update references 12,912ms
[2021-04-30T09:23:29.839+0300][40,689s][info][gc] GC(913) Pause Final Update Refs 0,093ms
[2021-04-30T09:23:29.839+0300][40,689s][info][gc] GC(913) Concurrent cleanup 109M->108M(128M) 0,039ms
[2021-04-30T09:23:29.840+0300][40,690s][info][gc] Trigger: Free (12724K) is below minimum threshold (13107K)
[2021-04-30T09:23:29.841+0300][40,690s][info][gc] GC(914) Concurrent reset 0,411ms
[2021-04-30T09:23:29.842+0300][40,691s][info][gc] GC(914) Pause Init Mark 0,288ms
[2021-04-30T09:23:29.858+0300][40,707s][info][gc] GC(914) Concurrent marking 16,150ms
[2021-04-30T09:23:29.859+0300][40,709s][info][gc] GC(914) Pause Final Mark 0,489ms
[2021-04-30T09:23:29.859+0300][40,709s][info][gc] GC(914) Concurrent cleanup 109M->108M(128M) 0,041ms
[2021-04-30T09:23:29.860+0300][40,709s][info][gc] GC(914) Concurrent evacuation 0,085ms
[2021-04-30T09:23:29.860+0300][40,709s][info][gc] GC(914) Pause Init Update Refs 0,009ms
[2021-04-30T09:23:29.868+0300][40,718s][info][gc] GC(914) Concurrent update references 8,099ms
[2021-04-30T09:23:29.868+0300][40,718s][info][gc] GC(914) Pause Final Update Refs 0,100ms
[2021-04-30T09:23:29.869+0300][40,718s][info][gc] GC(914) Concurrent cleanup 109M->109M(128M) 0,036ms
[2021-04-30T09:23:29.870+0300][40,719s][info][gc] Trigger: Free (12665K) is below minimum threshold (13107K)
[2021-04-30T09:23:29.870+0300][40,719s][info][gc] GC(915) Concurrent reset 0,124ms
[2021-04-30T09:23:29.870+0300][40,720s][info][gc] GC(915) Pause Init Mark (process weakrefs) 0,195ms
[2021-04-30T09:23:29.888+0300][40,738s][info][gc] GC(915) Concurrent marking (process weakrefs) 18,080ms
[2021-04-30T09:23:29.888+0300][40,738s][info][gc] GC(915) Concurrent precleaning 0,083ms
[2021-04-30T09:23:29.889+0300][40,739s][info][gc] GC(915) Pause Final Mark (process weakrefs) 0,406ms
[2021-04-30T09:23:29.890+0300][40,739s][info][gc] GC(915) Concurrent cleanup 109M->109M(128M) 0,039ms
[2021-04-30T09:23:29.890+0300][40,739s][info][gc] GC(915) Concurrent evacuation 0,100ms
[2021-04-30T09:23:29.890+0300][40,739s][info][gc] GC(915) Pause Init Update Refs 0,008ms
[2021-04-30T09:23:29.904+0300][40,753s][info][gc] GC(915) Concurrent update references 13,459ms
[2021-04-30T09:23:29.904+0300][40,753s][info][gc] GC(915) Pause Final Update Refs 0,069ms
[2021-04-30T09:23:29.904+0300][40,753s][info][gc] GC(915) Concurrent cleanup 109M->108M(128M) 0,040ms
[2021-04-30T09:23:29.905+0300][40,755s][info][gc] Trigger: Free (12724K) is below minimum threshold (13107K)
[2021-04-30T09:23:29.905+0300][40,755s][info][gc] GC(916) Concurrent reset 0,154ms
[2021-04-30T09:23:29.906+0300][40,755s][info][gc] GC(916) Pause Init Mark 0,146ms
[2021-04-30T09:23:29.921+0300][40,770s][info][gc] GC(916) Concurrent marking 14,924ms
[2021-04-30T09:23:29.922+0300][40,771s][info][gc] GC(916) Pause Final Mark 0,330ms
[2021-04-30T09:23:29.922+0300][40,772s][info][gc] GC(916) Concurrent cleanup 109M->108M(128M) 0,069ms
[2021-04-30T09:23:29.922+0300][40,772s][info][gc] GC(916) Concurrent evacuation 0,109ms
[2021-04-30T09:23:29.922+0300][40,772s][info][gc] GC(916) Pause Init Update Refs 0,005ms
[2021-04-30T09:23:29.930+0300][40,779s][info][gc] GC(916) Concurrent update references 7,441ms
[2021-04-30T09:23:29.930+0300][40,780s][info][gc] GC(916) Pause Final Update Refs 0,142ms
[2021-04-30T09:23:29.931+0300][40,780s][info][gc] GC(916) Concurrent cleanup 109M->109M(128M) 0,074ms
[2021-04-30T09:23:29.932+0300][40,781s][info][gc] Trigger: Free (12665K) is below minimum threshold (13107K)
[2021-04-30T09:23:29.932+0300][40,781s][info][gc] GC(917) Concurrent reset 0,144ms
[2021-04-30T09:23:29.932+0300][40,782s][info][gc] GC(917) Pause Init Mark 0,178ms
[2021-04-30T09:23:29.950+0300][40,799s][info][gc] GC(917) Concurrent marking 17,495ms
[2021-04-30T09:23:29.951+0300][40,800s][info][gc] GC(917) Pause Final Mark 0,503ms
[2021-04-30T09:23:29.951+0300][40,801s][info][gc] GC(917) Concurrent cleanup 109M->109M(128M) 0,046ms
[2021-04-30T09:23:29.951+0300][40,801s][info][gc] GC(917) Concurrent evacuation 0,093ms
[2021-04-30T09:23:29.951+0300][40,801s][info][gc] GC(917) Pause Init Update Refs 0,005ms
[2021-04-30T09:23:29.961+0300][40,810s][info][gc] GC(917) Concurrent update references 9,031ms
[2021-04-30T09:23:29.961+0300][40,810s][info][gc] GC(917) Pause Final Update Refs 0,056ms
[2021-04-30T09:23:29.961+0300][40,811s][info][gc] GC(917) Concurrent cleanup 109M->108M(128M) 0,054ms
[2021-04-30T09:23:29.962+0300][40,812s][info][gc] Trigger: Free (12724K) is below minimum threshold (13107K)
[2021-04-30T09:23:29.962+0300][40,812s][info][gc] GC(918) Concurrent reset 0,160ms
[2021-04-30T09:23:29.963+0300][40,812s][info][gc] GC(918) Pause Init Mark 0,267ms
[2021-04-30T09:23:29.977+0300][40,826s][info][gc] GC(918) Concurrent marking 13,719ms
[2021-04-30T09:23:29.978+0300][40,827s][info][gc] GC(918) Pause Final Mark 0,506ms
[2021-04-30T09:23:29.978+0300][40,827s][info][gc] GC(918) Concurrent cleanup 109M->108M(128M) 0,037ms
[2021-04-30T09:23:29.978+0300][40,828s][info][gc] GC(918) Concurrent evacuation 0,106ms
[2021-04-30T09:23:29.978+0300][40,828s][info][gc] GC(918) Pause Init Update Refs 0,004ms
[2021-04-30T09:23:29.986+0300][40,835s][info][gc] GC(918) Concurrent update references 7,530ms
[2021-04-30T09:23:29.986+0300][40,836s][info][gc] GC(918) Pause Final Update Refs 0,223ms
[2021-04-30T09:23:29.987+0300][40,836s][info][gc] GC(918) Concurrent cleanup 109M->109M(128M) 0,036ms
[2021-04-30T09:23:29.988+0300][40,837s][info][gc] Trigger: Free (12665K) is below minimum threshold (13107K)
[2021-04-30T09:23:29.988+0300][40,837s][info][gc] GC(919) Concurrent reset 0,164ms
[2021-04-30T09:23:29.988+0300][40,838s][info][gc] GC(919) Pause Init Mark 0,179ms
[2021-04-30T09:23:30.008+0300][40,857s][info][gc] GC(919) Concurrent marking 19,320ms
[2021-04-30T09:23:30.009+0300][40,858s][info][gc] GC(919) Pause Final Mark 0,444ms
[2021-04-30T09:23:30.009+0300][40,858s][info][gc] GC(919) Concurrent cleanup 109M->109M(128M) 0,043ms
[2021-04-30T09:23:30.009+0300][40,858s][info][gc] GC(919) Concurrent evacuation 0,109ms
[2021-04-30T09:23:30.009+0300][40,859s][info][gc] GC(919) Pause Init Update Refs 0,005ms
[2021-04-30T09:23:30.017+0300][40,866s][info][gc] GC(919) Concurrent update references 7,628ms
[2021-04-30T09:23:30.017+0300][40,867s][info][gc] GC(919) Pause Final Update Refs 0,074ms
[2021-04-30T09:23:30.017+0300][40,867s][info][gc] GC(919) Concurrent cleanup 109M->108M(128M) 0,042ms
[2021-04-30T09:23:30.018+0300][40,868s][info][gc] Trigger: Free (12724K) is below minimum threshold (13107K)
[2021-04-30T09:23:30.019+0300][40,868s][info][gc] GC(920) Concurrent reset 0,152ms
[2021-04-30T09:23:30.019+0300][40,868s][info][gc] GC(920) Pause Init Mark (process weakrefs) 0,157ms
[2021-04-30T09:23:30.034+0300][40,883s][info][gc] GC(920) Concurrent marking (process weakrefs) 14,603ms
[2021-04-30T09:23:30.034+0300][40,883s][info][gc] GC(920) Concurrent precleaning 0,143ms
[2021-04-30T09:23:30.035+0300][40,884s][info][gc] GC(920) Pause Final Mark (process weakrefs) 0,375ms
[2021-04-30T09:23:30.035+0300][40,884s][info][gc] GC(920) Concurrent cleanup 109M->108M(128M) 0,037ms
[2021-04-30T09:23:30.035+0300][40,884s][info][gc] GC(920) Concurrent evacuation 0,111ms
[2021-04-30T09:23:30.035+0300][40,885s][info][gc] GC(920) Pause Init Update Refs 0,006ms
[2021-04-30T09:23:30.048+0300][40,898s][info][gc] GC(920) Concurrent update references 12,849ms
[2021-04-30T09:23:30.049+0300][40,898s][info][gc] GC(920) Pause Final Update Refs 0,220ms
[2021-04-30T09:23:30.049+0300][40,898s][info][gc] GC(920) Concurrent cleanup 109M->109M(128M) 0,037ms
[2021-04-30T09:23:30.050+0300][40,900s][info][gc] Trigger: Free (12665K) is below minimum threshold (13107K)
[2021-04-30T09:23:30.050+0300][40,900s][info][gc] GC(921) Concurrent reset 0,202ms
[2021-04-30T09:23:30.051+0300][40,900s][info][gc] GC(921) Pause Init Mark 0,261ms
[2021-04-30T09:23:30.065+0300][40,915s][info][gc] GC(921) Concurrent marking 14,313ms
[2021-04-30T09:23:30.066+0300][40,916s][info][gc] GC(921) Pause Final Mark 0,343ms
[2021-04-30T09:23:30.066+0300][40,916s][info][gc] GC(921) Concurrent cleanup 109M->109M(128M) 0,038ms
[2021-04-30T09:23:30.066+0300][40,916s][info][gc] GC(921) Concurrent evacuation 0,145ms
[2021-04-30T09:23:30.067+0300][40,916s][info][gc] GC(921) Pause Init Update Refs 0,006ms
[2021-04-30T09:23:30.074+0300][40,924s][info][gc] GC(921) Concurrent update references 7,461ms
[2021-04-30T09:23:30.074+0300][40,924s][info][gc] GC(921) Pause Final Update Refs 0,072ms
[2021-04-30T09:23:30.075+0300][40,924s][info][gc] GC(921) Concurrent cleanup 109M->108M(128M) 0,038ms
[2021-04-30T09:23:30.076+0300][40,925s][info][gc] Trigger: Free (12724K) is below minimum threshold (13107K)
[2021-04-30T09:23:30.076+0300][40,925s][info][gc] GC(922) Concurrent reset 0,196ms
[2021-04-30T09:23:30.076+0300][40,926s][info][gc] GC(922) Pause Init Mark 0,172ms
[2021-04-30T09:23:30.096+0300][40,945s][info][gc] GC(922) Concurrent marking 19,692ms
[2021-04-30T09:23:30.097+0300][40,947s][info][gc] GC(922) Pause Final Mark 0,454ms
[2021-04-30T09:23:30.097+0300][40,947s][info][gc] GC(922) Concurrent cleanup 109M->108M(128M) 0,037ms
[2021-04-30T09:23:30.097+0300][40,947s][info][gc] GC(922) Concurrent evacuation 0,145ms
[2021-04-30T09:23:30.098+0300][40,947s][info][gc] GC(922) Pause Init Update Refs 0,003ms
[2021-04-30T09:23:30.105+0300][40,955s][info][gc] GC(922) Concurrent update references 7,533ms
[2021-04-30T09:23:30.106+0300][40,955s][info][gc] GC(922) Pause Final Update Refs 0,131ms
[2021-04-30T09:23:30.106+0300][40,955s][info][gc] GC(922) Concurrent cleanup 109M->109M(128M) 0,042ms
[2021-04-30T09:23:30.107+0300][40,957s][info][gc] Trigger: Free (12665K) is below minimum threshold (13107K)
[2021-04-30T09:23:30.107+0300][40,957s][info][gc] GC(923) Concurrent reset 0,157ms
[2021-04-30T09:23:30.108+0300][40,957s][info][gc] GC(923) Pause Init Mark 0,171ms
[2021-04-30T09:23:30.123+0300][40,972s][info][gc] GC(923) Concurrent marking 14,861ms
[2021-04-30T09:23:30.124+0300][40,973s][info][gc] GC(923) Pause Final Mark 0,422ms
[2021-04-30T09:23:30.124+0300][40,973s][info][gc] GC(923) Concurrent cleanup 109M->109M(128M) 0,040ms
[2021-04-30T09:23:30.124+0300][40,973s][info][gc] GC(923) Concurrent evacuation 0,098ms
[2021-04-30T09:23:30.124+0300][40,974s][info][gc] GC(923) Pause Init Update Refs 0,003ms
[2021-04-30T09:23:30.137+0300][40,987s][info][gc] GC(923) Concurrent update references 12,958ms
[2021-04-30T09:23:30.138+0300][40,987s][info][gc] GC(923) Pause Final Update Refs 0,118ms
[2021-04-30T09:23:30.138+0300][40,987s][info][gc] GC(923) Concurrent cleanup 109M->108M(128M) 0,038ms
[2021-04-30T09:23:30.139+0300][40,989s][info][gc] Trigger: Free (12724K) is below minimum threshold (13107K)
[2021-04-30T09:23:30.140+0300][40,989s][info][gc] GC(924) Concurrent reset 0,429ms
[2021-04-30T09:23:30.140+0300][40,990s][info][gc] GC(924) Pause Init Mark 0,318ms
[2021-04-30T09:23:30.157+0300][41,006s][info][gc] GC(924) Concurrent marking 16,165ms
[2021-04-30T09:23:30.158+0300][41,007s][info][gc] GC(924) Pause Final Mark 0,441ms
[2021-04-30T09:23:30.158+0300][41,007s][info][gc] GC(924) Concurrent cleanup 109M->108M(128M) 0,039ms
[2021-04-30T09:23:30.158+0300][41,008s][info][gc] GC(924) Concurrent evacuation 0,108ms
[2021-04-30T09:23:30.158+0300][41,008s][info][gc] GC(924) Pause Init Update Refs 0,006ms
[2021-04-30T09:23:30.167+0300][41,016s][info][gc] GC(924) Concurrent update references 8,447ms
[2021-04-30T09:23:30.167+0300][41,017s][info][gc] GC(924) Pause Final Update Refs 0,088ms
[2021-04-30T09:23:30.168+0300][41,017s][info][gc] GC(924) Concurrent cleanup 109M->109M(128M) 0,038ms
[2021-04-30T09:23:30.169+0300][41,018s][info][gc] Trigger: Free (12665K) is below minimum threshold (13107K)
[2021-04-30T09:23:30.169+0300][41,018s][info][gc] GC(925) Concurrent reset 0,132ms
[2021-04-30T09:23:30.169+0300][41,019s][info][gc] GC(925) Pause Init Mark (process weakrefs) 0,186ms
[2021-04-30T09:23:30.190+0300][41,040s][info][gc] GC(925) Concurrent marking (process weakrefs) 20,895ms
[2021-04-30T09:23:30.190+0300][41,040s][info][gc] GC(925) Concurrent precleaning 0,143ms
[2021-04-30T09:23:30.191+0300][41,041s][info][gc] GC(925) Pause Final Mark (process weakrefs) 0,490ms
[2021-04-30T09:23:30.191+0300][41,041s][info][gc] GC(925) Concurrent cleanup 109M->109M(128M) 0,040ms
[2021-04-30T09:23:30.192+0300][41,041s][info][gc] GC(925) Concurrent evacuation 0,109ms
[2021-04-30T09:23:30.192+0300][41,041s][info][gc] GC(925) Pause Init Update Refs 0,007ms
[2021-04-30T09:23:30.200+0300][41,050s][info][gc] GC(925) Concurrent update references 8,527ms
[2021-04-30T09:23:30.201+0300][41,050s][info][gc] GC(925) Pause Final Update Refs 0,134ms
[2021-04-30T09:23:30.201+0300][41,050s][info][gc] GC(925) Concurrent cleanup 109M->108M(128M) 0,037ms
[2021-04-30T09:23:30.202+0300][41,052s][info][gc] Trigger: Free (12724K) is below minimum threshold (13107K)
[2021-04-30T09:23:30.202+0300][41,052s][info][gc] GC(926) Concurrent reset 0,120ms
[2021-04-30T09:23:30.203+0300][41,052s][info][gc] GC(926) Pause Init Mark 0,147ms
[2021-04-30T09:23:30.223+0300][41,073s][info][gc] GC(926) Concurrent marking 20,521ms
[2021-04-30T09:23:30.224+0300][41,074s][info][gc] GC(926) Pause Final Mark 0,340ms
[2021-04-30T09:23:30.224+0300][41,074s][info][gc] GC(926) Concurrent cleanup 109M->108M(128M) 0,037ms
[2021-04-30T09:23:30.224+0300][41,074s][info][gc] GC(926) Concurrent evacuation 0,100ms
[2021-04-30T09:23:30.225+0300][41,074s][info][gc] GC(926) Pause Init Update Refs 0,005ms
[2021-04-30T09:23:30.238+0300][41,087s][info][gc] GC(926) Concurrent update references 12,832ms
[2021-04-30T09:23:30.238+0300][41,087s][info][gc] GC(926) Pause Final Update Refs 0,056ms
[2021-04-30T09:23:30.238+0300][41,088s][info][gc] GC(926) Concurrent cleanup 109M->109M(128M) 0,038ms
[2021-04-30T09:23:30.239+0300][41,089s][info][gc] Trigger: Free (12665K) is below minimum threshold (13107K)
[2021-04-30T09:23:30.239+0300][41,089s][info][gc] GC(927) Concurrent reset 0,184ms
[2021-04-30T09:23:30.240+0300][41,089s][info][gc] GC(927) Pause Init Mark 0,157ms
[2021-04-30T09:23:30.254+0300][41,104s][info][gc] GC(927) Concurrent marking 14,122ms
[2021-04-30T09:23:30.255+0300][41,104s][info][gc] GC(927) Pause Final Mark 0,286ms
[2021-04-30T09:23:30.255+0300][41,105s][info][gc] GC(927) Concurrent cleanup 109M->109M(128M) 0,037ms
[2021-04-30T09:23:30.255+0300][41,105s][info][gc] GC(927) Concurrent evacuation 0,082ms
[2021-04-30T09:23:30.256+0300][41,105s][info][gc] GC(927) Pause Init Update Refs 0,005ms
[2021-04-30T09:23:30.266+0300][41,116s][info][gc] GC(927) Concurrent update references 10,619ms
[2021-04-30T09:23:30.267+0300][41,116s][info][gc] GC(927) Pause Final Update Refs 0,185ms
[2021-04-30T09:23:30.267+0300][41,116s][info][gc] GC(927) Concurrent cleanup 109M->108M(128M) 0,036ms
[2021-04-30T09:23:30.268+0300][41,118s][info][gc] Trigger: Free (12724K) is below minimum threshold (13107K)
[2021-04-30T09:23:30.268+0300][41,118s][info][gc] GC(928) Concurrent reset 0,171ms
[2021-04-30T09:23:30.269+0300][41,118s][info][gc] GC(928) Pause Init Mark 0,259ms
[2021-04-30T09:23:30.284+0300][41,133s][info][gc] GC(928) Concurrent marking 14,951ms
[2021-04-30T09:23:30.285+0300][41,134s][info][gc] GC(928) Pause Final Mark 0,375ms
[2021-04-30T09:23:30.285+0300][41,134s][info][gc] GC(928) Concurrent cleanup 109M->108M(128M) 0,038ms
[2021-04-30T09:23:30.285+0300][41,135s][info][gc] GC(928) Concurrent evacuation 0,074ms
[2021-04-30T09:23:30.285+0300][41,135s][info][gc] GC(928) Pause Init Update Refs 0,005ms
[2021-04-30T09:23:30.298+0300][41,148s][info][gc] GC(928) Concurrent update references 12,823ms
[2021-04-30T09:23:30.299+0300][41,148s][info][gc] GC(928) Pause Final Update Refs 0,219ms
[2021-04-30T09:23:30.299+0300][41,148s][info][gc] GC(928) Concurrent cleanup 109M->109M(128M) 0,038ms
[2021-04-30T09:23:30.300+0300][41,150s][info][gc] Trigger: Free (12665K) is below minimum threshold (13107K)
[2021-04-30T09:23:30.300+0300][41,150s][info][gc] GC(929) Concurrent reset 0,193ms
[2021-04-30T09:23:30.301+0300][41,150s][info][gc] GC(929) Pause Init Mark 0,282ms
[2021-04-30T09:23:30.322+0300][41,171s][info][gc] GC(929) Concurrent marking 20,700ms
[2021-04-30T09:23:30.323+0300][41,172s][info][gc] GC(929) Pause Final Mark 0,547ms
[2021-04-30T09:23:30.323+0300][41,173s][info][gc] GC(929) Concurrent cleanup 109M->109M(128M) 0,038ms
[2021-04-30T09:23:30.323+0300][41,173s][info][gc] GC(929) Concurrent evacuation 0,155ms
[2021-04-30T09:23:30.324+0300][41,173s][info][gc] GC(929) Pause Init Update Refs 0,006ms
[2021-04-30T09:23:30.332+0300][41,181s][info][gc] GC(929) Concurrent update references 7,942ms
[2021-04-30T09:23:30.332+0300][41,182s][info][gc] GC(929) Pause Final Update Refs 0,085ms
[2021-04-30T09:23:30.332+0300][41,182s][info][gc] GC(929) Concurrent cleanup 109M->108M(128M) 0,037ms
[2021-04-30T09:23:30.333+0300][41,183s][info][gc] Trigger: Free (12724K) is below minimum threshold (13107K)
[2021-04-30T09:23:30.334+0300][41,183s][info][gc] GC(930) Concurrent reset 0,168ms
[2021-04-30T09:23:30.334+0300][41,183s][info][gc] GC(930) Pause Init Mark (process weakrefs) 0,143ms
[2021-04-30T09:23:30.350+0300][41,200s][info][gc] GC(930) Concurrent marking (process weakrefs) 16,226ms
[2021-04-30T09:23:30.351+0300][41,200s][info][gc] GC(930) Concurrent precleaning 0,197ms
[2021-04-30T09:23:30.351+0300][41,201s][info][gc] GC(930) Pause Final Mark (process weakrefs) 0,358ms
[2021-04-30T09:23:30.351+0300][41,201s][info][gc] GC(930) Concurrent cleanup 109M->108M(128M) 0,039ms
[2021-04-30T09:23:30.352+0300][41,201s][info][gc] GC(930) Concurrent evacuation 0,077ms
[2021-04-30T09:23:30.352+0300][41,201s][info][gc] GC(930) Pause Init Update Refs 0,006ms
[2021-04-30T09:23:30.361+0300][41,211s][info][gc] GC(930) Concurrent update references 9,569ms
[2021-04-30T09:23:30.362+0300][41,211s][info][gc] GC(930) Pause Final Update Refs 0,095ms
[2021-04-30T09:23:30.362+0300][41,211s][info][gc] GC(930) Concurrent cleanup 109M->109M(128M) 0,038ms
[2021-04-30T09:23:30.363+0300][41,213s][info][gc] Trigger: Free (12665K) is below minimum threshold (13107K)
[2021-04-30T09:23:30.363+0300][41,213s][info][gc] GC(931) Concurrent reset 0,177ms
[2021-04-30T09:23:30.364+0300][41,213s][info][gc] GC(931) Pause Init Mark 0,166ms
[2021-04-30T09:23:30.381+0300][41,231s][info][gc] GC(931) Concurrent marking 17,553ms
[2021-04-30T09:23:30.382+0300][41,232s][info][gc] GC(931) Pause Final Mark 0,275ms
[2021-04-30T09:23:30.382+0300][41,232s][info][gc] GC(931) Concurrent cleanup 109M->109M(128M) 0,037ms
[2021-04-30T09:23:30.382+0300][41,232s][info][gc] GC(931) Concurrent evacuation 0,119ms
[2021-04-30T09:23:30.383+0300][41,232s][info][gc] GC(931) Pause Init Update Refs 0,004ms
[2021-04-30T09:23:30.390+0300][41,240s][info][gc] GC(931) Concurrent update references 7,628ms
[2021-04-30T09:23:30.391+0300][41,241s][info][gc] GC(931) Pause Final Update Refs 0,082ms
[2021-04-30T09:23:30.391+0300][41,241s][info][gc] GC(931) Concurrent cleanup 109M->108M(128M) 0,046ms
[2021-04-30T09:23:30.392+0300][41,242s][info][gc] Trigger: Free (12724K) is below minimum threshold (13107K)
[2021-04-30T09:23:30.393+0300][41,242s][info][gc] GC(932) Concurrent reset 0,158ms
[2021-04-30T09:23:30.393+0300][41,242s][info][gc] GC(932) Pause Init Mark 0,169ms
[2021-04-30T09:23:30.409+0300][41,259s][info][gc] GC(932) Concurrent marking 16,250ms
[2021-04-30T09:23:30.410+0300][41,260s][info][gc] GC(932) Pause Final Mark 0,515ms
[2021-04-30T09:23:30.411+0300][41,260s][info][gc] GC(932) Concurrent cleanup 109M->108M(128M) 0,043ms
[2021-04-30T09:23:30.411+0300][41,260s][info][gc] GC(932) Concurrent evacuation 0,084ms
[2021-04-30T09:23:30.411+0300][41,260s][info][gc] GC(932) Pause Init Update Refs 0,004ms
[2021-04-30T09:23:30.419+0300][41,268s][info][gc] GC(932) Concurrent update references 7,608ms
[2021-04-30T09:23:30.419+0300][41,268s][info][gc] GC(932) Pause Final Update Refs 0,112ms
[2021-04-30T09:23:30.419+0300][41,268s][info][gc] GC(932) Concurrent cleanup 109M->109M(128M) 0,039ms
[2021-04-30T09:23:30.420+0300][41,270s][info][gc] Trigger: Free (12665K) is below minimum threshold (13107K)
[2021-04-30T09:23:30.420+0300][41,270s][info][gc] GC(933) Concurrent reset 0,149ms
[2021-04-30T09:23:30.421+0300][41,270s][info][gc] GC(933) Pause Init Mark 0,192ms
[2021-04-30T09:23:30.441+0300][41,291s][info][gc] GC(933) Concurrent marking 20,536ms
[2021-04-30T09:23:30.443+0300][41,292s][info][gc] GC(933) Pause Final Mark 0,318ms
[2021-04-30T09:23:30.443+0300][41,292s][info][gc] GC(933) Concurrent cleanup 109M->109M(128M) 0,044ms
[2021-04-30T09:23:30.443+0300][41,292s][info][gc] GC(933) Concurrent evacuation 0,099ms
[2021-04-30T09:23:30.443+0300][41,293s][info][gc] GC(933) Pause Init Update Refs 0,004ms
[2021-04-30T09:23:30.456+0300][41,306s][info][gc] GC(933) Concurrent update references 12,895ms
[2021-04-30T09:23:30.457+0300][41,306s][info][gc] GC(933) Pause Final Update Refs 0,074ms
[2021-04-30T09:23:30.457+0300][41,306s][info][gc] GC(933) Concurrent cleanup 109M->108M(128M) 0,041ms
[2021-04-30T09:23:30.458+0300][41,307s][info][gc] Trigger: Free (12724K) is below minimum threshold (13107K)
[2021-04-30T09:23:30.458+0300][41,307s][info][gc] GC(934) Concurrent reset 0,150ms
[2021-04-30T09:23:30.458+0300][41,308s][info][gc] GC(934) Pause Init Mark 0,148ms
[2021-04-30T09:23:30.476+0300][41,326s][info][gc] GC(934) Concurrent marking 18,014ms
[2021-04-30T09:23:30.477+0300][41,327s][info][gc] GC(934) Pause Final Mark 0,300ms
[2021-04-30T09:23:30.477+0300][41,327s][info][gc] GC(934) Concurrent cleanup 109M->108M(128M) 0,036ms
[2021-04-30T09:23:30.477+0300][41,327s][info][gc] GC(934) Concurrent evacuation 0,076ms
[2021-04-30T09:23:30.478+0300][41,327s][info][gc] GC(934) Pause Init Update Refs 0,003ms
[2021-04-30T09:23:30.487+0300][41,337s][info][gc] GC(934) Concurrent update references 9,453ms
[2021-04-30T09:23:30.488+0300][41,337s][info][gc] GC(934) Pause Final Update Refs 0,134ms
[2021-04-30T09:23:30.488+0300][41,337s][info][gc] GC(934) Concurrent cleanup 109M->109M(128M) 0,044ms
[2021-04-30T09:23:30.489+0300][41,338s][info][gc] Trigger: Free (12665K) is below minimum threshold (13107K)
[2021-04-30T09:23:30.489+0300][41,339s][info][gc] GC(935) Concurrent reset 0,176ms
[2021-04-30T09:23:30.489+0300][41,339s][info][gc] GC(935) Pause Init Mark (process weakrefs) 0,143ms
[2021-04-30T09:23:30.506+0300][41,355s][info][gc] GC(935) Concurrent marking (process weakrefs) 16,152ms
[2021-04-30T09:23:30.506+0300][41,355s][info][gc] GC(935) Concurrent precleaning 0,073ms
[2021-04-30T09:23:30.507+0300][41,356s][info][gc] GC(935) Pause Final Mark (process weakrefs) 0,562ms
[2021-04-30T09:23:30.507+0300][41,356s][info][gc] GC(935) Concurrent cleanup 109M->109M(128M) 0,040ms
[2021-04-30T09:23:30.507+0300][41,357s][info][gc] GC(935) Concurrent evacuation 0,201ms
[2021-04-30T09:23:30.507+0300][41,357s][info][gc] GC(935) Pause Init Update Refs 0,006ms
[2021-04-30T09:23:30.518+0300][41,367s][info][gc] GC(935) Concurrent update references 10,393ms
[2021-04-30T09:23:30.518+0300][41,368s][info][gc] GC(935) Pause Final Update Refs 0,103ms
[2021-04-30T09:23:30.518+0300][41,368s][info][gc] GC(935) Concurrent cleanup 109M->108M(128M) 0,050ms
[2021-04-30T09:23:30.519+0300][41,369s][info][gc] Trigger: Free (12786K) is below minimum threshold (13107K)
[2021-04-30T09:23:30.520+0300][41,369s][info][gc] GC(936) Concurrent reset 0,130ms
[2021-04-30T09:23:30.520+0300][41,369s][info][gc] GC(936) Pause Init Mark 0,158ms
[2021-04-30T09:23:30.541+0300][41,390s][info][gc] GC(936) Concurrent marking 20,976ms
[2021-04-30T09:23:30.542+0300][41,391s][info][gc] GC(936) Pause Final Mark 0,293ms
[2021-04-30T09:23:30.542+0300][41,391s][info][gc] GC(936) Concurrent cleanup 108M->108M(128M) 0,044ms
[2021-04-30T09:23:30.544+0300][41,394s][info][gc] Trigger: Free (12767K) is below minimum threshold (13107K)
[2021-04-30T09:23:30.544+0300][41,394s][info][gc] GC(937) Concurrent reset 0,138ms
[2021-04-30T09:23:30.545+0300][41,394s][info][gc] GC(937) Pause Init Mark 0,192ms
[2021-04-30T09:23:30.559+0300][41,409s][info][gc] GC(937) Concurrent marking 14,633ms
[2021-04-30T09:23:30.560+0300][41,410s][info][gc] GC(937) Pause Final Mark 0,400ms
[2021-04-30T09:23:30.560+0300][41,410s][info][gc] GC(937) Concurrent cleanup 108M->108M(128M) 0,044ms
[2021-04-30T09:23:30.561+0300][41,410s][info][gc] GC(937) Concurrent evacuation 0,076ms
[2021-04-30T09:23:30.561+0300][41,410s][info][gc] GC(937) Pause Init Update Refs 0,004ms
[2021-04-30T09:23:30.570+0300][41,420s][info][gc] GC(937) Concurrent update references 9,383ms
[2021-04-30T09:23:30.571+0300][41,420s][info][gc] GC(937) Pause Final Update Refs 0,179ms
[2021-04-30T09:23:30.571+0300][41,420s][info][gc] GC(937) Concurrent cleanup 109M->108M(128M) 0,041ms
[2021-04-30T09:23:30.572+0300][41,421s][info][gc] Trigger: Free (12712K) is below minimum threshold (13107K)
[2021-04-30T09:23:30.572+0300][41,422s][info][gc] GC(938) Concurrent reset 0,144ms
[2021-04-30T09:23:30.573+0300][41,422s][info][gc] GC(938) Pause Init Mark 0,184ms
[2021-04-30T09:23:30.592+0300][41,441s][info][gc] GC(938) Concurrent marking 19,326ms
[2021-04-30T09:23:30.593+0300][41,442s][info][gc] GC(938) Pause Final Mark 0,365ms
[2021-04-30T09:23:30.593+0300][41,442s][info][gc] GC(938) Concurrent cleanup 109M->109M(128M) 0,045ms
[2021-04-30T09:23:30.593+0300][41,443s][info][gc] GC(938) Concurrent evacuation 0,087ms
[2021-04-30T09:23:30.593+0300][41,443s][info][gc] GC(938) Pause Init Update Refs 0,004ms
[2021-04-30T09:23:30.601+0300][41,451s][info][gc] GC(938) Concurrent update references 7,531ms
[2021-04-30T09:23:30.602+0300][41,451s][info][gc] GC(938) Pause Final Update Refs 0,082ms
[2021-04-30T09:23:30.602+0300][41,451s][info][gc] GC(938) Concurrent cleanup 109M->109M(128M) 0,038ms
[2021-04-30T09:23:30.603+0300][41,452s][info][gc] Trigger: Free (12655K) is below minimum threshold (13107K)
[2021-04-30T09:23:30.603+0300][41,452s][info][gc] GC(939) Concurrent reset 0,121ms
[2021-04-30T09:23:30.603+0300][41,453s][info][gc] GC(939) Pause Init Mark 0,186ms
[2021-04-30T09:23:30.620+0300][41,469s][info][gc] GC(939) Concurrent marking 16,565ms
[2021-04-30T09:23:30.621+0300][41,471s][info][gc] GC(939) Pause Final Mark 0,545ms
[2021-04-30T09:23:30.621+0300][41,471s][info][gc] GC(939) Concurrent cleanup 109M->109M(128M) 0,038ms
[2021-04-30T09:23:30.621+0300][41,471s][info][gc] GC(939) Concurrent evacuation 0,025ms
[2021-04-30T09:23:30.622+0300][41,471s][info][gc] GC(939) Pause Init Update Refs 0,020ms
[2021-04-30T09:23:30.630+0300][41,479s][info][gc] GC(939) Concurrent update references 8,009ms
[2021-04-30T09:23:30.630+0300][41,479s][info][gc] GC(939) Pause Final Update Refs 0,074ms
[2021-04-30T09:23:30.630+0300][41,480s][info][gc] GC(939) Concurrent cleanup 109M->108M(128M) 0,043ms
[2021-04-30T09:23:30.631+0300][41,481s][info][gc] Trigger: Free (12724K) is below minimum threshold (13107K)
[2021-04-30T09:23:30.631+0300][41,481s][info][gc] GC(940) Concurrent reset 0,144ms
[2021-04-30T09:23:30.632+0300][41,481s][info][gc] GC(940) Pause Init Mark (process weakrefs) 0,287ms
[2021-04-30T09:23:30.649+0300][41,499s][info][gc] GC(940) Concurrent marking (process weakrefs) 17,092ms
[2021-04-30T09:23:30.649+0300][41,499s][info][gc] GC(940) Concurrent precleaning 0,181ms
[2021-04-30T09:23:30.650+0300][41,500s][info][gc] GC(940) Pause Final Mark (process weakrefs) 0,491ms
[2021-04-30T09:23:30.650+0300][41,500s][info][gc] GC(940) Concurrent cleanup 109M->109M(128M) 0,039ms
[2021-04-30T09:23:30.650+0300][41,500s][info][gc] GC(940) Concurrent evacuation 0,043ms
[2021-04-30T09:23:30.651+0300][41,500s][info][gc] GC(940) Pause Init Update Refs 0,005ms
[2021-04-30T09:23:30.659+0300][41,509s][info][gc] GC(940) Concurrent update references 8,356ms
[2021-04-30T09:23:30.660+0300][41,509s][info][gc] GC(940) Pause Final Update Refs 0,086ms
[2021-04-30T09:23:30.660+0300][41,509s][info][gc] GC(940) Concurrent cleanup 109M->108M(128M) 0,042ms
[2021-04-30T09:23:30.661+0300][41,510s][info][gc] Trigger: Free (12752K) is below minimum threshold (13107K)
[2021-04-30T09:23:30.661+0300][41,511s][info][gc] GC(941) Concurrent reset 0,205ms
[2021-04-30T09:23:30.662+0300][41,511s][info][gc] GC(941) Pause Init Mark 0,178ms
[2021-04-30T09:23:30.679+0300][41,529s][info][gc] GC(941) Concurrent marking 17,909ms
[2021-04-30T09:23:30.681+0300][41,530s][info][gc] GC(941) Pause Final Mark 0,712ms
[2021-04-30T09:23:30.681+0300][41,530s][info][gc] GC(941) Concurrent cleanup 108M->108M(128M) 0,042ms
[2021-04-30T09:23:30.682+0300][41,531s][info][gc] GC(941) Concurrent evacuation 0,561ms
[2021-04-30T09:23:30.682+0300][41,531s][info][gc] GC(941) Pause Init Update Refs 0,005ms
[2021-04-30T09:23:30.689+0300][41,539s][info][gc] GC(941) Concurrent update references 7,569ms
[2021-04-30T09:23:30.690+0300][41,539s][info][gc] GC(941) Pause Final Update Refs 0,090ms
[2021-04-30T09:23:30.690+0300][41,539s][info][gc] GC(941) Concurrent cleanup 110M->108M(128M) 0,037ms
[2021-04-30T09:23:30.691+0300][41,540s][info][gc] Trigger: Free (12724K) is below minimum threshold (13107K)
[2021-04-30T09:23:30.691+0300][41,541s][info][gc] GC(942) Concurrent reset 0,127ms
[2021-04-30T09:23:30.691+0300][41,541s][info][gc] GC(942) Pause Init Mark 0,157ms
[2021-04-30T09:23:30.708+0300][41,557s][info][gc] GC(942) Concurrent marking 16,432ms
[2021-04-30T09:23:30.709+0300][41,558s][info][gc] GC(942) Pause Final Mark 0,350ms
[2021-04-30T09:23:30.709+0300][41,558s][info][gc] GC(942) Concurrent cleanup 109M->109M(128M) 0,036ms
[2021-04-30T09:23:30.709+0300][41,559s][info][gc] GC(942) Concurrent evacuation 0,119ms
[2021-04-30T09:23:30.710+0300][41,559s][info][gc] GC(942) Pause Init Update Refs 0,006ms
[2021-04-30T09:23:30.718+0300][41,567s][info][gc] GC(942) Concurrent update references 8,024ms
[2021-04-30T09:23:30.718+0300][41,567s][info][gc] GC(942) Pause Final Update Refs 0,123ms
[2021-04-30T09:23:30.718+0300][41,567s][info][gc] GC(942) Concurrent cleanup 109M->108M(128M) 0,037ms
[2021-04-30T09:23:30.719+0300][41,569s][info][gc] Trigger: Free (12782K) is below minimum threshold (13107K)
[2021-04-30T09:23:30.719+0300][41,569s][info][gc] GC(943) Concurrent reset 0,117ms
[2021-04-30T09:23:30.720+0300][41,569s][info][gc] GC(943) Pause Init Mark 0,193ms
[2021-04-30T09:23:30.733+0300][41,583s][info][gc] GC(943) Concurrent marking 13,692ms
[2021-04-30T09:23:30.735+0300][41,584s][info][gc] GC(943) Pause Final Mark 0,538ms
[2021-04-30T09:23:30.735+0300][41,584s][info][gc] GC(943) Concurrent cleanup 108M->108M(128M) 0,038ms
[2021-04-30T09:23:30.735+0300][41,584s][info][gc] GC(943) Concurrent evacuation 0,027ms
[2021-04-30T09:23:30.735+0300][41,584s][info][gc] GC(943) Pause Init Update Refs 0,003ms
[2021-04-30T09:23:30.744+0300][41,594s][info][gc] GC(943) Concurrent update references 9,023ms
[2021-04-30T09:23:30.745+0300][41,594s][info][gc] GC(943) Pause Final Update Refs 0,217ms
[2021-04-30T09:23:30.745+0300][41,594s][info][gc] GC(943) Concurrent cleanup 108M->108M(128M) 0,036ms
[2021-04-30T09:23:30.746+0300][41,595s][info][gc] Trigger: Free (12949K) is below minimum threshold (13107K)
[2021-04-30T09:23:30.746+0300][41,595s][info][gc] GC(944) Concurrent reset 0,144ms
[2021-04-30T09:23:30.746+0300][41,596s][info][gc] GC(944) Pause Init Mark 0,195ms
[2021-04-30T09:23:30.760+0300][41,609s][info][gc] GC(944) Concurrent marking 13,263ms
[2021-04-30T09:23:30.761+0300][41,610s][info][gc] GC(944) Pause Final Mark 0,703ms
[2021-04-30T09:23:30.761+0300][41,610s][info][gc] GC(944) Concurrent cleanup 108M->108M(128M) 0,036ms
[2021-04-30T09:23:30.761+0300][41,611s][info][gc] GC(944) Concurrent evacuation 0,047ms
[2021-04-30T09:23:30.762+0300][41,611s][info][gc] GC(944) Pause Init Update Refs 0,020ms
[2021-04-30T09:23:30.769+0300][41,619s][info][gc] GC(944) Concurrent update references 7,476ms
[2021-04-30T09:23:30.770+0300][41,619s][info][gc] GC(944) Pause Final Update Refs 0,216ms
[2021-04-30T09:23:30.770+0300][41,619s][info][gc] GC(944) Concurrent cleanup 108M->108M(128M) 0,036ms
[2021-04-30T09:23:30.771+0300][41,621s][info][gc] Trigger: Free (12976K) is below minimum threshold (13107K)
[2021-04-30T09:23:30.771+0300][41,621s][info][gc] GC(945) Concurrent reset 0,159ms
[2021-04-30T09:23:30.772+0300][41,621s][info][gc] GC(945) Pause Init Mark (process weakrefs) 0,272ms
[2021-04-30T09:23:30.787+0300][41,636s][info][gc] GC(945) Concurrent marking (process weakrefs) 15,096ms
[2021-04-30T09:23:30.787+0300][41,636s][info][gc] GC(945) Concurrent precleaning 0,135ms
[2021-04-30T09:23:30.788+0300][41,638s][info][gc] GC(945) Pause Final Mark (process weakrefs) 0,669ms
[2021-04-30T09:23:30.788+0300][41,638s][info][gc] GC(945) Concurrent cleanup 108M->108M(128M) 0,037ms
[2021-04-30T09:23:30.789+0300][41,638s][info][gc] GC(945) Concurrent evacuation 0,463ms
[2021-04-30T09:23:30.789+0300][41,638s][info][gc] GC(945) Pause Init Update Refs 0,006ms
[2021-04-30T09:23:30.797+0300][41,646s][info][gc] GC(945) Concurrent update references 7,595ms
[2021-04-30T09:23:30.797+0300][41,646s][info][gc] GC(945) Pause Final Update Refs 0,069ms
[2021-04-30T09:23:30.797+0300][41,646s][info][gc] GC(945) Concurrent cleanup 110M->108M(128M) 0,038ms
[2021-04-30T09:23:31.392+0300][42,242s][info][gc] Trigger: Free (13023K) is below minimum threshold (13107K)
[2021-04-30T09:23:31.393+0300][42,243s][info][gc] GC(946) Concurrent reset 0,666ms
[2021-04-30T09:23:31.394+0300][42,244s][info][gc] GC(946) Pause Init Mark 0,472ms
[2021-04-30T09:23:31.418+0300][42,267s][info][gc] GC(946) Concurrent marking 23,242ms
[2021-04-30T09:23:31.419+0300][42,268s][info][gc] GC(946) Pause Final Mark 1,013ms
[2021-04-30T09:23:31.419+0300][42,269s][info][gc] GC(946) Concurrent cleanup 110M->110M(128M) 0,106ms
[2021-04-30T09:23:31.422+0300][42,271s][info][gc] GC(946) Concurrent evacuation 2,554ms
[2021-04-30T09:23:31.422+0300][42,272s][info][gc] GC(946) Pause Init Update Refs 0,013ms
[2021-04-30T09:23:31.436+0300][42,285s][info][gc] GC(946) Concurrent update references 13,328ms
[2021-04-30T09:23:31.436+0300][42,286s][info][gc] GC(946) Pause Final Update Refs 0,166ms
[2021-04-30T09:23:31.436+0300][42,286s][info][gc] GC(946) Concurrent cleanup 120M->109M(128M) 0,064ms
[2021-04-30T09:23:31.438+0300][42,287s][info][gc] Trigger: Free (11222K) is below minimum threshold (13107K)
[2021-04-30T09:23:31.438+0300][42,287s][info][gc] GC(947) Concurrent reset 0,216ms
[2021-04-30T09:23:31.438+0300][42,288s][info][gc] GC(947) Pause Init Mark 0,407ms
[2021-04-30T09:23:31.455+0300][42,304s][info][gc] GC(947) Concurrent marking 16,194ms
[2021-04-30T09:23:31.455+0300][42,305s][info][gc] GC(947) Pause Final Mark 0,308ms
[2021-04-30T09:23:31.455+0300][42,305s][info][gc] GC(947) Concurrent cleanup 111M->111M(128M) 0,038ms
[2021-04-30T09:23:31.457+0300][42,306s][info][gc] GC(947) Concurrent evacuation 1,715ms
[2021-04-30T09:23:31.457+0300][42,306s][info][gc] GC(947) Pause Init Update Refs 0,006ms
[2021-04-30T09:23:31.467+0300][42,316s][info][gc] GC(947) Concurrent update references 9,730ms
[2021-04-30T09:23:31.467+0300][42,316s][info][gc] GC(947) Pause Final Update Refs 0,059ms
[2021-04-30T09:23:31.467+0300][42,317s][info][gc] GC(947) Concurrent cleanup 120M->103M(128M) 0,043ms
[2021-04-30T09:23:31.477+0300][42,326s][info][gc] Trigger: Average GC time (29,84 ms) is above the time for allocation rate (247 MB/s) to deplete free headroom (6768K)
[2021-04-30T09:23:31.477+0300][42,327s][info][gc] GC(948) Concurrent reset 0,176ms
[2021-04-30T09:23:31.478+0300][42,327s][info][gc] GC(948) Pause Init Mark 0,208ms
[2021-04-30T09:23:31.488+0300][42,338s][info][gc] GC(948) Concurrent marking 10,819ms
[2021-04-30T09:23:31.489+0300][42,338s][info][gc] GC(948) Pause Final Mark 0,354ms
[2021-04-30T09:23:31.489+0300][42,338s][info][gc] GC(948) Concurrent cleanup 110M->110M(128M) 0,039ms
[2021-04-30T09:23:31.491+0300][42,340s][info][gc] GC(948) Concurrent evacuation 1,958ms
[2021-04-30T09:23:31.491+0300][42,341s][info][gc] GC(948) Pause Init Update Refs 0,005ms
[2021-04-30T09:23:31.501+0300][42,351s][info][gc] GC(948) Concurrent update references 10,076ms
[2021-04-30T09:23:31.502+0300][42,351s][info][gc] GC(948) Pause Final Update Refs 0,165ms
[2021-04-30T09:23:31.502+0300][42,351s][info][gc] GC(948) Concurrent cleanup 120M->100M(128M) 0,048ms
[2021-04-30T09:23:31.508+0300][42,358s][info][gc] Trigger: Average GC time (29,70 ms) is above the time for allocation rate (346 MB/s) to deplete free headroom (9798K)
[2021-04-30T09:23:31.508+0300][42,358s][info][gc] GC(949) Concurrent reset 0,140ms
[2021-04-30T09:23:31.509+0300][42,358s][info][gc] GC(949) Pause Init Mark 0,149ms
[2021-04-30T09:23:31.521+0300][42,371s][info][gc] GC(949) Concurrent marking 12,670ms
[2021-04-30T09:23:31.522+0300][42,371s][info][gc] GC(949) Pause Final Mark 0,344ms
[2021-04-30T09:23:31.522+0300][42,372s][info][gc] GC(949) Concurrent cleanup 107M->107M(128M) 0,048ms
[2021-04-30T09:23:31.524+0300][42,373s][info][gc] GC(949) Concurrent evacuation 1,942ms
[2021-04-30T09:23:31.524+0300][42,374s][info][gc] GC(949) Pause Init Update Refs 0,006ms
[2021-04-30T09:23:31.533+0300][42,383s][info][gc] GC(949) Concurrent update references 8,703ms
[2021-04-30T09:23:31.533+0300][42,383s][info][gc] GC(949) Pause Final Update Refs 0,135ms
[2021-04-30T09:23:31.534+0300][42,383s][info][gc] GC(949) Concurrent cleanup 116M->96M(128M) 0,045ms
[2021-04-30T09:23:31.548+0300][42,397s][info][gc] Trigger: Average GC time (29,94 ms) is above the time for allocation rate (342 MB/s) to deplete free headroom (10310K)
[2021-04-30T09:23:31.548+0300][42,397s][info][gc] GC(950) Concurrent reset 0,157ms
[2021-04-30T09:23:31.548+0300][42,398s][info][gc] GC(950) Pause Init Mark (process weakrefs) 0,190ms
[2021-04-30T09:23:31.560+0300][42,410s][info][gc] GC(950) Concurrent marking (process weakrefs) 11,779ms
[2021-04-30T09:23:31.560+0300][42,410s][info][gc] GC(950) Concurrent precleaning 0,073ms
[2021-04-30T09:23:31.561+0300][42,411s][info][gc] GC(950) Pause Final Mark (process weakrefs) 0,715ms
[2021-04-30T09:23:31.561+0300][42,411s][info][gc] GC(950) Concurrent cleanup 107M->107M(128M) 0,038ms
[2021-04-30T09:23:31.563+0300][42,412s][info][gc] GC(950) Concurrent evacuation 1,763ms
[2021-04-30T09:23:31.563+0300][42,413s][info][gc] GC(950) Pause Init Update Refs 0,006ms
[2021-04-30T09:23:31.572+0300][42,422s][info][gc] GC(950) Concurrent update references 8,580ms
[2021-04-30T09:23:31.572+0300][42,422s][info][gc] GC(950) Pause Final Update Refs 0,140ms
[2021-04-30T09:23:31.573+0300][42,422s][info][gc] GC(950) Concurrent cleanup 116M->94M(128M) 0,048ms
[2021-04-30T09:23:31.590+0300][42,439s][info][gc] Trigger: Average GC time (29,71 ms) is above the time for allocation rate (374 MB/s) to deplete free headroom (11078K)
[2021-04-30T09:23:31.590+0300][42,440s][info][gc] GC(951) Concurrent reset 0,231ms
[2021-04-30T09:23:31.590+0300][42,440s][info][gc] GC(951) Pause Init Mark 0,228ms
[2021-04-30T09:23:31.606+0300][42,455s][info][gc] GC(951) Concurrent marking 15,028ms
[2021-04-30T09:23:31.606+0300][42,456s][info][gc] GC(951) Pause Final Mark 0,417ms
[2021-04-30T09:23:31.606+0300][42,456s][info][gc] GC(951) Concurrent cleanup 106M->106M(128M) 0,042ms
[2021-04-30T09:23:31.608+0300][42,457s][info][gc] GC(951) Concurrent evacuation 1,752ms
[2021-04-30T09:23:31.608+0300][42,458s][info][gc] GC(951) Pause Init Update Refs 0,024ms
[2021-04-30T09:23:31.616+0300][42,465s][info][gc] GC(951) Concurrent update references 7,402ms
[2021-04-30T09:23:31.616+0300][42,465s][info][gc] GC(951) Pause Final Update Refs 0,074ms
[2021-04-30T09:23:31.616+0300][42,466s][info][gc] GC(951) Concurrent cleanup 115M->91M(128M) 0,051ms
[2021-04-30T09:23:31.641+0300][42,490s][info][gc] Trigger: Average GC time (26,15 ms) is above the time for allocation rate (383 MB/s) to deplete free headroom (9798K)
[2021-04-30T09:23:31.641+0300][42,490s][info][gc] GC(952) Concurrent reset 0,164ms
[2021-04-30T09:23:31.641+0300][42,491s][info][gc] GC(952) Pause Init Mark 0,243ms
[2021-04-30T09:23:31.657+0300][42,507s][info][gc] GC(952) Concurrent marking 15,901ms
[2021-04-30T09:23:31.658+0300][42,507s][info][gc] GC(952) Pause Final Mark 0,356ms
[2021-04-30T09:23:31.658+0300][42,508s][info][gc] GC(952) Concurrent cleanup 107M->107M(128M) 0,044ms
[2021-04-30T09:23:31.660+0300][42,509s][info][gc] GC(952) Concurrent evacuation 1,661ms
[2021-04-30T09:23:31.660+0300][42,509s][info][gc] GC(952) Pause Init Update Refs 0,006ms
[2021-04-30T09:23:31.671+0300][42,520s][info][gc] GC(952) Concurrent update references 10,959ms
[2021-04-30T09:23:31.671+0300][42,521s][info][gc] GC(952) Pause Final Update Refs 0,062ms
[2021-04-30T09:23:31.671+0300][42,521s][info][gc] GC(952) Concurrent cleanup 120M->93M(128M) 0,142ms
[2021-04-30T09:23:31.691+0300][42,540s][info][gc] Trigger: Average GC time (26,37 ms) is above the time for allocation rate (417 MB/s) to deplete free headroom (10566K)
[2021-04-30T09:23:31.691+0300][42,540s][info][gc] GC(953) Concurrent reset 0,221ms
[2021-04-30T09:23:31.691+0300][42,541s][info][gc] GC(953) Pause Init Mark 0,194ms
[2021-04-30T09:23:31.707+0300][42,557s][info][gc] GC(953) Concurrent marking 15,915ms
[2021-04-30T09:23:31.708+0300][42,557s][info][gc] GC(953) Pause Final Mark 0,391ms
[2021-04-30T09:23:31.708+0300][42,558s][info][gc] GC(953) Concurrent cleanup 106M->107M(128M) 0,039ms
[2021-04-30T09:23:31.710+0300][42,559s][info][gc] GC(953) Concurrent evacuation 1,694ms
[2021-04-30T09:23:31.710+0300][42,559s][info][gc] GC(953) Pause Init Update Refs 0,005ms
[2021-04-30T09:23:31.721+0300][42,570s][info][gc] GC(953) Concurrent update references 10,791ms
[2021-04-30T09:23:31.721+0300][42,571s][info][gc] GC(953) Pause Final Update Refs 0,109ms
[2021-04-30T09:23:31.721+0300][42,571s][info][gc] GC(953) Concurrent cleanup 119M->90M(128M) 0,047ms
[2021-04-30T09:23:31.743+0300][42,592s][info][gc] Trigger: Average GC time (27,52 ms) is above the time for allocation rate (432 MB/s) to deplete free headroom (11334K)
[2021-04-30T09:23:31.743+0300][42,592s][info][gc] GC(954) Concurrent reset 0,144ms
[2021-04-30T09:23:31.743+0300][42,593s][info][gc] GC(954) Pause Init Mark 0,179ms
[2021-04-30T09:23:31.755+0300][42,604s][info][gc] GC(954) Concurrent marking 11,336ms
[2021-04-30T09:23:31.755+0300][42,605s][info][gc] GC(954) Pause Final Mark 0,351ms
[2021-04-30T09:23:31.755+0300][42,605s][info][gc] GC(954) Concurrent cleanup 105M->105M(128M) 0,036ms
[2021-04-30T09:23:31.757+0300][42,606s][info][gc] GC(954) Concurrent evacuation 1,445ms
[2021-04-30T09:23:31.757+0300][42,606s][info][gc] GC(954) Pause Init Update Refs 0,004ms
[2021-04-30T09:23:31.763+0300][42,613s][info][gc] GC(954) Concurrent update references 6,298ms
[2021-04-30T09:23:31.764+0300][42,613s][info][gc] GC(954) Pause Final Update Refs 0,193ms
[2021-04-30T09:23:31.764+0300][42,613s][info][gc] GC(954) Concurrent cleanup 114M->85M(128M) 0,055ms
[2021-04-30T09:23:31.791+0300][42,641s][info][gc] Trigger: Average GC time (26,67 ms) is above the time for allocation rate (467 MB/s) to deplete free headroom (12614K)
[2021-04-30T09:23:31.791+0300][42,641s][info][gc] GC(955) Concurrent reset 0,197ms
[2021-04-30T09:23:31.792+0300][42,641s][info][gc] GC(955) Pause Init Mark (process weakrefs) 0,283ms
[2021-04-30T09:23:31.802+0300][42,651s][info][gc] GC(955) Concurrent marking (process weakrefs) 10,076ms
[2021-04-30T09:23:31.802+0300][42,652s][info][gc] GC(955) Concurrent precleaning 0,062ms
[2021-04-30T09:23:31.803+0300][42,652s][info][gc] GC(955) Pause Final Mark (process weakrefs) 0,401ms
[2021-04-30T09:23:31.803+0300][42,652s][info][gc] GC(955) Concurrent cleanup 105M->105M(128M) 0,038ms
[2021-04-30T09:23:31.804+0300][42,654s][info][gc] GC(955) Concurrent evacuation 1,530ms
[2021-04-30T09:23:31.805+0300][42,654s][info][gc] GC(955) Pause Init Update Refs 0,021ms
[2021-04-30T09:23:31.815+0300][42,664s][info][gc] GC(955) Concurrent update references 10,437ms
[2021-04-30T09:23:31.815+0300][42,665s][info][gc] GC(955) Pause Final Update Refs 0,220ms
[2021-04-30T09:23:31.816+0300][42,665s][info][gc] GC(955) Concurrent cleanup 117M->87M(128M) 0,048ms
[2021-04-30T09:23:31.837+0300][42,687s][info][gc] Trigger: Average GC time (26,61 ms) is above the time for allocation rate (510 MB/s) to deplete free headroom (13382K)
[2021-04-30T09:23:31.837+0300][42,687s][info][gc] GC(956) Concurrent reset 0,198ms
[2021-04-30T09:23:31.838+0300][42,687s][info][gc] GC(956) Pause Init Mark 0,270ms
[2021-04-30T09:23:31.852+0300][42,702s][info][gc] GC(956) Concurrent marking 14,299ms
[2021-04-30T09:23:31.853+0300][42,702s][info][gc] GC(956) Pause Final Mark 0,396ms
[2021-04-30T09:23:31.853+0300][42,702s][info][gc] GC(956) Concurrent cleanup 104M->104M(128M) 0,039ms
[2021-04-30T09:23:31.855+0300][42,704s][info][gc] GC(956) Concurrent evacuation 1,419ms
[2021-04-30T09:23:31.855+0300][42,704s][info][gc] GC(956) Pause Init Update Refs 0,006ms
[2021-04-30T09:23:31.861+0300][42,711s][info][gc] GC(956) Concurrent update references 6,674ms
[2021-04-30T09:23:31.862+0300][42,711s][info][gc] GC(956) Pause Final Update Refs 0,219ms
[2021-04-30T09:23:31.862+0300][42,712s][info][gc] GC(956) Concurrent cleanup 114M->85M(128M) 0,054ms
[2021-04-30T09:23:31.889+0300][42,739s][info][gc] Trigger: Average GC time (26,37 ms) is above the time for allocation rate (480 MB/s) to deplete free headroom (12870K)
[2021-04-30T09:23:31.890+0300][42,739s][info][gc] GC(957) Concurrent reset 0,185ms
[2021-04-30T09:23:31.890+0300][42,739s][info][gc] GC(957) Pause Init Mark 0,154ms
[2021-04-30T09:23:31.900+0300][42,749s][info][gc] GC(957) Concurrent marking 9,666ms
[2021-04-30T09:23:31.900+0300][42,750s][info][gc] GC(957) Pause Final Mark 0,345ms
[2021-04-30T09:23:31.900+0300][42,750s][info][gc] GC(957) Concurrent cleanup 104M->104M(128M) 0,038ms
[2021-04-30T09:23:31.901+0300][42,750s][info][gc] GC(957) Concurrent evacuation 0,292ms
[2021-04-30T09:23:31.901+0300][42,750s][info][gc] GC(957) Pause Init Update Refs 0,021ms
[2021-04-30T09:23:31.907+0300][42,757s][info][gc] GC(957) Concurrent update references 6,379ms
[2021-04-30T09:23:31.908+0300][42,757s][info][gc] GC(957) Pause Final Update Refs 0,125ms
[2021-04-30T09:23:31.908+0300][42,757s][info][gc] GC(957) Concurrent cleanup 107M->81M(128M) 0,046ms
[2021-04-30T09:23:31.952+0300][42,801s][info][gc] Trigger: Average GC time (23,95 ms) is above the time for allocation rate (436 MB/s) to deplete free headroom (10437K)
[2021-04-30T09:23:31.952+0300][42,802s][info][gc] GC(958) Concurrent reset 0,151ms
[2021-04-30T09:23:31.952+0300][42,802s][info][gc] GC(958) Pause Init Mark 0,172ms
[2021-04-30T09:23:31.965+0300][42,815s][info][gc] GC(958) Concurrent marking 12,544ms
[2021-04-30T09:23:31.965+0300][42,815s][info][gc] GC(958) Pause Final Mark 0,319ms
[2021-04-30T09:23:31.966+0300][42,815s][info][gc] GC(958) Concurrent cleanup 106M->106M(128M) 0,040ms
[2021-04-30T09:23:31.966+0300][42,815s][info][gc] GC(958) Concurrent evacuation 0,361ms
[2021-04-30T09:23:31.966+0300][42,815s][info][gc] GC(958) Pause Init Update Refs 0,003ms
[2021-04-30T09:23:31.973+0300][42,823s][info][gc] GC(958) Concurrent update references 7,182ms
[2021-04-30T09:23:31.973+0300][42,823s][info][gc] GC(958) Pause Final Update Refs 0,074ms
[2021-04-30T09:23:31.974+0300][42,823s][info][gc] GC(958) Concurrent cleanup 111M->83M(128M) 0,047ms
[2021-04-30T09:23:32.011+0300][42,861s][info][gc] Trigger: Average GC time (22,17 ms) is above the time for allocation rate (467 MB/s) to deplete free headroom (9413K)
[2021-04-30T09:23:32.012+0300][42,861s][info][gc] GC(959) Concurrent reset 0,172ms
[2021-04-30T09:23:32.012+0300][42,861s][info][gc] GC(959) Pause Init Mark 0,227ms
[2021-04-30T09:23:32.023+0300][42,872s][info][gc] GC(959) Concurrent marking 10,928ms
[2021-04-30T09:23:32.024+0300][42,873s][info][gc] GC(959) Pause Final Mark 0,452ms
[2021-04-30T09:23:32.024+0300][42,873s][info][gc] GC(959) Concurrent cleanup 107M->107M(128M) 0,038ms
[2021-04-30T09:23:32.024+0300][42,873s][info][gc] GC(959) Concurrent evacuation 0,251ms
[2021-04-30T09:23:32.024+0300][42,873s][info][gc] GC(959) Pause Init Update Refs 0,005ms
[2021-04-30T09:23:32.030+0300][42,880s][info][gc] GC(959) Concurrent update references 6,265ms
[2021-04-30T09:23:32.031+0300][42,880s][info][gc] GC(959) Pause Final Update Refs 0,066ms
[2021-04-30T09:23:32.031+0300][42,880s][info][gc] GC(959) Concurrent cleanup 111M->83M(128M) 0,047ms
[2021-04-30T09:23:32.064+0300][42,913s][info][gc] Trigger: Average GC time (21,84 ms) is above the time for allocation rate (496 MB/s) to deplete free headroom (10564K)
[2021-04-30T09:23:32.064+0300][42,913s][info][gc] GC(960) Concurrent reset 0,164ms
[2021-04-30T09:23:32.064+0300][42,914s][info][gc] GC(960) Pause Init Mark (process weakrefs) 0,149ms
[2021-04-30T09:23:32.075+0300][42,924s][info][gc] GC(960) Concurrent marking (process weakrefs) 10,369ms
[2021-04-30T09:23:32.075+0300][42,924s][info][gc] GC(960) Concurrent precleaning 0,132ms
[2021-04-30T09:23:32.075+0300][42,925s][info][gc] GC(960) Pause Final Mark (process weakrefs) 0,455ms
[2021-04-30T09:23:32.076+0300][42,925s][info][gc] GC(960) Concurrent cleanup 106M->106M(128M) 0,036ms
[2021-04-30T09:23:32.076+0300][42,925s][info][gc] GC(960) Concurrent evacuation 0,217ms
[2021-04-30T09:23:32.076+0300][42,925s][info][gc] GC(960) Pause Init Update Refs 0,005ms
[2021-04-30T09:23:32.082+0300][42,932s][info][gc] GC(960) Concurrent update references 6,306ms
[2021-04-30T09:23:32.083+0300][42,932s][info][gc] GC(960) Pause Final Update Refs 0,221ms
[2021-04-30T09:23:32.083+0300][42,932s][info][gc] GC(960) Concurrent cleanup 110M->84M(128M) 0,046ms
[2021-04-30T09:23:32.113+0300][42,963s][info][gc] Trigger: Average GC time (20,78 ms) is above the time for allocation rate (516 MB/s) to deplete free headroom (10435K)
[2021-04-30T09:23:32.113+0300][42,963s][info][gc] GC(961) Concurrent reset 0,159ms
[2021-04-30T09:23:32.114+0300][42,963s][info][gc] GC(961) Pause Init Mark 0,293ms
[2021-04-30T09:23:32.127+0300][42,976s][info][gc] GC(961) Concurrent marking 12,925ms
[2021-04-30T09:23:32.127+0300][42,977s][info][gc] GC(961) Pause Final Mark 0,352ms
[2021-04-30T09:23:32.127+0300][42,977s][info][gc] GC(961) Concurrent cleanup 106M->106M(128M) 0,037ms
[2021-04-30T09:23:32.128+0300][42,977s][info][gc] GC(961) Concurrent evacuation 0,368ms
[2021-04-30T09:23:32.128+0300][42,977s][info][gc] GC(961) Pause Init Update Refs 0,004ms
[2021-04-30T09:23:32.136+0300][42,986s][info][gc] GC(961) Concurrent update references 8,057ms
[2021-04-30T09:23:32.136+0300][42,986s][info][gc] GC(961) Pause Final Update Refs 0,116ms
[2021-04-30T09:23:32.136+0300][42,986s][info][gc] GC(961) Concurrent cleanup 110M->84M(128M) 0,045ms
[2021-04-30T09:23:32.174+0300][43,024s][info][gc] Trigger: Average GC time (20,40 ms) is above the time for allocation rate (448 MB/s) to deplete free headroom (8516K)
[2021-04-30T09:23:32.174+0300][43,024s][info][gc] GC(962) Concurrent reset 0,129ms
[2021-04-30T09:23:32.175+0300][43,024s][info][gc] GC(962) Pause Init Mark 0,311ms
[2021-04-30T09:23:32.188+0300][43,037s][info][gc] GC(962) Concurrent marking 13,084ms
[2021-04-30T09:23:32.189+0300][43,038s][info][gc] GC(962) Pause Final Mark 0,574ms
[2021-04-30T09:23:32.189+0300][43,038s][info][gc] GC(962) Concurrent cleanup 108M->108M(128M) 0,039ms
[2021-04-30T09:23:32.189+0300][43,039s][info][gc] GC(962) Concurrent evacuation 0,325ms
[2021-04-30T09:23:32.189+0300][43,039s][info][gc] GC(962) Pause Init Update Refs 0,005ms
[2021-04-30T09:23:32.197+0300][43,047s][info][gc] GC(962) Concurrent update references 7,614ms
[2021-04-30T09:23:32.198+0300][43,047s][info][gc] GC(962) Pause Final Update Refs 0,177ms
[2021-04-30T09:23:32.198+0300][43,047s][info][gc] GC(962) Concurrent cleanup 111M->84M(128M) 0,046ms
[2021-04-30T09:23:32.248+0300][43,098s][info][gc] Trigger: Average GC time (21,42 ms) is above the time for allocation rate (365 MB/s) to deplete free headroom (7748K)
[2021-04-30T09:23:32.248+0300][43,098s][info][gc] GC(963) Concurrent reset 0,152ms
[2021-04-30T09:23:32.249+0300][43,098s][info][gc] GC(963) Pause Init Mark 0,146ms
[2021-04-30T09:23:32.261+0300][43,110s][info][gc] GC(963) Concurrent marking 12,312ms
[2021-04-30T09:23:32.261+0300][43,111s][info][gc] GC(963) Pause Final Mark 0,390ms
[2021-04-30T09:23:32.262+0300][43,111s][info][gc] GC(963) Concurrent cleanup 109M->109M(128M) 0,038ms
[2021-04-30T09:23:32.262+0300][43,111s][info][gc] GC(963) Concurrent evacuation 0,304ms
[2021-04-30T09:23:32.262+0300][43,111s][info][gc] GC(963) Pause Init Update Refs 0,004ms
[2021-04-30T09:23:32.269+0300][43,119s][info][gc] GC(963) Concurrent update references 7,458ms
[2021-04-30T09:23:32.270+0300][43,119s][info][gc] GC(963) Pause Final Update Refs 0,073ms
[2021-04-30T09:23:32.270+0300][43,119s][info][gc] GC(963) Concurrent cleanup 112M->85M(128M) 0,049ms
[2021-04-30T09:23:32.303+0300][43,152s][info][gc] Trigger: Average GC time (21,45 ms) is above the time for allocation rate (460 MB/s) to deplete free headroom (9667K)
[2021-04-30T09:23:32.303+0300][43,153s][info][gc] GC(964) Concurrent reset 0,130ms
[2021-04-30T09:23:32.303+0300][43,153s][info][gc] GC(964) Pause Init Mark 0,210ms
[2021-04-30T09:23:32.314+0300][43,163s][info][gc] GC(964) Concurrent marking 10,446ms
[2021-04-30T09:23:32.314+0300][43,164s][info][gc] GC(964) Pause Final Mark 0,392ms
[2021-04-30T09:23:32.315+0300][43,164s][info][gc] GC(964) Concurrent cleanup 107M->107M(128M) 0,037ms
[2021-04-30T09:23:32.315+0300][43,164s][info][gc] GC(964) Concurrent evacuation 0,234ms
[2021-04-30T09:23:32.315+0300][43,164s][info][gc] GC(964) Pause Init Update Refs 0,004ms
[2021-04-30T09:23:32.321+0300][43,171s][info][gc] GC(964) Concurrent update references 6,410ms
[2021-04-30T09:23:32.322+0300][43,171s][info][gc] GC(964) Pause Final Update Refs 0,199ms
[2021-04-30T09:23:32.322+0300][43,171s][info][gc] GC(964) Concurrent cleanup 110M->84M(128M) 0,048ms
[2021-04-30T09:23:32.352+0300][43,201s][info][gc] Trigger: Average GC time (21,34 ms) is above the time for allocation rate (488 MB/s) to deplete free headroom (10562K)
[2021-04-30T09:23:32.352+0300][43,202s][info][gc] GC(965) Concurrent reset 0,237ms
[2021-04-30T09:23:32.352+0300][43,202s][info][gc] GC(965) Pause Init Mark (process weakrefs) 0,182ms
[2021-04-30T09:23:32.364+0300][43,213s][info][gc] GC(965) Concurrent marking (process weakrefs) 11,100ms
[2021-04-30T09:23:32.364+0300][43,213s][info][gc] GC(965) Concurrent precleaning 0,189ms
[2021-04-30T09:23:32.365+0300][43,214s][info][gc] GC(965) Pause Final Mark (process weakrefs) 0,496ms
[2021-04-30T09:23:32.365+0300][43,214s][info][gc] GC(965) Concurrent cleanup 106M->106M(128M) 0,036ms
[2021-04-30T09:23:32.365+0300][43,214s][info][gc] GC(965) Concurrent evacuation 0,233ms
[2021-04-30T09:23:32.365+0300][43,214s][info][gc] GC(965) Pause Init Update Refs 0,004ms
[2021-04-30T09:23:32.371+0300][43,221s][info][gc] GC(965) Concurrent update references 6,109ms
[2021-04-30T09:23:32.371+0300][43,221s][info][gc] GC(965) Pause Final Update Refs 0,191ms
[2021-04-30T09:23:32.372+0300][43,221s][info][gc] GC(965) Concurrent cleanup 110M->86M(128M) 0,049ms
[2021-04-30T09:23:32.403+0300][43,253s][info][gc] Trigger: Average GC time (21,46 ms) is above the time for allocation rate (468 MB/s) to deplete free headroom (9794K)
[2021-04-30T09:23:32.403+0300][43,253s][info][gc] GC(966) Concurrent reset 0,203ms
[2021-04-30T09:23:32.404+0300][43,253s][info][gc] GC(966) Pause Init Mark 0,151ms
[2021-04-30T09:23:32.416+0300][43,266s][info][gc] GC(966) Concurrent marking 12,124ms
[2021-04-30T09:23:32.417+0300][43,266s][info][gc] GC(966) Pause Final Mark 0,389ms
[2021-04-30T09:23:32.417+0300][43,266s][info][gc] GC(966) Concurrent cleanup 107M->107M(128M) 0,044ms
[2021-04-30T09:23:32.417+0300][43,267s][info][gc] GC(966) Concurrent evacuation 0,336ms
[2021-04-30T09:23:32.417+0300][43,267s][info][gc] GC(966) Pause Init Update Refs 0,004ms
[2021-04-30T09:23:32.426+0300][43,276s][info][gc] GC(966) Concurrent update references 9,087ms
[2021-04-30T09:23:32.427+0300][43,276s][info][gc] GC(966) Pause Final Update Refs 0,067ms
[2021-04-30T09:23:32.427+0300][43,276s][info][gc] GC(966) Concurrent cleanup 111M->86M(128M) 0,045ms
[2021-04-30T09:23:32.465+0300][43,314s][info][gc] Trigger: Average GC time (21,57 ms) is above the time for allocation rate (407 MB/s) to deplete free headroom (8643K)
[2021-04-30T09:23:32.465+0300][43,314s][info][gc] GC(967) Concurrent reset 0,225ms
[2021-04-30T09:23:32.465+0300][43,315s][info][gc] GC(967) Pause Init Mark 0,231ms
[2021-04-30T09:23:32.482+0300][43,331s][info][gc] GC(967) Concurrent marking 16,389ms
[2021-04-30T09:23:32.482+0300][43,332s][info][gc] GC(967) Pause Final Mark 0,366ms
[2021-04-30T09:23:32.482+0300][43,332s][info][gc] GC(967) Concurrent cleanup 108M->108M(128M) 0,036ms
[2021-04-30T09:23:32.483+0300][43,332s][info][gc] GC(967) Concurrent evacuation 0,487ms
[2021-04-30T09:23:32.483+0300][43,332s][info][gc] GC(967) Pause Init Update Refs 0,005ms
[2021-04-30T09:23:32.491+0300][43,340s][info][gc] GC(967) Concurrent update references 7,797ms
[2021-04-30T09:23:32.491+0300][43,340s][info][gc] GC(967) Pause Final Update Refs 0,070ms
[2021-04-30T09:23:32.491+0300][43,340s][info][gc] GC(967) Concurrent cleanup 110M->84M(128M) 0,048ms
[2021-04-30T09:23:32.532+0300][43,381s][info][gc] Trigger: Average GC time (22,14 ms) is above the time for allocation rate (375 MB/s) to deplete free headroom (7875K)
[2021-04-30T09:23:32.532+0300][43,382s][info][gc] GC(968) Concurrent reset 0,140ms
[2021-04-30T09:23:32.533+0300][43,382s][info][gc] GC(968) Pause Init Mark 0,194ms
[2021-04-30T09:23:32.546+0300][43,395s][info][gc] GC(968) Concurrent marking 13,314ms
[2021-04-30T09:23:32.546+0300][43,396s][info][gc] GC(968) Pause Final Mark 0,328ms
[2021-04-30T09:23:32.546+0300][43,396s][info][gc] GC(968) Concurrent cleanup 109M->109M(128M) 0,037ms
[2021-04-30T09:23:32.547+0300][43,396s][info][gc] GC(968) Concurrent evacuation 0,269ms
[2021-04-30T09:23:32.547+0300][43,396s][info][gc] GC(968) Pause Init Update Refs 0,004ms
[2021-04-30T09:23:32.553+0300][43,403s][info][gc] GC(968) Concurrent update references 6,413ms
[2021-04-30T09:23:32.554+0300][43,403s][info][gc] GC(968) Pause Final Update Refs 0,117ms
[2021-04-30T09:23:32.554+0300][43,403s][info][gc] GC(968) Concurrent cleanup 113M->88M(128M) 0,055ms
[2021-04-30T09:23:32.584+0300][43,433s][info][gc] Trigger: Average GC time (22,11 ms) is above the time for allocation rate (445 MB/s) to deplete free headroom (9923K)
[2021-04-30T09:23:32.584+0300][43,433s][info][gc] GC(969) Concurrent reset 0,191ms
[2021-04-30T09:23:32.584+0300][43,434s][info][gc] GC(969) Pause Init Mark 0,201ms
[2021-04-30T09:23:32.596+0300][43,446s][info][gc] GC(969) Concurrent marking 11,676ms
[2021-04-30T09:23:32.597+0300][43,446s][info][gc] GC(969) Pause Final Mark 0,359ms
[2021-04-30T09:23:32.597+0300][43,446s][info][gc] GC(969) Concurrent cleanup 107M->107M(128M) 0,036ms
[2021-04-30T09:23:32.597+0300][43,446s][info][gc] GC(969) Concurrent evacuation 0,246ms
[2021-04-30T09:23:32.597+0300][43,446s][info][gc] GC(969) Pause Init Update Refs 0,004ms
[2021-04-30T09:23:32.603+0300][43,453s][info][gc] GC(969) Concurrent update references 6,270ms
[2021-04-30T09:23:32.604+0300][43,453s][info][gc] GC(969) Pause Final Update Refs 0,240ms
[2021-04-30T09:23:32.604+0300][43,453s][info][gc] GC(969) Concurrent cleanup 111M->88M(128M) 0,048ms
[2021-04-30T09:23:32.634+0300][43,484s][info][gc] Trigger: Average GC time (22,34 ms) is above the time for allocation rate (452 MB/s) to deplete free headroom (9794K)
[2021-04-30T09:23:32.634+0300][43,484s][info][gc] GC(970) Concurrent reset 0,203ms
[2021-04-30T09:23:32.635+0300][43,484s][info][gc] GC(970) Pause Init Mark (process weakrefs) 0,199ms
[2021-04-30T09:23:32.648+0300][43,497s][info][gc] GC(970) Concurrent marking (process weakrefs) 12,848ms
[2021-04-30T09:23:32.648+0300][43,497s][info][gc] GC(970) Concurrent precleaning 0,143ms
[2021-04-30T09:23:32.649+0300][43,498s][info][gc] GC(970) Pause Final Mark (process weakrefs) 0,437ms
[2021-04-30T09:23:32.649+0300][43,498s][info][gc] GC(970) Concurrent cleanup 107M->107M(128M) 0,040ms
[2021-04-30T09:23:32.649+0300][43,498s][info][gc] GC(970) Concurrent evacuation 0,278ms
[2021-04-30T09:23:32.649+0300][43,499s][info][gc] GC(970) Pause Init Update Refs 0,006ms
[2021-04-30T09:23:32.659+0300][43,509s][info][gc] GC(970) Concurrent update references 10,097ms
[2021-04-30T09:23:32.660+0300][43,509s][info][gc] GC(970) Pause Final Update Refs 0,240ms
[2021-04-30T09:23:32.660+0300][43,509s][info][gc] GC(970) Concurrent cleanup 111M->88M(128M) 0,065ms
[2021-04-30T09:23:32.689+0300][43,539s][info][gc] Trigger: Average GC time (23,53 ms) is above the time for allocation rate (409 MB/s) to deplete free headroom (9667K)
[2021-04-30T09:23:32.689+0300][43,539s][info][gc] GC(971) Concurrent reset 0,164ms
[2021-04-30T09:23:32.690+0300][43,539s][info][gc] GC(971) Pause Init Mark 0,182ms
[2021-04-30T09:23:32.702+0300][43,551s][info][gc] GC(971) Concurrent marking 11,831ms
[2021-04-30T09:23:32.702+0300][43,552s][info][gc] GC(971) Pause Final Mark 0,321ms
[2021-04-30T09:23:32.702+0300][43,552s][info][gc] GC(971) Concurrent cleanup 107M->107M(128M) 0,045ms
[2021-04-30T09:23:32.703+0300][43,552s][info][gc] GC(971) Concurrent evacuation 0,262ms
[2021-04-30T09:23:32.703+0300][43,552s][info][gc] GC(971) Pause Init Update Refs 0,006ms
[2021-04-30T09:23:32.712+0300][43,561s][info][gc] GC(971) Concurrent update references 9,231ms
[2021-04-30T09:23:32.712+0300][43,562s][info][gc] GC(971) Pause Final Update Refs 0,084ms
[2021-04-30T09:23:32.712+0300][43,562s][info][gc] GC(971) Concurrent cleanup 111M->88M(128M) 0,049ms
[2021-04-30T09:23:32.738+0300][43,588s][info][gc] Trigger: Average GC time (23,42 ms) is above the time for allocation rate (437 MB/s) to deplete free headroom (10179K)
[2021-04-30T09:23:32.739+0300][43,588s][info][gc] GC(972) Concurrent reset 0,170ms
[2021-04-30T09:23:32.739+0300][43,588s][info][gc] GC(972) Pause Init Mark 0,156ms
[2021-04-30T09:23:32.752+0300][43,601s][info][gc] GC(972) Concurrent marking 12,408ms
[2021-04-30T09:23:32.752+0300][43,602s][info][gc] GC(972) Pause Final Mark 0,387ms
[2021-04-30T09:23:32.752+0300][43,602s][info][gc] GC(972) Concurrent cleanup 107M->107M(128M) 0,039ms
[2021-04-30T09:23:32.753+0300][43,602s][info][gc] GC(972) Concurrent evacuation 0,285ms
[2021-04-30T09:23:32.753+0300][43,602s][info][gc] GC(972) Pause Init Update Refs 0,004ms
[2021-04-30T09:23:32.761+0300][43,610s][info][gc] GC(972) Concurrent update references 7,928ms
[2021-04-30T09:23:32.761+0300][43,610s][info][gc] GC(972) Pause Final Update Refs 0,152ms
[2021-04-30T09:23:32.761+0300][43,611s][info][gc] GC(972) Concurrent cleanup 111M->89M(128M) 0,044ms
[2021-04-30T09:23:32.784+0300][43,633s][info][gc] Trigger: Average GC time (22,69 ms) is above the time for allocation rate (463 MB/s) to deplete free headroom (10306K)
[2021-04-30T09:23:32.784+0300][43,633s][info][gc] GC(973) Concurrent reset 0,149ms
[2021-04-30T09:23:32.784+0300][43,634s][info][gc] GC(973) Pause Init Mark 0,142ms
[2021-04-30T09:23:32.797+0300][43,647s][info][gc] GC(973) Concurrent marking 12,928ms
[2021-04-30T09:23:32.798+0300][43,648s][info][gc] GC(973) Pause Final Mark 0,521ms
[2021-04-30T09:23:32.798+0300][43,648s][info][gc] GC(973) Concurrent cleanup 106M->106M(128M) 0,039ms
[2021-04-30T09:23:32.799+0300][43,648s][info][gc] GC(973) Concurrent evacuation 0,313ms
[2021-04-30T09:23:32.799+0300][43,648s][info][gc] GC(973) Pause Init Update Refs 0,006ms
[2021-04-30T09:23:32.805+0300][43,655s][info][gc] GC(973) Concurrent update references 6,345ms
[2021-04-30T09:23:32.805+0300][43,655s][info][gc] GC(973) Pause Final Update Refs 0,108ms
[2021-04-30T09:23:32.806+0300][43,655s][info][gc] GC(973) Concurrent cleanup 111M->89M(128M) 0,045ms
[2021-04-30T09:23:32.829+0300][43,679s][info][gc] Trigger: Average GC time (22,70 ms) is above the time for allocation rate (461 MB/s) to deplete free headroom (9921K)
[2021-04-30T09:23:32.830+0300][43,679s][info][gc] GC(974) Concurrent reset 0,133ms
[2021-04-30T09:23:32.830+0300][43,680s][info][gc] GC(974) Pause Init Mark 0,231ms
[2021-04-30T09:23:32.842+0300][43,691s][info][gc] GC(974) Concurrent marking 11,682ms
[2021-04-30T09:23:32.842+0300][43,692s][info][gc] GC(974) Pause Final Mark 0,414ms
[2021-04-30T09:23:32.843+0300][43,692s][info][gc] GC(974) Concurrent cleanup 107M->107M(128M) 0,036ms
[2021-04-30T09:23:32.843+0300][43,692s][info][gc] GC(974) Concurrent evacuation 0,199ms
[2021-04-30T09:23:32.843+0300][43,692s][info][gc] GC(974) Pause Init Update Refs 0,021ms
[2021-04-30T09:23:32.849+0300][43,699s][info][gc] GC(974) Concurrent update references 6,301ms
[2021-04-30T09:23:32.850+0300][43,699s][info][gc] GC(974) Pause Final Update Refs 0,226ms
[2021-04-30T09:23:32.850+0300][43,699s][info][gc] GC(974) Concurrent cleanup 112M->90M(128M) 0,045ms
[2021-04-30T09:23:32.871+0300][43,720s][info][gc] Trigger: Average GC time (22,76 ms) is above the time for allocation rate (476 MB/s) to deplete free headroom (11072K)
[2021-04-30T09:23:32.871+0300][43,720s][info][gc] GC(975) Concurrent reset 0,197ms
[2021-04-30T09:23:32.871+0300][43,720s][info][gc] GC(975) Pause Init Mark (process weakrefs) 0,145ms
[2021-04-30T09:23:32.882+0300][43,731s][info][gc] GC(975) Concurrent marking (process weakrefs) 10,976ms
[2021-04-30T09:23:32.882+0300][43,732s][info][gc] GC(975) Concurrent precleaning 0,200ms
[2021-04-30T09:23:32.883+0300][43,732s][info][gc] GC(975) Pause Final Mark (process weakrefs) 0,511ms
[2021-04-30T09:23:32.883+0300][43,733s][info][gc] GC(975) Concurrent cleanup 106M->106M(128M) 0,038ms
[2021-04-30T09:23:32.883+0300][43,733s][info][gc] GC(975) Concurrent evacuation 0,174ms
[2021-04-30T09:23:32.883+0300][43,733s][info][gc] GC(975) Pause Init Update Refs 0,006ms
[2021-04-30T09:23:32.890+0300][43,739s][info][gc] GC(975) Concurrent update references 6,373ms
[2021-04-30T09:23:32.890+0300][43,739s][info][gc] GC(975) Pause Final Update Refs 0,058ms
[2021-04-30T09:23:32.890+0300][43,740s][info][gc] GC(975) Concurrent cleanup 111M->91M(128M) 0,044ms
[2021-04-30T09:23:32.911+0300][43,760s][info][gc] Trigger: Average GC time (21,54 ms) is above the time for allocation rate (491 MB/s) to deplete free headroom (10175K)
[2021-04-30T09:23:32.911+0300][43,760s][info][gc] GC(976) Concurrent reset 0,119ms
[2021-04-30T09:23:32.911+0300][43,761s][info][gc] GC(976) Pause Init Mark 0,194ms
[2021-04-30T09:23:32.924+0300][43,774s][info][gc] GC(976) Concurrent marking 12,847ms
[2021-04-30T09:23:32.925+0300][43,775s][info][gc] GC(976) Pause Final Mark 0,569ms
[2021-04-30T09:23:32.925+0300][43,775s][info][gc] GC(976) Concurrent cleanup 107M->107M(128M) 0,036ms
[2021-04-30T09:23:32.925+0300][43,775s][info][gc] GC(976) Concurrent evacuation 0,219ms
[2021-04-30T09:23:32.926+0300][43,775s][info][gc] GC(976) Pause Init Update Refs 0,005ms
[2021-04-30T09:23:32.933+0300][43,782s][info][gc] GC(976) Concurrent update references 7,416ms
[2021-04-30T09:23:32.933+0300][43,783s][info][gc] GC(976) Pause Final Update Refs 0,225ms
[2021-04-30T09:23:32.934+0300][43,783s][info][gc] GC(976) Concurrent cleanup 111M->91M(128M) 0,045ms
[2021-04-30T09:23:32.962+0300][43,812s][info][gc] Trigger: Average GC time (21,44 ms) is above the time for allocation rate (409 MB/s) to deplete free headroom (8895K)
[2021-04-30T09:23:32.963+0300][43,812s][info][gc] GC(977) Concurrent reset 0,470ms
[2021-04-30T09:23:32.963+0300][43,813s][info][gc] GC(977) Pause Init Mark 0,204ms
[2021-04-30T09:23:32.975+0300][43,825s][info][gc] GC(977) Concurrent marking 11,812ms
[2021-04-30T09:23:32.976+0300][43,825s][info][gc] GC(977) Pause Final Mark 0,421ms
[2021-04-30T09:23:32.976+0300][43,826s][info][gc] GC(977) Concurrent cleanup 108M->108M(128M) 0,049ms
[2021-04-30T09:23:32.976+0300][43,826s][info][gc] GC(977) Concurrent evacuation 0,252ms
[2021-04-30T09:23:32.976+0300][43,826s][info][gc] GC(977) Pause Init Update Refs 0,004ms
[2021-04-30T09:23:32.988+0300][43,837s][info][gc] GC(977) Concurrent update references 11,502ms
[2021-04-30T09:23:32.988+0300][43,838s][info][gc] GC(977) Pause Final Update Refs 0,065ms
[2021-04-30T09:23:32.988+0300][43,838s][info][gc] GC(977) Concurrent cleanup 115M->93M(128M) 0,046ms
[2021-04-30T09:23:33.009+0300][43,859s][info][gc] Trigger: Average GC time (22,10 ms) is above the time for allocation rate (433 MB/s) to deplete free headroom (9536K)
[2021-04-30T09:23:33.009+0300][43,859s][info][gc] GC(978) Concurrent reset 0,126ms
[2021-04-30T09:23:33.010+0300][43,859s][info][gc] GC(978) Pause Init Mark 0,147ms
[2021-04-30T09:23:33.021+0300][43,870s][info][gc] GC(978) Concurrent marking 11,301ms
[2021-04-30T09:23:33.021+0300][43,871s][info][gc] GC(978) Pause Final Mark 0,395ms
[2021-04-30T09:23:33.022+0300][43,871s][info][gc] GC(978) Concurrent cleanup 107M->107M(128M) 0,038ms
[2021-04-30T09:23:33.022+0300][43,871s][info][gc] GC(978) Concurrent evacuation 0,246ms
[2021-04-30T09:23:33.022+0300][43,871s][info][gc] GC(978) Pause Init Update Refs 0,004ms
[2021-04-30T09:23:33.029+0300][43,878s][info][gc] GC(978) Concurrent update references 6,772ms
[2021-04-30T09:23:33.029+0300][43,879s][info][gc] GC(978) Pause Final Update Refs 0,108ms
[2021-04-30T09:23:33.029+0300][43,879s][info][gc] GC(978) Concurrent cleanup 111M->90M(128M) 0,043ms
[2021-04-30T09:23:33.053+0300][43,903s][info][gc] Trigger: Average GC time (21,78 ms) is above the time for allocation rate (449 MB/s) to deplete free headroom (9536K)
[2021-04-30T09:23:33.053+0300][43,903s][info][gc] GC(979) Concurrent reset 0,150ms
[2021-04-30T09:23:33.054+0300][43,903s][info][gc] GC(979) Pause Init Mark 0,143ms
[2021-04-30T09:23:33.065+0300][43,915s][info][gc] GC(979) Concurrent marking 11,641ms
[2021-04-30T09:23:33.066+0300][43,915s][info][gc] GC(979) Pause Final Mark 0,399ms
[2021-04-30T09:23:33.066+0300][43,916s][info][gc] GC(979) Concurrent cleanup 107M->107M(128M) 0,040ms
[2021-04-30T09:23:33.067+0300][43,916s][info][gc] GC(979) Concurrent evacuation 0,363ms
[2021-04-30T09:23:33.067+0300][43,916s][info][gc] GC(979) Pause Init Update Refs 0,021ms
[2021-04-30T09:23:33.074+0300][43,923s][info][gc] GC(979) Concurrent update references 6,736ms
[2021-04-30T09:23:33.074+0300][43,923s][info][gc] GC(979) Pause Final Update Refs 0,059ms
[2021-04-30T09:23:33.074+0300][43,923s][info][gc] GC(979) Concurrent cleanup 111M->91M(128M) 0,046ms
[2021-04-30T09:23:33.097+0300][43,946s][info][gc] Trigger: Average GC time (21,87 ms) is above the time for allocation rate (448 MB/s) to deplete free headroom (9536K)
[2021-04-30T09:23:33.097+0300][43,946s][info][gc] GC(980) Concurrent reset 0,189ms
[2021-04-30T09:23:33.097+0300][43,947s][info][gc] GC(980) Pause Init Mark (process weakrefs) 0,142ms
[2021-04-30T09:23:33.109+0300][43,958s][info][gc] GC(980) Concurrent marking (process weakrefs) 11,775ms
[2021-04-30T09:23:33.109+0300][43,959s][info][gc] GC(980) Concurrent precleaning 0,135ms
[2021-04-30T09:23:33.110+0300][43,959s][info][gc] GC(980) Pause Final Mark (process weakrefs) 0,526ms
[2021-04-30T09:23:33.110+0300][43,960s][info][gc] GC(980) Concurrent cleanup 107M->107M(128M) 0,039ms
[2021-04-30T09:23:33.110+0300][43,960s][info][gc] GC(980) Concurrent evacuation 0,219ms
[2021-04-30T09:23:33.111+0300][43,960s][info][gc] GC(980) Pause Init Update Refs 0,023ms
[2021-04-30T09:23:33.118+0300][43,968s][info][gc] GC(980) Concurrent update references 7,734ms
[2021-04-30T09:23:33.119+0300][43,968s][info][gc] GC(980) Pause Final Update Refs 0,160ms
[2021-04-30T09:23:33.119+0300][43,969s][info][gc] GC(980) Concurrent cleanup 112M->92M(128M) 0,072ms
[2021-04-30T09:23:33.140+0300][43,989s][info][gc] Trigger: Average GC time (22,42 ms) is above the time for allocation rate (435 MB/s) to deplete free headroom (9663K)
[2021-04-30T09:23:33.140+0300][43,989s][info][gc] GC(981) Concurrent reset 0,119ms
[2021-04-30T09:23:33.140+0300][43,990s][info][gc] GC(981) Pause Init Mark 0,270ms
[2021-04-30T09:23:33.154+0300][44,003s][info][gc] GC(981) Concurrent marking 13,370ms
[2021-04-30T09:23:33.155+0300][44,004s][info][gc] GC(981) Pause Final Mark 0,685ms
[2021-04-30T09:23:33.155+0300][44,004s][info][gc] GC(981) Concurrent cleanup 107M->107M(128M) 0,045ms
[2021-04-30T09:23:33.155+0300][44,005s][info][gc] GC(981) Concurrent evacuation 0,419ms
[2021-04-30T09:23:33.155+0300][44,005s][info][gc] GC(981) Pause Init Update Refs 0,007ms
[2021-04-30T09:23:33.167+0300][44,017s][info][gc] GC(981) Concurrent update references 11,557ms
[2021-04-30T09:23:33.167+0300][44,017s][info][gc] GC(981) Pause Final Update Refs 0,073ms
[2021-04-30T09:23:33.167+0300][44,017s][info][gc] GC(981) Concurrent cleanup 113M->94M(128M) 0,044ms
[2021-04-30T09:23:33.187+0300][44,036s][info][gc] Trigger: Average GC time (23,42 ms) is above the time for allocation rate (404 MB/s) to deplete free headroom (9151K)
[2021-04-30T09:23:33.187+0300][44,036s][info][gc] GC(982) Concurrent reset 0,159ms
[2021-04-30T09:23:33.187+0300][44,037s][info][gc] GC(982) Pause Init Mark 0,169ms
[2021-04-30T09:23:33.200+0300][44,049s][info][gc] GC(982) Concurrent marking 12,298ms
[2021-04-30T09:23:33.200+0300][44,050s][info][gc] GC(982) Pause Final Mark 0,340ms
[2021-04-30T09:23:33.200+0300][44,050s][info][gc] GC(982) Concurrent cleanup 107M->107M(128M) 0,039ms
[2021-04-30T09:23:33.201+0300][44,050s][info][gc] GC(982) Concurrent evacuation 0,275ms
[2021-04-30T09:23:33.201+0300][44,050s][info][gc] GC(982) Pause Init Update Refs 0,006ms
[2021-04-30T09:23:33.209+0300][44,058s][info][gc] GC(982) Concurrent update references 7,725ms
[2021-04-30T09:23:33.209+0300][44,058s][info][gc] GC(982) Pause Final Update Refs 0,097ms
[2021-04-30T09:23:33.209+0300][44,058s][info][gc] GC(982) Concurrent cleanup 112M->92M(128M) 0,045ms
[2021-04-30T09:23:33.232+0300][44,081s][info][gc] Trigger: Average GC time (22,66 ms) is above the time for allocation rate (411 MB/s) to deplete free headroom (9151K)
[2021-04-30T09:23:33.232+0300][44,082s][info][gc] GC(983) Concurrent reset 0,167ms
[2021-04-30T09:23:33.232+0300][44,082s][info][gc] GC(983) Pause Init Mark 0,157ms
[2021-04-30T09:23:33.244+0300][44,093s][info][gc] GC(983) Concurrent marking 11,259ms
[2021-04-30T09:23:33.244+0300][44,094s][info][gc] GC(983) Pause Final Mark 0,357ms
[2021-04-30T09:23:33.245+0300][44,094s][info][gc] GC(983) Concurrent cleanup 107M->107M(128M) 0,038ms
[2021-04-30T09:23:33.245+0300][44,094s][info][gc] GC(983) Concurrent evacuation 0,200ms
[2021-04-30T09:23:33.245+0300][44,094s][info][gc] GC(983) Pause Init Update Refs 0,022ms
[2021-04-30T09:23:33.254+0300][44,103s][info][gc] GC(983) Concurrent update references 8,607ms
[2021-04-30T09:23:33.254+0300][44,104s][info][gc] GC(983) Pause Final Update Refs 0,078ms
[2021-04-30T09:23:33.254+0300][44,104s][info][gc] GC(983) Concurrent cleanup 111M->92M(128M) 0,042ms
[2021-04-30T09:23:33.274+0300][44,123s][info][gc] Trigger: Average GC time (23,09 ms) is above the time for allocation rate (431 MB/s) to deplete free headroom (9663K)
[2021-04-30T09:23:33.274+0300][44,123s][info][gc] GC(984) Concurrent reset 0,239ms
[2021-04-30T09:23:33.274+0300][44,124s][info][gc] GC(984) Pause Init Mark 0,230ms
[2021-04-30T09:23:33.285+0300][44,135s][info][gc] GC(984) Concurrent marking 10,613ms
[2021-04-30T09:23:33.286+0300][44,135s][info][gc] GC(984) Pause Final Mark 0,510ms
[2021-04-30T09:23:33.286+0300][44,135s][info][gc] GC(984) Concurrent cleanup 107M->107M(128M) 0,038ms
[2021-04-30T09:23:33.286+0300][44,136s][info][gc] GC(984) Concurrent evacuation 0,199ms
[2021-04-30T09:23:33.286+0300][44,136s][info][gc] GC(984) Pause Init Update Refs 0,021ms
[2021-04-30T09:23:33.293+0300][44,142s][info][gc] GC(984) Concurrent update references 6,424ms
[2021-04-30T09:23:33.293+0300][44,143s][info][gc] GC(984) Pause Final Update Refs 0,083ms
[2021-04-30T09:23:33.293+0300][44,143s][info][gc] GC(984) Concurrent cleanup 111M->93M(128M) 0,045ms
[2021-04-30T09:23:33.313+0300][44,162s][info][gc] Trigger: Average GC time (22,83 ms) is above the time for allocation rate (441 MB/s) to deplete free headroom (9790K)
[2021-04-30T09:23:33.313+0300][44,162s][info][gc] GC(985) Concurrent reset 0,111ms
[2021-04-30T09:23:33.313+0300][44,163s][info][gc] GC(985) Pause Init Mark (process weakrefs) 0,136ms
[2021-04-30T09:23:33.326+0300][44,175s][info][gc] GC(985) Concurrent marking (process weakrefs) 12,394ms
[2021-04-30T09:23:33.326+0300][44,176s][info][gc] GC(985) Concurrent precleaning 0,192ms
[2021-04-30T09:23:33.327+0300][44,176s][info][gc] GC(985) Pause Final Mark (process weakrefs) 0,529ms
[2021-04-30T09:23:33.327+0300][44,176s][info][gc] GC(985) Concurrent cleanup 107M->107M(128M) 0,040ms
[2021-04-30T09:23:33.327+0300][44,177s][info][gc] GC(985) Concurrent evacuation 0,188ms
[2021-04-30T09:23:33.327+0300][44,177s][info][gc] GC(985) Pause Init Update Refs 0,004ms
[2021-04-30T09:23:33.334+0300][44,184s][info][gc] GC(985) Concurrent update references 6,766ms
[2021-04-30T09:23:33.335+0300][44,184s][info][gc] GC(985) Pause Final Update Refs 0,176ms
[2021-04-30T09:23:33.335+0300][44,184s][info][gc] GC(985) Concurrent cleanup 111M->93M(128M) 0,043ms
[2021-04-30T09:23:33.352+0300][44,202s][info][gc] Trigger: Average GC time (22,73 ms) is above the time for allocation rate (440 MB/s) to deplete free headroom (9661K)
[2021-04-30T09:23:33.352+0300][44,202s][info][gc] GC(986) Concurrent reset 0,158ms
[2021-04-30T09:23:33.353+0300][44,202s][info][gc] GC(986) Pause Init Mark 0,249ms
[2021-04-30T09:23:33.364+0300][44,213s][info][gc] GC(986) Concurrent marking 10,812ms
[2021-04-30T09:23:33.364+0300][44,214s][info][gc] GC(986) Pause Final Mark 0,359ms
[2021-04-30T09:23:33.364+0300][44,214s][info][gc] GC(986) Concurrent cleanup 107M->107M(128M) 0,037ms
[2021-04-30T09:23:33.365+0300][44,214s][info][gc] GC(986) Concurrent evacuation 0,203ms
[2021-04-30T09:23:33.365+0300][44,214s][info][gc] GC(986) Pause Init Update Refs 0,003ms
[2021-04-30T09:23:33.371+0300][44,221s][info][gc] GC(986) Concurrent update references 6,408ms
[2021-04-30T09:23:33.372+0300][44,221s][info][gc] GC(986) Pause Final Update Refs 0,097ms
[2021-04-30T09:23:33.372+0300][44,221s][info][gc] GC(986) Concurrent cleanup 111M->94M(128M) 0,044ms
[2021-04-30T09:23:33.391+0300][44,240s][info][gc] Trigger: Average GC time (21,13 ms) is above the time for allocation rate (445 MB/s) to deplete free headroom (9149K)
[2021-04-30T09:23:33.391+0300][44,241s][info][gc] GC(987) Concurrent reset 0,164ms
[2021-04-30T09:23:33.392+0300][44,241s][info][gc] GC(987) Pause Init Mark 0,151ms
[2021-04-30T09:23:33.403+0300][44,253s][info][gc] GC(987) Concurrent marking 11,325ms
[2021-04-30T09:23:33.404+0300][44,253s][info][gc] GC(987) Pause Final Mark 0,583ms
[2021-04-30T09:23:33.404+0300][44,254s][info][gc] GC(987) Concurrent cleanup 107M->107M(128M) 0,043ms
[2021-04-30T09:23:33.404+0300][44,254s][info][gc] GC(987) Concurrent evacuation 0,245ms
[2021-04-30T09:23:33.405+0300][44,254s][info][gc] GC(987) Pause Init Update Refs 0,005ms
[2021-04-30T09:23:33.412+0300][44,261s][info][gc] GC(987) Concurrent update references 7,267ms
[2021-04-30T09:23:33.412+0300][44,262s][info][gc] GC(987) Pause Final Update Refs 0,079ms
[2021-04-30T09:23:33.412+0300][44,262s][info][gc] GC(987) Concurrent cleanup 112M->94M(128M) 0,044ms
[2021-04-30T09:23:33.432+0300][44,281s][info][gc] Trigger: Average GC time (20,97 ms) is above the time for allocation rate (425 MB/s) to deplete free headroom (8893K)
[2021-04-30T09:23:33.433+0300][44,282s][info][gc] GC(988) Concurrent reset 0,451ms
[2021-04-30T09:23:33.433+0300][44,283s][info][gc] GC(988) Pause Init Mark 0,329ms
[2021-04-30T09:23:33.447+0300][44,296s][info][gc] GC(988) Concurrent marking 13,131ms
[2021-04-30T09:23:33.448+0300][44,297s][info][gc] GC(988) Pause Final Mark 0,820ms
[2021-04-30T09:23:33.448+0300][44,297s][info][gc] GC(988) Concurrent cleanup 107M->108M(128M) 0,038ms
[2021-04-30T09:23:33.448+0300][44,298s][info][gc] GC(988) Concurrent evacuation 0,306ms
[2021-04-30T09:23:33.448+0300][44,298s][info][gc] GC(988) Pause Init Update Refs 0,005ms
[2021-04-30T09:23:33.456+0300][44,306s][info][gc] GC(988) Concurrent update references 8,007ms
[2021-04-30T09:23:33.457+0300][44,306s][info][gc] GC(988) Pause Final Update Refs 0,071ms
[2021-04-30T09:23:33.457+0300][44,306s][info][gc] GC(988) Concurrent cleanup 113M->95M(128M) 0,047ms
[2021-04-30T09:23:33.488+0300][44,338s][info][gc] Trigger: Average GC time (21,43 ms) is above the time for allocation rate (331 MB/s) to deplete free headroom (7228K)
[2021-04-30T09:23:33.488+0300][44,338s][info][gc] GC(989) Concurrent reset 0,269ms
[2021-04-30T09:23:33.489+0300][44,338s][info][gc] GC(989) Pause Init Mark 0,204ms
[2021-04-30T09:23:33.508+0300][44,357s][info][gc] GC(989) Concurrent marking 18,721ms
[2021-04-30T09:23:33.508+0300][44,358s][info][gc] GC(989) Pause Final Mark 0,346ms
[2021-04-30T09:23:33.508+0300][44,358s][info][gc] GC(989) Concurrent cleanup 109M->109M(128M) 0,041ms
[2021-04-30T09:23:33.508+0300][44,358s][info][gc] GC(989) Concurrent evacuation 0,219ms
[2021-04-30T09:23:33.509+0300][44,358s][info][gc] GC(989) Pause Init Update Refs 0,004ms
[2021-04-30T09:23:33.516+0300][44,365s][info][gc] GC(989) Concurrent update references 7,107ms
[2021-04-30T09:23:33.516+0300][44,366s][info][gc] GC(989) Pause Final Update Refs 0,081ms
[2021-04-30T09:23:33.516+0300][44,366s][info][gc] GC(989) Concurrent cleanup 112M->92M(128M) 0,043ms
[2021-04-30T09:23:33.555+0300][44,404s][info][gc] Trigger: Free (13014K) is below minimum threshold (13107K)
[2021-04-30T09:23:33.555+0300][44,405s][info][gc] GC(990) Concurrent reset 0,180ms
[2021-04-30T09:23:33.555+0300][44,405s][info][gc] GC(990) Pause Init Mark (process weakrefs) 0,195ms
[2021-04-30T09:23:33.567+0300][44,416s][info][gc] GC(990) Concurrent marking (process weakrefs) 11,425ms
[2021-04-30T09:23:33.567+0300][44,417s][info][gc] GC(990) Concurrent precleaning 0,073ms
[2021-04-30T09:23:33.568+0300][44,417s][info][gc] GC(990) Pause Final Mark (process weakrefs) 0,438ms
[2021-04-30T09:23:33.568+0300][44,417s][info][gc] GC(990) Concurrent cleanup 109M->109M(128M) 0,040ms
[2021-04-30T09:23:33.568+0300][44,417s][info][gc] GC(990) Concurrent evacuation 0,206ms
[2021-04-30T09:23:33.568+0300][44,417s][info][gc] GC(990) Pause Init Update Refs 0,004ms
[2021-04-30T09:23:33.575+0300][44,425s][info][gc] GC(990) Concurrent update references 7,199ms
[2021-04-30T09:23:33.576+0300][44,425s][info][gc] GC(990) Pause Final Update Refs 0,100ms
[2021-04-30T09:23:33.576+0300][44,425s][info][gc] GC(990) Concurrent cleanup 112M->93M(128M) 0,055ms
[2021-04-30T09:23:33.609+0300][44,459s][info][gc] Trigger: Average GC time (22,90 ms) is above the time for allocation rate (326 MB/s) to deplete free headroom (7484K)
[2021-04-30T09:23:33.610+0300][44,459s][info][gc] GC(991) Concurrent reset 0,118ms
[2021-04-30T09:23:33.610+0300][44,459s][info][gc] GC(991) Pause Init Mark 0,135ms
[2021-04-30T09:23:33.623+0300][44,472s][info][gc] GC(991) Concurrent marking 12,765ms
[2021-04-30T09:23:33.623+0300][44,473s][info][gc] GC(991) Pause Final Mark 0,341ms
[2021-04-30T09:23:33.623+0300][44,473s][info][gc] GC(991) Concurrent cleanup 109M->109M(128M) 0,039ms
[2021-04-30T09:23:33.624+0300][44,473s][info][gc] GC(991) Concurrent evacuation 0,247ms
[2021-04-30T09:23:33.624+0300][44,473s][info][gc] GC(991) Pause Init Update Refs 0,006ms
[2021-04-30T09:23:33.633+0300][44,482s][info][gc] GC(991) Concurrent update references 8,972ms
[2021-04-30T09:23:33.633+0300][44,483s][info][gc] GC(991) Pause Final Update Refs 0,138ms
[2021-04-30T09:23:33.633+0300][44,483s][info][gc] GC(991) Concurrent cleanup 114M->96M(128M) 0,050ms
[2021-04-30T09:23:33.653+0300][44,502s][info][gc] Trigger: Average GC time (23,75 ms) is above the time for allocation rate (387 MB/s) to deplete free headroom (8125K)
[2021-04-30T09:23:33.654+0300][44,503s][info][gc] GC(992) Concurrent reset 0,674ms
[2021-04-30T09:23:33.654+0300][44,503s][info][gc] GC(992) Pause Init Mark 0,151ms
[2021-04-30T09:23:33.668+0300][44,517s][info][gc] GC(992) Concurrent marking 13,948ms
[2021-04-30T09:23:33.668+0300][44,518s][info][gc] GC(992) Pause Final Mark 0,335ms
[2021-04-30T09:23:33.668+0300][44,518s][info][gc] GC(992) Concurrent cleanup 109M->109M(128M) 0,035ms
[2021-04-30T09:23:33.669+0300][44,518s][info][gc] GC(992) Concurrent evacuation 0,213ms
[2021-04-30T09:23:33.669+0300][44,518s][info][gc] GC(992) Pause Init Update Refs 0,005ms
[2021-04-30T09:23:33.677+0300][44,526s][info][gc] GC(992) Concurrent update references 7,955ms
[2021-04-30T09:23:33.677+0300][44,527s][info][gc] GC(992) Pause Final Update Refs 0,137ms
[2021-04-30T09:23:33.677+0300][44,527s][info][gc] GC(992) Concurrent cleanup 113M->96M(128M) 0,043ms
[2021-04-30T09:23:33.693+0300][44,542s][info][gc] Trigger: Average GC time (24,38 ms) is above the time for allocation rate (391 MB/s) to deplete free headroom (9532K)
[2021-04-30T09:23:33.693+0300][44,542s][info][gc] GC(993) Concurrent reset 0,161ms
[2021-04-30T09:23:33.693+0300][44,543s][info][gc] GC(993) Pause Init Mark 0,198ms
[2021-04-30T09:23:33.706+0300][44,556s][info][gc] GC(993) Concurrent marking 12,878ms
[2021-04-30T09:23:33.707+0300][44,556s][info][gc] GC(993) Pause Final Mark 0,397ms
[2021-04-30T09:23:33.707+0300][44,556s][info][gc] GC(993) Concurrent cleanup 107M->107M(128M) 0,039ms
[2021-04-30T09:23:33.707+0300][44,556s][info][gc] GC(993) Concurrent evacuation 0,170ms
[2021-04-30T09:23:33.707+0300][44,556s][info][gc] GC(993) Pause Init Update Refs 0,004ms
[2021-04-30T09:23:33.716+0300][44,565s][info][gc] GC(993) Concurrent update references 8,593ms
[2021-04-30T09:23:33.716+0300][44,565s][info][gc] GC(993) Pause Final Update Refs 0,121ms
[2021-04-30T09:23:33.716+0300][44,565s][info][gc] GC(993) Concurrent cleanup 112M->97M(128M) 0,041ms
[2021-04-30T09:23:33.730+0300][44,579s][info][gc] Trigger: Average GC time (24,15 ms) is above the time for allocation rate (407 MB/s) to deplete free headroom (9403K)
[2021-04-30T09:23:33.730+0300][44,580s][info][gc] GC(994) Concurrent reset 0,181ms
[2021-04-30T09:23:33.731+0300][44,580s][info][gc] GC(994) Pause Init Mark 0,156ms
[2021-04-30T09:23:33.744+0300][44,593s][info][gc] GC(994) Concurrent marking 13,113ms
[2021-04-30T09:23:33.744+0300][44,594s][info][gc] GC(994) Pause Final Mark 0,467ms
[2021-04-30T09:23:33.744+0300][44,594s][info][gc] GC(994) Concurrent cleanup 107M->107M(128M) 0,036ms
[2021-04-30T09:23:33.745+0300][44,594s][info][gc] GC(994) Concurrent evacuation 0,137ms
[2021-04-30T09:23:33.745+0300][44,594s][info][gc] GC(994) Pause Init Update Refs 0,021ms
[2021-04-30T09:23:33.753+0300][44,602s][info][gc] GC(994) Concurrent update references 8,136ms
[2021-04-30T09:23:33.753+0300][44,603s][info][gc] GC(994) Pause Final Update Refs 0,221ms
[2021-04-30T09:23:33.754+0300][44,603s][info][gc] GC(994) Concurrent cleanup 111M->96M(128M) 0,041ms
[2021-04-30T09:23:33.771+0300][44,620s][info][gc] Trigger: Average GC time (23,25 ms) is above the time for allocation rate (379 MB/s) to deplete free headroom (8891K)
[2021-04-30T09:23:33.771+0300][44,621s][info][gc] GC(995) Concurrent reset 0,132ms
[2021-04-30T09:23:33.772+0300][44,621s][info][gc] GC(995) Pause Init Mark (process weakrefs) 0,277ms
[2021-04-30T09:23:33.783+0300][44,633s][info][gc] GC(995) Concurrent marking (process weakrefs) 11,500ms
[2021-04-30T09:23:33.783+0300][44,633s][info][gc] GC(995) Concurrent precleaning 0,143ms
[2021-04-30T09:23:33.784+0300][44,633s][info][gc] GC(995) Pause Final Mark (process weakrefs) 0,402ms
[2021-04-30T09:23:33.784+0300][44,633s][info][gc] GC(995) Concurrent cleanup 108M->108M(128M) 0,039ms
[2021-04-30T09:23:33.784+0300][44,634s][info][gc] GC(995) Concurrent evacuation 0,145ms
[2021-04-30T09:23:33.784+0300][44,634s][info][gc] GC(995) Pause Init Update Refs 0,019ms
[2021-04-30T09:23:33.791+0300][44,641s][info][gc] GC(995) Concurrent update references 6,691ms
[2021-04-30T09:23:33.791+0300][44,641s][info][gc] GC(995) Pause Final Update Refs 0,088ms
[2021-04-30T09:23:33.792+0300][44,641s][info][gc] GC(995) Concurrent cleanup 113M->97M(128M) 0,054ms
[2021-04-30T09:23:33.805+0300][44,654s][info][gc] Trigger: Average GC time (23,21 ms) is above the time for allocation rate (431 MB/s) to deplete free headroom (9659K)
[2021-04-30T09:23:33.805+0300][44,654s][info][gc] GC(996) Concurrent reset 0,179ms
[2021-04-30T09:23:33.805+0300][44,655s][info][gc] GC(996) Pause Init Mark 0,197ms
[2021-04-30T09:23:33.817+0300][44,666s][info][gc] GC(996) Concurrent marking 11,656ms
[2021-04-30T09:23:33.817+0300][44,667s][info][gc] GC(996) Pause Final Mark 0,374ms
[2021-04-30T09:23:33.817+0300][44,667s][info][gc] GC(996) Concurrent cleanup 107M->107M(128M) 0,039ms
[2021-04-30T09:23:33.818+0300][44,667s][info][gc] GC(996) Concurrent evacuation 0,199ms
[2021-04-30T09:23:33.818+0300][44,667s][info][gc] GC(996) Pause Init Update Refs 0,021ms
[2021-04-30T09:23:33.830+0300][44,679s][info][gc] GC(996) Concurrent update references 11,683ms
[2021-04-30T09:23:33.830+0300][44,679s][info][gc] GC(996) Pause Final Update Refs 0,107ms
[2021-04-30T09:23:33.830+0300][44,679s][info][gc] GC(996) Concurrent cleanup 114M->99M(128M) 0,044ms
[2021-04-30T09:23:33.840+0300][44,689s][info][gc] Trigger: Average GC time (23,51 ms) is above the time for allocation rate (413 MB/s) to deplete free headroom (9403K)
[2021-04-30T09:23:33.840+0300][44,689s][info][gc] GC(997) Concurrent reset 0,151ms
[2021-04-30T09:23:33.841+0300][44,690s][info][gc] GC(997) Pause Init Mark 0,386ms
[2021-04-30T09:23:33.855+0300][44,704s][info][gc] GC(997) Concurrent marking 13,920ms
[2021-04-30T09:23:33.855+0300][44,704s][info][gc] GC(997) Pause Final Mark 0,336ms
[2021-04-30T09:23:33.855+0300][44,705s][info][gc] GC(997) Concurrent cleanup 107M->107M(128M) 0,039ms
[2021-04-30T09:23:33.855+0300][44,705s][info][gc] GC(997) Concurrent evacuation 0,139ms
[2021-04-30T09:23:33.855+0300][44,705s][info][gc] GC(997) Pause Init Update Refs 0,005ms
[2021-04-30T09:23:33.863+0300][44,712s][info][gc] GC(997) Concurrent update references 7,460ms
[2021-04-30T09:23:33.863+0300][44,713s][info][gc] GC(997) Pause Final Update Refs 0,091ms
[2021-04-30T09:23:33.863+0300][44,713s][info][gc] GC(997) Concurrent cleanup 112M->97M(128M) 0,050ms
[2021-04-30T09:23:33.877+0300][44,727s][info][gc] Trigger: Average GC time (23,31 ms) is above the time for allocation rate (386 MB/s) to deplete free headroom (8891K)
[2021-04-30T09:23:33.878+0300][44,727s][info][gc] GC(998) Concurrent reset 0,192ms
[2021-04-30T09:23:33.878+0300][44,728s][info][gc] GC(998) Pause Init Mark 0,370ms
[2021-04-30T09:23:33.891+0300][44,741s][info][gc] GC(998) Concurrent marking 13,085ms
[2021-04-30T09:23:33.892+0300][44,742s][info][gc] GC(998) Pause Final Mark 0,436ms
[2021-04-30T09:23:33.892+0300][44,742s][info][gc] GC(998) Concurrent cleanup 108M->108M(128M) 0,039ms
[2021-04-30T09:23:33.892+0300][44,742s][info][gc] GC(998) Concurrent evacuation 0,147ms
[2021-04-30T09:23:33.892+0300][44,742s][info][gc] GC(998) Pause Init Update Refs 0,006ms
[2021-04-30T09:23:33.902+0300][44,751s][info][gc] GC(998) Concurrent update references 8,962ms
[2021-04-30T09:23:33.902+0300][44,751s][info][gc] GC(998) Pause Final Update Refs 0,079ms
[2021-04-30T09:23:33.902+0300][44,751s][info][gc] GC(998) Concurrent cleanup 112M->98M(128M) 0,042ms
[2021-04-30T09:23:33.915+0300][44,764s][info][gc] Trigger: Average GC time (23,54 ms) is above the time for allocation rate (382 MB/s) to deplete free headroom (9147K)
[2021-04-30T09:23:33.915+0300][44,764s][info][gc] GC(999) Concurrent reset 0,148ms
[2021-04-30T09:23:33.915+0300][44,765s][info][gc] GC(999) Pause Init Mark (unload classes) 0,169ms
[2021-04-30T09:23:33.928+0300][44,777s][info][gc] GC(999) Concurrent marking (unload classes) 12,525ms
[2021-04-30T09:23:33.931+0300][44,780s][info][gc] GC(999) Pause Final Mark (unload classes) 2,776ms
[2021-04-30T09:23:33.931+0300][44,780s][info][gc] GC(999) Concurrent cleanup 108M->108M(128M) 0,055ms
[2021-04-30T09:23:33.931+0300][44,781s][info][gc] GC(999) Concurrent evacuation 0,166ms
[2021-04-30T09:23:33.931+0300][44,781s][info][gc] GC(999) Pause Init Update Refs 0,005ms
[2021-04-30T09:23:33.941+0300][44,791s][info][gc] GC(999) Concurrent update references 9,783ms
[2021-04-30T09:23:33.941+0300][44,791s][info][gc] GC(999) Pause Final Update Refs 0,067ms
[2021-04-30T09:23:33.941+0300][44,791s][info][gc] GC(999) Concurrent cleanup 113M->98M(128M) 0,044ms
[2021-04-30T09:23:33.955+0300][44,804s][info][gc] Trigger: Average GC time (24,20 ms) is above the time for allocation rate (377 MB/s) to deplete free headroom (8381K)
[2021-04-30T09:23:33.955+0300][44,804s][info][gc] GC(1000) Concurrent reset 0,198ms
[2021-04-30T09:23:33.955+0300][44,805s][info][gc] GC(1000) Pause Init Mark (process weakrefs) 0,277ms
[2021-04-30T09:23:33.967+0300][44,816s][info][gc] GC(1000) Concurrent marking (process weakrefs) 11,400ms
[2021-04-30T09:23:33.967+0300][44,816s][info][gc] GC(1000) Concurrent precleaning 0,135ms
[2021-04-30T09:23:33.967+0300][44,817s][info][gc] GC(1000) Pause Final Mark (process weakrefs) 0,392ms
[2021-04-30T09:23:33.968+0300][44,817s][info][gc] GC(1000) Concurrent cleanup 108M->108M(128M) 0,039ms
[2021-04-30T09:23:33.968+0300][44,817s][info][gc] GC(1000) Concurrent evacuation 0,183ms
[2021-04-30T09:23:33.968+0300][44,817s][info][gc] GC(1000) Pause Init Update Refs 0,005ms
[2021-04-30T09:23:33.975+0300][44,825s][info][gc] GC(1000) Concurrent update references 7,372ms
[2021-04-30T09:23:33.976+0300][44,825s][info][gc] GC(1000) Pause Final Update Refs 0,063ms
[2021-04-30T09:23:33.976+0300][44,825s][info][gc] GC(1000) Concurrent cleanup 112M->97M(128M) 0,043ms
[2021-04-30T09:23:33.990+0300][44,839s][info][gc] Trigger: Average GC time (24,29 ms) is above the time for allocation rate (400 MB/s) to deplete free headroom (9085K)
[2021-04-30T09:23:33.990+0300][44,839s][info][gc] GC(1001) Concurrent reset 0,142ms
[2021-04-30T09:23:33.990+0300][44,839s][info][gc] GC(1001) Pause Init Mark 0,157ms
[2021-04-30T09:23:34.006+0300][44,856s][info][gc] GC(1001) Concurrent marking 16,142ms
[2021-04-30T09:23:34.007+0300][44,856s][info][gc] GC(1001) Pause Final Mark 0,370ms
[2021-04-30T09:23:34.007+0300][44,856s][info][gc] GC(1001) Concurrent cleanup 108M->108M(128M) 0,036ms
[2021-04-30T09:23:34.007+0300][44,856s][info][gc] GC(1001) Concurrent evacuation 0,108ms
[2021-04-30T09:23:34.007+0300][44,856s][info][gc] GC(1001) Pause Init Update Refs 0,003ms
[2021-04-30T09:23:34.014+0300][44,863s][info][gc] GC(1001) Concurrent update references 6,607ms
[2021-04-30T09:23:34.014+0300][44,863s][info][gc] GC(1001) Pause Final Update Refs 0,098ms
[2021-04-30T09:23:34.014+0300][44,863s][info][gc] GC(1001) Concurrent cleanup 108M->94M(128M) 0,041ms
[2021-04-30T09:23:34.035+0300][44,885s][info][gc] Trigger: Average GC time (24,10 ms) is above the time for allocation rate (329 MB/s) to deplete free headroom (7551K)
[2021-04-30T09:23:34.035+0300][44,885s][info][gc] GC(1002) Concurrent reset 0,177ms
[2021-04-30T09:23:34.042+0300][44,891s][info][gc] GC(1002) Pause Init Mark 0,136ms
[2021-04-30T09:23:34.053+0300][44,903s][info][gc] GC(1002) Concurrent marking 11,163ms
[2021-04-30T09:23:34.054+0300][44,903s][info][gc] GC(1002) Pause Final Mark 0,379ms
[2021-04-30T09:23:34.054+0300][44,903s][info][gc] GC(1002) Concurrent cleanup 112M->112M(128M) 0,038ms
[2021-04-30T09:23:34.054+0300][44,903s][info][gc] GC(1002) Concurrent evacuation 0,193ms
[2021-04-30T09:23:34.054+0300][44,904s][info][gc] GC(1002) Pause Init Update Refs 0,004ms
[2021-04-30T09:23:34.061+0300][44,910s][info][gc] GC(1002) Concurrent update references 6,788ms
[2021-04-30T09:23:34.062+0300][44,911s][info][gc] GC(1002) Pause Final Update Refs 0,096ms
[2021-04-30T09:23:34.062+0300][44,911s][info][gc] GC(1002) Concurrent cleanup 117M->98M(128M) 0,056ms
[2021-04-30T09:23:34.070+0300][44,920s][info][gc] Trigger: Average GC time (24,68 ms) is above the time for allocation rate (444 MB/s) to deplete free headroom (10494K)
[2021-04-30T09:23:34.070+0300][44,920s][info][gc] GC(1003) Concurrent reset 0,162ms
[2021-04-30T09:23:34.071+0300][44,920s][info][gc] GC(1003) Pause Init Mark 0,141ms
[2021-04-30T09:23:34.087+0300][44,937s][info][gc] GC(1003) Concurrent marking 16,310ms
[2021-04-30T09:23:34.088+0300][44,937s][info][gc] GC(1003) Pause Final Mark 0,487ms
[2021-04-30T09:23:34.088+0300][44,937s][info][gc] GC(1003) Concurrent cleanup 106M->106M(128M) 0,038ms
[2021-04-30T09:23:34.088+0300][44,937s][info][gc] GC(1003) Concurrent evacuation 0,196ms
[2021-04-30T09:23:34.088+0300][44,938s][info][gc] GC(1003) Pause Init Update Refs 0,020ms
[2021-04-30T09:23:34.095+0300][44,945s][info][gc] GC(1003) Concurrent update references 6,790ms
[2021-04-30T09:23:34.095+0300][44,945s][info][gc] GC(1003) Pause Final Update Refs 0,093ms
[2021-04-30T09:23:34.096+0300][44,945s][info][gc] GC(1003) Concurrent cleanup 107M->95M(128M) 0,040ms
[2021-04-30T09:23:34.115+0300][44,964s][info][gc] Trigger: Average GC time (24,84 ms) is above the time for allocation rate (318 MB/s) to deplete free headroom (7807K)
[2021-04-30T09:23:34.115+0300][44,965s][info][gc] GC(1004) Concurrent reset 0,117ms
[2021-04-30T09:23:34.116+0300][44,965s][info][gc] GC(1004) Pause Init Mark 0,230ms
[2021-04-30T09:23:34.130+0300][44,980s][info][gc] GC(1004) Concurrent marking 14,525ms
[2021-04-30T09:23:34.131+0300][44,980s][info][gc] GC(1004) Pause Final Mark 0,447ms
[2021-04-30T09:23:34.131+0300][44,980s][info][gc] GC(1004) Concurrent cleanup 108M->108M(128M) 0,038ms
[2021-04-30T09:23:34.131+0300][44,981s][info][gc] GC(1004) Concurrent evacuation 0,180ms
[2021-04-30T09:23:34.131+0300][44,981s][info][gc] GC(1004) Pause Init Update Refs 0,007ms
[2021-04-30T09:23:34.138+0300][44,988s][info][gc] GC(1004) Concurrent update references 7,025ms
[2021-04-30T09:23:34.139+0300][44,988s][info][gc] GC(1004) Pause Final Update Refs 0,194ms
[2021-04-30T09:23:34.139+0300][44,988s][info][gc] GC(1004) Concurrent cleanup 113M->99M(128M) 0,050ms
[2021-04-30T09:23:34.152+0300][45,002s][info][gc] Trigger: Average GC time (24,27 ms) is above the time for allocation rate (357 MB/s) to deplete free headroom (8577K)
[2021-04-30T09:23:34.152+0300][45,002s][info][gc] GC(1005) Concurrent reset 0,127ms
[2021-04-30T09:23:34.153+0300][45,002s][info][gc] GC(1005) Pause Init Mark (process weakrefs) 0,181ms
[2021-04-30T09:23:34.167+0300][45,016s][info][gc] GC(1005) Concurrent marking (process weakrefs) 13,624ms
[2021-04-30T09:23:34.167+0300][45,016s][info][gc] GC(1005) Concurrent precleaning 0,119ms
[2021-04-30T09:23:34.167+0300][45,017s][info][gc] GC(1005) Pause Final Mark (process weakrefs) 0,443ms
[2021-04-30T09:23:34.167+0300][45,017s][info][gc] GC(1005) Concurrent cleanup 108M->108M(128M) 0,040ms
[2021-04-30T09:23:34.168+0300][45,017s][info][gc] GC(1005) Concurrent evacuation 0,175ms
[2021-04-30T09:23:34.168+0300][45,017s][info][gc] GC(1005) Pause Init Update Refs 0,004ms
[2021-04-30T09:23:34.175+0300][45,024s][info][gc] GC(1005) Concurrent update references 7,340ms
[2021-04-30T09:23:34.175+0300][45,025s][info][gc] GC(1005) Pause Final Update Refs 0,082ms
[2021-04-30T09:23:34.175+0300][45,025s][info][gc] GC(1005) Concurrent cleanup 113M->100M(128M) 0,040ms
[2021-04-30T09:23:34.187+0300][45,037s][info][gc] Trigger: Average GC time (24,68 ms) is above the time for allocation rate (372 MB/s) to deplete free headroom (8577K)
[2021-04-30T09:23:34.187+0300][45,037s][info][gc] GC(1006) Concurrent reset 0,165ms
[2021-04-30T09:23:34.188+0300][45,037s][info][gc] GC(1006) Pause Init Mark 0,149ms
[2021-04-30T09:23:34.202+0300][45,052s][info][gc] GC(1006) Concurrent marking 14,271ms
[2021-04-30T09:23:34.203+0300][45,052s][info][gc] GC(1006) Pause Final Mark 0,400ms
[2021-04-30T09:23:34.203+0300][45,052s][info][gc] GC(1006) Concurrent cleanup 108M->108M(128M) 0,040ms
[2021-04-30T09:23:34.203+0300][45,052s][info][gc] GC(1006) Concurrent evacuation 0,123ms
[2021-04-30T09:23:34.203+0300][45,052s][info][gc] GC(1006) Pause Init Update Refs 0,005ms
[2021-04-30T09:23:34.212+0300][45,062s][info][gc] GC(1006) Concurrent update references 9,343ms
[2021-04-30T09:23:34.213+0300][45,062s][info][gc] GC(1006) Pause Final Update Refs 0,084ms
[2021-04-30T09:23:34.213+0300][45,062s][info][gc] GC(1006) Concurrent cleanup 112M->99M(128M) 0,047ms
[2021-04-30T09:23:34.226+0300][45,075s][info][gc] Trigger: Average GC time (24,88 ms) is above the time for allocation rate (338 MB/s) to deplete free headroom (8065K)
[2021-04-30T09:23:34.226+0300][45,075s][info][gc] GC(1007) Concurrent reset 0,130ms
[2021-04-30T09:23:34.226+0300][45,076s][info][gc] GC(1007) Pause Init Mark 0,214ms
[2021-04-30T09:23:34.239+0300][45,088s][info][gc] GC(1007) Concurrent marking 12,391ms
[2021-04-30T09:23:34.239+0300][45,089s][info][gc] GC(1007) Pause Final Mark 0,321ms
[2021-04-30T09:23:34.239+0300][45,089s][info][gc] GC(1007) Concurrent cleanup 109M->109M(128M) 0,045ms
[2021-04-30T09:23:34.239+0300][45,089s][info][gc] GC(1007) Concurrent evacuation 0,131ms
[2021-04-30T09:23:34.240+0300][45,089s][info][gc] GC(1007) Pause Init Update Refs 0,004ms
[2021-04-30T09:23:34.247+0300][45,097s][info][gc] GC(1007) Concurrent update references 7,808ms
[2021-04-30T09:23:34.248+0300][45,097s][info][gc] GC(1007) Pause Final Update Refs 0,113ms
[2021-04-30T09:23:34.248+0300][45,097s][info][gc] GC(1007) Concurrent cleanup 113M->100M(128M) 0,044ms
[2021-04-30T09:23:34.259+0300][45,108s][info][gc] Trigger: Average GC time (24,01 ms) is above the time for allocation rate (388 MB/s) to deplete free headroom (8579K)
[2021-04-30T09:23:34.259+0300][45,108s][info][gc] GC(1008) Concurrent reset 0,190ms
[2021-04-30T09:23:34.259+0300][45,109s][info][gc] GC(1008) Pause Init Mark 0,157ms
[2021-04-30T09:23:34.271+0300][45,121s][info][gc] GC(1008) Concurrent marking 11,961ms
[2021-04-30T09:23:34.272+0300][45,121s][info][gc] GC(1008) Pause Final Mark 0,360ms
[2021-04-30T09:23:34.272+0300][45,121s][info][gc] GC(1008) Concurrent cleanup 108M->108M(128M) 0,039ms
[2021-04-30T09:23:34.272+0300][45,121s][info][gc] GC(1008) Concurrent evacuation 0,139ms
[2021-04-30T09:23:34.272+0300][45,122s][info][gc] GC(1008) Pause Init Update Refs 0,003ms
[2021-04-30T09:23:34.281+0300][45,131s][info][gc] GC(1008) Concurrent update references 9,098ms
[2021-04-30T09:23:34.282+0300][45,131s][info][gc] GC(1008) Pause Final Update Refs 0,074ms
[2021-04-30T09:23:34.282+0300][45,131s][info][gc] GC(1008) Concurrent cleanup 111M->99M(128M) 0,042ms
[2021-04-30T09:23:34.294+0300][45,143s][info][gc] Trigger: Average GC time (23,53 ms) is above the time for allocation rate (358 MB/s) to deplete free headroom (8581K)
[2021-04-30T09:23:34.294+0300][45,143s][info][gc] GC(1009) Concurrent reset 0,191ms
[2021-04-30T09:23:34.294+0300][45,144s][info][gc] GC(1009) Pause Init Mark 0,152ms
[2021-04-30T09:23:34.306+0300][45,156s][info][gc] GC(1009) Concurrent marking 11,839ms
[2021-04-30T09:23:34.307+0300][45,156s][info][gc] GC(1009) Pause Final Mark 0,572ms
[2021-04-30T09:23:34.307+0300][45,156s][info][gc] GC(1009) Concurrent cleanup 108M->108M(128M) 0,038ms
[2021-04-30T09:23:34.307+0300][45,157s][info][gc] GC(1009) Concurrent evacuation 0,177ms
[2021-04-30T09:23:34.307+0300][45,157s][info][gc] GC(1009) Pause Init Update Refs 0,021ms
[2021-04-30T09:23:34.315+0300][45,164s][info][gc] GC(1009) Concurrent update references 7,060ms
[2021-04-30T09:23:34.315+0300][45,164s][info][gc] GC(1009) Pause Final Update Refs 0,072ms
[2021-04-30T09:23:34.315+0300][45,164s][info][gc] GC(1009) Concurrent cleanup 112M->99M(128M) 0,043ms
[2021-04-30T09:23:34.325+0300][45,174s][info][gc] Trigger: Average GC time (23,00 ms) is above the time for allocation rate (378 MB/s) to deplete free headroom (8837K)
[2021-04-30T09:23:34.325+0300][45,175s][info][gc] GC(1010) Concurrent reset 0,272ms
[2021-04-30T09:23:34.326+0300][45,175s][info][gc] GC(1010) Pause Init Mark (process weakrefs) 0,259ms
[2021-04-30T09:23:34.337+0300][45,187s][info][gc] GC(1010) Concurrent marking (process weakrefs) 11,367ms
[2021-04-30T09:23:34.337+0300][45,187s][info][gc] GC(1010) Concurrent precleaning 0,135ms
[2021-04-30T09:23:34.338+0300][45,187s][info][gc] GC(1010) Pause Final Mark (process weakrefs) 0,381ms
[2021-04-30T09:23:34.338+0300][45,187s][info][gc] GC(1010) Concurrent cleanup 107M->107M(128M) 0,038ms
[2021-04-30T09:23:34.338+0300][45,188s][info][gc] GC(1010) Concurrent evacuation 0,154ms
[2021-04-30T09:23:34.338+0300][45,188s][info][gc] GC(1010) Pause Init Update Refs 0,020ms
[2021-04-30T09:23:34.347+0300][45,196s][info][gc] GC(1010) Concurrent update references 8,339ms
[2021-04-30T09:23:34.347+0300][45,196s][info][gc] GC(1010) Pause Final Update Refs 0,060ms
[2021-04-30T09:23:34.347+0300][45,197s][info][gc] GC(1010) Concurrent cleanup 111M->100M(128M) 0,041ms
[2021-04-30T09:23:34.358+0300][45,208s][info][gc] Trigger: Average GC time (22,85 ms) is above the time for allocation rate (361 MB/s) to deplete free headroom (8327K)
[2021-04-30T09:23:34.358+0300][45,208s][info][gc] GC(1011) Concurrent reset 0,173ms
[2021-04-30T09:23:34.359+0300][45,208s][info][gc] GC(1011) Pause Init Mark 0,156ms
[2021-04-30T09:23:34.371+0300][45,220s][info][gc] GC(1011) Concurrent marking 12,163ms
[2021-04-30T09:23:34.372+0300][45,221s][info][gc] GC(1011) Pause Final Mark 0,459ms
[2021-04-30T09:23:34.372+0300][45,221s][info][gc] GC(1011) Concurrent cleanup 108M->109M(128M) 0,039ms
[2021-04-30T09:23:34.372+0300][45,221s][info][gc] GC(1011) Concurrent evacuation 0,176ms
[2021-04-30T09:23:34.372+0300][45,221s][info][gc] GC(1011) Pause Init Update Refs 0,005ms
[2021-04-30T09:23:34.379+0300][45,228s][info][gc] GC(1011) Concurrent update references 7,078ms
[2021-04-30T09:23:34.379+0300][45,229s][info][gc] GC(1011) Pause Final Update Refs 0,082ms
[2021-04-30T09:23:34.379+0300][45,229s][info][gc] GC(1011) Concurrent cleanup 113M->100M(128M) 0,043ms
[2021-04-30T09:23:34.390+0300][45,240s][info][gc] Trigger: Average GC time (22,01 ms) is above the time for allocation rate (381 MB/s) to deplete free headroom (8069K)
[2021-04-30T09:23:34.390+0300][45,240s][info][gc] GC(1012) Concurrent reset 0,140ms
[2021-04-30T09:23:34.391+0300][45,240s][info][gc] GC(1012) Pause Init Mark 0,148ms
[2021-04-30T09:23:34.402+0300][45,252s][info][gc] GC(1012) Concurrent marking 11,635ms
[2021-04-30T09:23:34.403+0300][45,253s][info][gc] GC(1012) Pause Final Mark 0,375ms
[2021-04-30T09:23:34.403+0300][45,253s][info][gc] GC(1012) Concurrent cleanup 108M->108M(128M) 0,037ms
[2021-04-30T09:23:34.403+0300][45,253s][info][gc] GC(1012) Concurrent evacuation 0,146ms
[2021-04-30T09:23:34.403+0300][45,253s][info][gc] GC(1012) Pause Init Update Refs 0,005ms
[2021-04-30T09:23:34.412+0300][45,261s][info][gc] GC(1012) Concurrent update references 8,136ms
[2021-04-30T09:23:34.412+0300][45,261s][info][gc] GC(1012) Pause Final Update Refs 0,080ms
[2021-04-30T09:23:34.412+0300][45,261s][info][gc] GC(1012) Concurrent cleanup 112M->100M(128M) 0,040ms
[2021-04-30T09:23:34.424+0300][45,273s][info][gc] Trigger: Average GC time (21,94 ms) is above the time for allocation rate (366 MB/s) to deplete free headroom (7557K)
[2021-04-30T09:23:34.424+0300][45,273s][info][gc] GC(1013) Concurrent reset 0,120ms
[2021-04-30T09:23:34.424+0300][45,274s][info][gc] GC(1013) Pause Init Mark 0,148ms
[2021-04-30T09:23:34.437+0300][45,287s][info][gc] GC(1013) Concurrent marking 13,170ms
[2021-04-30T09:23:34.438+0300][45,288s][info][gc] GC(1013) Pause Final Mark 0,777ms
[2021-04-30T09:23:34.439+0300][45,288s][info][gc] GC(1013) Concurrent cleanup 109M->109M(128M) 0,154ms
[2021-04-30T09:23:34.439+0300][45,288s][info][gc] GC(1013) Concurrent evacuation 0,284ms
[2021-04-30T09:23:34.439+0300][45,289s][info][gc] GC(1013) Pause Init Update Refs 0,006ms
[2021-04-30T09:23:34.448+0300][45,298s][info][gc] GC(1013) Concurrent update references 9,072ms
[2021-04-30T09:23:34.448+0300][45,298s][info][gc] GC(1013) Pause Final Update Refs 0,085ms
[2021-04-30T09:23:34.449+0300][45,298s][info][gc] GC(1013) Concurrent cleanup 114M->101M(128M) 0,046ms
[2021-04-30T09:23:34.458+0300][45,308s][info][gc] Trigger: Average GC time (22,30 ms) is above the time for allocation rate (357 MB/s) to deplete free headroom (7557K)
[2021-04-30T09:23:34.458+0300][45,308s][info][gc] GC(1014) Concurrent reset 0,126ms
[2021-04-30T09:23:34.459+0300][45,308s][info][gc] GC(1014) Pause Init Mark 0,205ms
[2021-04-30T09:23:34.474+0300][45,324s][info][gc] GC(1014) Concurrent marking 15,674ms
[2021-04-30T09:23:34.475+0300][45,324s][info][gc] GC(1014) Pause Final Mark 0,398ms
[2021-04-30T09:23:34.475+0300][45,325s][info][gc] GC(1014) Concurrent cleanup 109M->109M(128M) 0,040ms
[2021-04-30T09:23:34.475+0300][45,325s][info][gc] GC(1014) Concurrent evacuation 0,174ms
[2021-04-30T09:23:34.475+0300][45,325s][info][gc] GC(1014) Pause Init Update Refs 0,004ms
[2021-04-30T09:23:34.484+0300][45,333s][info][gc] GC(1014) Concurrent update references 8,165ms
[2021-04-30T09:23:34.484+0300][45,333s][info][gc] GC(1014) Pause Final Update Refs 0,084ms
[2021-04-30T09:23:34.484+0300][45,333s][info][gc] GC(1014) Concurrent cleanup 114M->102M(128M) 0,042ms
[2021-04-30T09:23:34.493+0300][45,342s][info][gc] Trigger: Average GC time (23,20 ms) is above the time for allocation rate (341 MB/s) to deplete free headroom (7557K)
[2021-04-30T09:23:34.493+0300][45,342s][info][gc] GC(1015) Concurrent reset 0,169ms
[2021-04-30T09:23:34.493+0300][45,343s][info][gc] GC(1015) Pause Init Mark (process weakrefs) 0,180ms
[2021-04-30T09:23:34.508+0300][45,357s][info][gc] GC(1015) Concurrent marking (process weakrefs) 14,701ms
[2021-04-30T09:23:34.508+0300][45,357s][info][gc] GC(1015) Concurrent precleaning 0,074ms
[2021-04-30T09:23:34.509+0300][45,358s][info][gc] GC(1015) Pause Final Mark (process weakrefs) 0,375ms
[2021-04-30T09:23:34.509+0300][45,358s][info][gc] GC(1015) Concurrent cleanup 109M->109M(128M) 0,036ms
[2021-04-30T09:23:34.509+0300][45,358s][info][gc] GC(1015) Concurrent evacuation 0,128ms
[2021-04-30T09:23:34.509+0300][45,358s][info][gc] GC(1015) Pause Init Update Refs 0,003ms
[2021-04-30T09:23:34.517+0300][45,366s][info][gc] GC(1015) Concurrent update references 7,627ms
[2021-04-30T09:23:34.517+0300][45,366s][info][gc] GC(1015) Pause Final Update Refs 0,079ms
[2021-04-30T09:23:34.517+0300][45,366s][info][gc] GC(1015) Concurrent cleanup 113M->101M(128M) 0,041ms
[2021-04-30T09:23:34.526+0300][45,376s][info][gc] Trigger: Average GC time (23,56 ms) is above the time for allocation rate (333 MB/s) to deplete free headroom (7813K)
[2021-04-30T09:23:34.527+0300][45,376s][info][gc] GC(1016) Concurrent reset 0,165ms
[2021-04-30T09:23:34.527+0300][45,376s][info][gc] GC(1016) Pause Init Mark 0,162ms
[2021-04-30T09:23:34.540+0300][45,390s][info][gc] GC(1016) Concurrent marking 13,152ms
[2021-04-30T09:23:34.541+0300][45,390s][info][gc] GC(1016) Pause Final Mark 0,313ms
[2021-04-30T09:23:34.541+0300][45,390s][info][gc] GC(1016) Concurrent cleanup 109M->109M(128M) 0,042ms
[2021-04-30T09:23:34.541+0300][45,391s][info][gc] GC(1016) Concurrent evacuation 0,131ms
[2021-04-30T09:23:34.541+0300][45,391s][info][gc] GC(1016) Pause Init Update Refs 0,005ms
[2021-04-30T09:23:34.550+0300][45,400s][info][gc] GC(1016) Concurrent update references 9,081ms
[2021-04-30T09:23:34.551+0300][45,401s][info][gc] GC(1016) Pause Final Update Refs 0,320ms
[2021-04-30T09:23:34.552+0300][45,401s][info][gc] GC(1016) Concurrent cleanup 112M->101M(128M) 0,077ms
[2021-04-30T09:23:34.561+0300][45,411s][info][gc] Trigger: Average GC time (24,32 ms) is above the time for allocation rate (337 MB/s) to deplete free headroom (7559K)
[2021-04-30T09:23:34.562+0300][45,411s][info][gc] GC(1017) Concurrent reset 0,130ms
[2021-04-30T09:23:34.562+0300][45,411s][info][gc] GC(1017) Pause Init Mark 0,209ms
[2021-04-30T09:23:34.576+0300][45,426s][info][gc] GC(1017) Concurrent marking 14,333ms
[2021-04-30T09:23:34.577+0300][45,426s][info][gc] GC(1017) Pause Final Mark 0,381ms
[2021-04-30T09:23:34.577+0300][45,426s][info][gc] GC(1017) Concurrent cleanup 109M->109M(128M) 0,040ms
[2021-04-30T09:23:34.577+0300][45,427s][info][gc] GC(1017) Concurrent evacuation 0,122ms
[2021-04-30T09:23:34.577+0300][45,427s][info][gc] GC(1017) Pause Init Update Refs 0,005ms
[2021-04-30T09:23:34.587+0300][45,436s][info][gc] GC(1017) Concurrent update references 9,406ms
[2021-04-30T09:23:34.587+0300][45,436s][info][gc] GC(1017) Pause Final Update Refs 0,064ms
[2021-04-30T09:23:34.587+0300][45,436s][info][gc] GC(1017) Concurrent cleanup 113M->101M(128M) 0,044ms
[2021-04-30T09:23:34.598+0300][45,447s][info][gc] Trigger: Average GC time (25,09 ms) is above the time for allocation rate (316 MB/s) to deplete free headroom (7305K)
[2021-04-30T09:23:34.598+0300][45,447s][info][gc] GC(1018) Concurrent reset 0,130ms
[2021-04-30T09:23:34.598+0300][45,448s][info][gc] GC(1018) Pause Init Mark 0,159ms
[2021-04-30T09:23:34.611+0300][45,461s][info][gc] GC(1018) Concurrent marking 12,882ms
[2021-04-30T09:23:34.612+0300][45,461s][info][gc] GC(1018) Pause Final Mark 0,422ms
[2021-04-30T09:23:34.612+0300][45,461s][info][gc] GC(1018) Concurrent cleanup 109M->109M(128M) 0,040ms
[2021-04-30T09:23:34.612+0300][45,462s][info][gc] GC(1018) Concurrent evacuation 0,119ms
[2021-04-30T09:23:34.612+0300][45,462s][info][gc] GC(1018) Pause Init Update Refs 0,006ms
[2021-04-30T09:23:34.623+0300][45,473s][info][gc] GC(1018) Concurrent update references 10,688ms
[2021-04-30T09:23:34.623+0300][45,473s][info][gc] GC(1018) Pause Final Update Refs 0,065ms
[2021-04-30T09:23:34.623+0300][45,473s][info][gc] GC(1018) Concurrent cleanup 113M->101M(128M) 0,042ms
[2021-04-30T09:23:34.634+0300][45,484s][info][gc] Trigger: Average GC time (25,24 ms) is above the time for allocation rate (304 MB/s) to deplete free headroom (7819K)
[2021-04-30T09:23:34.634+0300][45,484s][info][gc] GC(1019) Concurrent reset 0,170ms
[2021-04-30T09:23:34.635+0300][45,484s][info][gc] GC(1019) Pause Init Mark 0,165ms
[2021-04-30T09:23:34.650+0300][45,499s][info][gc] GC(1019) Concurrent marking 14,708ms
[2021-04-30T09:23:34.650+0300][45,500s][info][gc] GC(1019) Pause Final Mark 0,421ms
[2021-04-30T09:23:34.650+0300][45,500s][info][gc] GC(1019) Concurrent cleanup 109M->109M(128M) 0,041ms
[2021-04-30T09:23:34.651+0300][45,500s][info][gc] GC(1019) Concurrent evacuation 0,218ms
[2021-04-30T09:23:34.651+0300][45,500s][info][gc] GC(1019) Pause Init Update Refs 0,005ms
[2021-04-30T09:23:34.659+0300][45,508s][info][gc] GC(1019) Concurrent update references 7,782ms
[2021-04-30T09:23:34.659+0300][45,509s][info][gc] GC(1019) Pause Final Update Refs 0,164ms
[2021-04-30T09:23:34.660+0300][45,509s][info][gc] GC(1019) Concurrent cleanup 113M->102M(128M) 0,249ms
[2021-04-30T09:23:34.667+0300][45,517s][info][gc] Trigger: Average GC time (25,17 ms) is above the time for allocation rate (325 MB/s) to deplete free headroom (7817K)
[2021-04-30T09:23:34.668+0300][45,517s][info][gc] GC(1020) Concurrent reset 0,246ms
[2021-04-30T09:23:34.668+0300][45,517s][info][gc] GC(1020) Pause Init Mark (process weakrefs) 0,170ms
[2021-04-30T09:23:34.680+0300][45,530s][info][gc] GC(1020) Concurrent marking (process weakrefs) 11,938ms
[2021-04-30T09:23:34.680+0300][45,530s][info][gc] GC(1020) Concurrent precleaning 0,113ms
[2021-04-30T09:23:34.681+0300][45,530s][info][gc] GC(1020) Pause Final Mark (process weakrefs) 0,502ms
[2021-04-30T09:23:34.681+0300][45,530s][info][gc] GC(1020) Concurrent cleanup 109M->109M(128M) 0,044ms
[2021-04-30T09:23:34.681+0300][45,531s][info][gc] GC(1020) Concurrent evacuation 0,263ms
[2021-04-30T09:23:34.681+0300][45,531s][info][gc] GC(1020) Pause Init Update Refs 0,007ms
[2021-04-30T09:23:34.691+0300][45,541s][info][gc] GC(1020) Concurrent update references 9,632ms
[2021-04-30T09:23:34.691+0300][45,541s][info][gc] GC(1020) Pause Final Update Refs 0,129ms
[2021-04-30T09:23:34.691+0300][45,541s][info][gc] GC(1020) Concurrent cleanup 114M->103M(128M) 0,042ms
[2021-04-30T09:23:34.699+0300][45,549s][info][gc] Trigger: Average GC time (25,17 ms) is above the time for allocation rate (322 MB/s) to deplete free headroom (8073K)
[2021-04-30T09:23:34.699+0300][45,549s][info][gc] GC(1021) Concurrent reset 0,136ms
[2021-04-30T09:23:34.700+0300][45,549s][info][gc] GC(1021) Pause Init Mark 0,218ms
[2021-04-30T09:23:34.712+0300][45,562s][info][gc] GC(1021) Concurrent marking 12,566ms
[2021-04-30T09:23:34.713+0300][45,563s][info][gc] GC(1021) Pause Final Mark 0,430ms
[2021-04-30T09:23:34.713+0300][45,563s][info][gc] GC(1021) Concurrent cleanup 109M->109M(128M) 0,043ms
[2021-04-30T09:23:34.713+0300][45,563s][info][gc] GC(1021) Concurrent evacuation 0,243ms
[2021-04-30T09:23:34.714+0300][45,563s][info][gc] GC(1021) Pause Init Update Refs 0,006ms
[2021-04-30T09:23:34.722+0300][45,572s][info][gc] GC(1021) Concurrent update references 8,809ms
[2021-04-30T09:23:34.723+0300][45,572s][info][gc] GC(1021) Pause Final Update Refs 0,080ms
[2021-04-30T09:23:34.723+0300][45,572s][info][gc] GC(1021) Concurrent cleanup 113M->102M(128M) 0,041ms
[2021-04-30T09:23:34.730+0300][45,580s][info][gc] Trigger: Average GC time (24,87 ms) is above the time for allocation rate (329 MB/s) to deplete free headroom (8075K)
[2021-04-30T09:23:34.731+0300][45,580s][info][gc] GC(1022) Concurrent reset 0,197ms
[2021-04-30T09:23:34.731+0300][45,580s][info][gc] GC(1022) Pause Init Mark 0,249ms
[2021-04-30T09:23:34.745+0300][45,594s][info][gc] GC(1022) Concurrent marking 13,552ms
[2021-04-30T09:23:34.745+0300][45,595s][info][gc] GC(1022) Pause Final Mark 0,344ms
[2021-04-30T09:23:34.745+0300][45,595s][info][gc] GC(1022) Concurrent cleanup 109M->109M(128M) 0,039ms
[2021-04-30T09:23:34.745+0300][45,595s][info][gc] GC(1022) Concurrent evacuation 0,110ms
[2021-04-30T09:23:34.746+0300][45,595s][info][gc] GC(1022) Pause Init Update Refs 0,004ms
[2021-04-30T09:23:34.757+0300][45,607s][info][gc] GC(1022) Concurrent update references 11,842ms
[2021-04-30T09:23:34.758+0300][45,607s][info][gc] GC(1022) Pause Final Update Refs 0,173ms
[2021-04-30T09:23:34.758+0300][45,607s][info][gc] GC(1022) Concurrent cleanup 116M->106M(128M) 0,056ms
[2021-04-30T09:23:34.759+0300][45,609s][info][gc] Trigger: Average GC time (25,29 ms) is above the time for allocation rate (348 MB/s) to deplete free headroom (8141K)
[2021-04-30T09:23:34.759+0300][45,609s][info][gc] GC(1023) Concurrent reset 0,246ms
[2021-04-30T09:23:34.760+0300][45,609s][info][gc] GC(1023) Pause Init Mark 0,270ms
[2021-04-30T09:23:34.773+0300][45,623s][info][gc] GC(1023) Concurrent marking 13,400ms
[2021-04-30T09:23:34.774+0300][45,623s][info][gc] GC(1023) Pause Final Mark 0,420ms
[2021-04-30T09:23:34.774+0300][45,624s][info][gc] GC(1023) Concurrent cleanup 109M->109M(128M) 0,039ms
[2021-04-30T09:23:34.774+0300][45,624s][info][gc] GC(1023) Concurrent evacuation 0,101ms
[2021-04-30T09:23:34.774+0300][45,624s][info][gc] GC(1023) Pause Init Update Refs 0,004ms
[2021-04-30T09:23:34.782+0300][45,631s][info][gc] GC(1023) Concurrent update references 7,448ms
[2021-04-30T09:23:34.782+0300][45,632s][info][gc] GC(1023) Pause Final Update Refs 0,135ms
[2021-04-30T09:23:34.782+0300][45,632s][info][gc] GC(1023) Concurrent cleanup 114M->104M(128M) 0,065ms
[2021-04-30T09:23:34.788+0300][45,637s][info][gc] Trigger: Average GC time (24,85 ms) is above the time for allocation rate (337 MB/s) to deplete free headroom (7952K)
[2021-04-30T09:23:34.788+0300][45,638s][info][gc] GC(1024) Concurrent reset 0,160ms
[2021-04-30T09:23:34.789+0300][45,638s][info][gc] GC(1024) Pause Init Mark 0,138ms
[2021-04-30T09:23:34.801+0300][45,650s][info][gc] GC(1024) Concurrent marking 12,365ms
[2021-04-30T09:23:34.801+0300][45,651s][info][gc] GC(1024) Pause Final Mark 0,359ms
[2021-04-30T09:23:34.802+0300][45,651s][info][gc] GC(1024) Concurrent cleanup 109M->109M(128M) 0,039ms
[2021-04-30T09:23:34.802+0300][45,651s][info][gc] GC(1024) Concurrent evacuation 0,098ms
[2021-04-30T09:23:34.802+0300][45,651s][info][gc] GC(1024) Pause Init Update Refs 0,005ms
[2021-04-30T09:23:34.809+0300][45,659s][info][gc] GC(1024) Concurrent update references 7,229ms
[2021-04-30T09:23:34.809+0300][45,659s][info][gc] GC(1024) Pause Final Update Refs 0,061ms
[2021-04-30T09:23:34.809+0300][45,659s][info][gc] GC(1024) Concurrent cleanup 113M->103M(128M) 0,041ms
[2021-04-30T09:23:34.814+0300][45,663s][info][gc] Trigger: Average GC time (24,03 ms) is above the time for allocation rate (349 MB/s) to deplete free headroom (8466K)
[2021-04-30T09:23:34.814+0300][45,663s][info][gc] GC(1025) Concurrent reset 0,123ms
[2021-04-30T09:23:34.814+0300][45,664s][info][gc] GC(1025) Pause Init Mark (process weakrefs) 0,155ms
[2021-04-30T09:23:34.826+0300][45,676s][info][gc] GC(1025) Concurrent marking (process weakrefs) 11,923ms
[2021-04-30T09:23:34.827+0300][45,676s][info][gc] GC(1025) Concurrent precleaning 0,108ms
[2021-04-30T09:23:34.827+0300][45,677s][info][gc] GC(1025) Pause Final Mark (process weakrefs) 0,540ms
[2021-04-30T09:23:34.827+0300][45,677s][info][gc] GC(1025) Concurrent cleanup 108M->108M(128M) 0,040ms
[2021-04-30T09:23:34.828+0300][45,677s][info][gc] GC(1025) Concurrent evacuation 0,128ms
[2021-04-30T09:23:34.828+0300][45,677s][info][gc] GC(1025) Pause Init Update Refs 0,004ms
[2021-04-30T09:23:34.835+0300][45,684s][info][gc] GC(1025) Concurrent update references 7,179ms
[2021-04-30T09:23:34.835+0300][45,685s][info][gc] GC(1025) Pause Final Update Refs 0,095ms
[2021-04-30T09:23:34.835+0300][45,685s][info][gc] GC(1025) Concurrent cleanup 112M->103M(128M) 0,040ms
[2021-04-30T09:23:34.840+0300][45,689s][info][gc] Trigger: Average GC time (23,49 ms) is above the time for allocation rate (357 MB/s) to deplete free headroom (8208K)
[2021-04-30T09:23:34.840+0300][45,689s][info][gc] GC(1026) Concurrent reset 0,121ms
[2021-04-30T09:23:34.840+0300][45,690s][info][gc] GC(1026) Pause Init Mark 0,238ms
[2021-04-30T09:23:34.853+0300][45,702s][info][gc] GC(1026) Concurrent marking 12,430ms
[2021-04-30T09:23:34.853+0300][45,703s][info][gc] GC(1026) Pause Final Mark 0,352ms
[2021-04-30T09:23:34.854+0300][45,703s][info][gc] GC(1026) Concurrent cleanup 108M->108M(128M) 0,039ms
[2021-04-30T09:23:34.854+0300][45,703s][info][gc] GC(1026) Concurrent evacuation 0,123ms
[2021-04-30T09:23:34.854+0300][45,703s][info][gc] GC(1026) Pause Init Update Refs 0,005ms
[2021-04-30T09:23:34.861+0300][45,710s][info][gc] GC(1026) Concurrent update references 6,905ms
[2021-04-30T09:23:34.861+0300][45,711s][info][gc] GC(1026) Pause Final Update Refs 0,075ms
[2021-04-30T09:23:34.861+0300][45,711s][info][gc] GC(1026) Concurrent cleanup 113M->104M(128M) 0,040ms
[2021-04-30T09:23:34.867+0300][45,716s][info][gc] Trigger: Average GC time (23,07 ms) is above the time for allocation rate (353 MB/s) to deplete free headroom (7440K)
[2021-04-30T09:23:34.867+0300][45,716s][info][gc] GC(1027) Concurrent reset 0,119ms
[2021-04-30T09:23:34.867+0300][45,717s][info][gc] GC(1027) Pause Init Mark 0,146ms
[2021-04-30T09:23:34.879+0300][45,729s][info][gc] GC(1027) Concurrent marking 11,798ms
[2021-04-30T09:23:34.880+0300][45,729s][info][gc] GC(1027) Pause Final Mark 0,507ms
[2021-04-30T09:23:34.880+0300][45,729s][info][gc] GC(1027) Concurrent cleanup 109M->109M(128M) 0,038ms
[2021-04-30T09:23:34.880+0300][45,730s][info][gc] GC(1027) Concurrent evacuation 0,103ms
[2021-04-30T09:23:34.880+0300][45,730s][info][gc] GC(1027) Pause Init Update Refs 0,021ms
[2021-04-30T09:23:34.888+0300][45,738s][info][gc] GC(1027) Concurrent update references 7,895ms
[2021-04-30T09:23:34.889+0300][45,738s][info][gc] GC(1027) Pause Final Update Refs 0,096ms
[2021-04-30T09:23:34.889+0300][45,738s][info][gc] GC(1027) Concurrent cleanup 113M->103M(128M) 0,041ms
[2021-04-30T09:23:34.895+0300][45,745s][info][gc] Trigger: Average GC time (21,96 ms) is above the time for allocation rate (359 MB/s) to deplete free headroom (6739K)
[2021-04-30T09:23:34.895+0300][45,745s][info][gc] GC(1028) Concurrent reset 0,126ms
[2021-04-30T09:23:34.896+0300][45,745s][info][gc] GC(1028) Pause Init Mark 0,158ms
[2021-04-30T09:23:34.910+0300][45,759s][info][gc] GC(1028) Concurrent marking 13,751ms
[2021-04-30T09:23:34.910+0300][45,760s][info][gc] GC(1028) Pause Final Mark 0,319ms
[2021-04-30T09:23:34.910+0300][45,760s][info][gc] GC(1028) Concurrent cleanup 109M->109M(128M) 0,042ms
[2021-04-30T09:23:34.911+0300][45,760s][info][gc] GC(1028) Concurrent evacuation 0,110ms
[2021-04-30T09:23:34.911+0300][45,760s][info][gc] GC(1028) Pause Init Update Refs 0,004ms
[2021-04-30T09:23:34.923+0300][45,773s][info][gc] GC(1028) Concurrent update references 12,241ms
[2021-04-30T09:23:34.924+0300][45,773s][info][gc] GC(1028) Pause Final Update Refs 0,068ms
[2021-04-30T09:23:34.924+0300][45,773s][info][gc] GC(1028) Concurrent cleanup 116M->106M(128M) 0,043ms
[2021-04-30T09:23:34.926+0300][45,775s][info][gc] Trigger: Average GC time (22,98 ms) is above the time for allocation rate (318 MB/s) to deplete free headroom (7061K)
[2021-04-30T09:23:34.926+0300][45,776s][info][gc] GC(1029) Concurrent reset 0,157ms
[2021-04-30T09:23:34.927+0300][45,776s][info][gc] GC(1029) Pause Init Mark 0,145ms
[2021-04-30T09:23:34.943+0300][45,792s][info][gc] GC(1029) Concurrent marking 16,122ms
[2021-04-30T09:23:34.943+0300][45,793s][info][gc] GC(1029) Pause Final Mark 0,318ms
[2021-04-30T09:23:34.943+0300][45,793s][info][gc] GC(1029) Concurrent cleanup 109M->109M(128M) 0,039ms
[2021-04-30T09:23:34.943+0300][45,793s][info][gc] GC(1029) Concurrent evacuation 0,098ms
[2021-04-30T09:23:34.943+0300][45,793s][info][gc] GC(1029) Pause Init Update Refs 0,004ms
[2021-04-30T09:23:34.953+0300][45,803s][info][gc] GC(1029) Concurrent update references 9,912ms
[2021-04-30T09:23:34.954+0300][45,803s][info][gc] GC(1029) Pause Final Update Refs 0,085ms
[2021-04-30T09:23:34.954+0300][45,803s][info][gc] GC(1029) Concurrent cleanup 114M->104M(128M) 0,044ms
[2021-04-30T09:23:34.961+0300][45,811s][info][gc] Trigger: Average GC time (24,26 ms) is above the time for allocation rate (284 MB/s) to deplete free headroom (6616K)
[2021-04-30T09:23:34.961+0300][45,811s][info][gc] GC(1030) Concurrent reset 0,132ms
[2021-04-30T09:23:34.962+0300][45,811s][info][gc] GC(1030) Pause Init Mark (process weakrefs) 0,203ms
[2021-04-30T09:23:34.978+0300][45,828s][info][gc] GC(1030) Concurrent marking (process weakrefs) 16,288ms
[2021-04-30T09:23:34.978+0300][45,828s][info][gc] GC(1030) Concurrent precleaning 0,143ms
[2021-04-30T09:23:34.979+0300][45,828s][info][gc] GC(1030) Pause Final Mark (process weakrefs) 0,382ms
[2021-04-30T09:23:34.979+0300][45,828s][info][gc] GC(1030) Concurrent cleanup 110M->110M(128M) 0,038ms
[2021-04-30T09:23:34.979+0300][45,828s][info][gc] GC(1030) Concurrent evacuation 0,100ms
[2021-04-30T09:23:34.979+0300][45,829s][info][gc] GC(1030) Pause Init Update Refs 0,005ms
[2021-04-30T09:23:34.989+0300][45,838s][info][gc] GC(1030) Concurrent update references 9,453ms
[2021-04-30T09:23:34.989+0300][45,838s][info][gc] GC(1030) Pause Final Update Refs 0,117ms
[2021-04-30T09:23:34.989+0300][45,838s][info][gc] GC(1030) Concurrent cleanup 111M->101M(128M) 0,043ms
[2021-04-30T09:23:35.003+0300][45,852s][info][gc] Trigger: Free (12403K) is below minimum threshold (13107K)
[2021-04-30T09:23:35.003+0300][45,853s][info][gc] GC(1031) Concurrent reset 0,149ms
[2021-04-30T09:23:35.004+0300][45,853s][info][gc] GC(1031) Pause Init Mark 0,185ms
[2021-04-30T09:23:35.017+0300][45,866s][info][gc] GC(1031) Concurrent marking 13,075ms
[2021-04-30T09:23:35.017+0300][45,867s][info][gc] GC(1031) Pause Final Mark 0,332ms
[2021-04-30T09:23:35.017+0300][45,867s][info][gc] GC(1031) Concurrent cleanup 111M->111M(128M) 0,038ms
[2021-04-30T09:23:35.018+0300][45,867s][info][gc] GC(1031) Concurrent evacuation 0,306ms
[2021-04-30T09:23:35.018+0300][45,867s][info][gc] GC(1031) Pause Init Update Refs 0,005ms
[2021-04-30T09:23:35.026+0300][45,875s][info][gc] GC(1031) Concurrent update references 8,156ms
[2021-04-30T09:23:35.026+0300][45,876s][info][gc] GC(1031) Pause Final Update Refs 0,124ms
[2021-04-30T09:23:35.026+0300][45,876s][info][gc] GC(1031) Concurrent cleanup 116M->105M(128M) 0,041ms
[2021-04-30T09:23:35.030+0300][45,879s][info][gc] Trigger: Average GC time (25,91 ms) is above the time for allocation rate (329 MB/s) to deplete free headroom (7640K)
[2021-04-30T09:23:35.030+0300][45,879s][info][gc] GC(1032) Concurrent reset 0,189ms
[2021-04-30T09:23:35.030+0300][45,880s][info][gc] GC(1032) Pause Init Mark 0,178ms
[2021-04-30T09:23:35.049+0300][45,898s][info][gc] GC(1032) Concurrent marking 18,300ms
[2021-04-30T09:23:35.049+0300][45,899s][info][gc] GC(1032) Pause Final Mark 0,400ms
[2021-04-30T09:23:35.049+0300][45,899s][info][gc] GC(1032) Concurrent cleanup 109M->109M(128M) 0,039ms
[2021-04-30T09:23:35.049+0300][45,899s][info][gc] GC(1032) Concurrent evacuation 0,134ms
[2021-04-30T09:23:35.049+0300][45,899s][info][gc] GC(1032) Pause Init Update Refs 0,004ms
[2021-04-30T09:23:35.057+0300][45,906s][info][gc] GC(1032) Concurrent update references 7,533ms
[2021-04-30T09:23:35.057+0300][45,907s][info][gc] GC(1032) Pause Final Update Refs 0,062ms
[2021-04-30T09:23:35.057+0300][45,907s][info][gc] GC(1032) Concurrent cleanup 111M->103M(128M) 0,042ms
[2021-04-30T09:23:35.067+0300][45,916s][info][gc] Trigger: Free (12913K) is below minimum threshold (13107K)
[2021-04-30T09:23:35.067+0300][45,917s][info][gc] GC(1033) Concurrent reset 0,159ms
[2021-04-30T09:23:35.068+0300][45,917s][info][gc] GC(1033) Pause Init Mark 0,158ms
[2021-04-30T09:23:35.080+0300][45,930s][info][gc] GC(1033) Concurrent marking 12,340ms
[2021-04-30T09:23:35.081+0300][45,930s][info][gc] GC(1033) Pause Final Mark 0,443ms
[2021-04-30T09:23:35.081+0300][45,930s][info][gc] GC(1033) Concurrent cleanup 110M->110M(128M) 0,038ms
[2021-04-30T09:23:35.081+0300][45,931s][info][gc] GC(1033) Concurrent evacuation 0,155ms
[2021-04-30T09:23:35.081+0300][45,931s][info][gc] GC(1033) Pause Init Update Refs 0,020ms
[2021-04-30T09:23:35.088+0300][45,938s][info][gc] GC(1033) Concurrent update references 6,904ms
[2021-04-30T09:23:35.089+0300][45,938s][info][gc] GC(1033) Pause Final Update Refs 0,094ms
[2021-04-30T09:23:35.089+0300][45,938s][info][gc] GC(1033) Concurrent cleanup 114M->105M(128M) 0,040ms
[2021-04-30T09:23:35.091+0300][45,941s][info][gc] Trigger: Average GC time (25,70 ms) is above the time for allocation rate (322 MB/s) to deplete free headroom (8154K)
[2021-04-30T09:23:35.091+0300][45,941s][info][gc] GC(1034) Concurrent reset 0,191ms
[2021-04-30T09:23:35.092+0300][45,941s][info][gc] GC(1034) Pause Init Mark 0,153ms
[2021-04-30T09:23:35.105+0300][45,954s][info][gc] GC(1034) Concurrent marking 12,617ms
[2021-04-30T09:23:35.105+0300][45,954s][info][gc] GC(1034) Pause Final Mark 0,371ms
[2021-04-30T09:23:35.105+0300][45,955s][info][gc] GC(1034) Concurrent cleanup 108M->108M(128M) 0,042ms
[2021-04-30T09:23:35.105+0300][45,955s][info][gc] GC(1034) Concurrent evacuation 0,113ms
[2021-04-30T09:23:35.105+0300][45,955s][info][gc] GC(1034) Pause Init Update Refs 0,005ms
[2021-04-30T09:23:35.113+0300][45,962s][info][gc] GC(1034) Concurrent update references 7,338ms
[2021-04-30T09:23:35.113+0300][45,962s][info][gc] GC(1034) Pause Final Update Refs 0,085ms
[2021-04-30T09:23:35.113+0300][45,962s][info][gc] GC(1034) Concurrent cleanup 113M->105M(128M) 0,042ms
[2021-04-30T09:23:35.117+0300][45,967s][info][gc] Trigger: Average GC time (24,54 ms) is above the time for allocation rate (324 MB/s) to deplete free headroom (7452K)
[2021-04-30T09:23:35.118+0300][45,967s][info][gc] GC(1035) Concurrent reset 0,151ms
[2021-04-30T09:23:35.118+0300][45,967s][info][gc] GC(1035) Pause Init Mark (process weakrefs) 0,157ms
[2021-04-30T09:23:35.131+0300][45,981s][info][gc] GC(1035) Concurrent marking (process weakrefs) 13,026ms
[2021-04-30T09:23:35.131+0300][45,981s][info][gc] GC(1035) Concurrent precleaning 0,116ms
[2021-04-30T09:23:35.132+0300][45,982s][info][gc] GC(1035) Pause Final Mark (process weakrefs) 0,851ms
[2021-04-30T09:23:35.132+0300][45,982s][info][gc] GC(1035) Concurrent cleanup 109M->109M(128M) 0,086ms
[2021-04-30T09:23:35.133+0300][45,982s][info][gc] GC(1035) Concurrent evacuation 0,155ms
[2021-04-30T09:23:35.133+0300][45,982s][info][gc] GC(1035) Pause Init Update Refs 0,008ms
[2021-04-30T09:23:35.142+0300][45,991s][info][gc] GC(1035) Concurrent update references 8,986ms
[2021-04-30T09:23:35.142+0300][45,992s][info][gc] GC(1035) Pause Final Update Refs 0,097ms
[2021-04-30T09:23:35.142+0300][45,992s][info][gc] GC(1035) Concurrent cleanup 113M->104M(128M) 0,043ms
[2021-04-30T09:23:35.150+0300][45,999s][info][gc] Trigger: Free (13048K) is below minimum threshold (13107K)
[2021-04-30T09:23:35.150+0300][46,000s][info][gc] GC(1036) Concurrent reset 0,158ms
[2021-04-30T09:23:35.151+0300][46,000s][info][gc] GC(1036) Pause Init Mark 0,152ms
[2021-04-30T09:23:35.169+0300][46,019s][info][gc] GC(1036) Concurrent marking 18,745ms
[2021-04-30T09:23:35.170+0300][46,019s][info][gc] GC(1036) Pause Final Mark 0,449ms
[2021-04-30T09:23:35.170+0300][46,020s][info][gc] GC(1036) Concurrent cleanup 110M->110M(128M) 0,062ms
[2021-04-30T09:23:35.171+0300][46,020s][info][gc] GC(1036) Concurrent evacuation 0,312ms
[2021-04-30T09:23:35.171+0300][46,020s][info][gc] GC(1036) Pause Init Update Refs 0,004ms
[2021-04-30T09:23:35.179+0300][46,028s][info][gc] GC(1036) Concurrent update references 7,883ms
[2021-04-30T09:23:35.179+0300][46,028s][info][gc] GC(1036) Pause Final Update Refs 0,123ms
[2021-04-30T09:23:35.179+0300][46,029s][info][gc] GC(1036) Concurrent cleanup 112M->102M(128M) 0,040ms
[2021-04-30T09:23:35.191+0300][46,040s][info][gc] Trigger: Free (12538K) is below minimum threshold (13107K)
[2021-04-30T09:23:35.191+0300][46,040s][info][gc] GC(1037) Concurrent reset 0,165ms
[2021-04-30T09:23:35.191+0300][46,041s][info][gc] GC(1037) Pause Init Mark 0,152ms
[2021-04-30T09:23:35.211+0300][46,060s][info][gc] GC(1037) Concurrent marking 19,460ms
[2021-04-30T09:23:35.211+0300][46,061s][info][gc] GC(1037) Pause Final Mark 0,300ms
[2021-04-30T09:23:35.211+0300][46,061s][info][gc] GC(1037) Concurrent cleanup 110M->110M(128M) 0,038ms
[2021-04-30T09:23:35.212+0300][46,061s][info][gc] GC(1037) Concurrent evacuation 0,228ms
[2021-04-30T09:23:35.212+0300][46,061s][info][gc] GC(1037) Pause Init Update Refs 0,004ms
[2021-04-30T09:23:35.220+0300][46,069s][info][gc] GC(1037) Concurrent update references 7,780ms
[2021-04-30T09:23:35.220+0300][46,069s][info][gc] GC(1037) Pause Final Update Refs 0,067ms
[2021-04-30T09:23:35.220+0300][46,069s][info][gc] GC(1037) Concurrent cleanup 112M->102M(128M) 0,043ms
[2021-04-30T09:23:35.230+0300][46,079s][info][gc] Trigger: Free (13048K) is below minimum threshold (13107K)
[2021-04-30T09:23:35.230+0300][46,079s][info][gc] GC(1038) Concurrent reset 0,238ms
[2021-04-30T09:23:35.230+0300][46,080s][info][gc] GC(1038) Pause Init Mark 0,222ms
[2021-04-30T09:23:35.244+0300][46,093s][info][gc] GC(1038) Concurrent marking 13,294ms
[2021-04-30T09:23:35.244+0300][46,094s][info][gc] GC(1038) Pause Final Mark 0,334ms
[2021-04-30T09:23:35.244+0300][46,094s][info][gc] GC(1038) Concurrent cleanup 110M->110M(128M) 0,038ms
[2021-04-30T09:23:35.245+0300][46,094s][info][gc] GC(1038) Concurrent evacuation 0,159ms
[2021-04-30T09:23:35.245+0300][46,094s][info][gc] GC(1038) Pause Init Update Refs 0,005ms
[2021-04-30T09:23:35.254+0300][46,103s][info][gc] GC(1038) Concurrent update references 8,806ms
[2021-04-30T09:23:35.254+0300][46,103s][info][gc] GC(1038) Pause Final Update Refs 0,184ms
[2021-04-30T09:23:35.254+0300][46,104s][info][gc] GC(1038) Concurrent cleanup 114M->105M(128M) 0,050ms
[2021-04-30T09:23:35.260+0300][46,109s][info][gc] Trigger: Free (13048K) is below minimum threshold (13107K)
[2021-04-30T09:23:35.260+0300][46,109s][info][gc] GC(1039) Concurrent reset 0,163ms
[2021-04-30T09:23:35.260+0300][46,110s][info][gc] GC(1039) Pause Init Mark 0,227ms
[2021-04-30T09:23:35.273+0300][46,122s][info][gc] GC(1039) Concurrent marking 12,740ms
[2021-04-30T09:23:35.274+0300][46,123s][info][gc] GC(1039) Pause Final Mark 0,499ms
[2021-04-30T09:23:35.274+0300][46,123s][info][gc] GC(1039) Concurrent cleanup 110M->110M(128M) 0,037ms
[2021-04-30T09:23:35.274+0300][46,124s][info][gc] GC(1039) Concurrent evacuation 0,100ms
[2021-04-30T09:23:35.274+0300][46,124s][info][gc] GC(1039) Pause Init Update Refs 0,021ms
[2021-04-30T09:23:35.283+0300][46,132s][info][gc] GC(1039) Concurrent update references 8,556ms
[2021-04-30T09:23:35.283+0300][46,133s][info][gc] GC(1039) Pause Final Update Refs 0,177ms
[2021-04-30T09:23:35.284+0300][46,133s][info][gc] GC(1039) Concurrent cleanup 113M->105M(128M) 0,053ms
[2021-04-30T09:23:35.288+0300][46,137s][info][gc] Trigger: Average GC time (26,28 ms) is above the time for allocation rate (272 MB/s) to deplete free headroom (7265K)
[2021-04-30T09:23:35.288+0300][46,138s][info][gc] GC(1040) Concurrent reset 0,190ms
[2021-04-30T09:23:35.289+0300][46,138s][info][gc] GC(1040) Pause Init Mark (process weakrefs) 0,284ms
[2021-04-30T09:23:35.302+0300][46,151s][info][gc] GC(1040) Concurrent marking (process weakrefs) 12,982ms
[2021-04-30T09:23:35.302+0300][46,151s][info][gc] GC(1040) Concurrent precleaning 0,109ms
[2021-04-30T09:23:35.303+0300][46,152s][info][gc] GC(1040) Pause Final Mark (process weakrefs) 0,440ms
[2021-04-30T09:23:35.303+0300][46,152s][info][gc] GC(1040) Concurrent cleanup 109M->109M(128M) 0,041ms
[2021-04-30T09:23:35.303+0300][46,152s][info][gc] GC(1040) Concurrent evacuation 0,139ms
[2021-04-30T09:23:35.303+0300][46,152s][info][gc] GC(1040) Pause Init Update Refs 0,004ms
[2021-04-30T09:23:35.310+0300][46,160s][info][gc] GC(1040) Concurrent update references 7,315ms
[2021-04-30T09:23:35.311+0300][46,160s][info][gc] GC(1040) Pause Final Update Refs 0,067ms
[2021-04-30T09:23:35.311+0300][46,160s][info][gc] GC(1040) Concurrent cleanup 114M->106M(128M) 0,040ms
[2021-04-30T09:23:35.314+0300][46,163s][info][gc] Trigger: Average GC time (25,84 ms) is above the time for allocation rate (309 MB/s) to deplete free headroom (6751K)
[2021-04-30T09:23:35.314+0300][46,164s][info][gc] GC(1041) Concurrent reset 0,147ms
[2021-04-30T09:23:35.315+0300][46,164s][info][gc] GC(1041) Pause Init Mark 0,206ms
[2021-04-30T09:23:35.327+0300][46,176s][info][gc] GC(1041) Concurrent marking 12,360ms
[2021-04-30T09:23:35.328+0300][46,177s][info][gc] GC(1041) Pause Final Mark 0,503ms
[2021-04-30T09:23:35.328+0300][46,177s][info][gc] GC(1041) Concurrent cleanup 109M->109M(128M) 0,036ms
[2021-04-30T09:23:35.328+0300][46,177s][info][gc] GC(1041) Concurrent evacuation 0,099ms
[2021-04-30T09:23:35.328+0300][46,177s][info][gc] GC(1041) Pause Init Update Refs 0,004ms
[2021-04-30T09:23:35.335+0300][46,185s][info][gc] GC(1041) Concurrent update references 7,266ms
[2021-04-30T09:23:35.336+0300][46,185s][info][gc] GC(1041) Pause Final Update Refs 0,187ms
[2021-04-30T09:23:35.336+0300][46,185s][info][gc] GC(1041) Concurrent cleanup 113M->106M(128M) 0,040ms
[2021-04-30T09:23:35.338+0300][46,187s][info][gc] Trigger: Average GC time (24,38 ms) is above the time for allocation rate (303 MB/s) to deplete free headroom (7265K)
[2021-04-30T09:23:35.338+0300][46,188s][info][gc] GC(1042) Concurrent reset 0,130ms
[2021-04-30T09:23:35.338+0300][46,188s][info][gc] GC(1042) Pause Init Mark 0,133ms
[2021-04-30T09:23:35.350+0300][46,200s][info][gc] GC(1042) Concurrent marking 11,742ms
[2021-04-30T09:23:35.351+0300][46,200s][info][gc] GC(1042) Pause Final Mark 0,408ms
[2021-04-30T09:23:35.351+0300][46,200s][info][gc] GC(1042) Concurrent cleanup 109M->109M(128M) 0,037ms
[2021-04-30T09:23:35.351+0300][46,200s][info][gc] GC(1042) Concurrent evacuation 0,123ms
[2021-04-30T09:23:35.351+0300][46,200s][info][gc] GC(1042) Pause Init Update Refs 0,004ms
[2021-04-30T09:23:35.363+0300][46,212s][info][gc] GC(1042) Concurrent update references 12,023ms
[2021-04-30T09:23:35.363+0300][46,213s][info][gc] GC(1042) Pause Final Update Refs 0,064ms
[2021-04-30T09:23:35.363+0300][46,213s][info][gc] GC(1042) Concurrent cleanup 117M->109M(128M) 0,041ms
[2021-04-30T09:23:35.365+0300][46,214s][info][gc] Trigger: Free (10744K) is below minimum threshold (13107K)
[2021-04-30T09:23:35.365+0300][46,214s][info][gc] GC(1043) Concurrent reset 0,191ms
[2021-04-30T09:23:35.365+0300][46,214s][info][gc] GC(1043) Pause Init Mark 0,138ms
[2021-04-30T09:23:35.382+0300][46,231s][info][gc] GC(1043) Concurrent marking 16,705ms
[2021-04-30T09:23:35.383+0300][46,232s][info][gc] GC(1043) Pause Final Mark 0,520ms
[2021-04-30T09:23:35.383+0300][46,232s][info][gc] GC(1043) Concurrent cleanup 112M->112M(128M) 0,053ms
[2021-04-30T09:23:35.383+0300][46,232s][info][gc] GC(1043) Concurrent evacuation 0,193ms
[2021-04-30T09:23:35.383+0300][46,232s][info][gc] GC(1043) Pause Init Update Refs 0,005ms
[2021-04-30T09:23:35.390+0300][46,239s][info][gc] GC(1043) Concurrent update references 6,942ms
[2021-04-30T09:23:35.390+0300][46,240s][info][gc] GC(1043) Pause Final Update Refs 0,169ms
[2021-04-30T09:23:35.391+0300][46,240s][info][gc] GC(1043) Concurrent cleanup 113M->102M(128M) 0,057ms
[2021-04-30T09:23:35.400+0300][46,250s][info][gc] Trigger: Free (13071K) is below minimum threshold (13107K)
[2021-04-30T09:23:35.401+0300][46,250s][info][gc] GC(1044) Concurrent reset 0,191ms
[2021-04-30T09:23:35.401+0300][46,250s][info][gc] GC(1044) Pause Init Mark 0,158ms
[2021-04-30T09:23:35.419+0300][46,268s][info][gc] GC(1044) Concurrent marking 17,814ms
[2021-04-30T09:23:35.419+0300][46,269s][info][gc] GC(1044) Pause Final Mark 0,327ms
[2021-04-30T09:23:35.419+0300][46,269s][info][gc] GC(1044) Concurrent cleanup 110M->110M(128M) 0,038ms
[2021-04-30T09:23:35.420+0300][46,269s][info][gc] GC(1044) Concurrent evacuation 0,217ms
[2021-04-30T09:23:35.420+0300][46,269s][info][gc] GC(1044) Pause Init Update Refs 0,021ms
[2021-04-30T09:23:35.427+0300][46,276s][info][gc] GC(1044) Concurrent update references 6,995ms
[2021-04-30T09:23:35.427+0300][46,277s][info][gc] GC(1044) Pause Final Update Refs 0,080ms
[2021-04-30T09:23:35.427+0300][46,277s][info][gc] GC(1044) Concurrent cleanup 115M->107M(128M) 0,041ms
[2021-04-30T09:23:35.432+0300][46,281s][info][gc] Trigger: Free (12280K) is below minimum threshold (13107K)
[2021-04-30T09:23:35.432+0300][46,282s][info][gc] GC(1045) Concurrent reset 0,216ms
[2021-04-30T09:23:35.433+0300][46,282s][info][gc] GC(1045) Pause Init Mark (process weakrefs) 0,189ms
[2021-04-30T09:23:35.446+0300][46,295s][info][gc] GC(1045) Concurrent marking (process weakrefs) 13,106ms
[2021-04-30T09:23:35.446+0300][46,295s][info][gc] GC(1045) Concurrent precleaning 0,111ms
[2021-04-30T09:23:35.447+0300][46,296s][info][gc] GC(1045) Pause Final Mark (process weakrefs) 0,528ms
[2021-04-30T09:23:35.447+0300][46,296s][info][gc] GC(1045) Concurrent cleanup 110M->111M(128M) 0,042ms
[2021-04-30T09:23:35.447+0300][46,296s][info][gc] GC(1045) Concurrent evacuation 0,277ms
[2021-04-30T09:23:35.447+0300][46,297s][info][gc] GC(1045) Pause Init Update Refs 0,005ms
[2021-04-30T09:23:35.460+0300][46,309s][info][gc] GC(1045) Concurrent update references 12,287ms
[2021-04-30T09:23:35.460+0300][46,309s][info][gc] GC(1045) Pause Final Update Refs 0,128ms
[2021-04-30T09:23:35.460+0300][46,309s][info][gc] GC(1045) Concurrent cleanup 115M->107M(128M) 0,039ms
[2021-04-30T09:23:35.462+0300][46,312s][info][gc] Trigger: Free (12792K) is below minimum threshold (13107K)
[2021-04-30T09:23:35.462+0300][46,312s][info][gc] GC(1046) Concurrent reset 0,123ms
[2021-04-30T09:23:35.463+0300][46,312s][info][gc] GC(1046) Pause Init Mark 0,222ms
[2021-04-30T09:23:35.483+0300][46,332s][info][gc] GC(1046) Concurrent marking 19,837ms
[2021-04-30T09:23:35.483+0300][46,333s][info][gc] GC(1046) Pause Final Mark 0,312ms
[2021-04-30T09:23:35.483+0300][46,333s][info][gc] GC(1046) Concurrent cleanup 110M->110M(128M) 0,037ms
[2021-04-30T09:23:35.483+0300][46,333s][info][gc] GC(1046) Concurrent evacuation 0,135ms
[2021-04-30T09:23:35.483+0300][46,333s][info][gc] GC(1046) Pause Init Update Refs 0,005ms
[2021-04-30T09:23:35.492+0300][46,342s][info][gc] GC(1046) Concurrent update references 8,925ms
[2021-04-30T09:23:35.493+0300][46,342s][info][gc] GC(1046) Pause Final Update Refs 0,070ms
[2021-04-30T09:23:35.493+0300][46,342s][info][gc] GC(1046) Concurrent cleanup 112M->105M(128M) 0,041ms
[2021-04-30T09:23:35.504+0300][46,353s][info][gc] Trigger: Free (12859K) is below minimum threshold (13107K)
[2021-04-30T09:23:35.504+0300][46,353s][info][gc] GC(1047) Concurrent reset 0,129ms
[2021-04-30T09:23:35.504+0300][46,354s][info][gc] GC(1047) Pause Init Mark 0,171ms
[2021-04-30T09:23:35.518+0300][46,367s][info][gc] GC(1047) Concurrent marking 13,407ms
[2021-04-30T09:23:35.518+0300][46,368s][info][gc] GC(1047) Pause Final Mark 0,357ms
[2021-04-30T09:23:35.518+0300][46,368s][info][gc] GC(1047) Concurrent cleanup 110M->110M(128M) 0,042ms
[2021-04-30T09:23:35.518+0300][46,368s][info][gc] GC(1047) Concurrent evacuation 0,108ms
[2021-04-30T09:23:35.519+0300][46,368s][info][gc] GC(1047) Pause Init Update Refs 0,005ms
[2021-04-30T09:23:35.529+0300][46,378s][info][gc] GC(1047) Concurrent update references 10,349ms
[2021-04-30T09:23:35.529+0300][46,379s][info][gc] GC(1047) Pause Final Update Refs 0,084ms
[2021-04-30T09:23:35.529+0300][46,379s][info][gc] GC(1047) Concurrent cleanup 115M->107M(128M) 0,042ms
[2021-04-30T09:23:35.530+0300][46,380s][info][gc] Trigger: Average GC time (27,48 ms) is above the time for allocation rate (270 MB/s) to deplete free headroom (6628K)
[2021-04-30T09:23:35.531+0300][46,380s][info][gc] GC(1048) Concurrent reset 0,106ms
[2021-04-30T09:23:35.531+0300][46,380s][info][gc] GC(1048) Pause Init Mark 0,136ms
[2021-04-30T09:23:35.545+0300][46,394s][info][gc] GC(1048) Concurrent marking 13,815ms
[2021-04-30T09:23:35.545+0300][46,395s][info][gc] GC(1048) Pause Final Mark 0,357ms
[2021-04-30T09:23:35.545+0300][46,395s][info][gc] GC(1048) Concurrent cleanup 110M->110M(128M) 0,040ms
[2021-04-30T09:23:35.545+0300][46,395s][info][gc] GC(1048) Concurrent evacuation 0,120ms
[2021-04-30T09:23:35.546+0300][46,395s][info][gc] GC(1048) Pause Init Update Refs 0,005ms
[2021-04-30T09:23:35.553+0300][46,402s][info][gc] GC(1048) Concurrent update references 7,305ms
[2021-04-30T09:23:35.553+0300][46,403s][info][gc] GC(1048) Pause Final Update Refs 0,082ms
[2021-04-30T09:23:35.553+0300][46,403s][info][gc] GC(1048) Concurrent cleanup 113M->106M(128M) 0,040ms
[2021-04-30T09:23:35.560+0300][46,409s][info][gc] Trigger: Free (12603K) is below minimum threshold (13107K)
[2021-04-30T09:23:35.560+0300][46,410s][info][gc] GC(1049) Concurrent reset 0,182ms
[2021-04-30T09:23:35.561+0300][46,410s][info][gc] GC(1049) Pause Init Mark 0,238ms
[2021-04-30T09:23:35.574+0300][46,424s][info][gc] GC(1049) Concurrent marking 13,689ms
[2021-04-30T09:23:35.575+0300][46,424s][info][gc] GC(1049) Pause Final Mark 0,442ms
[2021-04-30T09:23:35.575+0300][46,424s][info][gc] GC(1049) Concurrent cleanup 110M->110M(128M) 0,039ms
[2021-04-30T09:23:35.575+0300][46,425s][info][gc] GC(1049) Concurrent evacuation 0,094ms
[2021-04-30T09:23:35.575+0300][46,425s][info][gc] GC(1049) Pause Init Update Refs 0,004ms
[2021-04-30T09:23:35.588+0300][46,437s][info][gc] GC(1049) Concurrent update references 12,432ms
[2021-04-30T09:23:35.588+0300][46,437s][info][gc] GC(1049) Pause Final Update Refs 0,068ms
[2021-04-30T09:23:35.588+0300][46,438s][info][gc] GC(1049) Concurrent cleanup 115M->107M(128M) 0,041ms
[2021-04-30T09:23:35.590+0300][46,440s][info][gc] Trigger: Free (12413K) is below minimum threshold (13107K)
[2021-04-30T09:23:35.591+0300][46,440s][info][gc] GC(1050) Concurrent reset 0,157ms
[2021-04-30T09:23:35.591+0300][46,440s][info][gc] GC(1050) Pause Init Mark (process weakrefs) 0,201ms
[2021-04-30T09:23:35.604+0300][46,454s][info][gc] GC(1050) Concurrent marking (process weakrefs) 13,094ms
[2021-04-30T09:23:35.604+0300][46,454s][info][gc] GC(1050) Concurrent precleaning 0,159ms
[2021-04-30T09:23:35.605+0300][46,454s][info][gc] GC(1050) Pause Final Mark (process weakrefs) 0,386ms
[2021-04-30T09:23:35.605+0300][46,454s][info][gc] GC(1050) Concurrent cleanup 111M->111M(128M) 0,040ms
[2021-04-30T09:23:35.605+0300][46,454s][info][gc] GC(1050) Concurrent evacuation 0,111ms
[2021-04-30T09:23:35.605+0300][46,455s][info][gc] GC(1050) Pause Init Update Refs 0,009ms
[2021-04-30T09:23:35.617+0300][46,466s][info][gc] GC(1050) Concurrent update references 11,257ms
[2021-04-30T09:23:35.617+0300][46,466s][info][gc] GC(1050) Pause Final Update Refs 0,071ms
[2021-04-30T09:23:35.617+0300][46,466s][info][gc] GC(1050) Concurrent cleanup 115M->107M(128M) 0,044ms
[2021-04-30T09:23:35.619+0300][46,469s][info][gc] Trigger: Free (12992K) is below minimum threshold (13107K)
[2021-04-30T09:23:35.619+0300][46,469s][info][gc] GC(1051) Concurrent reset 0,165ms
[2021-04-30T09:23:35.620+0300][46,469s][info][gc] GC(1051) Pause Init Mark 0,185ms
[2021-04-30T09:23:35.639+0300][46,488s][info][gc] GC(1051) Concurrent marking 19,254ms
[2021-04-30T09:23:35.639+0300][46,489s][info][gc] GC(1051) Pause Final Mark 0,283ms
[2021-04-30T09:23:35.639+0300][46,489s][info][gc] GC(1051) Concurrent cleanup 110M->110M(128M) 0,055ms
[2021-04-30T09:23:35.640+0300][46,489s][info][gc] GC(1051) Concurrent evacuation 0,103ms
[2021-04-30T09:23:35.640+0300][46,489s][info][gc] GC(1051) Pause Init Update Refs 0,004ms
[2021-04-30T09:23:35.648+0300][46,498s][info][gc] GC(1051) Concurrent update references 8,306ms
[2021-04-30T09:23:35.648+0300][46,498s][info][gc] GC(1051) Pause Final Update Refs 0,075ms
[2021-04-30T09:23:35.649+0300][46,498s][info][gc] GC(1051) Concurrent cleanup 113M->106M(128M) 0,048ms
[2021-04-30T09:23:35.653+0300][46,502s][info][gc] Trigger: Free (12413K) is below minimum threshold (13107K)
[2021-04-30T09:23:35.653+0300][46,503s][info][gc] GC(1052) Concurrent reset 0,198ms
[2021-04-30T09:23:35.654+0300][46,503s][info][gc] GC(1052) Pause Init Mark 0,182ms
[2021-04-30T09:23:35.668+0300][46,518s][info][gc] GC(1052) Concurrent marking 14,876ms
[2021-04-30T09:23:35.669+0300][46,519s][info][gc] GC(1052) Pause Final Mark 0,477ms
[2021-04-30T09:23:35.669+0300][46,519s][info][gc] GC(1052) Concurrent cleanup 111M->111M(128M) 0,036ms
[2021-04-30T09:23:35.669+0300][46,519s][info][gc] GC(1052) Concurrent evacuation 0,087ms
[2021-04-30T09:23:35.669+0300][46,519s][info][gc] GC(1052) Pause Init Update Refs 0,005ms
[2021-04-30T09:23:35.679+0300][46,528s][info][gc] GC(1052) Concurrent update references 9,226ms
[2021-04-30T09:23:35.679+0300][46,528s][info][gc] GC(1052) Pause Final Update Refs 0,072ms
[2021-04-30T09:23:35.679+0300][46,528s][info][gc] GC(1052) Concurrent cleanup 112M->105M(128M) 0,041ms
[2021-04-30T09:23:35.684+0300][46,534s][info][gc] Trigger: Free (12480K) is below minimum threshold (13107K)
[2021-04-30T09:23:35.685+0300][46,534s][info][gc] GC(1053) Concurrent reset 0,204ms
[2021-04-30T09:23:35.685+0300][46,535s][info][gc] GC(1053) Pause Init Mark 0,206ms
[2021-04-30T09:23:35.705+0300][46,554s][info][gc] GC(1053) Concurrent marking 19,785ms
[2021-04-30T09:23:35.705+0300][46,555s][info][gc] GC(1053) Pause Final Mark 0,268ms
[2021-04-30T09:23:35.705+0300][46,555s][info][gc] GC(1053) Concurrent cleanup 110M->110M(128M) 0,036ms
[2021-04-30T09:23:35.705+0300][46,555s][info][gc] GC(1053) Concurrent evacuation 0,115ms
[2021-04-30T09:23:35.706+0300][46,555s][info][gc] GC(1053) Pause Init Update Refs 0,004ms
[2021-04-30T09:23:35.714+0300][46,563s][info][gc] GC(1053) Concurrent update references 7,910ms
[2021-04-30T09:23:35.714+0300][46,563s][info][gc] GC(1053) Pause Final Update Refs 0,082ms
[2021-04-30T09:23:35.714+0300][46,563s][info][gc] GC(1053) Concurrent cleanup 113M->106M(128M) 0,042ms
[2021-04-30T09:23:35.718+0300][46,568s][info][gc] Trigger: Free (12669K) is below minimum threshold (13107K)
[2021-04-30T09:23:35.719+0300][46,568s][info][gc] GC(1054) Concurrent reset 0,225ms
[2021-04-30T09:23:35.719+0300][46,568s][info][gc] GC(1054) Pause Init Mark 0,149ms
[2021-04-30T09:23:35.731+0300][46,581s][info][gc] GC(1054) Concurrent marking 12,304ms
[2021-04-30T09:23:35.732+0300][46,581s][info][gc] GC(1054) Pause Final Mark 0,409ms
[2021-04-30T09:23:35.732+0300][46,581s][info][gc] GC(1054) Concurrent cleanup 110M->110M(128M) 0,039ms
[2021-04-30T09:23:35.732+0300][46,582s][info][gc] GC(1054) Concurrent evacuation 0,075ms
[2021-04-30T09:23:35.732+0300][46,582s][info][gc] GC(1054) Pause Init Update Refs 0,004ms
[2021-04-30T09:23:35.740+0300][46,589s][info][gc] GC(1054) Concurrent update references 7,329ms
[2021-04-30T09:23:35.740+0300][46,589s][info][gc] GC(1054) Pause Final Update Refs 0,061ms
[2021-04-30T09:23:35.740+0300][46,590s][info][gc] GC(1054) Concurrent cleanup 114M->107M(128M) 0,040ms
[2021-04-30T09:23:35.741+0300][46,591s][info][gc] Trigger: Free (12992K) is below minimum threshold (13107K)
[2021-04-30T09:23:35.742+0300][46,591s][info][gc] GC(1055) Concurrent reset 0,188ms
[2021-04-30T09:23:35.742+0300][46,591s][info][gc] GC(1055) Pause Init Mark (process weakrefs) 0,154ms
[2021-04-30T09:23:35.754+0300][46,604s][info][gc] GC(1055) Concurrent marking (process weakrefs) 12,268ms
[2021-04-30T09:23:35.754+0300][46,604s][info][gc] GC(1055) Concurrent precleaning 0,141ms
[2021-04-30T09:23:35.755+0300][46,605s][info][gc] GC(1055) Pause Final Mark (process weakrefs) 0,518ms
[2021-04-30T09:23:35.755+0300][46,605s][info][gc] GC(1055) Concurrent cleanup 110M->110M(128M) 0,039ms
[2021-04-30T09:23:35.755+0300][46,605s][info][gc] GC(1055) Concurrent evacuation 0,063ms
[2021-04-30T09:23:35.756+0300][46,605s][info][gc] GC(1055) Pause Init Update Refs 0,021ms
[2021-04-30T09:23:35.763+0300][46,613s][info][gc] GC(1055) Concurrent update references 7,358ms
[2021-04-30T09:23:35.763+0300][46,613s][info][gc] GC(1055) Pause Final Update Refs 0,080ms
[2021-04-30T09:23:35.764+0300][46,613s][info][gc] GC(1055) Concurrent cleanup 114M->108M(128M) 0,040ms
[2021-04-30T09:23:35.765+0300][46,614s][info][gc] Trigger: Free (12611K) is below minimum threshold (13107K)
[2021-04-30T09:23:35.765+0300][46,614s][info][gc] GC(1056) Concurrent reset 0,151ms
[2021-04-30T09:23:35.765+0300][46,615s][info][gc] GC(1056) Pause Init Mark 0,226ms
[2021-04-30T09:23:35.777+0300][46,627s][info][gc] GC(1056) Concurrent marking 12,123ms
[2021-04-30T09:23:35.778+0300][46,628s][info][gc] GC(1056) Pause Final Mark 0,441ms
[2021-04-30T09:23:35.778+0300][46,628s][info][gc] GC(1056) Concurrent cleanup 110M->110M(128M) 0,038ms
[2021-04-30T09:23:35.778+0300][46,628s][info][gc] GC(1056) Concurrent evacuation 0,060ms
[2021-04-30T09:23:35.779+0300][46,628s][info][gc] GC(1056) Pause Init Update Refs 0,005ms
[2021-04-30T09:23:35.786+0300][46,635s][info][gc] GC(1056) Concurrent update references 7,338ms
[2021-04-30T09:23:35.786+0300][46,636s][info][gc] GC(1056) Pause Final Update Refs 0,066ms
[2021-04-30T09:23:35.786+0300][46,636s][info][gc] GC(1056) Concurrent cleanup 114M->108M(128M) 0,039ms
[2021-04-30T09:23:35.787+0300][46,637s][info][gc] Trigger: Free (12486K) is below minimum threshold (13107K)
[2021-04-30T09:23:35.788+0300][46,637s][info][gc] GC(1057) Concurrent reset 0,195ms
[2021-04-30T09:23:35.788+0300][46,637s][info][gc] GC(1057) Pause Init Mark 0,156ms
[2021-04-30T09:23:35.800+0300][46,649s][info][gc] GC(1057) Concurrent marking 11,795ms
[2021-04-30T09:23:35.800+0300][46,650s][info][gc] GC(1057) Pause Final Mark 0,340ms
[2021-04-30T09:23:35.800+0300][46,650s][info][gc] GC(1057) Concurrent cleanup 110M->110M(128M) 0,038ms
[2021-04-30T09:23:35.800+0300][46,650s][info][gc] GC(1057) Concurrent evacuation 0,066ms
[2021-04-30T09:23:35.801+0300][46,650s][info][gc] GC(1057) Pause Init Update Refs 0,003ms
[2021-04-30T09:23:35.808+0300][46,657s][info][gc] GC(1057) Concurrent update references 7,307ms
[2021-04-30T09:23:35.808+0300][46,658s][info][gc] GC(1057) Pause Final Update Refs 0,100ms
[2021-04-30T09:23:35.808+0300][46,658s][info][gc] GC(1057) Concurrent cleanup 114M->108M(128M) 0,052ms
[2021-04-30T09:23:35.812+0300][46,661s][info][gc] Trigger: Free (11849K) is below minimum threshold (13107K)
[2021-04-30T09:23:35.812+0300][46,661s][info][gc] GC(1058) Concurrent reset 0,126ms
[2021-04-30T09:23:35.812+0300][46,662s][info][gc] GC(1058) Pause Init Mark 0,222ms
[2021-04-30T09:23:35.826+0300][46,675s][info][gc] GC(1058) Concurrent marking 13,470ms
[2021-04-30T09:23:35.826+0300][46,676s][info][gc] GC(1058) Pause Final Mark 0,397ms
[2021-04-30T09:23:35.826+0300][46,676s][info][gc] GC(1058) Concurrent cleanup 111M->111M(128M) 0,039ms
[2021-04-30T09:23:35.827+0300][46,676s][info][gc] GC(1058) Concurrent evacuation 0,111ms
[2021-04-30T09:23:35.827+0300][46,676s][info][gc] GC(1058) Pause Init Update Refs 0,004ms
[2021-04-30T09:23:35.836+0300][46,685s][info][gc] GC(1058) Concurrent update references 8,844ms
[2021-04-30T09:23:35.836+0300][46,685s][info][gc] GC(1058) Pause Final Update Refs 0,110ms
[2021-04-30T09:23:35.836+0300][46,685s][info][gc] GC(1058) Concurrent cleanup 112M->105M(128M) 0,040ms
[2021-04-30T09:23:35.842+0300][46,692s][info][gc] Trigger: Free (12748K) is below minimum threshold (13107K)
[2021-04-30T09:23:35.843+0300][46,692s][info][gc] GC(1059) Concurrent reset 0,132ms
[2021-04-30T09:23:35.843+0300][46,693s][info][gc] GC(1059) Pause Init Mark 0,339ms
[2021-04-30T09:23:35.858+0300][46,707s][info][gc] GC(1059) Concurrent marking 14,290ms
[2021-04-30T09:23:35.858+0300][46,708s][info][gc] GC(1059) Pause Final Mark 0,669ms
[2021-04-30T09:23:35.859+0300][46,708s][info][gc] GC(1059) Concurrent cleanup 110M->110M(128M) 0,041ms
[2021-04-30T09:23:35.859+0300][46,708s][info][gc] GC(1059) Concurrent evacuation 0,070ms
[2021-04-30T09:23:35.859+0300][46,708s][info][gc] GC(1059) Pause Init Update Refs 0,005ms
[2021-04-30T09:23:35.869+0300][46,718s][info][gc] GC(1059) Concurrent update references 9,699ms
[2021-04-30T09:23:35.869+0300][46,718s][info][gc] GC(1059) Pause Final Update Refs 0,179ms
[2021-04-30T09:23:35.869+0300][46,719s][info][gc] GC(1059) Concurrent cleanup 114M->108M(128M) 0,048ms
[2021-04-30T09:23:35.870+0300][46,720s][info][gc] Trigger: Free (12367K) is below minimum threshold (13107K)
[2021-04-30T09:23:35.871+0300][46,720s][info][gc] GC(1060) Concurrent reset 0,331ms
[2021-04-30T09:23:35.871+0300][46,721s][info][gc] GC(1060) Pause Init Mark (process weakrefs) 0,413ms
[2021-04-30T09:23:35.886+0300][46,736s][info][gc] GC(1060) Concurrent marking (process weakrefs) 14,903ms
[2021-04-30T09:23:35.887+0300][46,736s][info][gc] GC(1060) Concurrent precleaning 0,109ms
[2021-04-30T09:23:35.887+0300][46,737s][info][gc] GC(1060) Pause Final Mark (process weakrefs) 0,470ms
[2021-04-30T09:23:35.887+0300][46,737s][info][gc] GC(1060) Concurrent cleanup 111M->111M(128M) 0,039ms
[2021-04-30T09:23:35.887+0300][46,737s][info][gc] GC(1060) Concurrent evacuation 0,078ms
[2021-04-30T09:23:35.887+0300][46,737s][info][gc] GC(1060) Pause Init Update Refs 0,005ms
[2021-04-30T09:23:35.897+0300][46,746s][info][gc] GC(1060) Concurrent update references 9,355ms
[2021-04-30T09:23:35.897+0300][46,747s][info][gc] GC(1060) Pause Final Update Refs 0,127ms
[2021-04-30T09:23:35.897+0300][46,747s][info][gc] GC(1060) Concurrent cleanup 114M->108M(128M) 0,040ms
[2021-04-30T09:23:35.899+0300][46,748s][info][gc] Trigger: Free (11730K) is below minimum threshold (13107K)
[2021-04-30T09:23:35.899+0300][46,748s][info][gc] GC(1061) Concurrent reset 0,173ms
[2021-04-30T09:23:35.899+0300][46,749s][info][gc] GC(1061) Pause Init Mark 0,262ms
[2021-04-30T09:23:35.915+0300][46,764s][info][gc] GC(1061) Concurrent marking 15,585ms
[2021-04-30T09:23:35.915+0300][46,765s][info][gc] GC(1061) Pause Final Mark 0,329ms
[2021-04-30T09:23:35.915+0300][46,765s][info][gc] GC(1061) Concurrent cleanup 111M->111M(128M) 0,039ms
[2021-04-30T09:23:35.916+0300][46,765s][info][gc] GC(1061) Concurrent evacuation 0,087ms
[2021-04-30T09:23:35.916+0300][46,765s][info][gc] GC(1061) Pause Init Update Refs 0,004ms
[2021-04-30T09:23:35.923+0300][46,772s][info][gc] GC(1061) Concurrent update references 7,099ms
[2021-04-30T09:23:35.923+0300][46,772s][info][gc] GC(1061) Pause Final Update Refs 0,054ms
[2021-04-30T09:23:35.923+0300][46,772s][info][gc] GC(1061) Concurrent cleanup 116M->109M(128M) 0,041ms
[2021-04-30T09:23:35.924+0300][46,774s][info][gc] Trigger: Free (11367K) is below minimum threshold (13107K)
[2021-04-30T09:23:35.924+0300][46,774s][info][gc] GC(1062) Concurrent reset 0,122ms
[2021-04-30T09:23:35.925+0300][46,774s][info][gc] GC(1062) Pause Init Mark 0,136ms
[2021-04-30T09:23:35.939+0300][46,789s][info][gc] GC(1062) Concurrent marking 14,835ms
[2021-04-30T09:23:35.940+0300][46,789s][info][gc] GC(1062) Pause Final Mark 0,404ms
[2021-04-30T09:23:35.940+0300][46,790s][info][gc] GC(1062) Concurrent cleanup 111M->112M(128M) 0,041ms
[2021-04-30T09:23:35.940+0300][46,790s][info][gc] GC(1062) Concurrent evacuation 0,093ms
[2021-04-30T09:23:35.940+0300][46,790s][info][gc] GC(1062) Pause Init Update Refs 0,004ms
[2021-04-30T09:23:35.948+0300][46,797s][info][gc] GC(1062) Concurrent update references 7,511ms
[2021-04-30T09:23:35.948+0300][46,797s][info][gc] GC(1062) Pause Final Update Refs 0,069ms
[2021-04-30T09:23:35.948+0300][46,798s][info][gc] GC(1062) Concurrent cleanup 117M->109M(128M) 0,038ms
[2021-04-30T09:23:35.949+0300][46,799s][info][gc] Trigger: Free (10980K) is below minimum threshold (13107K)
[2021-04-30T09:23:35.949+0300][46,799s][info][gc] GC(1063) Concurrent reset 0,146ms
[2021-04-30T09:23:35.950+0300][46,799s][info][gc] GC(1063) Pause Init Mark 0,276ms
[2021-04-30T09:23:35.963+0300][46,812s][info][gc] GC(1063) Concurrent marking 13,060ms
[2021-04-30T09:23:35.963+0300][46,813s][info][gc] GC(1063) Pause Final Mark 0,371ms
[2021-04-30T09:23:35.964+0300][46,813s][info][gc] GC(1063) Concurrent cleanup 111M->111M(128M) 0,044ms
[2021-04-30T09:23:35.964+0300][46,813s][info][gc] GC(1063) Concurrent evacuation 0,157ms
[2021-04-30T09:23:35.964+0300][46,813s][info][gc] GC(1063) Pause Init Update Refs 0,006ms
[2021-04-30T09:23:35.976+0300][46,826s][info][gc] GC(1063) Concurrent update references 12,261ms
[2021-04-30T09:23:35.977+0300][46,826s][info][gc] GC(1063) Pause Final Update Refs 0,124ms
[2021-04-30T09:23:35.977+0300][46,826s][info][gc] GC(1063) Concurrent cleanup 117M->109M(128M) 0,040ms
[2021-04-30T09:23:35.978+0300][46,827s][info][gc] Trigger: Free (11330K) is below minimum threshold (13107K)
[2021-04-30T09:23:35.978+0300][46,827s][info][gc] GC(1064) Concurrent reset 0,173ms
[2021-04-30T09:23:35.978+0300][46,828s][info][gc] GC(1064) Pause Init Mark 0,189ms
[2021-04-30T09:23:35.996+0300][46,846s][info][gc] GC(1064) Concurrent marking 17,791ms
[2021-04-30T09:23:35.997+0300][46,846s][info][gc] GC(1064) Pause Final Mark 0,745ms
[2021-04-30T09:23:35.997+0300][46,847s][info][gc] GC(1064) Concurrent cleanup 111M->111M(128M) 0,036ms
[2021-04-30T09:23:35.997+0300][46,847s][info][gc] GC(1064) Concurrent evacuation 0,184ms
[2021-04-30T09:23:35.998+0300][46,847s][info][gc] GC(1064) Pause Init Update Refs 0,021ms
[2021-04-30T09:23:36.005+0300][46,854s][info][gc] GC(1064) Concurrent update references 7,245ms
[2021-04-30T09:23:36.005+0300][46,854s][info][gc] GC(1064) Pause Final Update Refs 0,093ms
[2021-04-30T09:23:36.005+0300][46,855s][info][gc] GC(1064) Concurrent cleanup 112M->105M(128M) 0,040ms
[2021-04-30T09:23:36.011+0300][46,860s][info][gc] Trigger: Free (12266K) is below minimum threshold (13107K)
[2021-04-30T09:23:36.011+0300][46,860s][info][gc] GC(1065) Concurrent reset 0,200ms
[2021-04-30T09:23:36.011+0300][46,861s][info][gc] GC(1065) Pause Init Mark (process weakrefs) 0,286ms
[2021-04-30T09:23:36.025+0300][46,875s][info][gc] GC(1065) Concurrent marking (process weakrefs) 13,753ms
[2021-04-30T09:23:36.025+0300][46,875s][info][gc] GC(1065) Concurrent precleaning 0,083ms
[2021-04-30T09:23:36.026+0300][46,875s][info][gc] GC(1065) Pause Final Mark (process weakrefs) 0,384ms
[2021-04-30T09:23:36.026+0300][46,875s][info][gc] GC(1065) Concurrent cleanup 110M->110M(128M) 0,039ms
[2021-04-30T09:23:36.026+0300][46,875s][info][gc] GC(1065) Concurrent evacuation 0,134ms
[2021-04-30T09:23:36.026+0300][46,876s][info][gc] GC(1065) Pause Init Update Refs 0,009ms
[2021-04-30T09:23:36.039+0300][46,889s][info][gc] GC(1065) Concurrent update references 13,334ms
[2021-04-30T09:23:36.040+0300][46,889s][info][gc] GC(1065) Pause Final Update Refs 0,080ms
[2021-04-30T09:23:36.040+0300][46,889s][info][gc] GC(1065) Concurrent cleanup 118M->112M(128M) 0,041ms
[2021-04-30T09:23:36.041+0300][46,890s][info][gc] Trigger: Free (9142K) is below minimum threshold (13107K)
[2021-04-30T09:23:36.041+0300][46,891s][info][gc] GC(1066) Concurrent reset 0,308ms
[2021-04-30T09:23:36.042+0300][46,892s][info][gc] GC(1066) Pause Init Mark 0,437ms
[2021-04-30T09:23:36.058+0300][46,907s][info][gc] GC(1066) Concurrent marking 15,582ms
[2021-04-30T09:23:36.058+0300][46,908s][info][gc] GC(1066) Pause Final Mark 0,363ms
[2021-04-30T09:23:36.058+0300][46,908s][info][gc] GC(1066) Concurrent cleanup 113M->113M(128M) 0,039ms
[2021-04-30T09:23:36.059+0300][46,908s][info][gc] GC(1066) Concurrent evacuation 0,225ms
[2021-04-30T09:23:36.059+0300][46,908s][info][gc] GC(1066) Pause Init Update Refs 0,005ms
[2021-04-30T09:23:36.068+0300][46,917s][info][gc] GC(1066) Concurrent update references 8,889ms
[2021-04-30T09:23:36.068+0300][46,917s][info][gc] GC(1066) Pause Final Update Refs 0,072ms
[2021-04-30T09:23:36.068+0300][46,918s][info][gc] GC(1066) Concurrent cleanup 115M->106M(128M) 0,052ms
[2021-04-30T09:23:36.073+0300][46,922s][info][gc] Trigger: Free (12566K) is below minimum threshold (13107K)
[2021-04-30T09:23:36.073+0300][46,922s][info][gc] GC(1067) Concurrent reset 0,150ms
[2021-04-30T09:23:36.073+0300][46,923s][info][gc] GC(1067) Pause Init Mark 0,204ms
[2021-04-30T09:23:36.091+0300][46,941s][info][gc] GC(1067) Concurrent marking 17,942ms
[2021-04-30T09:23:36.091+0300][46,941s][info][gc] GC(1067) Pause Final Mark 0,321ms
[2021-04-30T09:23:36.092+0300][46,941s][info][gc] GC(1067) Concurrent cleanup 110M->110M(128M) 0,043ms
[2021-04-30T09:23:36.092+0300][46,941s][info][gc] GC(1067) Concurrent evacuation 0,135ms
[2021-04-30T09:23:36.092+0300][46,941s][info][gc] GC(1067) Pause Init Update Refs 0,005ms
[2021-04-30T09:23:36.101+0300][46,950s][info][gc] GC(1067) Concurrent update references 9,140ms
[2021-04-30T09:23:36.101+0300][46,951s][info][gc] GC(1067) Pause Final Update Refs 0,074ms
[2021-04-30T09:23:36.101+0300][46,951s][info][gc] GC(1067) Concurrent cleanup 112M->106M(128M) 0,043ms
[2021-04-30T09:23:36.105+0300][46,954s][info][gc] Trigger: Free (12754K) is below minimum threshold (13107K)
[2021-04-30T09:23:36.105+0300][46,955s][info][gc] GC(1068) Concurrent reset 0,315ms
[2021-04-30T09:23:36.105+0300][46,955s][info][gc] GC(1068) Pause Init Mark 0,179ms
[2021-04-30T09:23:36.121+0300][46,970s][info][gc] GC(1068) Concurrent marking 15,148ms
[2021-04-30T09:23:36.121+0300][46,970s][info][gc] GC(1068) Pause Final Mark 0,329ms
[2021-04-30T09:23:36.121+0300][46,971s][info][gc] GC(1068) Concurrent cleanup 110M->110M(128M) 0,041ms
[2021-04-30T09:23:36.121+0300][46,971s][info][gc] GC(1068) Concurrent evacuation 0,145ms
[2021-04-30T09:23:36.121+0300][46,971s][info][gc] GC(1068) Pause Init Update Refs 0,005ms
[2021-04-30T09:23:36.129+0300][46,978s][info][gc] GC(1068) Concurrent update references 7,543ms
[2021-04-30T09:23:36.129+0300][46,979s][info][gc] GC(1068) Pause Final Update Refs 0,057ms
[2021-04-30T09:23:36.129+0300][46,979s][info][gc] GC(1068) Concurrent cleanup 112M->106M(128M) 0,037ms
[2021-04-30T09:23:36.136+0300][46,985s][info][gc] Trigger: Free (13010K) is below minimum threshold (13107K)
[2021-04-30T09:23:36.136+0300][46,985s][info][gc] GC(1069) Concurrent reset 0,129ms
[2021-04-30T09:23:36.136+0300][46,986s][info][gc] GC(1069) Pause Init Mark 0,146ms
[2021-04-30T09:23:36.150+0300][46,999s][info][gc] GC(1069) Concurrent marking 13,593ms
[2021-04-30T09:23:36.151+0300][47,000s][info][gc] GC(1069) Pause Final Mark 0,378ms
[2021-04-30T09:23:36.151+0300][47,000s][info][gc] GC(1069) Concurrent cleanup 110M->110M(128M) 0,040ms
[2021-04-30T09:23:36.151+0300][47,000s][info][gc] GC(1069) Concurrent evacuation 0,122ms
[2021-04-30T09:23:36.151+0300][47,000s][info][gc] GC(1069) Pause Init Update Refs 0,005ms
[2021-04-30T09:23:36.160+0300][47,010s][info][gc] GC(1069) Concurrent update references 9,105ms
[2021-04-30T09:23:36.160+0300][47,010s][info][gc] GC(1069) Pause Final Update Refs 0,140ms
[2021-04-30T09:23:36.161+0300][47,010s][info][gc] GC(1069) Concurrent cleanup 113M->109M(128M) 0,041ms
[2021-04-30T09:23:36.162+0300][47,011s][info][gc] Trigger: Free (11285K) is below minimum threshold (13107K)
[2021-04-30T09:23:36.162+0300][47,011s][info][gc] GC(1070) Concurrent reset 0,125ms
[2021-04-30T09:23:36.162+0300][47,012s][info][gc] GC(1070) Pause Init Mark (process weakrefs) 0,185ms
[2021-04-30T09:23:36.176+0300][47,026s][info][gc] GC(1070) Concurrent marking (process weakrefs) 14,047ms
[2021-04-30T09:23:36.176+0300][47,026s][info][gc] GC(1070) Concurrent precleaning 0,089ms
[2021-04-30T09:23:36.177+0300][47,027s][info][gc] GC(1070) Pause Final Mark (process weakrefs) 0,488ms
[2021-04-30T09:23:36.177+0300][47,027s][info][gc] GC(1070) Concurrent cleanup 111M->111M(128M) 0,037ms
[2021-04-30T09:23:36.177+0300][47,027s][info][gc] GC(1070) Concurrent evacuation 0,110ms
[2021-04-30T09:23:36.177+0300][47,027s][info][gc] GC(1070) Pause Init Update Refs 0,004ms
[2021-04-30T09:23:36.186+0300][47,036s][info][gc] GC(1070) Concurrent update references 8,932ms
[2021-04-30T09:23:36.187+0300][47,036s][info][gc] GC(1070) Pause Final Update Refs 0,122ms
[2021-04-30T09:23:36.187+0300][47,036s][info][gc] GC(1070) Concurrent cleanup 115M->109M(128M) 0,040ms
[2021-04-30T09:23:36.188+0300][47,038s][info][gc] Trigger: Free (11437K) is below minimum threshold (13107K)
[2021-04-30T09:23:36.188+0300][47,038s][info][gc] GC(1071) Concurrent reset 0,119ms
[2021-04-30T09:23:36.189+0300][47,038s][info][gc] GC(1071) Pause Init Mark 0,199ms
[2021-04-30T09:23:36.202+0300][47,051s][info][gc] GC(1071) Concurrent marking 13,348ms
[2021-04-30T09:23:36.202+0300][47,052s][info][gc] GC(1071) Pause Final Mark 0,354ms
[2021-04-30T09:23:36.203+0300][47,052s][info][gc] GC(1071) Concurrent cleanup 111M->111M(128M) 0,038ms
[2021-04-30T09:23:36.203+0300][47,052s][info][gc] GC(1071) Concurrent evacuation 0,110ms
[2021-04-30T09:23:36.203+0300][47,052s][info][gc] GC(1071) Pause Init Update Refs 0,004ms
[2021-04-30T09:23:36.210+0300][47,060s][info][gc] GC(1071) Concurrent update references 7,514ms
[2021-04-30T09:23:36.211+0300][47,060s][info][gc] GC(1071) Pause Final Update Refs 0,085ms
[2021-04-30T09:23:36.211+0300][47,060s][info][gc] GC(1071) Concurrent cleanup 113M->108M(128M) 0,041ms
[2021-04-30T09:23:36.212+0300][47,061s][info][gc] Trigger: Free (13099K) is below minimum threshold (13107K)
[2021-04-30T09:23:36.212+0300][47,062s][info][gc] GC(1072) Concurrent reset 0,166ms
[2021-04-30T09:23:36.212+0300][47,062s][info][gc] GC(1072) Pause Init Mark 0,143ms
[2021-04-30T09:23:36.226+0300][47,076s][info][gc] GC(1072) Concurrent marking 13,691ms
[2021-04-30T09:23:36.227+0300][47,076s][info][gc] GC(1072) Pause Final Mark 0,316ms
[2021-04-30T09:23:36.227+0300][47,076s][info][gc] GC(1072) Concurrent cleanup 110M->110M(128M) 0,041ms
[2021-04-30T09:23:36.227+0300][47,076s][info][gc] GC(1072) Concurrent evacuation 0,057ms
[2021-04-30T09:23:36.227+0300][47,076s][info][gc] GC(1072) Pause Init Update Refs 0,004ms
[2021-04-30T09:23:36.235+0300][47,085s][info][gc] GC(1072) Concurrent update references 8,575ms
[2021-04-30T09:23:36.236+0300][47,085s][info][gc] GC(1072) Pause Final Update Refs 0,079ms
[2021-04-30T09:23:36.236+0300][47,085s][info][gc] GC(1072) Concurrent cleanup 113M->108M(128M) 0,039ms
[2021-04-30T09:23:36.237+0300][47,086s][info][gc] Trigger: Free (12446K) is below minimum threshold (13107K)
[2021-04-30T09:23:36.237+0300][47,086s][info][gc] GC(1073) Concurrent reset 0,120ms
[2021-04-30T09:23:36.237+0300][47,087s][info][gc] GC(1073) Pause Init Mark 0,147ms
[2021-04-30T09:23:36.251+0300][47,101s][info][gc] GC(1073) Concurrent marking 13,707ms
[2021-04-30T09:23:36.252+0300][47,101s][info][gc] GC(1073) Pause Final Mark 0,403ms
[2021-04-30T09:23:36.252+0300][47,101s][info][gc] GC(1073) Concurrent cleanup 110M->110M(128M) 0,040ms
[2021-04-30T09:23:36.253+0300][47,102s][info][gc] GC(1073) Concurrent evacuation 0,886ms
[2021-04-30T09:23:36.253+0300][47,102s][info][gc] GC(1073) Pause Init Update Refs 0,005ms
[2021-04-30T09:23:36.260+0300][47,110s][info][gc] GC(1073) Concurrent update references 7,565ms
[2021-04-30T09:23:36.261+0300][47,110s][info][gc] GC(1073) Pause Final Update Refs 0,136ms
[2021-04-30T09:23:36.261+0300][47,110s][info][gc] GC(1073) Concurrent cleanup 117M->110M(128M) 0,040ms
[2021-04-30T09:23:36.262+0300][47,111s][info][gc] Trigger: Free (11162K) is below minimum threshold (13107K)
[2021-04-30T09:23:36.262+0300][47,112s][info][gc] GC(1074) Concurrent reset 0,167ms
[2021-04-30T09:23:36.262+0300][47,112s][info][gc] GC(1074) Pause Init Mark 0,142ms
[2021-04-30T09:23:36.275+0300][47,125s][info][gc] GC(1074) Concurrent marking 13,080ms
[2021-04-30T09:23:36.276+0300][47,125s][info][gc] GC(1074) Pause Final Mark 0,392ms
[2021-04-30T09:23:36.276+0300][47,125s][info][gc] GC(1074) Concurrent cleanup 111M->111M(128M) 0,037ms
[2021-04-30T09:23:36.276+0300][47,126s][info][gc] GC(1074) Concurrent evacuation 0,216ms
[2021-04-30T09:23:36.276+0300][47,126s][info][gc] GC(1074) Pause Init Update Refs 0,005ms
[2021-04-30T09:23:36.289+0300][47,138s][info][gc] GC(1074) Concurrent update references 12,173ms
[2021-04-30T09:23:36.289+0300][47,138s][info][gc] GC(1074) Pause Final Update Refs 0,076ms
[2021-04-30T09:23:36.289+0300][47,138s][info][gc] GC(1074) Concurrent cleanup 117M->111M(128M) 0,041ms
[2021-04-30T09:23:36.290+0300][47,140s][info][gc] Trigger: Free (9920K) is below minimum threshold (13107K)
[2021-04-30T09:23:36.290+0300][47,140s][info][gc] GC(1075) Concurrent reset 0,162ms
[2021-04-30T09:23:36.291+0300][47,140s][info][gc] GC(1075) Pause Init Mark (process weakrefs) 0,137ms
[2021-04-30T09:23:36.304+0300][47,153s][info][gc] GC(1075) Concurrent marking (process weakrefs) 13,324ms
[2021-04-30T09:23:36.304+0300][47,154s][info][gc] GC(1075) Concurrent precleaning 0,134ms
[2021-04-30T09:23:36.305+0300][47,154s][info][gc] GC(1075) Pause Final Mark (process weakrefs) 0,424ms
[2021-04-30T09:23:36.305+0300][47,154s][info][gc] GC(1075) Concurrent cleanup 112M->112M(128M) 0,042ms
[2021-04-30T09:23:36.306+0300][47,155s][info][gc] GC(1075) Concurrent evacuation 0,886ms
[2021-04-30T09:23:36.306+0300][47,155s][info][gc] GC(1075) Pause Init Update Refs 0,007ms
[2021-04-30T09:23:36.314+0300][47,163s][info][gc] GC(1075) Concurrent update references 8,111ms
[2021-04-30T09:23:36.314+0300][47,164s][info][gc] GC(1075) Pause Final Update Refs 0,067ms
[2021-04-30T09:23:36.314+0300][47,164s][info][gc] GC(1075) Concurrent cleanup 118M->109M(128M) 0,047ms
[2021-04-30T09:23:36.315+0300][47,165s][info][gc] Trigger: Free (11204K) is below minimum threshold (13107K)
[2021-04-30T09:23:36.316+0300][47,165s][info][gc] GC(1076) Concurrent reset 0,134ms
[2021-04-30T09:23:36.316+0300][47,165s][info][gc] GC(1076) Pause Init Mark 0,175ms
[2021-04-30T09:23:36.331+0300][47,180s][info][gc] GC(1076) Concurrent marking 14,716ms
[2021-04-30T09:23:36.331+0300][47,181s][info][gc] GC(1076) Pause Final Mark 0,461ms
[2021-04-30T09:23:36.331+0300][47,181s][info][gc] GC(1076) Concurrent cleanup 111M->112M(128M) 0,041ms
[2021-04-30T09:23:36.333+0300][47,182s][info][gc] GC(1076) Concurrent evacuation 1,471ms
[2021-04-30T09:23:36.333+0300][47,183s][info][gc] GC(1076) Pause Init Update Refs 0,027ms
[2021-04-30T09:23:36.342+0300][47,192s][info][gc] GC(1076) Concurrent update references 8,812ms
[2021-04-30T09:23:36.343+0300][47,192s][info][gc] GC(1076) Pause Final Update Refs 0,086ms
[2021-04-30T09:23:36.343+0300][47,192s][info][gc] GC(1076) Concurrent cleanup 120M->111M(128M) 0,042ms
[2021-04-30T09:23:36.344+0300][47,193s][info][gc] Trigger: Free (9858K) is below minimum threshold (13107K)
[2021-04-30T09:23:36.344+0300][47,193s][info][gc] GC(1077) Concurrent reset 0,163ms
[2021-04-30T09:23:36.344+0300][47,194s][info][gc] GC(1077) Pause Init Mark 0,137ms
[2021-04-30T09:23:36.364+0300][47,213s][info][gc] GC(1077) Concurrent marking 19,458ms
[2021-04-30T09:23:36.364+0300][47,214s][info][gc] GC(1077) Pause Final Mark 0,336ms
[2021-04-30T09:23:36.364+0300][47,214s][info][gc] GC(1077) Concurrent cleanup 113M->113M(128M) 0,039ms
[2021-04-30T09:23:36.365+0300][47,214s][info][gc] GC(1077) Concurrent evacuation 0,122ms
[2021-04-30T09:23:36.365+0300][47,214s][info][gc] GC(1077) Pause Init Update Refs 0,005ms
[2021-04-30T09:23:36.378+0300][47,227s][info][gc] GC(1077) Concurrent update references 12,830ms
[2021-04-30T09:23:36.378+0300][47,227s][info][gc] GC(1077) Pause Final Update Refs 0,103ms
[2021-04-30T09:23:36.378+0300][47,228s][info][gc] GC(1077) Concurrent cleanup 117M->109M(128M) 0,043ms
[2021-04-30T09:23:36.379+0300][47,229s][info][gc] Trigger: Free (11182K) is below minimum threshold (13107K)
[2021-04-30T09:23:36.379+0300][47,229s][info][gc] GC(1078) Concurrent reset 0,168ms
[2021-04-30T09:23:36.380+0300][47,230s][info][gc] GC(1078) Pause Init Mark 0,602ms
[2021-04-30T09:23:36.395+0300][47,244s][info][gc] GC(1078) Concurrent marking 14,308ms
[2021-04-30T09:23:36.395+0300][47,244s][info][gc] GC(1078) Pause Final Mark 0,361ms
[2021-04-30T09:23:36.395+0300][47,245s][info][gc] GC(1078) Concurrent cleanup 111M->111M(128M) 0,040ms
[2021-04-30T09:23:36.395+0300][47,245s][info][gc] GC(1078) Concurrent evacuation 0,121ms
[2021-04-30T09:23:36.395+0300][47,245s][info][gc] GC(1078) Pause Init Update Refs 0,005ms
[2021-04-30T09:23:36.405+0300][47,254s][info][gc] GC(1078) Concurrent update references 9,339ms
[2021-04-30T09:23:36.406+0300][47,255s][info][gc] GC(1078) Pause Final Update Refs 0,247ms
[2021-04-30T09:23:36.406+0300][47,255s][info][gc] GC(1078) Concurrent cleanup 113M->107M(128M) 0,059ms
[2021-04-30T09:23:36.408+0300][47,258s][info][gc] Trigger: Free (12654K) is below minimum threshold (13107K)
[2021-04-30T09:23:36.408+0300][47,258s][info][gc] GC(1079) Concurrent reset 0,132ms
[2021-04-30T09:23:36.409+0300][47,258s][info][gc] GC(1079) Pause Init Mark 0,215ms
[2021-04-30T09:23:36.422+0300][47,271s][info][gc] GC(1079) Concurrent marking 13,161ms
[2021-04-30T09:23:36.422+0300][47,272s][info][gc] GC(1079) Pause Final Mark 0,338ms
[2021-04-30T09:23:36.423+0300][47,272s][info][gc] GC(1079) Concurrent cleanup 111M->111M(128M) 0,039ms
[2021-04-30T09:23:36.424+0300][47,273s][info][gc] GC(1079) Concurrent evacuation 1,085ms
[2021-04-30T09:23:36.424+0300][47,273s][info][gc] GC(1079) Pause Init Update Refs 0,004ms
[2021-04-30T09:23:36.432+0300][47,281s][info][gc] GC(1079) Concurrent update references 8,100ms
[2021-04-30T09:23:36.432+0300][47,282s][info][gc] GC(1079) Pause Final Update Refs 0,109ms
[2021-04-30T09:23:36.432+0300][47,282s][info][gc] GC(1079) Concurrent cleanup 119M->111M(128M) 0,043ms
[2021-04-30T09:23:36.434+0300][47,283s][info][gc] Trigger: Free (9301K) is below minimum threshold (13107K)
[2021-04-30T09:23:36.434+0300][47,283s][info][gc] GC(1080) Concurrent reset 0,131ms
[2021-04-30T09:23:36.434+0300][47,284s][info][gc] GC(1080) Pause Init Mark (process weakrefs) 0,208ms
[2021-04-30T09:23:36.450+0300][47,299s][info][gc] GC(1080) Concurrent marking (process weakrefs) 15,771ms
[2021-04-30T09:23:36.450+0300][47,300s][info][gc] GC(1080) Concurrent precleaning 0,075ms
[2021-04-30T09:23:36.451+0300][47,300s][info][gc] GC(1080) Pause Final Mark (process weakrefs) 0,317ms
[2021-04-30T09:23:36.451+0300][47,300s][info][gc] GC(1080) Concurrent cleanup 113M->113M(128M) 0,037ms
[2021-04-30T09:23:36.451+0300][47,300s][info][gc] GC(1080) Concurrent evacuation 0,193ms
[2021-04-30T09:23:36.451+0300][47,300s][info][gc] GC(1080) Pause Init Update Refs 0,005ms
[2021-04-30T09:23:36.461+0300][47,310s][info][gc] GC(1080) Concurrent update references 9,614ms
[2021-04-30T09:23:36.461+0300][47,310s][info][gc] GC(1080) Pause Final Update Refs 0,073ms
[2021-04-30T09:23:36.461+0300][47,310s][info][gc] GC(1080) Concurrent cleanup 118M->110M(128M) 0,046ms
[2021-04-30T09:23:36.462+0300][47,311s][info][gc] Trigger: Free (10673K) is below minimum threshold (13107K)
[2021-04-30T09:23:36.462+0300][47,312s][info][gc] GC(1081) Concurrent reset 0,147ms
[2021-04-30T09:23:36.462+0300][47,312s][info][gc] GC(1081) Pause Init Mark 0,165ms
[2021-04-30T09:23:36.479+0300][47,328s][info][gc] GC(1081) Concurrent marking 16,523ms
[2021-04-30T09:23:36.480+0300][47,329s][info][gc] GC(1081) Pause Final Mark 0,374ms
[2021-04-30T09:23:36.480+0300][47,329s][info][gc] GC(1081) Concurrent cleanup 112M->112M(128M) 0,040ms
[2021-04-30T09:23:36.480+0300][47,329s][info][gc] GC(1081) Concurrent evacuation 0,335ms
[2021-04-30T09:23:36.480+0300][47,329s][info][gc] GC(1081) Pause Init Update Refs 0,004ms
[2021-04-30T09:23:36.488+0300][47,337s][info][gc] GC(1081) Concurrent update references 7,836ms
[2021-04-30T09:23:36.488+0300][47,338s][info][gc] GC(1081) Pause Final Update Refs 0,067ms
[2021-04-30T09:23:36.488+0300][47,338s][info][gc] GC(1081) Concurrent cleanup 116M->108M(128M) 0,039ms
[2021-04-30T09:23:36.489+0300][47,339s][info][gc] Trigger: Free (12713K) is below minimum threshold (13107K)
[2021-04-30T09:23:36.490+0300][47,339s][info][gc] GC(1082) Concurrent reset 0,164ms
[2021-04-30T09:23:36.490+0300][47,339s][info][gc] GC(1082) Pause Init Mark 0,188ms
[2021-04-30T09:23:36.507+0300][47,357s][info][gc] GC(1082) Concurrent marking 17,502ms
[2021-04-30T09:23:36.508+0300][47,357s][info][gc] GC(1082) Pause Final Mark 0,329ms
[2021-04-30T09:23:36.508+0300][47,357s][info][gc] GC(1082) Concurrent cleanup 110M->110M(128M) 0,042ms
[2021-04-30T09:23:36.508+0300][47,358s][info][gc] GC(1082) Concurrent evacuation 0,144ms
[2021-04-30T09:23:36.508+0300][47,358s][info][gc] GC(1082) Pause Init Update Refs 0,005ms
[2021-04-30T09:23:36.518+0300][47,367s][info][gc] GC(1082) Concurrent update references 9,197ms
[2021-04-30T09:23:36.518+0300][47,367s][info][gc] GC(1082) Pause Final Update Refs 0,068ms
[2021-04-30T09:23:36.518+0300][47,367s][info][gc] GC(1082) Concurrent cleanup 115M->110M(128M) 0,038ms
[2021-04-30T09:23:36.519+0300][47,369s][info][gc] Trigger: Free (10690K) is below minimum threshold (13107K)
[2021-04-30T09:23:36.519+0300][47,369s][info][gc] GC(1083) Concurrent reset 0,140ms
[2021-04-30T09:23:36.520+0300][47,369s][info][gc] GC(1083) Pause Init Mark 0,140ms
[2021-04-30T09:23:36.534+0300][47,383s][info][gc] GC(1083) Concurrent marking 14,106ms
[2021-04-30T09:23:36.534+0300][47,384s][info][gc] GC(1083) Pause Final Mark 0,279ms
[2021-04-30T09:23:36.534+0300][47,384s][info][gc] GC(1083) Concurrent cleanup 112M->112M(128M) 0,039ms
[2021-04-30T09:23:36.534+0300][47,384s][info][gc] GC(1083) Concurrent evacuation 0,104ms
[2021-04-30T09:23:36.535+0300][47,384s][info][gc] GC(1083) Pause Init Update Refs 0,005ms
[2021-04-30T09:23:36.545+0300][47,394s][info][gc] GC(1083) Concurrent update references 10,281ms
[2021-04-30T09:23:36.545+0300][47,395s][info][gc] GC(1083) Pause Final Update Refs 0,078ms
[2021-04-30T09:23:36.545+0300][47,395s][info][gc] GC(1083) Concurrent cleanup 118M->112M(128M) 0,042ms
[2021-04-30T09:23:36.546+0300][47,396s][info][gc] Trigger: Free (9241K) is below minimum threshold (13107K)
[2021-04-30T09:23:36.547+0300][47,396s][info][gc] GC(1084) Concurrent reset 0,157ms
[2021-04-30T09:23:36.547+0300][47,397s][info][gc] GC(1084) Pause Init Mark 0,214ms
[2021-04-30T09:23:36.564+0300][47,413s][info][gc] GC(1084) Concurrent marking 16,466ms
[2021-04-30T09:23:36.564+0300][47,414s][info][gc] GC(1084) Pause Final Mark 0,386ms
[2021-04-30T09:23:36.564+0300][47,414s][info][gc] GC(1084) Concurrent cleanup 113M->113M(128M) 0,037ms
[2021-04-30T09:23:36.565+0300][47,414s][info][gc] GC(1084) Concurrent evacuation 0,494ms
[2021-04-30T09:23:36.565+0300][47,414s][info][gc] GC(1084) Pause Init Update Refs 0,005ms
[2021-04-30T09:23:36.574+0300][47,423s][info][gc] GC(1084) Concurrent update references 8,661ms
[2021-04-30T09:23:36.574+0300][47,423s][info][gc] GC(1084) Pause Final Update Refs 0,070ms
[2021-04-30T09:23:36.574+0300][47,423s][info][gc] GC(1084) Concurrent cleanup 116M->107M(128M) 0,041ms
[2021-04-30T09:23:36.577+0300][47,427s][info][gc] Trigger: Free (12333K) is below minimum threshold (13107K)
[2021-04-30T09:23:36.577+0300][47,427s][info][gc] GC(1085) Concurrent reset 0,171ms
[2021-04-30T09:23:36.578+0300][47,427s][info][gc] GC(1085) Pause Init Mark (process weakrefs) 0,200ms
[2021-04-30T09:23:36.593+0300][47,443s][info][gc] GC(1085) Concurrent marking (process weakrefs) 15,139ms
[2021-04-30T09:23:36.594+0300][47,443s][info][gc] GC(1085) Concurrent precleaning 0,721ms
[2021-04-30T09:23:36.594+0300][47,444s][info][gc] GC(1085) Pause Final Mark (process weakrefs) 0,396ms
[2021-04-30T09:23:36.595+0300][47,444s][info][gc] GC(1085) Concurrent cleanup 111M->111M(128M) 0,040ms
[2021-04-30T09:23:36.595+0300][47,444s][info][gc] GC(1085) Concurrent evacuation 0,145ms
[2021-04-30T09:23:36.595+0300][47,444s][info][gc] GC(1085) Pause Init Update Refs 0,005ms
[2021-04-30T09:23:36.607+0300][47,456s][info][gc] GC(1085) Concurrent update references 12,005ms
[2021-04-30T09:23:36.607+0300][47,457s][info][gc] GC(1085) Pause Final Update Refs 0,075ms
[2021-04-30T09:23:36.607+0300][47,457s][info][gc] GC(1085) Concurrent cleanup 116M->111M(128M) 0,042ms
[2021-04-30T09:23:36.608+0300][47,458s][info][gc] Trigger: Free (8751K) is below minimum threshold (13107K)
[2021-04-30T09:23:36.609+0300][47,458s][info][gc] GC(1086) Concurrent reset 0,132ms
[2021-04-30T09:23:36.609+0300][47,458s][info][gc] GC(1086) Pause Init Mark 0,140ms
[2021-04-30T09:23:36.624+0300][47,473s][info][gc] GC(1086) Concurrent marking 15,041ms
[2021-04-30T09:23:36.624+0300][47,474s][info][gc] GC(1086) Pause Final Mark 0,401ms
[2021-04-30T09:23:36.624+0300][47,474s][info][gc] GC(1086) Concurrent cleanup 113M->113M(128M) 0,042ms
[2021-04-30T09:23:36.625+0300][47,474s][info][gc] GC(1086) Concurrent evacuation 0,140ms
[2021-04-30T09:23:36.625+0300][47,474s][info][gc] GC(1086) Pause Init Update Refs 0,005ms
[2021-04-30T09:23:36.632+0300][47,482s][info][gc] GC(1086) Concurrent update references 7,334ms
[2021-04-30T09:23:36.633+0300][47,482s][info][gc] GC(1086) Pause Final Update Refs 0,070ms
[2021-04-30T09:23:36.633+0300][47,482s][info][gc] GC(1086) Concurrent cleanup 114M->106M(128M) 0,042ms
[2021-04-30T09:23:36.639+0300][47,489s][info][gc] Trigger: Free (12845K) is below minimum threshold (13107K)
[2021-04-30T09:23:36.639+0300][47,489s][info][gc] GC(1087) Concurrent reset 0,121ms
[2021-04-30T09:23:36.640+0300][47,489s][info][gc] GC(1087) Pause Init Mark 0,197ms
[2021-04-30T09:23:36.653+0300][47,503s][info][gc] GC(1087) Concurrent marking 13,514ms
[2021-04-30T09:23:36.654+0300][47,503s][info][gc] GC(1087) Pause Final Mark 0,392ms
[2021-04-30T09:23:36.654+0300][47,503s][info][gc] GC(1087) Concurrent cleanup 110M->110M(128M) 0,036ms
[2021-04-30T09:23:36.654+0300][47,504s][info][gc] GC(1087) Concurrent evacuation 0,230ms
[2021-04-30T09:23:36.654+0300][47,504s][info][gc] GC(1087) Pause Init Update Refs 0,005ms
[2021-04-30T09:23:36.662+0300][47,512s][info][gc] GC(1087) Concurrent update references 7,786ms
[2021-04-30T09:23:36.663+0300][47,512s][info][gc] GC(1087) Pause Final Update Refs 0,097ms
[2021-04-30T09:23:36.663+0300][47,512s][info][gc] GC(1087) Concurrent cleanup 114M->109M(128M) 0,047ms
[2021-04-30T09:23:36.664+0300][47,513s][info][gc] Trigger: Free (11055K) is below minimum threshold (13107K)
[2021-04-30T09:23:36.664+0300][47,513s][info][gc] GC(1088) Concurrent reset 0,109ms
[2021-04-30T09:23:36.664+0300][47,514s][info][gc] GC(1088) Pause Init Mark 0,162ms
[2021-04-30T09:23:36.678+0300][47,527s][info][gc] GC(1088) Concurrent marking 13,330ms
[2021-04-30T09:23:36.678+0300][47,528s][info][gc] GC(1088) Pause Final Mark 0,368ms
[2021-04-30T09:23:36.678+0300][47,528s][info][gc] GC(1088) Concurrent cleanup 112M->112M(128M) 0,041ms
[2021-04-30T09:23:36.679+0300][47,528s][info][gc] GC(1088) Concurrent evacuation 0,124ms
[2021-04-30T09:23:36.679+0300][47,528s][info][gc] GC(1088) Pause Init Update Refs 0,004ms
[2021-04-30T09:23:36.688+0300][47,537s][info][gc] GC(1088) Concurrent update references 8,990ms
[2021-04-30T09:23:36.688+0300][47,537s][info][gc] GC(1088) Pause Final Update Refs 0,052ms
[2021-04-30T09:23:36.688+0300][47,538s][info][gc] GC(1088) Concurrent cleanup 116M->110M(128M) 0,040ms
[2021-04-30T09:23:36.689+0300][47,539s][info][gc] Trigger: Free (11306K) is below minimum threshold (13107K)
[2021-04-30T09:23:36.690+0300][47,539s][info][gc] GC(1089) Concurrent reset 0,288ms
[2021-04-30T09:23:36.690+0300][47,539s][info][gc] GC(1089) Pause Init Mark 0,186ms
[2021-04-30T09:23:36.703+0300][47,552s][info][gc] GC(1089) Concurrent marking 12,955ms
[2021-04-30T09:23:36.703+0300][47,553s][info][gc] GC(1089) Pause Final Mark 0,361ms
[2021-04-30T09:23:36.704+0300][47,553s][info][gc] GC(1089) Concurrent cleanup 111M->111M(128M) 0,039ms
[2021-04-30T09:23:36.704+0300][47,553s][info][gc] GC(1089) Concurrent evacuation 0,062ms
[2021-04-30T09:23:36.704+0300][47,553s][info][gc] GC(1089) Pause Init Update Refs 0,003ms
[2021-04-30T09:23:36.711+0300][47,561s][info][gc] GC(1089) Concurrent update references 7,378ms
[2021-04-30T09:23:36.712+0300][47,561s][info][gc] GC(1089) Pause Final Update Refs 0,127ms
[2021-04-30T09:23:36.712+0300][47,561s][info][gc] GC(1089) Concurrent cleanup 116M->111M(128M) 0,040ms
[2021-04-30T09:23:36.713+0300][47,562s][info][gc] Trigger: Free (9441K) is below minimum threshold (13107K)
[2021-04-30T09:23:36.713+0300][47,563s][info][gc] GC(1090) Concurrent reset 0,249ms
[2021-04-30T09:23:36.714+0300][47,563s][info][gc] GC(1090) Pause Init Mark (process weakrefs) 0,259ms
[2021-04-30T09:23:36.728+0300][47,578s][info][gc] GC(1090) Concurrent marking (process weakrefs) 14,364ms
[2021-04-30T09:23:36.728+0300][47,578s][info][gc] GC(1090) Concurrent precleaning 0,106ms
[2021-04-30T09:23:36.729+0300][47,578s][info][gc] GC(1090) Pause Final Mark (process weakrefs) 0,418ms
[2021-04-30T09:23:36.729+0300][47,578s][info][gc] GC(1090) Concurrent cleanup 113M->113M(128M) 0,037ms
[2021-04-30T09:23:36.729+0300][47,578s][info][gc] GC(1090) Concurrent evacuation 0,115ms
[2021-04-30T09:23:36.729+0300][47,579s][info][gc] GC(1090) Pause Init Update Refs 0,006ms
[2021-04-30T09:23:36.737+0300][47,586s][info][gc] GC(1090) Concurrent update references 7,787ms
[2021-04-30T09:23:36.737+0300][47,587s][info][gc] GC(1090) Pause Final Update Refs 0,110ms
[2021-04-30T09:23:36.737+0300][47,587s][info][gc] GC(1090) Concurrent cleanup 114M->107M(128M) 0,058ms
[2021-04-30T09:23:36.740+0300][47,589s][info][gc] Trigger: Free (12826K) is below minimum threshold (13107K)
[2021-04-30T09:23:36.740+0300][47,590s][info][gc] GC(1091) Concurrent reset 0,439ms
[2021-04-30T09:23:36.741+0300][47,590s][info][gc] GC(1091) Pause Init Mark 0,350ms
[2021-04-30T09:23:36.756+0300][47,605s][info][gc] GC(1091) Concurrent marking 14,974ms
[2021-04-30T09:23:36.757+0300][47,606s][info][gc] GC(1091) Pause Final Mark 0,399ms
[2021-04-30T09:23:36.757+0300][47,606s][info][gc] GC(1091) Concurrent cleanup 110M->110M(128M) 0,038ms
[2021-04-30T09:23:36.757+0300][47,606s][info][gc] GC(1091) Concurrent evacuation 0,170ms
[2021-04-30T09:23:36.757+0300][47,606s][info][gc] GC(1091) Pause Init Update Refs 0,004ms
[2021-04-30T09:23:36.765+0300][47,615s][info][gc] GC(1091) Concurrent update references 8,136ms
[2021-04-30T09:23:36.766+0300][47,615s][info][gc] GC(1091) Pause Final Update Refs 0,104ms
[2021-04-30T09:23:36.766+0300][47,615s][info][gc] GC(1091) Concurrent cleanup 111M->107M(128M) 0,039ms
[2021-04-30T09:23:36.768+0300][47,618s][info][gc] Trigger: Free (12976K) is below minimum threshold (13107K)
[2021-04-30T09:23:36.768+0300][47,618s][info][gc] GC(1092) Concurrent reset 0,225ms
[2021-04-30T09:23:36.769+0300][47,619s][info][gc] GC(1092) Pause Init Mark 0,581ms
[2021-04-30T09:23:36.784+0300][47,633s][info][gc] GC(1092) Concurrent marking 14,291ms
[2021-04-30T09:23:36.785+0300][47,634s][info][gc] GC(1092) Pause Final Mark 0,518ms
[2021-04-30T09:23:36.785+0300][47,634s][info][gc] GC(1092) Concurrent cleanup 110M->110M(128M) 0,042ms
[2021-04-30T09:23:36.785+0300][47,634s][info][gc] GC(1092) Concurrent evacuation 0,147ms
[2021-04-30T09:23:36.785+0300][47,634s][info][gc] GC(1092) Pause Init Update Refs 0,004ms
[2021-04-30T09:23:36.793+0300][47,642s][info][gc] GC(1092) Concurrent update references 7,990ms
[2021-04-30T09:23:36.794+0300][47,643s][info][gc] GC(1092) Pause Final Update Refs 0,145ms
[2021-04-30T09:23:36.794+0300][47,643s][info][gc] GC(1092) Concurrent cleanup 116M->112M(128M) 0,057ms
[2021-04-30T09:23:36.795+0300][47,644s][info][gc] Trigger: Free (8833K) is below minimum threshold (13107K)
[2021-04-30T09:23:36.795+0300][47,644s][info][gc] GC(1093) Concurrent reset 0,164ms
[2021-04-30T09:23:36.796+0300][47,645s][info][gc] GC(1093) Pause Init Mark 0,296ms
[2021-04-30T09:23:36.810+0300][47,660s][info][gc] GC(1093) Concurrent marking 14,765ms
[2021-04-30T09:23:36.811+0300][47,661s][info][gc] GC(1093) Pause Final Mark 0,603ms
[2021-04-30T09:23:36.811+0300][47,661s][info][gc] GC(1093) Concurrent cleanup 113M->113M(128M) 0,038ms
[2021-04-30T09:23:36.812+0300][47,661s][info][gc] GC(1093) Concurrent evacuation 0,125ms
[2021-04-30T09:23:36.812+0300][47,661s][info][gc] GC(1093) Pause Init Update Refs 0,004ms
[2021-04-30T09:23:36.820+0300][47,669s][info][gc] GC(1093) Concurrent update references 8,326ms
[2021-04-30T09:23:36.820+0300][47,670s][info][gc] GC(1093) Pause Final Update Refs 0,188ms
[2021-04-30T09:23:36.821+0300][47,670s][info][gc] GC(1093) Concurrent cleanup 116M->109M(128M) 0,041ms
[2021-04-30T09:23:36.822+0300][47,671s][info][gc] Trigger: Free (11151K) is below minimum threshold (13107K)
[2021-04-30T09:23:36.822+0300][47,671s][info][gc] GC(1094) Concurrent reset 0,134ms
[2021-04-30T09:23:36.822+0300][47,672s][info][gc] GC(1094) Pause Init Mark 0,188ms
[2021-04-30T09:23:36.836+0300][47,686s][info][gc] GC(1094) Concurrent marking 14,132ms
[2021-04-30T09:23:36.837+0300][47,687s][info][gc] GC(1094) Pause Final Mark 0,403ms
[2021-04-30T09:23:36.837+0300][47,687s][info][gc] GC(1094) Concurrent cleanup 111M->112M(128M) 0,037ms
[2021-04-30T09:23:36.838+0300][47,687s][info][gc] GC(1094) Concurrent evacuation 0,787ms
[2021-04-30T09:23:36.838+0300][47,688s][info][gc] GC(1094) Pause Init Update Refs 0,006ms
[2021-04-30T09:23:36.849+0300][47,699s][info][gc] GC(1094) Concurrent update references 11,000ms
[2021-04-30T09:23:36.850+0300][47,699s][info][gc] GC(1094) Pause Final Update Refs 0,216ms
[2021-04-30T09:23:36.850+0300][47,699s][info][gc] GC(1094) Concurrent cleanup 118M->111M(128M) 0,040ms
[2021-04-30T09:23:36.851+0300][47,700s][info][gc] Trigger: Free (9232K) is below minimum threshold (13107K)
[2021-04-30T09:23:36.851+0300][47,701s][info][gc] GC(1095) Concurrent reset 0,126ms
[2021-04-30T09:23:36.852+0300][47,701s][info][gc] GC(1095) Pause Init Mark (process weakrefs) 0,269ms
[2021-04-30T09:23:36.865+0300][47,714s][info][gc] GC(1095) Concurrent marking (process weakrefs) 12,990ms
[2021-04-30T09:23:36.865+0300][47,714s][info][gc] GC(1095) Concurrent precleaning 0,094ms
[2021-04-30T09:23:36.865+0300][47,715s][info][gc] GC(1095) Pause Final Mark (process weakrefs) 0,454ms
[2021-04-30T09:23:36.865+0300][47,715s][info][gc] GC(1095) Concurrent cleanup 113M->113M(128M) 0,036ms
[2021-04-30T09:23:36.866+0300][47,715s][info][gc] GC(1095) Concurrent evacuation 0,164ms
[2021-04-30T09:23:36.866+0300][47,715s][info][gc] GC(1095) Pause Init Update Refs 0,005ms
[2021-04-30T09:23:36.876+0300][47,725s][info][gc] GC(1095) Concurrent update references 9,909ms
[2021-04-30T09:23:36.876+0300][47,726s][info][gc] GC(1095) Pause Final Update Refs 0,144ms
[2021-04-30T09:23:36.876+0300][47,726s][info][gc] GC(1095) Concurrent cleanup 117M->110M(128M) 0,040ms
[2021-04-30T09:23:36.877+0300][47,727s][info][gc] Trigger: Free (10660K) is below minimum threshold (13107K)
[2021-04-30T09:23:36.877+0300][47,727s][info][gc] GC(1096) Concurrent reset 0,167ms
[2021-04-30T09:23:36.878+0300][47,727s][info][gc] GC(1096) Pause Init Mark 0,297ms
[2021-04-30T09:23:36.891+0300][47,741s][info][gc] GC(1096) Concurrent marking 13,156ms
[2021-04-30T09:23:36.892+0300][47,741s][info][gc] GC(1096) Pause Final Mark 0,435ms
[2021-04-30T09:23:36.892+0300][47,741s][info][gc] GC(1096) Concurrent cleanup 112M->112M(128M) 0,036ms
[2021-04-30T09:23:36.893+0300][47,742s][info][gc] GC(1096) Concurrent evacuation 0,752ms
[2021-04-30T09:23:36.893+0300][47,742s][info][gc] GC(1096) Pause Init Update Refs 0,025ms
[2021-04-30T09:23:36.906+0300][47,755s][info][gc] GC(1096) Concurrent update references 12,915ms
[2021-04-30T09:23:36.906+0300][47,756s][info][gc] GC(1096) Pause Final Update Refs 0,087ms
[2021-04-30T09:23:36.906+0300][47,756s][info][gc] GC(1096) Concurrent cleanup 122M->114M(128M) 0,039ms
[2021-04-30T09:23:36.907+0300][47,757s][info][gc] Trigger: Free (5698K) is below minimum threshold (13107K)
[2021-04-30T09:23:36.908+0300][47,757s][info][gc] GC(1097) Concurrent reset 0,148ms
[2021-04-30T09:23:36.908+0300][47,757s][info][gc] GC(1097) Pause Init Mark 0,184ms
[2021-04-30T09:23:36.921+0300][47,770s][info][gc] GC(1097) Concurrent marking 12,823ms
[2021-04-30T09:23:36.921+0300][47,771s][info][gc] GC(1097) Pause Final Mark 0,335ms
[2021-04-30T09:23:36.921+0300][47,771s][info][gc] GC(1097) Concurrent cleanup 116M->116M(128M) 0,036ms
[2021-04-30T09:23:36.922+0300][47,771s][info][gc] GC(1097) Concurrent evacuation 0,582ms
[2021-04-30T09:23:36.922+0300][47,771s][info][gc] GC(1097) Pause Init Update Refs 0,003ms
[2021-04-30T09:23:36.930+0300][47,779s][info][gc] GC(1097) Concurrent update references 7,673ms
[2021-04-30T09:23:36.930+0300][47,779s][info][gc] GC(1097) Pause Final Update Refs 0,091ms
[2021-04-30T09:23:36.930+0300][47,780s][info][gc] GC(1097) Concurrent cleanup 122M->110M(128M) 0,041ms
[2021-04-30T09:23:36.931+0300][47,781s][info][gc] Trigger: Free (11216K) is below minimum threshold (13107K)
[2021-04-30T09:23:36.932+0300][47,781s][info][gc] GC(1098) Concurrent reset 0,253ms
[2021-04-30T09:23:36.932+0300][47,781s][info][gc] GC(1098) Pause Init Mark 0,154ms
[2021-04-30T09:23:36.950+0300][47,799s][info][gc] GC(1098) Concurrent marking 17,528ms
[2021-04-30T09:23:36.950+0300][47,800s][info][gc] GC(1098) Pause Final Mark 0,379ms
[2021-04-30T09:23:36.950+0300][47,800s][info][gc] GC(1098) Concurrent cleanup 111M->111M(128M) 0,040ms
[2021-04-30T09:23:36.951+0300][47,800s][info][gc] GC(1098) Concurrent evacuation 0,266ms
[2021-04-30T09:23:36.951+0300][47,800s][info][gc] GC(1098) Pause Init Update Refs 0,005ms
[2021-04-30T09:23:36.959+0300][47,808s][info][gc] GC(1098) Concurrent update references 7,687ms
[2021-04-30T09:23:36.959+0300][47,808s][info][gc] GC(1098) Pause Final Update Refs 0,216ms
[2021-04-30T09:23:36.959+0300][47,809s][info][gc] GC(1098) Concurrent cleanup 116M->111M(128M) 0,042ms
[2021-04-30T09:23:36.960+0300][47,810s][info][gc] Trigger: Free (9504K) is below minimum threshold (13107K)
[2021-04-30T09:23:36.960+0300][47,810s][info][gc] GC(1099) Concurrent reset 0,158ms
[2021-04-30T09:23:36.961+0300][47,810s][info][gc] GC(1099) Pause Init Mark (unload classes) 0,276ms
[2021-04-30T09:23:36.974+0300][47,823s][info][gc] GC(1099) Concurrent marking (unload classes) 12,752ms
[2021-04-30T09:23:36.977+0300][47,826s][info][gc] GC(1099) Pause Final Mark (unload classes) 2,731ms
[2021-04-30T09:23:36.977+0300][47,826s][info][gc] GC(1099) Concurrent cleanup 113M->113M(128M) 0,055ms
[2021-04-30T09:23:36.977+0300][47,826s][info][gc] GC(1099) Concurrent evacuation 0,144ms
[2021-04-30T09:23:36.977+0300][47,827s][info][gc] GC(1099) Pause Init Update Refs 0,004ms
[2021-04-30T09:23:36.985+0300][47,834s][info][gc] GC(1099) Concurrent update references 7,557ms
[2021-04-30T09:23:36.985+0300][47,835s][info][gc] GC(1099) Pause Final Update Refs 0,130ms
[2021-04-30T09:23:36.985+0300][47,835s][info][gc] GC(1099) Concurrent cleanup 117M->110M(128M) 0,041ms
[2021-04-30T09:23:36.986+0300][47,836s][info][gc] Trigger: Free (9746K) is below minimum threshold (13107K)
[2021-04-30T09:23:36.986+0300][47,836s][info][gc] GC(1100) Concurrent reset 0,151ms
[2021-04-30T09:23:36.987+0300][47,836s][info][gc] GC(1100) Pause Init Mark (process weakrefs) 0,263ms
[2021-04-30T09:23:37.000+0300][47,849s][info][gc] GC(1100) Concurrent marking (process weakrefs) 12,720ms
[2021-04-30T09:23:37.000+0300][47,849s][info][gc] GC(1100) Concurrent precleaning 0,110ms
[2021-04-30T09:23:37.000+0300][47,850s][info][gc] GC(1100) Pause Final Mark (process weakrefs) 0,417ms
[2021-04-30T09:23:37.000+0300][47,850s][info][gc] GC(1100) Concurrent cleanup 113M->113M(128M) 0,038ms
[2021-04-30T09:23:37.001+0300][47,850s][info][gc] GC(1100) Concurrent evacuation 0,110ms
[2021-04-30T09:23:37.001+0300][47,850s][info][gc] GC(1100) Pause Init Update Refs 0,005ms
[2021-04-30T09:23:37.009+0300][47,858s][info][gc] GC(1100) Concurrent update references 7,863ms
[2021-04-30T09:23:37.009+0300][47,859s][info][gc] GC(1100) Pause Final Update Refs 0,150ms
[2021-04-30T09:23:37.009+0300][47,859s][info][gc] GC(1100) Concurrent cleanup 118M->111M(128M) 0,042ms
[2021-04-30T09:23:37.010+0300][47,860s][info][gc] Trigger: Free (9269K) is below minimum threshold (13107K)
[2021-04-30T09:23:37.010+0300][47,860s][info][gc] GC(1101) Concurrent reset 0,165ms
[2021-04-30T09:23:37.011+0300][47,860s][info][gc] GC(1101) Pause Init Mark 0,296ms
[2021-04-30T09:23:37.025+0300][47,875s][info][gc] GC(1101) Concurrent marking 14,450ms
[2021-04-30T09:23:37.026+0300][47,875s][info][gc] GC(1101) Pause Final Mark 0,321ms
[2021-04-30T09:23:37.026+0300][47,875s][info][gc] GC(1101) Concurrent cleanup 113M->113M(128M) 0,038ms
[2021-04-30T09:23:37.026+0300][47,876s][info][gc] GC(1101) Concurrent evacuation 0,127ms
[2021-04-30T09:23:37.026+0300][47,876s][info][gc] GC(1101) Pause Init Update Refs 0,005ms
[2021-04-30T09:23:37.040+0300][47,890s][info][gc] GC(1101) Concurrent update references 13,882ms
[2021-04-30T09:23:37.041+0300][47,890s][info][gc] GC(1101) Pause Final Update Refs 0,128ms
[2021-04-30T09:23:37.041+0300][47,890s][info][gc] GC(1101) Concurrent cleanup 119M->112M(128M) 0,041ms
[2021-04-30T09:23:37.042+0300][47,891s][info][gc] Trigger: Free (8266K) is below minimum threshold (13107K)
[2021-04-30T09:23:37.042+0300][47,891s][info][gc] GC(1102) Concurrent reset 0,121ms
[2021-04-30T09:23:37.042+0300][47,892s][info][gc] GC(1102) Pause Init Mark 0,176ms
[2021-04-30T09:23:37.063+0300][47,912s][info][gc] GC(1102) Concurrent marking 20,521ms
[2021-04-30T09:23:37.064+0300][47,913s][info][gc] GC(1102) Pause Final Mark 0,455ms
[2021-04-30T09:23:37.064+0300][47,913s][info][gc] GC(1102) Concurrent cleanup 114M->114M(128M) 0,040ms
[2021-04-30T09:23:37.064+0300][47,913s][info][gc] GC(1102) Concurrent evacuation 0,188ms
[2021-04-30T09:23:37.064+0300][47,913s][info][gc] GC(1102) Pause Init Update Refs 0,006ms
[2021-04-30T09:23:37.076+0300][47,925s][info][gc] GC(1102) Concurrent update references 11,677ms
[2021-04-30T09:23:37.076+0300][47,925s][info][gc] GC(1102) Pause Final Update Refs 0,110ms
[2021-04-30T09:23:37.076+0300][47,925s][info][gc] GC(1102) Concurrent cleanup 119M->111M(128M) 0,043ms
[2021-04-30T09:23:37.077+0300][47,927s][info][gc] Trigger: Free (9954K) is below minimum threshold (13107K)
[2021-04-30T09:23:37.077+0300][47,927s][info][gc] GC(1103) Concurrent reset 0,167ms
[2021-04-30T09:23:37.078+0300][47,927s][info][gc] GC(1103) Pause Init Mark 0,137ms
[2021-04-30T09:23:37.093+0300][47,942s][info][gc] GC(1103) Concurrent marking 14,860ms
[2021-04-30T09:23:37.093+0300][47,942s][info][gc] GC(1103) Pause Final Mark 0,371ms
[2021-04-30T09:23:37.093+0300][47,943s][info][gc] GC(1103) Concurrent cleanup 112M->112M(128M) 0,037ms
[2021-04-30T09:23:37.093+0300][47,943s][info][gc] GC(1103) Concurrent evacuation 0,191ms
[2021-04-30T09:23:37.093+0300][47,943s][info][gc] GC(1103) Pause Init Update Refs 0,004ms
[2021-04-30T09:23:37.103+0300][47,952s][info][gc] GC(1103) Concurrent update references 9,031ms
[2021-04-30T09:23:37.103+0300][47,952s][info][gc] GC(1103) Pause Final Update Refs 0,145ms
[2021-04-30T09:23:37.103+0300][47,952s][info][gc] GC(1103) Concurrent cleanup 115M->108M(128M) 0,041ms
[2021-04-30T09:23:37.104+0300][47,954s][info][gc] Trigger: Free (11966K) is below minimum threshold (13107K)
[2021-04-30T09:23:37.104+0300][47,954s][info][gc] GC(1104) Concurrent reset 0,173ms
[2021-04-30T09:23:37.105+0300][47,954s][info][gc] GC(1104) Pause Init Mark 0,147ms
[2021-04-30T09:23:37.119+0300][47,968s][info][gc] GC(1104) Concurrent marking 13,900ms
[2021-04-30T09:23:37.119+0300][47,968s][info][gc] GC(1104) Pause Final Mark 0,354ms
[2021-04-30T09:23:37.119+0300][47,969s][info][gc] GC(1104) Concurrent cleanup 111M->111M(128M) 0,042ms
[2021-04-30T09:23:37.119+0300][47,969s][info][gc] GC(1104) Concurrent evacuation 0,154ms
[2021-04-30T09:23:37.119+0300][47,969s][info][gc] GC(1104) Pause Init Update Refs 0,025ms
[2021-04-30T09:23:37.132+0300][47,982s][info][gc] GC(1104) Concurrent update references 12,662ms
[2021-04-30T09:23:37.133+0300][47,982s][info][gc] GC(1104) Pause Final Update Refs 0,143ms
[2021-04-30T09:23:37.133+0300][47,982s][info][gc] GC(1104) Concurrent cleanup 118M->114M(128M) 0,041ms
[2021-04-30T09:23:37.134+0300][47,983s][info][gc] Trigger: Free (5985K) is below minimum threshold (13107K)
[2021-04-30T09:23:37.134+0300][47,983s][info][gc] GC(1105) Concurrent reset 0,127ms
[2021-04-30T09:23:37.135+0300][47,984s][info][gc] GC(1105) Pause Init Mark (process weakrefs) 0,326ms
[2021-04-30T09:23:37.154+0300][48,003s][info][gc] GC(1105) Concurrent marking (process weakrefs) 19,400ms
[2021-04-30T09:23:37.154+0300][48,004s][info][gc] GC(1105) Concurrent precleaning 0,186ms
[2021-04-30T09:23:37.155+0300][48,005s][info][gc] GC(1105) Pause Final Mark (process weakrefs) 0,599ms
[2021-04-30T09:23:37.155+0300][48,005s][info][gc] GC(1105) Concurrent cleanup 116M->116M(128M) 0,037ms
[2021-04-30T09:23:37.155+0300][48,005s][info][gc] GC(1105) Concurrent evacuation 0,225ms
[2021-04-30T09:23:37.156+0300][48,005s][info][gc] GC(1105) Pause Init Update Refs 0,005ms
[2021-04-30T09:23:37.163+0300][48,012s][info][gc] GC(1105) Concurrent update references 7,271ms
[2021-04-30T09:23:37.163+0300][48,013s][info][gc] GC(1105) Pause Final Update Refs 0,140ms
[2021-04-30T09:23:37.164+0300][48,013s][info][gc] GC(1105) Concurrent cleanup 120M->110M(128M) 0,042ms
[2021-04-30T09:23:37.165+0300][48,014s][info][gc] Trigger: Free (10585K) is below minimum threshold (13107K)
[2021-04-30T09:23:37.165+0300][48,014s][info][gc] GC(1106) Concurrent reset 0,125ms
[2021-04-30T09:23:37.165+0300][48,015s][info][gc] GC(1106) Pause Init Mark 0,193ms
[2021-04-30T09:23:37.179+0300][48,029s][info][gc] GC(1106) Concurrent marking 13,862ms
[2021-04-30T09:23:37.180+0300][48,029s][info][gc] GC(1106) Pause Final Mark 0,711ms
[2021-04-30T09:23:37.180+0300][48,030s][info][gc] GC(1106) Concurrent cleanup 112M->112M(128M) 0,046ms
[2021-04-30T09:23:37.180+0300][48,030s][info][gc] GC(1106) Concurrent evacuation 0,215ms
[2021-04-30T09:23:37.181+0300][48,030s][info][gc] GC(1106) Pause Init Update Refs 0,005ms
[2021-04-30T09:23:37.188+0300][48,037s][info][gc] GC(1106) Concurrent update references 7,314ms
[2021-04-30T09:23:37.188+0300][48,038s][info][gc] GC(1106) Pause Final Update Refs 0,111ms
[2021-04-30T09:23:37.188+0300][48,038s][info][gc] GC(1106) Concurrent cleanup 118M->112M(128M) 0,039ms
[2021-04-30T09:23:37.190+0300][48,039s][info][gc] Trigger: Free (8341K) is below minimum threshold (13107K)
[2021-04-30T09:23:37.190+0300][48,039s][info][gc] GC(1107) Concurrent reset 0,243ms
[2021-04-30T09:23:37.190+0300][48,040s][info][gc] GC(1107) Pause Init Mark 0,213ms
[2021-04-30T09:23:37.203+0300][48,053s][info][gc] GC(1107) Concurrent marking 12,809ms
[2021-04-30T09:23:37.204+0300][48,053s][info][gc] GC(1107) Pause Final Mark 0,528ms
[2021-04-30T09:23:37.204+0300][48,053s][info][gc] GC(1107) Concurrent cleanup 114M->114M(128M) 0,036ms
[2021-04-30T09:23:37.204+0300][48,054s][info][gc] GC(1107) Concurrent evacuation 0,184ms
[2021-04-30T09:23:37.204+0300][48,054s][info][gc] GC(1107) Pause Init Update Refs 0,005ms
[2021-04-30T09:23:37.212+0300][48,061s][info][gc] GC(1107) Concurrent update references 7,563ms
[2021-04-30T09:23:37.212+0300][48,062s][info][gc] GC(1107) Pause Final Update Refs 0,123ms
[2021-04-30T09:23:37.212+0300][48,062s][info][gc] GC(1107) Concurrent cleanup 118M->112M(128M) 0,040ms
[2021-04-30T09:23:37.214+0300][48,063s][info][gc] Trigger: Free (8693K) is below minimum threshold (13107K)
[2021-04-30T09:23:37.214+0300][48,063s][info][gc] GC(1108) Concurrent reset 0,117ms
[2021-04-30T09:23:37.214+0300][48,064s][info][gc] GC(1108) Pause Init Mark 0,172ms
[2021-04-30T09:23:37.229+0300][48,078s][info][gc] GC(1108) Concurrent marking 14,877ms
[2021-04-30T09:23:37.229+0300][48,079s][info][gc] GC(1108) Pause Final Mark 0,386ms
[2021-04-30T09:23:37.230+0300][48,079s][info][gc] GC(1108) Concurrent cleanup 113M->114M(128M) 0,037ms
[2021-04-30T09:23:37.230+0300][48,079s][info][gc] GC(1108) Concurrent evacuation 0,193ms
[2021-04-30T09:23:37.230+0300][48,079s][info][gc] GC(1108) Pause Init Update Refs 0,005ms
[2021-04-30T09:23:37.238+0300][48,088s][info][gc] GC(1108) Concurrent update references 8,405ms
[2021-04-30T09:23:37.239+0300][48,088s][info][gc] GC(1108) Pause Final Update Refs 0,069ms
[2021-04-30T09:23:37.239+0300][48,088s][info][gc] GC(1108) Concurrent cleanup 120M->113M(128M) 0,043ms
[2021-04-30T09:23:37.240+0300][48,089s][info][gc] Trigger: Free (7647K) is below minimum threshold (13107K)
[2021-04-30T09:23:37.240+0300][48,089s][info][gc] GC(1109) Concurrent reset 0,126ms
[2021-04-30T09:23:37.240+0300][48,090s][info][gc] GC(1109) Pause Init Mark 0,227ms
[2021-04-30T09:23:37.254+0300][48,104s][info][gc] GC(1109) Concurrent marking 13,615ms
[2021-04-30T09:23:37.254+0300][48,104s][info][gc] GC(1109) Pause Final Mark 0,341ms
[2021-04-30T09:23:37.255+0300][48,104s][info][gc] GC(1109) Concurrent cleanup 114M->114M(128M) 0,038ms
[2021-04-30T09:23:37.255+0300][48,104s][info][gc] GC(1109) Concurrent evacuation 0,098ms
[2021-04-30T09:23:37.255+0300][48,104s][info][gc] GC(1109) Pause Init Update Refs 0,004ms
[2021-04-30T09:23:37.265+0300][48,114s][info][gc] GC(1109) Concurrent update references 9,944ms
[2021-04-30T09:23:37.265+0300][48,115s][info][gc] GC(1109) Pause Final Update Refs 0,124ms
[2021-04-30T09:23:37.265+0300][48,115s][info][gc] GC(1109) Concurrent cleanup 119M->111M(128M) 0,063ms
[2021-04-30T09:23:37.266+0300][48,116s][info][gc] Trigger: Free (9212K) is below minimum threshold (13107K)
[2021-04-30T09:23:37.267+0300][48,116s][info][gc] GC(1110) Concurrent reset 0,233ms
[2021-04-30T09:23:37.267+0300][48,116s][info][gc] GC(1110) Pause Init Mark (process weakrefs) 0,174ms
[2021-04-30T09:23:37.282+0300][48,132s][info][gc] GC(1110) Concurrent marking (process weakrefs) 15,263ms
[2021-04-30T09:23:37.282+0300][48,132s][info][gc] GC(1110) Concurrent precleaning 0,101ms
[2021-04-30T09:23:37.283+0300][48,132s][info][gc] GC(1110) Pause Final Mark (process weakrefs) 0,425ms
[2021-04-30T09:23:37.283+0300][48,133s][info][gc] GC(1110) Concurrent cleanup 113M->113M(128M) 0,039ms
[2021-04-30T09:23:37.283+0300][48,133s][info][gc] GC(1110) Concurrent evacuation 0,150ms
[2021-04-30T09:23:37.284+0300][48,133s][info][gc] GC(1110) Pause Init Update Refs 0,004ms
[2021-04-30T09:23:37.292+0300][48,141s][info][gc] GC(1110) Concurrent update references 8,148ms
[2021-04-30T09:23:37.292+0300][48,142s][info][gc] GC(1110) Pause Final Update Refs 0,134ms
[2021-04-30T09:23:37.292+0300][48,142s][info][gc] GC(1110) Concurrent cleanup 113M->107M(128M) 0,051ms
[2021-04-30T09:23:37.294+0300][48,144s][info][gc] Trigger: Free (12769K) is below minimum threshold (13107K)
[2021-04-30T09:23:37.295+0300][48,144s][info][gc] GC(1111) Concurrent reset 0,127ms
[2021-04-30T09:23:37.295+0300][48,144s][info][gc] GC(1111) Pause Init Mark 0,145ms
[2021-04-30T09:23:37.310+0300][48,159s][info][gc] GC(1111) Concurrent marking 14,764ms
[2021-04-30T09:23:37.310+0300][48,160s][info][gc] GC(1111) Pause Final Mark 0,304ms
[2021-04-30T09:23:37.310+0300][48,160s][info][gc] GC(1111) Concurrent cleanup 110M->111M(128M) 0,037ms
[2021-04-30T09:23:37.310+0300][48,160s][info][gc] GC(1111) Concurrent evacuation 0,076ms
[2021-04-30T09:23:37.311+0300][48,160s][info][gc] GC(1111) Pause Init Update Refs 0,004ms
[2021-04-30T09:23:37.319+0300][48,168s][info][gc] GC(1111) Concurrent update references 8,386ms
[2021-04-30T09:23:37.319+0300][48,169s][info][gc] GC(1111) Pause Final Update Refs 0,114ms
[2021-04-30T09:23:37.320+0300][48,169s][info][gc] GC(1111) Concurrent cleanup 115M->112M(128M) 0,040ms
[2021-04-30T09:23:37.321+0300][48,170s][info][gc] Trigger: Free (8099K) is below minimum threshold (13107K)
[2021-04-30T09:23:37.321+0300][48,170s][info][gc] GC(1112) Concurrent reset 0,120ms
[2021-04-30T09:23:37.321+0300][48,171s][info][gc] GC(1112) Pause Init Mark 0,143ms
[2021-04-30T09:23:37.334+0300][48,184s][info][gc] GC(1112) Concurrent marking 12,978ms
[2021-04-30T09:23:37.335+0300][48,184s][info][gc] GC(1112) Pause Final Mark 0,385ms
[2021-04-30T09:23:37.335+0300][48,184s][info][gc] GC(1112) Concurrent cleanup 114M->114M(128M) 0,040ms
[2021-04-30T09:23:37.335+0300][48,184s][info][gc] GC(1112) Concurrent evacuation 0,120ms
[2021-04-30T09:23:37.335+0300][48,185s][info][gc] GC(1112) Pause Init Update Refs 0,005ms
[2021-04-30T09:23:37.342+0300][48,192s][info][gc] GC(1112) Concurrent update references 7,300ms
[2021-04-30T09:23:37.343+0300][48,192s][info][gc] GC(1112) Pause Final Update Refs 0,068ms
[2021-04-30T09:23:37.343+0300][48,192s][info][gc] GC(1112) Concurrent cleanup 118M->111M(128M) 0,039ms
[2021-04-30T09:23:37.344+0300][48,193s][info][gc] Trigger: Free (9202K) is below minimum threshold (13107K)
[2021-04-30T09:23:37.344+0300][48,194s][info][gc] GC(1113) Concurrent reset 0,163ms
[2021-04-30T09:23:37.344+0300][48,194s][info][gc] GC(1113) Pause Init Mark 0,146ms
[2021-04-30T09:23:37.358+0300][48,207s][info][gc] GC(1113) Concurrent marking 12,982ms
[2021-04-30T09:23:37.358+0300][48,208s][info][gc] GC(1113) Pause Final Mark 0,537ms
[2021-04-30T09:23:37.358+0300][48,208s][info][gc] GC(1113) Concurrent cleanup 113M->113M(128M) 0,038ms
[2021-04-30T09:23:37.359+0300][48,208s][info][gc] GC(1113) Concurrent evacuation 0,115ms
[2021-04-30T09:23:37.359+0300][48,208s][info][gc] GC(1113) Pause Init Update Refs 0,004ms
[2021-04-30T09:23:37.366+0300][48,216s][info][gc] GC(1113) Concurrent update references 7,644ms
[2021-04-30T09:23:37.367+0300][48,216s][info][gc] GC(1113) Pause Final Update Refs 0,198ms
[2021-04-30T09:23:37.367+0300][48,216s][info][gc] GC(1113) Concurrent cleanup 119M->113M(128M) 0,039ms
[2021-04-30T09:23:37.368+0300][48,218s][info][gc] Trigger: Free (7450K) is below minimum threshold (13107K)
[2021-04-30T09:23:37.368+0300][48,218s][info][gc] GC(1114) Concurrent reset 0,208ms
[2021-04-30T09:23:37.369+0300][48,218s][info][gc] GC(1114) Pause Init Mark 0,186ms
[2021-04-30T09:23:37.382+0300][48,231s][info][gc] GC(1114) Concurrent marking 13,089ms
[2021-04-30T09:23:37.383+0300][48,232s][info][gc] GC(1114) Pause Final Mark 0,628ms
[2021-04-30T09:23:37.383+0300][48,232s][info][gc] GC(1114) Concurrent cleanup 115M->115M(128M) 0,038ms
[2021-04-30T09:23:37.383+0300][48,233s][info][gc] GC(1114) Concurrent evacuation 0,223ms
[2021-04-30T09:23:37.383+0300][48,233s][info][gc] GC(1114) Pause Init Update Refs 0,020ms
[2021-04-30T09:23:37.391+0300][48,240s][info][gc] GC(1114) Concurrent update references 7,445ms
[2021-04-30T09:23:37.391+0300][48,241s][info][gc] GC(1114) Pause Final Update Refs 0,066ms
[2021-04-30T09:23:37.391+0300][48,241s][info][gc] GC(1114) Concurrent cleanup 121M->113M(128M) 0,041ms
[2021-04-30T09:23:37.392+0300][48,242s][info][gc] Trigger: Free (7587K) is below minimum threshold (13107K)
[2021-04-30T09:23:37.393+0300][48,242s][info][gc] GC(1115) Concurrent reset 0,231ms
[2021-04-30T09:23:37.393+0300][48,243s][info][gc] GC(1115) Pause Init Mark (process weakrefs) 0,359ms
[2021-04-30T09:23:37.413+0300][48,262s][info][gc] GC(1115) Concurrent marking (process weakrefs) 19,223ms
[2021-04-30T09:23:37.413+0300][48,262s][info][gc] GC(1115) Concurrent precleaning 0,149ms
[2021-04-30T09:23:37.413+0300][48,263s][info][gc] GC(1115) Pause Final Mark (process weakrefs) 0,360ms
[2021-04-30T09:23:37.414+0300][48,263s][info][gc] GC(1115) Concurrent cleanup 114M->114M(128M) 0,039ms
[2021-04-30T09:23:37.414+0300][48,263s][info][gc] GC(1115) Concurrent evacuation 0,067ms
[2021-04-30T09:23:37.414+0300][48,263s][info][gc] GC(1115) Pause Init Update Refs 0,004ms
[2021-04-30T09:23:37.422+0300][48,271s][info][gc] GC(1115) Concurrent update references 7,690ms
[2021-04-30T09:23:37.422+0300][48,271s][info][gc] GC(1115) Pause Final Update Refs 0,067ms
[2021-04-30T09:23:37.422+0300][48,271s][info][gc] GC(1115) Concurrent cleanup 117M->110M(128M) 0,039ms
[2021-04-30T09:23:37.423+0300][48,272s][info][gc] Trigger: Free (10790K) is below minimum threshold (13107K)
[2021-04-30T09:23:37.423+0300][48,273s][info][gc] GC(1116) Concurrent reset 0,128ms
[2021-04-30T09:23:37.423+0300][48,273s][info][gc] GC(1116) Pause Init Mark 0,145ms
[2021-04-30T09:23:37.438+0300][48,288s][info][gc] GC(1116) Concurrent marking 14,565ms
[2021-04-30T09:23:37.438+0300][48,288s][info][gc] GC(1116) Pause Final Mark 0,281ms
[2021-04-30T09:23:37.439+0300][48,288s][info][gc] GC(1116) Concurrent cleanup 112M->112M(128M) 0,039ms
[2021-04-30T09:23:37.439+0300][48,288s][info][gc] GC(1116) Concurrent evacuation 0,104ms
[2021-04-30T09:23:37.439+0300][48,288s][info][gc] GC(1116) Pause Init Update Refs 0,005ms
[2021-04-30T09:23:37.450+0300][48,299s][info][gc] GC(1116) Concurrent update references 11,130ms
[2021-04-30T09:23:37.450+0300][48,300s][info][gc] GC(1116) Pause Final Update Refs 0,082ms
[2021-04-30T09:23:37.450+0300][48,300s][info][gc] GC(1116) Concurrent cleanup 117M->114M(128M) 0,040ms
[2021-04-30T09:23:37.452+0300][48,301s][info][gc] Trigger: Free (7043K) is below minimum threshold (13107K)
[2021-04-30T09:23:37.452+0300][48,302s][info][gc] GC(1117) Concurrent reset 0,669ms
[2021-04-30T09:23:37.453+0300][48,302s][info][gc] GC(1117) Pause Init Mark 0,184ms
[2021-04-30T09:23:37.470+0300][48,319s][info][gc] GC(1117) Concurrent marking 17,160ms
[2021-04-30T09:23:37.471+0300][48,320s][info][gc] GC(1117) Pause Final Mark 0,597ms
[2021-04-30T09:23:37.471+0300][48,320s][info][gc] GC(1117) Concurrent cleanup 115M->115M(128M) 0,037ms
[2021-04-30T09:23:37.471+0300][48,320s][info][gc] GC(1117) Concurrent evacuation 0,131ms
[2021-04-30T09:23:37.471+0300][48,321s][info][gc] GC(1117) Pause Init Update Refs 0,016ms
[2021-04-30T09:23:37.485+0300][48,335s][info][gc] GC(1117) Concurrent update references 14,033ms
[2021-04-30T09:23:37.486+0300][48,335s][info][gc] GC(1117) Pause Final Update Refs 0,160ms
[2021-04-30T09:23:37.486+0300][48,335s][info][gc] GC(1117) Concurrent cleanup 121M->113M(128M) 0,039ms
[2021-04-30T09:23:37.487+0300][48,336s][info][gc] Trigger: Free (8122K) is below minimum threshold (13107K)
[2021-04-30T09:23:37.487+0300][48,337s][info][gc] GC(1118) Concurrent reset 0,316ms
[2021-04-30T09:23:37.488+0300][48,337s][info][gc] GC(1118) Pause Init Mark 0,269ms
[2021-04-30T09:23:37.504+0300][48,353s][info][gc] GC(1118) Concurrent marking 16,249ms
[2021-04-30T09:23:37.504+0300][48,354s][info][gc] GC(1118) Pause Final Mark 0,364ms
[2021-04-30T09:23:37.505+0300][48,354s][info][gc] GC(1118) Concurrent cleanup 114M->114M(128M) 0,039ms
[2021-04-30T09:23:37.505+0300][48,354s][info][gc] GC(1118) Concurrent evacuation 0,378ms
[2021-04-30T09:23:37.505+0300][48,355s][info][gc] GC(1118) Pause Init Update Refs 0,004ms
[2021-04-30T09:23:37.515+0300][48,365s][info][gc] GC(1118) Concurrent update references 10,017ms
[2021-04-30T09:23:37.516+0300][48,365s][info][gc] GC(1118) Pause Final Update Refs 0,088ms
[2021-04-30T09:23:37.516+0300][48,365s][info][gc] GC(1118) Concurrent cleanup 117M->110M(128M) 0,040ms
[2021-04-30T09:23:37.517+0300][48,366s][info][gc] Trigger: Free (10399K) is below minimum threshold (13107K)
[2021-04-30T09:23:37.517+0300][48,367s][info][gc] GC(1119) Concurrent reset 0,429ms
[2021-04-30T09:23:37.518+0300][48,367s][info][gc] GC(1119) Pause Init Mark 0,333ms
[2021-04-30T09:23:37.533+0300][48,382s][info][gc] GC(1119) Concurrent marking 14,612ms
[2021-04-30T09:23:37.533+0300][48,383s][info][gc] GC(1119) Pause Final Mark 0,301ms
[2021-04-30T09:23:37.533+0300][48,383s][info][gc] GC(1119) Concurrent cleanup 112M->112M(128M) 0,038ms
[2021-04-30T09:23:37.533+0300][48,383s][info][gc] GC(1119) Concurrent evacuation 0,101ms
[2021-04-30T09:23:37.533+0300][48,383s][info][gc] GC(1119) Pause Init Update Refs 0,003ms
[2021-04-30T09:23:37.541+0300][48,391s][info][gc] GC(1119) Concurrent update references 7,737ms
[2021-04-30T09:23:37.542+0300][48,391s][info][gc] GC(1119) Pause Final Update Refs 0,065ms
[2021-04-30T09:23:37.542+0300][48,391s][info][gc] GC(1119) Concurrent cleanup 117M->114M(128M) 0,039ms
[2021-04-30T09:23:37.543+0300][48,392s][info][gc] Trigger: Free (7012K) is below minimum threshold (13107K)
[2021-04-30T09:23:37.543+0300][48,392s][info][gc] GC(1120) Concurrent reset 0,178ms
[2021-04-30T09:23:37.543+0300][48,393s][info][gc] GC(1120) Pause Init Mark (process weakrefs) 0,297ms
[2021-04-30T09:23:37.558+0300][48,408s][info][gc] GC(1120) Concurrent marking (process weakrefs) 14,565ms
[2021-04-30T09:23:37.558+0300][48,408s][info][gc] GC(1120) Concurrent precleaning 0,136ms
[2021-04-30T09:23:37.559+0300][48,408s][info][gc] GC(1120) Pause Final Mark (process weakrefs) 0,522ms
[2021-04-30T09:23:37.559+0300][48,408s][info][gc] GC(1120) Concurrent cleanup 115M->115M(128M) 0,035ms
[2021-04-30T09:23:37.559+0300][48,409s][info][gc] GC(1120) Concurrent evacuation 0,121ms
[2021-04-30T09:23:37.559+0300][48,409s][info][gc] GC(1120) Pause Init Update Refs 0,005ms
[2021-04-30T09:23:37.567+0300][48,417s][info][gc] GC(1120) Concurrent update references 8,035ms
[2021-04-30T09:23:37.568+0300][48,417s][info][gc] GC(1120) Pause Final Update Refs 0,064ms
[2021-04-30T09:23:37.568+0300][48,417s][info][gc] GC(1120) Concurrent cleanup 116M->109M(128M) 0,040ms
[2021-04-30T09:23:37.569+0300][48,418s][info][gc] Trigger: Free (11238K) is below minimum threshold (13107K)
[2021-04-30T09:23:37.569+0300][48,418s][info][gc] GC(1121) Concurrent reset 0,134ms
[2021-04-30T09:23:37.569+0300][48,419s][info][gc] GC(1121) Pause Init Mark 0,204ms
[2021-04-30T09:23:37.584+0300][48,433s][info][gc] GC(1121) Concurrent marking 14,241ms
[2021-04-30T09:23:37.584+0300][48,434s][info][gc] GC(1121) Pause Final Mark 0,354ms
[2021-04-30T09:23:37.584+0300][48,434s][info][gc] GC(1121) Concurrent cleanup 111M->111M(128M) 0,040ms
[2021-04-30T09:23:37.585+0300][48,434s][info][gc] GC(1121) Concurrent evacuation 0,176ms
[2021-04-30T09:23:37.585+0300][48,434s][info][gc] GC(1121) Pause Init Update Refs 0,004ms
[2021-04-30T09:23:37.593+0300][48,442s][info][gc] GC(1121) Concurrent update references 8,306ms
[2021-04-30T09:23:37.593+0300][48,443s][info][gc] GC(1121) Pause Final Update Refs 0,101ms
[2021-04-30T09:23:37.593+0300][48,443s][info][gc] GC(1121) Concurrent cleanup 116M->113M(128M) 0,040ms
[2021-04-30T09:23:37.595+0300][48,444s][info][gc] Trigger: Free (7553K) is below minimum threshold (13107K)
[2021-04-30T09:23:37.595+0300][48,444s][info][gc] GC(1122) Concurrent reset 0,134ms
[2021-04-30T09:23:37.595+0300][48,445s][info][gc] GC(1122) Pause Init Mark 0,220ms
[2021-04-30T09:23:37.611+0300][48,460s][info][gc] GC(1122) Concurrent marking 15,789ms
[2021-04-30T09:23:37.612+0300][48,461s][info][gc] GC(1122) Pause Final Mark 0,724ms
[2021-04-30T09:23:37.612+0300][48,461s][info][gc] GC(1122) Concurrent cleanup 114M->114M(128M) 0,058ms
[2021-04-30T09:23:37.612+0300][48,462s][info][gc] GC(1122) Concurrent evacuation 0,204ms
[2021-04-30T09:23:37.613+0300][48,462s][info][gc] GC(1122) Pause Init Update Refs 0,025ms
[2021-04-30T09:23:37.623+0300][48,472s][info][gc] GC(1122) Concurrent update references 9,983ms
[2021-04-30T09:23:37.623+0300][48,472s][info][gc] GC(1122) Pause Final Update Refs 0,132ms
[2021-04-30T09:23:37.623+0300][48,473s][info][gc] GC(1122) Concurrent cleanup 118M->111M(128M) 0,049ms
[2021-04-30T09:23:37.624+0300][48,474s][info][gc] Trigger: Free (9024K) is below minimum threshold (13107K)
[2021-04-30T09:23:37.624+0300][48,474s][info][gc] GC(1123) Concurrent reset 0,112ms
[2021-04-30T09:23:37.625+0300][48,474s][info][gc] GC(1123) Pause Init Mark 0,285ms
[2021-04-30T09:23:37.638+0300][48,487s][info][gc] GC(1123) Concurrent marking 13,049ms
[2021-04-30T09:23:37.639+0300][48,488s][info][gc] GC(1123) Pause Final Mark 0,530ms
[2021-04-30T09:23:37.639+0300][48,488s][info][gc] GC(1123) Concurrent cleanup 113M->113M(128M) 0,037ms
[2021-04-30T09:23:37.639+0300][48,489s][info][gc] GC(1123) Concurrent evacuation 0,134ms
[2021-04-30T09:23:37.639+0300][48,489s][info][gc] GC(1123) Pause Init Update Refs 0,004ms
[2021-04-30T09:23:37.647+0300][48,497s][info][gc] GC(1123) Concurrent update references 8,112ms
[2021-04-30T09:23:37.648+0300][48,497s][info][gc] GC(1123) Pause Final Update Refs 0,209ms
[2021-04-30T09:23:37.648+0300][48,498s][info][gc] GC(1123) Concurrent cleanup 113M->108M(128M) 0,062ms
[2021-04-30T09:23:37.649+0300][48,499s][info][gc] Trigger: Free (12075K) is below minimum threshold (13107K)
[2021-04-30T09:23:37.649+0300][48,499s][info][gc] GC(1124) Concurrent reset 0,151ms
[2021-04-30T09:23:37.650+0300][48,499s][info][gc] GC(1124) Pause Init Mark 0,238ms
[2021-04-30T09:23:37.663+0300][48,513s][info][gc] GC(1124) Concurrent marking 13,084ms
[2021-04-30T09:23:37.664+0300][48,513s][info][gc] GC(1124) Pause Final Mark 0,629ms
[2021-04-30T09:23:37.664+0300][48,513s][info][gc] GC(1124) Concurrent cleanup 111M->111M(128M) 0,037ms
[2021-04-30T09:23:37.664+0300][48,514s][info][gc] GC(1124) Concurrent evacuation 0,147ms
[2021-04-30T09:23:37.664+0300][48,514s][info][gc] GC(1124) Pause Init Update Refs 0,004ms
[2021-04-30T09:23:37.672+0300][48,521s][info][gc] GC(1124) Concurrent update references 7,473ms
[2021-04-30T09:23:37.672+0300][48,522s][info][gc] GC(1124) Pause Final Update Refs 0,164ms
[2021-04-30T09:23:37.672+0300][48,522s][info][gc] GC(1124) Concurrent cleanup 116M->114M(128M) 0,052ms
[2021-04-30T09:23:37.674+0300][48,523s][info][gc] Trigger: Free (6825K) is below minimum threshold (13107K)
[2021-04-30T09:23:37.674+0300][48,523s][info][gc] GC(1125) Concurrent reset 0,159ms
[2021-04-30T09:23:37.674+0300][48,524s][info][gc] GC(1125) Pause Init Mark (process weakrefs) 0,196ms
[2021-04-30T09:23:37.688+0300][48,538s][info][gc] GC(1125) Concurrent marking (process weakrefs) 14,247ms
[2021-04-30T09:23:37.689+0300][48,538s][info][gc] GC(1125) Concurrent precleaning 0,180ms
[2021-04-30T09:23:37.689+0300][48,539s][info][gc] GC(1125) Pause Final Mark (process weakrefs) 0,553ms
[2021-04-30T09:23:37.690+0300][48,539s][info][gc] GC(1125) Concurrent cleanup 115M->115M(128M) 0,037ms
[2021-04-30T09:23:37.690+0300][48,539s][info][gc] GC(1125) Concurrent evacuation 0,214ms
[2021-04-30T09:23:37.690+0300][48,539s][info][gc] GC(1125) Pause Init Update Refs 0,004ms
[2021-04-30T09:23:37.697+0300][48,547s][info][gc] GC(1125) Concurrent update references 7,401ms
[2021-04-30T09:23:37.698+0300][48,547s][info][gc] GC(1125) Pause Final Update Refs 0,161ms
[2021-04-30T09:23:37.698+0300][48,547s][info][gc] GC(1125) Concurrent cleanup 116M->109M(128M) 0,041ms
[2021-04-30T09:23:37.699+0300][48,548s][info][gc] Trigger: Free (11081K) is below minimum threshold (13107K)
[2021-04-30T09:23:37.699+0300][48,549s][info][gc] GC(1126) Concurrent reset 0,160ms
[2021-04-30T09:23:37.700+0300][48,549s][info][gc] GC(1126) Pause Init Mark 0,280ms
[2021-04-30T09:23:37.714+0300][48,563s][info][gc] GC(1126) Concurrent marking 13,851ms
[2021-04-30T09:23:37.714+0300][48,564s][info][gc] GC(1126) Pause Final Mark 0,284ms
[2021-04-30T09:23:37.714+0300][48,564s][info][gc] GC(1126) Concurrent cleanup 111M->111M(128M) 0,037ms
[2021-04-30T09:23:37.715+0300][48,564s][info][gc] GC(1126) Concurrent evacuation 0,689ms
[2021-04-30T09:23:37.715+0300][48,564s][info][gc] GC(1126) Pause Init Update Refs 0,004ms
[2021-04-30T09:23:37.725+0300][48,574s][info][gc] GC(1126) Concurrent update references 9,437ms
[2021-04-30T09:23:37.725+0300][48,574s][info][gc] GC(1126) Pause Final Update Refs 0,068ms
[2021-04-30T09:23:37.725+0300][48,574s][info][gc] GC(1126) Concurrent cleanup 117M->113M(128M) 0,040ms
[2021-04-30T09:23:37.726+0300][48,575s][info][gc] Trigger: Free (7557K) is below minimum threshold (13107K)
[2021-04-30T09:23:37.726+0300][48,576s][info][gc] GC(1127) Concurrent reset 0,162ms
[2021-04-30T09:23:37.727+0300][48,576s][info][gc] GC(1127) Pause Init Mark 0,188ms
[2021-04-30T09:23:37.743+0300][48,592s][info][gc] GC(1127) Concurrent marking 15,874ms
[2021-04-30T09:23:37.743+0300][48,592s][info][gc] GC(1127) Pause Final Mark 0,354ms
[2021-04-30T09:23:37.743+0300][48,593s][info][gc] GC(1127) Concurrent cleanup 115M->115M(128M) 0,047ms
[2021-04-30T09:23:37.743+0300][48,593s][info][gc] GC(1127) Concurrent evacuation 0,234ms
[2021-04-30T09:23:37.743+0300][48,593s][info][gc] GC(1127) Pause Init Update Refs 0,004ms
[2021-04-30T09:23:37.754+0300][48,604s][info][gc] GC(1127) Concurrent update references 10,858ms
[2021-04-30T09:23:37.755+0300][48,604s][info][gc] GC(1127) Pause Final Update Refs 0,208ms
[2021-04-30T09:23:37.755+0300][48,605s][info][gc] GC(1127) Concurrent cleanup 120M->113M(128M) 0,076ms
[2021-04-30T09:23:37.756+0300][48,606s][info][gc] Trigger: Free (8077K) is below minimum threshold (13107K)
[2021-04-30T09:23:37.756+0300][48,606s][info][gc] GC(1128) Concurrent reset 0,135ms
[2021-04-30T09:23:37.757+0300][48,606s][info][gc] GC(1128) Pause Init Mark 0,144ms
[2021-04-30T09:23:37.773+0300][48,623s][info][gc] GC(1128) Concurrent marking 16,285ms
[2021-04-30T09:23:37.774+0300][48,623s][info][gc] GC(1128) Pause Final Mark 0,381ms
[2021-04-30T09:23:37.774+0300][48,623s][info][gc] GC(1128) Concurrent cleanup 114M->114M(128M) 0,039ms
[2021-04-30T09:23:37.774+0300][48,624s][info][gc] GC(1128) Concurrent evacuation 0,222ms
[2021-04-30T09:23:37.774+0300][48,624s][info][gc] GC(1128) Pause Init Update Refs 0,005ms
[2021-04-30T09:23:37.782+0300][48,632s][info][gc] GC(1128) Concurrent update references 7,780ms
[2021-04-30T09:23:37.782+0300][48,632s][info][gc] GC(1128) Pause Final Update Refs 0,087ms
[2021-04-30T09:23:37.782+0300][48,632s][info][gc] GC(1128) Concurrent cleanup 118M->112M(128M) 0,042ms
[2021-04-30T09:23:37.784+0300][48,633s][info][gc] Trigger: Free (7998K) is below minimum threshold (13107K)
[2021-04-30T09:23:37.784+0300][48,633s][info][gc] GC(1129) Concurrent reset 0,161ms
[2021-04-30T09:23:37.784+0300][48,634s][info][gc] GC(1129) Pause Init Mark 0,149ms
[2021-04-30T09:23:37.798+0300][48,647s][info][gc] GC(1129) Concurrent marking 13,843ms
[2021-04-30T09:23:37.799+0300][48,648s][info][gc] GC(1129) Pause Final Mark 0,580ms
[2021-04-30T09:23:37.799+0300][48,648s][info][gc] GC(1129) Concurrent cleanup 114M->114M(128M) 0,039ms
[2021-04-30T09:23:37.800+0300][48,649s][info][gc] GC(1129) Concurrent evacuation 0,794ms
[2021-04-30T09:23:37.800+0300][48,649s][info][gc] GC(1129) Pause Init Update Refs 0,006ms
[2021-04-30T09:23:37.810+0300][48,659s][info][gc] GC(1129) Concurrent update references 10,073ms
[2021-04-30T09:23:37.810+0300][48,660s][info][gc] GC(1129) Pause Final Update Refs 0,092ms
[2021-04-30T09:23:37.811+0300][48,660s][info][gc] GC(1129) Concurrent cleanup 117M->109M(128M) 0,125ms
[2021-04-30T09:23:37.812+0300][48,661s][info][gc] Trigger: Free (11060K) is below minimum threshold (13107K)
[2021-04-30T09:23:37.812+0300][48,661s][info][gc] GC(1130) Concurrent reset 0,124ms
[2021-04-30T09:23:37.812+0300][48,662s][info][gc] GC(1130) Pause Init Mark (process weakrefs) 0,195ms
[2021-04-30T09:23:37.830+0300][48,679s][info][gc] GC(1130) Concurrent marking (process weakrefs) 17,782ms
[2021-04-30T09:23:37.830+0300][48,680s][info][gc] GC(1130) Concurrent precleaning 0,070ms
[2021-04-30T09:23:37.831+0300][48,680s][info][gc] GC(1130) Pause Final Mark (process weakrefs) 0,643ms
[2021-04-30T09:23:37.831+0300][48,681s][info][gc] GC(1130) Concurrent cleanup 111M->111M(128M) 0,045ms
[2021-04-30T09:23:37.832+0300][48,682s][info][gc] GC(1130) Concurrent evacuation 1,315ms
[2021-04-30T09:23:37.833+0300][48,682s][info][gc] GC(1130) Pause Init Update Refs 0,006ms
[2021-04-30T09:23:37.841+0300][48,690s][info][gc] GC(1130) Concurrent update references 8,288ms
[2021-04-30T09:23:37.841+0300][48,691s][info][gc] GC(1130) Pause Final Update Refs 0,062ms
[2021-04-30T09:23:37.841+0300][48,691s][info][gc] GC(1130) Concurrent cleanup 117M->112M(128M) 0,040ms
[2021-04-30T09:23:37.842+0300][48,692s][info][gc] Trigger: Free (8451K) is below minimum threshold (13107K)
[2021-04-30T09:23:37.843+0300][48,692s][info][gc] GC(1131) Concurrent reset 0,181ms
[2021-04-30T09:23:37.843+0300][48,692s][info][gc] GC(1131) Pause Init Mark 0,148ms
[2021-04-30T09:23:37.861+0300][48,711s][info][gc] GC(1131) Concurrent marking 18,440ms
[2021-04-30T09:23:37.862+0300][48,712s][info][gc] GC(1131) Pause Final Mark 0,513ms
[2021-04-30T09:23:37.862+0300][48,712s][info][gc] GC(1131) Concurrent cleanup 114M->114M(128M) 0,038ms
[2021-04-30T09:23:37.863+0300][48,713s][info][gc] GC(1131) Concurrent evacuation 0,696ms
[2021-04-30T09:23:37.863+0300][48,713s][info][gc] GC(1131) Pause Init Update Refs 0,005ms
[2021-04-30T09:23:37.876+0300][48,726s][info][gc] GC(1131) Concurrent update references 13,046ms
[2021-04-30T09:23:37.877+0300][48,726s][info][gc] GC(1131) Pause Final Update Refs 0,095ms
[2021-04-30T09:23:37.877+0300][48,726s][info][gc] GC(1131) Concurrent cleanup 122M->115M(128M) 0,040ms
[2021-04-30T09:23:37.878+0300][48,727s][info][gc] Trigger: Free (5363K) is below minimum threshold (13107K)
[2021-04-30T09:23:37.878+0300][48,728s][info][gc] GC(1132) Concurrent reset 0,212ms
[2021-04-30T09:23:37.879+0300][48,728s][info][gc] GC(1132) Pause Init Mark 0,161ms
[2021-04-30T09:23:37.898+0300][48,747s][info][gc] GC(1132) Concurrent marking 19,262ms
[2021-04-30T09:23:37.899+0300][48,748s][info][gc] GC(1132) Pause Final Mark 0,517ms
[2021-04-30T09:23:37.899+0300][48,748s][info][gc] GC(1132) Concurrent cleanup 116M->116M(128M) 0,038ms
[2021-04-30T09:23:37.899+0300][48,748s][info][gc] GC(1132) Concurrent evacuation 0,183ms
[2021-04-30T09:23:37.899+0300][48,749s][info][gc] GC(1132) Pause Init Update Refs 0,021ms
[2021-04-30T09:23:37.912+0300][48,761s][info][gc] GC(1132) Concurrent update references 12,653ms
[2021-04-30T09:23:37.912+0300][48,762s][info][gc] GC(1132) Pause Final Update Refs 0,170ms
[2021-04-30T09:23:37.913+0300][48,762s][info][gc] GC(1132) Concurrent cleanup 120M->112M(128M) 0,040ms
[2021-04-30T09:23:37.914+0300][48,763s][info][gc] Trigger: Free (8550K) is below minimum threshold (13107K)
[2021-04-30T09:23:37.914+0300][48,763s][info][gc] GC(1133) Concurrent reset 0,192ms
[2021-04-30T09:23:37.914+0300][48,764s][info][gc] GC(1133) Pause Init Mark 0,144ms
[2021-04-30T09:23:37.930+0300][48,779s][info][gc] GC(1133) Concurrent marking 15,691ms
[2021-04-30T09:23:37.930+0300][48,780s][info][gc] GC(1133) Pause Final Mark 0,375ms
[2021-04-30T09:23:37.931+0300][48,780s][info][gc] GC(1133) Concurrent cleanup 114M->114M(128M) 0,038ms
[2021-04-30T09:23:37.931+0300][48,780s][info][gc] GC(1133) Concurrent evacuation 0,207ms
[2021-04-30T09:23:37.931+0300][48,780s][info][gc] GC(1133) Pause Init Update Refs 0,004ms
[2021-04-30T09:23:37.942+0300][48,791s][info][gc] GC(1133) Concurrent update references 10,825ms
[2021-04-30T09:23:37.942+0300][48,792s][info][gc] GC(1133) Pause Final Update Refs 0,092ms
[2021-04-30T09:23:37.942+0300][48,792s][info][gc] GC(1133) Concurrent cleanup 116M->110M(128M) 0,041ms
[2021-04-30T09:23:37.943+0300][48,793s][info][gc] Trigger: Free (10887K) is below minimum threshold (13107K)
[2021-04-30T09:23:37.944+0300][48,794s][info][gc] GC(1134) Concurrent reset 0,418ms
[2021-04-30T09:23:37.945+0300][48,794s][info][gc] GC(1134) Pause Init Mark 0,196ms
[2021-04-30T09:23:37.961+0300][48,810s][info][gc] GC(1134) Concurrent marking 15,683ms
[2021-04-30T09:23:37.961+0300][48,811s][info][gc] GC(1134) Pause Final Mark 0,478ms
[2021-04-30T09:23:37.961+0300][48,811s][info][gc] GC(1134) Concurrent cleanup 111M->111M(128M) 0,037ms
[2021-04-30T09:23:37.962+0300][48,812s][info][gc] GC(1134) Concurrent evacuation 0,839ms
[2021-04-30T09:23:37.962+0300][48,812s][info][gc] GC(1134) Pause Init Update Refs 0,004ms
[2021-04-30T09:23:37.971+0300][48,820s][info][gc] GC(1134) Concurrent update references 8,486ms
[2021-04-30T09:23:37.971+0300][48,821s][info][gc] GC(1134) Pause Final Update Refs 0,105ms
[2021-04-30T09:23:37.971+0300][48,821s][info][gc] GC(1134) Concurrent cleanup 116M->110M(128M) 0,040ms
[2021-04-30T09:23:37.972+0300][48,822s][info][gc] Trigger: Free (10414K) is below minimum threshold (13107K)
[2021-04-30T09:23:37.973+0300][48,822s][info][gc] GC(1135) Concurrent reset 0,149ms
[2021-04-30T09:23:37.973+0300][48,822s][info][gc] GC(1135) Pause Init Mark (process weakrefs) 0,166ms
[2021-04-30T09:23:37.993+0300][48,843s][info][gc] GC(1135) Concurrent marking (process weakrefs) 20,032ms
[2021-04-30T09:23:37.993+0300][48,843s][info][gc] GC(1135) Concurrent precleaning 0,073ms
[2021-04-30T09:23:37.994+0300][48,843s][info][gc] GC(1135) Pause Final Mark (process weakrefs) 0,436ms
[2021-04-30T09:23:37.994+0300][48,843s][info][gc] GC(1135) Concurrent cleanup 112M->112M(128M) 0,037ms
[2021-04-30T09:23:37.994+0300][48,843s][info][gc] GC(1135) Concurrent evacuation 0,081ms
[2021-04-30T09:23:37.994+0300][48,843s][info][gc] GC(1135) Pause Init Update Refs 0,004ms
[2021-04-30T09:23:38.004+0300][48,854s][info][gc] GC(1135) Concurrent update references 10,251ms
[2021-04-30T09:23:38.005+0300][48,854s][info][gc] GC(1135) Pause Final Update Refs 0,207ms
[2021-04-30T09:23:38.005+0300][48,854s][info][gc] GC(1135) Concurrent cleanup 115M->111M(128M) 0,056ms
[2021-04-30T09:23:38.006+0300][48,856s][info][gc] Trigger: Free (9094K) is below minimum threshold (13107K)
[2021-04-30T09:23:38.006+0300][48,856s][info][gc] GC(1136) Concurrent reset 0,110ms
[2021-04-30T09:23:38.007+0300][48,856s][info][gc] GC(1136) Pause Init Mark 0,145ms
[2021-04-30T09:23:38.021+0300][48,871s][info][gc] GC(1136) Concurrent marking 14,356ms
[2021-04-30T09:23:38.022+0300][48,871s][info][gc] GC(1136) Pause Final Mark 0,527ms
[2021-04-30T09:23:38.022+0300][48,871s][info][gc] GC(1136) Concurrent cleanup 113M->113M(128M) 0,038ms
[2021-04-30T09:23:38.022+0300][48,871s][info][gc] GC(1136) Concurrent evacuation 0,159ms
[2021-04-30T09:23:38.022+0300][48,872s][info][gc] GC(1136) Pause Init Update Refs 0,004ms
[2021-04-30T09:23:38.030+0300][48,879s][info][gc] GC(1136) Concurrent update references 7,444ms
[2021-04-30T09:23:38.030+0300][48,879s][info][gc] GC(1136) Pause Final Update Refs 0,093ms
[2021-04-30T09:23:38.030+0300][48,880s][info][gc] GC(1136) Concurrent cleanup 119M->114M(128M) 0,055ms
[2021-04-30T09:23:38.031+0300][48,881s][info][gc] Trigger: Free (6977K) is below minimum threshold (13107K)
[2021-04-30T09:23:38.031+0300][48,881s][info][gc] GC(1137) Concurrent reset 0,162ms
[2021-04-30T09:23:38.032+0300][48,881s][info][gc] GC(1137) Pause Init Mark 0,151ms
[2021-04-30T09:23:38.045+0300][48,895s][info][gc] GC(1137) Concurrent marking 13,229ms
[2021-04-30T09:23:38.046+0300][48,895s][info][gc] GC(1137) Pause Final Mark 0,405ms
[2021-04-30T09:23:38.046+0300][48,895s][info][gc] GC(1137) Concurrent cleanup 115M->115M(128M) 0,037ms
[2021-04-30T09:23:38.046+0300][48,895s][info][gc] GC(1137) Concurrent evacuation 0,071ms
[2021-04-30T09:23:38.046+0300][48,896s][info][gc] GC(1137) Pause Init Update Refs 0,005ms
[2021-04-30T09:23:38.054+0300][48,903s][info][gc] GC(1137) Concurrent update references 7,431ms
[2021-04-30T09:23:38.054+0300][48,903s][info][gc] GC(1137) Pause Final Update Refs 0,094ms
[2021-04-30T09:23:38.054+0300][48,904s][info][gc] GC(1137) Concurrent cleanup 120M->114M(128M) 0,048ms
[2021-04-30T09:23:38.055+0300][48,905s][info][gc] Trigger: Free (6457K) is below minimum threshold (13107K)
[2021-04-30T09:23:38.055+0300][48,905s][info][gc] GC(1138) Concurrent reset 0,122ms
[2021-04-30T09:23:38.056+0300][48,905s][info][gc] GC(1138) Pause Init Mark 0,156ms
[2021-04-30T09:23:38.069+0300][48,919s][info][gc] GC(1138) Concurrent marking 13,306ms
[2021-04-30T09:23:38.070+0300][48,919s][info][gc] GC(1138) Pause Final Mark 0,406ms
[2021-04-30T09:23:38.070+0300][48,919s][info][gc] GC(1138) Concurrent cleanup 116M->116M(128M) 0,039ms
[2021-04-30T09:23:38.071+0300][48,920s][info][gc] GC(1138) Concurrent evacuation 0,681ms
[2021-04-30T09:23:38.071+0300][48,920s][info][gc] GC(1138) Pause Init Update Refs 0,006ms
[2021-04-30T09:23:38.079+0300][48,928s][info][gc] GC(1138) Concurrent update references 7,846ms
[2021-04-30T09:23:38.079+0300][48,928s][info][gc] GC(1138) Pause Final Update Refs 0,072ms
[2021-04-30T09:23:38.079+0300][48,928s][info][gc] GC(1138) Concurrent cleanup 121M->112M(128M) 0,041ms
[2021-04-30T09:23:38.080+0300][48,930s][info][gc] Trigger: Free (9225K) is below minimum threshold (13107K)
[2021-04-30T09:23:38.080+0300][48,930s][info][gc] GC(1139) Concurrent reset 0,110ms
[2021-04-30T09:23:38.081+0300][48,930s][info][gc] GC(1139) Pause Init Mark 0,209ms
[2021-04-30T09:23:38.094+0300][48,944s][info][gc] GC(1139) Concurrent marking 13,428ms
[2021-04-30T09:23:38.095+0300][48,944s][info][gc] GC(1139) Pause Final Mark 0,360ms
[2021-04-30T09:23:38.095+0300][48,944s][info][gc] GC(1139) Concurrent cleanup 113M->113M(128M) 0,036ms
[2021-04-30T09:23:38.096+0300][48,945s][info][gc] GC(1139) Concurrent evacuation 1,190ms
[2021-04-30T09:23:38.096+0300][48,945s][info][gc] GC(1139) Pause Init Update Refs 0,004ms
[2021-04-30T09:23:38.104+0300][48,954s][info][gc] GC(1139) Concurrent update references 8,162ms
[2021-04-30T09:23:38.104+0300][48,954s][info][gc] GC(1139) Pause Final Update Refs 0,072ms
[2021-04-30T09:23:38.105+0300][48,954s][info][gc] GC(1139) Concurrent cleanup 123M->114M(128M) 0,038ms
[2021-04-30T09:23:38.106+0300][48,955s][info][gc] Trigger: Free (6156K) is below minimum threshold (13107K)
[2021-04-30T09:23:38.106+0300][48,955s][info][gc] GC(1140) Concurrent reset 0,107ms
[2021-04-30T09:23:38.106+0300][48,955s][info][gc] GC(1140) Pause Init Mark (process weakrefs) 0,134ms
[2021-04-30T09:23:38.119+0300][48,969s][info][gc] GC(1140) Concurrent marking (process weakrefs) 13,285ms
[2021-04-30T09:23:38.120+0300][48,969s][info][gc] GC(1140) Concurrent precleaning 0,172ms
[2021-04-30T09:23:38.120+0300][48,970s][info][gc] GC(1140) Pause Final Mark (process weakrefs) 0,484ms
[2021-04-30T09:23:38.120+0300][48,970s][info][gc] GC(1140) Concurrent cleanup 116M->116M(128M) 0,036ms
[2021-04-30T09:23:38.121+0300][48,970s][info][gc] GC(1140) Concurrent evacuation 0,213ms
[2021-04-30T09:23:38.121+0300][48,970s][info][gc] GC(1140) Pause Init Update Refs 0,005ms
[2021-04-30T09:23:38.128+0300][48,978s][info][gc] GC(1140) Concurrent update references 7,662ms
[2021-04-30T09:23:38.129+0300][48,978s][info][gc] GC(1140) Pause Final Update Refs 0,075ms
[2021-04-30T09:23:38.129+0300][48,978s][info][gc] GC(1140) Concurrent cleanup 121M->112M(128M) 0,038ms
[2021-04-30T09:23:38.130+0300][48,979s][info][gc] Trigger: Free (7739K) is below minimum threshold (13107K)
[2021-04-30T09:23:38.130+0300][48,980s][info][gc] GC(1141) Concurrent reset 0,154ms
[2021-04-30T09:23:38.130+0300][48,980s][info][gc] GC(1141) Pause Init Mark 0,175ms
[2021-04-30T09:23:38.143+0300][48,993s][info][gc] GC(1141) Concurrent marking 12,748ms
[2021-04-30T09:23:38.144+0300][48,993s][info][gc] GC(1141) Pause Final Mark 0,397ms
[2021-04-30T09:23:38.144+0300][48,993s][info][gc] GC(1141) Concurrent cleanup 114M->114M(128M) 0,035ms
[2021-04-30T09:23:38.144+0300][48,993s][info][gc] GC(1141) Concurrent evacuation 0,159ms
[2021-04-30T09:23:38.144+0300][48,993s][info][gc] GC(1141) Pause Init Update Refs 0,004ms
[2021-04-30T09:23:38.152+0300][49,001s][info][gc] GC(1141) Concurrent update references 7,733ms
[2021-04-30T09:23:38.152+0300][49,001s][info][gc] GC(1141) Pause Final Update Refs 0,062ms
[2021-04-30T09:23:38.152+0300][49,002s][info][gc] GC(1141) Concurrent cleanup 119M->113M(128M) 0,043ms
[2021-04-30T09:23:38.153+0300][49,003s][info][gc] Trigger: Free (7193K) is below minimum threshold (13107K)
[2021-04-30T09:23:38.153+0300][49,003s][info][gc] GC(1142) Concurrent reset 0,161ms
[2021-04-30T09:23:38.154+0300][49,003s][info][gc] GC(1142) Pause Init Mark 0,292ms
[2021-04-30T09:23:38.167+0300][49,017s][info][gc] GC(1142) Concurrent marking 13,333ms
[2021-04-30T09:23:38.168+0300][49,017s][info][gc] GC(1142) Pause Final Mark 0,481ms
[2021-04-30T09:23:38.168+0300][49,017s][info][gc] GC(1142) Concurrent cleanup 115M->115M(128M) 0,035ms
[2021-04-30T09:23:38.168+0300][49,018s][info][gc] GC(1142) Concurrent evacuation 0,197ms
[2021-04-30T09:23:38.168+0300][49,018s][info][gc] GC(1142) Pause Init Update Refs 0,004ms
[2021-04-30T09:23:38.176+0300][49,026s][info][gc] GC(1142) Concurrent update references 7,815ms
[2021-04-30T09:23:38.177+0300][49,026s][info][gc] GC(1142) Pause Final Update Refs 0,219ms
[2021-04-30T09:23:38.177+0300][49,026s][info][gc] GC(1142) Concurrent cleanup 120M->113M(128M) 0,038ms
[2021-04-30T09:23:38.178+0300][49,027s][info][gc] Trigger: Free (7330K) is below minimum threshold (13107K)
[2021-04-30T09:23:38.178+0300][49,027s][info][gc] GC(1143) Concurrent reset 0,186ms
[2021-04-30T09:23:38.178+0300][49,028s][info][gc] GC(1143) Pause Init Mark 0,176ms
[2021-04-30T09:23:38.191+0300][49,041s][info][gc] GC(1143) Concurrent marking 13,035ms
[2021-04-30T09:23:38.192+0300][49,041s][info][gc] GC(1143) Pause Final Mark 0,361ms
[2021-04-30T09:23:38.192+0300][49,041s][info][gc] GC(1143) Concurrent cleanup 115M->115M(128M) 0,039ms
[2021-04-30T09:23:38.193+0300][49,042s][info][gc] GC(1143) Concurrent evacuation 0,770ms
[2021-04-30T09:23:38.193+0300][49,042s][info][gc] GC(1143) Pause Init Update Refs 0,006ms
[2021-04-30T09:23:38.203+0300][49,052s][info][gc] GC(1143) Concurrent update references 9,565ms
[2021-04-30T09:23:38.203+0300][49,052s][info][gc] GC(1143) Pause Final Update Refs 0,077ms
[2021-04-30T09:23:38.203+0300][49,052s][info][gc] GC(1143) Concurrent cleanup 122M->113M(128M) 0,042ms
[2021-04-30T09:23:38.204+0300][49,054s][info][gc] Trigger: Free (7460K) is below minimum threshold (13107K)
[2021-04-30T09:23:38.204+0300][49,054s][info][gc] GC(1144) Concurrent reset 0,246ms
[2021-04-30T09:23:38.205+0300][49,054s][info][gc] GC(1144) Pause Init Mark 0,267ms
[2021-04-30T09:23:38.220+0300][49,070s][info][gc] GC(1144) Concurrent marking 15,348ms
[2021-04-30T09:23:38.221+0300][49,070s][info][gc] GC(1144) Pause Final Mark 0,437ms
[2021-04-30T09:23:38.221+0300][49,070s][info][gc] GC(1144) Concurrent cleanup 114M->114M(128M) 0,038ms
[2021-04-30T09:23:38.221+0300][49,071s][info][gc] GC(1144) Concurrent evacuation 0,238ms
[2021-04-30T09:23:38.221+0300][49,071s][info][gc] GC(1144) Pause Init Update Refs 0,005ms
[2021-04-30T09:23:38.232+0300][49,081s][info][gc] GC(1144) Concurrent update references 10,407ms
[2021-04-30T09:23:38.232+0300][49,082s][info][gc] GC(1144) Pause Final Update Refs 0,216ms
[2021-04-30T09:23:38.233+0300][49,082s][info][gc] GC(1144) Concurrent cleanup 120M->113M(128M) 0,055ms
[2021-04-30T09:23:38.234+0300][49,083s][info][gc] Trigger: Free (7177K) is below minimum threshold (13107K)
[2021-04-30T09:23:38.234+0300][49,083s][info][gc] GC(1145) Concurrent reset 0,164ms
[2021-04-30T09:23:38.234+0300][49,084s][info][gc] GC(1145) Pause Init Mark (process weakrefs) 0,208ms
[2021-04-30T09:23:38.253+0300][49,103s][info][gc] GC(1145) Concurrent marking (process weakrefs) 18,884ms
[2021-04-30T09:23:38.253+0300][49,103s][info][gc] GC(1145) Concurrent precleaning 0,212ms
[2021-04-30T09:23:38.254+0300][49,104s][info][gc] GC(1145) Pause Final Mark (process weakrefs) 0,623ms
[2021-04-30T09:23:38.254+0300][49,104s][info][gc] GC(1145) Concurrent cleanup 115M->115M(128M) 0,041ms
[2021-04-30T09:23:38.255+0300][49,105s][info][gc] GC(1145) Concurrent evacuation 0,698ms
[2021-04-30T09:23:38.255+0300][49,105s][info][gc] GC(1145) Pause Init Update Refs 0,005ms
[2021-04-30T09:23:38.265+0300][49,114s][info][gc] GC(1145) Concurrent update references 9,496ms
[2021-04-30T09:23:38.265+0300][49,115s][info][gc] GC(1145) Pause Final Update Refs 0,090ms
[2021-04-30T09:23:38.265+0300][49,115s][info][gc] GC(1145) Concurrent cleanup 120M->111M(128M) 0,042ms
[2021-04-30T09:23:38.266+0300][49,116s][info][gc] Trigger: Free (9409K) is below minimum threshold (13107K)
[2021-04-30T09:23:38.267+0300][49,116s][info][gc] GC(1146) Concurrent reset 0,172ms
[2021-04-30T09:23:38.267+0300][49,116s][info][gc] GC(1146) Pause Init Mark 0,193ms
[2021-04-30T09:23:38.287+0300][49,136s][info][gc] GC(1146) Concurrent marking 19,903ms
[2021-04-30T09:23:38.288+0300][49,137s][info][gc] GC(1146) Pause Final Mark 0,571ms
[2021-04-30T09:23:38.288+0300][49,137s][info][gc] GC(1146) Concurrent cleanup 113M->113M(128M) 0,039ms
[2021-04-30T09:23:38.288+0300][49,137s][info][gc] GC(1146) Concurrent evacuation 0,150ms
[2021-04-30T09:23:38.288+0300][49,137s][info][gc] GC(1146) Pause Init Update Refs 0,004ms
[2021-04-30T09:23:38.297+0300][49,147s][info][gc] GC(1146) Concurrent update references 9,220ms
[2021-04-30T09:23:38.298+0300][49,147s][info][gc] GC(1146) Pause Final Update Refs 0,214ms
[2021-04-30T09:23:38.298+0300][49,147s][info][gc] GC(1146) Concurrent cleanup 116M->111M(128M) 0,076ms
[2021-04-30T09:23:38.299+0300][49,148s][info][gc] Trigger: Free (9159K) is below minimum threshold (13107K)
[2021-04-30T09:23:38.299+0300][49,149s][info][gc] GC(1147) Concurrent reset 0,186ms
[2021-04-30T09:23:38.300+0300][49,149s][info][gc] GC(1147) Pause Init Mark 0,261ms
[2021-04-30T09:23:38.315+0300][49,164s][info][gc] GC(1147) Concurrent marking 14,927ms
[2021-04-30T09:23:38.315+0300][49,165s][info][gc] GC(1147) Pause Final Mark 0,356ms
[2021-04-30T09:23:38.315+0300][49,165s][info][gc] GC(1147) Concurrent cleanup 113M->113M(128M) 0,039ms
[2021-04-30T09:23:38.316+0300][49,166s][info][gc] GC(1147) Concurrent evacuation 1,155ms
[2021-04-30T09:23:38.317+0300][49,166s][info][gc] GC(1147) Pause Init Update Refs 0,005ms
[2021-04-30T09:23:38.325+0300][49,174s][info][gc] GC(1147) Concurrent update references 8,419ms
[2021-04-30T09:23:38.325+0300][49,175s][info][gc] GC(1147) Pause Final Update Refs 0,082ms
[2021-04-30T09:23:38.325+0300][49,175s][info][gc] GC(1147) Concurrent cleanup 117M->110M(128M) 0,041ms
[2021-04-30T09:23:38.326+0300][49,176s][info][gc] Trigger: Free (10199K) is below minimum threshold (13107K)
[2021-04-30T09:23:38.327+0300][49,176s][info][gc] GC(1148) Concurrent reset 0,136ms
[2021-04-30T09:23:38.327+0300][49,176s][info][gc] GC(1148) Pause Init Mark 0,145ms
[2021-04-30T09:23:38.341+0300][49,190s][info][gc] GC(1148) Concurrent marking 14,021ms
[2021-04-30T09:23:38.341+0300][49,191s][info][gc] GC(1148) Pause Final Mark 0,348ms
[2021-04-30T09:23:38.342+0300][49,191s][info][gc] GC(1148) Concurrent cleanup 112M->112M(128M) 0,039ms
[2021-04-30T09:23:38.343+0300][49,192s][info][gc] GC(1148) Concurrent evacuation 1,195ms
[2021-04-30T09:23:38.343+0300][49,192s][info][gc] GC(1148) Pause Init Update Refs 0,020ms
[2021-04-30T09:23:38.354+0300][49,203s][info][gc] GC(1148) Concurrent update references 10,604ms
[2021-04-30T09:23:38.354+0300][49,203s][info][gc] GC(1148) Pause Final Update Refs 0,099ms
[2021-04-30T09:23:38.354+0300][49,204s][info][gc] GC(1148) Concurrent cleanup 120M->113M(128M) 0,040ms
[2021-04-30T09:23:38.355+0300][49,205s][info][gc] Trigger: Free (7076K) is below minimum threshold (13107K)
[2021-04-30T09:23:38.355+0300][49,205s][info][gc] GC(1149) Concurrent reset 0,160ms
[2021-04-30T09:23:38.356+0300][49,205s][info][gc] GC(1149) Pause Init Mark 0,146ms
[2021-04-30T09:23:38.374+0300][49,224s][info][gc] GC(1149) Concurrent marking 18,320ms
[2021-04-30T09:23:38.375+0300][49,224s][info][gc] GC(1149) Pause Final Mark 0,319ms
[2021-04-30T09:23:38.375+0300][49,224s][info][gc] GC(1149) Concurrent cleanup 115M->115M(128M) 0,039ms
[2021-04-30T09:23:38.375+0300][49,225s][info][gc] GC(1149) Concurrent evacuation 0,253ms
[2021-04-30T09:23:38.375+0300][49,225s][info][gc] GC(1149) Pause Init Update Refs 0,005ms
[2021-04-30T09:23:38.383+0300][49,233s][info][gc] GC(1149) Concurrent update references 7,812ms
[2021-04-30T09:23:38.383+0300][49,233s][info][gc] GC(1149) Pause Final Update Refs 0,091ms
[2021-04-30T09:23:38.384+0300][49,233s][info][gc] GC(1149) Concurrent cleanup 121M->113M(128M) 0,055ms
[2021-04-30T09:23:38.385+0300][49,234s][info][gc] Trigger: Free (7110K) is below minimum threshold (13107K)
[2021-04-30T09:23:38.385+0300][49,234s][info][gc] GC(1150) Concurrent reset 0,120ms
[2021-04-30T09:23:38.385+0300][49,235s][info][gc] GC(1150) Pause Init Mark (process weakrefs) 0,174ms
[2021-04-30T09:23:38.399+0300][49,248s][info][gc] GC(1150) Concurrent marking (process weakrefs) 13,341ms
[2021-04-30T09:23:38.399+0300][49,248s][info][gc] GC(1150) Concurrent precleaning 0,142ms
[2021-04-30T09:23:38.400+0300][49,249s][info][gc] GC(1150) Pause Final Mark (process weakrefs) 0,517ms
[2021-04-30T09:23:38.400+0300][49,249s][info][gc] GC(1150) Concurrent cleanup 115M->115M(128M) 0,038ms
[2021-04-30T09:23:38.400+0300][49,249s][info][gc] GC(1150) Concurrent evacuation 0,167ms
[2021-04-30T09:23:38.400+0300][49,249s][info][gc] GC(1150) Pause Init Update Refs 0,004ms
[2021-04-30T09:23:38.408+0300][49,257s][info][gc] GC(1150) Concurrent update references 7,524ms
[2021-04-30T09:23:38.408+0300][49,257s][info][gc] GC(1150) Pause Final Update Refs 0,062ms
[2021-04-30T09:23:38.408+0300][49,257s][info][gc] GC(1150) Concurrent cleanup 118M->112M(128M) 0,038ms
[2021-04-30T09:23:38.409+0300][49,259s][info][gc] Trigger: Free (8737K) is below minimum threshold (13107K)
[2021-04-30T09:23:38.409+0300][49,259s][info][gc] GC(1151) Concurrent reset 0,159ms
[2021-04-30T09:23:38.410+0300][49,259s][info][gc] GC(1151) Pause Init Mark 0,191ms
[2021-04-30T09:23:38.423+0300][49,272s][info][gc] GC(1151) Concurrent marking 13,159ms
[2021-04-30T09:23:38.424+0300][49,274s][info][gc] GC(1151) Pause Final Mark 1,197ms
[2021-04-30T09:23:38.424+0300][49,274s][info][gc] GC(1151) Concurrent cleanup 114M->114M(128M) 0,039ms
[2021-04-30T09:23:38.425+0300][49,274s][info][gc] GC(1151) Concurrent evacuation 0,645ms
[2021-04-30T09:23:38.425+0300][49,275s][info][gc] GC(1151) Pause Init Update Refs 0,006ms
[2021-04-30T09:23:38.435+0300][49,284s][info][gc] GC(1151) Concurrent update references 9,652ms
[2021-04-30T09:23:38.435+0300][49,285s][info][gc] GC(1151) Pause Final Update Refs 0,217ms
[2021-04-30T09:23:38.436+0300][49,285s][info][gc] GC(1151) Concurrent cleanup 121M->114M(128M) 0,042ms
[2021-04-30T09:23:38.437+0300][49,286s][info][gc] Trigger: Free (6890K) is below minimum threshold (13107K)
[2021-04-30T09:23:38.440+0300][49,290s][info][gc] GC(1152) Concurrent reset 3,492ms
[2021-04-30T09:23:38.441+0300][49,291s][info][gc] GC(1152) Pause Init Mark 0,545ms
[2021-04-30T09:23:38.458+0300][49,307s][info][gc] GC(1152) Concurrent marking 15,776ms
[2021-04-30T09:23:38.458+0300][49,308s][info][gc] GC(1152) Pause Final Mark 0,282ms
[2021-04-30T09:23:38.458+0300][49,308s][info][gc] GC(1152) Concurrent cleanup 116M->116M(128M) 0,037ms
[2021-04-30T09:23:38.459+0300][49,308s][info][gc] GC(1152) Concurrent evacuation 0,208ms
[2021-04-30T09:23:38.459+0300][49,308s][info][gc] GC(1152) Pause Init Update Refs 0,005ms
[2021-04-30T09:23:38.468+0300][49,318s][info][gc] GC(1152) Concurrent update references 9,461ms
[2021-04-30T09:23:38.469+0300][49,318s][info][gc] GC(1152) Pause Final Update Refs 0,201ms
[2021-04-30T09:23:38.469+0300][49,318s][info][gc] GC(1152) Concurrent cleanup 119M->111M(128M) 0,043ms
[2021-04-30T09:23:38.470+0300][49,320s][info][gc] Trigger: Free (8907K) is below minimum threshold (13107K)
[2021-04-30T09:23:38.470+0300][49,320s][info][gc] GC(1153) Concurrent reset 0,172ms
[2021-04-30T09:23:38.471+0300][49,320s][info][gc] GC(1153) Pause Init Mark 0,232ms
[2021-04-30T09:23:38.486+0300][49,335s][info][gc] GC(1153) Concurrent marking 15,045ms
[2021-04-30T09:23:38.487+0300][49,336s][info][gc] GC(1153) Pause Final Mark 1,085ms
[2021-04-30T09:23:38.487+0300][49,337s][info][gc] GC(1153) Concurrent cleanup 114M->114M(128M) 0,038ms
[2021-04-30T09:23:38.488+0300][49,337s][info][gc] GC(1153) Concurrent evacuation 0,758ms
[2021-04-30T09:23:38.488+0300][49,337s][info][gc] GC(1153) Pause Init Update Refs 0,004ms
[2021-04-30T09:23:38.499+0300][49,348s][info][gc] GC(1153) Concurrent update references 10,908ms
[2021-04-30T09:23:38.499+0300][49,349s][info][gc] GC(1153) Pause Final Update Refs 0,082ms
[2021-04-30T09:23:38.499+0300][49,349s][info][gc] GC(1153) Concurrent cleanup 121M->113M(128M) 0,044ms
[2021-04-30T09:23:38.501+0300][49,350s][info][gc] Trigger: Free (7073K) is below minimum threshold (13107K)
[2021-04-30T09:23:38.501+0300][49,350s][info][gc] GC(1154) Concurrent reset 0,252ms
[2021-04-30T09:23:38.501+0300][49,351s][info][gc] GC(1154) Pause Init Mark 0,166ms
[2021-04-30T09:23:38.517+0300][49,366s][info][gc] GC(1154) Concurrent marking 15,350ms
[2021-04-30T09:23:38.517+0300][49,367s][info][gc] GC(1154) Pause Final Mark 0,398ms
[2021-04-30T09:23:38.517+0300][49,367s][info][gc] GC(1154) Concurrent cleanup 115M->115M(128M) 0,038ms
[2021-04-30T09:23:38.518+0300][49,367s][info][gc] GC(1154) Concurrent evacuation 0,218ms
[2021-04-30T09:23:38.518+0300][49,367s][info][gc] GC(1154) Pause Init Update Refs 0,004ms
[2021-04-30T09:23:38.528+0300][49,377s][info][gc] GC(1154) Concurrent update references 10,056ms
[2021-04-30T09:23:38.528+0300][49,377s][info][gc] GC(1154) Pause Final Update Refs 0,099ms
[2021-04-30T09:23:38.528+0300][49,378s][info][gc] GC(1154) Concurrent cleanup 117M->110M(128M) 0,053ms
[2021-04-30T09:23:38.529+0300][49,379s][info][gc] Trigger: Free (10309K) is below minimum threshold (13107K)
[2021-04-30T09:23:38.529+0300][49,379s][info][gc] GC(1155) Concurrent reset 0,217ms
[2021-04-30T09:23:38.530+0300][49,379s][info][gc] GC(1155) Pause Init Mark (process weakrefs) 0,297ms
[2021-04-30T09:23:38.546+0300][49,396s][info][gc] GC(1155) Concurrent marking (process weakrefs) 16,319ms
[2021-04-30T09:23:38.547+0300][49,396s][info][gc] GC(1155) Concurrent precleaning 0,166ms
[2021-04-30T09:23:38.548+0300][49,397s][info][gc] GC(1155) Pause Final Mark (process weakrefs) 1,043ms
[2021-04-30T09:23:38.548+0300][49,397s][info][gc] GC(1155) Concurrent cleanup 112M->112M(128M) 0,038ms
[2021-04-30T09:23:38.549+0300][49,398s][info][gc] GC(1155) Concurrent evacuation 0,736ms
[2021-04-30T09:23:38.549+0300][49,398s][info][gc] GC(1155) Pause Init Update Refs 0,007ms
[2021-04-30T09:23:38.560+0300][49,409s][info][gc] GC(1155) Concurrent update references 11,057ms
[2021-04-30T09:23:38.560+0300][49,410s][info][gc] GC(1155) Pause Final Update Refs 0,136ms
[2021-04-30T09:23:38.560+0300][49,410s][info][gc] GC(1155) Concurrent cleanup 117M->111M(128M) 0,041ms
[2021-04-30T09:23:38.562+0300][49,411s][info][gc] Trigger: Free (9255K) is below minimum threshold (13107K)
[2021-04-30T09:23:38.562+0300][49,411s][info][gc] GC(1156) Concurrent reset 0,166ms
[2021-04-30T09:23:38.562+0300][49,412s][info][gc] GC(1156) Pause Init Mark 0,267ms
[2021-04-30T09:23:38.579+0300][49,428s][info][gc] GC(1156) Concurrent marking 16,466ms
[2021-04-30T09:23:38.580+0300][49,429s][info][gc] GC(1156) Pause Final Mark 0,806ms
[2021-04-30T09:23:38.580+0300][49,429s][info][gc] GC(1156) Concurrent cleanup 113M->113M(128M) 0,039ms
[2021-04-30T09:23:38.581+0300][49,430s][info][gc] GC(1156) Concurrent evacuation 0,924ms
[2021-04-30T09:23:38.581+0300][49,430s][info][gc] GC(1156) Pause Init Update Refs 0,005ms
[2021-04-30T09:23:38.596+0300][49,445s][info][gc] GC(1156) Concurrent update references 15,187ms
[2021-04-30T09:23:38.596+0300][49,446s][info][gc] GC(1156) Pause Final Update Refs 0,090ms
[2021-04-30T09:23:38.597+0300][49,446s][info][gc] GC(1156) Concurrent cleanup 122M->114M(128M) 0,043ms
[2021-04-30T09:23:38.598+0300][49,447s][info][gc] Trigger: Free (6089K) is below minimum threshold (13107K)
[2021-04-30T09:23:38.598+0300][49,448s][info][gc] GC(1157) Concurrent reset 0,438ms
[2021-04-30T09:23:38.599+0300][49,449s][info][gc] GC(1157) Pause Init Mark 0,264ms
[2021-04-30T09:23:38.617+0300][49,467s][info][gc] GC(1157) Concurrent marking 17,829ms
[2021-04-30T09:23:38.618+0300][49,467s][info][gc] GC(1157) Pause Final Mark 0,437ms
[2021-04-30T09:23:38.618+0300][49,467s][info][gc] GC(1157) Concurrent cleanup 116M->116M(128M) 0,151ms
[2021-04-30T09:23:38.619+0300][49,468s][info][gc] GC(1157) Concurrent evacuation 0,607ms
[2021-04-30T09:23:38.619+0300][49,468s][info][gc] GC(1157) Pause Init Update Refs 0,004ms
[2021-04-30T09:23:38.632+0300][49,481s][info][gc] GC(1157) Concurrent update references 13,112ms
[2021-04-30T09:23:38.632+0300][49,482s][info][gc] GC(1157) Pause Final Update Refs 0,086ms
[2021-04-30T09:23:38.632+0300][49,482s][info][gc] GC(1157) Concurrent cleanup 121M->112M(128M) 0,042ms
[2021-04-30T09:23:38.633+0300][49,483s][info][gc] Trigger: Free (8622K) is below minimum threshold (13107K)
[2021-04-30T09:23:38.634+0300][49,483s][info][gc] GC(1158) Concurrent reset 0,168ms
[2021-04-30T09:23:38.634+0300][49,483s][info][gc] GC(1158) Pause Init Mark 0,233ms
[2021-04-30T09:23:38.648+0300][49,498s][info][gc] GC(1158) Concurrent marking 14,172ms
[2021-04-30T09:23:38.649+0300][49,499s][info][gc] GC(1158) Pause Final Mark 1,142ms
[2021-04-30T09:23:38.650+0300][49,499s][info][gc] GC(1158) Concurrent cleanup 114M->114M(128M) 0,040ms
[2021-04-30T09:23:38.650+0300][49,500s][info][gc] GC(1158) Concurrent evacuation 0,849ms
[2021-04-30T09:23:38.651+0300][49,500s][info][gc] GC(1158) Pause Init Update Refs 0,004ms
[2021-04-30T09:23:38.659+0300][49,509s][info][gc] GC(1158) Concurrent update references 8,453ms
[2021-04-30T09:23:38.659+0300][49,509s][info][gc] GC(1158) Pause Final Update Refs 0,199ms
[2021-04-30T09:23:38.660+0300][49,509s][info][gc] GC(1158) Concurrent cleanup 122M->114M(128M) 0,042ms
[2021-04-30T09:23:38.661+0300][49,510s][info][gc] Trigger: Free (5640K) is below minimum threshold (13107K)
[2021-04-30T09:23:38.661+0300][49,510s][info][gc] GC(1159) Concurrent reset 0,185ms
[2021-04-30T09:23:38.661+0300][49,511s][info][gc] GC(1159) Pause Init Mark 0,258ms
[2021-04-30T09:23:38.680+0300][49,530s][info][gc] GC(1159) Concurrent marking 18,871ms
[2021-04-30T09:23:38.681+0300][49,530s][info][gc] GC(1159) Pause Final Mark 0,490ms
[2021-04-30T09:23:38.681+0300][49,531s][info][gc] GC(1159) Concurrent cleanup 116M->116M(128M) 0,039ms
[2021-04-30T09:23:38.681+0300][49,531s][info][gc] GC(1159) Concurrent evacuation 0,234ms
[2021-04-30T09:23:38.681+0300][49,531s][info][gc] GC(1159) Pause Init Update Refs 0,004ms
[2021-04-30T09:23:38.694+0300][49,544s][info][gc] GC(1159) Concurrent update references 12,849ms
[2021-04-30T09:23:38.695+0300][49,544s][info][gc] GC(1159) Pause Final Update Refs 0,198ms
[2021-04-30T09:23:38.695+0300][49,544s][info][gc] GC(1159) Concurrent cleanup 119M->111M(128M) 0,040ms
[2021-04-30T09:23:38.696+0300][49,545s][info][gc] Trigger: Free (10419K) is below minimum threshold (13107K)
[2021-04-30T09:23:38.696+0300][49,546s][info][gc] GC(1160) Concurrent reset 0,206ms
[2021-04-30T09:23:38.697+0300][49,546s][info][gc] GC(1160) Pause Init Mark (process weakrefs) 0,233ms
[2021-04-30T09:23:38.713+0300][49,562s][info][gc] GC(1160) Concurrent marking (process weakrefs) 15,880ms
[2021-04-30T09:23:38.713+0300][49,562s][info][gc] GC(1160) Concurrent precleaning 0,123ms
[2021-04-30T09:23:38.714+0300][49,563s][info][gc] GC(1160) Pause Final Mark (process weakrefs) 0,929ms
[2021-04-30T09:23:38.714+0300][49,563s][info][gc] GC(1160) Concurrent cleanup 112M->112M(128M) 0,036ms
[2021-04-30T09:23:38.715+0300][49,565s][info][gc] GC(1160) Concurrent evacuation 1,446ms
[2021-04-30T09:23:38.716+0300][49,565s][info][gc] GC(1160) Pause Init Update Refs 0,006ms
[2021-04-30T09:23:38.731+0300][49,580s][info][gc] GC(1160) Concurrent update references 15,065ms
[2021-04-30T09:23:38.731+0300][49,580s][info][gc] GC(1160) Pause Final Update Refs 0,083ms
[2021-04-30T09:23:38.731+0300][49,580s][info][gc] GC(1160) Concurrent cleanup 123M->115M(128M) 0,044ms
[2021-04-30T09:23:38.732+0300][49,582s][info][gc] Trigger: Free (4929K) is below minimum threshold (13107K)
[2021-04-30T09:23:38.732+0300][49,582s][info][gc] GC(1161) Concurrent reset 0,176ms
[2021-04-30T09:23:38.733+0300][49,582s][info][gc] GC(1161) Pause Init Mark 0,140ms
[2021-04-30T09:23:38.749+0300][49,598s][info][gc] GC(1161) Concurrent marking 15,891ms
[2021-04-30T09:23:38.749+0300][49,598s][info][gc] GC(1161) Pause Final Mark 0,285ms
[2021-04-30T09:23:38.749+0300][49,599s][info][gc] GC(1161) Concurrent cleanup 117M->117M(128M) 0,039ms
[2021-04-30T09:23:38.749+0300][49,599s][info][gc] GC(1161) Concurrent evacuation 0,189ms
[2021-04-30T09:23:38.749+0300][49,599s][info][gc] GC(1161) Pause Init Update Refs 0,006ms
[2021-04-30T09:23:38.763+0300][49,612s][info][gc] GC(1161) Concurrent update references 12,965ms
[2021-04-30T09:23:38.763+0300][49,612s][info][gc] GC(1161) Pause Final Update Refs 0,063ms
[2021-04-30T09:23:38.763+0300][49,612s][info][gc] GC(1161) Concurrent cleanup 121M->112M(128M) 0,042ms
[2021-04-30T09:23:38.764+0300][49,613s][info][gc] Trigger: Free (8430K) is below minimum threshold (13107K)
[2021-04-30T09:23:38.764+0300][49,614s][info][gc] GC(1162) Concurrent reset 0,155ms
[2021-04-30T09:23:38.765+0300][49,614s][info][gc] GC(1162) Pause Init Mark 0,206ms
[2021-04-30T09:23:38.780+0300][49,630s][info][gc] GC(1162) Concurrent marking 15,444ms
[2021-04-30T09:23:38.780+0300][49,630s][info][gc] GC(1162) Pause Final Mark 0,315ms
[2021-04-30T09:23:38.781+0300][49,630s][info][gc] GC(1162) Concurrent cleanup 114M->114M(128M) 0,040ms
[2021-04-30T09:23:38.781+0300][49,630s][info][gc] GC(1162) Concurrent evacuation 0,110ms
[2021-04-30T09:23:38.781+0300][49,630s][info][gc] GC(1162) Pause Init Update Refs 0,006ms
[2021-04-30T09:23:38.795+0300][49,644s][info][gc] GC(1162) Concurrent update references 14,108ms
[2021-04-30T09:23:38.795+0300][49,645s][info][gc] GC(1162) Pause Final Update Refs 0,080ms
[2021-04-30T09:23:38.795+0300][49,645s][info][gc] GC(1162) Concurrent cleanup 118M->112M(128M) 0,039ms
[2021-04-30T09:23:38.796+0300][49,646s][info][gc] Trigger: Free (7851K) is below minimum threshold (13107K)
[2021-04-30T09:23:38.797+0300][49,646s][info][gc] GC(1163) Concurrent reset 0,121ms
[2021-04-30T09:23:38.797+0300][49,646s][info][gc] GC(1163) Pause Init Mark 0,216ms
[2021-04-30T09:23:38.813+0300][49,662s][info][gc] GC(1163) Concurrent marking 16,108ms
[2021-04-30T09:23:38.814+0300][49,663s][info][gc] GC(1163) Pause Final Mark 0,728ms
[2021-04-30T09:23:38.814+0300][49,664s][info][gc] GC(1163) Concurrent cleanup 114M->114M(128M) 0,037ms
[2021-04-30T09:23:38.814+0300][49,664s][info][gc] GC(1163) Concurrent evacuation 0,163ms
[2021-04-30T09:23:38.814+0300][49,664s][info][gc] GC(1163) Pause Init Update Refs 0,021ms
[2021-04-30T09:23:38.823+0300][49,672s][info][gc] GC(1163) Concurrent update references 8,062ms
[2021-04-30T09:23:38.823+0300][49,672s][info][gc] GC(1163) Pause Final Update Refs 0,081ms
[2021-04-30T09:23:38.823+0300][49,672s][info][gc] GC(1163) Concurrent cleanup 118M->112M(128M) 0,042ms
[2021-04-30T09:23:38.824+0300][49,674s][info][gc] Trigger: Free (8903K) is below minimum threshold (13107K)
[2021-04-30T09:23:38.824+0300][49,674s][info][gc] GC(1164) Concurrent reset 0,266ms
[2021-04-30T09:23:38.825+0300][49,674s][info][gc] GC(1164) Pause Init Mark 0,210ms
[2021-04-30T09:23:38.844+0300][49,694s][info][gc] GC(1164) Concurrent marking 19,528ms
[2021-04-30T09:23:38.845+0300][49,695s][info][gc] GC(1164) Pause Final Mark 0,872ms
[2021-04-30T09:23:38.845+0300][49,695s][info][gc] GC(1164) Concurrent cleanup 113M->113M(128M) 0,038ms
[2021-04-30T09:23:38.846+0300][49,696s][info][gc] GC(1164) Concurrent evacuation 0,986ms
[2021-04-30T09:23:38.847+0300][49,696s][info][gc] GC(1164) Pause Init Update Refs 0,020ms
[2021-04-30T09:23:38.855+0300][49,705s][info][gc] GC(1164) Concurrent update references 8,225ms
[2021-04-30T09:23:38.855+0300][49,705s][info][gc] GC(1164) Pause Final Update Refs 0,095ms
[2021-04-30T09:23:38.856+0300][49,705s][info][gc] GC(1164) Concurrent cleanup 122M->114M(128M) 0,041ms
[2021-04-30T09:23:38.857+0300][49,706s][info][gc] Trigger: Free (6628K) is below minimum threshold (13107K)
[2021-04-30T09:23:38.857+0300][49,706s][info][gc] GC(1165) Concurrent reset 0,150ms
[2021-04-30T09:23:38.857+0300][49,707s][info][gc] GC(1165) Pause Init Mark (process weakrefs) 0,142ms
[2021-04-30T09:23:38.871+0300][49,721s][info][gc] GC(1165) Concurrent marking (process weakrefs) 13,933ms
[2021-04-30T09:23:38.871+0300][49,721s][info][gc] GC(1165) Concurrent precleaning 0,103ms
[2021-04-30T09:23:38.872+0300][49,721s][info][gc] GC(1165) Pause Final Mark (process weakrefs) 0,305ms
[2021-04-30T09:23:38.872+0300][49,721s][info][gc] GC(1165) Concurrent cleanup 115M->115M(128M) 0,039ms
[2021-04-30T09:23:38.872+0300][49,721s][info][gc] GC(1165) Concurrent evacuation 0,130ms
[2021-04-30T09:23:38.872+0300][49,721s][info][gc] GC(1165) Pause Init Update Refs 0,004ms
[2021-04-30T09:23:38.880+0300][49,729s][info][gc] GC(1165) Concurrent update references 7,846ms
[2021-04-30T09:23:38.880+0300][49,730s][info][gc] GC(1165) Pause Final Update Refs 0,060ms
[2021-04-30T09:23:38.880+0300][49,730s][info][gc] GC(1165) Concurrent cleanup 120M->113M(128M) 0,039ms
[2021-04-30T09:23:38.881+0300][49,731s][info][gc] Trigger: Free (7739K) is below minimum threshold (13107K)
[2021-04-30T09:23:38.881+0300][49,731s][info][gc] GC(1166) Concurrent reset 0,178ms
[2021-04-30T09:23:38.882+0300][49,731s][info][gc] GC(1166) Pause Init Mark 0,215ms
[2021-04-30T09:23:38.902+0300][49,751s][info][gc] GC(1166) Concurrent marking 19,920ms
[2021-04-30T09:23:38.903+0300][49,752s][info][gc] GC(1166) Pause Final Mark 0,942ms
[2021-04-30T09:23:38.903+0300][49,752s][info][gc] GC(1166) Concurrent cleanup 115M->115M(128M) 0,037ms
[2021-04-30T09:23:38.904+0300][49,753s][info][gc] GC(1166) Concurrent evacuation 0,717ms
[2021-04-30T09:23:38.904+0300][49,753s][info][gc] GC(1166) Pause Init Update Refs 0,021ms
[2021-04-30T09:23:38.917+0300][49,767s][info][gc] GC(1166) Concurrent update references 13,433ms
[2021-04-30T09:23:38.918+0300][49,767s][info][gc] GC(1166) Pause Final Update Refs 0,206ms
[2021-04-30T09:23:38.918+0300][49,767s][info][gc] GC(1166) Concurrent cleanup 121M->112M(128M) 0,038ms
[2021-04-30T09:23:38.919+0300][49,769s][info][gc] Trigger: Free (8551K) is below minimum threshold (13107K)
[2021-04-30T09:23:38.919+0300][49,769s][info][gc] GC(1167) Concurrent reset 0,153ms
[2021-04-30T09:23:38.920+0300][49,769s][info][gc] GC(1167) Pause Init Mark 0,294ms
[2021-04-30T09:23:38.933+0300][49,782s][info][gc] GC(1167) Concurrent marking 13,261ms
[2021-04-30T09:23:38.934+0300][49,783s][info][gc] GC(1167) Pause Final Mark 0,668ms
[2021-04-30T09:23:38.934+0300][49,783s][info][gc] GC(1167) Concurrent cleanup 113M->113M(128M) 0,036ms
[2021-04-30T09:23:38.934+0300][49,784s][info][gc] GC(1167) Concurrent evacuation 0,182ms
[2021-04-30T09:23:38.934+0300][49,784s][info][gc] GC(1167) Pause Init Update Refs 0,021ms
[2021-04-30T09:23:38.945+0300][49,794s][info][gc] GC(1167) Concurrent update references 10,468ms
[2021-04-30T09:23:38.945+0300][49,795s][info][gc] GC(1167) Pause Final Update Refs 0,102ms
[2021-04-30T09:23:38.945+0300][49,795s][info][gc] GC(1167) Concurrent cleanup 117M->112M(128M) 0,048ms
[2021-04-30T09:23:38.947+0300][49,796s][info][gc] Trigger: Free (8979K) is below minimum threshold (13107K)
[2021-04-30T09:23:38.947+0300][49,796s][info][gc] GC(1168) Concurrent reset 0,184ms
[2021-04-30T09:23:38.947+0300][49,796s][info][gc] GC(1168) Pause Init Mark 0,140ms
[2021-04-30T09:23:38.962+0300][49,811s][info][gc] GC(1168) Concurrent marking 14,700ms
[2021-04-30T09:23:38.963+0300][49,812s][info][gc] GC(1168) Pause Final Mark 0,874ms
[2021-04-30T09:23:38.963+0300][49,812s][info][gc] GC(1168) Concurrent cleanup 114M->114M(128M) 0,039ms
[2021-04-30T09:23:38.964+0300][49,813s][info][gc] GC(1168) Concurrent evacuation 0,995ms
[2021-04-30T09:23:38.964+0300][49,813s][info][gc] GC(1168) Pause Init Update Refs 0,005ms
[2021-04-30T09:23:38.972+0300][49,821s][info][gc] GC(1168) Concurrent update references 7,887ms
[2021-04-30T09:23:38.972+0300][49,822s][info][gc] GC(1168) Pause Final Update Refs 0,096ms
[2021-04-30T09:23:38.973+0300][49,822s][info][gc] GC(1168) Concurrent cleanup 119M->111M(128M) 0,041ms
[2021-04-30T09:23:38.974+0300][49,823s][info][gc] Trigger: Free (9520K) is below minimum threshold (13107K)
[2021-04-30T09:23:38.974+0300][49,823s][info][gc] GC(1169) Concurrent reset 0,123ms
[2021-04-30T09:23:38.974+0300][49,824s][info][gc] GC(1169) Pause Init Mark 0,197ms
[2021-04-30T09:23:38.988+0300][49,837s][info][gc] GC(1169) Concurrent marking 13,535ms
[2021-04-30T09:23:38.989+0300][49,838s][info][gc] GC(1169) Pause Final Mark 0,923ms
[2021-04-30T09:23:38.989+0300][49,839s][info][gc] GC(1169) Concurrent cleanup 113M->113M(128M) 0,043ms
[2021-04-30T09:23:38.990+0300][49,840s][info][gc] GC(1169) Concurrent evacuation 1,368ms
[2021-04-30T09:23:38.991+0300][49,840s][info][gc] GC(1169) Pause Init Update Refs 0,005ms
[2021-04-30T09:23:38.999+0300][49,849s][info][gc] GC(1169) Concurrent update references 8,442ms
[2021-04-30T09:23:38.999+0300][49,849s][info][gc] GC(1169) Pause Final Update Refs 0,074ms
[2021-04-30T09:23:39.000+0300][49,849s][info][gc] GC(1169) Concurrent cleanup 124M->115M(128M) 0,042ms
[2021-04-30T09:23:39.001+0300][49,850s][info][gc] Trigger: Free (5523K) is below minimum threshold (13107K)
[2021-04-30T09:23:39.001+0300][49,850s][info][gc] GC(1170) Concurrent reset 0,117ms
[2021-04-30T09:23:39.001+0300][49,850s][info][gc] GC(1170) Pause Init Mark (process weakrefs) 0,166ms
[2021-04-30T09:23:39.016+0300][49,865s][info][gc] GC(1170) Concurrent marking (process weakrefs) 14,894ms
[2021-04-30T09:23:39.016+0300][49,866s][info][gc] GC(1170) Concurrent precleaning 0,055ms
[2021-04-30T09:23:39.017+0300][49,866s][info][gc] GC(1170) Pause Final Mark (process weakrefs) 0,636ms
[2021-04-30T09:23:39.017+0300][49,867s][info][gc] GC(1170) Concurrent cleanup 116M->116M(128M) 0,044ms
[2021-04-30T09:23:39.017+0300][49,867s][info][gc] GC(1170) Concurrent evacuation 0,190ms
[2021-04-30T09:23:39.018+0300][49,867s][info][gc] GC(1170) Pause Init Update Refs 0,006ms
[2021-04-30T09:23:39.026+0300][49,875s][info][gc] GC(1170) Concurrent update references 8,265ms
[2021-04-30T09:23:39.026+0300][49,875s][info][gc] GC(1170) Pause Final Update Refs 0,069ms
[2021-04-30T09:23:39.026+0300][49,876s][info][gc] GC(1170) Concurrent cleanup 119M->111M(128M) 0,040ms
[2021-04-30T09:23:39.027+0300][49,877s][info][gc] Trigger: Free (9323K) is below minimum threshold (13107K)
[2021-04-30T09:23:39.027+0300][49,877s][info][gc] GC(1171) Concurrent reset 0,124ms
[2021-04-30T09:23:39.028+0300][49,877s][info][gc] GC(1171) Pause Init Mark 0,144ms
[2021-04-30T09:23:39.042+0300][49,892s][info][gc] GC(1171) Concurrent marking 14,457ms
[2021-04-30T09:23:39.043+0300][49,892s][info][gc] GC(1171) Pause Final Mark 0,418ms
[2021-04-30T09:23:39.049+0300][49,898s][info][gc] GC(1171) Concurrent cleanup 113M->113M(128M) 0,045ms
[2021-04-30T09:23:39.049+0300][49,898s][info][gc] GC(1171) Concurrent evacuation 0,115ms
[2021-04-30T09:23:39.049+0300][49,898s][info][gc] GC(1171) Pause Init Update Refs 0,004ms
[2021-04-30T09:23:39.058+0300][49,908s][info][gc] GC(1171) Concurrent update references 9,327ms
[2021-04-30T09:23:39.059+0300][49,909s][info][gc] GC(1171) Pause Final Update Refs 0,251ms
[2021-04-30T09:23:39.059+0300][49,909s][info][gc] GC(1171) Concurrent cleanup 118M->114M(128M) 0,058ms
[2021-04-30T09:23:39.061+0300][49,910s][info][gc] Trigger: Free (7327K) is below minimum threshold (13107K)
[2021-04-30T09:23:39.061+0300][49,910s][info][gc] GC(1172) Concurrent reset 0,111ms
[2021-04-30T09:23:39.061+0300][49,911s][info][gc] GC(1172) Pause Init Mark 0,226ms
[2021-04-30T09:23:39.077+0300][49,926s][info][gc] GC(1172) Concurrent marking 15,398ms
[2021-04-30T09:23:39.077+0300][49,926s][info][gc] GC(1172) Pause Final Mark 0,366ms
[2021-04-30T09:23:39.077+0300][49,927s][info][gc] GC(1172) Concurrent cleanup 115M->115M(128M) 0,036ms
[2021-04-30T09:23:39.077+0300][49,927s][info][gc] GC(1172) Concurrent evacuation 0,063ms
[2021-04-30T09:23:39.077+0300][49,927s][info][gc] GC(1172) Pause Init Update Refs 0,005ms
[2021-04-30T09:23:39.085+0300][49,935s][info][gc] GC(1172) Concurrent update references 7,976ms
[2021-04-30T09:23:39.086+0300][49,935s][info][gc] GC(1172) Pause Final Update Refs 0,149ms
[2021-04-30T09:23:39.086+0300][49,935s][info][gc] GC(1172) Concurrent cleanup 117M->111M(128M) 0,042ms
[2021-04-30T09:23:39.087+0300][49,936s][info][gc] Trigger: Free (8889K) is below minimum threshold (13107K)
[2021-04-30T09:23:39.087+0300][49,937s][info][gc] GC(1173) Concurrent reset 0,173ms
[2021-04-30T09:23:39.088+0300][49,937s][info][gc] GC(1173) Pause Init Mark 0,167ms
[2021-04-30T09:23:39.102+0300][49,951s][info][gc] GC(1173) Concurrent marking 14,004ms
[2021-04-30T09:23:39.103+0300][49,952s][info][gc] GC(1173) Pause Final Mark 1,139ms
[2021-04-30T09:23:39.103+0300][49,953s][info][gc] GC(1173) Concurrent cleanup 114M->114M(128M) 0,038ms
[2021-04-30T09:23:39.105+0300][49,954s][info][gc] GC(1173) Concurrent evacuation 1,849ms
[2021-04-30T09:23:39.105+0300][49,955s][info][gc] GC(1173) Pause Init Update Refs 0,005ms
[2021-04-30T09:23:39.114+0300][49,963s][info][gc] GC(1173) Concurrent update references 8,255ms
[2021-04-30T09:23:39.114+0300][49,964s][info][gc] GC(1173) Pause Final Update Refs 0,281ms
[2021-04-30T09:23:39.114+0300][49,964s][info][gc] GC(1173) Concurrent cleanup 118M->110M(128M) 0,048ms
[2021-04-30T09:23:39.116+0300][49,965s][info][gc] Trigger: Free (10175K) is below minimum threshold (13107K)
[2021-04-30T09:23:39.116+0300][49,965s][info][gc] GC(1174) Concurrent reset 0,167ms
[2021-04-30T09:23:39.116+0300][49,966s][info][gc] GC(1174) Pause Init Mark 0,264ms
[2021-04-30T09:23:39.130+0300][49,980s][info][gc] GC(1174) Concurrent marking 14,073ms
[2021-04-30T09:23:39.131+0300][49,981s][info][gc] GC(1174) Pause Final Mark 0,554ms
[2021-04-30T09:23:39.131+0300][49,981s][info][gc] GC(1174) Concurrent cleanup 112M->112M(128M) 0,040ms
[2021-04-30T09:23:39.132+0300][49,981s][info][gc] GC(1174) Concurrent evacuation 0,182ms
[2021-04-30T09:23:39.132+0300][49,981s][info][gc] GC(1174) Pause Init Update Refs 0,006ms
[2021-04-30T09:23:39.140+0300][49,990s][info][gc] GC(1174) Concurrent update references 8,416ms
[2021-04-30T09:23:39.141+0300][49,990s][info][gc] GC(1174) Pause Final Update Refs 0,105ms
[2021-04-30T09:23:39.141+0300][49,990s][info][gc] GC(1174) Concurrent cleanup 118M->114M(128M) 0,063ms
[2021-04-30T09:23:39.142+0300][49,991s][info][gc] Trigger: Free (7062K) is below minimum threshold (13107K)
[2021-04-30T09:23:39.142+0300][49,992s][info][gc] GC(1175) Concurrent reset 0,295ms
[2021-04-30T09:23:39.143+0300][49,992s][info][gc] GC(1175) Pause Init Mark (process weakrefs) 0,556ms
[2021-04-30T09:23:39.156+0300][50,006s][info][gc] GC(1175) Concurrent marking (process weakrefs) 13,405ms
[2021-04-30T09:23:39.157+0300][50,006s][info][gc] GC(1175) Concurrent precleaning 0,092ms
[2021-04-30T09:23:39.157+0300][50,006s][info][gc] GC(1175) Pause Final Mark (process weakrefs) 0,441ms
[2021-04-30T09:23:39.157+0300][50,007s][info][gc] GC(1175) Concurrent cleanup 115M->115M(128M) 0,037ms
[2021-04-30T09:23:39.157+0300][50,007s][info][gc] GC(1175) Concurrent evacuation 0,201ms
[2021-04-30T09:23:39.158+0300][50,007s][info][gc] GC(1175) Pause Init Update Refs 0,021ms
[2021-04-30T09:23:39.165+0300][50,015s][info][gc] GC(1175) Concurrent update references 7,573ms
[2021-04-30T09:23:39.166+0300][50,015s][info][gc] GC(1175) Pause Final Update Refs 0,095ms
[2021-04-30T09:23:39.166+0300][50,015s][info][gc] GC(1175) Concurrent cleanup 118M->112M(128M) 0,041ms
[2021-04-30T09:23:39.167+0300][50,016s][info][gc] Trigger: Free (8678K) is below minimum threshold (13107K)
[2021-04-30T09:23:39.167+0300][50,016s][info][gc] GC(1176) Concurrent reset 0,144ms
[2021-04-30T09:23:39.167+0300][50,017s][info][gc] GC(1176) Pause Init Mark 0,206ms
[2021-04-30T09:23:39.181+0300][50,030s][info][gc] GC(1176) Concurrent marking 13,671ms
[2021-04-30T09:23:39.182+0300][50,031s][info][gc] GC(1176) Pause Final Mark 0,597ms
[2021-04-30T09:23:39.182+0300][50,031s][info][gc] GC(1176) Concurrent cleanup 113M->114M(128M) 0,039ms
[2021-04-30T09:23:39.183+0300][50,032s][info][gc] GC(1176) Concurrent evacuation 0,668ms
[2021-04-30T09:23:39.183+0300][50,032s][info][gc] GC(1176) Pause Init Update Refs 0,021ms
[2021-04-30T09:23:39.193+0300][50,043s][info][gc] GC(1176) Concurrent update references 10,330ms
[2021-04-30T09:23:39.194+0300][50,043s][info][gc] GC(1176) Pause Final Update Refs 0,095ms
[2021-04-30T09:23:39.194+0300][50,043s][info][gc] GC(1176) Concurrent cleanup 120M->113M(128M) 0,055ms
[2021-04-30T09:23:39.195+0300][50,044s][info][gc] Trigger: Free (6916K) is below minimum threshold (13107K)
[2021-04-30T09:23:39.195+0300][50,045s][info][gc] GC(1177) Concurrent reset 0,154ms
[2021-04-30T09:23:39.195+0300][50,045s][info][gc] GC(1177) Pause Init Mark 0,156ms
[2021-04-30T09:23:39.209+0300][50,059s][info][gc] GC(1177) Concurrent marking 13,820ms
[2021-04-30T09:23:39.210+0300][50,059s][info][gc] GC(1177) Pause Final Mark 0,365ms
[2021-04-30T09:23:39.210+0300][50,060s][info][gc] GC(1177) Concurrent cleanup 115M->115M(128M) 0,044ms
[2021-04-30T09:23:39.210+0300][50,060s][info][gc] GC(1177) Concurrent evacuation 0,108ms
[2021-04-30T09:23:39.210+0300][50,060s][info][gc] GC(1177) Pause Init Update Refs 0,006ms
[2021-04-30T09:23:39.219+0300][50,069s][info][gc] GC(1177) Concurrent update references 8,940ms
[2021-04-30T09:23:39.220+0300][50,069s][info][gc] GC(1177) Pause Final Update Refs 0,205ms
[2021-04-30T09:23:39.220+0300][50,070s][info][gc] GC(1177) Concurrent cleanup 118M->112M(128M) 0,053ms
[2021-04-30T09:23:39.221+0300][50,071s][info][gc] Trigger: Free (9027K) is below minimum threshold (13107K)
[2021-04-30T09:23:39.222+0300][50,071s][info][gc] GC(1178) Concurrent reset 0,184ms
[2021-04-30T09:23:39.222+0300][50,072s][info][gc] GC(1178) Pause Init Mark 0,271ms
[2021-04-30T09:23:39.238+0300][50,088s][info][gc] GC(1178) Concurrent marking 15,934ms
[2021-04-30T09:23:39.239+0300][50,088s][info][gc] GC(1178) Pause Final Mark 0,401ms
[2021-04-30T09:23:39.239+0300][50,088s][info][gc] GC(1178) Concurrent cleanup 113M->113M(128M) 0,041ms
[2021-04-30T09:23:39.240+0300][50,089s][info][gc] GC(1178) Concurrent evacuation 0,682ms
[2021-04-30T09:23:39.240+0300][50,089s][info][gc] GC(1178) Pause Init Update Refs 0,004ms
[2021-04-30T09:23:39.248+0300][50,097s][info][gc] GC(1178) Concurrent update references 8,196ms
[2021-04-30T09:23:39.248+0300][50,098s][info][gc] GC(1178) Pause Final Update Refs 0,069ms
[2021-04-30T09:23:39.248+0300][50,098s][info][gc] GC(1178) Concurrent cleanup 119M->113M(128M) 0,055ms
[2021-04-30T09:23:39.249+0300][50,099s][info][gc] Trigger: Free (7631K) is below minimum threshold (13107K)
[2021-04-30T09:23:39.250+0300][50,099s][info][gc] GC(1179) Concurrent reset 0,234ms
[2021-04-30T09:23:39.250+0300][50,100s][info][gc] GC(1179) Pause Init Mark 0,196ms
[2021-04-30T09:23:39.266+0300][50,115s][info][gc] GC(1179) Concurrent marking 15,355ms
[2021-04-30T09:23:39.266+0300][50,115s][info][gc] GC(1179) Pause Final Mark 0,359ms
[2021-04-30T09:23:39.266+0300][50,116s][info][gc] GC(1179) Concurrent cleanup 115M->115M(128M) 0,054ms
[2021-04-30T09:23:39.268+0300][50,117s][info][gc] GC(1179) Concurrent evacuation 1,561ms
[2021-04-30T09:23:39.268+0300][50,117s][info][gc] GC(1179) Pause Init Update Refs 0,009ms
[2021-04-30T09:23:39.277+0300][50,127s][info][gc] GC(1179) Concurrent update references 9,405ms
[2021-04-30T09:23:39.278+0300][50,127s][info][gc] GC(1179) Pause Final Update Refs 0,078ms
[2021-04-30T09:23:39.278+0300][50,127s][info][gc] GC(1179) Concurrent cleanup 119M->110M(128M) 0,040ms
[2021-04-30T09:23:39.279+0300][50,128s][info][gc] Trigger: Free (10204K) is below minimum threshold (13107K)
[2021-04-30T09:23:39.279+0300][50,128s][info][gc] GC(1180) Concurrent reset 0,138ms
[2021-04-30T09:23:39.279+0300][50,129s][info][gc] GC(1180) Pause Init Mark (process weakrefs) 0,145ms
[2021-04-30T09:23:39.295+0300][50,144s][info][gc] GC(1180) Concurrent marking (process weakrefs) 15,060ms
[2021-04-30T09:23:39.295+0300][50,144s][info][gc] GC(1180) Concurrent precleaning 0,108ms
[2021-04-30T09:23:39.295+0300][50,145s][info][gc] GC(1180) Pause Final Mark (process weakrefs) 0,364ms
[2021-04-30T09:23:39.295+0300][50,145s][info][gc] GC(1180) Concurrent cleanup 112M->112M(128M) 0,039ms
[2021-04-30T09:23:39.297+0300][50,146s][info][gc] GC(1180) Concurrent evacuation 1,512ms
[2021-04-30T09:23:39.297+0300][50,146s][info][gc] GC(1180) Pause Init Update Refs 0,005ms
[2021-04-30T09:23:39.310+0300][50,160s][info][gc] GC(1180) Concurrent update references 13,393ms
[2021-04-30T09:23:39.311+0300][50,160s][info][gc] GC(1180) Pause Final Update Refs 0,078ms
[2021-04-30T09:23:39.311+0300][50,160s][info][gc] GC(1180) Concurrent cleanup 120M->114M(128M) 0,041ms
[2021-04-30T09:23:39.312+0300][50,161s][info][gc] Trigger: Free (7037K) is below minimum threshold (13107K)
[2021-04-30T09:23:39.312+0300][50,162s][info][gc] GC(1181) Concurrent reset 0,201ms
[2021-04-30T09:23:39.313+0300][50,162s][info][gc] GC(1181) Pause Init Mark 0,180ms
[2021-04-30T09:23:39.326+0300][50,176s][info][gc] GC(1181) Concurrent marking 13,733ms
[2021-04-30T09:23:39.327+0300][50,176s][info][gc] GC(1181) Pause Final Mark 0,368ms
[2021-04-30T09:23:39.327+0300][50,176s][info][gc] GC(1181) Concurrent cleanup 115M->115M(128M) 0,036ms
[2021-04-30T09:23:39.327+0300][50,177s][info][gc] GC(1181) Concurrent evacuation 0,261ms
[2021-04-30T09:23:39.327+0300][50,177s][info][gc] GC(1181) Pause Init Update Refs 0,005ms
[2021-04-30T09:23:39.335+0300][50,185s][info][gc] GC(1181) Concurrent update references 7,768ms
[2021-04-30T09:23:39.335+0300][50,185s][info][gc] GC(1181) Pause Final Update Refs 0,154ms
[2021-04-30T09:23:39.336+0300][50,185s][info][gc] GC(1181) Concurrent cleanup 117M->110M(128M) 0,042ms
[2021-04-30T09:23:39.337+0300][50,186s][info][gc] Trigger: Free (10229K) is below minimum threshold (13107K)
[2021-04-30T09:23:39.337+0300][50,186s][info][gc] GC(1182) Concurrent reset 0,196ms
[2021-04-30T09:23:39.337+0300][50,187s][info][gc] GC(1182) Pause Init Mark 0,164ms
[2021-04-30T09:23:39.350+0300][50,200s][info][gc] GC(1182) Concurrent marking 12,983ms
[2021-04-30T09:23:39.351+0300][50,200s][info][gc] GC(1182) Pause Final Mark 0,416ms
[2021-04-30T09:23:39.351+0300][50,200s][info][gc] GC(1182) Concurrent cleanup 112M->112M(128M) 0,037ms
[2021-04-30T09:23:39.351+0300][50,201s][info][gc] GC(1182) Concurrent evacuation 0,164ms
[2021-04-30T09:23:39.351+0300][50,201s][info][gc] GC(1182) Pause Init Update Refs 0,005ms
[2021-04-30T09:23:39.360+0300][50,210s][info][gc] GC(1182) Concurrent update references 8,880ms
[2021-04-30T09:23:39.361+0300][50,210s][info][gc] GC(1182) Pause Final Update Refs 0,091ms
[2021-04-30T09:23:39.361+0300][50,210s][info][gc] GC(1182) Concurrent cleanup 115M->112M(128M) 0,038ms
[2021-04-30T09:23:39.362+0300][50,211s][info][gc] Trigger: Free (8260K) is below minimum threshold (13107K)
[2021-04-30T09:23:39.362+0300][50,212s][info][gc] GC(1183) Concurrent reset 0,261ms
[2021-04-30T09:23:39.363+0300][50,212s][info][gc] GC(1183) Pause Init Mark 0,187ms
[2021-04-30T09:23:39.376+0300][50,226s][info][gc] GC(1183) Concurrent marking 13,443ms
[2021-04-30T09:23:39.377+0300][50,226s][info][gc] GC(1183) Pause Final Mark 0,514ms
[2021-04-30T09:23:39.377+0300][50,227s][info][gc] GC(1183) Concurrent cleanup 114M->114M(128M) 0,044ms
[2021-04-30T09:23:39.378+0300][50,227s][info][gc] GC(1183) Concurrent evacuation 0,685ms
[2021-04-30T09:23:39.378+0300][50,227s][info][gc] GC(1183) Pause Init Update Refs 0,004ms
[2021-04-30T09:23:39.388+0300][50,237s][info][gc] GC(1183) Concurrent update references 9,652ms
[2021-04-30T09:23:39.388+0300][50,237s][info][gc] GC(1183) Pause Final Update Refs 0,099ms
[2021-04-30T09:23:39.388+0300][50,237s][info][gc] GC(1183) Concurrent cleanup 121M->114M(128M) 0,039ms
[2021-04-30T09:23:39.389+0300][50,239s][info][gc] Trigger: Free (6050K) is below minimum threshold (13107K)
[2021-04-30T09:23:39.389+0300][50,239s][info][gc] GC(1184) Concurrent reset 0,164ms
[2021-04-30T09:23:39.390+0300][50,239s][info][gc] GC(1184) Pause Init Mark 0,158ms
[2021-04-30T09:23:39.406+0300][50,255s][info][gc] GC(1184) Concurrent marking 16,073ms
[2021-04-30T09:23:39.406+0300][50,256s][info][gc] GC(1184) Pause Final Mark 0,370ms
[2021-04-30T09:23:39.406+0300][50,256s][info][gc] GC(1184) Concurrent cleanup 116M->116M(128M) 0,040ms
[2021-04-30T09:23:39.407+0300][50,256s][info][gc] GC(1184) Concurrent evacuation 0,115ms
[2021-04-30T09:23:39.407+0300][50,256s][info][gc] GC(1184) Pause Init Update Refs 0,004ms
[2021-04-30T09:23:39.415+0300][50,264s][info][gc] GC(1184) Concurrent update references 8,006ms
[2021-04-30T09:23:39.415+0300][50,264s][info][gc] GC(1184) Pause Final Update Refs 0,057ms
[2021-04-30T09:23:39.415+0300][50,265s][info][gc] GC(1184) Concurrent cleanup 116M->110M(128M) 0,039ms
[2021-04-30T09:23:39.416+0300][50,266s][info][gc] Trigger: Free (10879K) is below minimum threshold (13107K)
[2021-04-30T09:23:39.416+0300][50,266s][info][gc] GC(1185) Concurrent reset 0,168ms
[2021-04-30T09:23:39.417+0300][50,266s][info][gc] GC(1185) Pause Init Mark (process weakrefs) 0,187ms
[2021-04-30T09:23:39.432+0300][50,281s][info][gc] GC(1185) Concurrent marking (process weakrefs) 15,029ms
[2021-04-30T09:23:39.432+0300][50,282s][info][gc] GC(1185) Concurrent precleaning 0,191ms
[2021-04-30T09:23:39.434+0300][50,283s][info][gc] GC(1185) Pause Final Mark (process weakrefs) 1,340ms
[2021-04-30T09:23:39.434+0300][50,283s][info][gc] GC(1185) Concurrent cleanup 112M->112M(128M) 0,049ms
[2021-04-30T09:23:39.437+0300][50,286s][info][gc] GC(1185) Concurrent evacuation 2,999ms
[2021-04-30T09:23:39.437+0300][50,286s][info][gc] GC(1185) Pause Init Update Refs 0,007ms
[2021-04-30T09:23:39.448+0300][50,297s][info][gc] GC(1185) Concurrent update references 10,615ms
[2021-04-30T09:23:39.448+0300][50,297s][info][gc] GC(1185) Pause Final Update Refs 0,098ms
[2021-04-30T09:23:39.448+0300][50,298s][info][gc] GC(1185) Concurrent cleanup 124M->116M(128M) 0,039ms
[2021-04-30T09:23:39.449+0300][50,299s][info][gc] Trigger: Free (4398K) is below minimum threshold (13107K)
[2021-04-30T09:23:39.450+0300][50,299s][info][gc] GC(1186) Concurrent reset 0,333ms
[2021-04-30T09:23:39.450+0300][50,300s][info][gc] GC(1186) Pause Init Mark 0,412ms
[2021-04-30T09:23:39.467+0300][50,316s][info][gc] GC(1186) Concurrent marking 16,500ms
[2021-04-30T09:23:39.467+0300][50,317s][info][gc] GC(1186) Pause Final Mark 0,338ms
[2021-04-30T09:23:39.467+0300][50,317s][info][gc] GC(1186) Concurrent cleanup 117M->117M(128M) 0,038ms
[2021-04-30T09:23:39.468+0300][50,317s][info][gc] GC(1186) Concurrent evacuation 0,142ms
[2021-04-30T09:23:39.468+0300][50,317s][info][gc] GC(1186) Pause Init Update Refs 0,004ms
[2021-04-30T09:23:39.481+0300][50,330s][info][gc] GC(1186) Concurrent update references 13,022ms
[2021-04-30T09:23:39.481+0300][50,330s][info][gc] GC(1186) Pause Final Update Refs 0,069ms
[2021-04-30T09:23:39.481+0300][50,330s][info][gc] GC(1186) Concurrent cleanup 120M->112M(128M) 0,044ms
[2021-04-30T09:23:39.482+0300][50,332s][info][gc] Trigger: Free (9427K) is below minimum threshold (13107K)
[2021-04-30T09:23:39.482+0300][50,332s][info][gc] GC(1187) Concurrent reset 0,120ms
[2021-04-30T09:23:39.483+0300][50,332s][info][gc] GC(1187) Pause Init Mark 0,167ms
[2021-04-30T09:23:39.501+0300][50,350s][info][gc] GC(1187) Concurrent marking 18,394ms
[2021-04-30T09:23:39.502+0300][50,352s][info][gc] GC(1187) Pause Final Mark 1,181ms
[2021-04-30T09:23:39.502+0300][50,352s][info][gc] GC(1187) Concurrent cleanup 113M->113M(128M) 0,044ms
[2021-04-30T09:23:39.505+0300][50,354s][info][gc] GC(1187) Concurrent evacuation 2,205ms
[2021-04-30T09:23:39.505+0300][50,354s][info][gc] GC(1187) Pause Init Update Refs 0,009ms
[2021-04-30T09:23:39.515+0300][50,364s][info][gc] GC(1187) Concurrent update references 9,802ms
[2021-04-30T09:23:39.515+0300][50,364s][info][gc] GC(1187) Pause Final Update Refs 0,068ms
[2021-04-30T09:23:39.515+0300][50,365s][info][gc] GC(1187) Concurrent cleanup 122M->114M(128M) 0,042ms
[2021-04-30T09:23:39.516+0300][50,366s][info][gc] Trigger: Free (7044K) is below minimum threshold (13107K)
[2021-04-30T09:23:39.516+0300][50,366s][info][gc] GC(1188) Concurrent reset 0,165ms
[2021-04-30T09:23:39.517+0300][50,366s][info][gc] GC(1188) Pause Init Mark 0,190ms
[2021-04-30T09:23:39.533+0300][50,382s][info][gc] GC(1188) Concurrent marking 16,059ms
[2021-04-30T09:23:39.533+0300][50,383s][info][gc] GC(1188) Pause Final Mark 0,314ms
[2021-04-30T09:23:39.533+0300][50,383s][info][gc] GC(1188) Concurrent cleanup 115M->115M(128M) 0,038ms
[2021-04-30T09:23:39.534+0300][50,383s][info][gc] GC(1188) Concurrent evacuation 0,306ms
[2021-04-30T09:23:39.534+0300][50,384s][info][gc] GC(1188) Pause Init Update Refs 0,006ms
[2021-04-30T09:23:39.549+0300][50,398s][info][gc] GC(1188) Concurrent update references 14,324ms
[2021-04-30T09:23:39.549+0300][50,398s][info][gc] GC(1188) Pause Final Update Refs 0,088ms
[2021-04-30T09:23:39.549+0300][50,398s][info][gc] GC(1188) Concurrent cleanup 122M->115M(128M) 0,044ms
[2021-04-30T09:23:39.550+0300][50,399s][info][gc] Trigger: Free (5221K) is below minimum threshold (13107K)
[2021-04-30T09:23:39.550+0300][50,400s][info][gc] GC(1189) Concurrent reset 0,162ms
[2021-04-30T09:23:39.551+0300][50,400s][info][gc] GC(1189) Pause Init Mark 0,157ms
[2021-04-30T09:23:39.565+0300][50,415s][info][gc] GC(1189) Concurrent marking 14,569ms
[2021-04-30T09:23:39.566+0300][50,416s][info][gc] GC(1189) Pause Final Mark 1,066ms
[2021-04-30T09:23:39.567+0300][50,416s][info][gc] GC(1189) Concurrent cleanup 117M->117M(128M) 0,042ms
[2021-04-30T09:23:39.568+0300][50,417s][info][gc] GC(1189) Concurrent evacuation 0,962ms
[2021-04-30T09:23:39.568+0300][50,417s][info][gc] GC(1189) Pause Init Update Refs 0,005ms
[2021-04-30T09:23:39.576+0300][50,426s][info][gc] GC(1189) Concurrent update references 8,381ms
[2021-04-30T09:23:39.576+0300][50,426s][info][gc] GC(1189) Pause Final Update Refs 0,058ms
[2021-04-30T09:23:39.576+0300][50,426s][info][gc] GC(1189) Concurrent cleanup 121M->111M(128M) 0,043ms
[2021-04-30T09:23:39.578+0300][50,427s][info][gc] Trigger: Free (9504K) is below minimum threshold (13107K)
[2021-04-30T09:23:39.578+0300][50,427s][info][gc] GC(1190) Concurrent reset 0,171ms
[2021-04-30T09:23:39.578+0300][50,427s][info][gc] GC(1190) Pause Init Mark (process weakrefs) 0,192ms
[2021-04-30T09:23:39.599+0300][50,448s][info][gc] GC(1190) Concurrent marking (process weakrefs) 20,801ms
[2021-04-30T09:23:39.599+0300][50,448s][info][gc] GC(1190) Concurrent precleaning 0,068ms
[2021-04-30T09:23:39.600+0300][50,450s][info][gc] GC(1190) Pause Final Mark (process weakrefs) 1,039ms
[2021-04-30T09:23:39.600+0300][50,450s][info][gc] GC(1190) Concurrent cleanup 113M->113M(128M) 0,037ms
[2021-04-30T09:23:39.602+0300][50,451s][info][gc] GC(1190) Concurrent evacuation 1,451ms
[2021-04-30T09:23:39.602+0300][50,451s][info][gc] GC(1190) Pause Init Update Refs 0,007ms
[2021-04-30T09:23:39.613+0300][50,463s][info][gc] GC(1190) Concurrent update references 11,367ms
[2021-04-30T09:23:39.614+0300][50,463s][info][gc] GC(1190) Pause Final Update Refs 0,209ms
[2021-04-30T09:23:39.614+0300][50,463s][info][gc] GC(1190) Concurrent cleanup 123M->115M(128M) 0,040ms
[2021-04-30T09:23:39.615+0300][50,465s][info][gc] Trigger: Free (5221K) is below minimum threshold (13107K)
[2021-04-30T09:23:39.615+0300][50,465s][info][gc] GC(1191) Concurrent reset 0,115ms
[2021-04-30T09:23:39.616+0300][50,465s][info][gc] GC(1191) Pause Init Mark 0,166ms
[2021-04-30T09:23:39.631+0300][50,480s][info][gc] GC(1191) Concurrent marking 15,420ms
[2021-04-30T09:23:39.633+0300][50,482s][info][gc] GC(1191) Pause Final Mark 1,440ms
[2021-04-30T09:23:39.633+0300][50,482s][info][gc] GC(1191) Concurrent cleanup 117M->117M(128M) 0,118ms
[2021-04-30T09:23:39.635+0300][50,484s][info][gc] GC(1191) Concurrent evacuation 1,430ms
[2021-04-30T09:23:39.635+0300][50,484s][info][gc] GC(1191) Pause Init Update Refs 0,007ms
[2021-04-30T09:23:39.646+0300][50,495s][info][gc] GC(1191) Concurrent update references 10,725ms
[2021-04-30T09:23:39.646+0300][50,495s][info][gc] GC(1191) Pause Final Update Refs 0,133ms
[2021-04-30T09:23:39.646+0300][50,495s][info][gc] GC(1191) Concurrent cleanup 124M->113M(128M) 0,046ms
[2021-04-30T09:23:39.647+0300][50,497s][info][gc] Trigger: Free (6796K) is below minimum threshold (13107K)
[2021-04-30T09:23:39.647+0300][50,497s][info][gc] GC(1192) Concurrent reset 0,167ms
[2021-04-30T09:23:39.648+0300][50,497s][info][gc] GC(1192) Pause Init Mark 0,252ms
[2021-04-30T09:23:39.662+0300][50,512s][info][gc] GC(1192) Concurrent marking 14,594ms
[2021-04-30T09:23:39.663+0300][50,513s][info][gc] GC(1192) Pause Final Mark 0,938ms
[2021-04-30T09:23:39.664+0300][50,513s][info][gc] GC(1192) Concurrent cleanup 115M->115M(128M) 0,039ms
[2021-04-30T09:23:39.665+0300][50,515s][info][gc] GC(1192) Concurrent evacuation 1,672ms
[2021-04-30T09:23:39.665+0300][50,515s][info][gc] GC(1192) Pause Init Update Refs 0,006ms
[2021-04-30T09:23:39.680+0300][50,530s][info][gc] GC(1192) Concurrent update references 14,943ms
[2021-04-30T09:23:39.681+0300][50,530s][info][gc] GC(1192) Pause Final Update Refs 0,094ms
[2021-04-30T09:23:39.681+0300][50,530s][info][gc] GC(1192) Concurrent cleanup 125M->114M(128M) 0,041ms
[2021-04-30T09:23:39.682+0300][50,532s][info][gc] Trigger: Free (6713K) is below minimum threshold (13107K)
[2021-04-30T09:23:39.682+0300][50,532s][info][gc] GC(1193) Concurrent reset 0,215ms
[2021-04-30T09:23:39.683+0300][50,532s][info][gc] GC(1193) Pause Init Mark 0,146ms
[2021-04-30T09:23:39.698+0300][50,548s][info][gc] GC(1193) Concurrent marking 15,480ms
[2021-04-30T09:23:39.700+0300][50,549s][info][gc] GC(1193) Pause Final Mark 1,147ms
[2021-04-30T09:23:39.700+0300][50,549s][info][gc] GC(1193) Concurrent cleanup 116M->116M(128M) 0,046ms
[2021-04-30T09:23:39.701+0300][50,551s][info][gc] GC(1193) Concurrent evacuation 1,668ms
[2021-04-30T09:23:39.702+0300][50,551s][info][gc] GC(1193) Pause Init Update Refs 0,006ms
[2021-04-30T09:23:39.711+0300][50,560s][info][gc] GC(1193) Concurrent update references 9,132ms
[2021-04-30T09:23:39.711+0300][50,561s][info][gc] GC(1193) Pause Final Update Refs 0,057ms
[2021-04-30T09:23:39.711+0300][50,561s][info][gc] GC(1193) Concurrent cleanup 124M->113M(128M) 0,042ms
[2021-04-30T09:23:39.712+0300][50,562s][info][gc] Trigger: Free (6897K) is below minimum threshold (13107K)
[2021-04-30T09:23:39.712+0300][50,562s][info][gc] GC(1194) Concurrent reset 0,136ms
[2021-04-30T09:23:39.713+0300][50,562s][info][gc] GC(1194) Pause Init Mark 0,184ms
[2021-04-30T09:23:39.727+0300][50,577s][info][gc] GC(1194) Concurrent marking 14,483ms
[2021-04-30T09:23:39.729+0300][50,578s][info][gc] GC(1194) Pause Final Mark 0,909ms
[2021-04-30T09:23:39.729+0300][50,578s][info][gc] GC(1194) Concurrent cleanup 116M->116M(128M) 0,038ms
[2021-04-30T09:23:39.730+0300][50,579s][info][gc] GC(1194) Concurrent evacuation 1,365ms
[2021-04-30T09:23:39.730+0300][50,580s][info][gc] GC(1194) Pause Init Update Refs 0,006ms
[2021-04-30T09:23:39.741+0300][50,591s][info][gc] GC(1194) Concurrent update references 11,180ms
[2021-04-30T09:23:39.742+0300][50,591s][info][gc] GC(1194) Pause Final Update Refs 0,161ms
[2021-04-30T09:23:39.742+0300][50,591s][info][gc] GC(1194) Concurrent cleanup 125M->115M(128M) 0,044ms
[2021-04-30T09:23:39.743+0300][50,593s][info][gc] Trigger: Free (5475K) is below minimum threshold (13107K)
[2021-04-30T09:23:39.743+0300][50,593s][info][gc] GC(1195) Concurrent reset 0,112ms
[2021-04-30T09:23:39.744+0300][50,593s][info][gc] GC(1195) Pause Init Mark (process weakrefs) 0,191ms
[2021-04-30T09:23:39.757+0300][50,606s][info][gc] GC(1195) Concurrent marking (process weakrefs) 13,383ms
[2021-04-30T09:23:39.757+0300][50,607s][info][gc] GC(1195) Concurrent precleaning 0,126ms
[2021-04-30T09:23:39.759+0300][50,608s][info][gc] GC(1195) Pause Final Mark (process weakrefs) 1,317ms
[2021-04-30T09:23:39.759+0300][50,608s][info][gc] GC(1195) Concurrent cleanup 117M->117M(128M) 0,037ms
[2021-04-30T09:23:39.760+0300][50,610s][info][gc] GC(1195) Concurrent evacuation 1,318ms
[2021-04-30T09:23:39.760+0300][50,610s][info][gc] GC(1195) Pause Init Update Refs 0,004ms
[2021-04-30T09:23:39.769+0300][50,618s][info][gc] GC(1195) Concurrent update references 8,399ms
[2021-04-30T09:23:39.769+0300][50,619s][info][gc] GC(1195) Pause Final Update Refs 0,145ms
[2021-04-30T09:23:39.769+0300][50,619s][info][gc] GC(1195) Concurrent cleanup 124M->112M(128M) 0,039ms
[2021-04-30T09:23:39.770+0300][50,620s][info][gc] Trigger: Free (8575K) is below minimum threshold (13107K)
[2021-04-30T09:23:39.770+0300][50,620s][info][gc] GC(1196) Concurrent reset 0,196ms
[2021-04-30T09:23:39.771+0300][50,620s][info][gc] GC(1196) Pause Init Mark 0,295ms
[2021-04-30T09:23:39.784+0300][50,634s][info][gc] GC(1196) Concurrent marking 13,060ms
[2021-04-30T09:23:39.786+0300][50,635s][info][gc] GC(1196) Pause Final Mark 1,514ms
[2021-04-30T09:23:39.786+0300][50,635s][info][gc] GC(1196) Concurrent cleanup 114M->114M(128M) 0,038ms
[2021-04-30T09:23:39.787+0300][50,637s][info][gc] GC(1196) Concurrent evacuation 1,222ms
[2021-04-30T09:23:39.787+0300][50,637s][info][gc] GC(1196) Pause Init Update Refs 0,021ms
[2021-04-30T09:23:39.796+0300][50,646s][info][gc] GC(1196) Concurrent update references 8,517ms
[2021-04-30T09:23:39.796+0300][50,646s][info][gc] GC(1196) Pause Final Update Refs 0,072ms
[2021-04-30T09:23:39.796+0300][50,646s][info][gc] GC(1196) Concurrent cleanup 123M->115M(128M) 0,043ms
[2021-04-30T09:23:39.798+0300][50,647s][info][gc] Trigger: Free (5514K) is below minimum threshold (13107K)
[2021-04-30T09:23:39.798+0300][50,647s][info][gc] GC(1197) Concurrent reset 0,182ms
[2021-04-30T09:23:39.798+0300][50,648s][info][gc] GC(1197) Pause Init Mark 0,160ms
[2021-04-30T09:23:39.813+0300][50,662s][info][gc] GC(1197) Concurrent marking 14,312ms
[2021-04-30T09:23:39.814+0300][50,663s][info][gc] GC(1197) Pause Final Mark 0,940ms
[2021-04-30T09:23:39.814+0300][50,663s][info][gc] GC(1197) Concurrent cleanup 117M->117M(128M) 0,037ms
[2021-04-30T09:23:39.815+0300][50,664s][info][gc] GC(1197) Concurrent evacuation 1,313ms
[2021-04-30T09:23:39.815+0300][50,665s][info][gc] GC(1197) Pause Init Update Refs 0,007ms
[2021-04-30T09:23:39.824+0300][50,673s][info][gc] GC(1197) Concurrent update references 8,539ms
[2021-04-30T09:23:39.824+0300][50,673s][info][gc] GC(1197) Pause Final Update Refs 0,104ms
[2021-04-30T09:23:39.824+0300][50,674s][info][gc] GC(1197) Concurrent cleanup 124M->113M(128M) 0,042ms
[2021-04-30T09:23:39.825+0300][50,675s][info][gc] Trigger: Free (7687K) is below minimum threshold (13107K)
[2021-04-30T09:23:39.825+0300][50,675s][info][gc] GC(1198) Concurrent reset 0,123ms
[2021-04-30T09:23:39.826+0300][50,675s][info][gc] GC(1198) Pause Init Mark 0,146ms
[2021-04-30T09:23:39.840+0300][50,689s][info][gc] GC(1198) Concurrent marking 13,733ms
[2021-04-30T09:23:39.841+0300][50,690s][info][gc] GC(1198) Pause Final Mark 1,106ms
[2021-04-30T09:23:39.841+0300][50,691s][info][gc] GC(1198) Concurrent cleanup 115M->115M(128M) 0,037ms
[2021-04-30T09:23:39.843+0300][50,692s][info][gc] GC(1198) Concurrent evacuation 1,306ms
[2021-04-30T09:23:39.843+0300][50,692s][info][gc] GC(1198) Pause Init Update Refs 0,021ms
[2021-04-30T09:23:39.851+0300][50,700s][info][gc] GC(1198) Concurrent update references 8,114ms
[2021-04-30T09:23:39.852+0300][50,701s][info][gc] GC(1198) Pause Final Update Refs 0,218ms
[2021-04-30T09:23:39.852+0300][50,701s][info][gc] GC(1198) Concurrent cleanup 121M->112M(128M) 0,041ms
[2021-04-30T09:23:39.853+0300][50,702s][info][gc] Trigger: Free (8104K) is below minimum threshold (13107K)
[2021-04-30T09:23:39.853+0300][50,702s][info][gc] GC(1199) Concurrent reset 0,125ms
[2021-04-30T09:23:39.853+0300][50,703s][info][gc] GC(1199) Pause Init Mark (unload classes) 0,230ms
[2021-04-30T09:23:39.868+0300][50,717s][info][gc] GC(1199) Concurrent marking (unload classes) 13,943ms
[2021-04-30T09:23:39.871+0300][50,720s][info][gc] GC(1199) Pause Final Mark (unload classes) 2,992ms
[2021-04-30T09:23:39.871+0300][50,720s][info][gc] GC(1199) Concurrent cleanup 114M->114M(128M) 0,041ms
[2021-04-30T09:23:39.872+0300][50,722s][info][gc] GC(1199) Concurrent evacuation 1,294ms
[2021-04-30T09:23:39.872+0300][50,722s][info][gc] GC(1199) Pause Init Update Refs 0,005ms
[2021-04-30T09:23:39.884+0300][50,733s][info][gc] GC(1199) Concurrent update references 11,317ms
[2021-04-30T09:23:39.884+0300][50,734s][info][gc] GC(1199) Pause Final Update Refs 0,070ms
[2021-04-30T09:23:39.884+0300][50,734s][info][gc] GC(1199) Concurrent cleanup 124M->115M(128M) 0,042ms
[2021-04-30T09:23:39.885+0300][50,735s][info][gc] Trigger: Free (4758K) is below minimum threshold (13107K)
[2021-04-30T09:23:39.886+0300][50,735s][info][gc] GC(1200) Concurrent reset 0,176ms
[2021-04-30T09:23:39.886+0300][50,736s][info][gc] GC(1200) Pause Init Mark (process weakrefs) 0,251ms
[2021-04-30T09:23:39.900+0300][50,749s][info][gc] GC(1200) Concurrent marking (process weakrefs) 13,678ms
[2021-04-30T09:23:39.900+0300][50,749s][info][gc] GC(1200) Concurrent precleaning 0,133ms
[2021-04-30T09:23:39.902+0300][50,751s][info][gc] GC(1200) Pause Final Mark (process weakrefs) 1,350ms
[2021-04-30T09:23:39.902+0300][50,751s][info][gc] GC(1200) Concurrent cleanup 118M->118M(128M) 0,039ms
[2021-04-30T09:23:39.903+0300][50,753s][info][gc] GC(1200) Concurrent evacuation 1,403ms
[2021-04-30T09:23:39.903+0300][50,753s][info][gc] GC(1200) Pause Init Update Refs 0,021ms
[2021-04-30T09:23:39.912+0300][50,762s][info][gc] GC(1200) Concurrent update references 9,016ms
[2021-04-30T09:23:39.913+0300][50,762s][info][gc] GC(1200) Pause Final Update Refs 0,095ms
[2021-04-30T09:23:39.913+0300][50,762s][info][gc] GC(1200) Concurrent cleanup 125M->113M(128M) 0,049ms
[2021-04-30T09:23:39.914+0300][50,764s][info][gc] Trigger: Free (7081K) is below minimum threshold (13107K)
[2021-04-30T09:23:39.914+0300][50,764s][info][gc] GC(1201) Concurrent reset 0,124ms
[2021-04-30T09:23:39.915+0300][50,764s][info][gc] GC(1201) Pause Init Mark 0,157ms
[2021-04-30T09:23:39.928+0300][50,777s][info][gc] GC(1201) Concurrent marking 13,269ms
[2021-04-30T09:23:39.929+0300][50,779s][info][gc] GC(1201) Pause Final Mark 1,103ms
[2021-04-30T09:23:39.929+0300][50,779s][info][gc] GC(1201) Concurrent cleanup 115M->115M(128M) 0,097ms
[2021-04-30T09:23:39.931+0300][50,781s][info][gc] GC(1201) Concurrent evacuation 1,850ms
[2021-04-30T09:23:39.932+0300][50,781s][info][gc] GC(1201) Pause Init Update Refs 0,006ms
[2021-04-30T09:23:39.946+0300][50,795s][info][gc] GC(1201) Concurrent update references 14,204ms
[2021-04-30T09:23:39.947+0300][50,796s][info][gc] GC(1201) Pause Final Update Refs 0,190ms
[2021-04-30T09:23:39.947+0300][50,796s][info][gc] GC(1201) Concurrent cleanup 125M->116M(128M) 0,242ms
[2021-04-30T09:23:39.948+0300][50,798s][info][gc] Trigger: Free (4545K) is below minimum threshold (13107K)
[2021-04-30T09:23:39.948+0300][50,798s][info][gc] GC(1202) Concurrent reset 0,162ms
[2021-04-30T09:23:39.949+0300][50,798s][info][gc] GC(1202) Pause Init Mark 0,138ms
[2021-04-30T09:23:39.964+0300][50,814s][info][gc] GC(1202) Concurrent marking 15,479ms
[2021-04-30T09:23:39.965+0300][50,815s][info][gc] GC(1202) Pause Final Mark 0,937ms
[2021-04-30T09:23:39.965+0300][50,815s][info][gc] GC(1202) Concurrent cleanup 117M->117M(128M) 0,054ms
[2021-04-30T09:23:39.967+0300][50,816s][info][gc] GC(1202) Concurrent evacuation 1,457ms
[2021-04-30T09:23:39.967+0300][50,817s][info][gc] GC(1202) Pause Init Update Refs 0,023ms
[2021-04-30T09:23:39.978+0300][50,827s][info][gc] GC(1202) Concurrent update references 10,503ms
[2021-04-30T09:23:39.978+0300][50,827s][info][gc] GC(1202) Pause Final Update Refs 0,085ms
[2021-04-30T09:23:39.978+0300][50,828s][info][gc] GC(1202) Concurrent cleanup 126M->114M(128M) 0,050ms
[2021-04-30T09:23:39.979+0300][50,829s][info][gc] Trigger: Free (6839K) is below minimum threshold (13107K)
[2021-04-30T09:23:39.979+0300][50,829s][info][gc] GC(1203) Concurrent reset 0,167ms
[2021-04-30T09:23:39.980+0300][50,829s][info][gc] GC(1203) Pause Init Mark 0,151ms
[2021-04-30T09:23:39.996+0300][50,845s][info][gc] GC(1203) Concurrent marking 16,145ms
[2021-04-30T09:23:39.997+0300][50,846s][info][gc] GC(1203) Pause Final Mark 0,835ms
[2021-04-30T09:23:39.997+0300][50,846s][info][gc] GC(1203) Concurrent cleanup 115M->115M(128M) 0,038ms
[2021-04-30T09:23:39.998+0300][50,848s][info][gc] GC(1203) Concurrent evacuation 1,284ms
[2021-04-30T09:23:39.999+0300][50,848s][info][gc] GC(1203) Pause Init Update Refs 0,026ms
[2021-04-30T09:23:40.009+0300][50,858s][info][gc] GC(1203) Concurrent update references 10,078ms
[2021-04-30T09:23:40.009+0300][50,858s][info][gc] GC(1203) Pause Final Update Refs 0,060ms
[2021-04-30T09:23:40.009+0300][50,859s][info][gc] GC(1203) Concurrent cleanup 124M->114M(128M) 0,047ms
[2021-04-30T09:23:40.010+0300][50,860s][info][gc] Trigger: Free (5840K) is below minimum threshold (13107K)
[2021-04-30T09:23:40.011+0300][50,860s][info][gc] GC(1204) Concurrent reset 0,199ms
[2021-04-30T09:23:40.011+0300][50,860s][info][gc] GC(1204) Pause Init Mark 0,180ms
[2021-04-30T09:23:40.026+0300][50,875s][info][gc] GC(1204) Concurrent marking 14,761ms
[2021-04-30T09:23:40.027+0300][50,876s][info][gc] GC(1204) Pause Final Mark 0,924ms
[2021-04-30T09:23:40.027+0300][50,876s][info][gc] GC(1204) Concurrent cleanup 116M->116M(128M) 0,037ms
[2021-04-30T09:23:40.028+0300][50,877s][info][gc] GC(1204) Concurrent evacuation 1,227ms
[2021-04-30T09:23:40.028+0300][50,878s][info][gc] GC(1204) Pause Init Update Refs 0,006ms
[2021-04-30T09:23:40.038+0300][50,887s][info][gc] GC(1204) Concurrent update references 9,683ms
[2021-04-30T09:23:40.038+0300][50,888s][info][gc] GC(1204) Pause Final Update Refs 0,066ms
[2021-04-30T09:23:40.038+0300][50,888s][info][gc] GC(1204) Concurrent cleanup 125M->114M(128M) 0,043ms
[2021-04-30T09:23:40.039+0300][50,889s][info][gc] Trigger: Free (6520K) is below minimum threshold (13107K)
[2021-04-30T09:23:40.040+0300][50,889s][info][gc] GC(1205) Concurrent reset 0,171ms
[2021-04-30T09:23:40.040+0300][50,889s][info][gc] GC(1205) Pause Init Mark (process weakrefs) 0,170ms
[2021-04-30T09:23:40.054+0300][50,903s][info][gc] GC(1205) Concurrent marking (process weakrefs) 13,745ms
[2021-04-30T09:23:40.054+0300][50,903s][info][gc] GC(1205) Concurrent precleaning 0,193ms
[2021-04-30T09:23:40.055+0300][50,905s][info][gc] GC(1205) Pause Final Mark (process weakrefs) 1,153ms
[2021-04-30T09:23:40.056+0300][50,905s][info][gc] GC(1205) Concurrent cleanup 116M->116M(128M) 0,038ms
[2021-04-30T09:23:40.057+0300][50,906s][info][gc] GC(1205) Concurrent evacuation 1,322ms
[2021-04-30T09:23:40.057+0300][50,907s][info][gc] GC(1205) Pause Init Update Refs 0,004ms
[2021-04-30T09:23:40.066+0300][50,915s][info][gc] GC(1205) Concurrent update references 8,785ms
[2021-04-30T09:23:40.066+0300][50,916s][info][gc] GC(1205) Pause Final Update Refs 0,125ms
[2021-04-30T09:23:40.067+0300][50,916s][info][gc] GC(1205) Concurrent cleanup 124M->114M(128M) 0,075ms
[2021-04-30T09:23:40.068+0300][50,917s][info][gc] Trigger: Free (6358K) is below minimum threshold (13107K)
[2021-04-30T09:23:40.068+0300][50,917s][info][gc] GC(1206) Concurrent reset 0,117ms
[2021-04-30T09:23:40.068+0300][50,918s][info][gc] GC(1206) Pause Init Mark 0,217ms
[2021-04-30T09:23:40.083+0300][50,932s][info][gc] GC(1206) Concurrent marking 14,388ms
[2021-04-30T09:23:40.084+0300][50,933s][info][gc] GC(1206) Pause Final Mark 0,917ms
[2021-04-30T09:23:40.084+0300][50,933s][info][gc] GC(1206) Concurrent cleanup 116M->116M(128M) 0,039ms
[2021-04-30T09:23:40.085+0300][50,935s][info][gc] GC(1206) Concurrent evacuation 1,529ms
[2021-04-30T09:23:40.086+0300][50,935s][info][gc] GC(1206) Pause Init Update Refs 0,026ms
[2021-04-30T09:23:40.094+0300][50,944s][info][gc] GC(1206) Concurrent update references 8,324ms
[2021-04-30T09:23:40.095+0300][50,944s][info][gc] GC(1206) Pause Final Update Refs 0,215ms
[2021-04-30T09:23:40.095+0300][50,944s][info][gc] GC(1206) Concurrent cleanup 124M->114M(128M) 0,057ms
[2021-04-30T09:23:40.096+0300][50,946s][info][gc] Trigger: Free (5998K) is below minimum threshold (13107K)
[2021-04-30T09:23:40.096+0300][50,946s][info][gc] GC(1207) Concurrent reset 0,151ms
[2021-04-30T09:23:40.097+0300][50,946s][info][gc] GC(1207) Pause Init Mark 0,158ms
[2021-04-30T09:23:40.116+0300][50,966s][info][gc] GC(1207) Concurrent marking 19,414ms
[2021-04-30T09:23:40.118+0300][50,967s][info][gc] GC(1207) Pause Final Mark 1,235ms
[2021-04-30T09:23:40.118+0300][50,967s][info][gc] GC(1207) Concurrent cleanup 116M->116M(128M) 0,056ms
[2021-04-30T09:23:40.120+0300][50,970s][info][gc] GC(1207) Concurrent evacuation 2,606ms
[2021-04-30T09:23:40.121+0300][50,970s][info][gc] GC(1207) Pause Init Update Refs 0,007ms
[2021-04-30T09:23:40.135+0300][50,985s][info][gc] GC(1207) Concurrent update references 14,478ms
[2021-04-30T09:23:40.135+0300][50,985s][info][gc] GC(1207) Pause Final Update Refs 0,129ms
[2021-04-30T09:23:40.136+0300][50,985s][info][gc] GC(1207) Concurrent cleanup 124M->113M(128M) 0,059ms
[2021-04-30T09:23:40.137+0300][50,986s][info][gc] Trigger: Free (7285K) is below minimum threshold (13107K)
[2021-04-30T09:23:40.137+0300][50,986s][info][gc] GC(1208) Concurrent reset 0,141ms
[2021-04-30T09:23:40.138+0300][50,987s][info][gc] GC(1208) Pause Init Mark 0,332ms
[2021-04-30T09:23:40.153+0300][51,002s][info][gc] GC(1208) Concurrent marking 14,865ms
[2021-04-30T09:23:40.154+0300][51,004s][info][gc] GC(1208) Pause Final Mark 1,205ms
[2021-04-30T09:23:40.154+0300][51,004s][info][gc] GC(1208) Concurrent cleanup 115M->115M(128M) 0,124ms
[2021-04-30T09:23:40.156+0300][51,006s][info][gc] GC(1208) Concurrent evacuation 2,085ms
[2021-04-30T09:23:40.157+0300][51,006s][info][gc] GC(1208) Pause Init Update Refs 0,007ms
[2021-04-30T09:23:40.167+0300][51,017s][info][gc] GC(1208) Concurrent update references 10,706ms
[2021-04-30T09:23:40.168+0300][51,017s][info][gc] GC(1208) Pause Final Update Refs 0,115ms
[2021-04-30T09:23:40.168+0300][51,017s][info][gc] GC(1208) Concurrent cleanup 125M->116M(128M) 0,043ms
[2021-04-30T09:23:40.169+0300][51,018s][info][gc] Trigger: Free (5172K) is below minimum threshold (13107K)
[2021-04-30T09:23:40.170+0300][51,019s][info][gc] GC(1209) Concurrent reset 0,622ms
[2021-04-30T09:23:40.170+0300][51,020s][info][gc] GC(1209) Pause Init Mark 0,179ms
[2021-04-30T09:23:40.185+0300][51,035s][info][gc] GC(1209) Concurrent marking 15,012ms
[2021-04-30T09:23:40.187+0300][51,036s][info][gc] GC(1209) Pause Final Mark 1,130ms
[2021-04-30T09:23:40.187+0300][51,036s][info][gc] GC(1209) Concurrent cleanup 117M->117M(128M) 0,045ms
[2021-04-30T09:23:40.189+0300][51,038s][info][gc] GC(1209) Concurrent evacuation 1,974ms
[2021-04-30T09:23:40.189+0300][51,038s][info][gc] GC(1209) Pause Init Update Refs 0,006ms
[2021-04-30T09:23:40.198+0300][51,048s][info][gc] GC(1209) Concurrent update references 9,455ms
[2021-04-30T09:23:40.199+0300][51,048s][info][gc] GC(1209) Pause Final Update Refs 0,080ms
[2021-04-30T09:23:40.199+0300][51,048s][info][gc] GC(1209) Concurrent cleanup 125M->114M(128M) 0,043ms
[2021-04-30T09:23:40.200+0300][51,049s][info][gc] Trigger: Free (6914K) is below minimum threshold (13107K)
[2021-04-30T09:23:40.200+0300][51,050s][info][gc] GC(1210) Concurrent reset 0,139ms
[2021-04-30T09:23:40.200+0300][51,050s][info][gc] GC(1210) Pause Init Mark (process weakrefs) 0,169ms
[2021-04-30T09:23:40.215+0300][51,065s][info][gc] GC(1210) Concurrent marking (process weakrefs) 14,654ms
[2021-04-30T09:23:40.215+0300][51,065s][info][gc] GC(1210) Concurrent precleaning 0,100ms
[2021-04-30T09:23:40.216+0300][51,066s][info][gc] GC(1210) Pause Final Mark (process weakrefs) 1,039ms
[2021-04-30T09:23:40.217+0300][51,066s][info][gc] GC(1210) Concurrent cleanup 115M->115M(128M) 0,038ms
[2021-04-30T09:23:40.219+0300][51,068s][info][gc] GC(1210) Concurrent evacuation 2,091ms
[2021-04-30T09:23:40.219+0300][51,068s][info][gc] GC(1210) Pause Init Update Refs 0,007ms
[2021-04-30T09:23:40.228+0300][51,077s][info][gc] GC(1210) Concurrent update references 8,897ms
[2021-04-30T09:23:40.228+0300][51,077s][info][gc] GC(1210) Pause Final Update Refs 0,081ms
[2021-04-30T09:23:40.228+0300][51,078s][info][gc] GC(1210) Concurrent cleanup 124M->115M(128M) 0,050ms
[2021-04-30T09:23:40.229+0300][51,079s][info][gc] Trigger: Free (5609K) is below minimum threshold (13107K)
[2021-04-30T09:23:40.229+0300][51,079s][info][gc] GC(1211) Concurrent reset 0,117ms
[2021-04-30T09:23:40.230+0300][51,079s][info][gc] GC(1211) Pause Init Mark 0,142ms
[2021-04-30T09:23:40.243+0300][51,093s][info][gc] GC(1211) Concurrent marking 13,546ms
[2021-04-30T09:23:40.245+0300][51,094s][info][gc] GC(1211) Pause Final Mark 1,222ms
[2021-04-30T09:23:40.245+0300][51,094s][info][gc] GC(1211) Concurrent cleanup 117M->117M(128M) 0,039ms
[2021-04-30T09:23:40.246+0300][51,095s][info][gc] GC(1211) Concurrent evacuation 1,332ms
[2021-04-30T09:23:40.246+0300][51,096s][info][gc] GC(1211) Pause Init Update Refs 0,005ms
[2021-04-30T09:23:40.255+0300][51,104s][info][gc] GC(1211) Concurrent update references 8,388ms
[2021-04-30T09:23:40.255+0300][51,104s][info][gc] GC(1211) Pause Final Update Refs 0,074ms
[2021-04-30T09:23:40.255+0300][51,104s][info][gc] GC(1211) Concurrent cleanup 124M->114M(128M) 0,042ms
[2021-04-30T09:23:40.256+0300][51,106s][info][gc] Trigger: Free (6525K) is below minimum threshold (13107K)
[2021-04-30T09:23:40.256+0300][51,106s][info][gc] GC(1212) Concurrent reset 0,119ms
[2021-04-30T09:23:40.257+0300][51,106s][info][gc] GC(1212) Pause Init Mark 0,136ms
[2021-04-30T09:23:40.270+0300][51,119s][info][gc] GC(1212) Concurrent marking 13,345ms
[2021-04-30T09:23:40.271+0300][51,121s][info][gc] GC(1212) Pause Final Mark 1,122ms
[2021-04-30T09:23:40.271+0300][51,121s][info][gc] GC(1212) Concurrent cleanup 116M->116M(128M) 0,037ms
[2021-04-30T09:23:40.273+0300][51,122s][info][gc] GC(1212) Concurrent evacuation 1,167ms
[2021-04-30T09:23:40.273+0300][51,122s][info][gc] GC(1212) Pause Init Update Refs 0,004ms
[2021-04-30T09:23:40.281+0300][51,131s][info][gc] GC(1212) Concurrent update references 8,568ms
[2021-04-30T09:23:40.282+0300][51,131s][info][gc] GC(1212) Pause Final Update Refs 0,144ms
[2021-04-30T09:23:40.282+0300][51,131s][info][gc] GC(1212) Concurrent cleanup 125M->115M(128M) 0,041ms
[2021-04-30T09:23:40.283+0300][51,132s][info][gc] Trigger: Free (4971K) is below minimum threshold (13107K)
[2021-04-30T09:23:40.283+0300][51,132s][info][gc] GC(1213) Concurrent reset 0,113ms
[2021-04-30T09:23:40.283+0300][51,133s][info][gc] GC(1213) Pause Init Mark 0,256ms
[2021-04-30T09:23:40.297+0300][51,147s][info][gc] GC(1213) Concurrent marking 13,715ms
[2021-04-30T09:23:40.299+0300][51,148s][info][gc] GC(1213) Pause Final Mark 1,262ms
[2021-04-30T09:23:40.299+0300][51,148s][info][gc] GC(1213) Concurrent cleanup 117M->117M(128M) 0,038ms
[2021-04-30T09:23:40.300+0300][51,150s][info][gc] GC(1213) Concurrent evacuation 1,247ms
[2021-04-30T09:23:40.300+0300][51,150s][info][gc] GC(1213) Pause Init Update Refs 0,021ms
[2021-04-30T09:23:40.309+0300][51,159s][info][gc] GC(1213) Concurrent update references 8,759ms
[2021-04-30T09:23:40.310+0300][51,159s][info][gc] GC(1213) Pause Final Update Refs 0,217ms
[2021-04-30T09:23:40.310+0300][51,159s][info][gc] GC(1213) Concurrent cleanup 125M->114M(128M) 0,041ms
[2021-04-30T09:23:40.311+0300][51,160s][info][gc] Trigger: Free (6426K) is below minimum threshold (13107K)
[2021-04-30T09:23:40.311+0300][51,161s][info][gc] GC(1214) Concurrent reset 0,151ms
[2021-04-30T09:23:40.312+0300][51,161s][info][gc] GC(1214) Pause Init Mark 0,297ms
[2021-04-30T09:23:40.325+0300][51,175s][info][gc] GC(1214) Concurrent marking 13,508ms
[2021-04-30T09:23:40.327+0300][51,176s][info][gc] GC(1214) Pause Final Mark 1,074ms
[2021-04-30T09:23:40.327+0300][51,176s][info][gc] GC(1214) Concurrent cleanup 116M->116M(128M) 0,038ms
[2021-04-30T09:23:40.328+0300][51,178s][info][gc] GC(1214) Concurrent evacuation 1,483ms
[2021-04-30T09:23:40.328+0300][51,178s][info][gc] GC(1214) Pause Init Update Refs 0,006ms
[2021-04-30T09:23:40.342+0300][51,192s][info][gc] GC(1214) Concurrent update references 13,979ms
[2021-04-30T09:23:40.343+0300][51,192s][info][gc] GC(1214) Pause Final Update Refs 0,103ms
[2021-04-30T09:23:40.343+0300][51,192s][info][gc] GC(1214) Concurrent cleanup 126M->116M(128M) 0,039ms
[2021-04-30T09:23:40.344+0300][51,193s][info][gc] Trigger: Free (4819K) is below minimum threshold (13107K)
[2021-04-30T09:23:40.344+0300][51,193s][info][gc] GC(1215) Concurrent reset 0,172ms
[2021-04-30T09:23:40.344+0300][51,194s][info][gc] GC(1215) Pause Init Mark (process weakrefs) 0,189ms
[2021-04-30T09:23:40.365+0300][51,214s][info][gc] GC(1215) Concurrent marking (process weakrefs) 20,214ms
[2021-04-30T09:23:40.365+0300][51,214s][info][gc] GC(1215) Concurrent precleaning 0,112ms
[2021-04-30T09:23:40.366+0300][51,215s][info][gc] GC(1215) Pause Final Mark (process weakrefs) 1,010ms
[2021-04-30T09:23:40.366+0300][51,216s][info][gc] GC(1215) Concurrent cleanup 117M->117M(128M) 0,039ms
[2021-04-30T09:23:40.368+0300][51,217s][info][gc] GC(1215) Concurrent evacuation 1,379ms
[2021-04-30T09:23:40.368+0300][51,217s][info][gc] GC(1215) Pause Init Update Refs 0,005ms
[2021-04-30T09:23:40.376+0300][51,226s][info][gc] GC(1215) Concurrent update references 8,359ms
[2021-04-30T09:23:40.376+0300][51,226s][info][gc] GC(1215) Pause Final Update Refs 0,067ms
[2021-04-30T09:23:40.377+0300][51,226s][info][gc] GC(1215) Concurrent cleanup 125M->114M(128M) 0,043ms
[2021-04-30T09:23:40.378+0300][51,227s][info][gc] Trigger: Free (6107K) is below minimum threshold (13107K)
[2021-04-30T09:23:40.378+0300][51,227s][info][gc] GC(1216) Concurrent reset 0,155ms
[2021-04-30T09:23:40.378+0300][51,228s][info][gc] GC(1216) Pause Init Mark 0,146ms
[2021-04-30T09:23:40.393+0300][51,242s][info][gc] GC(1216) Concurrent marking 14,320ms
[2021-04-30T09:23:40.394+0300][51,243s][info][gc] GC(1216) Pause Final Mark 0,902ms
[2021-04-30T09:23:40.394+0300][51,243s][info][gc] GC(1216) Concurrent cleanup 116M->116M(128M) 0,038ms
[2021-04-30T09:23:40.395+0300][51,245s][info][gc] GC(1216) Concurrent evacuation 1,274ms
[2021-04-30T09:23:40.395+0300][51,245s][info][gc] GC(1216) Pause Init Update Refs 0,021ms
[2021-04-30T09:23:40.404+0300][51,253s][info][gc] GC(1216) Concurrent update references 8,345ms
[2021-04-30T09:23:40.404+0300][51,254s][info][gc] GC(1216) Pause Final Update Refs 0,094ms
[2021-04-30T09:23:40.404+0300][51,254s][info][gc] GC(1216) Concurrent cleanup 122M->113M(128M) 0,041ms
[2021-04-30T09:23:40.406+0300][51,255s][info][gc] Trigger: Free (8052K) is below minimum threshold (13107K)
[2021-04-30T09:23:40.406+0300][51,255s][info][gc] GC(1217) Concurrent reset 0,124ms
[2021-04-30T09:23:40.406+0300][51,255s][info][gc] GC(1217) Pause Init Mark 0,148ms
[2021-04-30T09:23:40.420+0300][51,270s][info][gc] GC(1217) Concurrent marking 14,232ms
[2021-04-30T09:23:40.422+0300][51,271s][info][gc] GC(1217) Pause Final Mark 1,246ms
[2021-04-30T09:23:40.422+0300][51,271s][info][gc] GC(1217) Concurrent cleanup 114M->114M(128M) 0,046ms
[2021-04-30T09:23:40.424+0300][51,273s][info][gc] GC(1217) Concurrent evacuation 2,197ms
[2021-04-30T09:23:40.424+0300][51,274s][info][gc] GC(1217) Pause Init Update Refs 0,022ms
[2021-04-30T09:23:40.435+0300][51,284s][info][gc] GC(1217) Concurrent update references 10,045ms
[2021-04-30T09:23:40.435+0300][51,284s][info][gc] GC(1217) Pause Final Update Refs 0,090ms
[2021-04-30T09:23:40.435+0300][51,284s][info][gc] GC(1217) Concurrent cleanup 124M->116M(128M) 0,046ms
[2021-04-30T09:23:40.436+0300][51,286s][info][gc] Trigger: Free (4013K) is below minimum threshold (13107K)
[2021-04-30T09:23:40.436+0300][51,286s][info][gc] GC(1218) Concurrent reset 0,137ms
[2021-04-30T09:23:40.437+0300][51,287s][info][gc] GC(1218) Pause Init Mark 0,501ms
[2021-04-30T09:23:40.460+0300][51,309s][info][gc] GC(1218) Concurrent marking 22,377ms
[2021-04-30T09:23:40.461+0300][51,310s][info][gc] GC(1218) Pause Final Mark 1,092ms
[2021-04-30T09:23:40.461+0300][51,310s][info][gc] GC(1218) Concurrent cleanup 118M->118M(128M) 0,040ms
[2021-04-30T09:23:40.463+0300][51,312s][info][gc] GC(1218) Concurrent evacuation 1,478ms
[2021-04-30T09:23:40.463+0300][51,312s][info][gc] GC(1218) Pause Init Update Refs 0,005ms
[2021-04-30T09:23:40.476+0300][51,325s][info][gc] GC(1218) Concurrent update references 12,894ms
[2021-04-30T09:23:40.476+0300][51,325s][info][gc] GC(1218) Pause Final Update Refs 0,062ms
[2021-04-30T09:23:40.476+0300][51,325s][info][gc] GC(1218) Concurrent cleanup 126M->114M(128M) 0,041ms
[2021-04-30T09:23:40.477+0300][51,326s][info][gc] Trigger: Free (5956K) is below minimum threshold (13107K)
[2021-04-30T09:23:40.477+0300][51,327s][info][gc] GC(1219) Concurrent reset 0,186ms
[2021-04-30T09:23:40.478+0300][51,327s][info][gc] GC(1219) Pause Init Mark 0,180ms
[2021-04-30T09:23:40.494+0300][51,343s][info][gc] GC(1219) Concurrent marking 16,246ms
[2021-04-30T09:23:40.495+0300][51,344s][info][gc] GC(1219) Pause Final Mark 0,923ms
[2021-04-30T09:23:40.495+0300][51,344s][info][gc] GC(1219) Concurrent cleanup 116M->116M(128M) 0,037ms
[2021-04-30T09:23:40.496+0300][51,346s][info][gc] GC(1219) Concurrent evacuation 1,461ms
[2021-04-30T09:23:40.497+0300][51,346s][info][gc] GC(1219) Pause Init Update Refs 0,007ms
[2021-04-30T09:23:40.507+0300][51,357s][info][gc] GC(1219) Concurrent update references 10,376ms
[2021-04-30T09:23:40.507+0300][51,357s][info][gc] GC(1219) Pause Final Update Refs 0,099ms
[2021-04-30T09:23:40.508+0300][51,357s][info][gc] GC(1219) Concurrent cleanup 123M->113M(128M) 0,041ms
[2021-04-30T09:23:40.509+0300][51,358s][info][gc] Trigger: Free (7168K) is below minimum threshold (13107K)
[2021-04-30T09:23:40.509+0300][51,359s][info][gc] GC(1220) Concurrent reset 0,445ms
[2021-04-30T09:23:40.510+0300][51,359s][info][gc] GC(1220) Pause Init Mark (process weakrefs) 0,279ms
[2021-04-30T09:23:40.526+0300][51,376s][info][gc] GC(1220) Concurrent marking (process weakrefs) 16,091ms
[2021-04-30T09:23:40.526+0300][51,376s][info][gc] GC(1220) Concurrent precleaning 0,090ms
[2021-04-30T09:23:40.528+0300][51,377s][info][gc] GC(1220) Pause Final Mark (process weakrefs) 1,177ms
[2021-04-30T09:23:40.528+0300][51,377s][info][gc] GC(1220) Concurrent cleanup 115M->115M(128M) 0,045ms
[2021-04-30T09:23:40.529+0300][51,379s][info][gc] GC(1220) Concurrent evacuation 1,449ms
[2021-04-30T09:23:40.529+0300][51,379s][info][gc] GC(1220) Pause Init Update Refs 0,006ms
[2021-04-30T09:23:40.539+0300][51,388s][info][gc] GC(1220) Concurrent update references 9,182ms
[2021-04-30T09:23:40.539+0300][51,388s][info][gc] GC(1220) Pause Final Update Refs 0,087ms
[2021-04-30T09:23:40.539+0300][51,388s][info][gc] GC(1220) Concurrent cleanup 125M->117M(128M) 0,041ms
[2021-04-30T09:23:40.540+0300][51,390s][info][gc] Trigger: Free (4404K) is below minimum threshold (13107K)
[2021-04-30T09:23:40.540+0300][51,390s][info][gc] GC(1221) Concurrent reset 0,117ms
[2021-04-30T09:23:40.541+0300][51,390s][info][gc] GC(1221) Pause Init Mark 0,205ms
[2021-04-30T09:23:40.559+0300][51,408s][info][gc] GC(1221) Concurrent marking 18,301ms
[2021-04-30T09:23:40.560+0300][51,410s][info][gc] GC(1221) Pause Final Mark 1,259ms
[2021-04-30T09:23:40.560+0300][51,410s][info][gc] GC(1221) Concurrent cleanup 118M->118M(128M) 0,039ms
[2021-04-30T09:23:40.562+0300][51,412s][info][gc] GC(1221) Concurrent evacuation 1,613ms
[2021-04-30T09:23:40.562+0300][51,412s][info][gc] GC(1221) Pause Init Update Refs 0,006ms
[2021-04-30T09:23:40.573+0300][51,422s][info][gc] GC(1221) Concurrent update references 10,584ms
[2021-04-30T09:23:40.573+0300][51,423s][info][gc] GC(1221) Pause Final Update Refs 0,062ms
[2021-04-30T09:23:40.573+0300][51,423s][info][gc] GC(1221) Concurrent cleanup 125M->114M(128M) 0,041ms
[2021-04-30T09:23:40.574+0300][51,424s][info][gc] Trigger: Free (6778K) is below minimum threshold (13107K)
[2021-04-30T09:23:40.575+0300][51,424s][info][gc] GC(1222) Concurrent reset 0,173ms
[2021-04-30T09:23:40.575+0300][51,424s][info][gc] GC(1222) Pause Init Mark 0,162ms
[2021-04-30T09:23:40.591+0300][51,440s][info][gc] GC(1222) Concurrent marking 15,595ms
[2021-04-30T09:23:40.592+0300][51,441s][info][gc] GC(1222) Pause Final Mark 1,069ms
[2021-04-30T09:23:40.592+0300][51,441s][info][gc] GC(1222) Concurrent cleanup 116M->116M(128M) 0,039ms
[2021-04-30T09:23:40.593+0300][51,443s][info][gc] GC(1222) Concurrent evacuation 1,525ms
[2021-04-30T09:23:40.594+0300][51,443s][info][gc] GC(1222) Pause Init Update Refs 0,006ms
[2021-04-30T09:23:40.608+0300][51,458s][info][gc] GC(1222) Concurrent update references 14,566ms
[2021-04-30T09:23:40.609+0300][51,458s][info][gc] GC(1222) Pause Final Update Refs 0,083ms
[2021-04-30T09:23:40.609+0300][51,458s][info][gc] GC(1222) Concurrent cleanup 124M->115M(128M) 0,042ms
[2021-04-30T09:23:40.610+0300][51,459s][info][gc] Trigger: Free (5102K) is below minimum threshold (13107K)
[2021-04-30T09:23:40.610+0300][51,460s][info][gc] GC(1223) Concurrent reset 0,140ms
[2021-04-30T09:23:40.610+0300][51,460s][info][gc] GC(1223) Pause Init Mark 0,200ms
[2021-04-30T09:23:40.627+0300][51,476s][info][gc] GC(1223) Concurrent marking 16,202ms
[2021-04-30T09:23:40.628+0300][51,477s][info][gc] GC(1223) Pause Final Mark 0,926ms
[2021-04-30T09:23:40.628+0300][51,477s][info][gc] GC(1223) Concurrent cleanup 117M->117M(128M) 0,042ms
[2021-04-30T09:23:40.630+0300][51,480s][info][gc] GC(1223) Concurrent evacuation 2,278ms
[2021-04-30T09:23:40.630+0300][51,480s][info][gc] GC(1223) Pause Init Update Refs 0,005ms
[2021-04-30T09:23:40.646+0300][51,495s][info][gc] GC(1223) Concurrent update references 15,393ms
[2021-04-30T09:23:40.646+0300][51,495s][info][gc] GC(1223) Pause Final Update Refs 0,059ms
[2021-04-30T09:23:40.646+0300][51,495s][info][gc] GC(1223) Concurrent cleanup 126M->115M(128M) 0,040ms
[2021-04-30T09:23:40.647+0300][51,497s][info][gc] Trigger: Free (5603K) is below minimum threshold (13107K)
[2021-04-30T09:23:40.647+0300][51,497s][info][gc] GC(1224) Concurrent reset 0,167ms
[2021-04-30T09:23:40.648+0300][51,497s][info][gc] GC(1224) Pause Init Mark 0,196ms
[2021-04-30T09:23:40.663+0300][51,513s][info][gc] GC(1224) Concurrent marking 15,455ms
[2021-04-30T09:23:40.664+0300][51,514s][info][gc] GC(1224) Pause Final Mark 0,965ms
[2021-04-30T09:23:40.665+0300][51,514s][info][gc] GC(1224) Concurrent cleanup 117M->117M(128M) 0,039ms
[2021-04-30T09:23:40.666+0300][51,516s][info][gc] GC(1224) Concurrent evacuation 1,722ms
[2021-04-30T09:23:40.667+0300][51,516s][info][gc] GC(1224) Pause Init Update Refs 0,010ms
[2021-04-30T09:23:40.681+0300][51,530s][info][gc] GC(1224) Concurrent update references 14,044ms
[2021-04-30T09:23:40.681+0300][51,530s][info][gc] GC(1224) Pause Final Update Refs 0,073ms
[2021-04-30T09:23:40.681+0300][51,530s][info][gc] GC(1224) Concurrent cleanup 124M->115M(128M) 0,040ms
[2021-04-30T09:23:40.682+0300][51,532s][info][gc] Trigger: Free (5296K) is below minimum threshold (13107K)
[2021-04-30T09:23:40.682+0300][51,532s][info][gc] GC(1225) Concurrent reset 0,122ms
[2021-04-30T09:23:40.683+0300][51,532s][info][gc] GC(1225) Pause Init Mark (process weakrefs) 0,138ms
[2021-04-30T09:23:40.699+0300][51,548s][info][gc] GC(1225) Concurrent marking (process weakrefs) 16,010ms
[2021-04-30T09:23:40.699+0300][51,548s][info][gc] GC(1225) Concurrent precleaning 0,104ms
[2021-04-30T09:23:40.700+0300][51,549s][info][gc] GC(1225) Pause Final Mark (process weakrefs) 0,930ms
[2021-04-30T09:23:40.700+0300][51,549s][info][gc] GC(1225) Concurrent cleanup 117M->117M(128M) 0,039ms
[2021-04-30T09:23:40.702+0300][51,551s][info][gc] GC(1225) Concurrent evacuation 1,630ms
[2021-04-30T09:23:40.702+0300][51,551s][info][gc] GC(1225) Pause Init Update Refs 0,005ms
[2021-04-30T09:23:40.714+0300][51,563s][info][gc] GC(1225) Concurrent update references 11,745ms
[2021-04-30T09:23:40.714+0300][51,563s][info][gc] GC(1225) Pause Final Update Refs 0,074ms
[2021-04-30T09:23:40.714+0300][51,563s][info][gc] GC(1225) Concurrent cleanup 125M->115M(128M) 0,042ms
[2021-04-30T09:23:40.715+0300][51,564s][info][gc] Trigger: Free (5773K) is below minimum threshold (13107K)
[2021-04-30T09:23:40.715+0300][51,565s][info][gc] GC(1226) Concurrent reset 0,232ms
[2021-04-30T09:23:40.716+0300][51,565s][info][gc] GC(1226) Pause Init Mark 0,183ms
[2021-04-30T09:23:40.731+0300][51,581s][info][gc] GC(1226) Concurrent marking 15,712ms
[2021-04-30T09:23:40.733+0300][51,582s][info][gc] GC(1226) Pause Final Mark 0,983ms
[2021-04-30T09:23:40.733+0300][51,582s][info][gc] GC(1226) Concurrent cleanup 117M->117M(128M) 0,039ms
[2021-04-30T09:23:40.734+0300][51,584s][info][gc] GC(1226) Concurrent evacuation 1,376ms
[2021-04-30T09:23:40.734+0300][51,584s][info][gc] GC(1226) Pause Init Update Refs 0,006ms
[2021-04-30T09:23:40.743+0300][51,593s][info][gc] GC(1226) Concurrent update references 8,729ms
[2021-04-30T09:23:40.744+0300][51,593s][info][gc] GC(1226) Pause Final Update Refs 0,065ms
[2021-04-30T09:23:40.744+0300][51,593s][info][gc] GC(1226) Concurrent cleanup 124M->115M(128M) 0,041ms
[2021-04-30T09:23:40.745+0300][51,594s][info][gc] Trigger: Free (5757K) is below minimum threshold (13107K)
[2021-04-30T09:23:40.745+0300][51,595s][info][gc] GC(1227) Concurrent reset 0,229ms
[2021-04-30T09:23:40.745+0300][51,595s][info][gc] GC(1227) Pause Init Mark 0,216ms
[2021-04-30T09:23:40.765+0300][51,615s][info][gc] GC(1227) Concurrent marking 19,842ms
[2021-04-30T09:23:40.767+0300][51,616s][info][gc] GC(1227) Pause Final Mark 1,378ms
[2021-04-30T09:23:40.767+0300][51,617s][info][gc] GC(1227) Concurrent cleanup 116M->116M(128M) 0,037ms
[2021-04-30T09:23:40.768+0300][51,618s][info][gc] GC(1227) Concurrent evacuation 1,220ms
[2021-04-30T09:23:40.769+0300][51,618s][info][gc] GC(1227) Pause Init Update Refs 0,021ms
[2021-04-30T09:23:40.777+0300][51,627s][info][gc] GC(1227) Concurrent update references 8,550ms
[2021-04-30T09:23:40.778+0300][51,627s][info][gc] GC(1227) Pause Final Update Refs 0,216ms
[2021-04-30T09:23:40.778+0300][51,627s][info][gc] GC(1227) Concurrent cleanup 122M->113M(128M) 0,056ms
[2021-04-30T09:23:40.779+0300][51,629s][info][gc] Trigger: Free (7786K) is below minimum threshold (13107K)
[2021-04-30T09:23:40.779+0300][51,629s][info][gc] GC(1228) Concurrent reset 0,108ms
[2021-04-30T09:23:40.780+0300][51,629s][info][gc] GC(1228) Pause Init Mark 0,296ms
[2021-04-30T09:23:40.794+0300][51,643s][info][gc] GC(1228) Concurrent marking 14,101ms
[2021-04-30T09:23:40.795+0300][51,645s][info][gc] GC(1228) Pause Final Mark 1,134ms
[2021-04-30T09:23:40.795+0300][51,645s][info][gc] GC(1228) Concurrent cleanup 115M->115M(128M) 0,053ms
[2021-04-30T09:23:40.797+0300][51,646s][info][gc] GC(1228) Concurrent evacuation 1,217ms
[2021-04-30T09:23:40.797+0300][51,646s][info][gc] GC(1228) Pause Init Update Refs 0,021ms
[2021-04-30T09:23:40.807+0300][51,656s][info][gc] GC(1228) Concurrent update references 10,059ms
[2021-04-30T09:23:40.807+0300][51,657s][info][gc] GC(1228) Pause Final Update Refs 0,066ms
[2021-04-30T09:23:40.807+0300][51,657s][info][gc] GC(1228) Concurrent cleanup 123M->116M(128M) 0,041ms
[2021-04-30T09:23:40.808+0300][51,658s][info][gc] Trigger: Free (4289K) is below minimum threshold (13107K)
[2021-04-30T09:23:40.809+0300][51,658s][info][gc] GC(1229) Concurrent reset 0,154ms
[2021-04-30T09:23:40.809+0300][51,658s][info][gc] GC(1229) Pause Init Mark 0,141ms
[2021-04-30T09:23:40.824+0300][51,673s][info][gc] GC(1229) Concurrent marking 14,957ms
[2021-04-30T09:23:40.826+0300][51,675s][info][gc] GC(1229) Pause Final Mark 1,148ms
[2021-04-30T09:23:40.826+0300][51,675s][info][gc] GC(1229) Concurrent cleanup 118M->118M(128M) 0,037ms
[2021-04-30T09:23:40.827+0300][51,676s][info][gc] GC(1229) Concurrent evacuation 1,248ms
[2021-04-30T09:23:40.827+0300][51,676s][info][gc] GC(1229) Pause Init Update Refs 0,005ms
[2021-04-30T09:23:40.841+0300][51,691s][info][gc] GC(1229) Concurrent update references 13,965ms
[2021-04-30T09:23:40.842+0300][51,691s][info][gc] GC(1229) Pause Final Update Refs 0,302ms
[2021-04-30T09:23:40.842+0300][51,691s][info][gc] GC(1229) Concurrent cleanup 125M->114M(128M) 0,049ms
[2021-04-30T09:23:40.843+0300][51,692s][info][gc] Trigger: Free (5830K) is below minimum threshold (13107K)
[2021-04-30T09:23:40.843+0300][51,693s][info][gc] GC(1230) Concurrent reset 0,168ms
[2021-04-30T09:23:40.844+0300][51,693s][info][gc] GC(1230) Pause Init Mark (process weakrefs) 0,188ms
[2021-04-30T09:23:40.860+0300][51,709s][info][gc] GC(1230) Concurrent marking (process weakrefs) 16,110ms
[2021-04-30T09:23:40.860+0300][51,709s][info][gc] GC(1230) Concurrent precleaning 0,073ms
[2021-04-30T09:23:40.861+0300][51,710s][info][gc] GC(1230) Pause Final Mark (process weakrefs) 0,845ms
[2021-04-30T09:23:40.861+0300][51,711s][info][gc] GC(1230) Concurrent cleanup 117M->117M(128M) 0,039ms
[2021-04-30T09:23:40.862+0300][51,712s][info][gc] GC(1230) Concurrent evacuation 1,338ms
[2021-04-30T09:23:40.863+0300][51,712s][info][gc] GC(1230) Pause Init Update Refs 0,006ms
[2021-04-30T09:23:40.872+0300][51,721s][info][gc] GC(1230) Concurrent update references 9,419ms
[2021-04-30T09:23:40.873+0300][51,722s][info][gc] GC(1230) Pause Final Update Refs 0,181ms
[2021-04-30T09:23:40.873+0300][51,722s][info][gc] GC(1230) Concurrent cleanup 125M->116M(128M) 0,066ms
[2021-04-30T09:23:40.874+0300][51,723s][info][gc] Trigger: Free (5453K) is below minimum threshold (13107K)
[2021-04-30T09:23:40.874+0300][51,724s][info][gc] GC(1231) Concurrent reset 0,280ms
[2021-04-30T09:23:40.875+0300][51,724s][info][gc] GC(1231) Pause Init Mark 0,153ms
[2021-04-30T09:23:40.891+0300][51,740s][info][gc] GC(1231) Concurrent marking 16,361ms
[2021-04-30T09:23:40.892+0300][51,741s][info][gc] GC(1231) Pause Final Mark 0,911ms
[2021-04-30T09:23:40.892+0300][51,742s][info][gc] GC(1231) Concurrent cleanup 117M->117M(128M) 0,038ms
[2021-04-30T09:23:40.894+0300][51,743s][info][gc] GC(1231) Concurrent evacuation 1,513ms
[2021-04-30T09:23:40.894+0300][51,743s][info][gc] GC(1231) Pause Init Update Refs 0,006ms
[2021-04-30T09:23:40.904+0300][51,753s][info][gc] GC(1231) Concurrent update references 9,635ms
[2021-04-30T09:23:40.904+0300][51,753s][info][gc] GC(1231) Pause Final Update Refs 0,070ms
[2021-04-30T09:23:40.904+0300][51,753s][info][gc] GC(1231) Concurrent cleanup 125M->116M(128M) 0,093ms
[2021-04-30T09:23:40.905+0300][51,755s][info][gc] Trigger: Free (4387K) is below minimum threshold (13107K)
[2021-04-30T09:23:40.905+0300][51,755s][info][gc] GC(1232) Concurrent reset 0,191ms
[2021-04-30T09:23:40.906+0300][51,755s][info][gc] GC(1232) Pause Init Mark 0,165ms
[2021-04-30T09:23:40.922+0300][51,771s][info][gc] GC(1232) Concurrent marking 16,098ms
[2021-04-30T09:23:40.923+0300][51,772s][info][gc] GC(1232) Pause Final Mark 0,884ms
[2021-04-30T09:23:40.923+0300][51,773s][info][gc] GC(1232) Concurrent cleanup 118M->118M(128M) 0,039ms
[2021-04-30T09:23:40.925+0300][51,774s][info][gc] GC(1232) Concurrent evacuation 1,442ms
[2021-04-30T09:23:40.925+0300][51,774s][info][gc] GC(1232) Pause Init Update Refs 0,006ms
[2021-04-30T09:23:40.934+0300][51,784s][info][gc] GC(1232) Concurrent update references 9,643ms
[2021-04-30T09:23:40.935+0300][51,784s][info][gc] GC(1232) Pause Final Update Refs 0,069ms
[2021-04-30T09:23:40.935+0300][51,784s][info][gc] GC(1232) Concurrent cleanup 125M->115M(128M) 0,041ms
[2021-04-30T09:23:40.936+0300][51,786s][info][gc] Trigger: Free (5165K) is below minimum threshold (13107K)
[2021-04-30T09:23:40.937+0300][51,786s][info][gc] GC(1233) Concurrent reset 0,370ms
[2021-04-30T09:23:40.938+0300][51,787s][info][gc] GC(1233) Pause Init Mark 0,264ms
[2021-04-30T09:23:40.954+0300][51,804s][info][gc] GC(1233) Concurrent marking 15,723ms
[2021-04-30T09:23:40.956+0300][51,805s][info][gc] GC(1233) Pause Final Mark 1,245ms
[2021-04-30T09:23:40.956+0300][51,805s][info][gc] GC(1233) Concurrent cleanup 117M->117M(128M) 0,040ms
[2021-04-30T09:23:40.957+0300][51,807s][info][gc] GC(1233) Concurrent evacuation 1,587ms
[2021-04-30T09:23:40.957+0300][51,807s][info][gc] GC(1233) Pause Init Update Refs 0,006ms
[2021-04-30T09:23:40.972+0300][51,821s][info][gc] GC(1233) Concurrent update references 14,483ms
[2021-04-30T09:23:40.972+0300][51,822s][info][gc] GC(1233) Pause Final Update Refs 0,222ms
[2021-04-30T09:23:40.973+0300][51,822s][info][gc] GC(1233) Concurrent cleanup 125M->115M(128M) 0,061ms
[2021-04-30T09:23:40.974+0300][51,823s][info][gc] Trigger: Free (5035K) is below minimum threshold (13107K)
[2021-04-30T09:23:40.974+0300][51,823s][info][gc] GC(1234) Concurrent reset 0,192ms
[2021-04-30T09:23:40.974+0300][51,824s][info][gc] GC(1234) Pause Init Mark 0,286ms
[2021-04-30T09:23:40.989+0300][51,838s][info][gc] GC(1234) Concurrent marking 14,484ms
[2021-04-30T09:23:40.990+0300][51,840s][info][gc] GC(1234) Pause Final Mark 1,221ms
[2021-04-30T09:23:40.990+0300][51,840s][info][gc] GC(1234) Concurrent cleanup 117M->117M(128M) 0,047ms
[2021-04-30T09:23:40.992+0300][51,841s][info][gc] GC(1234) Concurrent evacuation 1,489ms
[2021-04-30T09:23:40.992+0300][51,842s][info][gc] GC(1234) Pause Init Update Refs 0,009ms
[2021-04-30T09:23:41.007+0300][51,857s][info][gc] GC(1234) Concurrent update references 14,807ms
[2021-04-30T09:23:41.008+0300][51,857s][info][gc] GC(1234) Pause Final Update Refs 0,071ms
[2021-04-30T09:23:41.008+0300][51,857s][info][gc] GC(1234) Concurrent cleanup 126M->116M(128M) 0,044ms
[2021-04-30T09:23:41.009+0300][51,858s][info][gc] Trigger: Free (5094K) is below minimum threshold (13107K)
[2021-04-30T09:23:41.009+0300][51,858s][info][gc] GC(1235) Concurrent reset 0,125ms
[2021-04-30T09:23:41.009+0300][51,859s][info][gc] GC(1235) Pause Init Mark (process weakrefs) 0,146ms
[2021-04-30T09:23:41.024+0300][51,873s][info][gc] GC(1235) Concurrent marking (process weakrefs) 14,724ms
[2021-04-30T09:23:41.024+0300][51,874s][info][gc] GC(1235) Concurrent precleaning 0,152ms
[2021-04-30T09:23:41.025+0300][51,875s][info][gc] GC(1235) Pause Final Mark (process weakrefs) 1,019ms
[2021-04-30T09:23:41.026+0300][51,875s][info][gc] GC(1235) Concurrent cleanup 117M->117M(128M) 0,054ms
[2021-04-30T09:23:41.027+0300][51,876s][info][gc] GC(1235) Concurrent evacuation 1,383ms
[2021-04-30T09:23:41.027+0300][51,877s][info][gc] GC(1235) Pause Init Update Refs 0,021ms
[2021-04-30T09:23:41.037+0300][51,886s][info][gc] GC(1235) Concurrent update references 9,073ms
[2021-04-30T09:23:41.037+0300][51,886s][info][gc] GC(1235) Pause Final Update Refs 0,167ms
[2021-04-30T09:23:41.037+0300][51,886s][info][gc] GC(1235) Concurrent cleanup 126M->117M(128M) 0,042ms
[2021-04-30T09:23:41.038+0300][51,888s][info][gc] Trigger: Free (3737K) is below minimum threshold (13107K)
[2021-04-30T09:23:41.038+0300][51,888s][info][gc] GC(1236) Concurrent reset 0,183ms
[2021-04-30T09:23:41.039+0300][51,888s][info][gc] GC(1236) Pause Init Mark 0,159ms
[2021-04-30T09:23:41.053+0300][51,902s][info][gc] GC(1236) Concurrent marking 13,771ms
[2021-04-30T09:23:41.054+0300][51,903s][info][gc] GC(1236) Pause Final Mark 1,058ms
[2021-04-30T09:23:41.054+0300][51,903s][info][gc] GC(1236) Concurrent cleanup 118M->119M(128M) 0,036ms
[2021-04-30T09:23:41.055+0300][51,905s][info][gc] GC(1236) Concurrent evacuation 1,380ms
[2021-04-30T09:23:41.056+0300][51,905s][info][gc] GC(1236) Pause Init Update Refs 0,021ms
[2021-04-30T09:23:41.065+0300][51,914s][info][gc] GC(1236) Concurrent update references 8,947ms
[2021-04-30T09:23:41.065+0300][51,914s][info][gc] GC(1236) Pause Final Update Refs 0,220ms
[2021-04-30T09:23:41.065+0300][51,915s][info][gc] GC(1236) Concurrent cleanup 125M->115M(128M) 0,046ms
[2021-04-30T09:23:41.066+0300][51,916s][info][gc] Trigger: Free (5539K) is below minimum threshold (13107K)
[2021-04-30T09:23:41.066+0300][51,916s][info][gc] GC(1237) Concurrent reset 0,123ms
[2021-04-30T09:23:41.067+0300][51,916s][info][gc] GC(1237) Pause Init Mark 0,174ms
[2021-04-30T09:23:41.080+0300][51,930s][info][gc] GC(1237) Concurrent marking 13,674ms
[2021-04-30T09:23:41.081+0300][51,931s][info][gc] GC(1237) Pause Final Mark 0,942ms
[2021-04-30T09:23:41.082+0300][51,931s][info][gc] GC(1237) Concurrent cleanup 117M->117M(128M) 0,036ms
[2021-04-30T09:23:41.083+0300][51,932s][info][gc] GC(1237) Concurrent evacuation 1,266ms
[2021-04-30T09:23:41.083+0300][51,932s][info][gc] GC(1237) Pause Init Update Refs 0,005ms
[2021-04-30T09:23:41.091+0300][51,941s][info][gc] GC(1237) Concurrent update references 8,379ms
[2021-04-30T09:23:41.092+0300][51,941s][info][gc] GC(1237) Pause Final Update Refs 0,146ms
[2021-04-30T09:23:41.092+0300][51,941s][info][gc] GC(1237) Concurrent cleanup 122M->114M(128M) 0,043ms
[2021-04-30T09:23:41.093+0300][51,943s][info][gc] Trigger: Free (6912K) is below minimum threshold (13107K)
[2021-04-30T09:23:41.093+0300][51,943s][info][gc] GC(1238) Concurrent reset 0,111ms
[2021-04-30T09:23:41.094+0300][51,943s][info][gc] GC(1238) Pause Init Mark 0,284ms
[2021-04-30T09:23:41.108+0300][51,958s][info][gc] GC(1238) Concurrent marking 14,324ms
[2021-04-30T09:23:41.110+0300][51,959s][info][gc] GC(1238) Pause Final Mark 1,286ms
[2021-04-30T09:23:41.110+0300][51,959s][info][gc] GC(1238) Concurrent cleanup 116M->116M(128M) 0,041ms
[2021-04-30T09:23:41.111+0300][51,960s][info][gc] GC(1238) Concurrent evacuation 1,320ms
[2021-04-30T09:23:41.111+0300][51,961s][info][gc] GC(1238) Pause Init Update Refs 0,021ms
[2021-04-30T09:23:41.121+0300][51,971s][info][gc] GC(1238) Concurrent update references 10,086ms
[2021-04-30T09:23:41.122+0300][51,972s][info][gc] GC(1238) Pause Final Update Refs 0,228ms
[2021-04-30T09:23:41.122+0300][51,972s][info][gc] GC(1238) Concurrent cleanup 124M->116M(128M) 0,042ms
[2021-04-30T09:23:41.123+0300][51,973s][info][gc] Trigger: Free (4513K) is below minimum threshold (13107K)
[2021-04-30T09:23:41.124+0300][51,973s][info][gc] GC(1239) Concurrent reset 0,129ms
[2021-04-30T09:23:41.124+0300][51,973s][info][gc] GC(1239) Pause Init Mark 0,158ms
[2021-04-30T09:23:41.140+0300][51,990s][info][gc] GC(1239) Concurrent marking 16,142ms
[2021-04-30T09:23:41.141+0300][51,991s][info][gc] GC(1239) Pause Final Mark 1,012ms
[2021-04-30T09:23:41.141+0300][51,991s][info][gc] GC(1239) Concurrent cleanup 117M->117M(128M) 0,040ms
[2021-04-30T09:23:41.143+0300][51,992s][info][gc] GC(1239) Concurrent evacuation 1,607ms
[2021-04-30T09:23:41.143+0300][51,993s][info][gc] GC(1239) Pause Init Update Refs 0,008ms
[2021-04-30T09:23:41.152+0300][52,002s][info][gc] GC(1239) Concurrent update references 9,029ms
[2021-04-30T09:23:41.153+0300][52,002s][info][gc] GC(1239) Pause Final Update Refs 0,086ms
[2021-04-30T09:23:41.153+0300][52,002s][info][gc] GC(1239) Concurrent cleanup 123M->114M(128M) 0,046ms
[2021-04-30T09:23:41.154+0300][52,003s][info][gc] Trigger: Free (7128K) is below minimum threshold (13107K)
[2021-04-30T09:23:41.154+0300][52,004s][info][gc] GC(1240) Concurrent reset 0,175ms
[2021-04-30T09:23:41.154+0300][52,004s][info][gc] GC(1240) Pause Init Mark (process weakrefs) 0,151ms
[2021-04-30T09:23:41.170+0300][52,020s][info][gc] GC(1240) Concurrent marking (process weakrefs) 15,748ms
[2021-04-30T09:23:41.171+0300][52,020s][info][gc] GC(1240) Concurrent precleaning 0,395ms
[2021-04-30T09:23:41.172+0300][52,021s][info][gc] GC(1240) Pause Final Mark (process weakrefs) 0,948ms
[2021-04-30T09:23:41.172+0300][52,022s][info][gc] GC(1240) Concurrent cleanup 115M->115M(128M) 0,051ms
[2021-04-30T09:23:41.174+0300][52,023s][info][gc] GC(1240) Concurrent evacuation 1,526ms
[2021-04-30T09:23:41.174+0300][52,023s][info][gc] GC(1240) Pause Init Update Refs 0,006ms
[2021-04-30T09:23:41.184+0300][52,033s][info][gc] GC(1240) Concurrent update references 9,698ms
[2021-04-30T09:23:41.184+0300][52,033s][info][gc] GC(1240) Pause Final Update Refs 0,118ms
[2021-04-30T09:23:41.184+0300][52,033s][info][gc] GC(1240) Concurrent cleanup 125M->118M(128M) 0,068ms
[2021-04-30T09:23:41.185+0300][52,035s][info][gc] Trigger: Free (2414K) is below minimum threshold (13107K)
[2021-04-30T09:23:41.185+0300][52,035s][info][gc] GC(1241) Concurrent reset 0,169ms
[2021-04-30T09:23:41.186+0300][52,035s][info][gc] GC(1241) Pause Init Mark 0,207ms
[2021-04-30T09:23:41.200+0300][52,050s][info][gc] GC(1241) Concurrent marking 14,511ms
[2021-04-30T09:23:41.202+0300][52,051s][info][gc] GC(1241) Pause Final Mark 1,139ms
[2021-04-30T09:23:41.202+0300][52,051s][info][gc] GC(1241) Concurrent cleanup 119M->119M(128M) 0,050ms
[2021-04-30T09:23:41.204+0300][52,054s][info][gc] GC(1241) Concurrent evacuation 2,664ms
[2021-04-30T09:23:41.205+0300][52,054s][info][gc] GC(1241) Pause Init Update Refs 0,009ms
[2021-04-30T09:23:41.213+0300][52,063s][info][gc] GC(1241) Concurrent update references 8,572ms
[2021-04-30T09:23:41.214+0300][52,063s][info][gc] GC(1241) Pause Final Update Refs 0,069ms
[2021-04-30T09:23:41.214+0300][52,063s][info][gc] GC(1241) Concurrent cleanup 125M->113M(128M) 0,041ms
[2021-04-30T09:23:41.215+0300][52,064s][info][gc] Trigger: Free (7170K) is below minimum threshold (13107K)
[2021-04-30T09:23:41.215+0300][52,065s][info][gc] GC(1242) Concurrent reset 0,189ms
[2021-04-30T09:23:41.215+0300][52,065s][info][gc] GC(1242) Pause Init Mark 0,192ms
[2021-04-30T09:23:41.236+0300][52,086s][info][gc] GC(1242) Concurrent marking 20,603ms
[2021-04-30T09:23:41.237+0300][52,087s][info][gc] GC(1242) Pause Final Mark 0,900ms
[2021-04-30T09:23:41.237+0300][52,087s][info][gc] GC(1242) Concurrent cleanup 115M->115M(128M) 0,040ms
[2021-04-30T09:23:41.239+0300][52,088s][info][gc] GC(1242) Concurrent evacuation 1,374ms
[2021-04-30T09:23:41.239+0300][52,088s][info][gc] GC(1242) Pause Init Update Refs 0,006ms
[2021-04-30T09:23:41.250+0300][52,099s][info][gc] GC(1242) Concurrent update references 10,736ms
[2021-04-30T09:23:41.250+0300][52,100s][info][gc] GC(1242) Pause Final Update Refs 0,071ms
[2021-04-30T09:23:41.250+0300][52,100s][info][gc] GC(1242) Concurrent cleanup 125M->118M(128M) 0,039ms
[2021-04-30T09:23:41.251+0300][52,101s][info][gc] Trigger: Free (3027K) is below minimum threshold (13107K)
[2021-04-30T09:23:41.252+0300][52,101s][info][gc] GC(1243) Concurrent reset 0,264ms
[2021-04-30T09:23:41.252+0300][52,102s][info][gc] GC(1243) Pause Init Mark 0,299ms
[2021-04-30T09:23:41.273+0300][52,123s][info][gc] GC(1243) Concurrent marking 21,231ms
[2021-04-30T09:23:41.275+0300][52,124s][info][gc] GC(1243) Pause Final Mark 1,151ms
[2021-04-30T09:23:41.275+0300][52,124s][info][gc] GC(1243) Concurrent cleanup 119M->119M(128M) 0,039ms
[2021-04-30T09:23:41.276+0300][52,126s][info][gc] GC(1243) Concurrent evacuation 1,439ms
[2021-04-30T09:23:41.277+0300][52,126s][info][gc] GC(1243) Pause Init Update Refs 0,004ms
[2021-04-30T09:23:41.285+0300][52,135s][info][gc] GC(1243) Concurrent update references 8,591ms
[2021-04-30T09:23:41.286+0300][52,135s][info][gc] GC(1243) Pause Final Update Refs 0,087ms
[2021-04-30T09:23:41.286+0300][52,136s][info][gc] GC(1243) Concurrent cleanup 125M->114M(128M) 0,269ms
[2021-04-30T09:23:41.287+0300][52,137s][info][gc] Trigger: Free (6021K) is below minimum threshold (13107K)
[2021-04-30T09:23:41.288+0300][52,137s][info][gc] GC(1244) Concurrent reset 0,156ms
[2021-04-30T09:23:41.288+0300][52,137s][info][gc] GC(1244) Pause Init Mark 0,139ms
[2021-04-30T09:23:41.302+0300][52,151s][info][gc] GC(1244) Concurrent marking 13,625ms
[2021-04-30T09:23:41.303+0300][52,152s][info][gc] GC(1244) Pause Final Mark 1,014ms
[2021-04-30T09:23:41.303+0300][52,152s][info][gc] GC(1244) Concurrent cleanup 116M->116M(128M) 0,037ms
[2021-04-30T09:23:41.304+0300][52,154s][info][gc] GC(1244) Concurrent evacuation 1,293ms
[2021-04-30T09:23:41.304+0300][52,154s][info][gc] GC(1244) Pause Init Update Refs 0,005ms
[2021-04-30T09:23:41.314+0300][52,163s][info][gc] GC(1244) Concurrent update references 9,143ms
[2021-04-30T09:23:41.314+0300][52,163s][info][gc] GC(1244) Pause Final Update Refs 0,075ms
[2021-04-30T09:23:41.314+0300][52,163s][info][gc] GC(1244) Concurrent cleanup 122M->114M(128M) 0,041ms
[2021-04-30T09:23:41.315+0300][52,164s][info][gc] Trigger: Free (6474K) is below minimum threshold (13107K)
[2021-04-30T09:23:41.315+0300][52,165s][info][gc] GC(1245) Concurrent reset 0,117ms
[2021-04-30T09:23:41.315+0300][52,165s][info][gc] GC(1245) Pause Init Mark (process weakrefs) 0,138ms
[2021-04-30T09:23:41.331+0300][52,180s][info][gc] GC(1245) Concurrent marking (process weakrefs) 15,002ms
[2021-04-30T09:23:41.331+0300][52,180s][info][gc] GC(1245) Concurrent precleaning 0,114ms
[2021-04-30T09:23:41.332+0300][52,181s][info][gc] GC(1245) Pause Final Mark (process weakrefs) 1,204ms
[2021-04-30T09:23:41.332+0300][52,182s][info][gc] GC(1245) Concurrent cleanup 116M->116M(128M) 0,046ms
[2021-04-30T09:23:41.333+0300][52,183s][info][gc] GC(1245) Concurrent evacuation 1,297ms
[2021-04-30T09:23:41.334+0300][52,183s][info][gc] GC(1245) Pause Init Update Refs 0,005ms
[2021-04-30T09:23:41.343+0300][52,192s][info][gc] GC(1245) Concurrent update references 9,179ms
[2021-04-30T09:23:41.343+0300][52,193s][info][gc] GC(1245) Pause Final Update Refs 0,069ms
[2021-04-30T09:23:41.343+0300][52,193s][info][gc] GC(1245) Concurrent cleanup 125M->118M(128M) 0,041ms
[2021-04-30T09:23:41.344+0300][52,194s][info][gc] Trigger: Free (2682K) is below minimum threshold (13107K)
[2021-04-30T09:23:41.345+0300][52,194s][info][gc] GC(1246) Concurrent reset 0,250ms
[2021-04-30T09:23:41.345+0300][52,195s][info][gc] GC(1246) Pause Init Mark 0,157ms
[2021-04-30T09:23:41.361+0300][52,210s][info][gc] GC(1246) Concurrent marking 15,540ms
[2021-04-30T09:23:41.362+0300][52,211s][info][gc] GC(1246) Pause Final Mark 1,065ms
[2021-04-30T09:23:41.362+0300][52,211s][info][gc] GC(1246) Concurrent cleanup 119M->119M(128M) 0,039ms
[2021-04-30T09:23:41.363+0300][52,213s][info][gc] GC(1246) Concurrent evacuation 1,258ms
[2021-04-30T09:23:41.363+0300][52,213s][info][gc] GC(1246) Pause Init Update Refs 0,004ms
[2021-04-30T09:23:41.373+0300][52,222s][info][gc] GC(1246) Concurrent update references 9,672ms
[2021-04-30T09:23:41.373+0300][52,223s][info][gc] GC(1246) Pause Final Update Refs 0,164ms
[2021-04-30T09:23:41.373+0300][52,223s][info][gc] GC(1246) Concurrent cleanup 125M->114M(128M) 0,061ms
[2021-04-30T09:23:41.375+0300][52,224s][info][gc] Trigger: Free (7241K) is below minimum threshold (13107K)
[2021-04-30T09:23:41.375+0300][52,224s][info][gc] GC(1247) Concurrent reset 0,126ms
[2021-04-30T09:23:41.375+0300][52,225s][info][gc] GC(1247) Pause Init Mark 0,151ms
[2021-04-30T09:23:41.391+0300][52,241s][info][gc] GC(1247) Concurrent marking 16,364ms
[2021-04-30T09:23:41.393+0300][52,242s][info][gc] GC(1247) Pause Final Mark 1,004ms
[2021-04-30T09:23:41.393+0300][52,242s][info][gc] GC(1247) Concurrent cleanup 115M->115M(128M) 0,038ms
[2021-04-30T09:23:41.394+0300][52,243s][info][gc] GC(1247) Concurrent evacuation 1,310ms
[2021-04-30T09:23:41.394+0300][52,243s][info][gc] GC(1247) Pause Init Update Refs 0,005ms
[2021-04-30T09:23:41.405+0300][52,255s][info][gc] GC(1247) Concurrent update references 10,960ms
[2021-04-30T09:23:41.405+0300][52,255s][info][gc] GC(1247) Pause Final Update Refs 0,080ms
[2021-04-30T09:23:41.405+0300][52,255s][info][gc] GC(1247) Concurrent cleanup 124M->118M(128M) 0,039ms
[2021-04-30T09:23:41.407+0300][52,256s][info][gc] Trigger: Free (2524K) is below minimum threshold (13107K)
[2021-04-30T09:23:41.407+0300][52,256s][info][gc] GC(1248) Concurrent reset 0,135ms
[2021-04-30T09:23:41.407+0300][52,256s][info][gc] GC(1248) Pause Init Mark 0,185ms
[2021-04-30T09:23:41.422+0300][52,272s][info][gc] GC(1248) Concurrent marking 15,338ms
[2021-04-30T09:23:41.424+0300][52,273s][info][gc] GC(1248) Pause Final Mark 0,934ms
[2021-04-30T09:23:41.424+0300][52,273s][info][gc] GC(1248) Concurrent cleanup 119M->119M(128M) 0,036ms
[2021-04-30T09:23:41.425+0300][52,274s][info][gc] GC(1248) Concurrent evacuation 1,291ms
[2021-04-30T09:23:41.425+0300][52,274s][info][gc] GC(1248) Pause Init Update Refs 0,005ms
[2021-04-30T09:23:41.434+0300][52,284s][info][gc] GC(1248) Concurrent update references 9,258ms
[2021-04-30T09:23:41.435+0300][52,284s][info][gc] GC(1248) Pause Final Update Refs 0,094ms
[2021-04-30T09:23:41.435+0300][52,284s][info][gc] GC(1248) Concurrent cleanup 125M->114M(128M) 0,041ms
[2021-04-30T09:23:41.436+0300][52,285s][info][gc] Trigger: Free (7445K) is below minimum threshold (13107K)
[2021-04-30T09:23:41.436+0300][52,286s][info][gc] GC(1249) Concurrent reset 0,136ms
[2021-04-30T09:23:41.437+0300][52,286s][info][gc] GC(1249) Pause Init Mark 0,158ms
[2021-04-30T09:23:41.451+0300][52,300s][info][gc] GC(1249) Concurrent marking 13,953ms
[2021-04-30T09:23:41.452+0300][52,301s][info][gc] GC(1249) Pause Final Mark 0,905ms
[2021-04-30T09:23:41.452+0300][52,301s][info][gc] GC(1249) Concurrent cleanup 115M->115M(128M) 0,041ms
[2021-04-30T09:23:41.454+0300][52,303s][info][gc] GC(1249) Concurrent evacuation 1,848ms
[2021-04-30T09:23:41.454+0300][52,304s][info][gc] GC(1249) Pause Init Update Refs 0,008ms
[2021-04-30T09:23:41.469+0300][52,319s][info][gc] GC(1249) Concurrent update references 14,991ms
[2021-04-30T09:23:41.470+0300][52,319s][info][gc] GC(1249) Pause Final Update Refs 0,163ms
[2021-04-30T09:23:41.470+0300][52,319s][info][gc] GC(1249) Concurrent cleanup 124M->117M(128M) 0,055ms
[2021-04-30T09:23:41.471+0300][52,320s][info][gc] Trigger: Free (3028K) is below minimum threshold (13107K)
[2021-04-30T09:23:41.471+0300][52,320s][info][gc] GC(1250) Concurrent reset 0,137ms
[2021-04-30T09:23:41.471+0300][52,321s][info][gc] GC(1250) Pause Init Mark (process weakrefs) 0,222ms
[2021-04-30T09:23:41.487+0300][52,336s][info][gc] GC(1250) Concurrent marking (process weakrefs) 15,164ms
[2021-04-30T09:23:41.487+0300][52,336s][info][gc] GC(1250) Concurrent precleaning 0,141ms
[2021-04-30T09:23:41.488+0300][52,337s][info][gc] GC(1250) Pause Final Mark (process weakrefs) 0,893ms
[2021-04-30T09:23:41.488+0300][52,337s][info][gc] GC(1250) Concurrent cleanup 119M->119M(128M) 0,038ms
[2021-04-30T09:23:41.490+0300][52,339s][info][gc] GC(1250) Concurrent evacuation 1,614ms
[2021-04-30T09:23:41.490+0300][52,339s][info][gc] GC(1250) Pause Init Update Refs 0,006ms
[2021-04-30T09:23:41.499+0300][52,348s][info][gc] GC(1250) Concurrent update references 9,126ms
[2021-04-30T09:23:41.499+0300][52,349s][info][gc] GC(1250) Pause Final Update Refs 0,064ms
[2021-04-30T09:23:41.499+0300][52,349s][info][gc] GC(1250) Concurrent cleanup 126M->115M(128M) 0,041ms
[2021-04-30T09:23:41.500+0300][52,350s][info][gc] Trigger: Free (5006K) is below minimum threshold (13107K)
[2021-04-30T09:23:41.501+0300][52,350s][info][gc] GC(1251) Concurrent reset 0,127ms
[2021-04-30T09:23:41.501+0300][52,350s][info][gc] GC(1251) Pause Init Mark 0,147ms
[2021-04-30T09:23:41.519+0300][52,369s][info][gc] GC(1251) Concurrent marking 18,421ms
[2021-04-30T09:23:41.521+0300][52,370s][info][gc] GC(1251) Pause Final Mark 1,257ms
[2021-04-30T09:23:41.521+0300][52,370s][info][gc] GC(1251) Concurrent cleanup 117M->117M(128M) 0,042ms
[2021-04-30T09:23:41.522+0300][52,372s][info][gc] GC(1251) Concurrent evacuation 1,411ms
[2021-04-30T09:23:41.523+0300][52,372s][info][gc] GC(1251) Pause Init Update Refs 0,006ms
[2021-04-30T09:23:41.537+0300][52,386s][info][gc] GC(1251) Concurrent update references 14,177ms
[2021-04-30T09:23:41.537+0300][52,387s][info][gc] GC(1251) Pause Final Update Refs 0,069ms
[2021-04-30T09:23:41.537+0300][52,387s][info][gc] GC(1251) Concurrent cleanup 125M->117M(128M) 0,042ms
[2021-04-30T09:23:41.538+0300][52,388s][info][gc] Trigger: Free (3744K) is below minimum threshold (13107K)
[2021-04-30T09:23:41.539+0300][52,388s][info][gc] GC(1252) Concurrent reset 0,180ms
[2021-04-30T09:23:41.539+0300][52,388s][info][gc] GC(1252) Pause Init Mark 0,166ms
[2021-04-30T09:23:41.556+0300][52,405s][info][gc] GC(1252) Concurrent marking 17,055ms
[2021-04-30T09:23:41.557+0300][52,407s][info][gc] GC(1252) Pause Final Mark 1,096ms
[2021-04-30T09:23:41.557+0300][52,407s][info][gc] GC(1252) Concurrent cleanup 118M->118M(128M) 0,040ms
[2021-04-30T09:23:41.559+0300][52,409s][info][gc] GC(1252) Concurrent evacuation 1,843ms
[2021-04-30T09:23:41.559+0300][52,409s][info][gc] GC(1252) Pause Init Update Refs 0,007ms
[2021-04-30T09:23:41.570+0300][52,419s][info][gc] GC(1252) Concurrent update references 10,118ms
[2021-04-30T09:23:41.570+0300][52,419s][info][gc] GC(1252) Pause Final Update Refs 0,073ms
[2021-04-30T09:23:41.570+0300][52,419s][info][gc] GC(1252) Concurrent cleanup 125M->115M(128M) 0,043ms
[2021-04-30T09:23:41.571+0300][52,421s][info][gc] Trigger: Free (4944K) is below minimum threshold (13107K)
[2021-04-30T09:23:41.572+0300][52,421s][info][gc] GC(1253) Concurrent reset 0,173ms
[2021-04-30T09:23:41.572+0300][52,421s][info][gc] GC(1253) Pause Init Mark 0,149ms
[2021-04-30T09:23:41.587+0300][52,436s][info][gc] GC(1253) Concurrent marking 15,089ms
[2021-04-30T09:23:41.588+0300][52,438s][info][gc] GC(1253) Pause Final Mark 1,350ms
[2021-04-30T09:23:41.589+0300][52,438s][info][gc] GC(1253) Concurrent cleanup 117M->117M(128M) 0,042ms
[2021-04-30T09:23:41.591+0300][52,441s][info][gc] GC(1253) Concurrent evacuation 2,677ms
[2021-04-30T09:23:41.592+0300][52,441s][info][gc] GC(1253) Pause Init Update Refs 0,006ms
[2021-04-30T09:23:41.604+0300][52,453s][info][gc] GC(1253) Concurrent update references 12,420ms
[2021-04-30T09:23:41.604+0300][52,454s][info][gc] GC(1253) Pause Final Update Refs 0,120ms
[2021-04-30T09:23:41.604+0300][52,454s][info][gc] GC(1253) Concurrent cleanup 126M->117M(128M) 0,040ms
[2021-04-30T09:23:41.606+0300][52,455s][info][gc] Trigger: Free (3567K) is below minimum threshold (13107K)
[2021-04-30T09:23:41.606+0300][52,455s][info][gc] GC(1254) Concurrent reset 0,191ms
[2021-04-30T09:23:41.606+0300][52,456s][info][gc] GC(1254) Pause Init Mark 0,168ms
[2021-04-30T09:23:41.623+0300][52,473s][info][gc] GC(1254) Concurrent marking 16,918ms
[2021-04-30T09:23:41.624+0300][52,474s][info][gc] GC(1254) Pause Final Mark 1,086ms
[2021-04-30T09:23:41.625+0300][52,474s][info][gc] GC(1254) Concurrent cleanup 118M->118M(128M) 0,039ms
[2021-04-30T09:23:41.626+0300][52,475s][info][gc] GC(1254) Concurrent evacuation 1,273ms
[2021-04-30T09:23:41.626+0300][52,475s][info][gc] GC(1254) Pause Init Update Refs 0,005ms
[2021-04-30T09:23:41.636+0300][52,485s][info][gc] GC(1254) Concurrent update references 9,842ms
[2021-04-30T09:23:41.636+0300][52,486s][info][gc] GC(1254) Pause Final Update Refs 0,073ms
[2021-04-30T09:23:41.636+0300][52,486s][info][gc] GC(1254) Concurrent cleanup 125M->115M(128M) 0,042ms
[2021-04-30T09:23:41.637+0300][52,487s][info][gc] Trigger: Free (5630K) is below minimum threshold (13107K)
[2021-04-30T09:23:41.638+0300][52,487s][info][gc] GC(1255) Concurrent reset 0,263ms
[2021-04-30T09:23:41.638+0300][52,488s][info][gc] GC(1255) Pause Init Mark (process weakrefs) 0,152ms
[2021-04-30T09:23:41.653+0300][52,502s][info][gc] GC(1255) Concurrent marking (process weakrefs) 14,539ms
[2021-04-30T09:23:41.653+0300][52,502s][info][gc] GC(1255) Concurrent precleaning 0,076ms
[2021-04-30T09:23:41.654+0300][52,503s][info][gc] GC(1255) Pause Final Mark (process weakrefs) 0,985ms
[2021-04-30T09:23:41.654+0300][52,503s][info][gc] GC(1255) Concurrent cleanup 117M->117M(128M) 0,039ms
[2021-04-30T09:23:41.655+0300][52,505s][info][gc] GC(1255) Concurrent evacuation 1,559ms
[2021-04-30T09:23:41.656+0300][52,505s][info][gc] GC(1255) Pause Init Update Refs 0,006ms
[2021-04-30T09:23:41.666+0300][52,515s][info][gc] GC(1255) Concurrent update references 10,067ms
[2021-04-30T09:23:41.666+0300][52,516s][info][gc] GC(1255) Pause Final Update Refs 0,169ms
[2021-04-30T09:23:41.666+0300][52,516s][info][gc] GC(1255) Concurrent cleanup 125M->117M(128M) 0,038ms
[2021-04-30T09:23:41.667+0300][52,517s][info][gc] Trigger: Free (2958K) is below minimum threshold (13107K)
[2021-04-30T09:23:41.667+0300][52,517s][info][gc] GC(1256) Concurrent reset 0,188ms
[2021-04-30T09:23:41.668+0300][52,517s][info][gc] GC(1256) Pause Init Mark 0,282ms
[2021-04-30T09:23:41.682+0300][52,531s][info][gc] GC(1256) Concurrent marking 13,996ms
[2021-04-30T09:23:41.683+0300][52,533s][info][gc] GC(1256) Pause Final Mark 1,075ms
[2021-04-30T09:23:41.684+0300][52,533s][info][gc] GC(1256) Concurrent cleanup 119M->119M(128M) 0,038ms
[2021-04-30T09:23:41.685+0300][52,534s][info][gc] GC(1256) Concurrent evacuation 1,272ms
[2021-04-30T09:23:41.685+0300][52,534s][info][gc] GC(1256) Pause Init Update Refs 0,022ms
[2021-04-30T09:23:41.694+0300][52,543s][info][gc] GC(1256) Concurrent update references 8,525ms
[2021-04-30T09:23:41.694+0300][52,543s][info][gc] GC(1256) Pause Final Update Refs 0,094ms
[2021-04-30T09:23:41.694+0300][52,544s][info][gc] GC(1256) Concurrent cleanup 126M->115M(128M) 0,049ms
[2021-04-30T09:23:41.695+0300][52,545s][info][gc] Trigger: Free (5614K) is below minimum threshold (13107K)
[2021-04-30T09:23:41.695+0300][52,545s][info][gc] GC(1257) Concurrent reset 0,254ms
[2021-04-30T09:23:41.696+0300][52,545s][info][gc] GC(1257) Pause Init Mark 0,158ms
[2021-04-30T09:23:41.710+0300][52,559s][info][gc] GC(1257) Concurrent marking 13,708ms
[2021-04-30T09:23:41.711+0300][52,560s][info][gc] GC(1257) Pause Final Mark 0,993ms
[2021-04-30T09:23:41.711+0300][52,560s][info][gc] GC(1257) Concurrent cleanup 117M->117M(128M) 0,035ms
[2021-04-30T09:23:41.712+0300][52,562s][info][gc] GC(1257) Concurrent evacuation 1,415ms
[2021-04-30T09:23:41.713+0300][52,562s][info][gc] GC(1257) Pause Init Update Refs 0,023ms
[2021-04-30T09:23:41.722+0300][52,571s][info][gc] GC(1257) Concurrent update references 8,689ms
[2021-04-30T09:23:41.722+0300][52,571s][info][gc] GC(1257) Pause Final Update Refs 0,147ms
[2021-04-30T09:23:41.722+0300][52,572s][info][gc] GC(1257) Concurrent cleanup 124M->116M(128M) 0,061ms
[2021-04-30T09:23:41.723+0300][52,573s][info][gc] Trigger: Free (4494K) is below minimum threshold (13107K)
[2021-04-30T09:23:41.723+0300][52,573s][info][gc] GC(1258) Concurrent reset 0,123ms
[2021-04-30T09:23:41.724+0300][52,573s][info][gc] GC(1258) Pause Init Mark 0,298ms
[2021-04-30T09:23:41.738+0300][52,587s][info][gc] GC(1258) Concurrent marking 14,016ms
[2021-04-30T09:23:41.739+0300][52,589s][info][gc] GC(1258) Pause Final Mark 1,270ms
[2021-04-30T09:23:41.740+0300][52,589s][info][gc] GC(1258) Concurrent cleanup 118M->118M(128M) 0,037ms
[2021-04-30T09:23:41.741+0300][52,590s][info][gc] GC(1258) Concurrent evacuation 1,340ms
[2021-04-30T09:23:41.741+0300][52,591s][info][gc] GC(1258) Pause Init Update Refs 0,021ms
[2021-04-30T09:23:41.750+0300][52,599s][info][gc] GC(1258) Concurrent update references 8,670ms
[2021-04-30T09:23:41.751+0300][52,600s][info][gc] GC(1258) Pause Final Update Refs 0,218ms
[2021-04-30T09:23:41.751+0300][52,600s][info][gc] GC(1258) Concurrent cleanup 124M->115M(128M) 0,040ms
[2021-04-30T09:23:41.752+0300][52,601s][info][gc] Trigger: Free (5175K) is below minimum threshold (13107K)
[2021-04-30T09:23:41.752+0300][52,601s][info][gc] GC(1259) Concurrent reset 0,125ms
[2021-04-30T09:23:41.752+0300][52,602s][info][gc] GC(1259) Pause Init Mark 0,150ms
[2021-04-30T09:23:41.766+0300][52,616s][info][gc] GC(1259) Concurrent marking 13,868ms
[2021-04-30T09:23:41.767+0300][52,617s][info][gc] GC(1259) Pause Final Mark 0,978ms
[2021-04-30T09:23:41.767+0300][52,617s][info][gc] GC(1259) Concurrent cleanup 117M->117M(128M) 0,038ms
[2021-04-30T09:23:41.769+0300][52,618s][info][gc] GC(1259) Concurrent evacuation 1,292ms
[2021-04-30T09:23:41.769+0300][52,618s][info][gc] GC(1259) Pause Init Update Refs 0,005ms
[2021-04-30T09:23:41.780+0300][52,629s][info][gc] GC(1259) Concurrent update references 10,889ms
[2021-04-30T09:23:41.780+0300][52,630s][info][gc] GC(1259) Pause Final Update Refs 0,100ms
[2021-04-30T09:23:41.781+0300][52,630s][info][gc] GC(1259) Concurrent cleanup 126M->118M(128M) 0,041ms
[2021-04-30T09:23:41.782+0300][52,631s][info][gc] Trigger: Free (2574K) is below minimum threshold (13107K)
[2021-04-30T09:23:41.782+0300][52,631s][info][gc] GC(1260) Concurrent reset 0,173ms
[2021-04-30T09:23:41.782+0300][52,632s][info][gc] GC(1260) Pause Init Mark (process weakrefs) 0,149ms
[2021-04-30T09:23:41.796+0300][52,646s][info][gc] GC(1260) Concurrent marking (process weakrefs) 14,239ms
[2021-04-30T09:23:41.797+0300][52,646s][info][gc] GC(1260) Concurrent precleaning 0,121ms
[2021-04-30T09:23:41.798+0300][52,647s][info][gc] GC(1260) Pause Final Mark (process weakrefs) 0,999ms
[2021-04-30T09:23:41.798+0300][52,647s][info][gc] GC(1260) Concurrent cleanup 119M->119M(128M) 0,038ms
[2021-04-30T09:23:41.799+0300][52,649s][info][gc] GC(1260) Concurrent evacuation 1,301ms
[2021-04-30T09:23:41.799+0300][52,649s][info][gc] GC(1260) Pause Init Update Refs 0,007ms
[2021-04-30T09:23:41.809+0300][52,659s][info][gc] GC(1260) Concurrent update references 9,662ms
[2021-04-30T09:23:41.809+0300][52,659s][info][gc] GC(1260) Pause Final Update Refs 0,102ms
[2021-04-30T09:23:41.809+0300][52,659s][info][gc] GC(1260) Concurrent cleanup 125M->114M(128M) 0,042ms
[2021-04-30T09:23:41.811+0300][52,660s][info][gc] Trigger: Free (6802K) is below minimum threshold (13107K)
[2021-04-30T09:23:41.811+0300][52,660s][info][gc] GC(1261) Concurrent reset 0,167ms
[2021-04-30T09:23:41.811+0300][52,661s][info][gc] GC(1261) Pause Init Mark 0,188ms
[2021-04-30T09:23:41.827+0300][52,676s][info][gc] GC(1261) Concurrent marking 15,808ms
[2021-04-30T09:23:41.828+0300][52,677s][info][gc] GC(1261) Pause Final Mark 0,888ms
[2021-04-30T09:23:41.828+0300][52,677s][info][gc] GC(1261) Concurrent cleanup 115M->115M(128M) 0,038ms
[2021-04-30T09:23:41.829+0300][52,679s][info][gc] GC(1261) Concurrent evacuation 1,294ms
[2021-04-30T09:23:41.830+0300][52,679s][info][gc] GC(1261) Pause Init Update Refs 0,005ms
[2021-04-30T09:23:41.840+0300][52,690s][info][gc] GC(1261) Concurrent update references 10,849ms
[2021-04-30T09:23:41.841+0300][52,690s][info][gc] GC(1261) Pause Final Update Refs 0,185ms
[2021-04-30T09:23:41.841+0300][52,690s][info][gc] GC(1261) Concurrent cleanup 125M->118M(128M) 0,068ms
[2021-04-30T09:23:41.842+0300][52,692s][info][gc] Trigger: Free (2771K) is below minimum threshold (13107K)
[2021-04-30T09:23:41.843+0300][52,692s][info][gc] GC(1262) Concurrent reset 0,398ms
[2021-04-30T09:23:41.844+0300][52,693s][info][gc] GC(1262) Pause Init Mark 0,606ms
[2021-04-30T09:23:41.860+0300][52,709s][info][gc] GC(1262) Concurrent marking 16,333ms
[2021-04-30T09:23:41.862+0300][52,711s][info][gc] GC(1262) Pause Final Mark 1,420ms
[2021-04-30T09:23:41.862+0300][52,711s][info][gc] GC(1262) Concurrent cleanup 119M->119M(128M) 0,042ms
[2021-04-30T09:23:41.863+0300][52,713s][info][gc] GC(1262) Concurrent evacuation 1,553ms
[2021-04-30T09:23:41.864+0300][52,713s][info][gc] GC(1262) Pause Init Update Refs 0,006ms
[2021-04-30T09:23:41.873+0300][52,723s][info][gc] GC(1262) Concurrent update references 9,522ms
[2021-04-30T09:23:41.873+0300][52,723s][info][gc] GC(1262) Pause Final Update Refs 0,095ms
[2021-04-30T09:23:41.874+0300][52,723s][info][gc] GC(1262) Concurrent cleanup 126M->116M(128M) 0,039ms
[2021-04-30T09:23:41.875+0300][52,724s][info][gc] Trigger: Free (5063K) is below minimum threshold (13107K)
[2021-04-30T09:23:41.875+0300][52,724s][info][gc] GC(1263) Concurrent reset 0,165ms
[2021-04-30T09:23:41.875+0300][52,725s][info][gc] GC(1263) Pause Init Mark 0,200ms
[2021-04-30T09:23:41.890+0300][52,740s][info][gc] GC(1263) Concurrent marking 15,251ms
[2021-04-30T09:23:41.892+0300][52,741s][info][gc] GC(1263) Pause Final Mark 1,046ms
[2021-04-30T09:23:41.892+0300][52,741s][info][gc] GC(1263) Concurrent cleanup 117M->117M(128M) 0,039ms
[2021-04-30T09:23:41.893+0300][52,742s][info][gc] GC(1263) Concurrent evacuation 1,303ms
[2021-04-30T09:23:41.893+0300][52,743s][info][gc] GC(1263) Pause Init Update Refs 0,006ms
[2021-04-30T09:23:41.902+0300][52,752s][info][gc] GC(1263) Concurrent update references 9,264ms
[2021-04-30T09:23:41.903+0300][52,752s][info][gc] GC(1263) Pause Final Update Refs 0,161ms
[2021-04-30T09:23:41.903+0300][52,752s][info][gc] GC(1263) Concurrent cleanup 123M->116M(128M) 0,042ms
[2021-04-30T09:23:41.904+0300][52,754s][info][gc] Trigger: Free (4506K) is below minimum threshold (13107K)
[2021-04-30T09:23:41.904+0300][52,754s][info][gc] GC(1264) Concurrent reset 0,132ms
[2021-04-30T09:23:41.905+0300][52,754s][info][gc] GC(1264) Pause Init Mark 0,200ms
[2021-04-30T09:23:41.926+0300][52,775s][info][gc] GC(1264) Concurrent marking 21,077ms
[2021-04-30T09:23:41.927+0300][52,777s][info][gc] GC(1264) Pause Final Mark 1,054ms
[2021-04-30T09:23:41.927+0300][52,777s][info][gc] GC(1264) Concurrent cleanup 118M->118M(128M) 0,038ms
[2021-04-30T09:23:41.929+0300][52,778s][info][gc] GC(1264) Concurrent evacuation 1,368ms
[2021-04-30T09:23:41.929+0300][52,778s][info][gc] GC(1264) Pause Init Update Refs 0,005ms
[2021-04-30T09:23:41.941+0300][52,790s][info][gc] GC(1264) Concurrent update references 12,038ms
[2021-04-30T09:23:41.941+0300][52,791s][info][gc] GC(1264) Pause Final Update Refs 0,122ms
[2021-04-30T09:23:41.941+0300][52,791s][info][gc] GC(1264) Concurrent cleanup 124M->116M(128M) 0,044ms
[2021-04-30T09:23:41.942+0300][52,792s][info][gc] Trigger: Free (5164K) is below minimum threshold (13107K)
[2021-04-30T09:23:41.943+0300][52,792s][info][gc] GC(1265) Concurrent reset 0,167ms
[2021-04-30T09:23:41.943+0300][52,792s][info][gc] GC(1265) Pause Init Mark (process weakrefs) 0,204ms
[2021-04-30T09:23:41.958+0300][52,808s][info][gc] GC(1265) Concurrent marking (process weakrefs) 15,104ms
[2021-04-30T09:23:41.958+0300][52,808s][info][gc] GC(1265) Concurrent precleaning 0,108ms
[2021-04-30T09:23:41.960+0300][52,809s][info][gc] GC(1265) Pause Final Mark (process weakrefs) 1,134ms
[2021-04-30T09:23:41.960+0300][52,809s][info][gc] GC(1265) Concurrent cleanup 117M->117M(128M) 0,040ms
[2021-04-30T09:23:41.961+0300][52,810s][info][gc] GC(1265) Concurrent evacuation 1,272ms
[2021-04-30T09:23:41.961+0300][52,811s][info][gc] GC(1265) Pause Init Update Refs 0,021ms
[2021-04-30T09:23:41.970+0300][52,819s][info][gc] GC(1265) Concurrent update references 8,521ms
[2021-04-30T09:23:41.970+0300][52,819s][info][gc] GC(1265) Pause Final Update Refs 0,071ms
[2021-04-30T09:23:41.970+0300][52,820s][info][gc] GC(1265) Concurrent cleanup 124M->116M(128M) 0,048ms
[2021-04-30T09:23:41.971+0300][52,821s][info][gc] Trigger: Free (4710K) is below minimum threshold (13107K)
[2021-04-30T09:23:41.971+0300][52,821s][info][gc] GC(1266) Concurrent reset 0,148ms
[2021-04-30T09:23:41.972+0300][52,821s][info][gc] GC(1266) Pause Init Mark 0,204ms
[2021-04-30T09:23:41.986+0300][52,835s][info][gc] GC(1266) Concurrent marking 14,131ms
[2021-04-30T09:23:41.987+0300][52,837s][info][gc] GC(1266) Pause Final Mark 1,189ms
[2021-04-30T09:23:41.987+0300][52,837s][info][gc] GC(1266) Concurrent cleanup 117M->117M(128M) 0,038ms
[2021-04-30T09:23:41.989+0300][52,838s][info][gc] GC(1266) Concurrent evacuation 1,275ms
[2021-04-30T09:23:41.989+0300][52,838s][info][gc] GC(1266) Pause Init Update Refs 0,023ms
[2021-04-30T09:23:42.003+0300][52,853s][info][gc] GC(1266) Concurrent update references 14,188ms
[2021-04-30T09:23:42.004+0300][52,853s][info][gc] GC(1266) Pause Final Update Refs 0,214ms
[2021-04-30T09:23:42.004+0300][52,853s][info][gc] GC(1266) Concurrent cleanup 125M->117M(128M) 0,062ms
[2021-04-30T09:23:42.005+0300][52,854s][info][gc] Trigger: Free (3909K) is below minimum threshold (13107K)
[2021-04-30T09:23:42.005+0300][52,854s][info][gc] GC(1267) Concurrent reset 0,164ms
[2021-04-30T09:23:42.006+0300][52,855s][info][gc] GC(1267) Pause Init Mark 0,245ms
[2021-04-30T09:23:42.027+0300][52,876s][info][gc] GC(1267) Concurrent marking 21,199ms
[2021-04-30T09:23:42.028+0300][52,877s][info][gc] GC(1267) Pause Final Mark 0,856ms
[2021-04-30T09:23:42.028+0300][52,877s][info][gc] GC(1267) Concurrent cleanup 118M->118M(128M) 0,038ms
[2021-04-30T09:23:42.029+0300][52,879s][info][gc] GC(1267) Concurrent evacuation 1,286ms
[2021-04-30T09:23:42.029+0300][52,879s][info][gc] GC(1267) Pause Init Update Refs 0,005ms
[2021-04-30T09:23:42.039+0300][52,888s][info][gc] GC(1267) Concurrent update references 9,292ms
[2021-04-30T09:23:42.039+0300][52,888s][info][gc] GC(1267) Pause Final Update Refs 0,080ms
[2021-04-30T09:23:42.039+0300][52,889s][info][gc] GC(1267) Concurrent cleanup 126M->117M(128M) 0,044ms
[2021-04-30T09:23:42.040+0300][52,890s][info][gc] Trigger: Free (4053K) is below minimum threshold (13107K)
[2021-04-30T09:23:42.040+0300][52,890s][info][gc] GC(1268) Concurrent reset 0,124ms
[2021-04-30T09:23:42.041+0300][52,890s][info][gc] GC(1268) Pause Init Mark 0,256ms
[2021-04-30T09:23:42.059+0300][52,908s][info][gc] GC(1268) Concurrent marking 17,822ms
[2021-04-30T09:23:42.060+0300][52,909s][info][gc] GC(1268) Pause Final Mark 0,942ms
[2021-04-30T09:23:42.060+0300][52,909s][info][gc] GC(1268) Concurrent cleanup 118M->118M(128M) 0,039ms
[2021-04-30T09:23:42.061+0300][52,911s][info][gc] GC(1268) Concurrent evacuation 1,328ms
[2021-04-30T09:23:42.061+0300][52,911s][info][gc] GC(1268) Pause Init Update Refs 0,005ms
[2021-04-30T09:23:42.071+0300][52,921s][info][gc] GC(1268) Concurrent update references 9,732ms
[2021-04-30T09:23:42.072+0300][52,921s][info][gc] GC(1268) Pause Final Update Refs 0,209ms
[2021-04-30T09:23:42.072+0300][52,921s][info][gc] GC(1268) Concurrent cleanup 125M->117M(128M) 0,042ms
[2021-04-30T09:23:42.073+0300][52,922s][info][gc] Trigger: Free (4317K) is below minimum threshold (13107K)
[2021-04-30T09:23:42.073+0300][52,923s][info][gc] GC(1269) Concurrent reset 0,286ms
[2021-04-30T09:23:42.074+0300][52,923s][info][gc] GC(1269) Pause Init Mark 0,231ms
[2021-04-30T09:23:42.096+0300][52,945s][info][gc] GC(1269) Concurrent marking 21,939ms
[2021-04-30T09:23:42.097+0300][52,946s][info][gc] GC(1269) Pause Final Mark 0,951ms
[2021-04-30T09:23:42.097+0300][52,947s][info][gc] GC(1269) Concurrent cleanup 118M->118M(128M) 0,044ms
[2021-04-30T09:23:42.099+0300][52,948s][info][gc] GC(1269) Concurrent evacuation 1,676ms
[2021-04-30T09:23:42.099+0300][52,948s][info][gc] GC(1269) Pause Init Update Refs 0,008ms
[2021-04-30T09:23:42.110+0300][52,959s][info][gc] GC(1269) Concurrent update references 10,741ms
[2021-04-30T09:23:42.110+0300][52,959s][info][gc] GC(1269) Pause Final Update Refs 0,060ms
[2021-04-30T09:23:42.110+0300][52,960s][info][gc] GC(1269) Concurrent cleanup 126M->118M(128M) 0,048ms
[2021-04-30T09:23:42.111+0300][52,961s][info][gc] Trigger: Free (3452K) is below minimum threshold (13107K)
[2021-04-30T09:23:42.111+0300][52,961s][info][gc] GC(1270) Concurrent reset 0,132ms
[2021-04-30T09:23:42.112+0300][52,961s][info][gc] GC(1270) Pause Init Mark (process weakrefs) 0,175ms
[2021-04-30T09:23:42.126+0300][52,976s][info][gc] GC(1270) Concurrent marking (process weakrefs) 14,279ms
[2021-04-30T09:23:42.126+0300][52,976s][info][gc] GC(1270) Concurrent precleaning 0,151ms
[2021-04-30T09:23:42.128+0300][52,977s][info][gc] GC(1270) Pause Final Mark (process weakrefs) 1,127ms
[2021-04-30T09:23:42.128+0300][52,977s][info][gc] GC(1270) Concurrent cleanup 119M->119M(128M) 0,037ms
[2021-04-30T09:23:42.129+0300][52,978s][info][gc] GC(1270) Concurrent evacuation 1,312ms
[2021-04-30T09:23:42.129+0300][52,979s][info][gc] GC(1270) Pause Init Update Refs 0,004ms
[2021-04-30T09:23:42.138+0300][52,987s][info][gc] GC(1270) Concurrent update references 8,782ms
[2021-04-30T09:23:42.138+0300][52,988s][info][gc] GC(1270) Pause Final Update Refs 0,162ms
[2021-04-30T09:23:42.138+0300][52,988s][info][gc] GC(1270) Concurrent cleanup 126M->117M(128M) 0,039ms
[2021-04-30T09:23:42.140+0300][52,989s][info][gc] Trigger: Free (4167K) is below minimum threshold (13107K)
[2021-04-30T09:23:42.140+0300][52,989s][info][gc] GC(1271) Concurrent reset 0,251ms
[2021-04-30T09:23:42.140+0300][52,990s][info][gc] GC(1271) Pause Init Mark 0,222ms
[2021-04-30T09:23:42.154+0300][53,003s][info][gc] GC(1271) Concurrent marking 13,573ms
[2021-04-30T09:23:42.155+0300][53,005s][info][gc] GC(1271) Pause Final Mark 1,085ms
[2021-04-30T09:23:42.155+0300][53,005s][info][gc] GC(1271) Concurrent cleanup 118M->118M(128M) 0,038ms
[2021-04-30T09:23:42.157+0300][53,006s][info][gc] GC(1271) Concurrent evacuation 1,354ms
[2021-04-30T09:23:42.157+0300][53,006s][info][gc] GC(1271) Pause Init Update Refs 0,023ms
[2021-04-30T09:23:42.166+0300][53,015s][info][gc] GC(1271) Concurrent update references 8,828ms
[2021-04-30T09:23:42.166+0300][53,016s][info][gc] GC(1271) Pause Final Update Refs 0,193ms
[2021-04-30T09:23:42.166+0300][53,016s][info][gc] GC(1271) Concurrent cleanup 124M->116M(128M) 0,052ms
[2021-04-30T09:23:42.168+0300][53,017s][info][gc] Trigger: Free (5419K) is below minimum threshold (13107K)
[2021-04-30T09:23:42.168+0300][53,017s][info][gc] GC(1272) Concurrent reset 0,122ms
[2021-04-30T09:23:42.168+0300][53,018s][info][gc] GC(1272) Pause Init Mark 0,265ms
[2021-04-30T09:23:42.183+0300][53,032s][info][gc] GC(1272) Concurrent marking 14,813ms
[2021-04-30T09:23:42.184+0300][53,034s][info][gc] GC(1272) Pause Final Mark 1,360ms
[2021-04-30T09:23:42.185+0300][53,034s][info][gc] GC(1272) Concurrent cleanup 117M->117M(128M) 0,042ms
[2021-04-30T09:23:42.187+0300][53,036s][info][gc] GC(1272) Concurrent evacuation 2,089ms
[2021-04-30T09:23:42.187+0300][53,036s][info][gc] GC(1272) Pause Init Update Refs 0,007ms
[2021-04-30T09:23:42.201+0300][53,051s][info][gc] GC(1272) Concurrent update references 14,337ms
[2021-04-30T09:23:42.202+0300][53,051s][info][gc] GC(1272) Pause Final Update Refs 0,221ms
[2021-04-30T09:23:42.202+0300][53,051s][info][gc] GC(1272) Concurrent cleanup 126M->118M(128M) 0,040ms
[2021-04-30T09:23:42.203+0300][53,053s][info][gc] Trigger: Free (2552K) is below minimum threshold (13107K)
[2021-04-30T09:23:42.203+0300][53,053s][info][gc] GC(1273) Concurrent reset 0,122ms
[2021-04-30T09:23:42.204+0300][53,053s][info][gc] GC(1273) Pause Init Mark 0,293ms
[2021-04-30T09:23:42.222+0300][53,072s][info][gc] GC(1273) Concurrent marking 18,170ms
[2021-04-30T09:23:42.223+0300][53,073s][info][gc] GC(1273) Pause Final Mark 1,088ms
[2021-04-30T09:23:42.224+0300][53,073s][info][gc] GC(1273) Concurrent cleanup 119M->119M(128M) 0,038ms
[2021-04-30T09:23:42.225+0300][53,074s][info][gc] GC(1273) Concurrent evacuation 1,239ms
[2021-04-30T09:23:42.225+0300][53,074s][info][gc] GC(1273) Pause Init Update Refs 0,006ms
[2021-04-30T09:23:42.234+0300][53,083s][info][gc] GC(1273) Concurrent update references 8,560ms
[2021-04-30T09:23:42.234+0300][53,084s][info][gc] GC(1273) Pause Final Update Refs 0,148ms
[2021-04-30T09:23:42.234+0300][53,084s][info][gc] GC(1273) Concurrent cleanup 125M->115M(128M) 0,041ms
[2021-04-30T09:23:42.235+0300][53,085s][info][gc] Trigger: Free (6047K) is below minimum threshold (13107K)
[2021-04-30T09:23:42.236+0300][53,085s][info][gc] GC(1274) Concurrent reset 0,121ms
[2021-04-30T09:23:42.236+0300][53,086s][info][gc] GC(1274) Pause Init Mark 0,256ms
[2021-04-30T09:23:42.250+0300][53,100s][info][gc] GC(1274) Concurrent marking 14,101ms
[2021-04-30T09:23:42.252+0300][53,101s][info][gc] GC(1274) Pause Final Mark 1,079ms
[2021-04-30T09:23:42.252+0300][53,101s][info][gc] GC(1274) Concurrent cleanup 116M->116M(128M) 0,037ms
[2021-04-30T09:23:42.253+0300][53,102s][info][gc] GC(1274) Concurrent evacuation 1,259ms
[2021-04-30T09:23:42.253+0300][53,103s][info][gc] GC(1274) Pause Init Update Refs 0,021ms
[2021-04-30T09:23:42.262+0300][53,112s][info][gc] GC(1274) Concurrent update references 8,923ms
[2021-04-30T09:23:42.263+0300][53,112s][info][gc] GC(1274) Pause Final Update Refs 0,214ms
[2021-04-30T09:23:42.263+0300][53,112s][info][gc] GC(1274) Concurrent cleanup 124M->118M(128M) 0,040ms
[2021-04-30T09:23:42.264+0300][53,113s][info][gc] Trigger: Free (2194K) is below minimum threshold (13107K)
[2021-04-30T09:23:42.264+0300][53,114s][info][gc] GC(1275) Concurrent reset 0,112ms
[2021-04-30T09:23:42.265+0300][53,114s][info][gc] GC(1275) Pause Init Mark (process weakrefs) 0,300ms
[2021-04-30T09:23:42.279+0300][53,128s][info][gc] GC(1275) Concurrent marking (process weakrefs) 14,074ms
[2021-04-30T09:23:42.279+0300][53,129s][info][gc] GC(1275) Concurrent precleaning 0,143ms
[2021-04-30T09:23:42.280+0300][53,130s][info][gc] GC(1275) Pause Final Mark (process weakrefs) 1,006ms
[2021-04-30T09:23:42.280+0300][53,130s][info][gc] GC(1275) Concurrent cleanup 120M->120M(128M) 0,037ms
[2021-04-30T09:23:42.282+0300][53,131s][info][gc] GC(1275) Concurrent evacuation 1,271ms
[2021-04-30T09:23:42.282+0300][53,131s][info][gc] GC(1275) Pause Init Update Refs 0,021ms
[2021-04-30T09:23:42.291+0300][53,140s][info][gc] GC(1275) Concurrent update references 8,529ms
[2021-04-30T09:23:42.291+0300][53,140s][info][gc] GC(1275) Pause Final Update Refs 0,172ms
[2021-04-30T09:23:42.291+0300][53,141s][info][gc] GC(1275) Concurrent cleanup 126M->116M(128M) 0,040ms
[2021-04-30T09:23:42.292+0300][53,142s][info][gc] Trigger: Free (5269K) is below minimum threshold (13107K)
[2021-04-30T09:23:42.293+0300][53,142s][info][gc] GC(1276) Concurrent reset 0,254ms
[2021-04-30T09:23:42.293+0300][53,142s][info][gc] GC(1276) Pause Init Mark 0,265ms
[2021-04-30T09:23:42.308+0300][53,157s][info][gc] GC(1276) Concurrent marking 14,664ms
[2021-04-30T09:23:42.309+0300][53,158s][info][gc] GC(1276) Pause Final Mark 0,916ms
[2021-04-30T09:23:42.309+0300][53,158s][info][gc] GC(1276) Concurrent cleanup 117M->117M(128M) 0,041ms
[2021-04-30T09:23:42.311+0300][53,161s][info][gc] GC(1276) Concurrent evacuation 2,392ms
[2021-04-30T09:23:42.312+0300][53,161s][info][gc] GC(1276) Pause Init Update Refs 0,007ms
[2021-04-30T09:23:42.324+0300][53,173s][info][gc] GC(1276) Concurrent update references 11,861ms
[2021-04-30T09:23:42.324+0300][53,173s][info][gc] GC(1276) Pause Final Update Refs 0,214ms
[2021-04-30T09:23:42.324+0300][53,174s][info][gc] GC(1276) Concurrent cleanup 125M->118M(128M) 0,049ms
[2021-04-30T09:23:42.325+0300][53,175s][info][gc] Trigger: Free (2091K) is below minimum threshold (13107K)
[2021-04-30T09:23:42.325+0300][53,175s][info][gc] GC(1277) Concurrent reset 0,164ms
[2021-04-30T09:23:42.326+0300][53,175s][info][gc] GC(1277) Pause Init Mark 0,189ms
[2021-04-30T09:23:42.342+0300][53,191s][info][gc] GC(1277) Concurrent marking 16,047ms
[2021-04-30T09:23:42.343+0300][53,192s][info][gc] GC(1277) Pause Final Mark 0,919ms
[2021-04-30T09:23:42.343+0300][53,193s][info][gc] GC(1277) Concurrent cleanup 120M->120M(128M) 0,039ms
[2021-04-30T09:23:42.345+0300][53,194s][info][gc] GC(1277) Concurrent evacuation 1,311ms
[2021-04-30T09:23:42.345+0300][53,194s][info][gc] GC(1277) Pause Init Update Refs 0,005ms
[2021-04-30T09:23:42.356+0300][53,205s][info][gc] GC(1277) Concurrent update references 10,997ms
[2021-04-30T09:23:42.356+0300][53,206s][info][gc] GC(1277) Pause Final Update Refs 0,115ms
[2021-04-30T09:23:42.356+0300][53,206s][info][gc] GC(1277) Concurrent cleanup 126M->115M(128M) 0,061ms
[2021-04-30T09:23:42.357+0300][53,207s][info][gc] Trigger: Free (5921K) is below minimum threshold (13107K)
[2021-04-30T09:23:42.358+0300][53,207s][info][gc] GC(1278) Concurrent reset 0,191ms
[2021-04-30T09:23:42.358+0300][53,208s][info][gc] GC(1278) Pause Init Mark 0,334ms
[2021-04-30T09:23:42.375+0300][53,224s][info][gc] GC(1278) Concurrent marking 16,411ms
[2021-04-30T09:23:42.376+0300][53,225s][info][gc] GC(1278) Pause Final Mark 0,980ms
[2021-04-30T09:23:42.376+0300][53,225s][info][gc] GC(1278) Concurrent cleanup 116M->116M(128M) 0,039ms
[2021-04-30T09:23:42.377+0300][53,227s][info][gc] GC(1278) Concurrent evacuation 1,353ms
[2021-04-30T09:23:42.377+0300][53,227s][info][gc] GC(1278) Pause Init Update Refs 0,006ms
[2021-04-30T09:23:42.387+0300][53,237s][info][gc] GC(1278) Concurrent update references 9,756ms
[2021-04-30T09:23:42.388+0300][53,237s][info][gc] GC(1278) Pause Final Update Refs 0,122ms
[2021-04-30T09:23:42.388+0300][53,237s][info][gc] GC(1278) Concurrent cleanup 122M->115M(128M) 0,061ms
[2021-04-30T09:23:42.389+0300][53,238s][info][gc] Trigger: Free (4743K) is below minimum threshold (13107K)
[2021-04-30T09:23:42.389+0300][53,239s][info][gc] GC(1279) Concurrent reset 0,128ms
[2021-04-30T09:23:42.390+0300][53,239s][info][gc] GC(1279) Pause Init Mark 0,272ms
[2021-04-30T09:23:42.407+0300][53,256s][info][gc] GC(1279) Concurrent marking 17,393ms
[2021-04-30T09:23:42.408+0300][53,258s][info][gc] GC(1279) Pause Final Mark 1,107ms
[2021-04-30T09:23:42.408+0300][53,258s][info][gc] GC(1279) Concurrent cleanup 117M->117M(128M) 0,042ms
[2021-04-30T09:23:42.410+0300][53,259s][info][gc] GC(1279) Concurrent evacuation 1,499ms
[2021-04-30T09:23:42.410+0300][53,260s][info][gc] GC(1279) Pause Init Update Refs 0,032ms
[2021-04-30T09:23:42.422+0300][53,271s][info][gc] GC(1279) Concurrent update references 11,084ms
[2021-04-30T09:23:42.422+0300][53,271s][info][gc] GC(1279) Pause Final Update Refs 0,067ms
[2021-04-30T09:23:42.422+0300][53,271s][info][gc] GC(1279) Concurrent cleanup 125M->118M(128M) 0,040ms
[2021-04-30T09:23:42.423+0300][53,272s][info][gc] Trigger: Free (2590K) is below minimum threshold (13107K)
[2021-04-30T09:23:42.423+0300][53,273s][info][gc] GC(1280) Concurrent reset 0,158ms
[2021-04-30T09:23:42.424+0300][53,273s][info][gc] GC(1280) Pause Init Mark (process weakrefs) 0,186ms
[2021-04-30T09:23:42.444+0300][53,294s][info][gc] GC(1280) Concurrent marking (process weakrefs) 20,810ms
[2021-04-30T09:23:42.445+0300][53,294s][info][gc] GC(1280) Concurrent precleaning 0,115ms
[2021-04-30T09:23:42.446+0300][53,295s][info][gc] GC(1280) Pause Final Mark (process weakrefs) 0,924ms
[2021-04-30T09:23:42.446+0300][53,295s][info][gc] GC(1280) Concurrent cleanup 119M->119M(128M) 0,039ms
[2021-04-30T09:23:42.447+0300][53,297s][info][gc] GC(1280) Concurrent evacuation 1,621ms
[2021-04-30T09:23:42.448+0300][53,297s][info][gc] GC(1280) Pause Init Update Refs 0,006ms
[2021-04-30T09:23:42.457+0300][53,307s][info][gc] GC(1280) Concurrent update references 9,754ms
[2021-04-30T09:23:42.458+0300][53,307s][info][gc] GC(1280) Pause Final Update Refs 0,117ms
[2021-04-30T09:23:42.458+0300][53,307s][info][gc] GC(1280) Concurrent cleanup 126M->116M(128M) 0,042ms
[2021-04-30T09:23:42.459+0300][53,308s][info][gc] Trigger: Free (4590K) is below minimum threshold (13107K)
[2021-04-30T09:23:42.459+0300][53,309s][info][gc] GC(1281) Concurrent reset 0,131ms
[2021-04-30T09:23:42.459+0300][53,309s][info][gc] GC(1281) Pause Init Mark 0,150ms
[2021-04-30T09:23:42.477+0300][53,326s][info][gc] GC(1281) Concurrent marking 17,415ms
[2021-04-30T09:23:42.478+0300][53,327s][info][gc] GC(1281) Pause Final Mark 0,898ms
[2021-04-30T09:23:42.478+0300][53,328s][info][gc] GC(1281) Concurrent cleanup 117M->117M(128M) 0,045ms
[2021-04-30T09:23:42.480+0300][53,329s][info][gc] GC(1281) Concurrent evacuation 1,484ms
[2021-04-30T09:23:42.480+0300][53,329s][info][gc] GC(1281) Pause Init Update Refs 0,008ms
[2021-04-30T09:23:42.489+0300][53,339s][info][gc] GC(1281) Concurrent update references 9,587ms
[2021-04-30T09:23:42.490+0300][53,339s][info][gc] GC(1281) Pause Final Update Refs 0,092ms
[2021-04-30T09:23:42.490+0300][53,339s][info][gc] GC(1281) Concurrent cleanup 124M->116M(128M) 0,043ms
[2021-04-30T09:23:42.491+0300][53,341s][info][gc] Trigger: Free (4507K) is below minimum threshold (13107K)
[2021-04-30T09:23:42.492+0300][53,341s][info][gc] GC(1282) Concurrent reset 0,306ms
[2021-04-30T09:23:42.492+0300][53,341s][info][gc] GC(1282) Pause Init Mark 0,202ms
[2021-04-30T09:23:42.509+0300][53,358s][info][gc] GC(1282) Concurrent marking 16,277ms
[2021-04-30T09:23:42.510+0300][53,360s][info][gc] GC(1282) Pause Final Mark 1,246ms
[2021-04-30T09:23:42.510+0300][53,360s][info][gc] GC(1282) Concurrent cleanup 117M->117M(128M) 0,056ms
[2021-04-30T09:23:42.512+0300][53,361s][info][gc] GC(1282) Concurrent evacuation 1,598ms
[2021-04-30T09:23:42.512+0300][53,362s][info][gc] GC(1282) Pause Init Update Refs 0,006ms
[2021-04-30T09:23:42.522+0300][53,371s][info][gc] GC(1282) Concurrent update references 9,731ms
[2021-04-30T09:23:42.522+0300][53,372s][info][gc] GC(1282) Pause Final Update Refs 0,128ms
[2021-04-30T09:23:42.522+0300][53,372s][info][gc] GC(1282) Concurrent cleanup 125M->118M(128M) 0,048ms
[2021-04-30T09:23:42.523+0300][53,373s][info][gc] Trigger: Free (2621K) is below minimum threshold (13107K)
[2021-04-30T09:23:42.524+0300][53,373s][info][gc] GC(1283) Concurrent reset 0,354ms
[2021-04-30T09:23:42.524+0300][53,374s][info][gc] GC(1283) Pause Init Mark 0,233ms
[2021-04-30T09:23:42.549+0300][53,398s][info][gc] GC(1283) Concurrent marking 24,639ms
[2021-04-30T09:23:42.550+0300][53,399s][info][gc] GC(1283) Pause Final Mark 0,922ms
[2021-04-30T09:23:42.550+0300][53,400s][info][gc] GC(1283) Concurrent cleanup 119M->120M(128M) 0,051ms
[2021-04-30T09:23:42.552+0300][53,401s][info][gc] GC(1283) Concurrent evacuation 1,581ms
[2021-04-30T09:23:42.552+0300][53,401s][info][gc] GC(1283) Pause Init Update Refs 0,006ms
[2021-04-30T09:23:42.563+0300][53,412s][info][gc] GC(1283) Concurrent update references 10,972ms
[2021-04-30T09:23:42.563+0300][53,413s][info][gc] GC(1283) Pause Final Update Refs 0,079ms
[2021-04-30T09:23:42.563+0300][53,413s][info][gc] GC(1283) Concurrent cleanup 126M->116M(128M) 0,048ms
[2021-04-30T09:23:42.564+0300][53,414s][info][gc] Trigger: Free (4495K) is below minimum threshold (13107K)
[2021-04-30T09:23:42.565+0300][53,414s][info][gc] GC(1284) Concurrent reset 0,140ms
[2021-04-30T09:23:42.565+0300][53,415s][info][gc] GC(1284) Pause Init Mark 0,538ms
[2021-04-30T09:23:42.590+0300][53,439s][info][gc] GC(1284) Concurrent marking 24,504ms
[2021-04-30T09:23:42.591+0300][53,441s][info][gc] GC(1284) Pause Final Mark 1,166ms
[2021-04-30T09:23:42.591+0300][53,441s][info][gc] GC(1284) Concurrent cleanup 118M->118M(128M) 0,118ms
[2021-04-30T09:23:42.594+0300][53,443s][info][gc] GC(1284) Concurrent evacuation 2,123ms
[2021-04-30T09:23:42.594+0300][53,443s][info][gc] GC(1284) Pause Init Update Refs 0,005ms
[2021-04-30T09:23:42.606+0300][53,455s][info][gc] GC(1284) Concurrent update references 12,102ms
[2021-04-30T09:23:42.606+0300][53,456s][info][gc] GC(1284) Pause Final Update Refs 0,070ms
[2021-04-30T09:23:42.606+0300][53,456s][info][gc] GC(1284) Concurrent cleanup 126M->118M(128M) 0,039ms
[2021-04-30T09:23:42.607+0300][53,457s][info][gc] Trigger: Free (1957K) is below minimum threshold (13107K)
[2021-04-30T09:23:42.608+0300][53,457s][info][gc] GC(1285) Concurrent reset 0,157ms
[2021-04-30T09:23:42.608+0300][53,457s][info][gc] GC(1285) Pause Init Mark (process weakrefs) 0,165ms
[2021-04-30T09:23:42.625+0300][53,474s][info][gc] GC(1285) Concurrent marking (process weakrefs) 16,854ms
[2021-04-30T09:23:42.625+0300][53,474s][info][gc] GC(1285) Concurrent precleaning 0,125ms
[2021-04-30T09:23:42.626+0300][53,476s][info][gc] GC(1285) Pause Final Mark (process weakrefs) 1,399ms
[2021-04-30T09:23:42.627+0300][53,476s][info][gc] GC(1285) Concurrent cleanup 120M->120M(128M) 0,044ms
[2021-04-30T09:23:42.628+0300][53,478s][info][gc] GC(1285) Concurrent evacuation 1,428ms
[2021-04-30T09:23:42.628+0300][53,478s][info][gc] GC(1285) Pause Init Update Refs 0,008ms
[2021-04-30T09:23:42.638+0300][53,488s][info][gc] GC(1285) Concurrent update references 9,872ms
[2021-04-30T09:23:42.639+0300][53,488s][info][gc] GC(1285) Pause Final Update Refs 0,204ms
[2021-04-30T09:23:42.639+0300][53,488s][info][gc] GC(1285) Concurrent cleanup 125M->115M(128M) 0,042ms
[2021-04-30T09:23:42.640+0300][53,489s][info][gc] Trigger: Free (5671K) is below minimum threshold (13107K)
[2021-04-30T09:23:42.640+0300][53,490s][info][gc] GC(1286) Concurrent reset 0,180ms
[2021-04-30T09:23:42.641+0300][53,490s][info][gc] GC(1286) Pause Init Mark 0,183ms
[2021-04-30T09:23:42.658+0300][53,508s][info][gc] GC(1286) Concurrent marking 17,640ms
[2021-04-30T09:23:42.660+0300][53,509s][info][gc] GC(1286) Pause Final Mark 1,048ms
[2021-04-30T09:23:42.660+0300][53,509s][info][gc] GC(1286) Concurrent cleanup 116M->116M(128M) 0,038ms
[2021-04-30T09:23:42.661+0300][53,511s][info][gc] GC(1286) Concurrent evacuation 1,708ms
[2021-04-30T09:23:42.662+0300][53,511s][info][gc] GC(1286) Pause Init Update Refs 0,006ms
[2021-04-30T09:23:42.672+0300][53,521s][info][gc] GC(1286) Concurrent update references 10,017ms
[2021-04-30T09:23:42.672+0300][53,521s][info][gc] GC(1286) Pause Final Update Refs 0,058ms
[2021-04-30T09:23:42.672+0300][53,522s][info][gc] GC(1286) Concurrent cleanup 123M->117M(128M) 0,039ms
[2021-04-30T09:23:42.673+0300][53,523s][info][gc] Trigger: Free (3725K) is below minimum threshold (13107K)
[2021-04-30T09:23:42.673+0300][53,523s][info][gc] GC(1287) Concurrent reset 0,179ms
[2021-04-30T09:23:42.674+0300][53,523s][info][gc] GC(1287) Pause Init Mark 0,192ms
[2021-04-30T09:23:42.689+0300][53,538s][info][gc] GC(1287) Concurrent marking 14,671ms
[2021-04-30T09:23:42.690+0300][53,539s][info][gc] GC(1287) Pause Final Mark 1,218ms
[2021-04-30T09:23:42.690+0300][53,539s][info][gc] GC(1287) Concurrent cleanup 118M->118M(128M) 0,037ms
[2021-04-30T09:23:42.692+0300][53,541s][info][gc] GC(1287) Concurrent evacuation 1,483ms
[2021-04-30T09:23:42.692+0300][53,541s][info][gc] GC(1287) Pause Init Update Refs 0,006ms
[2021-04-30T09:23:42.701+0300][53,550s][info][gc] GC(1287) Concurrent update references 8,833ms
[2021-04-30T09:23:42.701+0300][53,550s][info][gc] GC(1287) Pause Final Update Refs 0,120ms
[2021-04-30T09:23:42.701+0300][53,550s][info][gc] GC(1287) Concurrent cleanup 124M->116M(128M) 0,040ms
[2021-04-30T09:23:42.702+0300][53,552s][info][gc] Trigger: Free (4439K) is below minimum threshold (13107K)
[2021-04-30T09:23:42.702+0300][53,552s][info][gc] GC(1288) Concurrent reset 0,192ms
[2021-04-30T09:23:42.703+0300][53,552s][info][gc] GC(1288) Pause Init Mark 0,278ms
[2021-04-30T09:23:42.719+0300][53,568s][info][gc] GC(1288) Concurrent marking 15,762ms
[2021-04-30T09:23:42.720+0300][53,569s][info][gc] GC(1288) Pause Final Mark 1,231ms
[2021-04-30T09:23:42.720+0300][53,569s][info][gc] GC(1288) Concurrent cleanup 118M->118M(128M) 0,041ms
[2021-04-30T09:23:42.722+0300][53,571s][info][gc] GC(1288) Concurrent evacuation 1,437ms
[2021-04-30T09:23:42.722+0300][53,571s][info][gc] GC(1288) Pause Init Update Refs 0,005ms
[2021-04-30T09:23:42.732+0300][53,581s][info][gc] GC(1288) Concurrent update references 9,877ms
[2021-04-30T09:23:42.732+0300][53,581s][info][gc] GC(1288) Pause Final Update Refs 0,097ms
[2021-04-30T09:23:42.732+0300][53,581s][info][gc] GC(1288) Concurrent cleanup 123M->116M(128M) 0,042ms
[2021-04-30T09:23:42.733+0300][53,583s][info][gc] Trigger: Free (4507K) is below minimum threshold (13107K)
[2021-04-30T09:23:42.733+0300][53,583s][info][gc] GC(1289) Concurrent reset 0,203ms
[2021-04-30T09:23:42.734+0300][53,583s][info][gc] GC(1289) Pause Init Mark 0,240ms
[2021-04-30T09:23:42.755+0300][53,604s][info][gc] GC(1289) Concurrent marking 20,896ms
[2021-04-30T09:23:42.756+0300][53,605s][info][gc] GC(1289) Pause Final Mark 1,152ms
[2021-04-30T09:23:42.756+0300][53,606s][info][gc] GC(1289) Concurrent cleanup 118M->118M(128M) 0,039ms
[2021-04-30T09:23:42.758+0300][53,607s][info][gc] GC(1289) Concurrent evacuation 1,446ms
[2021-04-30T09:23:42.758+0300][53,607s][info][gc] GC(1289) Pause Init Update Refs 0,005ms
[2021-04-30T09:23:42.772+0300][53,622s][info][gc] GC(1289) Concurrent update references 14,359ms
[2021-04-30T09:23:42.773+0300][53,622s][info][gc] GC(1289) Pause Final Update Refs 0,134ms
[2021-04-30T09:23:42.773+0300][53,622s][info][gc] GC(1289) Concurrent cleanup 125M->118M(128M) 0,047ms
[2021-04-30T09:23:42.774+0300][53,623s][info][gc] Trigger: Free (3078K) is below minimum threshold (13107K)
[2021-04-30T09:23:42.774+0300][53,624s][info][gc] GC(1290) Concurrent reset 0,219ms
[2021-04-30T09:23:42.774+0300][53,624s][info][gc] GC(1290) Pause Init Mark (process weakrefs) 0,226ms
[2021-04-30T09:23:42.795+0300][53,644s][info][gc] GC(1290) Concurrent marking (process weakrefs) 20,413ms
[2021-04-30T09:23:42.795+0300][53,645s][info][gc] GC(1290) Concurrent precleaning 0,072ms
[2021-04-30T09:23:42.796+0300][53,646s][info][gc] GC(1290) Pause Final Mark (process weakrefs) 1,196ms
[2021-04-30T09:23:42.797+0300][53,646s][info][gc] GC(1290) Concurrent cleanup 119M->119M(128M) 0,041ms
[2021-04-30T09:23:42.798+0300][53,648s][info][gc] GC(1290) Concurrent evacuation 1,513ms
[2021-04-30T09:23:42.798+0300][53,648s][info][gc] GC(1290) Pause Init Update Refs 0,006ms
[2021-04-30T09:23:42.808+0300][53,657s][info][gc] GC(1290) Concurrent update references 9,254ms
[2021-04-30T09:23:42.808+0300][53,657s][info][gc] GC(1290) Pause Final Update Refs 0,068ms
[2021-04-30T09:23:42.808+0300][53,658s][info][gc] GC(1290) Concurrent cleanup 126M->117M(128M) 0,045ms
[2021-04-30T09:23:42.809+0300][53,659s][info][gc] Trigger: Free (4057K) is below minimum threshold (13107K)
[2021-04-30T09:23:42.809+0300][53,659s][info][gc] GC(1291) Concurrent reset 0,130ms
[2021-04-30T09:23:42.810+0300][53,659s][info][gc] GC(1291) Pause Init Mark 0,151ms
[2021-04-30T09:23:42.826+0300][53,676s][info][gc] GC(1291) Concurrent marking 16,613ms
[2021-04-30T09:23:42.828+0300][53,677s][info][gc] GC(1291) Pause Final Mark 1,028ms
[2021-04-30T09:23:42.828+0300][53,677s][info][gc] GC(1291) Concurrent cleanup 118M->118M(128M) 0,038ms
[2021-04-30T09:23:42.829+0300][53,679s][info][gc] GC(1291) Concurrent evacuation 1,428ms
[2021-04-30T09:23:42.829+0300][53,679s][info][gc] GC(1291) Pause Init Update Refs 0,005ms
[2021-04-30T09:23:42.844+0300][53,694s][info][gc] GC(1291) Concurrent update references 15,022ms
[2021-04-30T09:23:42.845+0300][53,694s][info][gc] GC(1291) Pause Final Update Refs 0,122ms
[2021-04-30T09:23:42.845+0300][53,694s][info][gc] GC(1291) Concurrent cleanup 125M->118M(128M) 0,042ms
[2021-04-30T09:23:42.846+0300][53,696s][info][gc] Trigger: Free (2743K) is below minimum threshold (13107K)
[2021-04-30T09:23:42.846+0300][53,696s][info][gc] GC(1292) Concurrent reset 0,148ms
[2021-04-30T09:23:42.847+0300][53,696s][info][gc] GC(1292) Pause Init Mark 0,167ms
[2021-04-30T09:23:42.865+0300][53,715s][info][gc] GC(1292) Concurrent marking 18,426ms
[2021-04-30T09:23:42.866+0300][53,716s][info][gc] GC(1292) Pause Final Mark 1,180ms
[2021-04-30T09:23:42.866+0300][53,716s][info][gc] GC(1292) Concurrent cleanup 119M->119M(128M) 0,040ms
[2021-04-30T09:23:42.868+0300][53,717s][info][gc] GC(1292) Concurrent evacuation 1,393ms
[2021-04-30T09:23:42.868+0300][53,718s][info][gc] GC(1292) Pause Init Update Refs 0,005ms
[2021-04-30T09:23:42.882+0300][53,731s][info][gc] GC(1292) Concurrent update references 13,445ms
[2021-04-30T09:23:42.882+0300][53,731s][info][gc] GC(1292) Pause Final Update Refs 0,073ms
[2021-04-30T09:23:42.882+0300][53,732s][info][gc] GC(1292) Concurrent cleanup 126M->116M(128M) 0,044ms
[2021-04-30T09:23:42.883+0300][53,733s][info][gc] Trigger: Free (4433K) is below minimum threshold (13107K)
[2021-04-30T09:23:42.883+0300][53,733s][info][gc] GC(1293) Concurrent reset 0,130ms
[2021-04-30T09:23:42.884+0300][53,733s][info][gc] GC(1293) Pause Init Mark 0,206ms
[2021-04-30T09:23:42.901+0300][53,751s][info][gc] GC(1293) Concurrent marking 17,315ms
[2021-04-30T09:23:42.904+0300][53,753s][info][gc] GC(1293) Pause Final Mark 2,290ms
[2021-04-30T09:23:42.904+0300][53,753s][info][gc] GC(1293) Concurrent cleanup 118M->118M(128M) 0,057ms
[2021-04-30T09:23:42.906+0300][53,756s][info][gc] GC(1293) Concurrent evacuation 2,477ms
[2021-04-30T09:23:42.906+0300][53,756s][info][gc] GC(1293) Pause Init Update Refs 0,007ms
[2021-04-30T09:23:42.917+0300][53,767s][info][gc] GC(1293) Concurrent update references 10,813ms
[2021-04-30T09:23:42.918+0300][53,767s][info][gc] GC(1293) Pause Final Update Refs 0,119ms
[2021-04-30T09:23:42.918+0300][53,767s][info][gc] GC(1293) Concurrent cleanup 126M->119M(128M) 0,040ms
[2021-04-30T09:23:42.919+0300][53,768s][info][gc] Trigger: Free (2424K) is below minimum threshold (13107K)
[2021-04-30T09:23:42.919+0300][53,769s][info][gc] GC(1294) Concurrent reset 0,195ms
[2021-04-30T09:23:42.919+0300][53,769s][info][gc] GC(1294) Pause Init Mark 0,224ms
[2021-04-30T09:23:42.935+0300][53,784s][info][gc] GC(1294) Concurrent marking 15,451ms
[2021-04-30T09:23:42.939+0300][53,788s][info][gc] GC(1294) Pause Final Mark 3,720ms
[2021-04-30T09:23:42.941+0300][53,790s][info][gc] GC(1294) Concurrent cleanup 119M->119M(128M) 0,062ms
[2021-04-30T09:23:42.943+0300][53,792s][info][gc] GC(1294) Concurrent evacuation 2,170ms
[2021-04-30T09:23:42.943+0300][53,793s][info][gc] GC(1294) Pause Init Update Refs 0,015ms
[2021-04-30T09:23:42.953+0300][53,802s][info][gc] GC(1294) Concurrent update references 9,642ms
[2021-04-30T09:23:42.953+0300][53,802s][info][gc] GC(1294) Pause Final Update Refs 0,063ms
[2021-04-30T09:23:42.953+0300][53,803s][info][gc] GC(1294) Concurrent cleanup 125M->116M(128M) 0,045ms
[2021-04-30T09:23:42.954+0300][53,804s][info][gc] Trigger: Free (4504K) is below minimum threshold (13107K)
[2021-04-30T09:23:42.954+0300][53,804s][info][gc] GC(1295) Concurrent reset 0,130ms
[2021-04-30T09:23:42.955+0300][53,804s][info][gc] GC(1295) Pause Init Mark (process weakrefs) 0,204ms
[2021-04-30T09:23:42.970+0300][53,819s][info][gc] GC(1295) Concurrent marking (process weakrefs) 14,812ms
[2021-04-30T09:23:42.970+0300][53,819s][info][gc] GC(1295) Concurrent precleaning 0,076ms
[2021-04-30T09:23:42.971+0300][53,821s][info][gc] GC(1295) Pause Final Mark (process weakrefs) 1,261ms
[2021-04-30T09:23:42.971+0300][53,821s][info][gc] GC(1295) Concurrent cleanup 117M->117M(128M) 0,038ms
[2021-04-30T09:23:42.973+0300][53,822s][info][gc] GC(1295) Concurrent evacuation 1,311ms
[2021-04-30T09:23:42.973+0300][53,822s][info][gc] GC(1295) Pause Init Update Refs 0,005ms
[2021-04-30T09:23:42.988+0300][53,837s][info][gc] GC(1295) Concurrent update references 15,149ms
[2021-04-30T09:23:42.988+0300][53,838s][info][gc] GC(1295) Pause Final Update Refs 0,154ms
[2021-04-30T09:23:42.988+0300][53,838s][info][gc] GC(1295) Concurrent cleanup 126M->119M(128M) 0,041ms
[2021-04-30T09:23:42.989+0300][53,839s][info][gc] Trigger: Free (2069K) is below minimum threshold (13107K)
[2021-04-30T09:23:42.990+0300][53,839s][info][gc] GC(1296) Concurrent reset 0,136ms
[2021-04-30T09:23:42.990+0300][53,839s][info][gc] GC(1296) Pause Init Mark 0,218ms
[2021-04-30T09:23:43.011+0300][53,861s][info][gc] GC(1296) Concurrent marking 21,321ms
[2021-04-30T09:23:43.013+0300][53,862s][info][gc] GC(1296) Pause Final Mark 0,990ms
[2021-04-30T09:23:43.013+0300][53,862s][info][gc] GC(1296) Concurrent cleanup 120M->120M(128M) 0,039ms
[2021-04-30T09:23:43.014+0300][53,864s][info][gc] GC(1296) Concurrent evacuation 1,443ms
[2021-04-30T09:23:43.014+0300][53,864s][info][gc] GC(1296) Pause Init Update Refs 0,006ms
[2021-04-30T09:23:43.024+0300][53,874s][info][gc] GC(1296) Concurrent update references 10,076ms
[2021-04-30T09:23:43.025+0300][53,874s][info][gc] GC(1296) Pause Final Update Refs 0,130ms
[2021-04-30T09:23:43.025+0300][53,874s][info][gc] GC(1296) Concurrent cleanup 125M->116M(128M) 0,044ms
[2021-04-30T09:23:43.026+0300][53,876s][info][gc] Trigger: Free (4779K) is below minimum threshold (13107K)
[2021-04-30T09:23:43.026+0300][53,876s][info][gc] GC(1297) Concurrent reset 0,242ms
[2021-04-30T09:23:43.027+0300][53,876s][info][gc] GC(1297) Pause Init Mark 0,149ms
[2021-04-30T09:23:43.043+0300][53,892s][info][gc] GC(1297) Concurrent marking 16,167ms
[2021-04-30T09:23:43.044+0300][53,894s][info][gc] GC(1297) Pause Final Mark 1,075ms
[2021-04-30T09:23:43.044+0300][53,894s][info][gc] GC(1297) Concurrent cleanup 117M->117M(128M) 0,088ms
[2021-04-30T09:23:43.046+0300][53,895s][info][gc] GC(1297) Concurrent evacuation 1,609ms
[2021-04-30T09:23:43.046+0300][53,896s][info][gc] GC(1297) Pause Init Update Refs 0,005ms
[2021-04-30T09:23:43.055+0300][53,905s][info][gc] GC(1297) Concurrent update references 9,028ms
[2021-04-30T09:23:43.055+0300][53,905s][info][gc] GC(1297) Pause Final Update Refs 0,073ms
[2021-04-30T09:23:43.056+0300][53,905s][info][gc] GC(1297) Concurrent cleanup 124M->117M(128M) 0,040ms
[2021-04-30T09:23:43.057+0300][53,906s][info][gc] Trigger: Free (3512K) is below minimum threshold (13107K)
[2021-04-30T09:23:43.057+0300][53,907s][info][gc] GC(1298) Concurrent reset 0,397ms
[2021-04-30T09:23:43.058+0300][53,907s][info][gc] GC(1298) Pause Init Mark 0,245ms
[2021-04-30T09:23:43.074+0300][53,924s][info][gc] GC(1298) Concurrent marking 16,387ms
[2021-04-30T09:23:43.076+0300][53,925s][info][gc] GC(1298) Pause Final Mark 1,155ms
[2021-04-30T09:23:43.076+0300][53,925s][info][gc] GC(1298) Concurrent cleanup 118M->118M(128M) 0,044ms
[2021-04-30T09:23:43.077+0300][53,927s][info][gc] GC(1298) Concurrent evacuation 1,455ms
[2021-04-30T09:23:43.077+0300][53,927s][info][gc] GC(1298) Pause Init Update Refs 0,006ms
[2021-04-30T09:23:43.087+0300][53,936s][info][gc] GC(1298) Concurrent update references 9,441ms
[2021-04-30T09:23:43.087+0300][53,937s][info][gc] GC(1298) Pause Final Update Refs 0,072ms
[2021-04-30T09:23:43.087+0300][53,937s][info][gc] GC(1298) Concurrent cleanup 126M->118M(128M) 0,042ms
[2021-04-30T09:23:43.089+0300][53,938s][info][gc] Trigger: Free (2685K) is below minimum threshold (13107K)
[2021-04-30T09:23:43.089+0300][53,939s][info][gc] GC(1299) Concurrent reset 0,570ms
[2021-04-30T09:23:43.090+0300][53,939s][info][gc] GC(1299) Pause Init Mark (unload classes) 0,152ms
[2021-04-30T09:23:43.105+0300][53,954s][info][gc] GC(1299) Concurrent marking (unload classes) 14,969ms
[2021-04-30T09:23:43.109+0300][53,958s][info][gc] GC(1299) Pause Final Mark (unload classes) 3,693ms
[2021-04-30T09:23:43.109+0300][53,959s][info][gc] GC(1299) Concurrent cleanup 119M->119M(128M) 0,053ms
[2021-04-30T09:23:43.111+0300][53,960s][info][gc] GC(1299) Concurrent evacuation 1,655ms
[2021-04-30T09:23:43.111+0300][53,960s][info][gc] GC(1299) Pause Init Update Refs 0,007ms
[2021-04-30T09:23:43.121+0300][53,971s][info][gc] GC(1299) Concurrent update references 10,144ms
[2021-04-30T09:23:43.122+0300][53,971s][info][gc] GC(1299) Pause Final Update Refs 0,110ms
[2021-04-30T09:23:43.122+0300][53,971s][info][gc] GC(1299) Concurrent cleanup 126M->117M(128M) 0,056ms
[2021-04-30T09:23:43.123+0300][53,972s][info][gc] Trigger: Free (4238K) is below minimum threshold (13107K)
[2021-04-30T09:23:43.123+0300][53,973s][info][gc] GC(1300) Concurrent reset 0,125ms
[2021-04-30T09:23:43.124+0300][53,973s][info][gc] GC(1300) Pause Init Mark (process weakrefs) 0,287ms
[2021-04-30T09:23:43.139+0300][53,988s][info][gc] GC(1300) Concurrent marking (process weakrefs) 15,172ms
[2021-04-30T09:23:43.139+0300][53,989s][info][gc] GC(1300) Concurrent precleaning 0,123ms
[2021-04-30T09:23:43.140+0300][53,990s][info][gc] GC(1300) Pause Final Mark (process weakrefs) 1,100ms
[2021-04-30T09:23:43.141+0300][53,990s][info][gc] GC(1300) Concurrent cleanup 118M->118M(128M) 0,052ms
[2021-04-30T09:23:43.142+0300][53,991s][info][gc] GC(1300) Concurrent evacuation 1,276ms
[2021-04-30T09:23:43.142+0300][53,991s][info][gc] GC(1300) Pause Init Update Refs 0,004ms
[2021-04-30T09:23:43.157+0300][54,006s][info][gc] GC(1300) Concurrent update references 14,471ms
[2021-04-30T09:23:43.157+0300][54,006s][info][gc] GC(1300) Pause Final Update Refs 0,221ms
[2021-04-30T09:23:43.157+0300][54,007s][info][gc] GC(1300) Concurrent cleanup 125M->118M(128M) 0,047ms
[2021-04-30T09:23:43.158+0300][54,008s][info][gc] Trigger: Free (2217K) is below minimum threshold (13107K)
[2021-04-30T09:23:43.158+0300][54,008s][info][gc] GC(1301) Concurrent reset 0,204ms
[2021-04-30T09:23:43.159+0300][54,008s][info][gc] GC(1301) Pause Init Mark 0,287ms
[2021-04-30T09:23:43.173+0300][54,023s][info][gc] GC(1301) Concurrent marking 14,257ms
[2021-04-30T09:23:43.175+0300][54,024s][info][gc] GC(1301) Pause Final Mark 1,253ms
[2021-04-30T09:23:43.175+0300][54,024s][info][gc] GC(1301) Concurrent cleanup 119M->119M(128M) 0,039ms
[2021-04-30T09:23:43.176+0300][54,026s][info][gc] GC(1301) Concurrent evacuation 1,289ms
[2021-04-30T09:23:43.176+0300][54,026s][info][gc] GC(1301) Pause Init Update Refs 0,005ms
[2021-04-30T09:23:43.185+0300][54,034s][info][gc] GC(1301) Concurrent update references 8,603ms
[2021-04-30T09:23:43.186+0300][54,035s][info][gc] GC(1301) Pause Final Update Refs 0,219ms
[2021-04-30T09:23:43.186+0300][54,035s][info][gc] GC(1301) Concurrent cleanup 125M->115M(128M) 0,056ms
[2021-04-30T09:23:43.187+0300][54,036s][info][gc] Trigger: Free (5249K) is below minimum threshold (13107K)
[2021-04-30T09:23:43.187+0300][54,036s][info][gc] GC(1302) Concurrent reset 0,190ms
[2021-04-30T09:23:43.188+0300][54,037s][info][gc] GC(1302) Pause Init Mark 0,280ms
[2021-04-30T09:23:43.202+0300][54,052s][info][gc] GC(1302) Concurrent marking 14,459ms
[2021-04-30T09:23:43.204+0300][54,053s][info][gc] GC(1302) Pause Final Mark 1,299ms
[2021-04-30T09:23:43.204+0300][54,053s][info][gc] GC(1302) Concurrent cleanup 117M->117M(128M) 0,053ms
[2021-04-30T09:23:43.205+0300][54,055s][info][gc] GC(1302) Concurrent evacuation 1,458ms
[2021-04-30T09:23:43.206+0300][54,055s][info][gc] GC(1302) Pause Init Update Refs 0,021ms
[2021-04-30T09:23:43.214+0300][54,064s][info][gc] GC(1302) Concurrent update references 8,692ms
[2021-04-30T09:23:43.215+0300][54,064s][info][gc] GC(1302) Pause Final Update Refs 0,217ms
[2021-04-30T09:23:43.215+0300][54,064s][info][gc] GC(1302) Concurrent cleanup 124M->118M(128M) 0,055ms
[2021-04-30T09:23:43.216+0300][54,066s][info][gc] Trigger: Free (3428K) is below minimum threshold (13107K)
[2021-04-30T09:23:43.216+0300][54,066s][info][gc] GC(1303) Concurrent reset 0,260ms
[2021-04-30T09:23:43.217+0300][54,066s][info][gc] GC(1303) Pause Init Mark 0,273ms
[2021-04-30T09:23:43.231+0300][54,081s][info][gc] GC(1303) Concurrent marking 14,300ms
[2021-04-30T09:23:43.233+0300][54,082s][info][gc] GC(1303) Pause Final Mark 1,267ms
[2021-04-30T09:23:43.233+0300][54,082s][info][gc] GC(1303) Concurrent cleanup 118M->118M(128M) 0,038ms
[2021-04-30T09:23:43.234+0300][54,084s][info][gc] GC(1303) Concurrent evacuation 1,259ms
[2021-04-30T09:23:43.234+0300][54,084s][info][gc] GC(1303) Pause Init Update Refs 0,006ms
[2021-04-30T09:23:43.245+0300][54,094s][info][gc] GC(1303) Concurrent update references 10,479ms
[2021-04-30T09:23:43.245+0300][54,095s][info][gc] GC(1303) Pause Final Update Refs 0,197ms
[2021-04-30T09:23:43.246+0300][54,095s][info][gc] GC(1303) Concurrent cleanup 126M->118M(128M) 0,041ms
[2021-04-30T09:23:43.247+0300][54,096s][info][gc] Trigger: Free (3283K) is below minimum threshold (13107K)
[2021-04-30T09:23:43.247+0300][54,096s][info][gc] GC(1304) Concurrent reset 0,303ms
[2021-04-30T09:23:43.248+0300][54,097s][info][gc] GC(1304) Pause Init Mark 0,295ms
[2021-04-30T09:23:43.262+0300][54,112s][info][gc] GC(1304) Concurrent marking 14,577ms
[2021-04-30T09:23:43.263+0300][54,113s][info][gc] GC(1304) Pause Final Mark 0,907ms
[2021-04-30T09:23:43.263+0300][54,113s][info][gc] GC(1304) Concurrent cleanup 118M->118M(128M) 0,038ms
[2021-04-30T09:23:43.265+0300][54,114s][info][gc] GC(1304) Concurrent evacuation 1,211ms
[2021-04-30T09:23:43.265+0300][54,114s][info][gc] GC(1304) Pause Init Update Refs 0,005ms
[2021-04-30T09:23:43.273+0300][54,123s][info][gc] GC(1304) Concurrent update references 8,625ms
[2021-04-30T09:23:43.274+0300][54,123s][info][gc] GC(1304) Pause Final Update Refs 0,073ms
[2021-04-30T09:23:43.274+0300][54,123s][info][gc] GC(1304) Concurrent cleanup 125M->117M(128M) 0,056ms
[2021-04-30T09:23:43.275+0300][54,124s][info][gc] Trigger: Free (3539K) is below minimum threshold (13107K)
[2021-04-30T09:23:43.275+0300][54,125s][info][gc] GC(1305) Concurrent reset 0,217ms
[2021-04-30T09:23:43.276+0300][54,125s][info][gc] GC(1305) Pause Init Mark (process weakrefs) 0,136ms
[2021-04-30T09:23:43.290+0300][54,139s][info][gc] GC(1305) Concurrent marking (process weakrefs) 14,352ms
[2021-04-30T09:23:43.290+0300][54,140s][info][gc] GC(1305) Concurrent precleaning 0,131ms
[2021-04-30T09:23:43.291+0300][54,141s][info][gc] GC(1305) Pause Final Mark (process weakrefs) 1,060ms
[2021-04-30T09:23:43.291+0300][54,141s][info][gc] GC(1305) Concurrent cleanup 118M->118M(128M) 0,038ms
[2021-04-30T09:23:43.293+0300][54,142s][info][gc] GC(1305) Concurrent evacuation 1,277ms
[2021-04-30T09:23:43.293+0300][54,142s][info][gc] GC(1305) Pause Init Update Refs 0,004ms
[2021-04-30T09:23:43.303+0300][54,152s][info][gc] GC(1305) Concurrent update references 9,559ms
[2021-04-30T09:23:43.303+0300][54,152s][info][gc] GC(1305) Pause Final Update Refs 0,161ms
[2021-04-30T09:23:43.303+0300][54,152s][info][gc] GC(1305) Concurrent cleanup 126M->118M(128M) 0,043ms
[2021-04-30T09:23:43.304+0300][54,154s][info][gc] Trigger: Free (2273K) is below minimum threshold (13107K)
[2021-04-30T09:23:43.304+0300][54,154s][info][gc] GC(1306) Concurrent reset 0,124ms
[2021-04-30T09:23:43.304+0300][54,154s][info][gc] GC(1306) Pause Init Mark 0,140ms
[2021-04-30T09:23:43.326+0300][54,176s][info][gc] GC(1306) Concurrent marking 21,563ms
[2021-04-30T09:23:43.327+0300][54,177s][info][gc] GC(1306) Pause Final Mark 1,023ms
[2021-04-30T09:23:43.327+0300][54,177s][info][gc] GC(1306) Concurrent cleanup 120M->120M(128M) 0,038ms
[2021-04-30T09:23:43.329+0300][54,178s][info][gc] GC(1306) Concurrent evacuation 1,517ms
[2021-04-30T09:23:43.329+0300][54,179s][info][gc] GC(1306) Pause Init Update Refs 0,009ms
[2021-04-30T09:23:43.345+0300][54,194s][info][gc] GC(1306) Concurrent update references 15,486ms
[2021-04-30T09:23:43.345+0300][54,195s][info][gc] GC(1306) Pause Final Update Refs 0,081ms
[2021-04-30T09:23:43.345+0300][54,195s][info][gc] GC(1306) Concurrent cleanup 126M->117M(128M) 0,042ms
[2021-04-30T09:23:43.346+0300][54,196s][info][gc] Trigger: Free (4120K) is below minimum threshold (13107K)
[2021-04-30T09:23:43.347+0300][54,196s][info][gc] GC(1307) Concurrent reset 0,178ms
[2021-04-30T09:23:43.347+0300][54,197s][info][gc] GC(1307) Pause Init Mark 0,506ms
[2021-04-30T09:23:43.370+0300][54,219s][info][gc] GC(1307) Concurrent marking 22,104ms
[2021-04-30T09:23:43.371+0300][54,220s][info][gc] GC(1307) Pause Final Mark 1,092ms
[2021-04-30T09:23:43.371+0300][54,221s][info][gc] GC(1307) Concurrent cleanup 118M->118M(128M) 0,204ms
[2021-04-30T09:23:43.374+0300][54,223s][info][gc] GC(1307) Concurrent evacuation 2,532ms
[2021-04-30T09:23:43.374+0300][54,223s][info][gc] GC(1307) Pause Init Update Refs 0,006ms
[2021-04-30T09:23:43.389+0300][54,239s][info][gc] GC(1307) Concurrent update references 15,320ms
[2021-04-30T09:23:43.390+0300][54,239s][info][gc] GC(1307) Pause Final Update Refs 0,096ms
[2021-04-30T09:23:43.390+0300][54,239s][info][gc] GC(1307) Concurrent cleanup 125M->118M(128M) 0,041ms
[2021-04-30T09:23:43.391+0300][54,241s][info][gc] Trigger: Free (1631K) is below minimum threshold (13107K)
[2021-04-30T09:23:43.391+0300][54,241s][info][gc] GC(1308) Concurrent reset 0,203ms
[2021-04-30T09:23:43.392+0300][54,241s][info][gc] GC(1308) Pause Init Mark 0,165ms
[2021-04-30T09:23:43.408+0300][54,257s][info][gc] GC(1308) Concurrent marking 16,203ms
[2021-04-30T09:23:43.409+0300][54,259s][info][gc] GC(1308) Pause Final Mark 1,020ms
[2021-04-30T09:23:43.409+0300][54,259s][info][gc] GC(1308) Concurrent cleanup 120M->120M(128M) 0,041ms
[2021-04-30T09:23:43.411+0300][54,260s][info][gc] GC(1308) Concurrent evacuation 1,392ms
[2021-04-30T09:23:43.411+0300][54,260s][info][gc] GC(1308) Pause Init Update Refs 0,006ms
[2021-04-30T09:23:43.420+0300][54,269s][info][gc] GC(1308) Concurrent update references 8,998ms
[2021-04-30T09:23:43.420+0300][54,270s][info][gc] GC(1308) Pause Final Update Refs 0,087ms
[2021-04-30T09:23:43.420+0300][54,270s][info][gc] GC(1308) Concurrent cleanup 126M->117M(128M) 0,051ms
[2021-04-30T09:23:43.421+0300][54,271s][info][gc] Trigger: Free (4146K) is below minimum threshold (13107K)
[2021-04-30T09:23:43.422+0300][54,271s][info][gc] GC(1309) Concurrent reset 0,213ms
[2021-04-30T09:23:43.422+0300][54,271s][info][gc] GC(1309) Pause Init Mark 0,178ms
[2021-04-30T09:23:43.437+0300][54,287s][info][gc] GC(1309) Concurrent marking 15,211ms
[2021-04-30T09:23:43.439+0300][54,288s][info][gc] GC(1309) Pause Final Mark 1,126ms
[2021-04-30T09:23:43.439+0300][54,288s][info][gc] GC(1309) Concurrent cleanup 118M->118M(128M) 0,041ms
[2021-04-30T09:23:43.440+0300][54,290s][info][gc] GC(1309) Concurrent evacuation 1,557ms
[2021-04-30T09:23:43.441+0300][54,290s][info][gc] GC(1309) Pause Init Update Refs 0,006ms
[2021-04-30T09:23:43.452+0300][54,301s][info][gc] GC(1309) Concurrent update references 10,791ms
[2021-04-30T09:23:43.452+0300][54,301s][info][gc] GC(1309) Pause Final Update Refs 0,069ms
[2021-04-30T09:23:43.452+0300][54,301s][info][gc] GC(1309) Concurrent cleanup 125M->118M(128M) 0,043ms
[2021-04-30T09:23:43.453+0300][54,303s][info][gc] Trigger: Free (1709K) is below minimum threshold (13107K)
[2021-04-30T09:23:43.453+0300][54,303s][info][gc] GC(1310) Concurrent reset 0,210ms
[2021-04-30T09:23:43.454+0300][54,303s][info][gc] GC(1310) Pause Init Mark (process weakrefs) 0,144ms
[2021-04-30T09:23:43.469+0300][54,318s][info][gc] GC(1310) Concurrent marking (process weakrefs) 14,849ms
[2021-04-30T09:23:43.469+0300][54,318s][info][gc] GC(1310) Concurrent precleaning 0,104ms
[2021-04-30T09:23:43.470+0300][54,319s][info][gc] GC(1310) Pause Final Mark (process weakrefs) 1,018ms
[2021-04-30T09:23:43.470+0300][54,320s][info][gc] GC(1310) Concurrent cleanup 120M->120M(128M) 0,044ms
[2021-04-30T09:23:43.472+0300][54,321s][info][gc] GC(1310) Concurrent evacuation 1,571ms
[2021-04-30T09:23:43.472+0300][54,321s][info][gc] GC(1310) Pause Init Update Refs 0,005ms
[2021-04-30T09:23:43.481+0300][54,330s][info][gc] GC(1310) Concurrent update references 8,992ms
[2021-04-30T09:23:43.481+0300][54,331s][info][gc] GC(1310) Pause Final Update Refs 0,059ms
[2021-04-30T09:23:43.481+0300][54,331s][info][gc] GC(1310) Concurrent cleanup 127M->117M(128M) 0,042ms
[2021-04-30T09:23:43.482+0300][54,332s][info][gc] Trigger: Free (3883K) is below minimum threshold (13107K)
[2021-04-30T09:23:43.483+0300][54,332s][info][gc] GC(1311) Concurrent reset 0,145ms
[2021-04-30T09:23:43.483+0300][54,332s][info][gc] GC(1311) Pause Init Mark 0,138ms
[2021-04-30T09:23:43.499+0300][54,348s][info][gc] GC(1311) Concurrent marking 15,604ms
[2021-04-30T09:23:43.500+0300][54,349s][info][gc] GC(1311) Pause Final Mark 1,035ms
[2021-04-30T09:23:43.500+0300][54,349s][info][gc] GC(1311) Concurrent cleanup 118M->118M(128M) 0,080ms
[2021-04-30T09:23:43.502+0300][54,351s][info][gc] GC(1311) Concurrent evacuation 2,070ms
[2021-04-30T09:23:43.502+0300][54,352s][info][gc] GC(1311) Pause Init Update Refs 0,006ms
[2021-04-30T09:23:43.512+0300][54,361s][info][gc] GC(1311) Concurrent update references 9,532ms
[2021-04-30T09:23:43.512+0300][54,362s][info][gc] GC(1311) Pause Final Update Refs 0,110ms
[2021-04-30T09:23:43.512+0300][54,362s][info][gc] GC(1311) Concurrent cleanup 125M->118M(128M) 0,050ms
[2021-04-30T09:23:43.513+0300][54,363s][info][gc] Trigger: Free (2582K) is below minimum threshold (13107K)
[2021-04-30T09:23:43.514+0300][54,363s][info][gc] GC(1312) Concurrent reset 0,136ms
[2021-04-30T09:23:43.514+0300][54,363s][info][gc] GC(1312) Pause Init Mark 0,163ms
[2021-04-30T09:23:43.529+0300][54,379s][info][gc] GC(1312) Concurrent marking 15,405ms
[2021-04-30T09:23:43.530+0300][54,380s][info][gc] GC(1312) Pause Final Mark 0,970ms
[2021-04-30T09:23:43.530+0300][54,380s][info][gc] GC(1312) Concurrent cleanup 119M->119M(128M) 0,040ms
[2021-04-30T09:23:43.532+0300][54,382s][info][gc] GC(1312) Concurrent evacuation 1,581ms
[2021-04-30T09:23:43.532+0300][54,382s][info][gc] GC(1312) Pause Init Update Refs 0,006ms
[2021-04-30T09:23:43.542+0300][54,391s][info][gc] GC(1312) Concurrent update references 9,615ms
[2021-04-30T09:23:43.542+0300][54,392s][info][gc] GC(1312) Pause Final Update Refs 0,104ms
[2021-04-30T09:23:43.542+0300][54,392s][info][gc] GC(1312) Concurrent cleanup 127M->118M(128M) 0,046ms
[2021-04-30T09:23:43.543+0300][54,393s][info][gc] Trigger: Free (2876K) is below minimum threshold (13107K)
[2021-04-30T09:23:43.544+0300][54,393s][info][gc] GC(1313) Concurrent reset 0,124ms
[2021-04-30T09:23:43.544+0300][54,393s][info][gc] GC(1313) Pause Init Mark 0,182ms
[2021-04-30T09:23:43.560+0300][54,409s][info][gc] GC(1313) Concurrent marking 16,015ms
[2021-04-30T09:23:43.561+0300][54,411s][info][gc] GC(1313) Pause Final Mark 1,121ms
[2021-04-30T09:23:43.561+0300][54,411s][info][gc] GC(1313) Concurrent cleanup 119M->119M(128M) 0,044ms
[2021-04-30T09:23:43.563+0300][54,412s][info][gc] GC(1313) Concurrent evacuation 1,598ms
[2021-04-30T09:23:43.563+0300][54,413s][info][gc] GC(1313) Pause Init Update Refs 0,006ms
[2021-04-30T09:23:43.573+0300][54,423s][info][gc] GC(1313) Concurrent update references 10,121ms
[2021-04-30T09:23:43.574+0300][54,423s][info][gc] GC(1313) Pause Final Update Refs 0,071ms
[2021-04-30T09:23:43.574+0300][54,423s][info][gc] GC(1313) Concurrent cleanup 126M->118M(128M) 0,040ms
[2021-04-30T09:23:43.575+0300][54,424s][info][gc] Trigger: Free (2755K) is below minimum threshold (13107K)
[2021-04-30T09:23:43.575+0300][54,425s][info][gc] GC(1314) Concurrent reset 0,152ms
[2021-04-30T09:23:43.576+0300][54,425s][info][gc] GC(1314) Pause Init Mark 0,377ms
[2021-04-30T09:23:43.594+0300][54,443s][info][gc] GC(1314) Concurrent marking 17,827ms
[2021-04-30T09:23:43.595+0300][54,444s][info][gc] GC(1314) Pause Final Mark 1,149ms
[2021-04-30T09:23:43.595+0300][54,445s][info][gc] GC(1314) Concurrent cleanup 119M->119M(128M) 0,037ms
[2021-04-30T09:23:43.596+0300][54,446s][info][gc] GC(1314) Concurrent evacuation 1,283ms
[2021-04-30T09:23:43.597+0300][54,446s][info][gc] GC(1314) Pause Init Update Refs 0,005ms
[2021-04-30T09:23:43.609+0300][54,458s][info][gc] GC(1314) Concurrent update references 12,344ms
[2021-04-30T09:23:43.609+0300][54,459s][info][gc] GC(1314) Pause Final Update Refs 0,101ms
[2021-04-30T09:23:43.609+0300][54,459s][info][gc] GC(1314) Concurrent cleanup 126M->118M(128M) 0,042ms
[2021-04-30T09:23:43.610+0300][54,460s][info][gc] Trigger: Free (3302K) is below minimum threshold (13107K)
[2021-04-30T09:23:43.611+0300][54,460s][info][gc] GC(1315) Concurrent reset 0,162ms
[2021-04-30T09:23:43.611+0300][54,460s][info][gc] GC(1315) Pause Init Mark (process weakrefs) 0,153ms
[2021-04-30T09:23:43.628+0300][54,478s][info][gc] GC(1315) Concurrent marking (process weakrefs) 17,393ms
[2021-04-30T09:23:43.629+0300][54,478s][info][gc] GC(1315) Concurrent precleaning 0,152ms
[2021-04-30T09:23:43.630+0300][54,479s][info][gc] GC(1315) Pause Final Mark (process weakrefs) 1,152ms
[2021-04-30T09:23:43.630+0300][54,479s][info][gc] GC(1315) Concurrent cleanup 118M->118M(128M) 0,038ms
[2021-04-30T09:23:43.631+0300][54,481s][info][gc] GC(1315) Concurrent evacuation 1,320ms
[2021-04-30T09:23:43.632+0300][54,481s][info][gc] GC(1315) Pause Init Update Refs 0,006ms
[2021-04-30T09:23:43.647+0300][54,496s][info][gc] GC(1315) Concurrent update references 15,102ms
[2021-04-30T09:23:43.647+0300][54,496s][info][gc] GC(1315) Pause Final Update Refs 0,066ms
[2021-04-30T09:23:43.647+0300][54,497s][info][gc] GC(1315) Concurrent cleanup 126M->118M(128M) 0,047ms
[2021-04-30T09:23:43.648+0300][54,498s][info][gc] Trigger: Free (2704K) is below minimum threshold (13107K)
[2021-04-30T09:23:43.648+0300][54,498s][info][gc] GC(1316) Concurrent reset 0,170ms
[2021-04-30T09:23:43.649+0300][54,498s][info][gc] GC(1316) Pause Init Mark 0,142ms
[2021-04-30T09:23:43.663+0300][54,513s][info][gc] GC(1316) Concurrent marking 14,672ms
[2021-04-30T09:23:43.664+0300][54,514s][info][gc] GC(1316) Pause Final Mark 0,896ms
[2021-04-30T09:23:43.665+0300][54,514s][info][gc] GC(1316) Concurrent cleanup 119M->119M(128M) 0,037ms
[2021-04-30T09:23:43.666+0300][54,515s][info][gc] GC(1316) Concurrent evacuation 1,292ms
[2021-04-30T09:23:43.666+0300][54,515s][info][gc] GC(1316) Pause Init Update Refs 0,003ms
[2021-04-30T09:23:43.675+0300][54,524s][info][gc] GC(1316) Concurrent update references 8,659ms
[2021-04-30T09:23:43.675+0300][54,524s][info][gc] GC(1316) Pause Final Update Refs 0,092ms
[2021-04-30T09:23:43.675+0300][54,525s][info][gc] GC(1316) Concurrent cleanup 126M->118M(128M) 0,043ms
[2021-04-30T09:23:43.676+0300][54,526s][info][gc] Trigger: Free (2705K) is below minimum threshold (13107K)
[2021-04-30T09:23:43.677+0300][54,526s][info][gc] GC(1317) Concurrent reset 0,247ms
[2021-04-30T09:23:43.677+0300][54,526s][info][gc] GC(1317) Pause Init Mark 0,157ms
[2021-04-30T09:23:43.691+0300][54,540s][info][gc] GC(1317) Concurrent marking 14,016ms
[2021-04-30T09:23:43.692+0300][54,542s][info][gc] GC(1317) Pause Final Mark 1,222ms
[2021-04-30T09:23:43.693+0300][54,542s][info][gc] GC(1317) Concurrent cleanup 119M->119M(128M) 0,039ms
[2021-04-30T09:23:43.694+0300][54,543s][info][gc] GC(1317) Concurrent evacuation 1,323ms
[2021-04-30T09:23:43.694+0300][54,543s][info][gc] GC(1317) Pause Init Update Refs 0,005ms
[2021-04-30T09:23:43.703+0300][54,552s][info][gc] GC(1317) Concurrent update references 8,765ms
[2021-04-30T09:23:43.703+0300][54,553s][info][gc] GC(1317) Pause Final Update Refs 0,133ms
[2021-04-30T09:23:43.703+0300][54,553s][info][gc] GC(1317) Concurrent cleanup 126M->117M(128M) 0,052ms
[2021-04-30T09:23:43.704+0300][54,554s][info][gc] Trigger: Free (3017K) is below minimum threshold (13107K)
[2021-04-30T09:23:43.705+0300][54,554s][info][gc] GC(1318) Concurrent reset 0,155ms
[2021-04-30T09:23:43.705+0300][54,554s][info][gc] GC(1318) Pause Init Mark 0,172ms
[2021-04-30T09:23:43.719+0300][54,569s][info][gc] GC(1318) Concurrent marking 14,016ms
[2021-04-30T09:23:43.721+0300][54,570s][info][gc] GC(1318) Pause Final Mark 1,499ms
[2021-04-30T09:23:43.721+0300][54,570s][info][gc] GC(1318) Concurrent cleanup 119M->119M(128M) 0,038ms
[2021-04-30T09:23:43.722+0300][54,571s][info][gc] GC(1318) Concurrent evacuation 1,152ms
[2021-04-30T09:23:43.722+0300][54,572s][info][gc] GC(1318) Pause Init Update Refs 0,004ms
[2021-04-30T09:23:43.737+0300][54,586s][info][gc] GC(1318) Concurrent update references 14,267ms
[2021-04-30T09:23:43.737+0300][54,586s][info][gc] GC(1318) Pause Final Update Refs 0,201ms
[2021-04-30T09:23:43.737+0300][54,586s][info][gc] GC(1318) Concurrent cleanup 126M->118M(128M) 0,041ms
[2021-04-30T09:23:43.738+0300][54,588s][info][gc] Trigger: Free (2771K) is below minimum threshold (13107K)
[2021-04-30T09:23:43.738+0300][54,588s][info][gc] GC(1319) Concurrent reset 0,226ms
[2021-04-30T09:23:43.739+0300][54,588s][info][gc] GC(1319) Pause Init Mark 0,280ms
[2021-04-30T09:23:43.753+0300][54,602s][info][gc] GC(1319) Concurrent marking 13,784ms
[2021-04-30T09:23:43.754+0300][54,603s][info][gc] GC(1319) Pause Final Mark 1,117ms
[2021-04-30T09:23:43.754+0300][54,603s][info][gc] GC(1319) Concurrent cleanup 119M->119M(128M) 0,039ms
[2021-04-30T09:23:43.755+0300][54,605s][info][gc] GC(1319) Concurrent evacuation 1,336ms
[2021-04-30T09:23:43.756+0300][54,605s][info][gc] GC(1319) Pause Init Update Refs 0,005ms
[2021-04-30T09:23:43.764+0300][54,614s][info][gc] GC(1319) Concurrent update references 8,723ms
[2021-04-30T09:23:43.765+0300][54,614s][info][gc] GC(1319) Pause Final Update Refs 0,199ms
[2021-04-30T09:23:43.765+0300][54,614s][info][gc] GC(1319) Concurrent cleanup 126M->118M(128M) 0,055ms
[2021-04-30T09:23:43.766+0300][54,615s][info][gc] Trigger: Free (2703K) is below minimum threshold (13107K)
[2021-04-30T09:23:43.766+0300][54,616s][info][gc] GC(1320) Concurrent reset 0,172ms
[2021-04-30T09:23:43.767+0300][54,616s][info][gc] GC(1320) Pause Init Mark (process weakrefs) 0,216ms
[2021-04-30T09:23:43.782+0300][54,631s][info][gc] GC(1320) Concurrent marking (process weakrefs) 15,028ms
[2021-04-30T09:23:43.782+0300][54,631s][info][gc] GC(1320) Concurrent precleaning 0,171ms
[2021-04-30T09:23:43.783+0300][54,633s][info][gc] GC(1320) Pause Final Mark (process weakrefs) 1,379ms
[2021-04-30T09:23:43.783+0300][54,633s][info][gc] GC(1320) Concurrent cleanup 119M->119M(128M) 0,038ms
[2021-04-30T09:23:43.785+0300][54,634s][info][gc] GC(1320) Concurrent evacuation 1,316ms
[2021-04-30T09:23:43.785+0300][54,634s][info][gc] GC(1320) Pause Init Update Refs 0,005ms
[2021-04-30T09:23:43.796+0300][54,645s][info][gc] GC(1320) Concurrent update references 10,867ms
[2021-04-30T09:23:43.796+0300][54,646s][info][gc] GC(1320) Pause Final Update Refs 0,079ms
[2021-04-30T09:23:43.796+0300][54,646s][info][gc] GC(1320) Concurrent cleanup 125M->117M(128M) 0,040ms
[2021-04-30T09:23:43.797+0300][54,647s][info][gc] Trigger: Free (2855K) is below minimum threshold (13107K)
[2021-04-30T09:23:43.798+0300][54,647s][info][gc] GC(1321) Concurrent reset 0,122ms
[2021-04-30T09:23:43.798+0300][54,647s][info][gc] GC(1321) Pause Init Mark 0,141ms
[2021-04-30T09:23:43.814+0300][54,663s][info][gc] GC(1321) Concurrent marking 15,495ms
[2021-04-30T09:23:43.815+0300][54,664s][info][gc] GC(1321) Pause Final Mark 0,913ms
[2021-04-30T09:23:43.815+0300][54,664s][info][gc] GC(1321) Concurrent cleanup 119M->119M(128M) 0,038ms
[2021-04-30T09:23:43.816+0300][54,666s][info][gc] GC(1321) Concurrent evacuation 1,368ms
[2021-04-30T09:23:43.816+0300][54,666s][info][gc] GC(1321) Pause Init Update Refs 0,007ms
[2021-04-30T09:23:43.826+0300][54,675s][info][gc] GC(1321) Concurrent update references 9,456ms
[2021-04-30T09:23:43.826+0300][54,676s][info][gc] GC(1321) Pause Final Update Refs 0,077ms
[2021-04-30T09:23:43.826+0300][54,676s][info][gc] GC(1321) Concurrent cleanup 126M->118M(128M) 0,039ms
[2021-04-30T09:23:43.827+0300][54,677s][info][gc] Trigger: Free (2771K) is below minimum threshold (13107K)
[2021-04-30T09:23:43.828+0300][54,677s][info][gc] GC(1322) Concurrent reset 0,388ms
[2021-04-30T09:23:43.828+0300][54,678s][info][gc] GC(1322) Pause Init Mark 0,216ms
[2021-04-30T09:23:43.844+0300][54,694s][info][gc] GC(1322) Concurrent marking 15,625ms
[2021-04-30T09:23:43.846+0300][54,695s][info][gc] GC(1322) Pause Final Mark 1,384ms
[2021-04-30T09:23:43.846+0300][54,695s][info][gc] GC(1322) Concurrent cleanup 119M->119M(128M) 0,112ms
[2021-04-30T09:23:43.847+0300][54,697s][info][gc] GC(1322) Concurrent evacuation 1,466ms
[2021-04-30T09:23:43.848+0300][54,697s][info][gc] GC(1322) Pause Init Update Refs 0,006ms
[2021-04-30T09:23:43.863+0300][54,712s][info][gc] GC(1322) Concurrent update references 15,000ms
[2021-04-30T09:23:43.863+0300][54,712s][info][gc] GC(1322) Pause Final Update Refs 0,131ms
[2021-04-30T09:23:43.863+0300][54,712s][info][gc] GC(1322) Concurrent cleanup 126M->118M(128M) 0,041ms
[2021-04-30T09:23:43.864+0300][54,714s][info][gc] Trigger: Free (2850K) is below minimum threshold (13107K)
[2021-04-30T09:23:43.864+0300][54,714s][info][gc] GC(1323) Concurrent reset 0,232ms
[2021-04-30T09:23:43.865+0300][54,715s][info][gc] GC(1323) Pause Init Mark 0,407ms
[2021-04-30T09:23:43.881+0300][54,731s][info][gc] GC(1323) Concurrent marking 15,865ms
[2021-04-30T09:23:43.883+0300][54,732s][info][gc] GC(1323) Pause Final Mark 1,253ms
[2021-04-30T09:23:43.883+0300][54,732s][info][gc] GC(1323) Concurrent cleanup 119M->119M(128M) 0,041ms
[2021-04-30T09:23:43.884+0300][54,734s][info][gc] GC(1323) Concurrent evacuation 1,325ms
[2021-04-30T09:23:43.884+0300][54,734s][info][gc] GC(1323) Pause Init Update Refs 0,006ms
[2021-04-30T09:23:43.896+0300][54,745s][info][gc] GC(1323) Concurrent update references 11,200ms
[2021-04-30T09:23:43.896+0300][54,746s][info][gc] GC(1323) Pause Final Update Refs 0,073ms
[2021-04-30T09:23:43.896+0300][54,746s][info][gc] GC(1323) Concurrent cleanup 125M->117M(128M) 0,043ms
[2021-04-30T09:23:43.897+0300][54,747s][info][gc] Trigger: Free (3134K) is below minimum threshold (13107K)
[2021-04-30T09:23:43.898+0300][54,747s][info][gc] GC(1324) Concurrent reset 0,158ms
[2021-04-30T09:23:43.898+0300][54,747s][info][gc] GC(1324) Pause Init Mark 0,160ms
[2021-04-30T09:23:43.914+0300][54,763s][info][gc] GC(1324) Concurrent marking 16,073ms
[2021-04-30T09:23:43.915+0300][54,764s][info][gc] GC(1324) Pause Final Mark 0,909ms
[2021-04-30T09:23:43.915+0300][54,765s][info][gc] GC(1324) Concurrent cleanup 119M->119M(128M) 0,038ms
[2021-04-30T09:23:43.916+0300][54,766s][info][gc] GC(1324) Concurrent evacuation 1,393ms
[2021-04-30T09:23:43.917+0300][54,766s][info][gc] GC(1324) Pause Init Update Refs 0,021ms
[2021-04-30T09:23:43.926+0300][54,775s][info][gc] GC(1324) Concurrent update references 9,035ms
[2021-04-30T09:23:43.926+0300][54,776s][info][gc] GC(1324) Pause Final Update Refs 0,084ms
[2021-04-30T09:23:43.926+0300][54,776s][info][gc] GC(1324) Concurrent cleanup 126M->119M(128M) 0,072ms
[2021-04-30T09:23:43.927+0300][54,777s][info][gc] Trigger: Free (2223K) is below minimum threshold (13107K)
[2021-04-30T09:23:43.928+0300][54,777s][info][gc] GC(1325) Concurrent reset 0,163ms
[2021-04-30T09:23:43.928+0300][54,777s][info][gc] GC(1325) Pause Init Mark (process weakrefs) 0,137ms
[2021-04-30T09:23:43.945+0300][54,794s][info][gc] GC(1325) Concurrent marking (process weakrefs) 17,112ms
[2021-04-30T09:23:43.945+0300][54,795s][info][gc] GC(1325) Concurrent precleaning 0,157ms
[2021-04-30T09:23:43.947+0300][54,796s][info][gc] GC(1325) Pause Final Mark (process weakrefs) 1,067ms
[2021-04-30T09:23:43.947+0300][54,796s][info][gc] GC(1325) Concurrent cleanup 120M->120M(128M) 0,038ms
[2021-04-30T09:23:43.948+0300][54,798s][info][gc] GC(1325) Concurrent evacuation 1,451ms
[2021-04-30T09:23:43.948+0300][54,798s][info][gc] GC(1325) Pause Init Update Refs 0,006ms
[2021-04-30T09:23:43.958+0300][54,807s][info][gc] GC(1325) Concurrent update references 9,244ms
[2021-04-30T09:23:43.958+0300][54,808s][info][gc] GC(1325) Pause Final Update Refs 0,148ms
[2021-04-30T09:23:43.958+0300][54,808s][info][gc] GC(1325) Concurrent cleanup 126M->118M(128M) 0,042ms
[2021-04-30T09:23:43.959+0300][54,809s][info][gc] Trigger: Free (2983K) is below minimum threshold (13107K)
[2021-04-30T09:23:43.960+0300][54,809s][info][gc] GC(1326) Concurrent reset 0,254ms
[2021-04-30T09:23:43.960+0300][54,810s][info][gc] GC(1326) Pause Init Mark 0,267ms
[2021-04-30T09:23:43.974+0300][54,824s][info][gc] GC(1326) Concurrent marking 14,187ms
[2021-04-30T09:23:43.976+0300][54,825s][info][gc] GC(1326) Pause Final Mark 1,217ms
[2021-04-30T09:23:43.976+0300][54,825s][info][gc] GC(1326) Concurrent cleanup 119M->119M(128M) 0,038ms
[2021-04-30T09:23:43.977+0300][54,827s][info][gc] GC(1326) Concurrent evacuation 1,322ms
[2021-04-30T09:23:43.977+0300][54,827s][info][gc] GC(1326) Pause Init Update Refs 0,020ms
[2021-04-30T09:23:43.987+0300][54,837s][info][gc] GC(1326) Concurrent update references 9,688ms
[2021-04-30T09:23:43.988+0300][54,837s][info][gc] GC(1326) Pause Final Update Refs 0,143ms
[2021-04-30T09:23:43.988+0300][54,837s][info][gc] GC(1326) Concurrent cleanup 125M->118M(128M) 0,051ms
[2021-04-30T09:23:43.989+0300][54,838s][info][gc] Trigger: Free (2573K) is below minimum threshold (13107K)
[2021-04-30T09:23:43.989+0300][54,839s][info][gc] GC(1327) Concurrent reset 0,138ms
[2021-04-30T09:23:43.989+0300][54,839s][info][gc] GC(1327) Pause Init Mark 0,181ms
[2021-04-30T09:23:44.010+0300][54,859s][info][gc] GC(1327) Concurrent marking 20,443ms
[2021-04-30T09:23:44.011+0300][54,860s][info][gc] GC(1327) Pause Final Mark 0,880ms
[2021-04-30T09:23:44.011+0300][54,860s][info][gc] GC(1327) Concurrent cleanup 119M->119M(128M) 0,036ms
[2021-04-30T09:23:44.012+0300][54,862s][info][gc] GC(1327) Concurrent evacuation 1,312ms
[2021-04-30T09:23:44.012+0300][54,862s][info][gc] GC(1327) Pause Init Update Refs 0,022ms
[2021-04-30T09:23:44.023+0300][54,872s][info][gc] GC(1327) Concurrent update references 10,080ms
[2021-04-30T09:23:44.023+0300][54,872s][info][gc] GC(1327) Pause Final Update Refs 0,083ms
[2021-04-30T09:23:44.023+0300][54,873s][info][gc] GC(1327) Concurrent cleanup 125M->117M(128M) 0,071ms
[2021-04-30T09:23:44.024+0300][54,874s][info][gc] Trigger: Free (3797K) is below minimum threshold (13107K)
[2021-04-30T09:23:44.024+0300][54,874s][info][gc] GC(1328) Concurrent reset 0,135ms
[2021-04-30T09:23:44.025+0300][54,874s][info][gc] GC(1328) Pause Init Mark 0,142ms
[2021-04-30T09:23:44.041+0300][54,891s][info][gc] GC(1328) Concurrent marking 16,222ms
[2021-04-30T09:23:44.042+0300][54,892s][info][gc] GC(1328) Pause Final Mark 1,206ms
[2021-04-30T09:23:44.043+0300][54,892s][info][gc] GC(1328) Concurrent cleanup 118M->118M(128M) 0,060ms
[2021-04-30T09:23:44.044+0300][54,894s][info][gc] GC(1328) Concurrent evacuation 1,479ms
[2021-04-30T09:23:44.045+0300][54,894s][info][gc] GC(1328) Pause Init Update Refs 0,006ms
[2021-04-30T09:23:44.060+0300][54,909s][info][gc] GC(1328) Concurrent update references 15,256ms
[2021-04-30T09:23:44.060+0300][54,910s][info][gc] GC(1328) Pause Final Update Refs 0,084ms
[2021-04-30T09:23:44.060+0300][54,910s][info][gc] GC(1328) Concurrent cleanup 126M->119M(128M) 0,039ms
[2021-04-30T09:23:44.061+0300][54,911s][info][gc] Trigger: Free (1553K) is below minimum threshold (13107K)
[2021-04-30T09:23:44.062+0300][54,911s][info][gc] GC(1329) Concurrent reset 0,184ms
[2021-04-30T09:23:44.062+0300][54,911s][info][gc] GC(1329) Pause Init Mark 0,182ms
[2021-04-30T09:23:44.078+0300][54,927s][info][gc] GC(1329) Concurrent marking 15,725ms
[2021-04-30T09:23:44.079+0300][54,929s][info][gc] GC(1329) Pause Final Mark 1,446ms
[2021-04-30T09:23:44.079+0300][54,929s][info][gc] GC(1329) Concurrent cleanup 120M->120M(128M) 0,089ms
[2021-04-30T09:23:44.081+0300][54,930s][info][gc] GC(1329) Concurrent evacuation 1,318ms
[2021-04-30T09:23:44.081+0300][54,930s][info][gc] GC(1329) Pause Init Update Refs 0,005ms
[2021-04-30T09:23:44.096+0300][54,946s][info][gc] GC(1329) Concurrent update references 15,255ms
[2021-04-30T09:23:44.097+0300][54,946s][info][gc] GC(1329) Pause Final Update Refs 0,083ms
[2021-04-30T09:23:44.097+0300][54,946s][info][gc] GC(1329) Concurrent cleanup 126M->117M(128M) 0,042ms
[2021-04-30T09:23:44.098+0300][54,947s][info][gc] Trigger: Free (2915K) is below minimum threshold (13107K)
[2021-04-30T09:23:44.098+0300][54,947s][info][gc] GC(1330) Concurrent reset 0,182ms
[2021-04-30T09:23:44.098+0300][54,948s][info][gc] GC(1330) Pause Init Mark (process weakrefs) 0,382ms
[2021-04-30T09:23:44.121+0300][54,970s][info][gc] GC(1330) Concurrent marking (process weakrefs) 22,107ms
[2021-04-30T09:23:44.121+0300][54,970s][info][gc] GC(1330) Concurrent precleaning 0,123ms
[2021-04-30T09:23:44.122+0300][54,971s][info][gc] GC(1330) Pause Final Mark (process weakrefs) 1,000ms
[2021-04-30T09:23:44.122+0300][54,971s][info][gc] GC(1330) Concurrent cleanup 119M->119M(128M) 0,038ms
[2021-04-30T09:23:44.124+0300][54,973s][info][gc] GC(1330) Concurrent evacuation 1,689ms
[2021-04-30T09:23:44.124+0300][54,973s][info][gc] GC(1330) Pause Init Update Refs 0,007ms
[2021-04-30T09:23:44.133+0300][54,982s][info][gc] GC(1330) Concurrent update references 8,603ms
[2021-04-30T09:23:44.133+0300][54,982s][info][gc] GC(1330) Pause Final Update Refs 0,077ms
[2021-04-30T09:23:44.133+0300][54,982s][info][gc] GC(1330) Concurrent cleanup 125M->118M(128M) 0,044ms
[2021-04-30T09:23:44.134+0300][54,984s][info][gc] Trigger: Free (2801K) is below minimum threshold (13107K)
[2021-04-30T09:23:44.134+0300][54,984s][info][gc] GC(1331) Concurrent reset 0,128ms
[2021-04-30T09:23:44.135+0300][54,984s][info][gc] GC(1331) Pause Init Mark 0,144ms
[2021-04-30T09:23:44.149+0300][54,998s][info][gc] GC(1331) Concurrent marking 14,365ms
[2021-04-30T09:23:44.150+0300][55,000s][info][gc] GC(1331) Pause Final Mark 0,909ms
[2021-04-30T09:23:44.150+0300][55,000s][info][gc] GC(1331) Concurrent cleanup 119M->119M(128M) 0,038ms
[2021-04-30T09:23:44.151+0300][55,001s][info][gc] GC(1331) Concurrent evacuation 1,301ms
[2021-04-30T09:23:44.152+0300][55,001s][info][gc] GC(1331) Pause Init Update Refs 0,005ms
[2021-04-30T09:23:44.160+0300][55,010s][info][gc] GC(1331) Concurrent update references 8,778ms
[2021-04-30T09:23:44.161+0300][55,010s][info][gc] GC(1331) Pause Final Update Refs 0,090ms
[2021-04-30T09:23:44.161+0300][55,010s][info][gc] GC(1331) Concurrent cleanup 126M->119M(128M) 0,041ms
[2021-04-30T09:23:44.162+0300][55,012s][info][gc] Trigger: Free (2202K) is below minimum threshold (13107K)
[2021-04-30T09:23:44.162+0300][55,012s][info][gc] GC(1332) Concurrent reset 0,121ms
[2021-04-30T09:23:44.163+0300][55,012s][info][gc] GC(1332) Pause Init Mark 0,156ms
[2021-04-30T09:23:44.177+0300][55,027s][info][gc] GC(1332) Concurrent marking 14,367ms
[2021-04-30T09:23:44.178+0300][55,028s][info][gc] GC(1332) Pause Final Mark 1,092ms
[2021-04-30T09:23:44.178+0300][55,028s][info][gc] GC(1332) Concurrent cleanup 119M->119M(128M) 0,038ms
[2021-04-30T09:23:44.180+0300][55,029s][info][gc] GC(1332) Concurrent evacuation 1,312ms
[2021-04-30T09:23:44.180+0300][55,029s][info][gc] GC(1332) Pause Init Update Refs 0,005ms
[2021-04-30T09:23:44.190+0300][55,039s][info][gc] GC(1332) Concurrent update references 9,382ms
[2021-04-30T09:23:44.190+0300][55,039s][info][gc] GC(1332) Pause Final Update Refs 0,092ms
[2021-04-30T09:23:44.190+0300][55,039s][info][gc] GC(1332) Concurrent cleanup 125M->117M(128M) 0,041ms
[2021-04-30T09:23:44.191+0300][55,041s][info][gc] Trigger: Free (2936K) is below minimum threshold (13107K)
[2021-04-30T09:23:44.191+0300][55,041s][info][gc] GC(1333) Concurrent reset 0,172ms
[2021-04-30T09:23:44.192+0300][55,041s][info][gc] GC(1333) Pause Init Mark 0,185ms
[2021-04-30T09:23:44.207+0300][55,056s][info][gc] GC(1333) Concurrent marking 15,064ms
[2021-04-30T09:23:44.208+0300][55,057s][info][gc] GC(1333) Pause Final Mark 0,998ms
[2021-04-30T09:23:44.208+0300][55,058s][info][gc] GC(1333) Concurrent cleanup 119M->119M(128M) 0,037ms
[2021-04-30T09:23:44.209+0300][55,059s][info][gc] GC(1333) Concurrent evacuation 1,331ms
[2021-04-30T09:23:44.210+0300][55,059s][info][gc] GC(1333) Pause Init Update Refs 0,021ms
[2021-04-30T09:23:44.225+0300][55,074s][info][gc] GC(1333) Concurrent update references 15,025ms
[2021-04-30T09:23:44.225+0300][55,075s][info][gc] GC(1333) Pause Final Update Refs 0,172ms
[2021-04-30T09:23:44.225+0300][55,075s][info][gc] GC(1333) Concurrent cleanup 125M->118M(128M) 0,040ms
[2021-04-30T09:23:44.227+0300][55,076s][info][gc] Trigger: Free (2877K) is below minimum threshold (13107K)
[2021-04-30T09:23:44.227+0300][55,076s][info][gc] GC(1334) Concurrent reset 0,149ms
[2021-04-30T09:23:44.227+0300][55,076s][info][gc] GC(1334) Pause Init Mark 0,145ms
[2021-04-30T09:23:44.249+0300][55,098s][info][gc] GC(1334) Concurrent marking 21,911ms
[2021-04-30T09:23:44.250+0300][55,100s][info][gc] GC(1334) Pause Final Mark 1,192ms
[2021-04-30T09:23:44.250+0300][55,100s][info][gc] GC(1334) Concurrent cleanup 119M->119M(128M) 0,037ms
[2021-04-30T09:23:44.252+0300][55,101s][info][gc] GC(1334) Concurrent evacuation 1,414ms
[2021-04-30T09:23:44.252+0300][55,101s][info][gc] GC(1334) Pause Init Update Refs 0,005ms
[2021-04-30T09:23:44.263+0300][55,112s][info][gc] GC(1334) Concurrent update references 10,581ms
[2021-04-30T09:23:44.263+0300][55,112s][info][gc] GC(1334) Pause Final Update Refs 0,129ms
[2021-04-30T09:23:44.263+0300][55,112s][info][gc] GC(1334) Concurrent cleanup 125M->118M(128M) 0,040ms
[2021-04-30T09:23:44.264+0300][55,114s][info][gc] Trigger: Free (2597K) is below minimum threshold (13107K)
[2021-04-30T09:23:44.264+0300][55,114s][info][gc] GC(1335) Concurrent reset 0,123ms
[2021-04-30T09:23:44.265+0300][55,114s][info][gc] GC(1335) Pause Init Mark (process weakrefs) 0,201ms
[2021-04-30T09:23:44.280+0300][55,130s][info][gc] GC(1335) Concurrent marking (process weakrefs) 15,497ms
[2021-04-30T09:23:44.280+0300][55,130s][info][gc] GC(1335) Concurrent precleaning 0,160ms
[2021-04-30T09:23:44.282+0300][55,131s][info][gc] GC(1335) Pause Final Mark (process weakrefs) 1,153ms
[2021-04-30T09:23:44.282+0300][55,131s][info][gc] GC(1335) Concurrent cleanup 119M->119M(128M) 0,039ms
[2021-04-30T09:23:44.284+0300][55,133s][info][gc] GC(1335) Concurrent evacuation 1,693ms
[2021-04-30T09:23:44.284+0300][55,133s][info][gc] GC(1335) Pause Init Update Refs 0,026ms
[2021-04-30T09:23:44.294+0300][55,144s][info][gc] GC(1335) Concurrent update references 10,531ms
[2021-04-30T09:23:44.295+0300][55,144s][info][gc] GC(1335) Pause Final Update Refs 0,100ms
[2021-04-30T09:23:44.295+0300][55,144s][info][gc] GC(1335) Concurrent cleanup 126M->119M(128M) 0,040ms
[2021-04-30T09:23:44.296+0300][55,145s][info][gc] Trigger: Free (2259K) is below minimum threshold (13107K)
[2021-04-30T09:23:44.296+0300][55,146s][info][gc] GC(1336) Concurrent reset 0,131ms
[2021-04-30T09:23:44.297+0300][55,146s][info][gc] GC(1336) Pause Init Mark 0,217ms
[2021-04-30T09:23:44.313+0300][55,162s][info][gc] GC(1336) Concurrent marking 16,132ms
[2021-04-30T09:23:44.314+0300][55,163s][info][gc] GC(1336) Pause Final Mark 1,019ms
[2021-04-30T09:23:44.314+0300][55,163s][info][gc] GC(1336) Concurrent cleanup 119M->119M(128M) 0,038ms
[2021-04-30T09:23:44.315+0300][55,165s][info][gc] GC(1336) Concurrent evacuation 1,233ms
[2021-04-30T09:23:44.315+0300][55,165s][info][gc] GC(1336) Pause Init Update Refs 0,006ms
[2021-04-30T09:23:44.324+0300][55,174s][info][gc] GC(1336) Concurrent update references 8,791ms
[2021-04-30T09:23:44.324+0300][55,174s][info][gc] GC(1336) Pause Final Update Refs 0,076ms
[2021-04-30T09:23:44.325+0300][55,174s][info][gc] GC(1336) Concurrent cleanup 126M->118M(128M) 0,041ms
[2021-04-30T09:23:44.326+0300][55,175s][info][gc] Trigger: Free (3099K) is below minimum threshold (13107K)
[2021-04-30T09:23:44.326+0300][55,175s][info][gc] GC(1337) Concurrent reset 0,279ms
[2021-04-30T09:23:44.326+0300][55,176s][info][gc] GC(1337) Pause Init Mark 0,163ms
[2021-04-30T09:23:44.341+0300][55,190s][info][gc] GC(1337) Concurrent marking 14,323ms
[2021-04-30T09:23:44.342+0300][55,191s][info][gc] GC(1337) Pause Final Mark 0,999ms
[2021-04-30T09:23:44.342+0300][55,192s][info][gc] GC(1337) Concurrent cleanup 119M->119M(128M) 0,037ms
[2021-04-30T09:23:44.344+0300][55,193s][info][gc] GC(1337) Concurrent evacuation 1,389ms
[2021-04-30T09:23:44.344+0300][55,193s][info][gc] GC(1337) Pause Init Update Refs 0,022ms
[2021-04-30T09:23:44.353+0300][55,203s][info][gc] GC(1337) Concurrent update references 9,185ms
[2021-04-30T09:23:44.354+0300][55,203s][info][gc] GC(1337) Pause Final Update Refs 0,218ms
[2021-04-30T09:23:44.354+0300][55,203s][info][gc] GC(1337) Concurrent cleanup 126M->119M(128M) 0,040ms
[2021-04-30T09:23:44.355+0300][55,204s][info][gc] Trigger: Free (2199K) is below minimum threshold (13107K)
[2021-04-30T09:23:44.355+0300][55,205s][info][gc] GC(1338) Concurrent reset 0,226ms
[2021-04-30T09:23:44.356+0300][55,205s][info][gc] GC(1338) Pause Init Mark 0,289ms
[2021-04-30T09:23:44.370+0300][55,219s][info][gc] GC(1338) Concurrent marking 14,128ms
[2021-04-30T09:23:44.371+0300][55,221s][info][gc] GC(1338) Pause Final Mark 1,251ms
[2021-04-30T09:23:44.371+0300][55,221s][info][gc] GC(1338) Concurrent cleanup 120M->120M(128M) 0,038ms
[2021-04-30T09:23:44.373+0300][55,222s][info][gc] GC(1338) Concurrent evacuation 1,377ms
[2021-04-30T09:23:44.373+0300][55,222s][info][gc] GC(1338) Pause Init Update Refs 0,005ms
[2021-04-30T09:23:44.382+0300][55,231s][info][gc] GC(1338) Concurrent update references 8,887ms
[2021-04-30T09:23:44.382+0300][55,232s][info][gc] GC(1338) Pause Final Update Refs 0,223ms
[2021-04-30T09:23:44.383+0300][55,232s][info][gc] GC(1338) Concurrent cleanup 126M->118M(128M) 0,056ms
[2021-04-30T09:23:44.384+0300][55,233s][info][gc] Trigger: Free (2681K) is below minimum threshold (13107K)
[2021-04-30T09:23:44.384+0300][55,233s][info][gc] GC(1339) Concurrent reset 0,122ms
[2021-04-30T09:23:44.384+0300][55,234s][info][gc] GC(1339) Pause Init Mark 0,207ms
[2021-04-30T09:23:44.401+0300][55,250s][info][gc] GC(1339) Concurrent marking 16,269ms
[2021-04-30T09:23:44.402+0300][55,251s][info][gc] GC(1339) Pause Final Mark 1,039ms
[2021-04-30T09:23:44.402+0300][55,252s][info][gc] GC(1339) Concurrent cleanup 119M->119M(128M) 0,038ms
[2021-04-30T09:23:44.403+0300][55,253s][info][gc] GC(1339) Concurrent evacuation 1,278ms
[2021-04-30T09:23:44.404+0300][55,253s][info][gc] GC(1339) Pause Init Update Refs 0,021ms
[2021-04-30T09:23:44.413+0300][55,263s][info][gc] GC(1339) Concurrent update references 9,328ms
[2021-04-30T09:23:44.414+0300][55,263s][info][gc] GC(1339) Pause Final Update Refs 0,217ms
[2021-04-30T09:23:44.414+0300][55,263s][info][gc] GC(1339) Concurrent cleanup 126M->119M(128M) 0,039ms
[2021-04-30T09:23:44.415+0300][55,264s][info][gc] Trigger: Free (2300K) is below minimum threshold (13107K)
[2021-04-30T09:23:44.415+0300][55,265s][info][gc] GC(1340) Concurrent reset 0,128ms
[2021-04-30T09:23:44.416+0300][55,265s][info][gc] GC(1340) Pause Init Mark (process weakrefs) 0,280ms
[2021-04-30T09:23:44.430+0300][55,279s][info][gc] GC(1340) Concurrent marking (process weakrefs) 14,085ms
[2021-04-30T09:23:44.430+0300][55,280s][info][gc] GC(1340) Concurrent precleaning 0,104ms
[2021-04-30T09:23:44.431+0300][55,281s][info][gc] GC(1340) Pause Final Mark (process weakrefs) 0,890ms
[2021-04-30T09:23:44.431+0300][55,281s][info][gc] GC(1340) Concurrent cleanup 120M->120M(128M) 0,040ms
[2021-04-30T09:23:44.433+0300][55,282s][info][gc] GC(1340) Concurrent evacuation 1,297ms
[2021-04-30T09:23:44.433+0300][55,282s][info][gc] GC(1340) Pause Init Update Refs 0,006ms
[2021-04-30T09:23:44.442+0300][55,292s][info][gc] GC(1340) Concurrent update references 9,597ms
[2021-04-30T09:23:44.443+0300][55,292s][info][gc] GC(1340) Pause Final Update Refs 0,068ms
[2021-04-30T09:23:44.443+0300][55,292s][info][gc] GC(1340) Concurrent cleanup 126M->119M(128M) 0,042ms
[2021-04-30T09:23:44.444+0300][55,293s][info][gc] Trigger: Free (2374K) is below minimum threshold (13107K)
[2021-04-30T09:23:44.444+0300][55,294s][info][gc] GC(1341) Concurrent reset 0,197ms
[2021-04-30T09:23:44.445+0300][55,294s][info][gc] GC(1341) Pause Init Mark 0,200ms
[2021-04-30T09:23:44.460+0300][55,309s][info][gc] GC(1341) Concurrent marking 15,264ms
[2021-04-30T09:23:44.461+0300][55,310s][info][gc] GC(1341) Pause Final Mark 0,919ms
[2021-04-30T09:23:44.461+0300][55,311s][info][gc] GC(1341) Concurrent cleanup 119M->119M(128M) 0,045ms
[2021-04-30T09:23:44.463+0300][55,312s][info][gc] GC(1341) Concurrent evacuation 1,455ms
[2021-04-30T09:23:44.463+0300][55,312s][info][gc] GC(1341) Pause Init Update Refs 0,007ms
[2021-04-30T09:23:44.472+0300][55,322s][info][gc] GC(1341) Concurrent update references 9,398ms
[2021-04-30T09:23:44.473+0300][55,322s][info][gc] GC(1341) Pause Final Update Refs 0,080ms
[2021-04-30T09:23:44.473+0300][55,322s][info][gc] GC(1341) Concurrent cleanup 126M->119M(128M) 0,040ms
[2021-04-30T09:23:44.474+0300][55,323s][info][gc] Trigger: Free (1806K) is below minimum threshold (13107K)
[2021-04-30T09:23:44.474+0300][55,323s][info][gc] GC(1342) Concurrent reset 0,142ms
[2021-04-30T09:23:44.474+0300][55,324s][info][gc] GC(1342) Pause Init Mark 0,194ms
[2021-04-30T09:23:44.491+0300][55,340s][info][gc] GC(1342) Concurrent marking 16,099ms
[2021-04-30T09:23:44.492+0300][55,341s][info][gc] GC(1342) Pause Final Mark 0,927ms
[2021-04-30T09:23:44.492+0300][55,341s][info][gc] GC(1342) Concurrent cleanup 120M->120M(128M) 0,037ms
[2021-04-30T09:23:44.493+0300][55,343s][info][gc] GC(1342) Concurrent evacuation 1,550ms
[2021-04-30T09:23:44.494+0300][55,343s][info][gc] GC(1342) Pause Init Update Refs 0,006ms
[2021-04-30T09:23:44.505+0300][55,354s][info][gc] GC(1342) Concurrent update references 11,271ms
[2021-04-30T09:23:44.505+0300][55,355s][info][gc] GC(1342) Pause Final Update Refs 0,053ms
[2021-04-30T09:23:44.505+0300][55,355s][info][gc] GC(1342) Concurrent cleanup 126M->118M(128M) 0,040ms
[2021-04-30T09:23:44.506+0300][55,356s][info][gc] Trigger: Free (3046K) is below minimum threshold (13107K)
[2021-04-30T09:23:44.506+0300][55,356s][info][gc] GC(1343) Concurrent reset 0,165ms
[2021-04-30T09:23:44.507+0300][55,356s][info][gc] GC(1343) Pause Init Mark 0,200ms
[2021-04-30T09:23:44.526+0300][55,375s][info][gc] GC(1343) Concurrent marking 18,722ms
[2021-04-30T09:23:44.527+0300][55,376s][info][gc] GC(1343) Pause Final Mark 1,132ms
[2021-04-30T09:23:44.527+0300][55,376s][info][gc] GC(1343) Concurrent cleanup 119M->119M(128M) 0,038ms
[2021-04-30T09:23:44.529+0300][55,378s][info][gc] GC(1343) Concurrent evacuation 1,629ms
[2021-04-30T09:23:44.529+0300][55,378s][info][gc] GC(1343) Pause Init Update Refs 0,006ms
[2021-04-30T09:23:44.540+0300][55,390s][info][gc] GC(1343) Concurrent update references 11,399ms
[2021-04-30T09:23:44.540+0300][55,390s][info][gc] GC(1343) Pause Final Update Refs 0,117ms
[2021-04-30T09:23:44.541+0300][55,390s][info][gc] GC(1343) Concurrent cleanup 125M->118M(128M) 0,040ms
[2021-04-30T09:23:44.542+0300][55,391s][info][gc] Trigger: Free (2310K) is below minimum threshold (13107K)
[2021-04-30T09:23:44.542+0300][55,391s][info][gc] GC(1344) Concurrent reset 0,142ms
[2021-04-30T09:23:44.542+0300][55,392s][info][gc] GC(1344) Pause Init Mark 0,177ms
[2021-04-30T09:23:44.559+0300][55,408s][info][gc] GC(1344) Concurrent marking 16,715ms
[2021-04-30T09:23:44.560+0300][55,409s][info][gc] GC(1344) Pause Final Mark 0,873ms
[2021-04-30T09:23:44.560+0300][55,410s][info][gc] GC(1344) Concurrent cleanup 120M->120M(128M) 0,041ms
[2021-04-30T09:23:44.561+0300][55,411s][info][gc] GC(1344) Concurrent evacuation 1,230ms
[2021-04-30T09:23:44.561+0300][55,411s][info][gc] GC(1344) Pause Init Update Refs 0,005ms
[2021-04-30T09:23:44.571+0300][55,420s][info][gc] GC(1344) Concurrent update references 9,394ms
[2021-04-30T09:23:44.571+0300][55,421s][info][gc] GC(1344) Pause Final Update Refs 0,076ms
[2021-04-30T09:23:44.571+0300][55,421s][info][gc] GC(1344) Concurrent cleanup 125M->117M(128M) 0,040ms
[2021-04-30T09:23:44.572+0300][55,422s][info][gc] Trigger: Free (2853K) is below minimum threshold (13107K)
[2021-04-30T09:23:44.573+0300][55,422s][info][gc] GC(1345) Concurrent reset 0,146ms
[2021-04-30T09:23:44.573+0300][55,422s][info][gc] GC(1345) Pause Init Mark (process weakrefs) 0,249ms
[2021-04-30T09:23:44.590+0300][55,439s][info][gc] GC(1345) Concurrent marking (process weakrefs) 16,941ms
[2021-04-30T09:23:44.590+0300][55,440s][info][gc] GC(1345) Concurrent precleaning 0,077ms
[2021-04-30T09:23:44.591+0300][55,441s][info][gc] GC(1345) Pause Final Mark (process weakrefs) 1,068ms
[2021-04-30T09:23:44.591+0300][55,441s][info][gc] GC(1345) Concurrent cleanup 119M->119M(128M) 0,044ms
[2021-04-30T09:23:44.593+0300][55,443s][info][gc] GC(1345) Concurrent evacuation 1,742ms
[2021-04-30T09:23:44.593+0300][55,443s][info][gc] GC(1345) Pause Init Update Refs 0,006ms
[2021-04-30T09:23:44.606+0300][55,455s][info][gc] GC(1345) Concurrent update references 12,322ms
[2021-04-30T09:23:44.606+0300][55,455s][info][gc] GC(1345) Pause Final Update Refs 0,070ms
[2021-04-30T09:23:44.606+0300][55,455s][info][gc] GC(1345) Concurrent cleanup 126M->119M(128M) 0,045ms
[2021-04-30T09:23:44.607+0300][55,457s][info][gc] Trigger: Free (2044K) is below minimum threshold (13107K)
[2021-04-30T09:23:44.607+0300][55,457s][info][gc] GC(1346) Concurrent reset 0,134ms
[2021-04-30T09:23:44.608+0300][55,457s][info][gc] GC(1346) Pause Init Mark 0,175ms
[2021-04-30T09:23:44.624+0300][55,474s][info][gc] GC(1346) Concurrent marking 16,435ms
[2021-04-30T09:23:44.626+0300][55,475s][info][gc] GC(1346) Pause Final Mark 1,228ms
[2021-04-30T09:23:44.626+0300][55,475s][info][gc] GC(1346) Concurrent cleanup 120M->120M(128M) 0,042ms
[2021-04-30T09:23:44.627+0300][55,477s][info][gc] GC(1346) Concurrent evacuation 1,786ms
[2021-04-30T09:23:44.628+0300][55,477s][info][gc] GC(1346) Pause Init Update Refs 0,006ms
[2021-04-30T09:23:44.637+0300][55,487s][info][gc] GC(1346) Concurrent update references 9,718ms
[2021-04-30T09:23:44.638+0300][55,487s][info][gc] GC(1346) Pause Final Update Refs 0,096ms
[2021-04-30T09:23:44.638+0300][55,487s][info][gc] GC(1346) Concurrent cleanup 126M->118M(128M) 0,045ms
[2021-04-30T09:23:44.639+0300][55,488s][info][gc] Trigger: Free (2985K) is below minimum threshold (13107K)
[2021-04-30T09:23:44.639+0300][55,489s][info][gc] GC(1347) Concurrent reset 0,160ms
[2021-04-30T09:23:44.640+0300][55,489s][info][gc] GC(1347) Pause Init Mark 0,295ms
[2021-04-30T09:23:44.656+0300][55,505s][info][gc] GC(1347) Concurrent marking 15,816ms
[2021-04-30T09:23:44.657+0300][55,506s][info][gc] GC(1347) Pause Final Mark 1,099ms
[2021-04-30T09:23:44.657+0300][55,506s][info][gc] GC(1347) Concurrent cleanup 119M->119M(128M) 0,040ms
[2021-04-30T09:23:44.658+0300][55,508s][info][gc] GC(1347) Concurrent evacuation 1,389ms
[2021-04-30T09:23:44.659+0300][55,508s][info][gc] GC(1347) Pause Init Update Refs 0,007ms
[2021-04-30T09:23:44.673+0300][55,523s][info][gc] GC(1347) Concurrent update references 14,525ms
[2021-04-30T09:23:44.674+0300][55,523s][info][gc] GC(1347) Pause Final Update Refs 0,083ms
[2021-04-30T09:23:44.674+0300][55,523s][info][gc] GC(1347) Concurrent cleanup 125M->119M(128M) 0,040ms
[2021-04-30T09:23:44.675+0300][55,524s][info][gc] Trigger: Free (2394K) is below minimum threshold (13107K)
[2021-04-30T09:23:44.675+0300][55,524s][info][gc] GC(1348) Concurrent reset 0,258ms
[2021-04-30T09:23:44.675+0300][55,525s][info][gc] GC(1348) Pause Init Mark 0,191ms
[2021-04-30T09:23:44.690+0300][55,540s][info][gc] GC(1348) Concurrent marking 14,856ms
[2021-04-30T09:23:44.692+0300][55,541s][info][gc] GC(1348) Pause Final Mark 1,008ms
[2021-04-30T09:23:44.692+0300][55,541s][info][gc] GC(1348) Concurrent cleanup 120M->120M(128M) 0,038ms
[2021-04-30T09:23:44.693+0300][55,543s][info][gc] GC(1348) Concurrent evacuation 1,493ms
[2021-04-30T09:23:44.693+0300][55,543s][info][gc] GC(1348) Pause Init Update Refs 0,006ms
[2021-04-30T09:23:44.703+0300][55,552s][info][gc] GC(1348) Concurrent update references 9,186ms
[2021-04-30T09:23:44.703+0300][55,552s][info][gc] GC(1348) Pause Final Update Refs 0,090ms
[2021-04-30T09:23:44.703+0300][55,552s][info][gc] GC(1348) Concurrent cleanup 125M->118M(128M) 0,044ms
[2021-04-30T09:23:44.704+0300][55,554s][info][gc] Trigger: Free (2522K) is below minimum threshold (13107K)
[2021-04-30T09:23:44.704+0300][55,554s][info][gc] GC(1349) Concurrent reset 0,155ms
[2021-04-30T09:23:44.705+0300][55,554s][info][gc] GC(1349) Pause Init Mark 0,152ms
[2021-04-30T09:23:44.728+0300][55,577s][info][gc] GC(1349) Concurrent marking 23,300ms
[2021-04-30T09:23:44.729+0300][55,579s][info][gc] GC(1349) Pause Final Mark 1,166ms
[2021-04-30T09:23:44.729+0300][55,579s][info][gc] GC(1349) Concurrent cleanup 120M->120M(128M) 0,042ms
[2021-04-30T09:23:44.731+0300][55,580s][info][gc] GC(1349) Concurrent evacuation 1,522ms
[2021-04-30T09:23:44.731+0300][55,581s][info][gc] GC(1349) Pause Init Update Refs 0,006ms
[2021-04-30T09:23:44.741+0300][55,590s][info][gc] GC(1349) Concurrent update references 9,423ms
[2021-04-30T09:23:44.741+0300][55,590s][info][gc] GC(1349) Pause Final Update Refs 0,070ms
[2021-04-30T09:23:44.741+0300][55,591s][info][gc] GC(1349) Concurrent cleanup 126M->118M(128M) 0,043ms
[2021-04-30T09:23:44.742+0300][55,592s][info][gc] Trigger: Free (2568K) is below minimum threshold (13107K)
[2021-04-30T09:23:44.743+0300][55,592s][info][gc] GC(1350) Concurrent reset 0,226ms
[2021-04-30T09:23:44.743+0300][55,592s][info][gc] GC(1350) Pause Init Mark (process weakrefs) 0,150ms
[2021-04-30T09:23:44.759+0300][55,609s][info][gc] GC(1350) Concurrent marking (process weakrefs) 16,320ms
[2021-04-30T09:23:44.760+0300][55,609s][info][gc] GC(1350) Concurrent precleaning 0,212ms
[2021-04-30T09:23:44.761+0300][55,611s][info][gc] GC(1350) Pause Final Mark (process weakrefs) 1,483ms
[2021-04-30T09:23:44.762+0300][55,611s][info][gc] GC(1350) Concurrent cleanup 120M->120M(128M) 0,077ms
[2021-04-30T09:23:44.763+0300][55,613s][info][gc] GC(1350) Concurrent evacuation 1,586ms
[2021-04-30T09:23:44.763+0300][55,613s][info][gc] GC(1350) Pause Init Update Refs 0,004ms
[2021-04-30T09:23:44.773+0300][55,623s][info][gc] GC(1350) Concurrent update references 9,862ms
[2021-04-30T09:23:44.774+0300][55,623s][info][gc] GC(1350) Pause Final Update Refs 0,090ms
[2021-04-30T09:23:44.774+0300][55,623s][info][gc] GC(1350) Concurrent cleanup 125M->118M(128M) 0,044ms
[2021-04-30T09:23:44.775+0300][55,624s][info][gc] Trigger: Free (3231K) is below minimum threshold (13107K)
[2021-04-30T09:23:44.775+0300][55,625s][info][gc] GC(1351) Concurrent reset 0,237ms
[2021-04-30T09:23:44.776+0300][55,625s][info][gc] GC(1351) Pause Init Mark 0,271ms
[2021-04-30T09:23:44.793+0300][55,643s][info][gc] GC(1351) Concurrent marking 17,477ms
[2021-04-30T09:23:44.794+0300][55,644s][info][gc] GC(1351) Pause Final Mark 0,992ms
[2021-04-30T09:23:44.794+0300][55,644s][info][gc] GC(1351) Concurrent cleanup 119M->119M(128M) 0,040ms
[2021-04-30T09:23:44.796+0300][55,645s][info][gc] GC(1351) Concurrent evacuation 1,405ms
[2021-04-30T09:23:44.796+0300][55,645s][info][gc] GC(1351) Pause Init Update Refs 0,005ms
[2021-04-30T09:23:44.806+0300][55,655s][info][gc] GC(1351) Concurrent update references 9,843ms
[2021-04-30T09:23:44.807+0300][55,656s][info][gc] GC(1351) Pause Final Update Refs 0,279ms
[2021-04-30T09:23:44.807+0300][55,656s][info][gc] GC(1351) Concurrent cleanup 126M->119M(128M) 0,140ms
[2021-04-30T09:23:44.808+0300][55,658s][info][gc] Trigger: Free (768K) is below minimum threshold (13107K)
[2021-04-30T09:23:44.808+0300][55,658s][info][gc] GC(1352) Concurrent reset 0,168ms
[2021-04-30T09:23:44.809+0300][55,658s][info][gc] GC(1352) Pause Init Mark 0,292ms
[2021-04-30T09:23:44.824+0300][55,674s][info][gc] GC(1352) Concurrent marking 15,491ms
[2021-04-30T09:23:44.826+0300][55,675s][info][gc] GC(1352) Pause Final Mark 1,021ms
[2021-04-30T09:23:44.826+0300][55,675s][info][gc] GC(1352) Concurrent cleanup 121M->121M(128M) 0,040ms
[2021-04-30T09:23:44.827+0300][55,677s][info][gc] GC(1352) Concurrent evacuation 1,410ms
[2021-04-30T09:23:44.827+0300][55,677s][info][gc] GC(1352) Pause Init Update Refs 0,004ms
[2021-04-30T09:23:44.838+0300][55,687s][info][gc] GC(1352) Concurrent update references 10,623ms
[2021-04-30T09:23:44.838+0300][55,688s][info][gc] GC(1352) Pause Final Update Refs 0,085ms
[2021-04-30T09:23:44.838+0300][55,688s][info][gc] GC(1352) Concurrent cleanup 126M->117M(128M) 0,045ms
[2021-04-30T09:23:44.840+0300][55,689s][info][gc] Trigger: Free (3597K) is below minimum threshold (13107K)
[2021-04-30T09:23:44.840+0300][55,689s][info][gc] GC(1353) Concurrent reset 0,222ms
[2021-04-30T09:23:44.840+0300][55,690s][info][gc] GC(1353) Pause Init Mark 0,191ms
[2021-04-30T09:23:44.855+0300][55,704s][info][gc] GC(1353) Concurrent marking 14,796ms
[2021-04-30T09:23:44.856+0300][55,706s][info][gc] GC(1353) Pause Final Mark 1,235ms
[2021-04-30T09:23:44.857+0300][55,706s][info][gc] GC(1353) Concurrent cleanup 119M->119M(128M) 0,039ms
[2021-04-30T09:23:44.858+0300][55,707s][info][gc] GC(1353) Concurrent evacuation 1,280ms
[2021-04-30T09:23:44.858+0300][55,707s][info][gc] GC(1353) Pause Init Update Refs 0,005ms
[2021-04-30T09:23:44.867+0300][55,716s][info][gc] GC(1353) Concurrent update references 8,889ms
[2021-04-30T09:23:44.867+0300][55,717s][info][gc] GC(1353) Pause Final Update Refs 0,082ms
[2021-04-30T09:23:44.867+0300][55,717s][info][gc] GC(1353) Concurrent cleanup 125M->119M(128M) 0,041ms
[2021-04-30T09:23:44.868+0300][55,718s][info][gc] Trigger: Free (878K) is below minimum threshold (13107K)
[2021-04-30T09:23:44.869+0300][55,718s][info][gc] GC(1354) Concurrent reset 0,220ms
[2021-04-30T09:23:44.869+0300][55,719s][info][gc] GC(1354) Pause Init Mark 0,204ms
[2021-04-30T09:23:44.891+0300][55,741s][info][gc] GC(1354) Concurrent marking 22,200ms
[2021-04-30T09:23:44.893+0300][55,742s][info][gc] GC(1354) Pause Final Mark 1,169ms
[2021-04-30T09:23:44.893+0300][55,742s][info][gc] GC(1354) Concurrent cleanup 121M->121M(128M) 0,038ms
[2021-04-30T09:23:44.894+0300][55,743s][info][gc] GC(1354) Concurrent evacuation 1,275ms
[2021-04-30T09:23:44.894+0300][55,744s][info][gc] GC(1354) Pause Init Update Refs 0,021ms
[2021-04-30T09:23:44.909+0300][55,758s][info][gc] GC(1354) Concurrent update references 14,350ms
[2021-04-30T09:23:44.909+0300][55,759s][info][gc] GC(1354) Pause Final Update Refs 0,088ms
[2021-04-30T09:23:44.909+0300][55,759s][info][gc] GC(1354) Concurrent cleanup 126M->118M(128M) 0,041ms
[2021-04-30T09:23:44.910+0300][55,760s][info][gc] Trigger: Free (3383K) is below minimum threshold (13107K)
[2021-04-30T09:23:44.911+0300][55,760s][info][gc] GC(1355) Concurrent reset 0,255ms
[2021-04-30T09:23:44.911+0300][55,760s][info][gc] GC(1355) Pause Init Mark (process weakrefs) 0,160ms
[2021-04-30T09:23:44.925+0300][55,775s][info][gc] GC(1355) Concurrent marking (process weakrefs) 14,017ms
[2021-04-30T09:23:44.925+0300][55,775s][info][gc] GC(1355) Concurrent precleaning 0,188ms
[2021-04-30T09:23:44.927+0300][55,776s][info][gc] GC(1355) Pause Final Mark (process weakrefs) 1,281ms
[2021-04-30T09:23:44.927+0300][55,776s][info][gc] GC(1355) Concurrent cleanup 119M->119M(128M) 0,038ms
[2021-04-30T09:23:44.928+0300][55,778s][info][gc] GC(1355) Concurrent evacuation 1,321ms
[2021-04-30T09:23:44.929+0300][55,778s][info][gc] GC(1355) Pause Init Update Refs 0,021ms
[2021-04-30T09:23:44.939+0300][55,789s][info][gc] GC(1355) Concurrent update references 10,628ms
[2021-04-30T09:23:44.940+0300][55,789s][info][gc] GC(1355) Pause Final Update Refs 0,127ms
[2021-04-30T09:23:44.940+0300][55,789s][info][gc] GC(1355) Concurrent cleanup 125M->119M(128M) 0,041ms
[2021-04-30T09:23:44.941+0300][55,790s][info][gc] Trigger: Free (1024K) is below minimum threshold (13107K)
[2021-04-30T09:23:44.941+0300][55,791s][info][gc] GC(1356) Concurrent reset 0,183ms
[2021-04-30T09:23:44.942+0300][55,791s][info][gc] GC(1356) Pause Init Mark 0,152ms
[2021-04-30T09:23:44.963+0300][55,812s][info][gc] GC(1356) Concurrent marking 20,901ms
[2021-04-30T09:23:44.963+0300][55,813s][info][gc] GC(1356) Pause Final Mark 0,824ms
[2021-04-30T09:23:44.963+0300][55,813s][info][gc] GC(1356) Concurrent cleanup 121M->121M(128M) 0,037ms
[2021-04-30T09:23:44.965+0300][55,814s][info][gc] GC(1356) Concurrent evacuation 1,390ms
[2021-04-30T09:23:44.965+0300][55,814s][info][gc] GC(1356) Pause Init Update Refs 0,005ms
[2021-04-30T09:23:44.975+0300][55,824s][info][gc] GC(1356) Concurrent update references 9,651ms
[2021-04-30T09:23:44.975+0300][55,825s][info][gc] GC(1356) Pause Final Update Refs 0,094ms
[2021-04-30T09:23:44.975+0300][55,825s][info][gc] GC(1356) Concurrent cleanup 126M->118M(128M) 0,043ms
[2021-04-30T09:23:44.976+0300][55,826s][info][gc] Trigger: Free (3209K) is below minimum threshold (13107K)
[2021-04-30T09:23:44.977+0300][55,826s][info][gc] GC(1357) Concurrent reset 0,271ms
[2021-04-30T09:23:44.977+0300][55,827s][info][gc] GC(1357) Pause Init Mark 0,182ms
[2021-04-30T09:23:44.993+0300][55,843s][info][gc] GC(1357) Concurrent marking 16,061ms
[2021-04-30T09:23:44.994+0300][55,844s][info][gc] GC(1357) Pause Final Mark 0,990ms
[2021-04-30T09:23:44.995+0300][55,844s][info][gc] GC(1357) Concurrent cleanup 119M->119M(128M) 0,036ms
[2021-04-30T09:23:44.996+0300][55,845s][info][gc] GC(1357) Concurrent evacuation 1,311ms
[2021-04-30T09:23:44.996+0300][55,845s][info][gc] GC(1357) Pause Init Update Refs 0,005ms
[2021-04-30T09:23:45.005+0300][55,854s][info][gc] GC(1357) Concurrent update references 8,679ms
[2021-04-30T09:23:45.005+0300][55,854s][info][gc] GC(1357) Pause Final Update Refs 0,063ms
[2021-04-30T09:23:45.005+0300][55,854s][info][gc] GC(1357) Concurrent cleanup 125M->119M(128M) 0,042ms
[2021-04-30T09:23:45.006+0300][55,856s][info][gc] Trigger: Free (2392K) is below minimum threshold (13107K)
[2021-04-30T09:23:45.006+0300][55,856s][info][gc] GC(1358) Concurrent reset 0,122ms
[2021-04-30T09:23:45.007+0300][55,856s][info][gc] GC(1358) Pause Init Mark 0,150ms
[2021-04-30T09:23:45.022+0300][55,871s][info][gc] GC(1358) Concurrent marking 15,337ms
[2021-04-30T09:23:45.023+0300][55,873s][info][gc] GC(1358) Pause Final Mark 1,323ms
[2021-04-30T09:23:45.023+0300][55,873s][info][gc] GC(1358) Concurrent cleanup 119M->119M(128M) 0,038ms
[2021-04-30T09:23:45.025+0300][55,874s][info][gc] GC(1358) Concurrent evacuation 1,528ms
[2021-04-30T09:23:45.025+0300][55,875s][info][gc] GC(1358) Pause Init Update Refs 0,021ms
[2021-04-30T09:23:45.041+0300][55,890s][info][gc] GC(1358) Concurrent update references 15,077ms
[2021-04-30T09:23:45.041+0300][55,890s][info][gc] GC(1358) Pause Final Update Refs 0,097ms
[2021-04-30T09:23:45.041+0300][55,890s][info][gc] GC(1358) Concurrent cleanup 126M->119M(128M) 0,040ms
[2021-04-30T09:23:45.042+0300][55,892s][info][gc] Trigger: Free (1694K) is below minimum threshold (13107K)
[2021-04-30T09:23:45.043+0300][55,892s][info][gc] GC(1359) Concurrent reset 0,361ms
[2021-04-30T09:23:45.043+0300][55,892s][info][gc] GC(1359) Pause Init Mark 0,226ms
[2021-04-30T09:23:45.060+0300][55,909s][info][gc] GC(1359) Concurrent marking 16,866ms
[2021-04-30T09:23:45.061+0300][55,911s][info][gc] GC(1359) Pause Final Mark 1,340ms
[2021-04-30T09:23:45.062+0300][55,911s][info][gc] GC(1359) Concurrent cleanup 120M->120M(128M) 0,039ms
[2021-04-30T09:23:45.063+0300][55,912s][info][gc] GC(1359) Concurrent evacuation 1,349ms
[2021-04-30T09:23:45.063+0300][55,912s][info][gc] GC(1359) Pause Init Update Refs 0,004ms
[2021-04-30T09:23:45.074+0300][55,924s][info][gc] GC(1359) Concurrent update references 11,139ms
[2021-04-30T09:23:45.075+0300][55,924s][info][gc] GC(1359) Pause Final Update Refs 0,154ms
[2021-04-30T09:23:45.075+0300][55,924s][info][gc] GC(1359) Concurrent cleanup 126M->118M(128M) 0,041ms
[2021-04-30T09:23:45.076+0300][55,925s][info][gc] Trigger: Free (2669K) is below minimum threshold (13107K)
[2021-04-30T09:23:45.076+0300][55,926s][info][gc] GC(1360) Concurrent reset 0,130ms
[2021-04-30T09:23:45.077+0300][55,926s][info][gc] GC(1360) Pause Init Mark (process weakrefs) 0,292ms
[2021-04-30T09:23:45.094+0300][55,943s][info][gc] GC(1360) Concurrent marking (process weakrefs) 16,727ms
[2021-04-30T09:23:45.094+0300][55,943s][info][gc] GC(1360) Concurrent precleaning 0,113ms
[2021-04-30T09:23:45.095+0300][55,944s][info][gc] GC(1360) Pause Final Mark (process weakrefs) 1,055ms
[2021-04-30T09:23:45.095+0300][55,944s][info][gc] GC(1360) Concurrent cleanup 119M->119M(128M) 0,045ms
[2021-04-30T09:23:45.096+0300][55,946s][info][gc] GC(1360) Concurrent evacuation 1,215ms
[2021-04-30T09:23:45.096+0300][55,946s][info][gc] GC(1360) Pause Init Update Refs 0,006ms
[2021-04-30T09:23:45.111+0300][55,961s][info][gc] GC(1360) Concurrent update references 14,901ms
[2021-04-30T09:23:45.112+0300][55,961s][info][gc] GC(1360) Pause Final Update Refs 0,135ms
[2021-04-30T09:23:45.112+0300][55,961s][info][gc] GC(1360) Concurrent cleanup 126M->120M(128M) 0,040ms
[2021-04-30T09:23:45.113+0300][55,963s][info][gc] Trigger: Free (1427K) is below minimum threshold (13107K)
[2021-04-30T09:23:45.113+0300][55,963s][info][gc] GC(1361) Concurrent reset 0,114ms
[2021-04-30T09:23:45.114+0300][55,963s][info][gc] GC(1361) Pause Init Mark 0,217ms
[2021-04-30T09:23:45.129+0300][55,978s][info][gc] GC(1361) Concurrent marking 14,877ms
[2021-04-30T09:23:45.130+0300][55,979s][info][gc] GC(1361) Pause Final Mark 1,287ms
[2021-04-30T09:23:45.130+0300][55,980s][info][gc] GC(1361) Concurrent cleanup 120M->120M(128M) 0,040ms
[2021-04-30T09:23:45.131+0300][55,981s][info][gc] GC(1361) Concurrent evacuation 1,216ms
[2021-04-30T09:23:45.132+0300][55,981s][info][gc] GC(1361) Pause Init Update Refs 0,006ms
[2021-04-30T09:23:45.140+0300][55,990s][info][gc] GC(1361) Concurrent update references 8,586ms
[2021-04-30T09:23:45.141+0300][55,990s][info][gc] GC(1361) Pause Final Update Refs 0,095ms
[2021-04-30T09:23:45.141+0300][55,990s][info][gc] GC(1361) Concurrent cleanup 126M->118M(128M) 0,042ms
[2021-04-30T09:23:45.142+0300][55,991s][info][gc] Trigger: Free (2048K) is below minimum threshold (13107K)
[2021-04-30T09:23:45.142+0300][55,992s][info][gc] GC(1362) Concurrent reset 0,134ms
[2021-04-30T09:23:45.143+0300][55,992s][info][gc] GC(1362) Pause Init Mark 0,178ms
[2021-04-30T09:23:45.157+0300][56,006s][info][gc] GC(1362) Concurrent marking 14,420ms
[2021-04-30T09:23:45.158+0300][56,008s][info][gc] GC(1362) Pause Final Mark 1,023ms
[2021-04-30T09:23:45.158+0300][56,008s][info][gc] GC(1362) Concurrent cleanup 120M->120M(128M) 0,036ms
[2021-04-30T09:23:45.160+0300][56,009s][info][gc] GC(1362) Concurrent evacuation 1,244ms
[2021-04-30T09:23:45.160+0300][56,009s][info][gc] GC(1362) Pause Init Update Refs 0,021ms
[2021-04-30T09:23:45.169+0300][56,018s][info][gc] GC(1362) Concurrent update references 8,621ms
[2021-04-30T09:23:45.169+0300][56,018s][info][gc] GC(1362) Pause Final Update Refs 0,088ms
[2021-04-30T09:23:45.169+0300][56,019s][info][gc] GC(1362) Concurrent cleanup 125M->118M(128M) 0,041ms
[2021-04-30T09:23:45.170+0300][56,020s][info][gc] Trigger: Free (3314K) is below minimum threshold (13107K)
[2021-04-30T09:23:45.171+0300][56,020s][info][gc] GC(1363) Concurrent reset 0,230ms
[2021-04-30T09:23:45.171+0300][56,020s][info][gc] GC(1363) Pause Init Mark 0,209ms
[2021-04-30T09:23:45.186+0300][56,035s][info][gc] GC(1363) Concurrent marking 14,468ms
[2021-04-30T09:23:45.187+0300][56,036s][info][gc] GC(1363) Pause Final Mark 1,128ms
[2021-04-30T09:23:45.187+0300][56,036s][info][gc] GC(1363) Concurrent cleanup 119M->119M(128M) 0,038ms
[2021-04-30T09:23:45.188+0300][56,038s][info][gc] GC(1363) Concurrent evacuation 1,325ms
[2021-04-30T09:23:45.189+0300][56,038s][info][gc] GC(1363) Pause Init Update Refs 0,004ms
[2021-04-30T09:23:45.203+0300][56,053s][info][gc] GC(1363) Concurrent update references 14,410ms
[2021-04-30T09:23:45.204+0300][56,053s][info][gc] GC(1363) Pause Final Update Refs 0,220ms
[2021-04-30T09:23:45.204+0300][56,053s][info][gc] GC(1363) Concurrent cleanup 126M->120M(128M) 0,039ms
[2021-04-30T09:23:45.205+0300][56,054s][info][gc] Trigger: Free (256K) is below minimum threshold (13107K)
[2021-04-30T09:23:45.205+0300][56,055s][info][gc] GC(1364) Concurrent reset 0,175ms
[2021-04-30T09:23:45.205+0300][56,055s][info][gc] GC(1364) Pause Init Mark 0,146ms
[2021-04-30T09:23:45.220+0300][56,069s][info][gc] GC(1364) Concurrent marking 14,532ms
[2021-04-30T09:23:45.222+0300][56,071s][info][gc] GC(1364) Pause Final Mark 1,530ms
[2021-04-30T09:23:45.222+0300][56,071s][info][gc] Failed to allocate TLAB, 2680B
[2021-04-30T09:23:45.222+0300][56,071s][info][gc] Cancelling GC: Allocation Failure
[2021-04-30T09:23:45.222+0300][56,071s][info][gc] GC(1364) Concurrent cleanup 121M->121M(128M) 0,044ms
[2021-04-30T09:23:45.222+0300][56,071s][info][gc] GC(1364) Concurrent evacuation 0,098ms
[2021-04-30T09:23:45.223+0300][56,072s][info][gc] Trigger: Handle Allocation Failure
[2021-04-30T09:23:45.232+0300][56,082s][info][gc] GC(1365) Pause Degenerated GC (Evacuation) 121M->117M(128M) 8,962ms
[2021-04-30T09:23:45.233+0300][56,083s][info][gc] Trigger: Free (2865K) is below minimum threshold (13107K)
[2021-04-30T09:23:45.234+0300][56,083s][info][gc] GC(1366) Concurrent reset 0,127ms
[2021-04-30T09:23:45.234+0300][56,084s][info][gc] GC(1366) Pause Init Mark 0,492ms
[2021-04-30T09:23:45.252+0300][56,102s][info][gc] GC(1366) Concurrent marking 17,556ms
[2021-04-30T09:23:45.253+0300][56,103s][info][gc] GC(1366) Pause Final Mark 0,970ms
[2021-04-30T09:23:45.253+0300][56,103s][info][gc] GC(1366) Concurrent cleanup 119M->119M(128M) 0,040ms
[2021-04-30T09:23:45.255+0300][56,104s][info][gc] GC(1366) Concurrent evacuation 1,423ms
[2021-04-30T09:23:45.255+0300][56,104s][info][gc] GC(1366) Pause Init Update Refs 0,006ms
[2021-04-30T09:23:45.265+0300][56,115s][info][gc] GC(1366) Concurrent update references 10,325ms
[2021-04-30T09:23:45.266+0300][56,115s][info][gc] GC(1366) Pause Final Update Refs 0,071ms
[2021-04-30T09:23:45.266+0300][56,115s][info][gc] GC(1366) Concurrent cleanup 126M->119M(128M) 0,039ms
[2021-04-30T09:23:45.267+0300][56,116s][info][gc] Trigger: Free (1754K) is below minimum threshold (13107K)
[2021-04-30T09:23:45.267+0300][56,117s][info][gc] GC(1367) Concurrent reset 0,172ms
[2021-04-30T09:23:45.268+0300][56,117s][info][gc] GC(1367) Pause Init Mark 0,155ms
[2021-04-30T09:23:45.285+0300][56,135s][info][gc] GC(1367) Concurrent marking 17,639ms
[2021-04-30T09:23:45.287+0300][56,136s][info][gc] GC(1367) Pause Final Mark 1,122ms
[2021-04-30T09:23:45.287+0300][56,136s][info][gc] GC(1367) Concurrent cleanup 120M->120M(128M) 0,040ms
[2021-04-30T09:23:45.288+0300][56,138s][info][gc] GC(1367) Concurrent evacuation 1,513ms
[2021-04-30T09:23:45.288+0300][56,138s][info][gc] GC(1367) Pause Init Update Refs 0,012ms
[2021-04-30T09:23:45.299+0300][56,149s][info][gc] GC(1367) Concurrent update references 10,471ms
[2021-04-30T09:23:45.299+0300][56,149s][info][gc] GC(1367) Pause Final Update Refs 0,071ms
[2021-04-30T09:23:45.299+0300][56,149s][info][gc] GC(1367) Concurrent cleanup 126M->118M(128M) 0,040ms
[2021-04-30T09:23:45.301+0300][56,150s][info][gc] Trigger: Free (2595K) is below minimum threshold (13107K)
[2021-04-30T09:23:45.301+0300][56,150s][info][gc] GC(1368) Concurrent reset 0,123ms
[2021-04-30T09:23:45.301+0300][56,151s][info][gc] GC(1368) Pause Init Mark 0,210ms
[2021-04-30T09:23:45.318+0300][56,167s][info][gc] GC(1368) Concurrent marking 16,417ms
[2021-04-30T09:23:45.319+0300][56,168s][info][gc] GC(1368) Pause Final Mark 0,910ms
[2021-04-30T09:23:45.319+0300][56,168s][info][gc] GC(1368) Concurrent cleanup 119M->119M(128M) 0,037ms
[2021-04-30T09:23:45.320+0300][56,170s][info][gc] GC(1368) Concurrent evacuation 1,330ms
[2021-04-30T09:23:45.321+0300][56,170s][info][gc] GC(1368) Pause Init Update Refs 0,006ms
[2021-04-30T09:23:45.330+0300][56,179s][info][gc] GC(1368) Concurrent update references 9,314ms
[2021-04-30T09:23:45.330+0300][56,180s][info][gc] GC(1368) Pause Final Update Refs 0,076ms
[2021-04-30T09:23:45.330+0300][56,180s][info][gc] GC(1368) Concurrent cleanup 124M->118M(128M) 0,040ms
[2021-04-30T09:23:45.332+0300][56,181s][info][gc] Trigger: Free (2922K) is below minimum threshold (13107K)
[2021-04-30T09:23:45.332+0300][56,181s][info][gc] GC(1369) Concurrent reset 0,121ms
[2021-04-30T09:23:45.332+0300][56,181s][info][gc] GC(1369) Pause Init Mark 0,137ms
[2021-04-30T09:23:45.347+0300][56,196s][info][gc] GC(1369) Concurrent marking 14,769ms
[2021-04-30T09:23:45.348+0300][56,197s][info][gc] GC(1369) Pause Final Mark 0,974ms
[2021-04-30T09:23:45.348+0300][56,197s][info][gc] GC(1369) Concurrent cleanup 119M->119M(128M) 0,037ms
[2021-04-30T09:23:45.349+0300][56,199s][info][gc] GC(1369) Concurrent evacuation 1,198ms
[2021-04-30T09:23:45.349+0300][56,199s][info][gc] GC(1369) Pause Init Update Refs 0,021ms
[2021-04-30T09:23:45.359+0300][56,208s][info][gc] GC(1369) Concurrent update references 8,973ms
[2021-04-30T09:23:45.359+0300][56,208s][info][gc] GC(1369) Pause Final Update Refs 0,077ms
[2021-04-30T09:23:45.359+0300][56,208s][info][gc] GC(1369) Concurrent cleanup 125M->119M(128M) 0,040ms
[2021-04-30T09:23:45.360+0300][56,210s][info][gc] Trigger: Free (2200K) is below minimum threshold (13107K)
[2021-04-30T09:23:45.360+0300][56,210s][info][gc] GC(1370) Concurrent reset 0,225ms
[2021-04-30T09:23:45.361+0300][56,210s][info][gc] GC(1370) Pause Init Mark (process weakrefs) 0,146ms
[2021-04-30T09:23:45.377+0300][56,226s][info][gc] GC(1370) Concurrent marking (process weakrefs) 15,974ms
[2021-04-30T09:23:45.377+0300][56,227s][info][gc] GC(1370) Concurrent precleaning 0,157ms
[2021-04-30T09:23:45.379+0300][56,228s][info][gc] GC(1370) Pause Final Mark (process weakrefs) 1,171ms
[2021-04-30T09:23:45.379+0300][56,228s][info][gc] GC(1370) Concurrent cleanup 119M->119M(128M) 0,037ms
[2021-04-30T09:23:45.380+0300][56,229s][info][gc] GC(1370) Concurrent evacuation 1,312ms
[2021-04-30T09:23:45.380+0300][56,229s][info][gc] GC(1370) Pause Init Update Refs 0,004ms
[2021-04-30T09:23:45.389+0300][56,239s][info][gc] GC(1370) Concurrent update references 9,249ms
[2021-04-30T09:23:45.390+0300][56,239s][info][gc] GC(1370) Pause Final Update Refs 0,092ms
[2021-04-30T09:23:45.390+0300][56,239s][info][gc] GC(1370) Concurrent cleanup 125M->118M(128M) 0,040ms
[2021-04-30T09:23:45.391+0300][56,241s][info][gc] Trigger: Free (2639K) is below minimum threshold (13107K)
[2021-04-30T09:23:45.391+0300][56,241s][info][gc] GC(1371) Concurrent reset 0,113ms
[2021-04-30T09:23:45.392+0300][56,241s][info][gc] GC(1371) Pause Init Mark 0,155ms
[2021-04-30T09:23:45.406+0300][56,255s][info][gc] GC(1371) Concurrent marking 14,191ms
[2021-04-30T09:23:45.407+0300][56,256s][info][gc] GC(1371) Pause Final Mark 0,830ms
[2021-04-30T09:23:45.407+0300][56,256s][info][gc] GC(1371) Concurrent cleanup 119M->119M(128M) 0,038ms
[2021-04-30T09:23:45.408+0300][56,258s][info][gc] GC(1371) Concurrent evacuation 1,283ms
[2021-04-30T09:23:45.409+0300][56,258s][info][gc] GC(1371) Pause Init Update Refs 0,021ms
[2021-04-30T09:23:45.417+0300][56,267s][info][gc] GC(1371) Concurrent update references 8,590ms
[2021-04-30T09:23:45.418+0300][56,267s][info][gc] GC(1371) Pause Final Update Refs 0,158ms
[2021-04-30T09:23:45.418+0300][56,267s][info][gc] GC(1371) Concurrent cleanup 126M->119M(128M) 0,040ms
[2021-04-30T09:23:45.419+0300][56,268s][info][gc] Trigger: Free (1956K) is below minimum threshold (13107K)
[2021-04-30T09:23:45.419+0300][56,269s][info][gc] GC(1372) Concurrent reset 0,129ms
[2021-04-30T09:23:45.420+0300][56,269s][info][gc] GC(1372) Pause Init Mark 0,158ms
[2021-04-30T09:23:45.434+0300][56,283s][info][gc] GC(1372) Concurrent marking 14,181ms
[2021-04-30T09:23:45.435+0300][56,284s][info][gc] GC(1372) Pause Final Mark 1,007ms
[2021-04-30T09:23:45.435+0300][56,285s][info][gc] GC(1372) Concurrent cleanup 120M->120M(128M) 0,036ms
[2021-04-30T09:23:45.436+0300][56,286s][info][gc] GC(1372) Concurrent evacuation 1,330ms
[2021-04-30T09:23:45.437+0300][56,286s][info][gc] GC(1372) Pause Init Update Refs 0,021ms
[2021-04-30T09:23:45.446+0300][56,296s][info][gc] GC(1372) Concurrent update references 9,241ms
[2021-04-30T09:23:45.446+0300][56,296s][info][gc] GC(1372) Pause Final Update Refs 0,071ms
[2021-04-30T09:23:45.447+0300][56,296s][info][gc] GC(1372) Concurrent cleanup 126M->119M(128M) 0,044ms
[2021-04-30T09:23:45.448+0300][56,297s][info][gc] Trigger: Free (2223K) is below minimum threshold (13107K)
[2021-04-30T09:23:45.448+0300][56,297s][info][gc] GC(1373) Concurrent reset 0,159ms
[2021-04-30T09:23:45.448+0300][56,298s][info][gc] GC(1373) Pause Init Mark 0,183ms
[2021-04-30T09:23:45.463+0300][56,313s][info][gc] GC(1373) Concurrent marking 15,220ms
[2021-04-30T09:23:45.465+0300][56,314s][info][gc] GC(1373) Pause Final Mark 0,997ms
[2021-04-30T09:23:45.465+0300][56,314s][info][gc] GC(1373) Concurrent cleanup 120M->120M(128M) 0,041ms
[2021-04-30T09:23:45.466+0300][56,316s][info][gc] GC(1373) Concurrent evacuation 1,518ms
[2021-04-30T09:23:45.466+0300][56,316s][info][gc] GC(1373) Pause Init Update Refs 0,011ms
[2021-04-30T09:23:45.477+0300][56,326s][info][gc] GC(1373) Concurrent update references 9,930ms
[2021-04-30T09:23:45.477+0300][56,326s][info][gc] GC(1373) Pause Final Update Refs 0,064ms
[2021-04-30T09:23:45.477+0300][56,326s][info][gc] GC(1373) Concurrent cleanup 126M->119M(128M) 0,042ms
[2021-04-30T09:23:45.478+0300][56,327s][info][gc] Trigger: Free (1605K) is below minimum threshold (13107K)
[2021-04-30T09:23:45.478+0300][56,328s][info][gc] GC(1374) Concurrent reset 0,135ms
[2021-04-30T09:23:45.479+0300][56,328s][info][gc] GC(1374) Pause Init Mark 0,146ms
[2021-04-30T09:23:45.494+0300][56,344s][info][gc] GC(1374) Concurrent marking 15,728ms
[2021-04-30T09:23:45.495+0300][56,345s][info][gc] GC(1374) Pause Final Mark 0,926ms
[2021-04-30T09:23:45.495+0300][56,345s][info][gc] GC(1374) Concurrent cleanup 120M->120M(128M) 0,039ms
[2021-04-30T09:23:45.497+0300][56,346s][info][gc] GC(1374) Concurrent evacuation 1,487ms
[2021-04-30T09:23:45.497+0300][56,347s][info][gc] GC(1374) Pause Init Update Refs 0,005ms
[2021-04-30T09:23:45.507+0300][56,356s][info][gc] GC(1374) Concurrent update references 9,696ms
[2021-04-30T09:23:45.507+0300][56,357s][info][gc] GC(1374) Pause Final Update Refs 0,080ms
[2021-04-30T09:23:45.507+0300][56,357s][info][gc] GC(1374) Concurrent cleanup 126M->119M(128M) 0,042ms
[2021-04-30T09:23:45.509+0300][56,358s][info][gc] Trigger: Free (2230K) is below minimum threshold (13107K)
[2021-04-30T09:23:45.509+0300][56,358s][info][gc] GC(1375) Concurrent reset 0,219ms
[2021-04-30T09:23:45.509+0300][56,359s][info][gc] GC(1375) Pause Init Mark (process weakrefs) 0,147ms
[2021-04-30T09:23:45.525+0300][56,375s][info][gc] GC(1375) Concurrent marking (process weakrefs) 16,176ms
[2021-04-30T09:23:45.526+0300][56,375s][info][gc] GC(1375) Concurrent precleaning 0,196ms
[2021-04-30T09:23:45.527+0300][56,377s][info][gc] GC(1375) Pause Final Mark (process weakrefs) 1,318ms
[2021-04-30T09:23:45.527+0300][56,377s][info][gc] GC(1375) Concurrent cleanup 120M->120M(128M) 0,039ms
[2021-04-30T09:23:45.529+0300][56,378s][info][gc] GC(1375) Concurrent evacuation 1,605ms
[2021-04-30T09:23:45.529+0300][56,378s][info][gc] GC(1375) Pause Init Update Refs 0,007ms
[2021-04-30T09:23:45.544+0300][56,394s][info][gc] GC(1375) Concurrent update references 15,347ms
[2021-04-30T09:23:45.545+0300][56,394s][info][gc] GC(1375) Pause Final Update Refs 0,101ms
[2021-04-30T09:23:45.545+0300][56,394s][info][gc] GC(1375) Concurrent cleanup 126M->119M(128M) 0,042ms
[2021-04-30T09:23:45.546+0300][56,395s][info][gc] Trigger: Free (1217K) is below minimum threshold (13107K)
[2021-04-30T09:23:45.546+0300][56,396s][info][gc] GC(1376) Concurrent reset 0,135ms
[2021-04-30T09:23:45.546+0300][56,396s][info][gc] GC(1376) Pause Init Mark 0,161ms
[2021-04-30T09:23:45.562+0300][56,412s][info][gc] GC(1376) Concurrent marking 15,935ms
[2021-04-30T09:23:45.564+0300][56,413s][info][gc] GC(1376) Pause Final Mark 1,462ms
[2021-04-30T09:23:45.564+0300][56,414s][info][gc] GC(1376) Concurrent cleanup 120M->120M(128M) 0,075ms
[2021-04-30T09:23:45.566+0300][56,416s][info][gc] GC(1376) Concurrent evacuation 2,226ms
[2021-04-30T09:23:45.567+0300][56,416s][info][gc] GC(1376) Pause Init Update Refs 0,007ms
[2021-04-30T09:23:45.581+0300][56,430s][info][gc] GC(1376) Concurrent update references 13,905ms
[2021-04-30T09:23:45.581+0300][56,430s][info][gc] GC(1376) Pause Final Update Refs 0,123ms
[2021-04-30T09:23:45.581+0300][56,430s][info][gc] GC(1376) Concurrent cleanup 127M->119M(128M) 0,039ms
[2021-04-30T09:23:45.582+0300][56,431s][info][gc] Trigger: Free (2389K) is below minimum threshold (13107K)
[2021-04-30T09:23:45.582+0300][56,432s][info][gc] GC(1377) Concurrent reset 0,132ms
[2021-04-30T09:23:45.582+0300][56,432s][info][gc] GC(1377) Pause Init Mark 0,136ms
[2021-04-30T09:23:45.599+0300][56,448s][info][gc] GC(1377) Concurrent marking 16,588ms
[2021-04-30T09:23:45.601+0300][56,450s][info][gc] GC(1377) Pause Final Mark 1,818ms
[2021-04-30T09:23:45.601+0300][56,451s][info][gc] GC(1377) Concurrent cleanup 119M->119M(128M) 0,084ms
[2021-04-30T09:23:45.603+0300][56,452s][info][gc] GC(1377) Concurrent evacuation 1,300ms
[2021-04-30T09:23:45.603+0300][56,452s][info][gc] GC(1377) Pause Init Update Refs 0,023ms
[2021-04-30T09:23:45.614+0300][56,464s][info][gc] GC(1377) Concurrent update references 11,203ms
[2021-04-30T09:23:45.614+0300][56,464s][info][gc] GC(1377) Pause Final Update Refs 0,117ms
[2021-04-30T09:23:45.615+0300][56,464s][info][gc] GC(1377) Concurrent cleanup 125M->118M(128M) 0,047ms
[2021-04-30T09:23:45.616+0300][56,465s][info][gc] Trigger: Free (1852K) is below minimum threshold (13107K)
[2021-04-30T09:23:45.616+0300][56,466s][info][gc] GC(1378) Concurrent reset 0,304ms
[2021-04-30T09:23:45.617+0300][56,466s][info][gc] GC(1378) Pause Init Mark 0,301ms
[2021-04-30T09:23:45.635+0300][56,484s][info][gc] GC(1378) Concurrent marking 17,910ms
[2021-04-30T09:23:45.636+0300][56,485s][info][gc] GC(1378) Pause Final Mark 0,922ms
[2021-04-30T09:23:45.636+0300][56,485s][info][gc] GC(1378) Concurrent cleanup 120M->120M(128M) 0,038ms
[2021-04-30T09:23:45.637+0300][56,487s][info][gc] GC(1378) Concurrent evacuation 1,343ms
[2021-04-30T09:23:45.637+0300][56,487s][info][gc] GC(1378) Pause Init Update Refs 0,021ms
[2021-04-30T09:23:45.647+0300][56,496s][info][gc] GC(1378) Concurrent update references 9,475ms
[2021-04-30T09:23:45.647+0300][56,497s][info][gc] GC(1378) Pause Final Update Refs 0,068ms
[2021-04-30T09:23:45.647+0300][56,497s][info][gc] GC(1378) Concurrent cleanup 126M->119M(128M) 0,038ms
[2021-04-30T09:23:45.648+0300][56,498s][info][gc] Trigger: Free (1877K) is below minimum threshold (13107K)
[2021-04-30T09:23:45.648+0300][56,498s][info][gc] GC(1379) Concurrent reset 0,127ms
[2021-04-30T09:23:45.649+0300][56,498s][info][gc] GC(1379) Pause Init Mark 0,191ms
[2021-04-30T09:23:45.663+0300][56,513s][info][gc] GC(1379) Concurrent marking 14,656ms
[2021-04-30T09:23:45.665+0300][56,514s][info][gc] GC(1379) Pause Final Mark 0,976ms
[2021-04-30T09:23:45.665+0300][56,514s][info][gc] GC(1379) Concurrent cleanup 120M->120M(128M) 0,038ms
[2021-04-30T09:23:45.666+0300][56,515s][info][gc] GC(1379) Concurrent evacuation 1,342ms
[2021-04-30T09:23:45.666+0300][56,516s][info][gc] GC(1379) Pause Init Update Refs 0,021ms
[2021-04-30T09:23:45.675+0300][56,525s][info][gc] GC(1379) Concurrent update references 8,794ms
[2021-04-30T09:23:45.675+0300][56,525s][info][gc] GC(1379) Pause Final Update Refs 0,202ms
[2021-04-30T09:23:45.676+0300][56,525s][info][gc] GC(1379) Concurrent cleanup 126M->118M(128M) 0,056ms
[2021-04-30T09:23:45.677+0300][56,526s][info][gc] Trigger: Free (2442K) is below minimum threshold (13107K)
[2021-04-30T09:23:45.677+0300][56,526s][info][gc] GC(1380) Concurrent reset 0,213ms
[2021-04-30T09:23:45.678+0300][56,527s][info][gc] GC(1380) Pause Init Mark (process weakrefs) 0,261ms
[2021-04-30T09:23:45.693+0300][56,542s][info][gc] GC(1380) Concurrent marking (process weakrefs) 15,167ms
[2021-04-30T09:23:45.693+0300][56,542s][info][gc] GC(1380) Concurrent precleaning 0,120ms
[2021-04-30T09:23:45.694+0300][56,544s][info][gc] GC(1380) Pause Final Mark (process weakrefs) 1,301ms
[2021-04-30T09:23:45.694+0300][56,544s][info][gc] GC(1380) Concurrent cleanup 119M->119M(128M) 0,055ms
[2021-04-30T09:23:45.696+0300][56,545s][info][gc] GC(1380) Concurrent evacuation 1,385ms
[2021-04-30T09:23:45.696+0300][56,545s][info][gc] GC(1380) Pause Init Update Refs 0,004ms
[2021-04-30T09:23:45.705+0300][56,554s][info][gc] GC(1380) Concurrent update references 8,762ms
[2021-04-30T09:23:45.705+0300][56,555s][info][gc] GC(1380) Pause Final Update Refs 0,079ms
[2021-04-30T09:23:45.705+0300][56,555s][info][gc] GC(1380) Concurrent cleanup 125M->118M(128M) 0,055ms
[2021-04-30T09:23:45.706+0300][56,556s][info][gc] Trigger: Free (1997K) is below minimum threshold (13107K)
[2021-04-30T09:23:45.707+0300][56,556s][info][gc] GC(1381) Concurrent reset 0,188ms
[2021-04-30T09:23:45.707+0300][56,556s][info][gc] GC(1381) Pause Init Mark 0,157ms
[2021-04-30T09:23:45.722+0300][56,571s][info][gc] GC(1381) Concurrent marking 14,663ms
[2021-04-30T09:23:45.723+0300][56,572s][info][gc] GC(1381) Pause Final Mark 0,927ms
[2021-04-30T09:23:45.723+0300][56,572s][info][gc] GC(1381) Concurrent cleanup 120M->120M(128M) 0,039ms
[2021-04-30T09:23:45.724+0300][56,574s][info][gc] GC(1381) Concurrent evacuation 1,269ms
[2021-04-30T09:23:45.725+0300][56,574s][info][gc] GC(1381) Pause Init Update Refs 0,007ms
[2021-04-30T09:23:45.734+0300][56,583s][info][gc] GC(1381) Concurrent update references 8,958ms
[2021-04-30T09:23:45.734+0300][56,583s][info][gc] GC(1381) Pause Final Update Refs 0,094ms
[2021-04-30T09:23:45.734+0300][56,584s][info][gc] GC(1381) Concurrent cleanup 125M->118M(128M) 0,051ms
[2021-04-30T09:23:45.735+0300][56,585s][info][gc] Trigger: Free (2879K) is below minimum threshold (13107K)
[2021-04-30T09:23:45.735+0300][56,585s][info][gc] GC(1382) Concurrent reset 0,217ms
[2021-04-30T09:23:45.736+0300][56,585s][info][gc] GC(1382) Pause Init Mark 0,156ms
[2021-04-30T09:23:45.753+0300][56,602s][info][gc] GC(1382) Concurrent marking 16,750ms
[2021-04-30T09:23:45.754+0300][56,603s][info][gc] GC(1382) Pause Final Mark 0,922ms
[2021-04-30T09:23:45.754+0300][56,603s][info][gc] GC(1382) Concurrent cleanup 119M->119M(128M) 0,039ms
[2021-04-30T09:23:45.756+0300][56,605s][info][gc] GC(1382) Concurrent evacuation 1,660ms
[2021-04-30T09:23:45.756+0300][56,605s][info][gc] GC(1382) Pause Init Update Refs 0,014ms
[2021-04-30T09:23:45.767+0300][56,616s][info][gc] GC(1382) Concurrent update references 10,923ms
[2021-04-30T09:23:45.767+0300][56,617s][info][gc] GC(1382) Pause Final Update Refs 0,112ms
[2021-04-30T09:23:45.767+0300][56,617s][info][gc] GC(1382) Concurrent cleanup 124M->119M(128M) 0,041ms
[2021-04-30T09:23:45.769+0300][56,618s][info][gc] Trigger: Free (1558K) is below minimum threshold (13107K)
[2021-04-30T09:23:45.769+0300][56,618s][info][gc] GC(1383) Concurrent reset 0,165ms
[2021-04-30T09:23:45.769+0300][56,619s][info][gc] GC(1383) Pause Init Mark 0,191ms
[2021-04-30T09:23:45.787+0300][56,636s][info][gc] GC(1383) Concurrent marking 17,710ms
[2021-04-30T09:23:45.788+0300][56,637s][info][gc] GC(1383) Pause Final Mark 0,948ms
[2021-04-30T09:23:45.788+0300][56,638s][info][gc] GC(1383) Concurrent cleanup 120M->120M(128M) 0,042ms
[2021-04-30T09:23:45.790+0300][56,639s][info][gc] GC(1383) Concurrent evacuation 1,847ms
[2021-04-30T09:23:45.790+0300][56,640s][info][gc] GC(1383) Pause Init Update Refs 0,009ms
[2021-04-30T09:23:45.801+0300][56,650s][info][gc] GC(1383) Concurrent update references 10,654ms
[2021-04-30T09:23:45.801+0300][56,651s][info][gc] GC(1383) Pause Final Update Refs 0,142ms
[2021-04-30T09:23:45.801+0300][56,651s][info][gc] GC(1383) Concurrent cleanup 126M->119M(128M) 0,039ms
[2021-04-30T09:23:45.802+0300][56,652s][info][gc] Trigger: Free (2214K) is below minimum threshold (13107K)
[2021-04-30T09:23:45.803+0300][56,652s][info][gc] GC(1384) Concurrent reset 0,254ms
[2021-04-30T09:23:45.803+0300][56,653s][info][gc] GC(1384) Pause Init Mark 0,167ms
[2021-04-30T09:23:45.819+0300][56,668s][info][gc] GC(1384) Concurrent marking 15,790ms
[2021-04-30T09:23:45.820+0300][56,669s][info][gc] GC(1384) Pause Final Mark 0,915ms
[2021-04-30T09:23:45.820+0300][56,670s][info][gc] GC(1384) Concurrent cleanup 119M->119M(128M) 0,045ms
[2021-04-30T09:23:45.821+0300][56,671s][info][gc] GC(1384) Concurrent evacuation 1,356ms
[2021-04-30T09:23:45.822+0300][56,671s][info][gc] GC(1384) Pause Init Update Refs 0,006ms
[2021-04-30T09:23:45.832+0300][56,681s][info][gc] GC(1384) Concurrent update references 10,078ms
[2021-04-30T09:23:45.832+0300][56,681s][info][gc] GC(1384) Pause Final Update Refs 0,054ms
[2021-04-30T09:23:45.832+0300][56,682s][info][gc] GC(1384) Concurrent cleanup 125M->119M(128M) 0,046ms
[2021-04-30T09:23:45.833+0300][56,683s][info][gc] Trigger: Free (2082K) is below minimum threshold (13107K)
[2021-04-30T09:23:45.833+0300][56,683s][info][gc] GC(1385) Concurrent reset 0,113ms
[2021-04-30T09:23:45.834+0300][56,683s][info][gc] GC(1385) Pause Init Mark (process weakrefs) 0,190ms
[2021-04-30T09:23:45.849+0300][56,698s][info][gc] GC(1385) Concurrent marking (process weakrefs) 15,067ms
[2021-04-30T09:23:45.849+0300][56,698s][info][gc] GC(1385) Concurrent precleaning 0,109ms
[2021-04-30T09:23:45.850+0300][56,699s][info][gc] GC(1385) Pause Final Mark (process weakrefs) 0,927ms
[2021-04-30T09:23:45.850+0300][56,700s][info][gc] GC(1385) Concurrent cleanup 120M->120M(128M) 0,041ms
[2021-04-30T09:23:45.851+0300][56,701s][info][gc] GC(1385) Concurrent evacuation 1,386ms
[2021-04-30T09:23:45.852+0300][56,701s][info][gc] GC(1385) Pause Init Update Refs 0,021ms
[2021-04-30T09:23:45.861+0300][56,710s][info][gc] GC(1385) Concurrent update references 8,683ms
[2021-04-30T09:23:45.861+0300][56,710s][info][gc] GC(1385) Pause Final Update Refs 0,099ms
[2021-04-30T09:23:45.861+0300][56,711s][info][gc] GC(1385) Concurrent cleanup 126M->119M(128M) 0,039ms
[2021-04-30T09:23:45.862+0300][56,712s][info][gc] Trigger: Free (1712K) is below minimum threshold (13107K)
[2021-04-30T09:23:45.862+0300][56,712s][info][gc] GC(1386) Concurrent reset 0,256ms
[2021-04-30T09:23:45.863+0300][56,712s][info][gc] GC(1386) Pause Init Mark 0,157ms
[2021-04-30T09:23:45.878+0300][56,727s][info][gc] GC(1386) Concurrent marking 14,673ms
[2021-04-30T09:23:45.879+0300][56,728s][info][gc] GC(1386) Pause Final Mark 0,897ms
[2021-04-30T09:23:45.879+0300][56,728s][info][gc] GC(1386) Concurrent cleanup 120M->120M(128M) 0,037ms
[2021-04-30T09:23:45.880+0300][56,730s][info][gc] GC(1386) Concurrent evacuation 1,314ms
[2021-04-30T09:23:45.880+0300][56,730s][info][gc] GC(1386) Pause Init Update Refs 0,005ms
[2021-04-30T09:23:45.889+0300][56,739s][info][gc] GC(1386) Concurrent update references 9,018ms
[2021-04-30T09:23:45.890+0300][56,739s][info][gc] GC(1386) Pause Final Update Refs 0,093ms
[2021-04-30T09:23:45.890+0300][56,739s][info][gc] GC(1386) Concurrent cleanup 125M->118M(128M) 0,049ms
[2021-04-30T09:23:45.891+0300][56,740s][info][gc] Trigger: Free (1977K) is below minimum threshold (13107K)
[2021-04-30T09:23:45.891+0300][56,741s][info][gc] GC(1387) Concurrent reset 0,128ms
[2021-04-30T09:23:45.891+0300][56,741s][info][gc] GC(1387) Pause Init Mark 0,161ms
[2021-04-30T09:23:45.906+0300][56,755s][info][gc] GC(1387) Concurrent marking 14,546ms
[2021-04-30T09:23:45.907+0300][56,756s][info][gc] GC(1387) Pause Final Mark 0,932ms
[2021-04-30T09:23:45.907+0300][56,757s][info][gc] GC(1387) Concurrent cleanup 120M->120M(128M) 0,057ms
[2021-04-30T09:23:45.909+0300][56,758s][info][gc] GC(1387) Concurrent evacuation 1,745ms
[2021-04-30T09:23:45.909+0300][56,758s][info][gc] GC(1387) Pause Init Update Refs 0,006ms
[2021-04-30T09:23:45.924+0300][56,773s][info][gc] GC(1387) Concurrent update references 14,591ms
[2021-04-30T09:23:45.924+0300][56,774s][info][gc] GC(1387) Pause Final Update Refs 0,073ms
[2021-04-30T09:23:45.924+0300][56,774s][info][gc] GC(1387) Concurrent cleanup 126M->119M(128M) 0,039ms
[2021-04-30T09:23:45.925+0300][56,775s][info][gc] Trigger: Free (1698K) is below minimum threshold (13107K)
[2021-04-30T09:23:45.926+0300][56,775s][info][gc] GC(1388) Concurrent reset 0,266ms
[2021-04-30T09:23:45.926+0300][56,776s][info][gc] GC(1388) Pause Init Mark 0,207ms
[2021-04-30T09:23:45.948+0300][56,797s][info][gc] GC(1388) Concurrent marking 21,832ms
[2021-04-30T09:23:45.949+0300][56,799s][info][gc] GC(1388) Pause Final Mark 1,102ms
[2021-04-30T09:23:45.949+0300][56,799s][info][gc] GC(1388) Concurrent cleanup 120M->120M(128M) 0,040ms
[2021-04-30T09:23:45.951+0300][56,800s][info][gc] GC(1388) Concurrent evacuation 1,472ms
[2021-04-30T09:23:45.951+0300][56,800s][info][gc] GC(1388) Pause Init Update Refs 0,006ms
[2021-04-30T09:23:45.960+0300][56,809s][info][gc] GC(1388) Concurrent update references 9,028ms
[2021-04-30T09:23:45.961+0300][56,810s][info][gc] GC(1388) Pause Final Update Refs 0,216ms
[2021-04-30T09:23:45.967+0300][56,816s][info][gc] GC(1388) Concurrent cleanup 126M->119M(128M) 0,045ms
[2021-04-30T09:23:45.968+0300][56,817s][info][gc] Trigger: Free (1843K) is below minimum threshold (13107K)
[2021-04-30T09:23:45.968+0300][56,818s][info][gc] GC(1389) Concurrent reset 0,289ms
[2021-04-30T09:23:45.969+0300][56,818s][info][gc] GC(1389) Pause Init Mark 0,239ms
[2021-04-30T09:23:45.983+0300][56,833s][info][gc] GC(1389) Concurrent marking 14,551ms
[2021-04-30T09:23:45.985+0300][56,834s][info][gc] GC(1389) Pause Final Mark 1,193ms
[2021-04-30T09:23:45.985+0300][56,834s][info][gc] GC(1389) Concurrent cleanup 120M->120M(128M) 0,038ms
[2021-04-30T09:23:45.986+0300][56,836s][info][gc] GC(1389) Concurrent evacuation 1,238ms
[2021-04-30T09:23:45.986+0300][56,836s][info][gc] GC(1389) Pause Init Update Refs 0,020ms
[2021-04-30T09:23:45.996+0300][56,845s][info][gc] GC(1389) Concurrent update references 9,262ms
[2021-04-30T09:23:45.996+0300][56,845s][info][gc] GC(1389) Pause Final Update Refs 0,140ms
[2021-04-30T09:23:45.996+0300][56,846s][info][gc] GC(1389) Concurrent cleanup 126M->119M(128M) 0,041ms
[2021-04-30T09:23:45.997+0300][56,847s][info][gc] Trigger: Free (1896K) is below minimum threshold (13107K)
[2021-04-30T09:23:45.998+0300][56,847s][info][gc] GC(1390) Concurrent reset 0,265ms
[2021-04-30T09:23:45.998+0300][56,848s][info][gc] GC(1390) Pause Init Mark (process weakrefs) 0,264ms
[2021-04-30T09:23:46.020+0300][56,869s][info][gc] GC(1390) Concurrent marking (process weakrefs) 21,788ms
[2021-04-30T09:23:46.020+0300][56,869s][info][gc] GC(1390) Concurrent precleaning 0,073ms
[2021-04-30T09:23:46.022+0300][56,871s][info][gc] GC(1390) Pause Final Mark (process weakrefs) 1,467ms
[2021-04-30T09:23:46.022+0300][56,871s][info][gc] GC(1390) Concurrent cleanup 120M->120M(128M) 0,099ms
[2021-04-30T09:23:46.024+0300][56,874s][info][gc] GC(1390) Concurrent evacuation 2,176ms
[2021-04-30T09:23:46.024+0300][56,874s][info][gc] GC(1390) Pause Init Update Refs 0,008ms
[2021-04-30T09:23:46.035+0300][56,885s][info][gc] GC(1390) Concurrent update references 10,749ms
[2021-04-30T09:23:46.036+0300][56,885s][info][gc] GC(1390) Pause Final Update Refs 0,225ms
[2021-04-30T09:23:46.036+0300][56,885s][info][gc] GC(1390) Concurrent cleanup 126M->119M(128M) 0,039ms
[2021-04-30T09:23:46.037+0300][56,887s][info][gc] Trigger: Free (1639K) is below minimum threshold (13107K)
[2021-04-30T09:23:46.037+0300][56,887s][info][gc] GC(1391) Concurrent reset 0,125ms
[2021-04-30T09:23:46.038+0300][56,887s][info][gc] GC(1391) Pause Init Mark 0,443ms
[2021-04-30T09:23:46.055+0300][56,904s][info][gc] GC(1391) Concurrent marking 16,854ms
[2021-04-30T09:23:46.056+0300][56,906s][info][gc] GC(1391) Pause Final Mark 1,175ms
[2021-04-30T09:23:46.056+0300][56,906s][info][gc] GC(1391) Concurrent cleanup 120M->120M(128M) 0,046ms
[2021-04-30T09:23:46.059+0300][56,908s][info][gc] GC(1391) Concurrent evacuation 2,475ms
[2021-04-30T09:23:46.059+0300][56,908s][info][gc] GC(1391) Pause Init Update Refs 0,006ms
[2021-04-30T09:23:46.069+0300][56,919s][info][gc] GC(1391) Concurrent update references 10,302ms
[2021-04-30T09:23:46.070+0300][56,919s][info][gc] GC(1391) Pause Final Update Refs 0,243ms
[2021-04-30T09:23:46.070+0300][56,920s][info][gc] GC(1391) Concurrent cleanup 125M->118M(128M) 0,044ms
[2021-04-30T09:23:46.071+0300][56,921s][info][gc] Trigger: Free (1980K) is below minimum threshold (13107K)
[2021-04-30T09:23:46.071+0300][56,921s][info][gc] GC(1392) Concurrent reset 0,127ms
[2021-04-30T09:23:46.072+0300][56,921s][info][gc] GC(1392) Pause Init Mark 0,287ms
[2021-04-30T09:23:46.089+0300][56,938s][info][gc] GC(1392) Concurrent marking 16,749ms
[2021-04-30T09:23:46.090+0300][56,939s][info][gc] GC(1392) Pause Final Mark 0,977ms
[2021-04-30T09:23:46.090+0300][56,939s][info][gc] GC(1392) Concurrent cleanup 120M->120M(128M) 0,060ms
[2021-04-30T09:23:46.093+0300][56,942s][info][gc] GC(1392) Concurrent evacuation 2,517ms
[2021-04-30T09:23:46.093+0300][56,943s][info][gc] GC(1392) Pause Init Update Refs 0,007ms
[2021-04-30T09:23:46.102+0300][56,952s][info][gc] GC(1392) Concurrent update references 9,058ms
[2021-04-30T09:23:46.103+0300][56,952s][info][gc] GC(1392) Pause Final Update Refs 0,093ms
[2021-04-30T09:23:46.103+0300][56,952s][info][gc] GC(1392) Concurrent cleanup 126M->119M(128M) 0,038ms
[2021-04-30T09:23:46.104+0300][56,953s][info][gc] Trigger: Free (1499K) is below minimum threshold (13107K)
[2021-04-30T09:23:46.104+0300][56,954s][info][gc] GC(1393) Concurrent reset 0,291ms
[2021-04-30T09:23:46.105+0300][56,954s][info][gc] GC(1393) Pause Init Mark 0,410ms
[2021-04-30T09:23:46.120+0300][56,970s][info][gc] GC(1393) Concurrent marking 15,090ms
[2021-04-30T09:23:46.121+0300][56,971s][info][gc] GC(1393) Pause Final Mark 1,101ms
[2021-04-30T09:23:46.121+0300][56,971s][info][gc] GC(1393) Concurrent cleanup 120M->120M(128M) 0,040ms
[2021-04-30T09:23:46.123+0300][56,973s][info][gc] GC(1393) Concurrent evacuation 1,757ms
[2021-04-30T09:23:46.123+0300][56,973s][info][gc] GC(1393) Pause Init Update Refs 0,007ms
[2021-04-30T09:23:46.138+0300][56,987s][info][gc] GC(1393) Concurrent update references 14,535ms
[2021-04-30T09:23:46.138+0300][56,988s][info][gc] GC(1393) Pause Final Update Refs 0,073ms
[2021-04-30T09:23:46.138+0300][56,988s][info][gc] GC(1393) Concurrent cleanup 126M->119M(128M) 0,040ms
[2021-04-30T09:23:46.140+0300][56,989s][info][gc] Trigger: Free (1941K) is below minimum threshold (13107K)
[2021-04-30T09:23:46.140+0300][56,989s][info][gc] GC(1394) Concurrent reset 0,155ms
[2021-04-30T09:23:46.140+0300][56,989s][info][gc] GC(1394) Pause Init Mark 0,158ms
[2021-04-30T09:23:46.155+0300][57,004s][info][gc] GC(1394) Concurrent marking 14,846ms
[2021-04-30T09:23:46.156+0300][57,006s][info][gc] GC(1394) Pause Final Mark 1,111ms
[2021-04-30T09:23:46.156+0300][57,006s][info][gc] GC(1394) Concurrent cleanup 120M->120M(128M) 0,039ms
[2021-04-30T09:23:46.158+0300][57,007s][info][gc] GC(1394) Concurrent evacuation 1,272ms
[2021-04-30T09:23:46.158+0300][57,007s][info][gc] GC(1394) Pause Init Update Refs 0,010ms
[2021-04-30T09:23:46.173+0300][57,022s][info][gc] GC(1394) Concurrent update references 14,626ms
[2021-04-30T09:23:46.173+0300][57,022s][info][gc] GC(1394) Pause Final Update Refs 0,168ms
[2021-04-30T09:23:46.173+0300][57,023s][info][gc] GC(1394) Concurrent cleanup 126M->120M(128M) 0,046ms
[2021-04-30T09:23:46.174+0300][57,024s][info][gc] Trigger: Free (1380K) is below minimum threshold (13107K)
[2021-04-30T09:23:46.174+0300][57,024s][info][gc] GC(1395) Concurrent reset 0,250ms
[2021-04-30T09:23:46.175+0300][57,024s][info][gc] GC(1395) Pause Init Mark (process weakrefs) 0,155ms
[2021-04-30T09:23:46.196+0300][57,045s][info][gc] GC(1395) Concurrent marking (process weakrefs) 20,889ms
[2021-04-30T09:23:46.196+0300][57,045s][info][gc] GC(1395) Concurrent precleaning 0,148ms
[2021-04-30T09:23:46.197+0300][57,047s][info][gc] GC(1395) Pause Final Mark (process weakrefs) 1,160ms
[2021-04-30T09:23:46.198+0300][57,047s][info][gc] GC(1395) Concurrent cleanup 120M->120M(128M) 0,052ms
[2021-04-30T09:23:46.199+0300][57,048s][info][gc] GC(1395) Concurrent evacuation 1,242ms
[2021-04-30T09:23:46.199+0300][57,048s][info][gc] GC(1395) Pause Init Update Refs 0,005ms
[2021-04-30T09:23:46.209+0300][57,058s][info][gc] GC(1395) Concurrent update references 9,551ms
[2021-04-30T09:23:46.209+0300][57,058s][info][gc] GC(1395) Pause Final Update Refs 0,099ms
[2021-04-30T09:23:46.209+0300][57,059s][info][gc] GC(1395) Concurrent cleanup 126M->119M(128M) 0,041ms
[2021-04-30T09:23:46.210+0300][57,060s][info][gc] Trigger: Free (2293K) is below minimum threshold (13107K)
[2021-04-30T09:23:46.211+0300][57,060s][info][gc] GC(1396) Concurrent reset 0,257ms
[2021-04-30T09:23:46.211+0300][57,060s][info][gc] GC(1396) Pause Init Mark 0,158ms
[2021-04-30T09:23:46.233+0300][57,083s][info][gc] GC(1396) Concurrent marking 22,088ms
[2021-04-30T09:23:46.234+0300][57,084s][info][gc] GC(1396) Pause Final Mark 1,185ms
[2021-04-30T09:23:46.235+0300][57,084s][info][gc] GC(1396) Concurrent cleanup 119M->119M(128M) 0,039ms
[2021-04-30T09:23:46.236+0300][57,085s][info][gc] GC(1396) Concurrent evacuation 1,293ms
[2021-04-30T09:23:46.236+0300][57,085s][info][gc] GC(1396) Pause Init Update Refs 0,022ms
[2021-04-30T09:23:46.247+0300][57,096s][info][gc] GC(1396) Concurrent update references 10,911ms
[2021-04-30T09:23:46.247+0300][57,097s][info][gc] GC(1396) Pause Final Update Refs 0,127ms
[2021-04-30T09:23:46.247+0300][57,097s][info][gc] GC(1396) Concurrent cleanup 126M->119M(128M) 0,039ms
[2021-04-30T09:23:46.248+0300][57,098s][info][gc] Trigger: Free (1450K) is below minimum threshold (13107K)
[2021-04-30T09:23:46.249+0300][57,098s][info][gc] GC(1397) Concurrent reset 0,158ms
[2021-04-30T09:23:46.249+0300][57,098s][info][gc] GC(1397) Pause Init Mark 0,221ms
[2021-04-30T09:23:46.263+0300][57,113s][info][gc] GC(1397) Concurrent marking 14,348ms
[2021-04-30T09:23:46.265+0300][57,114s][info][gc] GC(1397) Pause Final Mark 1,464ms
[2021-04-30T09:23:46.265+0300][57,115s][info][gc] GC(1397) Concurrent cleanup 120M->120M(128M) 0,051ms
[2021-04-30T09:23:46.267+0300][57,116s][info][gc] GC(1397) Concurrent evacuation 1,575ms
[2021-04-30T09:23:46.267+0300][57,117s][info][gc] GC(1397) Pause Init Update Refs 0,009ms
[2021-04-30T09:23:46.277+0300][57,126s][info][gc] GC(1397) Concurrent update references 9,404ms
[2021-04-30T09:23:46.277+0300][57,127s][info][gc] GC(1397) Pause Final Update Refs 0,166ms
[2021-04-30T09:23:46.277+0300][57,127s][info][gc] GC(1397) Concurrent cleanup 126M->119M(128M) 0,042ms
[2021-04-30T09:23:46.278+0300][57,128s][info][gc] Trigger: Free (2426K) is below minimum threshold (13107K)
[2021-04-30T09:23:46.279+0300][57,128s][info][gc] GC(1398) Concurrent reset 0,153ms
[2021-04-30T09:23:46.279+0300][57,128s][info][gc] GC(1398) Pause Init Mark 0,223ms
[2021-04-30T09:23:46.296+0300][57,145s][info][gc] GC(1398) Concurrent marking 16,962ms
[2021-04-30T09:23:46.297+0300][57,147s][info][gc] GC(1398) Pause Final Mark 1,237ms
[2021-04-30T09:23:46.297+0300][57,147s][info][gc] GC(1398) Concurrent cleanup 119M->119M(128M) 0,038ms
[2021-04-30T09:23:46.299+0300][57,148s][info][gc] GC(1398) Concurrent evacuation 1,304ms
[2021-04-30T09:23:46.299+0300][57,148s][info][gc] GC(1398) Pause Init Update Refs 0,005ms
[2021-04-30T09:23:46.309+0300][57,158s][info][gc] GC(1398) Concurrent update references 10,136ms
[2021-04-30T09:23:46.309+0300][57,159s][info][gc] GC(1398) Pause Final Update Refs 0,107ms
[2021-04-30T09:23:46.310+0300][57,159s][info][gc] GC(1398) Concurrent cleanup 126M->120M(128M) 0,039ms
[2021-04-30T09:23:46.311+0300][57,160s][info][gc] Trigger: Free (1297K) is below minimum threshold (13107K)
[2021-04-30T09:23:46.311+0300][57,161s][info][gc] GC(1399) Concurrent reset 0,203ms
[2021-04-30T09:23:46.312+0300][57,161s][info][gc] GC(1399) Pause Init Mark (unload classes) 0,228ms
[2021-04-30T09:23:46.328+0300][57,178s][info][gc] GC(1399) Concurrent marking (unload classes) 16,483ms
[2021-04-30T09:23:46.332+0300][57,181s][info][gc] GC(1399) Pause Final Mark (unload classes) 3,374ms
[2021-04-30T09:23:46.332+0300][57,181s][info][gc] GC(1399) Concurrent cleanup 120M->120M(128M) 0,047ms
[2021-04-30T09:23:46.333+0300][57,183s][info][gc] GC(1399) Concurrent evacuation 1,364ms
[2021-04-30T09:23:46.334+0300][57,183s][info][gc] GC(1399) Pause Init Update Refs 0,006ms
[2021-04-30T09:23:46.343+0300][57,192s][info][gc] GC(1399) Concurrent update references 8,915ms
[2021-04-30T09:23:46.343+0300][57,192s][info][gc] GC(1399) Pause Final Update Refs 0,069ms
[2021-04-30T09:23:46.343+0300][57,192s][info][gc] GC(1399) Concurrent cleanup 125M->119M(128M) 0,041ms
[2021-04-30T09:23:46.344+0300][57,194s][info][gc] Trigger: Free (1604K) is below minimum threshold (13107K)
[2021-04-30T09:23:46.344+0300][57,194s][info][gc] GC(1400) Concurrent reset 0,164ms
[2021-04-30T09:23:46.345+0300][57,194s][info][gc] GC(1400) Pause Init Mark (process weakrefs) 0,160ms
[2021-04-30T09:23:46.359+0300][57,209s][info][gc] GC(1400) Concurrent marking (process weakrefs) 14,745ms
[2021-04-30T09:23:46.360+0300][57,209s][info][gc] GC(1400) Concurrent precleaning 0,191ms
[2021-04-30T09:23:46.361+0300][57,210s][info][gc] GC(1400) Pause Final Mark (process weakrefs) 0,933ms
[2021-04-30T09:23:46.361+0300][57,210s][info][gc] GC(1400) Concurrent cleanup 120M->120M(128M) 0,037ms
[2021-04-30T09:23:46.362+0300][57,212s][info][gc] GC(1400) Concurrent evacuation 1,273ms
[2021-04-30T09:23:46.363+0300][57,212s][info][gc] GC(1400) Pause Init Update Refs 0,005ms
[2021-04-30T09:23:46.371+0300][57,221s][info][gc] GC(1400) Concurrent update references 8,698ms
[2021-04-30T09:23:46.372+0300][57,221s][info][gc] GC(1400) Pause Final Update Refs 0,093ms
[2021-04-30T09:23:46.372+0300][57,221s][info][gc] GC(1400) Concurrent cleanup 125M->118M(128M) 0,040ms
[2021-04-30T09:23:46.373+0300][57,222s][info][gc] Trigger: Free (2692K) is below minimum threshold (13107K)
[2021-04-30T09:23:46.373+0300][57,223s][info][gc] GC(1401) Concurrent reset 0,184ms
[2021-04-30T09:23:46.374+0300][57,223s][info][gc] GC(1401) Pause Init Mark 0,140ms
[2021-04-30T09:23:46.388+0300][57,238s][info][gc] GC(1401) Concurrent marking 14,664ms
[2021-04-30T09:23:46.390+0300][57,239s][info][gc] GC(1401) Pause Final Mark 0,942ms
[2021-04-30T09:23:46.390+0300][57,239s][info][gc] GC(1401) Concurrent cleanup 119M->119M(128M) 0,037ms
[2021-04-30T09:23:46.391+0300][57,240s][info][gc] GC(1401) Concurrent evacuation 1,283ms
[2021-04-30T09:23:46.391+0300][57,241s][info][gc] GC(1401) Pause Init Update Refs 0,005ms
[2021-04-30T09:23:46.400+0300][57,249s][info][gc] GC(1401) Concurrent update references 8,710ms
[2021-04-30T09:23:46.400+0300][57,250s][info][gc] GC(1401) Pause Final Update Refs 0,095ms
[2021-04-30T09:23:46.400+0300][57,250s][info][gc] GC(1401) Concurrent cleanup 125M->119M(128M) 0,039ms
[2021-04-30T09:23:46.402+0300][57,251s][info][gc] Trigger: Free (1902K) is below minimum threshold (13107K)
[2021-04-30T09:23:46.402+0300][57,251s][info][gc] GC(1402) Concurrent reset 0,253ms
[2021-04-30T09:23:46.402+0300][57,252s][info][gc] GC(1402) Pause Init Mark 0,214ms
[2021-04-30T09:23:46.418+0300][57,267s][info][gc] GC(1402) Concurrent marking 15,277ms
[2021-04-30T09:23:46.419+0300][57,268s][info][gc] GC(1402) Pause Final Mark 1,188ms
[2021-04-30T09:23:46.419+0300][57,269s][info][gc] GC(1402) Concurrent cleanup 120M->120M(128M) 0,048ms
[2021-04-30T09:23:46.420+0300][57,270s][info][gc] GC(1402) Concurrent evacuation 1,298ms
[2021-04-30T09:23:46.421+0300][57,270s][info][gc] GC(1402) Pause Init Update Refs 0,021ms
[2021-04-30T09:23:46.430+0300][57,279s][info][gc] GC(1402) Concurrent update references 9,000ms
[2021-04-30T09:23:46.430+0300][57,280s][info][gc] GC(1402) Pause Final Update Refs 0,082ms
[2021-04-30T09:23:46.430+0300][57,280s][info][gc] GC(1402) Concurrent cleanup 125M->119M(128M) 0,040ms
[2021-04-30T09:23:46.431+0300][57,281s][info][gc] Trigger: Free (2148K) is below minimum threshold (13107K)
[2021-04-30T09:23:46.432+0300][57,281s][info][gc] GC(1403) Concurrent reset 0,273ms
[2021-04-30T09:23:46.432+0300][57,282s][info][gc] GC(1403) Pause Init Mark 0,203ms
[2021-04-30T09:23:46.454+0300][57,303s][info][gc] GC(1403) Concurrent marking 21,313ms
[2021-04-30T09:23:46.455+0300][57,304s][info][gc] GC(1403) Pause Final Mark 1,021ms
[2021-04-30T09:23:46.455+0300][57,304s][info][gc] GC(1403) Concurrent cleanup 120M->120M(128M) 0,040ms
[2021-04-30T09:23:46.457+0300][57,306s][info][gc] GC(1403) Concurrent evacuation 1,672ms
[2021-04-30T09:23:46.457+0300][57,306s][info][gc] GC(1403) Pause Init Update Refs 0,006ms
[2021-04-30T09:23:46.468+0300][57,318s][info][gc] GC(1403) Concurrent update references 11,240ms
[2021-04-30T09:23:46.469+0300][57,318s][info][gc] GC(1403) Pause Final Update Refs 0,073ms
[2021-04-30T09:23:46.469+0300][57,318s][info][gc] GC(1403) Concurrent cleanup 126M->120M(128M) 0,043ms
[2021-04-30T09:23:46.470+0300][57,319s][info][gc] Trigger: Free (1320K) is below minimum threshold (13107K)
[2021-04-30T09:23:46.470+0300][57,319s][info][gc] GC(1404) Concurrent reset 0,153ms
[2021-04-30T09:23:46.470+0300][57,320s][info][gc] GC(1404) Pause Init Mark 0,178ms
[2021-04-30T09:23:46.488+0300][57,337s][info][gc] GC(1404) Concurrent marking 17,469ms
[2021-04-30T09:23:46.489+0300][57,338s][info][gc] GC(1404) Pause Final Mark 0,946ms
[2021-04-30T09:23:46.489+0300][57,338s][info][gc] GC(1404) Concurrent cleanup 120M->120M(128M) 0,041ms
[2021-04-30T09:23:46.491+0300][57,340s][info][gc] GC(1404) Concurrent evacuation 1,452ms
[2021-04-30T09:23:46.491+0300][57,340s][info][gc] GC(1404) Pause Init Update Refs 0,006ms
[2021-04-30T09:23:46.500+0300][57,349s][info][gc] GC(1404) Concurrent update references 8,956ms
[2021-04-30T09:23:46.500+0300][57,349s][info][gc] GC(1404) Pause Final Update Refs 0,105ms
[2021-04-30T09:23:46.500+0300][57,350s][info][gc] GC(1404) Concurrent cleanup 126M->119M(128M) 0,044ms
[2021-04-30T09:23:46.501+0300][57,351s][info][gc] Trigger: Free (2259K) is below minimum threshold (13107K)
[2021-04-30T09:23:46.501+0300][57,351s][info][gc] GC(1405) Concurrent reset 0,156ms
[2021-04-30T09:23:46.502+0300][57,351s][info][gc] GC(1405) Pause Init Mark (process weakrefs) 0,207ms
[2021-04-30T09:23:46.519+0300][57,368s][info][gc] GC(1405) Concurrent marking (process weakrefs) 16,662ms
[2021-04-30T09:23:46.519+0300][57,368s][info][gc] GC(1405) Concurrent precleaning 0,171ms
[2021-04-30T09:23:46.520+0300][57,370s][info][gc] GC(1405) Pause Final Mark (process weakrefs) 1,243ms
[2021-04-30T09:23:46.520+0300][57,370s][info][gc] GC(1405) Concurrent cleanup 119M->119M(128M) 0,043ms
[2021-04-30T09:23:46.523+0300][57,372s][info][gc] GC(1405) Concurrent evacuation 2,723ms
[2021-04-30T09:23:46.523+0300][57,373s][info][gc] GC(1405) Pause Init Update Refs 0,008ms
[2021-04-30T09:23:46.535+0300][57,384s][info][gc] GC(1405) Concurrent update references 11,320ms
[2021-04-30T09:23:46.535+0300][57,384s][info][gc] GC(1405) Pause Final Update Refs 0,070ms
[2021-04-30T09:23:46.535+0300][57,385s][info][gc] GC(1405) Concurrent cleanup 125M->119M(128M) 0,047ms
[2021-04-30T09:23:46.536+0300][57,386s][info][gc] Trigger: Free (1280K) is below minimum threshold (13107K)
[2021-04-30T09:23:46.537+0300][57,386s][info][gc] GC(1406) Concurrent reset 0,287ms
[2021-04-30T09:23:46.537+0300][57,386s][info][gc] GC(1406) Pause Init Mark 0,149ms
[2021-04-30T09:23:46.555+0300][57,404s][info][gc] GC(1406) Concurrent marking 18,071ms
[2021-04-30T09:23:46.556+0300][57,406s][info][gc] GC(1406) Pause Final Mark 1,168ms
[2021-04-30T09:23:46.556+0300][57,406s][info][gc] GC(1406) Concurrent cleanup 121M->121M(128M) 0,037ms
[2021-04-30T09:23:46.558+0300][57,407s][info][gc] GC(1406) Concurrent evacuation 1,351ms
[2021-04-30T09:23:46.558+0300][57,407s][info][gc] GC(1406) Pause Init Update Refs 0,005ms
[2021-04-30T09:23:46.573+0300][57,422s][info][gc] GC(1406) Concurrent update references 15,021ms
[2021-04-30T09:23:46.573+0300][57,423s][info][gc] GC(1406) Pause Final Update Refs 0,129ms
[2021-04-30T09:23:46.574+0300][57,423s][info][gc] GC(1406) Concurrent cleanup 126M->119M(128M) 0,041ms
[2021-04-30T09:23:46.575+0300][57,424s][info][gc] Trigger: Free (2434K) is below minimum threshold (13107K)
[2021-04-30T09:23:46.575+0300][57,424s][info][gc] GC(1407) Concurrent reset 0,161ms
[2021-04-30T09:23:46.575+0300][57,425s][info][gc] GC(1407) Pause Init Mark 0,247ms
[2021-04-30T09:23:46.591+0300][57,440s][info][gc] GC(1407) Concurrent marking 15,634ms
[2021-04-30T09:23:46.592+0300][57,442s][info][gc] GC(1407) Pause Final Mark 1,084ms
[2021-04-30T09:23:46.592+0300][57,442s][info][gc] GC(1407) Concurrent cleanup 119M->119M(128M) 0,041ms
[2021-04-30T09:23:46.595+0300][57,444s][info][gc] GC(1407) Concurrent evacuation 2,568ms
[2021-04-30T09:23:46.595+0300][57,444s][info][gc] GC(1407) Pause Init Update Refs 0,007ms
[2021-04-30T09:23:46.604+0300][57,454s][info][gc] GC(1407) Concurrent update references 9,373ms
[2021-04-30T09:23:46.605+0300][57,454s][info][gc] GC(1407) Pause Final Update Refs 0,085ms
[2021-04-30T09:23:46.605+0300][57,454s][info][gc] GC(1407) Concurrent cleanup 124M->119M(128M) 0,047ms
[2021-04-30T09:23:46.606+0300][57,456s][info][gc] Trigger: Free (2272K) is below minimum threshold (13107K)
[2021-04-30T09:23:46.606+0300][57,456s][info][gc] GC(1408) Concurrent reset 0,258ms
[2021-04-30T09:23:46.607+0300][57,457s][info][gc] GC(1408) Pause Init Mark 0,437ms
[2021-04-30T09:23:46.622+0300][57,472s][info][gc] GC(1408) Concurrent marking 15,099ms
[2021-04-30T09:23:46.623+0300][57,473s][info][gc] GC(1408) Pause Final Mark 0,929ms
[2021-04-30T09:23:46.624+0300][57,473s][info][gc] GC(1408) Concurrent cleanup 119M->119M(128M) 0,037ms
[2021-04-30T09:23:46.625+0300][57,474s][info][gc] GC(1408) Concurrent evacuation 1,267ms
[2021-04-30T09:23:46.625+0300][57,474s][info][gc] GC(1408) Pause Init Update Refs 0,005ms
[2021-04-30T09:23:46.634+0300][57,483s][info][gc] GC(1408) Concurrent update references 8,804ms
[2021-04-30T09:23:46.634+0300][57,484s][info][gc] GC(1408) Pause Final Update Refs 0,070ms
[2021-04-30T09:23:46.634+0300][57,484s][info][gc] GC(1408) Concurrent cleanup 125M->119M(128M) 0,040ms
[2021-04-30T09:23:46.635+0300][57,485s][info][gc] Trigger: Free (2377K) is below minimum threshold (13107K)
[2021-04-30T09:23:46.636+0300][57,485s][info][gc] GC(1409) Concurrent reset 0,124ms
[2021-04-30T09:23:46.636+0300][57,485s][info][gc] GC(1409) Pause Init Mark 0,159ms
[2021-04-30T09:23:46.651+0300][57,500s][info][gc] GC(1409) Concurrent marking 14,819ms
[2021-04-30T09:23:46.652+0300][57,502s][info][gc] GC(1409) Pause Final Mark 1,129ms
[2021-04-30T09:23:46.652+0300][57,502s][info][gc] GC(1409) Concurrent cleanup 119M->119M(128M) 0,037ms
[2021-04-30T09:23:46.653+0300][57,503s][info][gc] GC(1409) Concurrent evacuation 1,213ms
[2021-04-30T09:23:46.654+0300][57,503s][info][gc] GC(1409) Pause Init Update Refs 0,021ms
[2021-04-30T09:23:46.663+0300][57,512s][info][gc] GC(1409) Concurrent update references 9,154ms
[2021-04-30T09:23:46.663+0300][57,513s][info][gc] GC(1409) Pause Final Update Refs 0,218ms
[2021-04-30T09:23:46.664+0300][57,513s][info][gc] GC(1409) Concurrent cleanup 125M->119M(128M) 0,039ms
[2021-04-30T09:23:46.665+0300][57,514s][info][gc] Trigger: Free (2166K) is below minimum threshold (13107K)
[2021-04-30T09:23:46.665+0300][57,514s][info][gc] GC(1410) Concurrent reset 0,121ms
[2021-04-30T09:23:46.665+0300][57,515s][info][gc] GC(1410) Pause Init Mark (process weakrefs) 0,288ms
[2021-04-30T09:23:46.680+0300][57,530s][info][gc] GC(1410) Concurrent marking (process weakrefs) 14,749ms
[2021-04-30T09:23:46.680+0300][57,530s][info][gc] GC(1410) Concurrent precleaning 0,050ms
[2021-04-30T09:23:46.682+0300][57,531s][info][gc] GC(1410) Pause Final Mark (process weakrefs) 1,124ms
[2021-04-30T09:23:46.682+0300][57,531s][info][gc] GC(1410) Concurrent cleanup 120M->120M(128M) 0,043ms
[2021-04-30T09:23:46.683+0300][57,533s][info][gc] GC(1410) Concurrent evacuation 1,424ms
[2021-04-30T09:23:46.683+0300][57,533s][info][gc] GC(1410) Pause Init Update Refs 0,005ms
[2021-04-30T09:23:46.693+0300][57,542s][info][gc] GC(1410) Concurrent update references 9,188ms
[2021-04-30T09:23:46.693+0300][57,542s][info][gc] GC(1410) Pause Final Update Refs 0,081ms
[2021-04-30T09:23:46.693+0300][57,542s][info][gc] GC(1410) Concurrent cleanup 125M->119M(128M) 0,041ms
[2021-04-30T09:23:46.694+0300][57,544s][info][gc] Trigger: Free (2006K) is below minimum threshold (13107K)
[2021-04-30T09:23:46.694+0300][57,544s][info][gc] GC(1411) Concurrent reset 0,256ms
[2021-04-30T09:23:46.695+0300][57,544s][info][gc] GC(1411) Pause Init Mark 0,145ms
[2021-04-30T09:23:46.711+0300][57,560s][info][gc] GC(1411) Concurrent marking 15,994ms
[2021-04-30T09:23:46.712+0300][57,561s][info][gc] GC(1411) Pause Final Mark 0,869ms
[2021-04-30T09:23:46.712+0300][57,561s][info][gc] GC(1411) Concurrent cleanup 120M->120M(128M) 0,038ms
[2021-04-30T09:23:46.713+0300][57,563s][info][gc] GC(1411) Concurrent evacuation 1,277ms
[2021-04-30T09:23:46.714+0300][57,563s][info][gc] GC(1411) Pause Init Update Refs 0,021ms
[2021-04-30T09:23:46.723+0300][57,572s][info][gc] GC(1411) Concurrent update references 8,768ms
[2021-04-30T09:23:46.723+0300][57,572s][info][gc] GC(1411) Pause Final Update Refs 0,092ms
[2021-04-30T09:23:46.723+0300][57,573s][info][gc] GC(1411) Concurrent cleanup 126M->119M(128M) 0,041ms
[2021-04-30T09:23:46.724+0300][57,574s][info][gc] Trigger: Free (1708K) is below minimum threshold (13107K)
[2021-04-30T09:23:46.724+0300][57,574s][info][gc] GC(1412) Concurrent reset 0,155ms
[2021-04-30T09:23:46.725+0300][57,574s][info][gc] GC(1412) Pause Init Mark 0,157ms
[2021-04-30T09:23:46.740+0300][57,589s][info][gc] GC(1412) Concurrent marking 14,755ms
[2021-04-30T09:23:46.741+0300][57,590s][info][gc] GC(1412) Pause Final Mark 1,020ms
[2021-04-30T09:23:46.741+0300][57,590s][info][gc] GC(1412) Concurrent cleanup 120M->120M(128M) 0,038ms
[2021-04-30T09:23:46.742+0300][57,592s][info][gc] GC(1412) Concurrent evacuation 1,230ms
[2021-04-30T09:23:46.742+0300][57,592s][info][gc] GC(1412) Pause Init Update Refs 0,021ms
[2021-04-30T09:23:46.751+0300][57,600s][info][gc] GC(1412) Concurrent update references 8,651ms
[2021-04-30T09:23:46.751+0300][57,601s][info][gc] GC(1412) Pause Final Update Refs 0,094ms
[2021-04-30T09:23:46.752+0300][57,601s][info][gc] GC(1412) Concurrent cleanup 126M->119M(128M) 0,040ms
[2021-04-30T09:23:46.753+0300][57,602s][info][gc] Trigger: Free (1748K) is below minimum threshold (13107K)
[2021-04-30T09:23:46.753+0300][57,602s][info][gc] GC(1413) Concurrent reset 0,222ms
[2021-04-30T09:23:46.753+0300][57,603s][info][gc] GC(1413) Pause Init Mark 0,143ms
[2021-04-30T09:23:46.768+0300][57,617s][info][gc] GC(1413) Concurrent marking 14,528ms
[2021-04-30T09:23:46.769+0300][57,618s][info][gc] GC(1413) Pause Final Mark 0,937ms
[2021-04-30T09:23:46.769+0300][57,618s][info][gc] GC(1413) Concurrent cleanup 120M->120M(128M) 0,038ms
[2021-04-30T09:23:46.770+0300][57,620s][info][gc] GC(1413) Concurrent evacuation 1,276ms
[2021-04-30T09:23:46.771+0300][57,620s][info][gc] GC(1413) Pause Init Update Refs 0,021ms
[2021-04-30T09:23:46.780+0300][57,629s][info][gc] GC(1413) Concurrent update references 9,130ms
[2021-04-30T09:23:46.780+0300][57,629s][info][gc] GC(1413) Pause Final Update Refs 0,058ms
[2021-04-30T09:23:46.780+0300][57,630s][info][gc] GC(1413) Concurrent cleanup 126M->120M(128M) 0,056ms
[2021-04-30T09:23:46.781+0300][57,631s][info][gc] Trigger: Free (1346K) is below minimum threshold (13107K)
[2021-04-30T09:23:46.782+0300][57,631s][info][gc] GC(1414) Concurrent reset 0,147ms
[2021-04-30T09:23:46.782+0300][57,631s][info][gc] GC(1414) Pause Init Mark 0,157ms
[2021-04-30T09:23:46.796+0300][57,646s][info][gc] GC(1414) Concurrent marking 14,227ms
[2021-04-30T09:23:46.798+0300][57,647s][info][gc] GC(1414) Pause Final Mark 1,039ms
[2021-04-30T09:23:46.798+0300][57,647s][info][gc] GC(1414) Concurrent cleanup 120M->120M(128M) 0,037ms
[2021-04-30T09:23:46.799+0300][57,648s][info][gc] GC(1414) Concurrent evacuation 1,322ms
[2021-04-30T09:23:46.799+0300][57,649s][info][gc] GC(1414) Pause Init Update Refs 0,006ms
[2021-04-30T09:23:46.814+0300][57,664s][info][gc] GC(1414) Concurrent update references 15,095ms
[2021-04-30T09:23:46.815+0300][57,664s][info][gc] GC(1414) Pause Final Update Refs 0,075ms
[2021-04-30T09:23:46.815+0300][57,664s][info][gc] GC(1414) Concurrent cleanup 126M->119M(128M) 0,041ms
[2021-04-30T09:23:46.816+0300][57,665s][info][gc] Trigger: Free (2009K) is below minimum threshold (13107K)
[2021-04-30T09:23:46.816+0300][57,666s][info][gc] GC(1415) Concurrent reset 0,123ms
[2021-04-30T09:23:46.816+0300][57,666s][info][gc] GC(1415) Pause Init Mark (process weakrefs) 0,188ms
[2021-04-30T09:23:46.834+0300][57,683s][info][gc] GC(1415) Concurrent marking (process weakrefs) 17,539ms
[2021-04-30T09:23:46.834+0300][57,684s][info][gc] GC(1415) Concurrent precleaning 0,130ms
[2021-04-30T09:23:46.836+0300][57,685s][info][gc] GC(1415) Pause Final Mark (process weakrefs) 1,117ms
[2021-04-30T09:23:46.836+0300][57,685s][info][gc] GC(1415) Concurrent cleanup 120M->120M(128M) 0,037ms
[2021-04-30T09:23:46.837+0300][57,686s][info][gc] GC(1415) Concurrent evacuation 1,286ms
[2021-04-30T09:23:46.837+0300][57,687s][info][gc] GC(1415) Pause Init Update Refs 0,021ms
[2021-04-30T09:23:46.847+0300][57,697s][info][gc] GC(1415) Concurrent update references 9,806ms
[2021-04-30T09:23:46.847+0300][57,697s][info][gc] GC(1415) Pause Final Update Refs 0,074ms
[2021-04-30T09:23:46.847+0300][57,697s][info][gc] GC(1415) Concurrent cleanup 125M->118M(128M) 0,045ms
[2021-04-30T09:23:46.849+0300][57,698s][info][gc] Trigger: Free (1668K) is below minimum threshold (13107K)
[2021-04-30T09:23:46.849+0300][57,698s][info][gc] GC(1416) Concurrent reset 0,116ms
[2021-04-30T09:23:46.849+0300][57,699s][info][gc] GC(1416) Pause Init Mark 0,166ms
[2021-04-30T09:23:46.867+0300][57,716s][info][gc] GC(1416) Concurrent marking 17,419ms
[2021-04-30T09:23:46.868+0300][57,718s][info][gc] GC(1416) Pause Final Mark 1,556ms
[2021-04-30T09:23:46.868+0300][57,718s][info][gc] GC(1416) Concurrent cleanup 120M->120M(128M) 0,041ms
[2021-04-30T09:23:46.870+0300][57,719s][info][gc] GC(1416) Concurrent evacuation 1,323ms
[2021-04-30T09:23:46.870+0300][57,719s][info][gc] GC(1416) Pause Init Update Refs 0,004ms
[2021-04-30T09:23:46.879+0300][57,729s][info][gc] GC(1416) Concurrent update references 9,424ms
[2021-04-30T09:23:46.880+0300][57,729s][info][gc] GC(1416) Pause Final Update Refs 0,074ms
[2021-04-30T09:23:46.880+0300][57,729s][info][gc] GC(1416) Concurrent cleanup 126M->120M(128M) 0,039ms
[2021-04-30T09:23:46.881+0300][57,730s][info][gc] Trigger: Free (1337K) is below minimum threshold (13107K)
[2021-04-30T09:23:46.881+0300][57,731s][info][gc] GC(1417) Concurrent reset 0,137ms
[2021-04-30T09:23:46.882+0300][57,731s][info][gc] GC(1417) Pause Init Mark 0,185ms
[2021-04-30T09:23:46.899+0300][57,748s][info][gc] GC(1417) Concurrent marking 17,435ms
[2021-04-30T09:23:46.900+0300][57,750s][info][gc] GC(1417) Pause Final Mark 0,972ms
[2021-04-30T09:23:46.900+0300][57,750s][info][gc] GC(1417) Concurrent cleanup 120M->120M(128M) 0,040ms
[2021-04-30T09:23:46.903+0300][57,752s][info][gc] GC(1417) Concurrent evacuation 2,287ms
[2021-04-30T09:23:46.903+0300][57,752s][info][gc] GC(1417) Pause Init Update Refs 0,006ms
[2021-04-30T09:23:46.914+0300][57,763s][info][gc] GC(1417) Concurrent update references 11,032ms
[2021-04-30T09:23:46.914+0300][57,763s][info][gc] GC(1417) Pause Final Update Refs 0,052ms
[2021-04-30T09:23:46.914+0300][57,764s][info][gc] GC(1417) Concurrent cleanup 126M->119M(128M) 0,041ms
[2021-04-30T09:23:46.915+0300][57,765s][info][gc] Trigger: Free (1640K) is below minimum threshold (13107K)
[2021-04-30T09:23:46.915+0300][57,765s][info][gc] GC(1418) Concurrent reset 0,152ms
[2021-04-30T09:23:46.916+0300][57,765s][info][gc] GC(1418) Pause Init Mark 0,141ms
[2021-04-30T09:23:46.931+0300][57,781s][info][gc] GC(1418) Concurrent marking 15,236ms
[2021-04-30T09:23:46.932+0300][57,782s][info][gc] GC(1418) Pause Final Mark 1,074ms
[2021-04-30T09:23:46.932+0300][57,782s][info][gc] GC(1418) Concurrent cleanup 120M->120M(128M) 0,040ms
[2021-04-30T09:23:46.934+0300][57,783s][info][gc] GC(1418) Concurrent evacuation 1,198ms
[2021-04-30T09:23:46.934+0300][57,783s][info][gc] GC(1418) Pause Init Update Refs 0,005ms
[2021-04-30T09:23:46.949+0300][57,798s][info][gc] GC(1418) Concurrent update references 14,699ms
[2021-04-30T09:23:46.949+0300][57,798s][info][gc] GC(1418) Pause Final Update Refs 0,088ms
[2021-04-30T09:23:46.949+0300][57,798s][info][gc] GC(1418) Concurrent cleanup 125M->119M(128M) 0,040ms
[2021-04-30T09:23:46.950+0300][57,800s][info][gc] Trigger: Free (1198K) is below minimum threshold (13107K)
[2021-04-30T09:23:46.950+0300][57,800s][info][gc] GC(1419) Concurrent reset 0,198ms
[2021-04-30T09:23:46.951+0300][57,800s][info][gc] GC(1419) Pause Init Mark 0,138ms
[2021-04-30T09:23:46.966+0300][57,816s][info][gc] GC(1419) Concurrent marking 15,437ms
[2021-04-30T09:23:46.967+0300][57,817s][info][gc] GC(1419) Pause Final Mark 0,909ms
[2021-04-30T09:23:46.967+0300][57,817s][info][gc] GC(1419) Concurrent cleanup 120M->120M(128M) 0,038ms
[2021-04-30T09:23:46.968+0300][57,818s][info][gc] GC(1419) Concurrent evacuation 1,172ms
[2021-04-30T09:23:46.969+0300][57,818s][info][gc] GC(1419) Pause Init Update Refs 0,005ms
[2021-04-30T09:23:46.977+0300][57,827s][info][gc] GC(1419) Concurrent update references 8,800ms
[2021-04-30T09:23:46.978+0300][57,827s][info][gc] GC(1419) Pause Final Update Refs 0,124ms
[2021-04-30T09:23:46.978+0300][57,827s][info][gc] GC(1419) Concurrent cleanup 126M->119M(128M) 0,039ms
[2021-04-30T09:23:46.979+0300][57,829s][info][gc] Trigger: Free (2398K) is below minimum threshold (13107K)
[2021-04-30T09:23:46.979+0300][57,829s][info][gc] GC(1420) Concurrent reset 0,158ms
[2021-04-30T09:23:46.980+0300][57,829s][info][gc] GC(1420) Pause Init Mark (process weakrefs) 0,202ms
[2021-04-30T09:23:46.997+0300][57,846s][info][gc] GC(1420) Concurrent marking (process weakrefs) 17,042ms
[2021-04-30T09:23:46.997+0300][57,846s][info][gc] GC(1420) Concurrent precleaning 0,084ms
[2021-04-30T09:23:46.998+0300][57,847s][info][gc] GC(1420) Pause Final Mark (process weakrefs) 0,913ms
[2021-04-30T09:23:46.998+0300][57,847s][info][gc] GC(1420) Concurrent cleanup 119M->119M(128M) 0,036ms
[2021-04-30T09:23:46.999+0300][57,848s][info][gc] GC(1420) Concurrent evacuation 1,161ms
[2021-04-30T09:23:46.999+0300][57,849s][info][gc] GC(1420) Pause Init Update Refs 0,005ms
[2021-04-30T09:23:47.009+0300][57,858s][info][gc] GC(1420) Concurrent update references 9,477ms
[2021-04-30T09:23:47.009+0300][57,858s][info][gc] GC(1420) Pause Final Update Refs 0,058ms
[2021-04-30T09:23:47.009+0300][57,859s][info][gc] GC(1420) Concurrent cleanup 125M->119M(128M) 0,055ms
[2021-04-30T09:23:47.010+0300][57,860s][info][gc] Trigger: Free (2264K) is below minimum threshold (13107K)
[2021-04-30T09:23:47.011+0300][57,860s][info][gc] GC(1421) Concurrent reset 0,171ms
[2021-04-30T09:23:47.011+0300][57,860s][info][gc] GC(1421) Pause Init Mark 0,192ms
[2021-04-30T09:23:47.027+0300][57,877s][info][gc] GC(1421) Concurrent marking 16,348ms
[2021-04-30T09:23:47.029+0300][57,878s][info][gc] GC(1421) Pause Final Mark 0,992ms
[2021-04-30T09:23:47.029+0300][57,878s][info][gc] GC(1421) Concurrent cleanup 119M->119M(128M) 0,037ms
[2021-04-30T09:23:47.030+0300][57,880s][info][gc] GC(1421) Concurrent evacuation 1,402ms
[2021-04-30T09:23:47.030+0300][57,880s][info][gc] GC(1421) Pause Init Update Refs 0,005ms
[2021-04-30T09:23:47.041+0300][57,890s][info][gc] GC(1421) Concurrent update references 10,230ms
[2021-04-30T09:23:47.041+0300][57,890s][info][gc] GC(1421) Pause Final Update Refs 0,103ms
[2021-04-30T09:23:47.041+0300][57,890s][info][gc] GC(1421) Concurrent cleanup 125M->119M(128M) 0,039ms
[2021-04-30T09:23:47.042+0300][57,892s][info][gc] Trigger: Free (996K) is below minimum threshold (13107K)
[2021-04-30T09:23:47.042+0300][57,892s][info][gc] GC(1422) Concurrent reset 0,202ms
[2021-04-30T09:23:47.043+0300][57,892s][info][gc] GC(1422) Pause Init Mark 0,177ms
[2021-04-30T09:23:47.066+0300][57,915s][info][gc] GC(1422) Concurrent marking 22,803ms
[2021-04-30T09:23:47.067+0300][57,916s][info][gc] GC(1422) Pause Final Mark 0,902ms
[2021-04-30T09:23:47.067+0300][57,916s][info][gc] GC(1422) Concurrent cleanup 121M->121M(128M) 0,038ms
[2021-04-30T09:23:47.068+0300][57,917s][info][gc] GC(1422) Concurrent evacuation 1,243ms
[2021-04-30T09:23:47.068+0300][57,917s][info][gc] GC(1422) Pause Init Update Refs 0,005ms
[2021-04-30T09:23:47.079+0300][57,928s][info][gc] GC(1422) Concurrent update references 10,701ms
[2021-04-30T09:23:47.079+0300][57,929s][info][gc] GC(1422) Pause Final Update Refs 0,069ms
[2021-04-30T09:23:47.079+0300][57,929s][info][gc] GC(1422) Concurrent cleanup 126M->119M(128M) 0,043ms
[2021-04-30T09:23:47.080+0300][57,930s][info][gc] Trigger: Free (2259K) is below minimum threshold (13107K)
[2021-04-30T09:23:47.080+0300][57,930s][info][gc] GC(1423) Concurrent reset 0,128ms
[2021-04-30T09:23:47.081+0300][57,930s][info][gc] GC(1423) Pause Init Mark 0,175ms
[2021-04-30T09:23:47.097+0300][57,947s][info][gc] GC(1423) Concurrent marking 16,250ms
[2021-04-30T09:23:47.098+0300][57,948s][info][gc] GC(1423) Pause Final Mark 0,947ms
[2021-04-30T09:23:47.098+0300][57,948s][info][gc] GC(1423) Concurrent cleanup 120M->120M(128M) 0,037ms
[2021-04-30T09:23:47.100+0300][57,949s][info][gc] GC(1423) Concurrent evacuation 1,350ms
[2021-04-30T09:23:47.100+0300][57,949s][info][gc] GC(1423) Pause Init Update Refs 0,006ms
[2021-04-30T09:23:47.110+0300][57,959s][info][gc] GC(1423) Concurrent update references 9,697ms
[2021-04-30T09:23:47.110+0300][57,959s][info][gc] GC(1423) Pause Final Update Refs 0,088ms
[2021-04-30T09:23:47.110+0300][57,960s][info][gc] GC(1423) Concurrent cleanup 125M->119M(128M) 0,040ms
[2021-04-30T09:23:47.111+0300][57,961s][info][gc] Trigger: Free (2165K) is below minimum threshold (13107K)
[2021-04-30T09:23:47.112+0300][57,961s][info][gc] GC(1424) Concurrent reset 0,295ms
[2021-04-30T09:23:47.112+0300][57,962s][info][gc] GC(1424) Pause Init Mark 0,316ms
[2021-04-30T09:23:47.128+0300][57,977s][info][gc] GC(1424) Concurrent marking 15,742ms
[2021-04-30T09:23:47.129+0300][57,979s][info][gc] GC(1424) Pause Final Mark 1,164ms
[2021-04-30T09:23:47.129+0300][57,979s][info][gc] GC(1424) Concurrent cleanup 119M->119M(128M) 0,038ms
[2021-04-30T09:23:47.131+0300][57,980s][info][gc] GC(1424) Concurrent evacuation 1,219ms
[2021-04-30T09:23:47.131+0300][57,980s][info][gc] GC(1424) Pause Init Update Refs 0,006ms
[2021-04-30T09:23:47.140+0300][57,989s][info][gc] GC(1424) Concurrent update references 8,867ms
[2021-04-30T09:23:47.140+0300][57,990s][info][gc] GC(1424) Pause Final Update Refs 0,107ms
[2021-04-30T09:23:47.140+0300][57,990s][info][gc] GC(1424) Concurrent cleanup 125M->119M(128M) 0,040ms
[2021-04-30T09:23:47.141+0300][57,991s][info][gc] Trigger: Free (1686K) is below minimum threshold (13107K)
[2021-04-30T09:23:47.141+0300][57,991s][info][gc] GC(1425) Concurrent reset 0,125ms
[2021-04-30T09:23:47.142+0300][57,991s][info][gc] GC(1425) Pause Init Mark (process weakrefs) 0,172ms
[2021-04-30T09:23:47.157+0300][58,006s][info][gc] GC(1425) Concurrent marking (process weakrefs) 14,750ms
[2021-04-30T09:23:47.157+0300][58,006s][info][gc] GC(1425) Concurrent precleaning 0,114ms
[2021-04-30T09:23:47.158+0300][58,008s][info][gc] GC(1425) Pause Final Mark (process weakrefs) 1,204ms
[2021-04-30T09:23:47.158+0300][58,008s][info][gc] GC(1425) Concurrent cleanup 120M->120M(128M) 0,037ms
[2021-04-30T09:23:47.160+0300][58,009s][info][gc] GC(1425) Concurrent evacuation 1,291ms
[2021-04-30T09:23:47.160+0300][58,009s][info][gc] GC(1425) Pause Init Update Refs 0,021ms
[2021-04-30T09:23:47.174+0300][58,024s][info][gc] GC(1425) Concurrent update references 14,482ms
[2021-04-30T09:23:47.175+0300][58,024s][info][gc] GC(1425) Pause Final Update Refs 0,165ms
[2021-04-30T09:23:47.175+0300][58,024s][info][gc] GC(1425) Concurrent cleanup 126M->119M(128M) 0,055ms
[2021-04-30T09:23:47.176+0300][58,026s][info][gc] Trigger: Free (1451K) is below minimum threshold (13107K)
[2021-04-30T09:23:47.176+0300][58,026s][info][gc] GC(1426) Concurrent reset 0,257ms
[2021-04-30T09:23:47.177+0300][58,026s][info][gc] GC(1426) Pause Init Mark 0,158ms
[2021-04-30T09:23:47.198+0300][58,048s][info][gc] GC(1426) Concurrent marking 21,107ms
[2021-04-30T09:23:47.199+0300][58,049s][info][gc] GC(1426) Pause Final Mark 1,148ms
[2021-04-30T09:23:47.200+0300][58,049s][info][gc] GC(1426) Concurrent cleanup 120M->120M(128M) 0,038ms
[2021-04-30T09:23:47.201+0300][58,050s][info][gc] GC(1426) Concurrent evacuation 1,311ms
[2021-04-30T09:23:47.201+0300][58,051s][info][gc] GC(1426) Pause Init Update Refs 0,005ms
[2021-04-30T09:23:47.212+0300][58,061s][info][gc] GC(1426) Concurrent update references 10,373ms
[2021-04-30T09:23:47.212+0300][58,061s][info][gc] GC(1426) Pause Final Update Refs 0,096ms
[2021-04-30T09:23:47.212+0300][58,061s][info][gc] GC(1426) Concurrent cleanup 126M->119M(128M) 0,055ms
[2021-04-30T09:23:47.213+0300][58,063s][info][gc] Trigger: Free (2066K) is below minimum threshold (13107K)
[2021-04-30T09:23:47.213+0300][58,063s][info][gc] GC(1427) Concurrent reset 0,188ms
[2021-04-30T09:23:47.214+0300][58,063s][info][gc] GC(1427) Pause Init Mark 0,202ms
[2021-04-30T09:23:47.229+0300][58,079s][info][gc] GC(1427) Concurrent marking 15,422ms
[2021-04-30T09:23:47.231+0300][58,080s][info][gc] GC(1427) Pause Final Mark 1,193ms
[2021-04-30T09:23:47.231+0300][58,080s][info][gc] GC(1427) Concurrent cleanup 120M->120M(128M) 0,038ms
[2021-04-30T09:23:47.232+0300][58,081s][info][gc] GC(1427) Concurrent evacuation 1,334ms
[2021-04-30T09:23:47.232+0300][58,082s][info][gc] GC(1427) Pause Init Update Refs 0,004ms
[2021-04-30T09:23:47.243+0300][58,093s][info][gc] GC(1427) Concurrent update references 10,963ms
[2021-04-30T09:23:47.244+0300][58,093s][info][gc] GC(1427) Pause Final Update Refs 0,231ms
[2021-04-30T09:23:47.244+0300][58,093s][info][gc] GC(1427) Concurrent cleanup 126M->120M(128M) 0,046ms
[2021-04-30T09:23:47.245+0300][58,094s][info][gc] Trigger: Free (300K) is below minimum threshold (13107K)
[2021-04-30T09:23:47.245+0300][58,095s][info][gc] GC(1428) Concurrent reset 0,221ms
[2021-04-30T09:23:47.246+0300][58,095s][info][gc] GC(1428) Pause Init Mark 0,289ms
[2021-04-30T09:23:47.269+0300][58,118s][info][gc] GC(1428) Concurrent marking 22,890ms
[2021-04-30T09:23:47.270+0300][58,120s][info][gc] GC(1428) Pause Final Mark 1,154ms
[2021-04-30T09:23:47.270+0300][58,120s][info][gc] GC(1428) Concurrent cleanup 121M->121M(128M) 0,037ms
[2021-04-30T09:23:47.271+0300][58,121s][info][gc] GC(1428) Concurrent evacuation 1,257ms
[2021-04-30T09:23:47.272+0300][58,121s][info][gc] GC(1428) Pause Init Update Refs 0,021ms
[2021-04-30T09:23:47.272+0300][58,122s][info][gc] Failed to allocate TLAB, 2672B
[2021-04-30T09:23:47.272+0300][58,122s][info][gc] Cancelling GC: Allocation Failure
[2021-04-30T09:23:47.273+0300][58,122s][info][gc] GC(1428) Concurrent update references 0,876ms
[2021-04-30T09:23:47.274+0300][58,123s][info][gc] Trigger: Handle Allocation Failure
[2021-04-30T09:23:47.283+0300][58,132s][info][gc] GC(1429) Pause Degenerated GC (Update Refs) 126M->118M(128M) 8,680ms
[2021-04-30T09:23:47.284+0300][58,133s][info][gc] Trigger: Free (1653K) is below minimum threshold (13107K)
[2021-04-30T09:23:47.284+0300][58,133s][info][gc] GC(1430) Concurrent reset 0,135ms
[2021-04-30T09:23:47.285+0300][58,134s][info][gc] GC(1430) Pause Init Mark (process weakrefs) 0,354ms
[2021-04-30T09:23:47.302+0300][58,152s][info][gc] GC(1430) Concurrent marking (process weakrefs) 17,638ms
[2021-04-30T09:23:47.302+0300][58,152s][info][gc] GC(1430) Concurrent precleaning 0,053ms
[2021-04-30T09:23:47.304+0300][58,153s][info][gc] GC(1430) Pause Final Mark (process weakrefs) 0,966ms
[2021-04-30T09:23:47.304+0300][58,153s][info][gc] GC(1430) Concurrent cleanup 120M->120M(128M) 0,058ms
[2021-04-30T09:23:47.305+0300][58,155s][info][gc] GC(1430) Concurrent evacuation 1,447ms
[2021-04-30T09:23:47.305+0300][58,155s][info][gc] GC(1430) Pause Init Update Refs 0,006ms
[2021-04-30T09:23:47.316+0300][58,165s][info][gc] GC(1430) Concurrent update references 10,054ms
[2021-04-30T09:23:47.316+0300][58,165s][info][gc] GC(1430) Pause Final Update Refs 0,118ms
[2021-04-30T09:23:47.316+0300][58,165s][info][gc] GC(1430) Concurrent cleanup 126M->120M(128M) 0,039ms
[2021-04-30T09:23:47.317+0300][58,167s][info][gc] Trigger: Free (358K) is below minimum threshold (13107K)
[2021-04-30T09:23:47.317+0300][58,167s][info][gc] GC(1431) Concurrent reset 0,115ms
[2021-04-30T09:23:47.318+0300][58,167s][info][gc] GC(1431) Pause Init Mark 0,139ms
[2021-04-30T09:23:47.333+0300][58,182s][info][gc] GC(1431) Concurrent marking 15,383ms
[2021-04-30T09:23:47.334+0300][58,184s][info][gc] GC(1431) Pause Final Mark 1,111ms
[2021-04-30T09:23:47.334+0300][58,184s][info][gc] Failed to allocate TLAB, 24152B
[2021-04-30T09:23:47.334+0300][58,184s][info][gc] Cancelling GC: Allocation Failure
[2021-04-30T09:23:47.334+0300][58,184s][info][gc] GC(1431) Concurrent cleanup 121M->121M(128M) 0,039ms
[2021-04-30T09:23:47.335+0300][58,184s][info][gc] GC(1431) Concurrent evacuation 0,071ms
[2021-04-30T09:23:47.336+0300][58,185s][info][gc] Trigger: Handle Allocation Failure
[2021-04-30T09:23:47.344+0300][58,193s][info][gc] GC(1432) Pause Degenerated GC (Evacuation) 121M->118M(128M) 7,644ms
[2021-04-30T09:23:47.345+0300][58,194s][info][gc] Trigger: Free (1953K) is below minimum threshold (13107K)
[2021-04-30T09:23:47.345+0300][58,194s][info][gc] GC(1433) Concurrent reset 0,141ms
[2021-04-30T09:23:47.345+0300][58,195s][info][gc] GC(1433) Pause Init Mark 0,158ms
[2021-04-30T09:23:47.361+0300][58,210s][info][gc] GC(1433) Concurrent marking 15,622ms
[2021-04-30T09:23:47.362+0300][58,211s][info][gc] GC(1433) Pause Final Mark 0,901ms
[2021-04-30T09:23:47.362+0300][58,211s][info][gc] GC(1433) Concurrent cleanup 120M->120M(128M) 0,038ms
[2021-04-30T09:23:47.364+0300][58,213s][info][gc] GC(1433) Concurrent evacuation 1,531ms
[2021-04-30T09:23:47.364+0300][58,213s][info][gc] GC(1433) Pause Init Update Refs 0,006ms
[2021-04-30T09:23:47.373+0300][58,222s][info][gc] GC(1433) Concurrent update references 8,889ms
[2021-04-30T09:23:47.373+0300][58,222s][info][gc] GC(1433) Pause Final Update Refs 0,079ms
[2021-04-30T09:23:47.373+0300][58,223s][info][gc] GC(1433) Concurrent cleanup 125M->119M(128M) 0,040ms
[2021-04-30T09:23:47.374+0300][58,224s][info][gc] Trigger: Free (1484K) is below minimum threshold (13107K)
[2021-04-30T09:23:47.374+0300][58,224s][info][gc] GC(1434) Concurrent reset 0,128ms
[2021-04-30T09:23:47.375+0300][58,224s][info][gc] GC(1434) Pause Init Mark 0,142ms
[2021-04-30T09:23:47.390+0300][58,239s][info][gc] GC(1434) Concurrent marking 14,925ms
[2021-04-30T09:23:47.391+0300][58,240s][info][gc] GC(1434) Pause Final Mark 0,998ms
[2021-04-30T09:23:47.391+0300][58,241s][info][gc] GC(1434) Concurrent cleanup 120M->120M(128M) 0,045ms
[2021-04-30T09:23:47.392+0300][58,242s][info][gc] GC(1434) Concurrent evacuation 1,280ms
[2021-04-30T09:23:47.393+0300][58,242s][info][gc] GC(1434) Pause Init Update Refs 0,021ms
[2021-04-30T09:23:47.402+0300][58,251s][info][gc] GC(1434) Concurrent update references 8,947ms
[2021-04-30T09:23:47.402+0300][58,252s][info][gc] GC(1434) Pause Final Update Refs 0,062ms
[2021-04-30T09:23:47.402+0300][58,252s][info][gc] GC(1434) Concurrent cleanup 125M->119M(128M) 0,039ms
[2021-04-30T09:23:47.403+0300][58,253s][info][gc] Trigger: Free (2222K) is below minimum threshold (13107K)
[2021-04-30T09:23:47.404+0300][58,253s][info][gc] GC(1435) Concurrent reset 0,253ms
[2021-04-30T09:23:47.404+0300][58,253s][info][gc] GC(1435) Pause Init Mark (process weakrefs) 0,156ms
[2021-04-30T09:23:47.419+0300][58,268s][info][gc] GC(1435) Concurrent marking (process weakrefs) 14,946ms
[2021-04-30T09:23:47.419+0300][58,269s][info][gc] GC(1435) Concurrent precleaning 0,107ms
[2021-04-30T09:23:47.420+0300][58,270s][info][gc] GC(1435) Pause Final Mark (process weakrefs) 0,965ms
[2021-04-30T09:23:47.420+0300][58,270s][info][gc] GC(1435) Concurrent cleanup 119M->119M(128M) 0,037ms
[2021-04-30T09:23:47.421+0300][58,271s][info][gc] GC(1435) Concurrent evacuation 1,275ms
[2021-04-30T09:23:47.422+0300][58,271s][info][gc] GC(1435) Pause Init Update Refs 0,021ms
[2021-04-30T09:23:47.431+0300][58,280s][info][gc] GC(1435) Concurrent update references 8,710ms
[2021-04-30T09:23:47.431+0300][58,280s][info][gc] GC(1435) Pause Final Update Refs 0,103ms
[2021-04-30T09:23:47.431+0300][58,281s][info][gc] GC(1435) Concurrent cleanup 125M->119M(128M) 0,040ms
[2021-04-30T09:23:47.432+0300][58,282s][info][gc] Trigger: Free (1524K) is below minimum threshold (13107K)
[2021-04-30T09:23:47.432+0300][58,282s][info][gc] GC(1436) Concurrent reset 0,256ms
[2021-04-30T09:23:47.433+0300][58,282s][info][gc] GC(1436) Pause Init Mark 0,158ms
[2021-04-30T09:23:47.448+0300][58,297s][info][gc] GC(1436) Concurrent marking 14,949ms
[2021-04-30T09:23:47.449+0300][58,299s][info][gc] GC(1436) Pause Final Mark 1,068ms
[2021-04-30T09:23:47.449+0300][58,299s][info][gc] GC(1436) Concurrent cleanup 120M->120M(128M) 0,038ms
[2021-04-30T09:23:47.451+0300][58,301s][info][gc] GC(1436) Concurrent evacuation 1,660ms
[2021-04-30T09:23:47.451+0300][58,301s][info][gc] GC(1436) Pause Init Update Refs 0,007ms
[2021-04-30T09:23:47.461+0300][58,311s][info][gc] GC(1436) Concurrent update references 9,848ms
[2021-04-30T09:23:47.462+0300][58,311s][info][gc] GC(1436) Pause Final Update Refs 0,139ms
[2021-04-30T09:23:47.462+0300][58,311s][info][gc] GC(1436) Concurrent cleanup 125M->119M(128M) 0,039ms
[2021-04-30T09:23:47.463+0300][58,312s][info][gc] Trigger: Free (1749K) is below minimum threshold (13107K)
[2021-04-30T09:23:47.463+0300][58,313s][info][gc] GC(1437) Concurrent reset 0,207ms
[2021-04-30T09:23:47.463+0300][58,313s][info][gc] GC(1437) Pause Init Mark 0,184ms
[2021-04-30T09:23:47.479+0300][58,328s][info][gc] GC(1437) Concurrent marking 15,534ms
[2021-04-30T09:23:47.480+0300][58,330s][info][gc] GC(1437) Pause Final Mark 1,039ms
[2021-04-30T09:23:47.480+0300][58,330s][info][gc] GC(1437) Concurrent cleanup 120M->120M(128M) 0,038ms
[2021-04-30T09:23:47.482+0300][58,331s][info][gc] GC(1437) Concurrent evacuation 1,513ms
[2021-04-30T09:23:47.482+0300][58,331s][info][gc] GC(1437) Pause Init Update Refs 0,015ms
[2021-04-30T09:23:47.492+0300][58,341s][info][gc] GC(1437) Concurrent update references 9,856ms
[2021-04-30T09:23:47.492+0300][58,342s][info][gc] GC(1437) Pause Final Update Refs 0,115ms
[2021-04-30T09:23:47.492+0300][58,342s][info][gc] GC(1437) Concurrent cleanup 126M->119M(128M) 0,042ms
[2021-04-30T09:23:47.494+0300][58,343s][info][gc] Trigger: Free (1569K) is below minimum threshold (13107K)
[2021-04-30T09:23:47.494+0300][58,343s][info][gc] GC(1438) Concurrent reset 0,124ms
[2021-04-30T09:23:47.494+0300][58,343s][info][gc] GC(1438) Pause Init Mark 0,151ms
[2021-04-30T09:23:47.510+0300][58,359s][info][gc] GC(1438) Concurrent marking 15,840ms
[2021-04-30T09:23:47.511+0300][58,361s][info][gc] GC(1438) Pause Final Mark 1,198ms
[2021-04-30T09:23:47.511+0300][58,361s][info][gc] GC(1438) Concurrent cleanup 120M->120M(128M) 0,065ms
[2021-04-30T09:23:47.513+0300][58,362s][info][gc] GC(1438) Concurrent evacuation 1,285ms
[2021-04-30T09:23:47.513+0300][58,362s][info][gc] GC(1438) Pause Init Update Refs 0,006ms
[2021-04-30T09:23:47.526+0300][58,376s][info][gc] GC(1438) Concurrent update references 13,028ms
[2021-04-30T09:23:47.527+0300][58,376s][info][gc] GC(1438) Pause Final Update Refs 0,115ms
[2021-04-30T09:23:47.527+0300][58,376s][info][gc] GC(1438) Concurrent cleanup 126M->120M(128M) 0,041ms
[2021-04-30T09:23:47.528+0300][58,377s][info][gc] Trigger: Free (927K) is below minimum threshold (13107K)
[2021-04-30T09:23:47.528+0300][58,378s][info][gc] GC(1439) Concurrent reset 0,159ms
[2021-04-30T09:23:47.529+0300][58,378s][info][gc] GC(1439) Pause Init Mark 0,197ms
[2021-04-30T09:23:47.547+0300][58,397s][info][gc] GC(1439) Concurrent marking 18,690ms
[2021-04-30T09:23:47.548+0300][58,398s][info][gc] GC(1439) Pause Final Mark 1,100ms
[2021-04-30T09:23:47.549+0300][58,398s][info][gc] GC(1439) Concurrent cleanup 121M->121M(128M) 0,085ms
[2021-04-30T09:23:47.551+0300][58,400s][info][gc] GC(1439) Concurrent evacuation 2,155ms
[2021-04-30T09:23:47.551+0300][58,401s][info][gc] GC(1439) Pause Init Update Refs 0,008ms
[2021-04-30T09:23:47.561+0300][58,410s][info][gc] GC(1439) Concurrent update references 9,806ms
[2021-04-30T09:23:47.561+0300][58,411s][info][gc] GC(1439) Pause Final Update Refs 0,107ms
[2021-04-30T09:23:47.561+0300][58,411s][info][gc] GC(1439) Concurrent cleanup 125M->119M(128M) 0,041ms
[2021-04-30T09:23:47.563+0300][58,412s][info][gc] Trigger: Free (2228K) is below minimum threshold (13107K)
[2021-04-30T09:23:47.563+0300][58,412s][info][gc] GC(1440) Concurrent reset 0,204ms
[2021-04-30T09:23:47.563+0300][58,413s][info][gc] GC(1440) Pause Init Mark (process weakrefs) 0,179ms
[2021-04-30T09:23:47.582+0300][58,431s][info][gc] GC(1440) Concurrent marking (process weakrefs) 18,520ms
[2021-04-30T09:23:47.582+0300][58,431s][info][gc] GC(1440) Concurrent precleaning 0,074ms
[2021-04-30T09:23:47.583+0300][58,432s][info][gc] GC(1440) Pause Final Mark (process weakrefs) 0,935ms
[2021-04-30T09:23:47.583+0300][58,432s][info][gc] GC(1440) Concurrent cleanup 119M->119M(128M) 0,039ms
[2021-04-30T09:23:47.584+0300][58,434s][info][gc] GC(1440) Concurrent evacuation 1,358ms
[2021-04-30T09:23:47.585+0300][58,434s][info][gc] GC(1440) Pause Init Update Refs 0,006ms
[2021-04-30T09:23:47.596+0300][58,446s][info][gc] GC(1440) Concurrent update references 11,472ms
[2021-04-30T09:23:47.596+0300][58,446s][info][gc] GC(1440) Pause Final Update Refs 0,068ms
[2021-04-30T09:23:47.596+0300][58,446s][info][gc] GC(1440) Concurrent cleanup 125M->120M(128M) 0,039ms
[2021-04-30T09:23:47.598+0300][58,447s][info][gc] Trigger: Free (631K) is below minimum threshold (13107K)
[2021-04-30T09:23:47.598+0300][58,447s][info][gc] GC(1441) Concurrent reset 0,164ms
[2021-04-30T09:23:47.598+0300][58,448s][info][gc] GC(1441) Pause Init Mark 0,155ms
[2021-04-30T09:23:47.623+0300][58,472s][info][gc] GC(1441) Concurrent marking 24,466ms
[2021-04-30T09:23:47.624+0300][58,473s][info][gc] GC(1441) Pause Final Mark 1,007ms
[2021-04-30T09:23:47.624+0300][58,473s][info][gc] GC(1441) Concurrent cleanup 121M->121M(128M) 0,039ms
[2021-04-30T09:23:47.626+0300][58,475s][info][gc] GC(1441) Concurrent evacuation 1,704ms
[2021-04-30T09:23:47.626+0300][58,475s][info][gc] GC(1441) Pause Init Update Refs 0,005ms
[2021-04-30T09:23:47.636+0300][58,485s][info][gc] GC(1441) Concurrent update references 9,532ms
[2021-04-30T09:23:47.636+0300][58,485s][info][gc] GC(1441) Pause Final Update Refs 0,108ms
[2021-04-30T09:23:47.636+0300][58,485s][info][gc] GC(1441) Concurrent cleanup 126M->119M(128M) 0,039ms
[2021-04-30T09:23:47.637+0300][58,487s][info][gc] Trigger: Free (1963K) is below minimum threshold (13107K)
[2021-04-30T09:23:47.637+0300][58,487s][info][gc] GC(1442) Concurrent reset 0,115ms
[2021-04-30T09:23:47.638+0300][58,487s][info][gc] GC(1442) Pause Init Mark 0,299ms
[2021-04-30T09:23:47.660+0300][58,510s][info][gc] GC(1442) Concurrent marking 22,232ms
[2021-04-30T09:23:47.662+0300][58,511s][info][gc] GC(1442) Pause Final Mark 1,562ms
[2021-04-30T09:23:47.662+0300][58,511s][info][gc] GC(1442) Concurrent cleanup 120M->120M(128M) 0,038ms
[2021-04-30T09:23:47.664+0300][58,513s][info][gc] GC(1442) Concurrent evacuation 1,466ms
[2021-04-30T09:23:47.664+0300][58,513s][info][gc] GC(1442) Pause Init Update Refs 0,021ms
[2021-04-30T09:23:47.676+0300][58,526s][info][gc] GC(1442) Concurrent update references 12,264ms
[2021-04-30T09:23:47.676+0300][58,526s][info][gc] GC(1442) Pause Final Update Refs 0,075ms
[2021-04-30T09:23:47.676+0300][58,526s][info][gc] GC(1442) Concurrent cleanup 126M->120M(128M) 0,039ms
[2021-04-30T09:23:47.677+0300][58,527s][info][gc] Trigger: Free (895K) is below minimum threshold (13107K)
[2021-04-30T09:23:47.678+0300][58,527s][info][gc] GC(1443) Concurrent reset 0,203ms
[2021-04-30T09:23:47.678+0300][58,528s][info][gc] GC(1443) Pause Init Mark 0,237ms
[2021-04-30T09:23:47.693+0300][58,542s][info][gc] GC(1443) Concurrent marking 14,766ms
[2021-04-30T09:23:47.694+0300][58,544s][info][gc] GC(1443) Pause Final Mark 1,169ms
[2021-04-30T09:23:47.695+0300][58,544s][info][gc] GC(1443) Concurrent cleanup 121M->121M(128M) 0,037ms
[2021-04-30T09:23:47.696+0300][58,545s][info][gc] GC(1443) Concurrent evacuation 1,151ms
[2021-04-30T09:23:47.696+0300][58,545s][info][gc] GC(1443) Pause Init Update Refs 0,021ms
[2021-04-30T09:23:47.711+0300][58,560s][info][gc] GC(1443) Concurrent update references 14,546ms
[2021-04-30T09:23:47.711+0300][58,560s][info][gc] GC(1443) Pause Final Update Refs 0,173ms
[2021-04-30T09:23:47.711+0300][58,561s][info][gc] GC(1443) Concurrent cleanup 126M->119M(128M) 0,039ms
[2021-04-30T09:23:47.712+0300][58,562s][info][gc] Trigger: Free (1851K) is below minimum threshold (13107K)
[2021-04-30T09:23:47.713+0300][58,562s][info][gc] GC(1444) Concurrent reset 0,253ms
[2021-04-30T09:23:47.713+0300][58,563s][info][gc] GC(1444) Pause Init Mark 0,268ms
[2021-04-30T09:23:47.728+0300][58,577s][info][gc] GC(1444) Concurrent marking 14,672ms
[2021-04-30T09:23:47.729+0300][58,579s][info][gc] GC(1444) Pause Final Mark 1,289ms
[2021-04-30T09:23:47.730+0300][58,579s][info][gc] GC(1444) Concurrent cleanup 120M->120M(128M) 0,152ms
[2021-04-30T09:23:47.732+0300][58,581s][info][gc] GC(1444) Concurrent evacuation 2,115ms
[2021-04-30T09:23:47.732+0300][58,581s][info][gc] GC(1444) Pause Init Update Refs 0,006ms
[2021-04-30T09:23:47.742+0300][58,591s][info][gc] GC(1444) Concurrent update references 9,773ms
[2021-04-30T09:23:47.742+0300][58,592s][info][gc] GC(1444) Pause Final Update Refs 0,100ms
[2021-04-30T09:23:47.742+0300][58,592s][info][gc] GC(1444) Concurrent cleanup 126M->120M(128M) 0,070ms
[2021-04-30T09:23:47.744+0300][58,593s][info][gc] Trigger: Free (1051K) is below minimum threshold (13107K)
[2021-04-30T09:23:47.744+0300][58,593s][info][gc] GC(1445) Concurrent reset 0,262ms
[2021-04-30T09:23:47.744+0300][58,594s][info][gc] GC(1445) Pause Init Mark (process weakrefs) 0,238ms
[2021-04-30T09:23:47.761+0300][58,611s][info][gc] GC(1445) Concurrent marking (process weakrefs) 17,032ms
[2021-04-30T09:23:47.762+0300][58,611s][info][gc] GC(1445) Concurrent precleaning 0,117ms
[2021-04-30T09:23:47.763+0300][58,612s][info][gc] GC(1445) Pause Final Mark (process weakrefs) 1,252ms
[2021-04-30T09:23:47.763+0300][58,612s][info][gc] GC(1445) Concurrent cleanup 120M->120M(128M) 0,043ms
[2021-04-30T09:23:47.765+0300][58,614s][info][gc] GC(1445) Concurrent evacuation 1,882ms
[2021-04-30T09:23:47.765+0300][58,615s][info][gc] GC(1445) Pause Init Update Refs 0,005ms
[2021-04-30T09:23:47.781+0300][58,630s][info][gc] GC(1445) Concurrent update references 15,617ms
[2021-04-30T09:23:47.781+0300][58,631s][info][gc] GC(1445) Pause Final Update Refs 0,071ms
[2021-04-30T09:23:47.781+0300][58,631s][info][gc] GC(1445) Concurrent cleanup 126M->120M(128M) 0,045ms
[2021-04-30T09:23:47.782+0300][58,632s][info][gc] Trigger: Free (1339K) is below minimum threshold (13107K)
[2021-04-30T09:23:47.783+0300][58,632s][info][gc] GC(1446) Concurrent reset 0,207ms
[2021-04-30T09:23:47.783+0300][58,632s][info][gc] GC(1446) Pause Init Mark 0,186ms
[2021-04-30T09:23:47.799+0300][58,649s][info][gc] GC(1446) Concurrent marking 16,434ms
[2021-04-30T09:23:47.801+0300][58,650s][info][gc] GC(1446) Pause Final Mark 1,025ms
[2021-04-30T09:23:47.801+0300][58,650s][info][gc] GC(1446) Concurrent cleanup 120M->120M(128M) 0,040ms
[2021-04-30T09:23:47.803+0300][58,652s][info][gc] GC(1446) Concurrent evacuation 2,135ms
[2021-04-30T09:23:47.803+0300][58,653s][info][gc] GC(1446) Pause Init Update Refs 0,021ms
[2021-04-30T09:23:47.814+0300][58,663s][info][gc] GC(1446) Concurrent update references 10,223ms
[2021-04-30T09:23:47.814+0300][58,663s][info][gc] GC(1446) Pause Final Update Refs 0,079ms
[2021-04-30T09:23:47.814+0300][58,663s][info][gc] GC(1446) Concurrent cleanup 126M->119M(128M) 0,041ms
[2021-04-30T09:23:47.815+0300][58,665s][info][gc] Trigger: Free (1586K) is below minimum threshold (13107K)
[2021-04-30T09:23:47.815+0300][58,665s][info][gc] GC(1447) Concurrent reset 0,127ms
[2021-04-30T09:23:47.816+0300][58,665s][info][gc] GC(1447) Pause Init Mark 0,146ms
[2021-04-30T09:23:47.832+0300][58,682s][info][gc] GC(1447) Concurrent marking 16,831ms
[2021-04-30T09:23:47.834+0300][58,683s][info][gc] GC(1447) Pause Final Mark 1,015ms
[2021-04-30T09:23:47.834+0300][58,683s][info][gc] GC(1447) Concurrent cleanup 120M->120M(128M) 0,039ms
[2021-04-30T09:23:47.835+0300][58,685s][info][gc] GC(1447) Concurrent evacuation 1,278ms
[2021-04-30T09:23:47.835+0300][58,685s][info][gc] GC(1447) Pause Init Update Refs 0,006ms
[2021-04-30T09:23:47.845+0300][58,694s][info][gc] GC(1447) Concurrent update references 9,551ms
[2021-04-30T09:23:47.845+0300][58,695s][info][gc] GC(1447) Pause Final Update Refs 0,076ms
[2021-04-30T09:23:47.845+0300][58,695s][info][gc] GC(1447) Concurrent cleanup 126M->120M(128M) 0,042ms
[2021-04-30T09:23:47.846+0300][58,696s][info][gc] Trigger: Free (1209K) is below minimum threshold (13107K)
[2021-04-30T09:23:47.847+0300][58,696s][info][gc] GC(1448) Concurrent reset 0,128ms
[2021-04-30T09:23:47.847+0300][58,696s][info][gc] GC(1448) Pause Init Mark 0,144ms
[2021-04-30T09:23:47.862+0300][58,711s][info][gc] GC(1448) Concurrent marking 14,743ms
[2021-04-30T09:23:47.863+0300][58,712s][info][gc] GC(1448) Pause Final Mark 1,059ms
[2021-04-30T09:23:47.863+0300][58,713s][info][gc] GC(1448) Concurrent cleanup 120M->120M(128M) 0,038ms
[2021-04-30T09:23:47.864+0300][58,714s][info][gc] GC(1448) Concurrent evacuation 1,195ms
[2021-04-30T09:23:47.865+0300][58,714s][info][gc] GC(1448) Pause Init Update Refs 0,021ms
[2021-04-30T09:23:47.874+0300][58,723s][info][gc] GC(1448) Concurrent update references 9,037ms
[2021-04-30T09:23:47.874+0300][58,724s][info][gc] GC(1448) Pause Final Update Refs 0,067ms
[2021-04-30T09:23:47.874+0300][58,724s][info][gc] GC(1448) Concurrent cleanup 126M->119M(128M) 0,042ms
[2021-04-30T09:23:47.875+0300][58,725s][info][gc] Trigger: Free (1624K) is below minimum threshold (13107K)
[2021-04-30T09:23:47.876+0300][58,725s][info][gc] GC(1449) Concurrent reset 0,138ms
[2021-04-30T09:23:47.876+0300][58,725s][info][gc] GC(1449) Pause Init Mark 0,168ms
[2021-04-30T09:23:47.891+0300][58,741s][info][gc] GC(1449) Concurrent marking 15,323ms
[2021-04-30T09:23:47.892+0300][58,742s][info][gc] GC(1449) Pause Final Mark 1,122ms
[2021-04-30T09:23:47.892+0300][58,742s][info][gc] GC(1449) Concurrent cleanup 120M->120M(128M) 0,036ms
[2021-04-30T09:23:47.894+0300][58,744s][info][gc] GC(1449) Concurrent evacuation 1,587ms
[2021-04-30T09:23:47.894+0300][58,744s][info][gc] GC(1449) Pause Init Update Refs 0,006ms
[2021-04-30T09:23:47.904+0300][58,753s][info][gc] GC(1449) Concurrent update references 9,671ms
[2021-04-30T09:23:47.905+0300][58,754s][info][gc] GC(1449) Pause Final Update Refs 0,214ms
[2021-04-30T09:23:47.905+0300][58,754s][info][gc] GC(1449) Concurrent cleanup 126M->120M(128M) 0,041ms
[2021-04-30T09:23:47.906+0300][58,755s][info][gc] Trigger: Free (1207K) is below minimum threshold (13107K)
[2021-04-30T09:23:47.906+0300][58,755s][info][gc] GC(1450) Concurrent reset 0,175ms
[2021-04-30T09:23:47.906+0300][58,756s][info][gc] GC(1450) Pause Init Mark (process weakrefs) 0,185ms
[2021-04-30T09:23:47.922+0300][58,771s][info][gc] GC(1450) Concurrent marking (process weakrefs) 15,466ms
[2021-04-30T09:23:47.922+0300][58,771s][info][gc] GC(1450) Concurrent precleaning 0,200ms
[2021-04-30T09:23:47.923+0300][58,773s][info][gc] GC(1450) Pause Final Mark (process weakrefs) 1,107ms
[2021-04-30T09:23:47.924+0300][58,773s][info][gc] GC(1450) Concurrent cleanup 120M->120M(128M) 0,039ms
[2021-04-30T09:23:47.925+0300][58,774s][info][gc] GC(1450) Concurrent evacuation 1,265ms
[2021-04-30T09:23:47.925+0300][58,774s][info][gc] GC(1450) Pause Init Update Refs 0,005ms
[2021-04-30T09:23:47.934+0300][58,784s][info][gc] GC(1450) Concurrent update references 9,029ms
[2021-04-30T09:23:47.935+0300][58,784s][info][gc] GC(1450) Pause Final Update Refs 0,092ms
[2021-04-30T09:23:47.935+0300][58,784s][info][gc] GC(1450) Concurrent cleanup 126M->119M(128M) 0,045ms
[2021-04-30T09:23:47.936+0300][58,786s][info][gc] Trigger: Free (1650K) is below minimum threshold (13107K)
[2021-04-30T09:23:47.937+0300][58,786s][info][gc] GC(1451) Concurrent reset 0,269ms
[2021-04-30T09:23:47.937+0300][58,786s][info][gc] GC(1451) Pause Init Mark 0,221ms
[2021-04-30T09:23:47.953+0300][58,802s][info][gc] GC(1451) Concurrent marking 15,939ms
[2021-04-30T09:23:47.954+0300][58,803s][info][gc] GC(1451) Pause Final Mark 0,858ms
[2021-04-30T09:23:47.954+0300][58,803s][info][gc] GC(1451) Concurrent cleanup 120M->120M(128M) 0,039ms
[2021-04-30T09:23:47.955+0300][58,805s][info][gc] GC(1451) Concurrent evacuation 1,238ms
[2021-04-30T09:23:47.956+0300][58,805s][info][gc] GC(1451) Pause Init Update Refs 0,020ms
[2021-04-30T09:23:47.965+0300][58,814s][info][gc] GC(1451) Concurrent update references 9,132ms
[2021-04-30T09:23:47.965+0300][58,815s][info][gc] GC(1451) Pause Final Update Refs 0,073ms
[2021-04-30T09:23:47.965+0300][58,815s][info][gc] GC(1451) Concurrent cleanup 126M->120M(128M) 0,039ms
[2021-04-30T09:23:47.966+0300][58,816s][info][gc] Trigger: Free (1201K) is below minimum threshold (13107K)
[2021-04-30T09:23:47.967+0300][58,816s][info][gc] GC(1452) Concurrent reset 0,123ms
[2021-04-30T09:23:47.967+0300][58,816s][info][gc] GC(1452) Pause Init Mark 0,153ms
[2021-04-30T09:23:47.982+0300][58,831s][info][gc] GC(1452) Concurrent marking 14,964ms
[2021-04-30T09:23:47.983+0300][58,833s][info][gc] GC(1452) Pause Final Mark 1,150ms
[2021-04-30T09:23:47.983+0300][58,833s][info][gc] GC(1452) Concurrent cleanup 121M->121M(128M) 0,038ms
[2021-04-30T09:23:47.985+0300][58,834s][info][gc] GC(1452) Concurrent evacuation 1,278ms
[2021-04-30T09:23:47.985+0300][58,834s][info][gc] GC(1452) Pause Init Update Refs 0,005ms
[2021-04-30T09:23:47.994+0300][58,844s][info][gc] GC(1452) Concurrent update references 9,043ms
[2021-04-30T09:23:47.994+0300][58,844s][info][gc] GC(1452) Pause Final Update Refs 0,091ms
[2021-04-30T09:23:47.995+0300][58,844s][info][gc] GC(1452) Concurrent cleanup 126M->119M(128M) 0,040ms
[2021-04-30T09:23:47.996+0300][58,845s][info][gc] Trigger: Free (1725K) is below minimum threshold (13107K)
[2021-04-30T09:23:47.996+0300][58,845s][info][gc] GC(1453) Concurrent reset 0,149ms
[2021-04-30T09:23:47.996+0300][58,846s][info][gc] GC(1453) Pause Init Mark 0,188ms
[2021-04-30T09:23:48.013+0300][58,862s][info][gc] GC(1453) Concurrent marking 16,342ms
[2021-04-30T09:23:48.014+0300][58,863s][info][gc] GC(1453) Pause Final Mark 0,961ms
[2021-04-30T09:23:48.014+0300][58,863s][info][gc] GC(1453) Concurrent cleanup 120M->120M(128M) 0,042ms
[2021-04-30T09:23:48.016+0300][58,865s][info][gc] GC(1453) Concurrent evacuation 1,713ms
[2021-04-30T09:23:48.016+0300][58,865s][info][gc] GC(1453) Pause Init Update Refs 0,026ms
[2021-04-30T09:23:48.026+0300][58,875s][info][gc] GC(1453) Concurrent update references 10,053ms
[2021-04-30T09:23:48.026+0300][58,876s][info][gc] GC(1453) Pause Final Update Refs 0,108ms
[2021-04-30T09:23:48.026+0300][58,876s][info][gc] GC(1453) Concurrent cleanup 126M->120M(128M) 0,058ms
[2021-04-30T09:23:48.028+0300][58,877s][info][gc] Trigger: Free (1282K) is below minimum threshold (13107K)
[2021-04-30T09:23:48.028+0300][58,877s][info][gc] GC(1454) Concurrent reset 0,216ms
[2021-04-30T09:23:48.028+0300][58,878s][info][gc] GC(1454) Pause Init Mark 0,169ms
[2021-04-30T09:23:48.052+0300][58,901s][info][gc] GC(1454) Concurrent marking 23,084ms
[2021-04-30T09:23:48.053+0300][58,902s][info][gc] GC(1454) Pause Final Mark 0,976ms
[2021-04-30T09:23:48.053+0300][58,902s][info][gc] GC(1454) Concurrent cleanup 120M->120M(128M) 0,040ms
[2021-04-30T09:23:48.054+0300][58,904s][info][gc] GC(1454) Concurrent evacuation 1,311ms
[2021-04-30T09:23:48.054+0300][58,904s][info][gc] GC(1454) Pause Init Update Refs 0,006ms
[2021-04-30T09:23:48.064+0300][58,914s][info][gc] GC(1454) Concurrent update references 9,991ms
[2021-04-30T09:23:48.065+0300][58,914s][info][gc] GC(1454) Pause Final Update Refs 0,078ms
[2021-04-30T09:23:48.065+0300][58,914s][info][gc] GC(1454) Concurrent cleanup 126M->120M(128M) 0,040ms
[2021-04-30T09:23:48.066+0300][58,915s][info][gc] Trigger: Free (1279K) is below minimum threshold (13107K)
[2021-04-30T09:23:48.066+0300][58,915s][info][gc] GC(1455) Concurrent reset 0,164ms
[2021-04-30T09:23:48.066+0300][58,916s][info][gc] GC(1455) Pause Init Mark (process weakrefs) 0,180ms
[2021-04-30T09:23:48.083+0300][58,932s][info][gc] GC(1455) Concurrent marking (process weakrefs) 16,207ms
[2021-04-30T09:23:48.083+0300][58,932s][info][gc] GC(1455) Concurrent precleaning 0,070ms
[2021-04-30T09:23:48.084+0300][58,933s][info][gc] GC(1455) Pause Final Mark (process weakrefs) 0,980ms
[2021-04-30T09:23:48.084+0300][58,933s][info][gc] GC(1455) Concurrent cleanup 120M->121M(128M) 0,039ms
[2021-04-30T09:23:48.086+0300][58,935s][info][gc] GC(1455) Concurrent evacuation 1,830ms
[2021-04-30T09:23:48.086+0300][58,935s][info][gc] GC(1455) Pause Init Update Refs 0,005ms
[2021-04-30T09:23:48.096+0300][58,946s][info][gc] GC(1455) Concurrent update references 10,053ms
[2021-04-30T09:23:48.096+0300][58,946s][info][gc] GC(1455) Pause Final Update Refs 0,105ms
[2021-04-30T09:23:48.097+0300][58,946s][info][gc] GC(1455) Concurrent cleanup 126M->120M(128M) 0,040ms
[2021-04-30T09:23:48.098+0300][58,947s][info][gc] Trigger: Free (996K) is below minimum threshold (13107K)
[2021-04-30T09:23:48.098+0300][58,947s][info][gc] GC(1456) Concurrent reset 0,127ms
[2021-04-30T09:23:48.098+0300][58,948s][info][gc] GC(1456) Pause Init Mark 0,151ms
[2021-04-30T09:23:48.114+0300][58,963s][info][gc] GC(1456) Concurrent marking 15,837ms
[2021-04-30T09:23:48.115+0300][58,964s][info][gc] GC(1456) Pause Final Mark 0,904ms
[2021-04-30T09:23:48.115+0300][58,965s][info][gc] GC(1456) Concurrent cleanup 121M->121M(128M) 0,036ms
[2021-04-30T09:23:48.116+0300][58,966s][info][gc] GC(1456) Concurrent evacuation 1,261ms
[2021-04-30T09:23:48.117+0300][58,966s][info][gc] GC(1456) Pause Init Update Refs 0,005ms
[2021-04-30T09:23:48.126+0300][58,975s][info][gc] GC(1456) Concurrent update references 9,225ms
[2021-04-30T09:23:48.126+0300][58,976s][info][gc] GC(1456) Pause Final Update Refs 0,066ms
[2021-04-30T09:23:48.126+0300][58,976s][info][gc] GC(1456) Concurrent cleanup 126M->119M(128M) 0,041ms
[2021-04-30T09:23:48.127+0300][58,977s][info][gc] Trigger: Free (1497K) is below minimum threshold (13107K)
[2021-04-30T09:23:48.128+0300][58,977s][info][gc] GC(1457) Concurrent reset 0,168ms
[2021-04-30T09:23:48.128+0300][58,978s][info][gc] GC(1457) Pause Init Mark 0,257ms
[2021-04-30T09:23:48.145+0300][58,994s][info][gc] GC(1457) Concurrent marking 16,421ms
[2021-04-30T09:23:48.146+0300][58,995s][info][gc] GC(1457) Pause Final Mark 0,989ms
[2021-04-30T09:23:48.146+0300][58,996s][info][gc] GC(1457) Concurrent cleanup 120M->120M(128M) 0,041ms
[2021-04-30T09:23:48.148+0300][58,997s][info][gc] GC(1457) Concurrent evacuation 1,810ms
[2021-04-30T09:23:48.148+0300][58,997s][info][gc] GC(1457) Pause Init Update Refs 0,005ms
[2021-04-30T09:23:48.157+0300][59,006s][info][gc] GC(1457) Concurrent update references 8,915ms
[2021-04-30T09:23:48.157+0300][59,007s][info][gc] GC(1457) Pause Final Update Refs 0,069ms
[2021-04-30T09:23:48.157+0300][59,007s][info][gc] GC(1457) Concurrent cleanup 126M->120M(128M) 0,041ms
[2021-04-30T09:23:48.159+0300][59,008s][info][gc] Trigger: Free (1143K) is below minimum threshold (13107K)
[2021-04-30T09:23:48.159+0300][59,008s][info][gc] GC(1458) Concurrent reset 0,261ms
[2021-04-30T09:23:48.159+0300][59,009s][info][gc] GC(1458) Pause Init Mark 0,146ms
[2021-04-30T09:23:48.174+0300][59,023s][info][gc] GC(1458) Concurrent marking 14,849ms
[2021-04-30T09:23:48.175+0300][59,025s][info][gc] GC(1458) Pause Final Mark 0,888ms
[2021-04-30T09:23:48.175+0300][59,025s][info][gc] GC(1458) Concurrent cleanup 121M->121M(128M) 0,037ms
[2021-04-30T09:23:48.176+0300][59,026s][info][gc] GC(1458) Concurrent evacuation 1,224ms
[2021-04-30T09:23:48.177+0300][59,026s][info][gc] GC(1458) Pause Init Update Refs 0,021ms
[2021-04-30T09:23:48.186+0300][59,035s][info][gc] GC(1458) Concurrent update references 9,006ms
[2021-04-30T09:23:48.186+0300][59,036s][info][gc] GC(1458) Pause Final Update Refs 0,068ms
[2021-04-30T09:23:48.186+0300][59,036s][info][gc] GC(1458) Concurrent cleanup 126M->119M(128M) 0,040ms
[2021-04-30T09:23:48.187+0300][59,037s][info][gc] Trigger: Free (1421K) is below minimum threshold (13107K)
[2021-04-30T09:23:48.188+0300][59,037s][info][gc] GC(1459) Concurrent reset 0,203ms
[2021-04-30T09:23:48.188+0300][59,037s][info][gc] GC(1459) Pause Init Mark 0,155ms
[2021-04-30T09:23:48.203+0300][59,052s][info][gc] GC(1459) Concurrent marking 14,551ms
[2021-04-30T09:23:48.204+0300][59,053s][info][gc] GC(1459) Pause Final Mark 0,960ms
[2021-04-30T09:23:48.204+0300][59,053s][info][gc] GC(1459) Concurrent cleanup 120M->120M(128M) 0,037ms
[2021-04-30T09:23:48.205+0300][59,055s][info][gc] GC(1459) Concurrent evacuation 1,337ms
[2021-04-30T09:23:48.205+0300][59,055s][info][gc] GC(1459) Pause Init Update Refs 0,006ms
[2021-04-30T09:23:48.216+0300][59,065s][info][gc] GC(1459) Concurrent update references 10,495ms
[2021-04-30T09:23:48.216+0300][59,066s][info][gc] GC(1459) Pause Final Update Refs 0,089ms
[2021-04-30T09:23:48.217+0300][59,066s][info][gc] GC(1459) Concurrent cleanup 126M->120M(128M) 0,040ms
[2021-04-30T09:23:48.218+0300][59,067s][info][gc] Trigger: Free (1150K) is below minimum threshold (13107K)
[2021-04-30T09:23:48.218+0300][59,067s][info][gc] GC(1460) Concurrent reset 0,120ms
[2021-04-30T09:23:48.218+0300][59,068s][info][gc] GC(1460) Pause Init Mark (process weakrefs) 0,200ms
[2021-04-30T09:23:48.234+0300][59,083s][info][gc] GC(1460) Concurrent marking (process weakrefs) 15,467ms
[2021-04-30T09:23:48.234+0300][59,083s][info][gc] GC(1460) Concurrent precleaning 0,147ms
[2021-04-30T09:23:48.235+0300][59,085s][info][gc] GC(1460) Pause Final Mark (process weakrefs) 1,216ms
[2021-04-30T09:23:48.235+0300][59,085s][info][gc] GC(1460) Concurrent cleanup 120M->120M(128M) 0,037ms
[2021-04-30T09:23:48.237+0300][59,086s][info][gc] GC(1460) Concurrent evacuation 1,649ms
[2021-04-30T09:23:48.237+0300][59,087s][info][gc] GC(1460) Pause Init Update Refs 0,008ms
[2021-04-30T09:23:48.253+0300][59,102s][info][gc] GC(1460) Concurrent update references 15,208ms
[2021-04-30T09:23:48.253+0300][59,102s][info][gc] GC(1460) Pause Final Update Refs 0,066ms
[2021-04-30T09:23:48.253+0300][59,102s][info][gc] GC(1460) Concurrent cleanup 126M->119M(128M) 0,041ms
[2021-04-30T09:23:48.254+0300][59,104s][info][gc] Trigger: Free (928K) is below minimum threshold (13107K)
[2021-04-30T09:23:48.254+0300][59,104s][info][gc] GC(1461) Concurrent reset 0,165ms
[2021-04-30T09:23:48.255+0300][59,104s][info][gc] GC(1461) Pause Init Mark 0,189ms
[2021-04-30T09:23:48.271+0300][59,121s][info][gc] GC(1461) Concurrent marking 16,547ms
[2021-04-30T09:23:48.273+0300][59,122s][info][gc] GC(1461) Pause Final Mark 1,348ms
[2021-04-30T09:23:48.273+0300][59,122s][info][gc] GC(1461) Concurrent cleanup 121M->121M(128M) 0,041ms
[2021-04-30T09:23:48.275+0300][59,124s][info][gc] GC(1461) Concurrent evacuation 1,952ms
[2021-04-30T09:23:48.275+0300][59,125s][info][gc] GC(1461) Pause Init Update Refs 0,007ms
[2021-04-30T09:23:48.286+0300][59,135s][info][gc] GC(1461) Concurrent update references 10,415ms
[2021-04-30T09:23:48.286+0300][59,135s][info][gc] GC(1461) Pause Final Update Refs 0,082ms
[2021-04-30T09:23:48.286+0300][59,135s][info][gc] GC(1461) Concurrent cleanup 126M->119M(128M) 0,040ms
[2021-04-30T09:23:48.287+0300][59,137s][info][gc] Trigger: Free (1543K) is below minimum threshold (13107K)
[2021-04-30T09:23:48.287+0300][59,137s][info][gc] GC(1462) Concurrent reset 0,255ms
[2021-04-30T09:23:48.288+0300][59,137s][info][gc] GC(1462) Pause Init Mark 0,158ms
[2021-04-30T09:23:48.305+0300][59,154s][info][gc] GC(1462) Concurrent marking 16,868ms
[2021-04-30T09:23:48.306+0300][59,155s][info][gc] GC(1462) Pause Final Mark 0,818ms
[2021-04-30T09:23:48.306+0300][59,155s][info][gc] GC(1462) Concurrent cleanup 120M->120M(128M) 0,039ms
[2021-04-30T09:23:48.307+0300][59,157s][info][gc] GC(1462) Concurrent evacuation 1,554ms
[2021-04-30T09:23:48.308+0300][59,157s][info][gc] GC(1462) Pause Init Update Refs 0,006ms
[2021-04-30T09:23:48.317+0300][59,166s][info][gc] GC(1462) Concurrent update references 9,147ms
[2021-04-30T09:23:48.317+0300][59,167s][info][gc] GC(1462) Pause Final Update Refs 0,081ms
[2021-04-30T09:23:48.317+0300][59,167s][info][gc] GC(1462) Concurrent cleanup 126M->120M(128M) 0,041ms
[2021-04-30T09:23:48.318+0300][59,168s][info][gc] Trigger: Free (952K) is below minimum threshold (13107K)
[2021-04-30T09:23:48.319+0300][59,168s][info][gc] GC(1463) Concurrent reset 0,150ms
[2021-04-30T09:23:48.319+0300][59,168s][info][gc] GC(1463) Pause Init Mark 0,151ms
[2021-04-30T09:23:48.334+0300][59,184s][info][gc] GC(1463) Concurrent marking 15,562ms
[2021-04-30T09:23:48.336+0300][59,185s][info][gc] GC(1463) Pause Final Mark 0,956ms
[2021-04-30T09:23:48.336+0300][59,185s][info][gc] GC(1463) Concurrent cleanup 121M->121M(128M) 0,037ms
[2021-04-30T09:23:48.338+0300][59,187s][info][gc] GC(1463) Concurrent evacuation 2,005ms
[2021-04-30T09:23:48.338+0300][59,187s][info][gc] GC(1463) Pause Init Update Refs 0,021ms
[2021-04-30T09:23:48.347+0300][59,196s][info][gc] GC(1463) Concurrent update references 8,762ms
[2021-04-30T09:23:48.347+0300][59,197s][info][gc] GC(1463) Pause Final Update Refs 0,082ms
[2021-04-30T09:23:48.347+0300][59,197s][info][gc] GC(1463) Concurrent cleanup 126M->119M(128M) 0,040ms
[2021-04-30T09:23:48.348+0300][59,198s][info][gc] Trigger: Free (1627K) is below minimum threshold (13107K)
[2021-04-30T09:23:48.349+0300][59,198s][info][gc] GC(1464) Concurrent reset 0,123ms
[2021-04-30T09:23:48.349+0300][59,198s][info][gc] GC(1464) Pause Init Mark 0,159ms
[2021-04-30T09:23:48.363+0300][59,213s][info][gc] GC(1464) Concurrent marking 14,421ms
[2021-04-30T09:23:48.365+0300][59,214s][info][gc] GC(1464) Pause Final Mark 1,120ms
[2021-04-30T09:23:48.365+0300][59,214s][info][gc] GC(1464) Concurrent cleanup 120M->120M(128M) 0,037ms
[2021-04-30T09:23:48.366+0300][59,216s][info][gc] GC(1464) Concurrent evacuation 1,371ms
[2021-04-30T09:23:48.367+0300][59,216s][info][gc] GC(1464) Pause Init Update Refs 0,024ms
[2021-04-30T09:23:48.376+0300][59,225s][info][gc] GC(1464) Concurrent update references 9,082ms
[2021-04-30T09:23:48.376+0300][59,226s][info][gc] GC(1464) Pause Final Update Refs 0,068ms
[2021-04-30T09:23:48.376+0300][59,226s][info][gc] GC(1464) Concurrent cleanup 126M->120M(128M) 0,039ms
[2021-04-30T09:23:48.377+0300][59,227s][info][gc] Trigger: Free (804K) is below minimum threshold (13107K)
[2021-04-30T09:23:48.378+0300][59,227s][info][gc] GC(1465) Concurrent reset 0,250ms
[2021-04-30T09:23:48.378+0300][59,228s][info][gc] GC(1465) Pause Init Mark (process weakrefs) 0,166ms
[2021-04-30T09:23:48.393+0300][59,243s][info][gc] GC(1465) Concurrent marking (process weakrefs) 14,821ms
[2021-04-30T09:23:48.393+0300][59,243s][info][gc] GC(1465) Concurrent precleaning 0,183ms
[2021-04-30T09:23:48.395+0300][59,244s][info][gc] GC(1465) Pause Final Mark (process weakrefs) 1,142ms
[2021-04-30T09:23:48.395+0300][59,244s][info][gc] GC(1465) Concurrent cleanup 121M->121M(128M) 0,037ms
[2021-04-30T09:23:48.396+0300][59,246s][info][gc] GC(1465) Concurrent evacuation 1,320ms
[2021-04-30T09:23:48.397+0300][59,246s][info][gc] GC(1465) Pause Init Update Refs 0,021ms
[2021-04-30T09:23:48.406+0300][59,255s][info][gc] GC(1465) Concurrent update references 9,216ms
[2021-04-30T09:23:48.406+0300][59,255s][info][gc] GC(1465) Pause Final Update Refs 0,060ms
[2021-04-30T09:23:48.406+0300][59,256s][info][gc] GC(1465) Concurrent cleanup 126M->119M(128M) 0,044ms
[2021-04-30T09:23:48.407+0300][59,257s][info][gc] Trigger: Free (1560K) is below minimum threshold (13107K)
[2021-04-30T09:23:48.407+0300][59,257s][info][gc] GC(1466) Concurrent reset 0,149ms
[2021-04-30T09:23:48.408+0300][59,257s][info][gc] GC(1466) Pause Init Mark 0,185ms
[2021-04-30T09:23:48.424+0300][59,274s][info][gc] GC(1466) Concurrent marking 16,356ms
[2021-04-30T09:23:48.425+0300][59,275s][info][gc] GC(1466) Pause Final Mark 1,074ms
[2021-04-30T09:23:48.426+0300][59,275s][info][gc] GC(1466) Concurrent cleanup 120M->120M(128M) 0,037ms
[2021-04-30T09:23:48.427+0300][59,276s][info][gc] GC(1466) Concurrent evacuation 1,433ms
[2021-04-30T09:23:48.427+0300][59,277s][info][gc] GC(1466) Pause Init Update Refs 0,006ms
[2021-04-30T09:23:48.438+0300][59,287s][info][gc] GC(1466) Concurrent update references 10,544ms
[2021-04-30T09:23:48.438+0300][59,288s][info][gc] GC(1466) Pause Final Update Refs 0,190ms
[2021-04-30T09:23:48.438+0300][59,288s][info][gc] GC(1466) Concurrent cleanup 126M->120M(128M) 0,040ms
[2021-04-30T09:23:48.440+0300][59,289s][info][gc] Trigger: Free (577K) is below minimum threshold (13107K)
[2021-04-30T09:23:48.440+0300][59,289s][info][gc] GC(1467) Concurrent reset 0,168ms
[2021-04-30T09:23:48.440+0300][59,289s][info][gc] GC(1467) Pause Init Mark 0,164ms
[2021-04-30T09:23:48.458+0300][59,308s][info][gc] GC(1467) Concurrent marking 18,087ms
[2021-04-30T09:23:48.459+0300][59,309s][info][gc] GC(1467) Pause Final Mark 1,054ms
[2021-04-30T09:23:48.459+0300][59,309s][info][gc] GC(1467) Concurrent cleanup 121M->121M(128M) 0,038ms
[2021-04-30T09:23:48.461+0300][59,310s][info][gc] GC(1467) Concurrent evacuation 1,450ms
[2021-04-30T09:23:48.461+0300][59,311s][info][gc] GC(1467) Pause Init Update Refs 0,007ms
[2021-04-30T09:23:48.472+0300][59,321s][info][gc] GC(1467) Concurrent update references 10,544ms
[2021-04-30T09:23:48.472+0300][59,321s][info][gc] GC(1467) Pause Final Update Refs 0,107ms
[2021-04-30T09:23:48.472+0300][59,322s][info][gc] GC(1467) Concurrent cleanup 126M->119M(128M) 0,046ms
[2021-04-30T09:23:48.473+0300][59,323s][info][gc] Trigger: Free (1776K) is below minimum threshold (13107K)
[2021-04-30T09:23:48.473+0300][59,323s][info][gc] GC(1468) Concurrent reset 0,158ms
[2021-04-30T09:23:48.474+0300][59,323s][info][gc] GC(1468) Pause Init Mark 0,247ms
[2021-04-30T09:23:48.494+0300][59,343s][info][gc] GC(1468) Concurrent marking 19,791ms
[2021-04-30T09:23:48.495+0300][59,345s][info][gc] GC(1468) Pause Final Mark 1,652ms
[2021-04-30T09:23:48.496+0300][59,345s][info][gc] GC(1468) Concurrent cleanup 120M->120M(128M) 0,037ms
[2021-04-30T09:23:48.498+0300][59,347s][info][gc] GC(1468) Concurrent evacuation 2,183ms
[2021-04-30T09:23:48.498+0300][59,347s][info][gc] GC(1468) Pause Init Update Refs 0,007ms
[2021-04-30T09:23:48.508+0300][59,358s][info][gc] GC(1468) Concurrent update references 10,432ms
[2021-04-30T09:23:48.509+0300][59,358s][info][gc] GC(1468) Pause Final Update Refs 0,177ms
[2021-04-30T09:23:48.509+0300][59,358s][info][gc] GC(1468) Concurrent cleanup 126M->121M(128M) 0,046ms
[2021-04-30T09:23:48.510+0300][59,359s][info][gc] Trigger: Free (362K) is below minimum threshold (13107K)
[2021-04-30T09:23:48.510+0300][59,360s][info][gc] GC(1469) Concurrent reset 0,186ms
[2021-04-30T09:23:48.511+0300][59,360s][info][gc] GC(1469) Pause Init Mark 0,181ms
[2021-04-30T09:23:48.533+0300][59,383s][info][gc] GC(1469) Concurrent marking 22,889ms
[2021-04-30T09:23:48.535+0300][59,384s][info][gc] GC(1469) Pause Final Mark 1,186ms
[2021-04-30T09:23:48.535+0300][59,384s][info][gc] GC(1469) Concurrent cleanup 121M->121M(128M) 0,039ms
[2021-04-30T09:23:48.537+0300][59,386s][info][gc] GC(1469) Concurrent evacuation 1,642ms
[2021-04-30T09:23:48.537+0300][59,386s][info][gc] GC(1469) Pause Init Update Refs 0,009ms
[2021-04-30T09:23:48.547+0300][59,396s][info][gc] GC(1469) Concurrent update references 9,900ms
[2021-04-30T09:23:48.547+0300][59,397s][info][gc] GC(1469) Pause Final Update Refs 0,133ms
[2021-04-30T09:23:48.548+0300][59,397s][info][gc] GC(1469) Concurrent cleanup 126M->119M(128M) 0,040ms
[2021-04-30T09:23:48.549+0300][59,398s][info][gc] Trigger: Free (1819K) is below minimum threshold (13107K)
[2021-04-30T09:23:48.549+0300][59,398s][info][gc] GC(1470) Concurrent reset 0,276ms
[2021-04-30T09:23:48.549+0300][59,399s][info][gc] GC(1470) Pause Init Mark (process weakrefs) 0,170ms
[2021-04-30T09:23:48.571+0300][59,421s][info][gc] GC(1470) Concurrent marking (process weakrefs) 22,130ms
[2021-04-30T09:23:48.572+0300][59,421s][info][gc] GC(1470) Concurrent precleaning 0,148ms
[2021-04-30T09:23:48.573+0300][59,422s][info][gc] GC(1470) Pause Final Mark (process weakrefs) 1,216ms
[2021-04-30T09:23:48.573+0300][59,422s][info][gc] GC(1470) Concurrent cleanup 120M->120M(128M) 0,037ms
[2021-04-30T09:23:48.574+0300][59,424s][info][gc] GC(1470) Concurrent evacuation 1,314ms
[2021-04-30T09:23:48.574+0300][59,424s][info][gc] GC(1470) Pause Init Update Refs 0,006ms
[2021-04-30T09:23:48.590+0300][59,439s][info][gc] GC(1470) Concurrent update references 15,331ms
[2021-04-30T09:23:48.590+0300][59,440s][info][gc] GC(1470) Pause Final Update Refs 0,152ms
[2021-04-30T09:23:48.590+0300][59,440s][info][gc] GC(1470) Concurrent cleanup 126M->121M(128M) 0,041ms
[2021-04-30T09:23:48.591+0300][59,441s][info][gc] Trigger: Free (398K) is below minimum threshold (13107K)
[2021-04-30T09:23:48.592+0300][59,441s][info][gc] GC(1471) Concurrent reset 0,195ms
[2021-04-30T09:23:48.592+0300][59,441s][info][gc] GC(1471) Pause Init Mark 0,158ms
[2021-04-30T09:23:48.609+0300][59,458s][info][gc] GC(1471) Concurrent marking 16,528ms
[2021-04-30T09:23:48.610+0300][59,459s][info][gc] GC(1471) Pause Final Mark 0,956ms
[2021-04-30T09:23:48.610+0300][59,459s][info][gc] Failed to allocate TLAB, 9072B
[2021-04-30T09:23:48.610+0300][59,459s][info][gc] Cancelling GC: Allocation Failure
[2021-04-30T09:23:48.610+0300][59,459s][info][gc] GC(1471) Concurrent cleanup 121M->121M(128M) 0,038ms
[2021-04-30T09:23:48.610+0300][59,459s][info][gc] GC(1471) Concurrent evacuation 0,022ms
[2021-04-30T09:23:48.611+0300][59,461s][info][gc] Trigger: Handle Allocation Failure
[2021-04-30T09:23:48.619+0300][59,468s][info][gc] GC(1472) Pause Degenerated GC (Evacuation) 121M->119M(128M) 7,697ms
[2021-04-30T09:23:48.620+0300][59,470s][info][gc] Trigger: Free (1083K) is below minimum threshold (13107K)
[2021-04-30T09:23:48.620+0300][59,470s][info][gc] GC(1473) Concurrent reset 0,126ms
[2021-04-30T09:23:48.621+0300][59,470s][info][gc] GC(1473) Pause Init Mark 0,120ms
[2021-04-30T09:23:48.636+0300][59,485s][info][gc] GC(1473) Concurrent marking 15,092ms
[2021-04-30T09:23:48.637+0300][59,486s][info][gc] GC(1473) Pause Final Mark 0,946ms
[2021-04-30T09:23:48.637+0300][59,487s][info][gc] GC(1473) Concurrent cleanup 121M->121M(128M) 0,037ms
[2021-04-30T09:23:48.639+0300][59,488s][info][gc] GC(1473) Concurrent evacuation 1,517ms
[2021-04-30T09:23:48.639+0300][59,488s][info][gc] GC(1473) Pause Init Update Refs 0,008ms
[2021-04-30T09:23:48.648+0300][59,497s][info][gc] GC(1473) Concurrent update references 8,801ms
[2021-04-30T09:23:48.648+0300][59,498s][info][gc] GC(1473) Pause Final Update Refs 0,115ms
[2021-04-30T09:23:48.648+0300][59,498s][info][gc] GC(1473) Concurrent cleanup 126M->119M(128M) 0,039ms
[2021-04-30T09:23:48.649+0300][59,499s][info][gc] Trigger: Free (700K) is below minimum threshold (13107K)
[2021-04-30T09:23:48.650+0300][59,499s][info][gc] GC(1474) Concurrent reset 0,124ms
[2021-04-30T09:23:48.650+0300][59,499s][info][gc] GC(1474) Pause Init Mark 0,155ms
[2021-04-30T09:23:48.665+0300][59,514s][info][gc] GC(1474) Concurrent marking 14,970ms
[2021-04-30T09:23:48.666+0300][59,516s][info][gc] GC(1474) Pause Final Mark 1,075ms
[2021-04-30T09:23:48.666+0300][59,516s][info][gc] GC(1474) Concurrent cleanup 121M->121M(128M) 0,037ms
[2021-04-30T09:23:48.668+0300][59,517s][info][gc] GC(1474) Concurrent evacuation 1,259ms
[2021-04-30T09:23:48.668+0300][59,517s][info][gc] GC(1474) Pause Init Update Refs 0,021ms
[2021-04-30T09:23:48.677+0300][59,526s][info][gc] GC(1474) Concurrent update references 8,975ms
[2021-04-30T09:23:48.677+0300][59,527s][info][gc] GC(1474) Pause Final Update Refs 0,098ms
[2021-04-30T09:23:48.677+0300][59,527s][info][gc] GC(1474) Concurrent cleanup 126M->119M(128M) 0,039ms
[2021-04-30T09:23:48.679+0300][59,528s][info][gc] Trigger: Free (928K) is below minimum threshold (13107K)
[2021-04-30T09:23:48.679+0300][59,528s][info][gc] GC(1475) Concurrent reset 0,158ms
[2021-04-30T09:23:48.679+0300][59,529s][info][gc] GC(1475) Pause Init Mark (process weakrefs) 0,234ms
[2021-04-30T09:23:48.695+0300][59,544s][info][gc] GC(1475) Concurrent marking (process weakrefs) 15,242ms
[2021-04-30T09:23:48.695+0300][59,544s][info][gc] GC(1475) Concurrent precleaning 0,127ms
[2021-04-30T09:23:48.696+0300][59,545s][info][gc] GC(1475) Pause Final Mark (process weakrefs) 1,143ms
[2021-04-30T09:23:48.696+0300][59,546s][info][gc] GC(1475) Concurrent cleanup 121M->121M(128M) 0,037ms
[2021-04-30T09:23:48.697+0300][59,547s][info][gc] GC(1475) Concurrent evacuation 1,171ms
[2021-04-30T09:23:48.697+0300][59,547s][info][gc] GC(1475) Pause Init Update Refs 0,005ms
[2021-04-30T09:23:48.706+0300][59,556s][info][gc] GC(1475) Concurrent update references 8,864ms
[2021-04-30T09:23:48.707+0300][59,556s][info][gc] GC(1475) Pause Final Update Refs 0,108ms
[2021-04-30T09:23:48.707+0300][59,556s][info][gc] GC(1475) Concurrent cleanup 126M->119M(128M) 0,041ms
[2021-04-30T09:23:48.708+0300][59,557s][info][gc] Trigger: Free (1702K) is below minimum threshold (13107K)
[2021-04-30T09:23:48.708+0300][59,558s][info][gc] GC(1476) Concurrent reset 0,138ms
[2021-04-30T09:23:48.709+0300][59,558s][info][gc] GC(1476) Pause Init Mark 0,263ms
[2021-04-30T09:23:48.724+0300][59,573s][info][gc] GC(1476) Concurrent marking 15,345ms
[2021-04-30T09:23:48.725+0300][59,575s][info][gc] GC(1476) Pause Final Mark 1,029ms
[2021-04-30T09:23:48.725+0300][59,575s][info][gc] GC(1476) Concurrent cleanup 120M->120M(128M) 0,039ms
[2021-04-30T09:23:48.727+0300][59,576s][info][gc] GC(1476) Concurrent evacuation 1,558ms
[2021-04-30T09:23:48.727+0300][59,576s][info][gc] GC(1476) Pause Init Update Refs 0,005ms
[2021-04-30T09:23:48.738+0300][59,587s][info][gc] GC(1476) Concurrent update references 10,959ms
[2021-04-30T09:23:48.738+0300][59,588s][info][gc] GC(1476) Pause Final Update Refs 0,097ms
[2021-04-30T09:23:48.738+0300][59,588s][info][gc] GC(1476) Concurrent cleanup 125M->119M(128M) 0,041ms
[2021-04-30T09:23:48.740+0300][59,589s][info][gc] Trigger: Free (1464K) is below minimum threshold (13107K)
[2021-04-30T09:23:48.740+0300][59,589s][info][gc] GC(1477) Concurrent reset 0,166ms
[2021-04-30T09:23:48.740+0300][59,590s][info][gc] GC(1477) Pause Init Mark 0,218ms
[2021-04-30T09:23:48.764+0300][59,613s][info][gc] GC(1477) Concurrent marking 23,596ms
[2021-04-30T09:23:48.765+0300][59,614s][info][gc] GC(1477) Pause Final Mark 1,072ms
[2021-04-30T09:23:48.765+0300][59,615s][info][gc] GC(1477) Concurrent cleanup 120M->120M(128M) 0,052ms
[2021-04-30T09:23:48.766+0300][59,616s][info][gc] GC(1477) Concurrent evacuation 1,281ms
[2021-04-30T09:23:48.767+0300][59,616s][info][gc] GC(1477) Pause Init Update Refs 0,006ms
[2021-04-30T09:23:48.779+0300][59,628s][info][gc] GC(1477) Concurrent update references 12,050ms
[2021-04-30T09:23:48.779+0300][59,628s][info][gc] GC(1477) Pause Final Update Refs 0,064ms
[2021-04-30T09:23:48.779+0300][59,629s][info][gc] GC(1477) Concurrent cleanup 126M->120M(128M) 0,048ms
[2021-04-30T09:23:48.780+0300][59,630s][info][gc] Trigger: Free (480K) is below minimum threshold (13107K)
[2021-04-30T09:23:48.780+0300][59,630s][info][gc] GC(1478) Concurrent reset 0,148ms
[2021-04-30T09:23:48.781+0300][59,631s][info][gc] GC(1478) Pause Init Mark 0,263ms
[2021-04-30T09:23:48.799+0300][59,648s][info][gc] GC(1478) Concurrent marking 17,855ms
[2021-04-30T09:23:48.800+0300][59,650s][info][gc] GC(1478) Pause Final Mark 1,142ms
[2021-04-30T09:23:48.800+0300][59,650s][info][gc] GC(1478) Concurrent cleanup 121M->121M(128M) 0,037ms
[2021-04-30T09:23:48.802+0300][59,651s][info][gc] GC(1478) Concurrent evacuation 1,196ms
[2021-04-30T09:23:48.802+0300][59,651s][info][gc] GC(1478) Pause Init Update Refs 0,004ms
[2021-04-30T09:23:48.812+0300][59,661s][info][gc] GC(1478) Concurrent update references 10,116ms
[2021-04-30T09:23:48.812+0300][59,661s][info][gc] GC(1478) Pause Final Update Refs 0,063ms
[2021-04-30T09:23:48.812+0300][59,662s][info][gc] GC(1478) Concurrent cleanup 126M->119M(128M) 0,039ms
[2021-04-30T09:23:48.813+0300][59,663s][info][gc] Trigger: Free (1556K) is below minimum threshold (13107K)
[2021-04-30T09:23:48.813+0300][59,663s][info][gc] GC(1479) Concurrent reset 0,198ms
[2021-04-30T09:23:48.814+0300][59,663s][info][gc] GC(1479) Pause Init Mark 0,182ms
[2021-04-30T09:23:48.835+0300][59,685s][info][gc] GC(1479) Concurrent marking 21,349ms
[2021-04-30T09:23:48.837+0300][59,686s][info][gc] GC(1479) Pause Final Mark 1,255ms
[2021-04-30T09:23:48.837+0300][59,686s][info][gc] GC(1479) Concurrent cleanup 120M->120M(128M) 0,036ms
[2021-04-30T09:23:48.838+0300][59,687s][info][gc] GC(1479) Concurrent evacuation 1,350ms
[2021-04-30T09:23:48.838+0300][59,688s][info][gc] GC(1479) Pause Init Update Refs 0,004ms
[2021-04-30T09:23:48.847+0300][59,697s][info][gc] GC(1479) Concurrent update references 9,157ms
[2021-04-30T09:23:48.848+0300][59,697s][info][gc] GC(1479) Pause Final Update Refs 0,159ms
[2021-04-30T09:23:48.848+0300][59,697s][info][gc] GC(1479) Concurrent cleanup 126M->120M(128M) 0,041ms
[2021-04-30T09:23:48.849+0300][59,699s][info][gc] Trigger: Free (1236K) is below minimum threshold (13107K)
[2021-04-30T09:23:48.849+0300][59,699s][info][gc] GC(1480) Concurrent reset 0,225ms
[2021-04-30T09:23:48.850+0300][59,699s][info][gc] GC(1480) Pause Init Mark (process weakrefs) 0,156ms
[2021-04-30T09:23:48.872+0300][59,721s][info][gc] GC(1480) Concurrent marking (process weakrefs) 21,630ms
[2021-04-30T09:23:48.872+0300][59,721s][info][gc] GC(1480) Concurrent precleaning 0,131ms
[2021-04-30T09:23:48.873+0300][59,723s][info][gc] GC(1480) Pause Final Mark (process weakrefs) 1,087ms
[2021-04-30T09:23:48.873+0300][59,723s][info][gc] GC(1480) Concurrent cleanup 121M->121M(128M) 0,037ms
[2021-04-30T09:23:48.875+0300][59,724s][info][gc] GC(1480) Concurrent evacuation 1,289ms
[2021-04-30T09:23:48.875+0300][59,724s][info][gc] GC(1480) Pause Init Update Refs 0,021ms
[2021-04-30T09:23:48.888+0300][59,738s][info][gc] GC(1480) Concurrent update references 13,251ms
[2021-04-30T09:23:48.889+0300][59,738s][info][gc] GC(1480) Pause Final Update Refs 0,164ms
[2021-04-30T09:23:48.889+0300][59,738s][info][gc] GC(1480) Concurrent cleanup 126M->120M(128M) 0,040ms
[2021-04-30T09:23:48.890+0300][59,740s][info][gc] Trigger: Free (1132K) is below minimum threshold (13107K)
[2021-04-30T09:23:48.890+0300][59,740s][info][gc] GC(1481) Concurrent reset 0,119ms
[2021-04-30T09:23:48.891+0300][59,740s][info][gc] GC(1481) Pause Init Mark 0,157ms
[2021-04-30T09:23:48.906+0300][59,756s][info][gc] GC(1481) Concurrent marking 15,488ms
[2021-04-30T09:23:48.908+0300][59,757s][info][gc] GC(1481) Pause Final Mark 1,225ms
[2021-04-30T09:23:48.908+0300][59,757s][info][gc] GC(1481) Concurrent cleanup 121M->121M(128M) 0,038ms
[2021-04-30T09:23:48.909+0300][59,758s][info][gc] GC(1481) Concurrent evacuation 1,198ms
[2021-04-30T09:23:48.909+0300][59,759s][info][gc] GC(1481) Pause Init Update Refs 0,004ms
[2021-04-30T09:23:48.918+0300][59,767s][info][gc] GC(1481) Concurrent update references 8,844ms
[2021-04-30T09:23:48.918+0300][59,768s][info][gc] GC(1481) Pause Final Update Refs 0,075ms
[2021-04-30T09:23:48.918+0300][59,768s][info][gc] GC(1481) Concurrent cleanup 126M->119M(128M) 0,044ms
[2021-04-30T09:23:48.920+0300][59,769s][info][gc] Trigger: Free (1561K) is below minimum threshold (13107K)
[2021-04-30T09:23:48.920+0300][59,769s][info][gc] GC(1482) Concurrent reset 0,268ms
[2021-04-30T09:23:48.920+0300][59,770s][info][gc] GC(1482) Pause Init Mark 0,148ms
[2021-04-30T09:23:48.936+0300][59,786s][info][gc] GC(1482) Concurrent marking 15,366ms
[2021-04-30T09:23:48.942+0300][59,792s][info][gc] GC(1482) Pause Final Mark 3,946ms
[2021-04-30T09:23:48.943+0300][59,792s][info][gc] GC(1482) Concurrent cleanup 120M->120M(128M) 0,047ms
[2021-04-30T09:23:48.945+0300][59,795s][info][gc] GC(1482) Concurrent evacuation 2,704ms
[2021-04-30T09:23:48.946+0300][59,795s][info][gc] GC(1482) Pause Init Update Refs 0,007ms
[2021-04-30T09:23:48.956+0300][59,805s][info][gc] GC(1482) Concurrent update references 9,985ms
[2021-04-30T09:23:48.956+0300][59,805s][info][gc] GC(1482) Pause Final Update Refs 0,080ms
[2021-04-30T09:23:48.956+0300][59,806s][info][gc] GC(1482) Concurrent cleanup 126M->120M(128M) 0,038ms
[2021-04-30T09:23:48.957+0300][59,807s][info][gc] Trigger: Free (1042K) is below minimum threshold (13107K)
[2021-04-30T09:23:48.957+0300][59,807s][info][gc] GC(1483) Concurrent reset 0,197ms
[2021-04-30T09:23:48.958+0300][59,807s][info][gc] GC(1483) Pause Init Mark 0,257ms
[2021-04-30T09:23:48.981+0300][59,830s][info][gc] GC(1483) Concurrent marking 23,099ms
[2021-04-30T09:23:48.982+0300][59,832s][info][gc] GC(1483) Pause Final Mark 1,215ms
[2021-04-30T09:23:48.982+0300][59,832s][info][gc] GC(1483) Concurrent cleanup 121M->121M(128M) 0,036ms
[2021-04-30T09:23:48.984+0300][59,833s][info][gc] GC(1483) Concurrent evacuation 1,346ms
[2021-04-30T09:23:48.984+0300][59,833s][info][gc] GC(1483) Pause Init Update Refs 0,006ms
[2021-04-30T09:23:48.999+0300][59,849s][info][gc] GC(1483) Concurrent update references 15,268ms
[2021-04-30T09:23:49.000+0300][59,849s][info][gc] GC(1483) Pause Final Update Refs 0,138ms
[2021-04-30T09:23:49.000+0300][59,849s][info][gc] GC(1483) Concurrent cleanup 126M->120M(128M) 0,039ms
[2021-04-30T09:23:49.001+0300][59,850s][info][gc] Trigger: Free (978K) is below minimum threshold (13107K)
[2021-04-30T09:23:49.001+0300][59,850s][info][gc] GC(1484) Concurrent reset 0,192ms
[2021-04-30T09:23:49.001+0300][59,851s][info][gc] GC(1484) Pause Init Mark 0,175ms
[2021-04-30T09:23:49.019+0300][59,868s][info][gc] GC(1484) Concurrent marking 17,731ms
[2021-04-30T09:23:49.020+0300][59,869s][info][gc] GC(1484) Pause Final Mark 0,931ms
[2021-04-30T09:23:49.020+0300][59,869s][info][gc] GC(1484) Concurrent cleanup 121M->121M(128M) 0,035ms
[2021-04-30T09:23:49.021+0300][59,871s][info][gc] GC(1484) Concurrent evacuation 1,352ms
[2021-04-30T09:23:49.022+0300][59,871s][info][gc] GC(1484) Pause Init Update Refs 0,006ms
[2021-04-30T09:23:49.031+0300][59,880s][info][gc] GC(1484) Concurrent update references 9,351ms
[2021-04-30T09:23:49.031+0300][59,881s][info][gc] GC(1484) Pause Final Update Refs 0,125ms
[2021-04-30T09:23:49.031+0300][59,881s][info][gc] GC(1484) Concurrent cleanup 126M->119M(128M) 0,040ms
[2021-04-30T09:23:49.032+0300][59,882s][info][gc] Trigger: Free (1224K) is below minimum threshold (13107K)
[2021-04-30T09:23:49.033+0300][59,882s][info][gc] GC(1485) Concurrent reset 0,165ms
[2021-04-30T09:23:49.033+0300][59,882s][info][gc] GC(1485) Pause Init Mark (process weakrefs) 0,213ms
[2021-04-30T09:23:49.049+0300][59,898s][info][gc] GC(1485) Concurrent marking (process weakrefs) 16,036ms
[2021-04-30T09:23:49.049+0300][59,899s][info][gc] GC(1485) Concurrent precleaning 0,150ms
[2021-04-30T09:23:49.050+0300][59,900s][info][gc] GC(1485) Pause Final Mark (process weakrefs) 1,015ms
[2021-04-30T09:23:49.051+0300][59,900s][info][gc] GC(1485) Concurrent cleanup 120M->120M(128M) 0,037ms
[2021-04-30T09:23:49.052+0300][59,901s][info][gc] GC(1485) Concurrent evacuation 1,284ms
[2021-04-30T09:23:49.052+0300][59,901s][info][gc] GC(1485) Pause Init Update Refs 0,005ms
[2021-04-30T09:23:49.061+0300][59,910s][info][gc] GC(1485) Concurrent update references 8,845ms
[2021-04-30T09:23:49.061+0300][59,911s][info][gc] GC(1485) Pause Final Update Refs 0,218ms
[2021-04-30T09:23:49.062+0300][59,911s][info][gc] GC(1485) Concurrent cleanup 125M->119M(128M) 0,040ms
[2021-04-30T09:23:49.063+0300][59,912s][info][gc] Trigger: Free (1248K) is below minimum threshold (13107K)
[2021-04-30T09:23:49.063+0300][59,912s][info][gc] GC(1486) Concurrent reset 0,184ms
[2021-04-30T09:23:49.063+0300][59,913s][info][gc] GC(1486) Pause Init Mark 0,245ms
[2021-04-30T09:23:49.085+0300][59,935s][info][gc] GC(1486) Concurrent marking 22,016ms
[2021-04-30T09:23:49.086+0300][59,936s][info][gc] GC(1486) Pause Final Mark 0,824ms
[2021-04-30T09:23:49.086+0300][59,936s][info][gc] GC(1486) Concurrent cleanup 121M->121M(128M) 0,038ms
[2021-04-30T09:23:49.088+0300][59,937s][info][gc] GC(1486) Concurrent evacuation 1,245ms
[2021-04-30T09:23:49.088+0300][59,937s][info][gc] GC(1486) Pause Init Update Refs 0,022ms
[2021-04-30T09:23:49.100+0300][59,950s][info][gc] GC(1486) Concurrent update references 12,032ms
[2021-04-30T09:23:49.100+0300][59,950s][info][gc] GC(1486) Pause Final Update Refs 0,091ms
[2021-04-30T09:23:49.101+0300][59,950s][info][gc] GC(1486) Concurrent cleanup 126M->120M(128M) 0,040ms
[2021-04-30T09:23:49.102+0300][59,951s][info][gc] Trigger: Free (1142K) is below minimum threshold (13107K)
[2021-04-30T09:23:49.102+0300][59,951s][info][gc] GC(1487) Concurrent reset 0,208ms
[2021-04-30T09:23:49.102+0300][59,952s][info][gc] GC(1487) Pause Init Mark 0,144ms
[2021-04-30T09:23:49.117+0300][59,967s][info][gc] GC(1487) Concurrent marking 14,799ms
[2021-04-30T09:23:49.119+0300][59,968s][info][gc] GC(1487) Pause Final Mark 0,968ms
[2021-04-30T09:23:49.119+0300][59,968s][info][gc] GC(1487) Concurrent cleanup 120M->120M(128M) 0,037ms
[2021-04-30T09:23:49.120+0300][59,969s][info][gc] GC(1487) Concurrent evacuation 1,287ms
[2021-04-30T09:23:49.120+0300][59,970s][info][gc] GC(1487) Pause Init Update Refs 0,024ms
[2021-04-30T09:23:49.129+0300][59,979s][info][gc] GC(1487) Concurrent update references 8,847ms
[2021-04-30T09:23:49.130+0300][59,979s][info][gc] GC(1487) Pause Final Update Refs 0,066ms
[2021-04-30T09:23:49.130+0300][59,979s][info][gc] GC(1487) Concurrent cleanup 126M->119M(128M) 0,040ms
[2021-04-30T09:23:49.131+0300][59,980s][info][gc] Trigger: Free (1444K) is below minimum threshold (13107K)
[2021-04-30T09:23:49.131+0300][59,980s][info][gc] GC(1488) Concurrent reset 0,123ms
[2021-04-30T09:23:49.131+0300][59,981s][info][gc] GC(1488) Pause Init Mark 0,157ms
[2021-04-30T09:23:49.146+0300][59,996s][info][gc] GC(1488) Concurrent marking 14,865ms
[2021-04-30T09:23:49.148+0300][59,997s][info][gc] GC(1488) Pause Final Mark 1,021ms
[2021-04-30T09:23:49.148+0300][59,997s][info][gc] GC(1488) Concurrent cleanup 120M->120M(128M) 0,038ms
[2021-04-30T09:23:49.149+0300][59,999s][info][gc] GC(1488) Concurrent evacuation 1,245ms
[2021-04-30T09:23:49.149+0300][59,999s][info][gc] GC(1488) Pause Init Update Refs 0,006ms
[2021-04-30T09:23:49.159+0300][60,009s][info][gc] GC(1488) Concurrent update references 9,975ms
[2021-04-30T09:23:49.160+0300][60,009s][info][gc] GC(1488) Pause Final Update Refs 0,094ms
[2021-04-30T09:23:49.160+0300][60,009s][info][gc] GC(1488) Concurrent cleanup 126M->120M(128M) 0,040ms
[2021-04-30T09:23:49.161+0300][60,010s][info][gc] Trigger: Free (770K) is below minimum threshold (13107K)
[2021-04-30T09:23:49.161+0300][60,011s][info][gc] GC(1489) Concurrent reset 0,123ms
[2021-04-30T09:23:49.162+0300][60,011s][info][gc] GC(1489) Pause Init Mark 0,201ms
[2021-04-30T09:23:49.176+0300][60,026s][info][gc] GC(1489) Concurrent marking 14,817ms
[2021-04-30T09:23:49.178+0300][60,027s][info][gc] GC(1489) Pause Final Mark 1,046ms
[2021-04-30T09:23:49.178+0300][60,027s][info][gc] GC(1489) Concurrent cleanup 121M->121M(128M) 0,037ms
[2021-04-30T09:23:49.179+0300][60,029s][info][gc] GC(1489) Concurrent evacuation 1,290ms
[2021-04-30T09:23:49.180+0300][60,029s][info][gc] GC(1489) Pause Init Update Refs 0,021ms
[2021-04-30T09:23:49.188+0300][60,038s][info][gc] GC(1489) Concurrent update references 8,674ms
[2021-04-30T09:23:49.189+0300][60,038s][info][gc] GC(1489) Pause Final Update Refs 0,155ms
[2021-04-30T09:23:49.189+0300][60,038s][info][gc] GC(1489) Concurrent cleanup 126M->120M(128M) 0,040ms
[2021-04-30T09:23:49.190+0300][60,040s][info][gc] Trigger: Free (1219K) is below minimum threshold (13107K)
[2021-04-30T09:23:49.190+0300][60,040s][info][gc] GC(1490) Concurrent reset 0,114ms
[2021-04-30T09:23:49.191+0300][60,040s][info][gc] GC(1490) Pause Init Mark (process weakrefs) 0,268ms
[2021-04-30T09:23:49.206+0300][60,055s][info][gc] GC(1490) Concurrent marking (process weakrefs) 15,005ms
[2021-04-30T09:23:49.206+0300][60,055s][info][gc] GC(1490) Concurrent precleaning 0,100ms
[2021-04-30T09:23:49.207+0300][60,057s][info][gc] GC(1490) Pause Final Mark (process weakrefs) 1,242ms
[2021-04-30T09:23:49.207+0300][60,057s][info][gc] GC(1490) Concurrent cleanup 120M->120M(128M) 0,038ms
[2021-04-30T09:23:49.209+0300][60,058s][info][gc] GC(1490) Concurrent evacuation 1,401ms
[2021-04-30T09:23:49.209+0300][60,058s][info][gc] GC(1490) Pause Init Update Refs 0,005ms
[2021-04-30T09:23:49.224+0300][60,074s][info][gc] GC(1490) Concurrent update references 15,054ms
[2021-04-30T09:23:49.224+0300][60,074s][info][gc] GC(1490) Pause Final Update Refs 0,154ms
[2021-04-30T09:23:49.224+0300][60,074s][info][gc] GC(1490) Concurrent cleanup 126M->120M(128M) 0,042ms
[2021-04-30T09:23:49.226+0300][60,075s][info][gc] Trigger: Free (359K) is below minimum threshold (13107K)
[2021-04-30T09:23:49.226+0300][60,075s][info][gc] GC(1491) Concurrent reset 0,174ms
[2021-04-30T09:23:49.226+0300][60,076s][info][gc] GC(1491) Pause Init Mark 0,219ms
[2021-04-30T09:23:49.244+0300][60,094s][info][gc] GC(1491) Concurrent marking 17,977ms
[2021-04-30T09:23:49.246+0300][60,095s][info][gc] GC(1491) Pause Final Mark 1,229ms
[2021-04-30T09:23:49.246+0300][60,095s][info][gc] Failed to allocate TLAB, 2664B
[2021-04-30T09:23:49.246+0300][60,095s][info][gc] GC(1491) Concurrent cleanup 121M->121M(128M) 0,038ms
[2021-04-30T09:23:49.246+0300][60,095s][info][gc] Cancelling GC: Allocation Failure
[2021-04-30T09:23:49.246+0300][60,095s][info][gc] GC(1491) Concurrent evacuation 0,059ms
[2021-04-30T09:23:49.247+0300][60,097s][info][gc] Trigger: Handle Allocation Failure
[2021-04-30T09:23:49.258+0300][60,108s][info][gc] GC(1492) Pause Degenerated GC (Evacuation) 121M->119M(128M) 10,836ms
[2021-04-30T09:23:49.259+0300][60,109s][info][gc] Trigger: Free (1638K) is below minimum threshold (13107K)
[2021-04-30T09:23:49.260+0300][60,109s][info][gc] GC(1493) Concurrent reset 0,223ms
[2021-04-30T09:23:49.260+0300][60,110s][info][gc] GC(1493) Pause Init Mark 0,288ms
[2021-04-30T09:23:49.276+0300][60,126s][info][gc] GC(1493) Concurrent marking 16,191ms
[2021-04-30T09:23:49.279+0300][60,128s][info][gc] GC(1493) Pause Final Mark 1,959ms
[2021-04-30T09:23:49.279+0300][60,128s][info][gc] GC(1493) Concurrent cleanup 120M->120M(128M) 0,041ms
[2021-04-30T09:23:49.280+0300][60,130s][info][gc] GC(1493) Concurrent evacuation 1,597ms
[2021-04-30T09:23:49.281+0300][60,130s][info][gc] GC(1493) Pause Init Update Refs 0,006ms
[2021-04-30T09:23:49.291+0300][60,140s][info][gc] GC(1493) Concurrent update references 10,171ms
[2021-04-30T09:23:49.291+0300][60,140s][info][gc] GC(1493) Pause Final Update Refs 0,095ms
[2021-04-30T09:23:49.291+0300][60,141s][info][gc] GC(1493) Concurrent cleanup 126M->120M(128M) 0,044ms
[2021-04-30T09:23:49.292+0300][60,142s][info][gc] Trigger: Free (469K) is below minimum threshold (13107K)
[2021-04-30T09:23:49.292+0300][60,142s][info][gc] GC(1494) Concurrent reset 0,169ms
[2021-04-30T09:23:49.293+0300][60,142s][info][gc] GC(1494) Pause Init Mark 0,199ms
[2021-04-30T09:23:49.309+0300][60,158s][info][gc] GC(1494) Concurrent marking 16,010ms
[2021-04-30T09:23:49.310+0300][60,159s][info][gc] GC(1494) Pause Final Mark 0,966ms
[2021-04-30T09:23:49.310+0300][60,160s][info][gc] GC(1494) Concurrent cleanup 121M->121M(128M) 0,048ms
[2021-04-30T09:23:49.312+0300][60,161s][info][gc] GC(1494) Concurrent evacuation 1,587ms
[2021-04-30T09:23:49.312+0300][60,161s][info][gc] GC(1494) Pause Init Update Refs 0,004ms
[2021-04-30T09:23:49.321+0300][60,170s][info][gc] GC(1494) Concurrent update references 8,874ms
[2021-04-30T09:23:49.321+0300][60,170s][info][gc] GC(1494) Pause Final Update Refs 0,100ms
[2021-04-30T09:23:49.321+0300][60,170s][info][gc] GC(1494) Concurrent cleanup 126M->120M(128M) 0,038ms
[2021-04-30T09:23:49.322+0300][60,172s][info][gc] Trigger: Free (1374K) is below minimum threshold (13107K)
[2021-04-30T09:23:49.322+0300][60,172s][info][gc] GC(1495) Concurrent reset 0,194ms
[2021-04-30T09:23:49.323+0300][60,172s][info][gc] GC(1495) Pause Init Mark (process weakrefs) 0,283ms
[2021-04-30T09:23:49.339+0300][60,188s][info][gc] GC(1495) Concurrent marking (process weakrefs) 15,962ms
[2021-04-30T09:23:49.339+0300][60,188s][info][gc] GC(1495) Concurrent precleaning 0,193ms
[2021-04-30T09:23:49.340+0300][60,190s][info][gc] GC(1495) Pause Final Mark (process weakrefs) 1,118ms
[2021-04-30T09:23:49.340+0300][60,190s][info][gc] GC(1495) Concurrent cleanup 120M->120M(128M) 0,037ms
[2021-04-30T09:23:49.342+0300][60,191s][info][gc] GC(1495) Concurrent evacuation 1,404ms
[2021-04-30T09:23:49.342+0300][60,191s][info][gc] GC(1495) Pause Init Update Refs 0,006ms
[2021-04-30T09:23:49.351+0300][60,200s][info][gc] GC(1495) Concurrent update references 9,021ms
[2021-04-30T09:23:49.351+0300][60,201s][info][gc] GC(1495) Pause Final Update Refs 0,068ms
[2021-04-30T09:23:49.351+0300][60,201s][info][gc] GC(1495) Concurrent cleanup 126M->120M(128M) 0,039ms
[2021-04-30T09:23:49.352+0300][60,202s][info][gc] Trigger: Free (979K) is below minimum threshold (13107K)
[2021-04-30T09:23:49.353+0300][60,202s][info][gc] GC(1496) Concurrent reset 0,151ms
[2021-04-30T09:23:49.353+0300][60,202s][info][gc] GC(1496) Pause Init Mark 0,196ms
[2021-04-30T09:23:49.367+0300][60,217s][info][gc] GC(1496) Concurrent marking 14,534ms
[2021-04-30T09:23:49.369+0300][60,218s][info][gc] GC(1496) Pause Final Mark 1,310ms
[2021-04-30T09:23:49.369+0300][60,218s][info][gc] GC(1496) Concurrent cleanup 121M->121M(128M) 0,036ms
[2021-04-30T09:23:49.370+0300][60,220s][info][gc] GC(1496) Concurrent evacuation 1,249ms
[2021-04-30T09:23:49.371+0300][60,220s][info][gc] GC(1496) Pause Init Update Refs 0,021ms
[2021-04-30T09:23:49.379+0300][60,229s][info][gc] GC(1496) Concurrent update references 8,713ms
[2021-04-30T09:23:49.380+0300][60,229s][info][gc] GC(1496) Pause Final Update Refs 0,223ms
[2021-04-30T09:23:49.380+0300][60,229s][info][gc] GC(1496) Concurrent cleanup 126M->120M(128M) 0,039ms
[2021-04-30T09:23:49.381+0300][60,230s][info][gc] Trigger: Free (1193K) is below minimum threshold (13107K)
[2021-04-30T09:23:49.381+0300][60,231s][info][gc] GC(1497) Concurrent reset 0,282ms
[2021-04-30T09:23:49.382+0300][60,231s][info][gc] GC(1497) Pause Init Mark 0,184ms
[2021-04-30T09:23:49.396+0300][60,246s][info][gc] GC(1497) Concurrent marking 14,436ms
[2021-04-30T09:23:49.397+0300][60,247s][info][gc] GC(1497) Pause Final Mark 0,997ms
[2021-04-30T09:23:49.398+0300][60,247s][info][gc] GC(1497) Concurrent cleanup 120M->120M(128M) 0,036ms
[2021-04-30T09:23:49.399+0300][60,248s][info][gc] GC(1497) Concurrent evacuation 1,267ms
[2021-04-30T09:23:49.399+0300][60,248s][info][gc] GC(1497) Pause Init Update Refs 0,005ms
[2021-04-30T09:23:49.408+0300][60,258s][info][gc] GC(1497) Concurrent update references 9,251ms
[2021-04-30T09:23:49.409+0300][60,258s][info][gc] GC(1497) Pause Final Update Refs 0,074ms
[2021-04-30T09:23:49.409+0300][60,258s][info][gc] GC(1497) Concurrent cleanup 126M->120M(128M) 0,039ms
[2021-04-30T09:23:49.410+0300][60,260s][info][gc] Trigger: Free (1061K) is below minimum threshold (13107K)
[2021-04-30T09:23:49.410+0300][60,260s][info][gc] GC(1498) Concurrent reset 0,195ms
[2021-04-30T09:23:49.411+0300][60,260s][info][gc] GC(1498) Pause Init Mark 0,280ms
[2021-04-30T09:23:49.426+0300][60,275s][info][gc] GC(1498) Concurrent marking 14,627ms
[2021-04-30T09:23:49.427+0300][60,276s][info][gc] GC(1498) Pause Final Mark 1,005ms
[2021-04-30T09:23:49.427+0300][60,276s][info][gc] GC(1498) Concurrent cleanup 120M->120M(128M) 0,039ms
[2021-04-30T09:23:49.428+0300][60,278s][info][gc] GC(1498) Concurrent evacuation 1,254ms
[2021-04-30T09:23:49.429+0300][60,278s][info][gc] GC(1498) Pause Init Update Refs 0,006ms
[2021-04-30T09:23:49.445+0300][60,295s][info][gc] GC(1498) Concurrent update references 16,610ms
[2021-04-30T09:23:49.446+0300][60,295s][info][gc] GC(1498) Pause Final Update Refs 0,132ms
[2021-04-30T09:23:49.446+0300][60,295s][info][gc] GC(1498) Concurrent cleanup 126M->120M(128M) 0,042ms
[2021-04-30T09:23:49.447+0300][60,296s][info][gc] Trigger: Free (1103K) is below minimum threshold (13107K)
[2021-04-30T09:23:49.447+0300][60,297s][info][gc] GC(1499) Concurrent reset 0,180ms
[2021-04-30T09:23:49.448+0300][60,297s][info][gc] GC(1499) Pause Init Mark (unload classes) 0,173ms
[2021-04-30T09:23:49.470+0300][60,319s][info][gc] GC(1499) Concurrent marking (unload classes) 22,332ms
[2021-04-30T09:23:49.474+0300][60,324s][info][gc] GC(1499) Pause Final Mark (unload classes) 4,262ms
[2021-04-30T09:23:49.474+0300][60,324s][info][gc] GC(1499) Concurrent cleanup 121M->121M(128M) 0,058ms
[2021-04-30T09:23:49.476+0300][60,326s][info][gc] GC(1499) Concurrent evacuation 1,770ms
[2021-04-30T09:23:49.476+0300][60,326s][info][gc] GC(1499) Pause Init Update Refs 0,008ms
[2021-04-30T09:23:49.492+0300][60,341s][info][gc] GC(1499) Concurrent update references 15,374ms
[2021-04-30T09:23:49.492+0300][60,341s][info][gc] GC(1499) Pause Final Update Refs 0,058ms
[2021-04-30T09:23:49.492+0300][60,342s][info][gc] GC(1499) Concurrent cleanup 126M->120M(128M) 0,050ms
[2021-04-30T09:23:49.493+0300][60,343s][info][gc] Trigger: Free (1183K) is below minimum threshold (13107K)
[2021-04-30T09:23:49.493+0300][60,343s][info][gc] GC(1500) Concurrent reset 0,198ms
[2021-04-30T09:23:49.494+0300][60,343s][info][gc] GC(1500) Pause Init Mark (process weakrefs) 0,204ms
[2021-04-30T09:23:49.513+0300][60,362s][info][gc] GC(1500) Concurrent marking (process weakrefs) 18,999ms
[2021-04-30T09:23:49.513+0300][60,362s][info][gc] GC(1500) Concurrent precleaning 0,096ms
[2021-04-30T09:23:49.514+0300][60,364s][info][gc] GC(1500) Pause Final Mark (process weakrefs) 1,124ms
[2021-04-30T09:23:49.514+0300][60,364s][info][gc] GC(1500) Concurrent cleanup 120M->120M(128M) 0,040ms
[2021-04-30T09:23:49.517+0300][60,366s][info][gc] GC(1500) Concurrent evacuation 2,414ms
[2021-04-30T09:23:49.517+0300][60,366s][info][gc] GC(1500) Pause Init Update Refs 0,005ms
[2021-04-30T09:23:49.532+0300][60,382s][info][gc] GC(1500) Concurrent update references 15,014ms
[2021-04-30T09:23:49.532+0300][60,382s][info][gc] GC(1500) Pause Final Update Refs 0,091ms
[2021-04-30T09:23:49.533+0300][60,382s][info][gc] GC(1500) Concurrent cleanup 126M->120M(128M) 0,041ms
[2021-04-30T09:23:49.534+0300][60,383s][info][gc] Trigger: Free (955K) is below minimum threshold (13107K)
[2021-04-30T09:23:49.534+0300][60,383s][info][gc] GC(1501) Concurrent reset 0,151ms
[2021-04-30T09:23:49.534+0300][60,384s][info][gc] GC(1501) Pause Init Mark 0,147ms
[2021-04-30T09:23:49.557+0300][60,406s][info][gc] GC(1501) Concurrent marking 22,746ms
[2021-04-30T09:23:49.558+0300][60,408s][info][gc] GC(1501) Pause Final Mark 1,203ms
[2021-04-30T09:23:49.558+0300][60,408s][info][gc] GC(1501) Concurrent cleanup 120M->121M(128M) 0,047ms
[2021-04-30T09:23:49.560+0300][60,409s][info][gc] GC(1501) Concurrent evacuation 1,384ms
[2021-04-30T09:23:49.560+0300][60,409s][info][gc] GC(1501) Pause Init Update Refs 0,006ms
[2021-04-30T09:23:49.569+0300][60,419s][info][gc] GC(1501) Concurrent update references 9,274ms
[2021-04-30T09:23:49.569+0300][60,419s][info][gc] GC(1501) Pause Final Update Refs 0,089ms
[2021-04-30T09:23:49.570+0300][60,419s][info][gc] GC(1501) Concurrent cleanup 126M->120M(128M) 0,040ms
[2021-04-30T09:23:49.571+0300][60,420s][info][gc] Trigger: Free (1062K) is below minimum threshold (13107K)
[2021-04-30T09:23:49.571+0300][60,420s][info][gc] GC(1502) Concurrent reset 0,121ms
[2021-04-30T09:23:49.571+0300][60,421s][info][gc] GC(1502) Pause Init Mark 0,180ms
[2021-04-30T09:23:49.590+0300][60,440s][info][gc] GC(1502) Concurrent marking 18,997ms
[2021-04-30T09:23:49.592+0300][60,441s][info][gc] GC(1502) Pause Final Mark 1,241ms
[2021-04-30T09:23:49.592+0300][60,441s][info][gc] GC(1502) Concurrent cleanup 120M->120M(128M) 0,087ms
[2021-04-30T09:23:49.593+0300][60,443s][info][gc] GC(1502) Concurrent evacuation 1,447ms
[2021-04-30T09:23:49.593+0300][60,443s][info][gc] GC(1502) Pause Init Update Refs 0,005ms
[2021-04-30T09:23:49.605+0300][60,454s][info][gc] GC(1502) Concurrent update references 11,646ms
[2021-04-30T09:23:49.605+0300][60,455s][info][gc] GC(1502) Pause Final Update Refs 0,123ms
[2021-04-30T09:23:49.605+0300][60,455s][info][gc] GC(1502) Concurrent cleanup 126M->120M(128M) 0,040ms
[2021-04-30T09:23:49.607+0300][60,456s][info][gc] Trigger: Free (1095K) is below minimum threshold (13107K)
[2021-04-30T09:23:49.607+0300][60,456s][info][gc] GC(1503) Concurrent reset 0,167ms
[2021-04-30T09:23:49.607+0300][60,456s][info][gc] GC(1503) Pause Init Mark 0,195ms
[2021-04-30T09:23:49.623+0300][60,473s][info][gc] GC(1503) Concurrent marking 16,184ms
[2021-04-30T09:23:49.625+0300][60,474s][info][gc] GC(1503) Pause Final Mark 1,168ms
[2021-04-30T09:23:49.625+0300][60,474s][info][gc] GC(1503) Concurrent cleanup 120M->120M(128M) 0,036ms
[2021-04-30T09:23:49.626+0300][60,475s][info][gc] GC(1503) Concurrent evacuation 1,389ms
[2021-04-30T09:23:49.626+0300][60,476s][info][gc] GC(1503) Pause Init Update Refs 0,005ms
[2021-04-30T09:23:49.641+0300][60,491s][info][gc] GC(1503) Concurrent update references 14,945ms
[2021-04-30T09:23:49.641+0300][60,491s][info][gc] GC(1503) Pause Final Update Refs 0,130ms
[2021-04-30T09:23:49.641+0300][60,491s][info][gc] GC(1503) Concurrent cleanup 126M->120M(128M) 0,038ms
[2021-04-30T09:23:49.643+0300][60,492s][info][gc] Trigger: Free (848K) is below minimum threshold (13107K)
[2021-04-30T09:23:49.643+0300][60,492s][info][gc] GC(1504) Concurrent reset 0,253ms
[2021-04-30T09:23:49.643+0300][60,493s][info][gc] GC(1504) Pause Init Mark 0,234ms
[2021-04-30T09:23:49.658+0300][60,507s][info][gc] GC(1504) Concurrent marking 14,491ms
[2021-04-30T09:23:49.659+0300][60,508s][info][gc] GC(1504) Pause Final Mark 1,146ms
[2021-04-30T09:23:49.659+0300][60,508s][info][gc] GC(1504) Concurrent cleanup 121M->121M(128M) 0,036ms
[2021-04-30T09:23:49.660+0300][60,510s][info][gc] GC(1504) Concurrent evacuation 1,384ms
[2021-04-30T09:23:49.661+0300][60,510s][info][gc] GC(1504) Pause Init Update Refs 0,004ms
[2021-04-30T09:23:49.669+0300][60,519s][info][gc] GC(1504) Concurrent update references 8,761ms
[2021-04-30T09:23:49.670+0300][60,519s][info][gc] GC(1504) Pause Final Update Refs 0,200ms
[2021-04-30T09:23:49.670+0300][60,519s][info][gc] GC(1504) Concurrent cleanup 126M->120M(128M) 0,041ms
[2021-04-30T09:23:49.671+0300][60,520s][info][gc] Trigger: Free (331K) is below minimum threshold (13107K)
[2021-04-30T09:23:49.671+0300][60,521s][info][gc] GC(1505) Concurrent reset 0,153ms
[2021-04-30T09:23:49.671+0300][60,521s][info][gc] GC(1505) Pause Init Mark (process weakrefs) 0,263ms
[2021-04-30T09:23:49.687+0300][60,536s][info][gc] GC(1505) Concurrent marking (process weakrefs) 15,143ms
[2021-04-30T09:23:49.687+0300][60,536s][info][gc] GC(1505) Concurrent precleaning 0,191ms
[2021-04-30T09:23:49.688+0300][60,538s][info][gc] GC(1505) Pause Final Mark (process weakrefs) 1,062ms
[2021-04-30T09:23:49.688+0300][60,538s][info][gc] GC(1505) Concurrent cleanup 121M->121M(128M) 0,055ms
[2021-04-30T09:23:49.689+0300][60,539s][info][gc] Failed to allocate TLAB, 2680B
[2021-04-30T09:23:49.689+0300][60,539s][info][gc] Cancelling GC: Allocation Failure
[2021-04-30T09:23:49.689+0300][60,539s][info][gc] GC(1505) Concurrent evacuation 1,139ms
[2021-04-30T09:23:49.691+0300][60,540s][info][gc] Trigger: Handle Allocation Failure
[2021-04-30T09:23:49.698+0300][60,547s][info][gc] GC(1506) Pause Degenerated GC (Evacuation) 126M->119M(128M) 6,974ms
[2021-04-30T09:23:49.699+0300][60,549s][info][gc] Trigger: Free (703K) is below minimum threshold (13107K)
[2021-04-30T09:23:49.699+0300][60,549s][info][gc] GC(1507) Concurrent reset 0,189ms
[2021-04-30T09:23:49.700+0300][60,549s][info][gc] GC(1507) Pause Init Mark 0,179ms
[2021-04-30T09:23:49.715+0300][60,565s][info][gc] GC(1507) Concurrent marking 15,591ms
[2021-04-30T09:23:49.716+0300][60,566s][info][gc] GC(1507) Pause Final Mark 0,975ms
[2021-04-30T09:23:49.717+0300][60,566s][info][gc] GC(1507) Concurrent cleanup 121M->121M(128M) 0,052ms
[2021-04-30T09:23:49.718+0300][60,567s][info][gc] GC(1507) Concurrent evacuation 1,221ms
[2021-04-30T09:23:49.718+0300][60,567s][info][gc] GC(1507) Pause Init Update Refs 0,005ms
[2021-04-30T09:23:49.728+0300][60,577s][info][gc] GC(1507) Concurrent update references 9,595ms
[2021-04-30T09:23:49.728+0300][60,577s][info][gc] GC(1507) Pause Final Update Refs 0,153ms
[2021-04-30T09:23:49.728+0300][60,578s][info][gc] GC(1507) Concurrent cleanup 126M->119M(128M) 0,055ms
[2021-04-30T09:23:49.729+0300][60,579s][info][gc] Trigger: Free (1460K) is below minimum threshold (13107K)
[2021-04-30T09:23:49.730+0300][60,579s][info][gc] GC(1508) Concurrent reset 0,193ms
[2021-04-30T09:23:49.730+0300][60,579s][info][gc] GC(1508) Pause Init Mark 0,196ms
[2021-04-30T09:23:49.748+0300][60,597s][info][gc] GC(1508) Concurrent marking 17,733ms
[2021-04-30T09:23:49.749+0300][60,598s][info][gc] GC(1508) Pause Final Mark 0,893ms
[2021-04-30T09:23:49.749+0300][60,598s][info][gc] GC(1508) Concurrent cleanup 120M->120M(128M) 0,040ms
[2021-04-30T09:23:49.750+0300][60,600s][info][gc] GC(1508) Concurrent evacuation 1,289ms
[2021-04-30T09:23:49.750+0300][60,600s][info][gc] GC(1508) Pause Init Update Refs 0,006ms
[2021-04-30T09:23:49.760+0300][60,610s][info][gc] GC(1508) Concurrent update references 9,774ms
[2021-04-30T09:23:49.761+0300][60,610s][info][gc] GC(1508) Pause Final Update Refs 0,104ms
[2021-04-30T09:23:49.761+0300][60,610s][info][gc] GC(1508) Concurrent cleanup 126M->120M(128M) 0,039ms
[2021-04-30T09:23:49.762+0300][60,611s][info][gc] Trigger: Free (177K) is below minimum threshold (13107K)
[2021-04-30T09:23:49.762+0300][60,611s][info][gc] GC(1509) Concurrent reset 0,155ms
[2021-04-30T09:23:49.763+0300][60,612s][info][gc] GC(1509) Pause Init Mark 0,321ms
[2021-04-30T09:23:49.774+0300][60,624s][info][gc] Failed to allocate TLAB, 3024B
[2021-04-30T09:23:49.774+0300][60,624s][info][gc] Cancelling GC: Allocation Failure
[2021-04-30T09:23:49.775+0300][60,624s][info][gc] GC(1509) Concurrent marking 11,733ms
[2021-04-30T09:23:49.776+0300][60,625s][info][gc] Trigger: Handle Allocation Failure
[2021-04-30T09:23:49.791+0300][60,641s][info][gc] GC(1510) Cancelling GC: Upgrade To Full GC
[2021-04-30T09:23:49.860+0300][60,709s][info][gc] GC(1510) Pause Degenerated GC (Mark) 121M->119M(128M) 83,749ms
[2021-04-30T09:23:49.861+0300][60,710s][info][gc] Trigger: Free (1874K) is below minimum threshold (13107K)
[2021-04-30T09:23:49.861+0300][60,710s][info][gc] GC(1511) Concurrent reset 0,062ms
[2021-04-30T09:23:49.861+0300][60,711s][info][gc] GC(1511) Pause Init Mark 0,258ms
[2021-04-30T09:23:49.878+0300][60,728s][info][gc] GC(1511) Concurrent marking 16,457ms
[2021-04-30T09:23:49.879+0300][60,728s][info][gc] GC(1511) Pause Final Mark 0,698ms
[2021-04-30T09:23:49.879+0300][60,728s][info][gc] GC(1511) Concurrent cleanup 120M->120M(128M) 0,038ms
[2021-04-30T09:23:49.881+0300][60,730s][info][gc] GC(1511) Concurrent evacuation 1,646ms
[2021-04-30T09:23:49.881+0300][60,730s][info][gc] GC(1511) Pause Init Update Refs 0,007ms
[2021-04-30T09:23:49.892+0300][60,741s][info][gc] GC(1511) Concurrent update references 10,810ms
[2021-04-30T09:23:49.892+0300][60,741s][info][gc] GC(1511) Pause Final Update Refs 0,108ms
[2021-04-30T09:23:49.892+0300][60,742s][info][gc] GC(1511) Concurrent cleanup 126M->121M(128M) 0,046ms
[2021-04-30T09:23:49.892+0300][60,742s][info][gc] Failed to allocate TLAB, 40616B
[2021-04-30T09:23:49.892+0300][60,742s][info][gc] Cancelling GC: Allocation Failure
[2021-04-30T09:23:49.893+0300][60,743s][info][gc] Trigger: Handle Allocation Failure
[2021-04-30T09:23:49.918+0300][60,768s][info][gc] GC(1512) Pause Degenerated GC (Outside of Cycle) 121M->120M(128M) 24,806ms
[2021-04-30T09:23:49.920+0300][60,769s][info][gc] Trigger: Free (901K) is below minimum threshold (13107K)
[2021-04-30T09:23:49.920+0300][60,770s][info][gc] GC(1513) Concurrent reset 0,413ms
[2021-04-30T09:23:49.920+0300][60,770s][info][gc] GC(1513) Pause Init Mark 0,154ms
[2021-04-30T09:23:49.943+0300][60,792s][info][gc] GC(1513) Concurrent marking 22,371ms
[2021-04-30T09:23:49.943+0300][60,793s][info][gc] GC(1513) Pause Final Mark 0,372ms
[2021-04-30T09:23:49.943+0300][60,793s][info][gc] GC(1513) Concurrent cleanup 121M->121M(128M) 0,046ms
[2021-04-30T09:23:49.946+0300][60,795s][info][gc] GC(1513) Concurrent evacuation 2,047ms
[2021-04-30T09:23:49.946+0300][60,795s][info][gc] GC(1513) Pause Init Update Refs 0,008ms
[2021-04-30T09:23:49.959+0300][60,808s][info][gc] GC(1513) Concurrent update references 12,708ms
[2021-04-30T09:23:49.959+0300][60,808s][info][gc] GC(1513) Pause Final Update Refs 0,120ms
[2021-04-30T09:23:49.959+0300][60,808s][info][gc] GC(1513) Concurrent cleanup 126M->120M(128M) 0,094ms
[2021-04-30T09:23:49.960+0300][60,810s][info][gc] Trigger: Free (1279K) is below minimum threshold (13107K)
[2021-04-30T09:23:49.961+0300][60,810s][info][gc] GC(1514) Concurrent reset 0,635ms
[2021-04-30T09:23:49.961+0300][60,811s][info][gc] GC(1514) Pause Init Mark 0,297ms
[2021-04-30T09:23:49.981+0300][60,830s][info][gc] GC(1514) Concurrent marking 19,360ms
[2021-04-30T09:23:49.982+0300][60,831s][info][gc] GC(1514) Pause Final Mark 0,520ms
[2021-04-30T09:23:49.982+0300][60,831s][info][gc] GC(1514) Concurrent cleanup 120M->120M(128M) 0,089ms
[2021-04-30T09:23:49.984+0300][60,833s][info][gc] GC(1514) Concurrent evacuation 1,883ms
[2021-04-30T09:23:49.984+0300][60,833s][info][gc] GC(1514) Pause Init Update Refs 0,008ms
[2021-04-30T09:23:49.996+0300][60,846s][info][gc] GC(1514) Concurrent update references 12,252ms
[2021-04-30T09:23:49.997+0300][60,846s][info][gc] GC(1514) Pause Final Update Refs 0,161ms
[2021-04-30T09:23:49.997+0300][60,846s][info][gc] GC(1514) Concurrent cleanup 126M->120M(128M) 0,043ms
[2021-04-30T09:23:49.998+0300][60,847s][info][gc] Trigger: Free (782K) is below minimum threshold (13107K)
[2021-04-30T09:23:49.998+0300][60,847s][info][gc] GC(1515) Concurrent reset 0,176ms
[2021-04-30T09:23:49.998+0300][60,848s][info][gc] GC(1515) Pause Init Mark (process weakrefs) 0,202ms
[2021-04-30T09:23:50.023+0300][60,872s][info][gc] GC(1515) Concurrent marking (process weakrefs) 24,241ms
[2021-04-30T09:23:50.023+0300][60,872s][info][gc] GC(1515) Concurrent precleaning 0,101ms
[2021-04-30T09:23:50.023+0300][60,873s][info][gc] GC(1515) Pause Final Mark (process weakrefs) 0,409ms
[2021-04-30T09:23:50.023+0300][60,873s][info][gc] GC(1515) Concurrent cleanup 121M->121M(128M) 0,040ms
[2021-04-30T09:23:50.025+0300][60,874s][info][gc] GC(1515) Concurrent evacuation 1,555ms
[2021-04-30T09:23:50.025+0300][60,875s][info][gc] GC(1515) Pause Init Update Refs 0,006ms
[2021-04-30T09:23:50.035+0300][60,884s][info][gc] GC(1515) Concurrent update references 9,603ms
[2021-04-30T09:23:50.035+0300][60,884s][info][gc] GC(1515) Pause Final Update Refs 0,057ms
[2021-04-30T09:23:50.035+0300][60,884s][info][gc] GC(1515) Concurrent cleanup 126M->120M(128M) 0,044ms
[2021-04-30T09:23:50.036+0300][60,886s][info][gc] Trigger: Free (861K) is below minimum threshold (13107K)
[2021-04-30T09:23:50.036+0300][60,886s][info][gc] GC(1516) Concurrent reset 0,154ms
[2021-04-30T09:23:50.037+0300][60,886s][info][gc] GC(1516) Pause Init Mark 0,130ms
[2021-04-30T09:23:50.054+0300][60,904s][info][gc] GC(1516) Concurrent marking 17,421ms
[2021-04-30T09:23:50.055+0300][60,904s][info][gc] GC(1516) Pause Final Mark 0,503ms
[2021-04-30T09:23:50.055+0300][60,904s][info][gc] GC(1516) Concurrent cleanup 120M->120M(128M) 0,037ms
[2021-04-30T09:23:50.056+0300][60,906s][info][gc] GC(1516) Concurrent evacuation 1,416ms
[2021-04-30T09:23:50.056+0300][60,906s][info][gc] GC(1516) Pause Init Update Refs 0,005ms
[2021-04-30T09:23:50.066+0300][60,915s][info][gc] GC(1516) Concurrent update references 9,080ms
[2021-04-30T09:23:50.066+0300][60,915s][info][gc] GC(1516) Pause Final Update Refs 0,064ms
[2021-04-30T09:23:50.066+0300][60,915s][info][gc] GC(1516) Concurrent cleanup 126M->120M(128M) 0,042ms
[2021-04-30T09:23:50.067+0300][60,916s][info][gc] Trigger: Free (1092K) is below minimum threshold (13107K)
[2021-04-30T09:23:50.067+0300][60,917s][info][gc] GC(1517) Concurrent reset 0,183ms
[2021-04-30T09:23:50.068+0300][60,917s][info][gc] GC(1517) Pause Init Mark 0,188ms
[2021-04-30T09:23:50.083+0300][60,932s][info][gc] GC(1517) Concurrent marking 14,848ms
[2021-04-30T09:23:50.083+0300][60,933s][info][gc] GC(1517) Pause Final Mark 0,494ms
[2021-04-30T09:23:50.083+0300][60,933s][info][gc] GC(1517) Concurrent cleanup 120M->120M(128M) 0,037ms
[2021-04-30T09:23:50.085+0300][60,934s][info][gc] GC(1517) Concurrent evacuation 1,426ms
[2021-04-30T09:23:50.085+0300][60,934s][info][gc] GC(1517) Pause Init Update Refs 0,005ms
[2021-04-30T09:23:50.094+0300][60,943s][info][gc] GC(1517) Concurrent update references 8,650ms
[2021-04-30T09:23:50.094+0300][60,943s][info][gc] GC(1517) Pause Final Update Refs 0,063ms
[2021-04-30T09:23:50.094+0300][60,943s][info][gc] GC(1517) Concurrent cleanup 126M->120M(128M) 0,041ms
[2021-04-30T09:23:50.095+0300][60,945s][info][gc] Trigger: Free (844K) is below minimum threshold (13107K)
[2021-04-30T09:23:50.095+0300][60,945s][info][gc] GC(1518) Concurrent reset 0,174ms
[2021-04-30T09:23:50.096+0300][60,945s][info][gc] GC(1518) Pause Init Mark 0,167ms
[2021-04-30T09:23:50.112+0300][60,962s][info][gc] GC(1518) Concurrent marking 16,445ms
[2021-04-30T09:23:50.113+0300][60,962s][info][gc] GC(1518) Pause Final Mark 0,497ms
[2021-04-30T09:23:50.113+0300][60,962s][info][gc] GC(1518) Concurrent cleanup 120M->120M(128M) 0,036ms
[2021-04-30T09:23:50.114+0300][60,964s][info][gc] GC(1518) Concurrent evacuation 1,436ms
[2021-04-30T09:23:50.114+0300][60,964s][info][gc] GC(1518) Pause Init Update Refs 0,004ms
[2021-04-30T09:23:50.125+0300][60,974s][info][gc] GC(1518) Concurrent update references 10,365ms
[2021-04-30T09:23:50.125+0300][60,974s][info][gc] GC(1518) Pause Final Update Refs 0,065ms
[2021-04-30T09:23:50.125+0300][60,974s][info][gc] GC(1518) Concurrent cleanup 126M->120M(128M) 0,042ms
[2021-04-30T09:23:50.126+0300][60,976s][info][gc] Trigger: Free (1071K) is below minimum threshold (13107K)
[2021-04-30T09:23:50.126+0300][60,976s][info][gc] GC(1519) Concurrent reset 0,195ms
[2021-04-30T09:23:50.127+0300][60,976s][info][gc] GC(1519) Pause Init Mark 0,210ms
[2021-04-30T09:23:50.144+0300][60,993s][info][gc] GC(1519) Concurrent marking 16,940ms
[2021-04-30T09:23:50.144+0300][60,994s][info][gc] GC(1519) Pause Final Mark 0,530ms
[2021-04-30T09:23:50.145+0300][60,994s][info][gc] GC(1519) Concurrent cleanup 120M->120M(128M) 0,040ms
[2021-04-30T09:23:50.146+0300][60,996s][info][gc] GC(1519) Concurrent evacuation 1,649ms
[2021-04-30T09:23:50.146+0300][60,996s][info][gc] GC(1519) Pause Init Update Refs 0,006ms
[2021-04-30T09:23:50.158+0300][61,007s][info][gc] GC(1519) Concurrent update references 11,273ms
[2021-04-30T09:23:50.158+0300][61,007s][info][gc] GC(1519) Pause Final Update Refs 0,061ms
[2021-04-30T09:23:50.158+0300][61,008s][info][gc] GC(1519) Concurrent cleanup 126M->120M(128M) 0,043ms
[2021-04-30T09:23:50.159+0300][61,009s][info][gc] Trigger: Free (1014K) is below minimum threshold (13107K)
[2021-04-30T09:23:50.160+0300][61,009s][info][gc] GC(1520) Concurrent reset 0,211ms
[2021-04-30T09:23:50.160+0300][61,009s][info][gc] GC(1520) Pause Init Mark (process weakrefs) 0,135ms
[2021-04-30T09:23:50.178+0300][61,027s][info][gc] GC(1520) Concurrent marking (process weakrefs) 17,836ms
[2021-04-30T09:23:50.178+0300][61,027s][info][gc] GC(1520) Concurrent precleaning 0,145ms
[2021-04-30T09:23:50.179+0300][61,028s][info][gc] GC(1520) Pause Final Mark (process weakrefs) 0,656ms
[2021-04-30T09:23:50.179+0300][61,028s][info][gc] GC(1520) Concurrent cleanup 120M->120M(128M) 0,038ms
[2021-04-30T09:23:50.180+0300][61,030s][info][gc] GC(1520) Concurrent evacuation 1,456ms
[2021-04-30T09:23:50.181+0300][61,030s][info][gc] GC(1520) Pause Init Update Refs 0,005ms
[2021-04-30T09:23:50.191+0300][61,040s][info][gc] GC(1520) Concurrent update references 10,266ms
[2021-04-30T09:23:50.191+0300][61,041s][info][gc] GC(1520) Pause Final Update Refs 0,056ms
[2021-04-30T09:23:50.191+0300][61,041s][info][gc] GC(1520) Concurrent cleanup 126M->120M(128M) 0,041ms
[2021-04-30T09:23:50.192+0300][61,042s][info][gc] Trigger: Free (1353K) is below minimum threshold (13107K)
[2021-04-30T09:23:50.193+0300][61,042s][info][gc] GC(1521) Concurrent reset 0,205ms
[2021-04-30T09:23:50.193+0300][61,042s][info][gc] GC(1521) Pause Init Mark 0,142ms
[2021-04-30T09:23:50.209+0300][61,059s][info][gc] GC(1521) Concurrent marking 16,108ms
[2021-04-30T09:23:50.210+0300][61,059s][info][gc] GC(1521) Pause Final Mark 0,513ms
[2021-04-30T09:23:50.210+0300][61,059s][info][gc] GC(1521) Concurrent cleanup 120M->120M(128M) 0,040ms
[2021-04-30T09:23:50.211+0300][61,061s][info][gc] GC(1521) Concurrent evacuation 1,424ms
[2021-04-30T09:23:50.211+0300][61,061s][info][gc] GC(1521) Pause Init Update Refs 0,010ms
[2021-04-30T09:23:50.226+0300][61,076s][info][gc] GC(1521) Concurrent update references 14,888ms
[2021-04-30T09:23:50.227+0300][61,076s][info][gc] GC(1521) Pause Final Update Refs 0,095ms
[2021-04-30T09:23:50.227+0300][61,076s][info][gc] GC(1521) Concurrent cleanup 126M->121M(128M) 0,043ms
[2021-04-30T09:23:50.228+0300][61,077s][info][gc] Trigger: Free (372K) is below minimum threshold (13107K)
[2021-04-30T09:23:50.228+0300][61,078s][info][gc] GC(1522) Concurrent reset 0,174ms
[2021-04-30T09:23:50.229+0300][61,078s][info][gc] GC(1522) Pause Init Mark 0,187ms
[2021-04-30T09:23:50.248+0300][61,098s][info][gc] GC(1522) Concurrent marking 19,669ms
[2021-04-30T09:23:50.249+0300][61,099s][info][gc] GC(1522) Pause Final Mark 0,687ms
[2021-04-30T09:23:50.249+0300][61,099s][info][gc] GC(1522) Concurrent cleanup 121M->121M(128M) 0,040ms
[2021-04-30T09:23:50.251+0300][61,100s][info][gc] GC(1522) Concurrent evacuation 1,374ms
[2021-04-30T09:23:50.251+0300][61,100s][info][gc] GC(1522) Pause Init Update Refs 0,006ms
[2021-04-30T09:23:50.254+0300][61,104s][info][gc] Failed to allocate TLAB, 6056B
[2021-04-30T09:23:50.255+0300][61,104s][info][gc] Cancelling GC: Allocation Failure
[2021-04-30T09:23:50.255+0300][61,104s][info][gc] GC(1522) Concurrent update references 3,667ms
[2021-04-30T09:23:50.256+0300][61,105s][info][gc] Trigger: Handle Allocation Failure
[2021-04-30T09:23:50.261+0300][61,110s][info][gc] GC(1523) Pause Degenerated GC (Update Refs) 126M->119M(128M) 4,856ms
[2021-04-30T09:23:50.262+0300][61,112s][info][gc] Trigger: Free (1107K) is below minimum threshold (13107K)
[2021-04-30T09:23:50.263+0300][61,112s][info][gc] GC(1524) Concurrent reset 0,283ms
[2021-04-30T09:23:50.263+0300][61,112s][info][gc] GC(1524) Pause Init Mark 0,276ms
[2021-04-30T09:23:50.288+0300][61,138s][info][gc] GC(1524) Concurrent marking 25,040ms
[2021-04-30T09:23:50.289+0300][61,138s][info][gc] GC(1524) Pause Final Mark 0,643ms
[2021-04-30T09:23:50.289+0300][61,139s][info][gc] GC(1524) Concurrent cleanup 120M->120M(128M) 0,043ms
[2021-04-30T09:23:50.291+0300][61,140s][info][gc] GC(1524) Concurrent evacuation 1,580ms
[2021-04-30T09:23:50.291+0300][61,140s][info][gc] GC(1524) Pause Init Update Refs 0,007ms
[2021-04-30T09:23:50.302+0300][61,151s][info][gc] GC(1524) Concurrent update references 10,715ms
[2021-04-30T09:23:50.302+0300][61,151s][info][gc] GC(1524) Pause Final Update Refs 0,070ms
[2021-04-30T09:23:50.302+0300][61,151s][info][gc] GC(1524) Concurrent cleanup 126M->120M(128M) 0,038ms
[2021-04-30T09:23:50.303+0300][61,153s][info][gc] Trigger: Free (933K) is below minimum threshold (13107K)
[2021-04-30T09:23:50.304+0300][61,153s][info][gc] GC(1525) Concurrent reset 0,393ms
[2021-04-30T09:23:50.304+0300][61,153s][info][gc] GC(1525) Pause Init Mark (process weakrefs) 0,147ms
[2021-04-30T09:23:50.323+0300][61,172s][info][gc] GC(1525) Concurrent marking (process weakrefs) 18,613ms
[2021-04-30T09:23:50.323+0300][61,172s][info][gc] GC(1525) Concurrent precleaning 0,147ms
[2021-04-30T09:23:50.324+0300][61,173s][info][gc] GC(1525) Pause Final Mark (process weakrefs) 0,638ms
[2021-04-30T09:23:50.324+0300][61,173s][info][gc] GC(1525) Concurrent cleanup 120M->120M(128M) 0,038ms
[2021-04-30T09:23:50.325+0300][61,175s][info][gc] GC(1525) Concurrent evacuation 1,507ms
[2021-04-30T09:23:50.325+0300][61,175s][info][gc] GC(1525) Pause Init Update Refs 0,006ms
[2021-04-30T09:23:50.335+0300][61,184s][info][gc] GC(1525) Concurrent update references 9,350ms
[2021-04-30T09:23:50.335+0300][61,184s][info][gc] GC(1525) Pause Final Update Refs 0,065ms
[2021-04-30T09:23:50.335+0300][61,184s][info][gc] GC(1525) Concurrent cleanup 125M->119M(128M) 0,038ms
[2021-04-30T09:23:50.336+0300][61,186s][info][gc] Trigger: Free (881K) is below minimum threshold (13107K)
[2021-04-30T09:23:50.336+0300][61,186s][info][gc] GC(1526) Concurrent reset 0,145ms
[2021-04-30T09:23:50.337+0300][61,186s][info][gc] GC(1526) Pause Init Mark 0,206ms
[2021-04-30T09:23:50.353+0300][61,202s][info][gc] GC(1526) Concurrent marking 16,158ms
[2021-04-30T09:23:50.354+0300][61,203s][info][gc] GC(1526) Pause Final Mark 0,502ms
[2021-04-30T09:23:50.354+0300][61,203s][info][gc] GC(1526) Concurrent cleanup 120M->120M(128M) 0,040ms
[2021-04-30T09:23:50.355+0300][61,205s][info][gc] GC(1526) Concurrent evacuation 1,431ms
[2021-04-30T09:23:50.355+0300][61,205s][info][gc] GC(1526) Pause Init Update Refs 0,006ms
[2021-04-30T09:23:50.364+0300][61,214s][info][gc] GC(1526) Concurrent update references 8,988ms
[2021-04-30T09:23:50.365+0300][61,214s][info][gc] GC(1526) Pause Final Update Refs 0,114ms
[2021-04-30T09:23:50.365+0300][61,214s][info][gc] GC(1526) Concurrent cleanup 126M->119M(128M) 0,050ms
[2021-04-30T09:23:50.366+0300][61,215s][info][gc] Trigger: Free (1412K) is below minimum threshold (13107K)
[2021-04-30T09:23:50.366+0300][61,216s][info][gc] GC(1527) Concurrent reset 0,214ms
[2021-04-30T09:23:50.367+0300][61,216s][info][gc] GC(1527) Pause Init Mark 0,263ms
[2021-04-30T09:23:50.389+0300][61,238s][info][gc] GC(1527) Concurrent marking 21,814ms
[2021-04-30T09:23:50.389+0300][61,239s][info][gc] GC(1527) Pause Final Mark 0,517ms
[2021-04-30T09:23:50.389+0300][61,239s][info][gc] GC(1527) Concurrent cleanup 120M->120M(128M) 0,041ms
[2021-04-30T09:23:50.391+0300][61,240s][info][gc] GC(1527) Concurrent evacuation 1,483ms
[2021-04-30T09:23:50.391+0300][61,240s][info][gc] GC(1527) Pause Init Update Refs 0,005ms
[2021-04-30T09:23:50.401+0300][61,251s][info][gc] GC(1527) Concurrent update references 10,122ms
[2021-04-30T09:23:50.402+0300][61,251s][info][gc] GC(1527) Pause Final Update Refs 0,080ms
[2021-04-30T09:23:50.402+0300][61,251s][info][gc] GC(1527) Concurrent cleanup 126M->120M(128M) 0,040ms
[2021-04-30T09:23:50.403+0300][61,252s][info][gc] Trigger: Free (599K) is below minimum threshold (13107K)
[2021-04-30T09:23:50.403+0300][61,252s][info][gc] GC(1528) Concurrent reset 0,141ms
[2021-04-30T09:23:50.403+0300][61,253s][info][gc] GC(1528) Pause Init Mark 0,137ms
[2021-04-30T09:23:50.422+0300][61,272s][info][gc] GC(1528) Concurrent marking 18,988ms
[2021-04-30T09:23:50.423+0300][61,272s][info][gc] GC(1528) Pause Final Mark 0,433ms
[2021-04-30T09:23:50.423+0300][61,272s][info][gc] GC(1528) Concurrent cleanup 121M->121M(128M) 0,039ms
[2021-04-30T09:23:50.424+0300][61,274s][info][gc] GC(1528) Concurrent evacuation 1,288ms
[2021-04-30T09:23:50.424+0300][61,274s][info][gc] GC(1528) Pause Init Update Refs 0,006ms
[2021-04-30T09:23:50.435+0300][61,285s][info][gc] GC(1528) Concurrent update references 10,871ms
[2021-04-30T09:23:50.436+0300][61,285s][info][gc] GC(1528) Pause Final Update Refs 0,072ms
[2021-04-30T09:23:50.436+0300][61,285s][info][gc] GC(1528) Concurrent cleanup 126M->119M(128M) 0,039ms
[2021-04-30T09:23:50.437+0300][61,286s][info][gc] Trigger: Free (1074K) is below minimum threshold (13107K)
[2021-04-30T09:23:50.437+0300][61,286s][info][gc] GC(1529) Concurrent reset 0,145ms
[2021-04-30T09:23:50.437+0300][61,287s][info][gc] GC(1529) Pause Init Mark 0,201ms
[2021-04-30T09:23:50.459+0300][61,308s][info][gc] GC(1529) Concurrent marking 21,080ms
[2021-04-30T09:23:50.459+0300][61,309s][info][gc] GC(1529) Pause Final Mark 0,825ms
[2021-04-30T09:23:50.460+0300][61,309s][info][gc] GC(1529) Concurrent cleanup 120M->120M(128M) 0,052ms
[2021-04-30T09:23:50.462+0300][61,311s][info][gc] GC(1529) Concurrent evacuation 2,200ms
[2021-04-30T09:23:50.462+0300][61,311s][info][gc] GC(1529) Pause Init Update Refs 0,006ms
[2021-04-30T09:23:50.476+0300][61,325s][info][gc] GC(1529) Concurrent update references 13,486ms
[2021-04-30T09:23:50.476+0300][61,325s][info][gc] GC(1529) Pause Final Update Refs 0,198ms
[2021-04-30T09:23:50.476+0300][61,326s][info][gc] GC(1529) Concurrent cleanup 126M->120M(128M) 0,068ms
[2021-04-30T09:23:50.477+0300][61,327s][info][gc] Trigger: Free (880K) is below minimum threshold (13107K)
[2021-04-30T09:23:50.478+0300][61,327s][info][gc] GC(1530) Concurrent reset 0,393ms
[2021-04-30T09:23:50.479+0300][61,328s][info][gc] GC(1530) Pause Init Mark (process weakrefs) 0,542ms
[2021-04-30T09:23:50.498+0300][61,348s][info][gc] GC(1530) Concurrent marking (process weakrefs) 19,016ms
[2021-04-30T09:23:50.498+0300][61,348s][info][gc] GC(1530) Concurrent precleaning 0,188ms
[2021-04-30T09:23:50.499+0300][61,349s][info][gc] GC(1530) Pause Final Mark (process weakrefs) 0,641ms
[2021-04-30T09:23:50.499+0300][61,349s][info][gc] GC(1530) Concurrent cleanup 121M->121M(128M) 0,038ms
[2021-04-30T09:23:50.501+0300][61,350s][info][gc] GC(1530) Concurrent evacuation 1,291ms
[2021-04-30T09:23:50.501+0300][61,350s][info][gc] GC(1530) Pause Init Update Refs 0,006ms
[2021-04-30T09:23:50.512+0300][61,362s][info][gc] GC(1530) Concurrent update references 11,635ms
[2021-04-30T09:23:50.513+0300][61,362s][info][gc] GC(1530) Pause Final Update Refs 0,234ms
[2021-04-30T09:23:50.513+0300][61,362s][info][gc] GC(1530) Concurrent cleanup 126M->120M(128M) 0,046ms
[2021-04-30T09:23:50.515+0300][61,364s][info][gc] Trigger: Free (1139K) is below minimum threshold (13107K)
[2021-04-30T09:23:50.516+0300][61,366s][info][gc] GC(1531) Concurrent reset 1,549ms
[2021-04-30T09:23:50.517+0300][61,367s][info][gc] GC(1531) Pause Init Mark 0,887ms
[2021-04-30T09:23:50.535+0300][61,384s][info][gc] GC(1531) Concurrent marking 17,579ms
[2021-04-30T09:23:50.536+0300][61,385s][info][gc] GC(1531) Pause Final Mark 0,562ms
[2021-04-30T09:23:50.536+0300][61,385s][info][gc] GC(1531) Concurrent cleanup 120M->120M(128M) 0,038ms
[2021-04-30T09:23:50.537+0300][61,387s][info][gc] GC(1531) Concurrent evacuation 1,479ms
[2021-04-30T09:23:50.537+0300][61,387s][info][gc] GC(1531) Pause Init Update Refs 0,007ms
[2021-04-30T09:23:50.553+0300][61,403s][info][gc] GC(1531) Concurrent update references 15,850ms
[2021-04-30T09:23:50.554+0300][61,403s][info][gc] GC(1531) Pause Final Update Refs 0,250ms
[2021-04-30T09:23:50.554+0300][61,403s][info][gc] GC(1531) Concurrent cleanup 126M->120M(128M) 0,040ms
[2021-04-30T09:23:50.555+0300][61,404s][info][gc] Trigger: Free (801K) is below minimum threshold (13107K)
[2021-04-30T09:23:50.555+0300][61,405s][info][gc] GC(1532) Concurrent reset 0,144ms
[2021-04-30T09:23:50.555+0300][61,405s][info][gc] GC(1532) Pause Init Mark 0,167ms
[2021-04-30T09:23:50.572+0300][61,421s][info][gc] GC(1532) Concurrent marking 16,309ms
[2021-04-30T09:23:50.573+0300][61,422s][info][gc] GC(1532) Pause Final Mark 0,530ms
[2021-04-30T09:23:50.573+0300][61,422s][info][gc] GC(1532) Concurrent cleanup 120M->120M(128M) 0,041ms
[2021-04-30T09:23:50.575+0300][61,424s][info][gc] GC(1532) Concurrent evacuation 1,939ms
[2021-04-30T09:23:50.575+0300][61,424s][info][gc] GC(1532) Pause Init Update Refs 0,006ms
[2021-04-30T09:23:50.586+0300][61,436s][info][gc] GC(1532) Concurrent update references 11,511ms
[2021-04-30T09:23:50.587+0300][61,436s][info][gc] GC(1532) Pause Final Update Refs 0,194ms
[2021-04-30T09:23:50.587+0300][61,436s][info][gc] GC(1532) Concurrent cleanup 126M->120M(128M) 0,040ms
[2021-04-30T09:23:50.588+0300][61,437s][info][gc] Trigger: Free (1008K) is below minimum threshold (13107K)
[2021-04-30T09:23:50.588+0300][61,438s][info][gc] GC(1533) Concurrent reset 0,173ms
[2021-04-30T09:23:50.589+0300][61,438s][info][gc] GC(1533) Pause Init Mark 0,266ms
[2021-04-30T09:23:50.612+0300][61,461s][info][gc] GC(1533) Concurrent marking 22,884ms
[2021-04-30T09:23:50.612+0300][61,462s][info][gc] GC(1533) Pause Final Mark 0,444ms
[2021-04-30T09:23:50.612+0300][61,462s][info][gc] GC(1533) Concurrent cleanup 120M->120M(128M) 0,039ms
[2021-04-30T09:23:50.614+0300][61,463s][info][gc] GC(1533) Concurrent evacuation 1,462ms
[2021-04-30T09:23:50.614+0300][61,463s][info][gc] GC(1533) Pause Init Update Refs 0,005ms
[2021-04-30T09:23:50.624+0300][61,474s][info][gc] GC(1533) Concurrent update references 10,078ms
[2021-04-30T09:23:50.624+0300][61,474s][info][gc] GC(1533) Pause Final Update Refs 0,146ms
[2021-04-30T09:23:50.625+0300][61,474s][info][gc] GC(1533) Concurrent cleanup 126M->120M(128M) 0,059ms
[2021-04-30T09:23:50.626+0300][61,475s][info][gc] Trigger: Free (834K) is below minimum threshold (13107K)
[2021-04-30T09:23:50.626+0300][61,475s][info][gc] GC(1534) Concurrent reset 0,126ms
[2021-04-30T09:23:50.626+0300][61,476s][info][gc] GC(1534) Pause Init Mark 0,195ms
[2021-04-30T09:23:50.642+0300][61,492s][info][gc] GC(1534) Concurrent marking 15,875ms
[2021-04-30T09:23:50.643+0300][61,492s][info][gc] GC(1534) Pause Final Mark 0,732ms
[2021-04-30T09:23:50.643+0300][61,493s][info][gc] GC(1534) Concurrent cleanup 120M->120M(128M) 0,039ms
[2021-04-30T09:23:50.645+0300][61,494s][info][gc] GC(1534) Concurrent evacuation 1,402ms
[2021-04-30T09:23:50.645+0300][61,494s][info][gc] GC(1534) Pause Init Update Refs 0,006ms
[2021-04-30T09:23:50.655+0300][61,504s][info][gc] GC(1534) Concurrent update references 9,810ms
[2021-04-30T09:23:50.655+0300][61,504s][info][gc] GC(1534) Pause Final Update Refs 0,082ms
[2021-04-30T09:23:50.655+0300][61,504s][info][gc] GC(1534) Concurrent cleanup 126M->120M(128M) 0,039ms
[2021-04-30T09:23:50.656+0300][61,505s][info][gc] Trigger: Free (1102K) is below minimum threshold (13107K)
[2021-04-30T09:23:50.656+0300][61,506s][info][gc] GC(1535) Concurrent reset 0,178ms
[2021-04-30T09:23:50.657+0300][61,506s][info][gc] GC(1535) Pause Init Mark (process weakrefs) 0,168ms
[2021-04-30T09:23:50.674+0300][61,523s][info][gc] GC(1535) Concurrent marking (process weakrefs) 17,231ms
[2021-04-30T09:23:50.674+0300][61,523s][info][gc] GC(1535) Concurrent precleaning 0,104ms
[2021-04-30T09:23:50.675+0300][61,524s][info][gc] GC(1535) Pause Final Mark (process weakrefs) 0,573ms
[2021-04-30T09:23:50.675+0300][61,524s][info][gc] GC(1535) Concurrent cleanup 120M->120M(128M) 0,036ms
[2021-04-30T09:23:50.677+0300][61,526s][info][gc] GC(1535) Concurrent evacuation 1,860ms
[2021-04-30T09:23:50.677+0300][61,526s][info][gc] GC(1535) Pause Init Update Refs 0,006ms
[2021-04-30T09:23:50.688+0300][61,537s][info][gc] GC(1535) Concurrent update references 11,120ms
[2021-04-30T09:23:50.688+0300][61,538s][info][gc] GC(1535) Pause Final Update Refs 0,122ms
[2021-04-30T09:23:50.688+0300][61,538s][info][gc] GC(1535) Concurrent cleanup 126M->120M(128M) 0,042ms
[2021-04-30T09:23:50.690+0300][61,539s][info][gc] Trigger: Free (574K) is below minimum threshold (13107K)
[2021-04-30T09:23:50.690+0300][61,539s][info][gc] GC(1536) Concurrent reset 0,137ms
[2021-04-30T09:23:50.690+0300][61,540s][info][gc] GC(1536) Pause Init Mark 0,229ms
[2021-04-30T09:23:50.706+0300][61,555s][info][gc] GC(1536) Concurrent marking 15,458ms
[2021-04-30T09:23:50.706+0300][61,556s][info][gc] GC(1536) Pause Final Mark 0,517ms
[2021-04-30T09:23:50.706+0300][61,556s][info][gc] GC(1536) Concurrent cleanup 121M->121M(128M) 0,036ms
[2021-04-30T09:23:50.708+0300][61,557s][info][gc] GC(1536) Concurrent evacuation 1,500ms
[2021-04-30T09:23:50.708+0300][61,558s][info][gc] GC(1536) Pause Init Update Refs 0,006ms
[2021-04-30T09:23:50.717+0300][61,566s][info][gc] GC(1536) Concurrent update references 8,778ms
[2021-04-30T09:23:50.717+0300][61,567s][info][gc] GC(1536) Pause Final Update Refs 0,219ms
[2021-04-30T09:23:50.718+0300][61,567s][info][gc] GC(1536) Concurrent cleanup 126M->120M(128M) 0,038ms
[2021-04-30T09:23:50.719+0300][61,568s][info][gc] Trigger: Free (1278K) is below minimum threshold (13107K)
[2021-04-30T09:23:50.719+0300][61,568s][info][gc] GC(1537) Concurrent reset 0,188ms
[2021-04-30T09:23:50.719+0300][61,569s][info][gc] GC(1537) Pause Init Mark 0,204ms
[2021-04-30T09:23:50.737+0300][61,586s][info][gc] GC(1537) Concurrent marking 17,221ms
[2021-04-30T09:23:50.737+0300][61,587s][info][gc] GC(1537) Pause Final Mark 0,564ms
[2021-04-30T09:23:50.737+0300][61,587s][info][gc] GC(1537) Concurrent cleanup 120M->120M(128M) 0,037ms
[2021-04-30T09:23:50.739+0300][61,588s][info][gc] GC(1537) Concurrent evacuation 1,346ms
[2021-04-30T09:23:50.739+0300][61,588s][info][gc] GC(1537) Pause Init Update Refs 0,021ms
[2021-04-30T09:23:50.749+0300][61,599s][info][gc] GC(1537) Concurrent update references 10,452ms
[2021-04-30T09:23:50.750+0300][61,599s][info][gc] GC(1537) Pause Final Update Refs 0,157ms
[2021-04-30T09:23:50.750+0300][61,599s][info][gc] GC(1537) Concurrent cleanup 126M->120M(128M) 0,043ms
[2021-04-30T09:23:50.751+0300][61,600s][info][gc] Trigger: Free (135K) is below minimum threshold (13107K)
[2021-04-30T09:23:50.751+0300][61,601s][info][gc] GC(1538) Concurrent reset 0,160ms
[2021-04-30T09:23:50.751+0300][61,601s][info][gc] Failed to allocate TLAB, 26200B
[2021-04-30T09:23:50.751+0300][61,601s][info][gc] Cancelling GC: Allocation Failure
[2021-04-30T09:23:50.752+0300][61,601s][info][gc] GC(1538) Pause Init Mark 0,141ms
[2021-04-30T09:23:50.753+0300][61,602s][info][gc] GC(1538) Concurrent marking 1,386ms
[2021-04-30T09:23:50.754+0300][61,604s][info][gc] Trigger: Handle Allocation Failure
[2021-04-30T09:23:50.775+0300][61,625s][info][gc] GC(1539) Pause Degenerated GC (Mark) 121M->120M(128M) 20,965ms
[2021-04-30T09:23:50.776+0300][61,626s][info][gc] Trigger: Free (769K) is below minimum threshold (13107K)
[2021-04-30T09:23:50.777+0300][61,626s][info][gc] GC(1540) Concurrent reset 0,204ms
[2021-04-30T09:23:50.778+0300][61,627s][info][gc] GC(1540) Pause Init Mark (process weakrefs) 0,428ms
[2021-04-30T09:23:50.796+0300][61,645s][info][gc] GC(1540) Concurrent marking (process weakrefs) 18,057ms
[2021-04-30T09:23:50.796+0300][61,645s][info][gc] GC(1540) Concurrent precleaning 0,076ms
[2021-04-30T09:23:50.796+0300][61,646s][info][gc] GC(1540) Pause Final Mark (process weakrefs) 0,349ms
[2021-04-30T09:23:50.796+0300][61,646s][info][gc] GC(1540) Concurrent cleanup 121M->121M(128M) 0,039ms
[2021-04-30T09:23:50.798+0300][61,648s][info][gc] GC(1540) Concurrent evacuation 1,806ms
[2021-04-30T09:23:50.798+0300][61,648s][info][gc] GC(1540) Pause Init Update Refs 0,006ms
[2021-04-30T09:23:50.808+0300][61,657s][info][gc] GC(1540) Concurrent update references 9,478ms
[2021-04-30T09:23:50.808+0300][61,658s][info][gc] GC(1540) Pause Final Update Refs 0,135ms
[2021-04-30T09:23:50.808+0300][61,658s][info][gc] GC(1540) Concurrent cleanup 126M->120M(128M) 0,041ms
[2021-04-30T09:23:50.810+0300][61,659s][info][gc] Trigger: Free (1145K) is below minimum threshold (13107K)
[2021-04-30T09:23:50.810+0300][61,659s][info][gc] GC(1541) Concurrent reset 0,179ms
[2021-04-30T09:23:50.810+0300][61,660s][info][gc] GC(1541) Pause Init Mark 0,204ms
[2021-04-30T09:23:50.826+0300][61,675s][info][gc] GC(1541) Concurrent marking 15,754ms
[2021-04-30T09:23:50.827+0300][61,676s][info][gc] GC(1541) Pause Final Mark 0,957ms
[2021-04-30T09:23:50.827+0300][61,677s][info][gc] GC(1541) Concurrent cleanup 120M->120M(128M) 0,039ms
[2021-04-30T09:23:50.829+0300][61,678s][info][gc] GC(1541) Concurrent evacuation 1,626ms
[2021-04-30T09:23:50.829+0300][61,678s][info][gc] GC(1541) Pause Init Update Refs 0,006ms
[2021-04-30T09:23:50.838+0300][61,688s][info][gc] GC(1541) Concurrent update references 9,149ms
[2021-04-30T09:23:50.839+0300][61,688s][info][gc] GC(1541) Pause Final Update Refs 0,083ms
[2021-04-30T09:23:50.839+0300][61,688s][info][gc] GC(1541) Concurrent cleanup 125M->120M(128M) 0,041ms
[2021-04-30T09:23:50.840+0300][61,689s][info][gc] Trigger: Free (842K) is below minimum threshold (13107K)
[2021-04-30T09:23:50.840+0300][61,690s][info][gc] GC(1542) Concurrent reset 0,149ms
[2021-04-30T09:23:50.840+0300][61,690s][info][gc] GC(1542) Pause Init Mark 0,161ms
[2021-04-30T09:23:50.856+0300][61,705s][info][gc] GC(1542) Concurrent marking 15,117ms
[2021-04-30T09:23:50.857+0300][61,706s][info][gc] GC(1542) Pause Final Mark 0,847ms
[2021-04-30T09:23:50.857+0300][61,706s][info][gc] GC(1542) Concurrent cleanup 121M->121M(128M) 0,038ms
[2021-04-30T09:23:50.858+0300][61,707s][info][gc] GC(1542) Concurrent evacuation 1,317ms
[2021-04-30T09:23:50.858+0300][61,708s][info][gc] GC(1542) Pause Init Update Refs 0,021ms
[2021-04-30T09:23:50.867+0300][61,717s][info][gc] GC(1542) Concurrent update references 9,155ms
[2021-04-30T09:23:50.868+0300][61,717s][info][gc] GC(1542) Pause Final Update Refs 0,221ms
[2021-04-30T09:23:50.868+0300][61,717s][info][gc] GC(1542) Concurrent cleanup 126M->120M(128M) 0,040ms
[2021-04-30T09:23:50.869+0300][61,719s][info][gc] Trigger: Free (1088K) is below minimum threshold (13107K)
[2021-04-30T09:23:50.869+0300][61,719s][info][gc] GC(1543) Concurrent reset 0,236ms
[2021-04-30T09:23:50.870+0300][61,719s][info][gc] GC(1543) Pause Init Mark 0,301ms
[2021-04-30T09:23:50.885+0300][61,735s][info][gc] GC(1543) Concurrent marking 15,215ms
[2021-04-30T09:23:50.886+0300][61,736s][info][gc] GC(1543) Pause Final Mark 0,872ms
[2021-04-30T09:23:50.886+0300][61,736s][info][gc] GC(1543) Concurrent cleanup 120M->120M(128M) 0,037ms
[2021-04-30T09:23:50.888+0300][61,737s][info][gc] GC(1543) Concurrent evacuation 1,258ms
[2021-04-30T09:23:50.888+0300][61,737s][info][gc] GC(1543) Pause Init Update Refs 0,021ms
[2021-04-30T09:23:50.897+0300][61,747s][info][gc] GC(1543) Concurrent update references 9,508ms
[2021-04-30T09:23:50.898+0300][61,747s][info][gc] GC(1543) Pause Final Update Refs 0,188ms
[2021-04-30T09:23:50.898+0300][61,747s][info][gc] GC(1543) Concurrent cleanup 126M->120M(128M) 0,041ms
[2021-04-30T09:23:50.899+0300][61,749s][info][gc] Trigger: Free (817K) is below minimum threshold (13107K)
[2021-04-30T09:23:50.899+0300][61,749s][info][gc] GC(1544) Concurrent reset 0,201ms
[2021-04-30T09:23:50.900+0300][61,749s][info][gc] GC(1544) Pause Init Mark 0,286ms
[2021-04-30T09:23:50.916+0300][61,765s][info][gc] GC(1544) Concurrent marking 15,898ms
[2021-04-30T09:23:50.917+0300][61,766s][info][gc] GC(1544) Pause Final Mark 0,819ms
[2021-04-30T09:23:50.917+0300][61,766s][info][gc] GC(1544) Concurrent cleanup 121M->121M(128M) 0,039ms
[2021-04-30T09:23:50.918+0300][61,768s][info][gc] GC(1544) Concurrent evacuation 1,374ms
[2021-04-30T09:23:50.918+0300][61,768s][info][gc] GC(1544) Pause Init Update Refs 0,006ms
[2021-04-30T09:23:50.929+0300][61,778s][info][gc] GC(1544) Concurrent update references 10,579ms
[2021-04-30T09:23:50.929+0300][61,779s][info][gc] GC(1544) Pause Final Update Refs 0,086ms
[2021-04-30T09:23:50.929+0300][61,779s][info][gc] GC(1544) Concurrent cleanup 126M->120M(128M) 0,041ms
[2021-04-30T09:23:50.930+0300][61,780s][info][gc] Trigger: Free (1093K) is below minimum threshold (13107K)
[2021-04-30T09:23:50.931+0300][61,780s][info][gc] GC(1545) Concurrent reset 0,172ms
[2021-04-30T09:23:50.931+0300][61,780s][info][gc] GC(1545) Pause Init Mark (process weakrefs) 0,214ms
[2021-04-30T09:23:50.952+0300][61,801s][info][gc] GC(1545) Concurrent marking (process weakrefs) 20,438ms
[2021-04-30T09:23:50.952+0300][61,801s][info][gc] GC(1545) Concurrent precleaning 0,142ms
[2021-04-30T09:23:50.953+0300][61,802s][info][gc] GC(1545) Pause Final Mark (process weakrefs) 0,837ms
[2021-04-30T09:23:50.953+0300][61,802s][info][gc] GC(1545) Concurrent cleanup 121M->121M(128M) 0,041ms
[2021-04-30T09:23:50.954+0300][61,804s][info][gc] GC(1545) Concurrent evacuation 1,385ms
[2021-04-30T09:23:50.954+0300][61,804s][info][gc] GC(1545) Pause Init Update Refs 0,006ms
[2021-04-30T09:23:50.965+0300][61,814s][info][gc] GC(1545) Concurrent update references 10,331ms
[2021-04-30T09:23:50.969+0300][61,818s][info][gc] GC(1545) Pause Final Update Refs 0,128ms
[2021-04-30T09:23:50.969+0300][61,818s][info][gc] GC(1545) Concurrent cleanup 126M->120M(128M) 0,041ms
[2021-04-30T09:23:50.970+0300][61,819s][info][gc] Trigger: Free (400K) is below minimum threshold (13107K)
[2021-04-30T09:23:50.970+0300][61,820s][info][gc] GC(1546) Concurrent reset 0,207ms
[2021-04-30T09:23:50.971+0300][61,820s][info][gc] GC(1546) Pause Init Mark 0,186ms
[2021-04-30T09:23:50.988+0300][61,837s][info][gc] GC(1546) Concurrent marking 17,058ms
[2021-04-30T09:23:50.989+0300][61,838s][info][gc] GC(1546) Pause Final Mark 1,048ms
[2021-04-30T09:23:50.989+0300][61,838s][info][gc] Failed to allocate TLAB, 2664B
[2021-04-30T09:23:50.989+0300][61,838s][info][gc] Cancelling GC: Allocation Failure
[2021-04-30T09:23:50.989+0300][61,838s][info][gc] GC(1546) Concurrent cleanup 121M->121M(128M) 0,039ms
[2021-04-30T09:23:50.989+0300][61,838s][info][gc] GC(1546) Concurrent evacuation 0,065ms
[2021-04-30T09:23:50.990+0300][61,840s][info][gc] Trigger: Handle Allocation Failure
[2021-04-30T09:23:51.001+0300][61,851s][info][gc] GC(1547) Cancelling GC: Upgrade To Full GC
[2021-04-30T09:23:51.069+0300][61,919s][info][gc] GC(1547) Pause Degenerated GC (Evacuation) 121M->119M(128M) 78,988ms
[2021-04-30T09:23:51.071+0300][61,920s][info][gc] Trigger: Free (1540K) is below minimum threshold (13107K)
[2021-04-30T09:23:51.071+0300][61,920s][info][gc] GC(1548) Concurrent reset 0,126ms
[2021-04-30T09:23:51.071+0300][61,921s][info][gc] GC(1548) Pause Init Mark 0,217ms
[2021-04-30T09:23:51.086+0300][61,936s][info][gc] GC(1548) Concurrent marking 15,114ms
[2021-04-30T09:23:51.087+0300][61,936s][info][gc] GC(1548) Pause Final Mark 0,377ms
[2021-04-30T09:23:51.087+0300][61,936s][info][gc] GC(1548) Concurrent cleanup 120M->120M(128M) 0,041ms
[2021-04-30T09:23:51.088+0300][61,938s][info][gc] GC(1548) Concurrent evacuation 1,222ms
[2021-04-30T09:23:51.089+0300][61,938s][info][gc] GC(1548) Pause Init Update Refs 0,021ms
[2021-04-30T09:23:51.098+0300][61,948s][info][gc] GC(1548) Concurrent update references 9,489ms
[2021-04-30T09:23:51.099+0300][61,948s][info][gc] GC(1548) Pause Final Update Refs 0,223ms
[2021-04-30T09:23:51.099+0300][61,948s][info][gc] GC(1548) Concurrent cleanup 126M->121M(128M) 0,043ms
[2021-04-30T09:23:51.100+0300][61,949s][info][gc] Trigger: Free (280K) is below minimum threshold (13107K)
[2021-04-30T09:23:51.100+0300][61,950s][info][gc] GC(1549) Concurrent reset 0,228ms
[2021-04-30T09:23:51.101+0300][61,950s][info][gc] GC(1549) Pause Init Mark 0,296ms
[2021-04-30T09:23:51.118+0300][61,968s][info][gc] GC(1549) Concurrent marking 17,166ms
[2021-04-30T09:23:51.119+0300][61,968s][info][gc] GC(1549) Pause Final Mark 0,480ms
[2021-04-30T09:23:51.119+0300][61,968s][info][gc] Failed to allocate TLAB, 2664B
[2021-04-30T09:23:51.119+0300][61,968s][info][gc] GC(1549) Concurrent cleanup 121M->121M(128M) 0,043ms
[2021-04-30T09:23:51.119+0300][61,968s][info][gc] Cancelling GC: Allocation Failure
[2021-04-30T09:23:51.119+0300][61,969s][info][gc] GC(1549) Concurrent evacuation 0,128ms
[2021-04-30T09:23:51.120+0300][61,970s][info][gc] Trigger: Handle Allocation Failure
[2021-04-30T09:23:51.128+0300][61,978s][info][gc] GC(1550) Pause Degenerated GC (Evacuation) 121M->120M(128M) 7,992ms
[2021-04-30T09:23:51.130+0300][61,979s][info][gc] Trigger: Free (471K) is below minimum threshold (13107K)
[2021-04-30T09:23:51.130+0300][61,979s][info][gc] GC(1551) Concurrent reset 0,137ms
[2021-04-30T09:23:51.130+0300][61,979s][info][gc] GC(1551) Pause Init Mark 0,129ms
[2021-04-30T09:23:51.148+0300][61,997s][info][gc] GC(1551) Concurrent marking 17,663ms
[2021-04-30T09:23:51.148+0300][61,998s][info][gc] GC(1551) Pause Final Mark 0,391ms
[2021-04-30T09:23:51.148+0300][61,998s][info][gc] GC(1551) Concurrent cleanup 121M->121M(128M) 0,040ms
[2021-04-30T09:23:51.150+0300][61,999s][info][gc] GC(1551) Concurrent evacuation 1,503ms
[2021-04-30T09:23:51.150+0300][61,999s][info][gc] GC(1551) Pause Init Update Refs 0,004ms
[2021-04-30T09:23:51.160+0300][62,009s][info][gc] GC(1551) Concurrent update references 9,642ms
[2021-04-30T09:23:51.160+0300][62,009s][info][gc] GC(1551) Pause Final Update Refs 0,080ms
[2021-04-30T09:23:51.160+0300][62,010s][info][gc] GC(1551) Concurrent cleanup 126M->120M(128M) 0,066ms
[2021-04-30T09:23:51.161+0300][62,011s][info][gc] Trigger: Free (1250K) is below minimum threshold (13107K)
[2021-04-30T09:23:51.162+0300][62,011s][info][gc] GC(1552) Concurrent reset 0,357ms
[2021-04-30T09:23:51.162+0300][62,012s][info][gc] GC(1552) Pause Init Mark 0,483ms
[2021-04-30T09:23:51.203+0300][62,053s][info][gc] GC(1552) Concurrent marking 40,688ms
[2021-04-30T09:23:51.205+0300][62,054s][info][gc] GC(1552) Pause Final Mark 0,835ms
[2021-04-30T09:23:51.205+0300][62,054s][info][gc] GC(1552) Concurrent cleanup 120M->120M(128M) 0,117ms
[2021-04-30T09:23:51.208+0300][62,057s][info][gc] GC(1552) Concurrent evacuation 2,759ms
[2021-04-30T09:23:51.208+0300][62,057s][info][gc] GC(1552) Pause Init Update Refs 0,019ms
[2021-04-30T09:23:51.234+0300][62,083s][info][gc] GC(1552) Concurrent update references 25,837ms
[2021-04-30T09:23:51.234+0300][62,084s][info][gc] GC(1552) Pause Final Update Refs 0,127ms
[2021-04-30T09:23:51.234+0300][62,084s][info][gc] GC(1552) Concurrent cleanup 126M->120M(128M) 0,077ms
[2021-04-30T09:23:51.236+0300][62,085s][info][gc] Trigger: Free (325K) is below minimum threshold (13107K)
[2021-04-30T09:23:51.236+0300][62,085s][info][gc] GC(1553) Concurrent reset 0,243ms
[2021-04-30T09:23:51.236+0300][62,086s][info][gc] GC(1553) Pause Init Mark 0,287ms
[2021-04-30T09:23:51.264+0300][62,113s][info][gc] GC(1553) Concurrent marking 27,487ms
[2021-04-30T09:23:51.265+0300][62,114s][info][gc] GC(1553) Pause Final Mark 0,662ms
[2021-04-30T09:23:51.265+0300][62,114s][info][gc] GC(1553) Concurrent cleanup 121M->121M(128M) 0,073ms
[2021-04-30T09:23:51.265+0300][62,115s][info][gc] Failed to allocate TLAB, 11328B
[2021-04-30T09:23:51.265+0300][62,115s][info][gc] Cancelling GC: Allocation Failure
[2021-04-30T09:23:51.266+0300][62,115s][info][gc] GC(1553) Concurrent evacuation 0,718ms
[2021-04-30T09:23:51.267+0300][62,116s][info][gc] Trigger: Handle Allocation Failure
[2021-04-30T09:23:51.280+0300][62,130s][info][gc] GC(1554) Pause Degenerated GC (Evacuation) 123M->120M(128M) 13,133ms
[2021-04-30T09:23:51.281+0300][62,131s][info][gc] Trigger: Free (892K) is below minimum threshold (13107K)
[2021-04-30T09:23:51.282+0300][62,131s][info][gc] GC(1555) Concurrent reset 0,279ms
[2021-04-30T09:23:51.282+0300][62,132s][info][gc] GC(1555) Pause Init Mark (process weakrefs) 0,311ms
[2021-04-30T09:23:51.310+0300][62,160s][info][gc] GC(1555) Concurrent marking (process weakrefs) 27,748ms
[2021-04-30T09:23:51.310+0300][62,160s][info][gc] GC(1555) Concurrent precleaning 0,176ms
[2021-04-30T09:23:51.311+0300][62,161s][info][gc] GC(1555) Pause Final Mark (process weakrefs) 0,584ms
[2021-04-30T09:23:51.312+0300][62,161s][info][gc] GC(1555) Concurrent cleanup 120M->120M(128M) 0,081ms
[2021-04-30T09:23:51.313+0300][62,163s][info][gc] GC(1555) Concurrent evacuation 1,808ms
[2021-04-30T09:23:51.314+0300][62,163s][info][gc] GC(1555) Pause Init Update Refs 0,010ms
[2021-04-30T09:23:51.332+0300][62,181s][info][gc] GC(1555) Concurrent update references 17,869ms
[2021-04-30T09:23:51.332+0300][62,182s][info][gc] GC(1555) Pause Final Update Refs 0,116ms
[2021-04-30T09:23:51.332+0300][62,182s][info][gc] GC(1555) Concurrent cleanup 126M->120M(128M) 0,076ms
[2021-04-30T09:23:51.333+0300][62,183s][info][gc] Trigger: Free (543K) is below minimum threshold (13107K)
[2021-04-30T09:23:51.334+0300][62,183s][info][gc] GC(1556) Concurrent reset 0,249ms
[2021-04-30T09:23:51.334+0300][62,184s][info][gc] GC(1556) Pause Init Mark 0,263ms
[2021-04-30T09:23:51.354+0300][62,203s][info][gc] GC(1556) Concurrent marking 19,506ms
[2021-04-30T09:23:51.354+0300][62,204s][info][gc] GC(1556) Pause Final Mark 0,372ms
[2021-04-30T09:23:51.354+0300][62,204s][info][gc] GC(1556) Concurrent cleanup 121M->121M(128M) 0,042ms
[2021-04-30T09:23:51.356+0300][62,205s][info][gc] GC(1556) Concurrent evacuation 1,502ms
[2021-04-30T09:23:51.356+0300][62,205s][info][gc] GC(1556) Pause Init Update Refs 0,004ms
[2021-04-30T09:23:51.365+0300][62,214s][info][gc] GC(1556) Concurrent update references 8,987ms
[2021-04-30T09:23:51.365+0300][62,215s][info][gc] GC(1556) Pause Final Update Refs 0,112ms
[2021-04-30T09:23:51.365+0300][62,215s][info][gc] GC(1556) Concurrent cleanup 126M->120M(128M) 0,041ms
[2021-04-30T09:23:51.366+0300][62,216s][info][gc] Trigger: Free (1129K) is below minimum threshold (13107K)
[2021-04-30T09:23:51.367+0300][62,216s][info][gc] GC(1557) Concurrent reset 0,174ms
[2021-04-30T09:23:51.367+0300][62,216s][info][gc] GC(1557) Pause Init Mark 0,222ms
[2021-04-30T09:23:51.383+0300][62,232s][info][gc] GC(1557) Concurrent marking 15,484ms
[2021-04-30T09:23:51.383+0300][62,233s][info][gc] GC(1557) Pause Final Mark 0,377ms
[2021-04-30T09:23:51.383+0300][62,233s][info][gc] GC(1557) Concurrent cleanup 120M->120M(128M) 0,039ms
[2021-04-30T09:23:51.385+0300][62,234s][info][gc] GC(1557) Concurrent evacuation 1,461ms
[2021-04-30T09:23:51.385+0300][62,234s][info][gc] GC(1557) Pause Init Update Refs 0,004ms
[2021-04-30T09:23:51.394+0300][62,243s][info][gc] GC(1557) Concurrent update references 9,042ms
[2021-04-30T09:23:51.394+0300][62,244s][info][gc] GC(1557) Pause Final Update Refs 0,181ms
[2021-04-30T09:23:51.394+0300][62,244s][info][gc] GC(1557) Concurrent cleanup 126M->120M(128M) 0,052ms
[2021-04-30T09:23:51.396+0300][62,245s][info][gc] Trigger: Free (538K) is below minimum threshold (13107K)
[2021-04-30T09:23:51.396+0300][62,245s][info][gc] GC(1558) Concurrent reset 0,188ms
[2021-04-30T09:23:51.396+0300][62,246s][info][gc] GC(1558) Pause Init Mark 0,165ms
[2021-04-30T09:23:51.419+0300][62,268s][info][gc] GC(1558) Concurrent marking 22,411ms
[2021-04-30T09:23:51.420+0300][62,269s][info][gc] GC(1558) Pause Final Mark 0,824ms
[2021-04-30T09:23:51.420+0300][62,269s][info][gc] GC(1558) Concurrent cleanup 121M->121M(128M) 0,110ms
[2021-04-30T09:23:51.421+0300][62,271s][info][gc] GC(1558) Concurrent evacuation 1,528ms
[2021-04-30T09:23:51.422+0300][62,271s][info][gc] GC(1558) Pause Init Update Refs 0,006ms
[2021-04-30T09:23:51.422+0300][62,272s][info][gc] Failed to allocate TLAB, 13280B
[2021-04-30T09:23:51.422+0300][62,272s][info][gc] Cancelling GC: Allocation Failure
[2021-04-30T09:23:51.423+0300][62,272s][info][gc] GC(1558) Concurrent update references 1,038ms
[2021-04-30T09:23:51.424+0300][62,273s][info][gc] Trigger: Handle Allocation Failure
[2021-04-30T09:23:51.432+0300][62,281s][info][gc] GC(1559) Pause Degenerated GC (Update Refs) 126M->120M(128M) 7,899ms
[2021-04-30T09:23:51.433+0300][62,283s][info][gc] Trigger: Free (523K) is below minimum threshold (13107K)
[2021-04-30T09:23:51.433+0300][62,283s][info][gc] GC(1560) Concurrent reset 0,147ms
[2021-04-30T09:23:51.434+0300][62,283s][info][gc] GC(1560) Pause Init Mark (process weakrefs) 0,205ms
[2021-04-30T09:23:51.453+0300][62,302s][info][gc] GC(1560) Concurrent marking (process weakrefs) 19,112ms
[2021-04-30T09:23:51.453+0300][62,303s][info][gc] GC(1560) Concurrent precleaning 0,364ms
[2021-04-30T09:23:51.454+0300][62,303s][info][gc] GC(1560) Pause Final Mark (process weakrefs) 0,397ms
[2021-04-30T09:23:51.454+0300][62,303s][info][gc] GC(1560) Concurrent cleanup 121M->121M(128M) 0,040ms
[2021-04-30T09:23:51.455+0300][62,305s][info][gc] GC(1560) Concurrent evacuation 1,602ms
[2021-04-30T09:23:51.456+0300][62,305s][info][gc] GC(1560) Pause Init Update Refs 0,005ms
[2021-04-30T09:23:51.463+0300][62,312s][info][gc] Failed to allocate TLAB, 23448B
[2021-04-30T09:23:51.463+0300][62,313s][info][gc] Cancelling GC: Allocation Failure
[2021-04-30T09:23:51.463+0300][62,313s][info][gc] GC(1560) Concurrent update references 7,544ms
[2021-04-30T09:23:51.464+0300][62,314s][info][gc] Trigger: Handle Allocation Failure
[2021-04-30T09:23:51.470+0300][62,319s][info][gc] GC(1561) Cancelling GC: Upgrade To Full GC
[2021-04-30T09:23:51.531+0300][62,380s][info][gc] GC(1561) Pause Degenerated GC (Update Refs) 126M->119M(128M) 66,350ms
[2021-04-30T09:23:51.533+0300][62,383s][info][gc] Trigger: Free (1268K) is below minimum threshold (13107K)
[2021-04-30T09:23:51.533+0300][62,383s][info][gc] GC(1562) Concurrent reset 0,109ms
[2021-04-30T09:23:51.534+0300][62,383s][info][gc] GC(1562) Pause Init Mark 0,247ms
[2021-04-30T09:23:51.550+0300][62,400s][info][gc] GC(1562) Concurrent marking 16,286ms
[2021-04-30T09:23:51.551+0300][62,401s][info][gc] GC(1562) Pause Final Mark 1,123ms
[2021-04-30T09:23:51.552+0300][62,401s][info][gc] GC(1562) Concurrent cleanup 120M->120M(128M) 0,038ms
[2021-04-30T09:23:51.553+0300][62,403s][info][gc] GC(1562) Concurrent evacuation 1,476ms
[2021-04-30T09:23:51.553+0300][62,403s][info][gc] GC(1562) Pause Init Update Refs 0,007ms
[2021-04-30T09:23:51.565+0300][62,414s][info][gc] GC(1562) Concurrent update references 11,093ms
[2021-04-30T09:23:51.565+0300][62,414s][info][gc] GC(1562) Pause Final Update Refs 0,170ms
[2021-04-30T09:23:51.565+0300][62,415s][info][gc] GC(1562) Concurrent cleanup 126M->120M(128M) 0,055ms
[2021-04-30T09:23:51.566+0300][62,416s][info][gc] Trigger: Free (64320B) is below minimum threshold (13107K)
[2021-04-30T09:23:51.566+0300][62,416s][info][gc] Failed to allocate TLAB, 28120B
[2021-04-30T09:23:51.566+0300][62,416s][info][gc] Cancelling GC: Allocation Failure
[2021-04-30T09:23:51.566+0300][62,416s][info][gc] GC(1563) Concurrent reset 0,148ms
[2021-04-30T09:23:51.567+0300][62,416s][info][gc] GC(1563) Pause Init Mark 0,297ms
[2021-04-30T09:23:51.568+0300][62,418s][info][gc] GC(1563) Concurrent marking 1,178ms
[2021-04-30T09:23:51.569+0300][62,419s][info][gc] Trigger: Handle Allocation Failure
[2021-04-30T09:23:51.595+0300][62,444s][info][gc] GC(1564) Cancelling GC: Upgrade To Full GC
[2021-04-30T09:23:51.663+0300][62,512s][info][gc] GC(1564) Pause Degenerated GC (Mark) 121M->119M(128M) 93,121ms
[2021-04-30T09:23:51.664+0300][62,513s][info][gc] Trigger: Free (1503K) is below minimum threshold (13107K)
[2021-04-30T09:23:51.664+0300][62,514s][info][gc] GC(1565) Concurrent reset 0,154ms
[2021-04-30T09:23:51.665+0300][62,515s][info][gc] GC(1565) Pause Init Mark (process weakrefs) 0,282ms
[2021-04-30T09:23:51.687+0300][62,536s][info][gc] GC(1565) Concurrent marking (process weakrefs) 21,325ms
[2021-04-30T09:23:51.687+0300][62,536s][info][gc] GC(1565) Concurrent precleaning 0,114ms
[2021-04-30T09:23:51.687+0300][62,537s][info][gc] GC(1565) Pause Final Mark (process weakrefs) 0,632ms
[2021-04-30T09:23:51.688+0300][62,537s][info][gc] GC(1565) Concurrent cleanup 120M->120M(128M) 0,039ms
[2021-04-30T09:23:51.689+0300][62,539s][info][gc] GC(1565) Concurrent evacuation 1,503ms
[2021-04-30T09:23:51.689+0300][62,539s][info][gc] GC(1565) Pause Init Update Refs 0,015ms
[2021-04-30T09:23:51.701+0300][62,550s][info][gc] GC(1565) Concurrent update references 11,656ms
[2021-04-30T09:23:51.701+0300][62,551s][info][gc] GC(1565) Pause Final Update Refs 0,150ms
[2021-04-30T09:23:51.701+0300][62,551s][info][gc] GC(1565) Concurrent cleanup 126M->121M(128M) 0,048ms
[2021-04-30T09:23:51.703+0300][62,552s][info][gc] Trigger: Free (93040B) is below minimum threshold (13107K)
[2021-04-30T09:23:51.703+0300][62,553s][info][gc] GC(1566) Concurrent reset 0,757ms
[2021-04-30T09:23:51.704+0300][62,553s][info][gc] GC(1566) Pause Init Mark 0,187ms
[2021-04-30T09:23:51.724+0300][62,574s][info][gc] GC(1566) Concurrent marking 20,349ms
[2021-04-30T09:23:51.725+0300][62,575s][info][gc] GC(1566) Pause Final Mark 0,640ms
[2021-04-30T09:23:51.725+0300][62,575s][info][gc] GC(1566) Concurrent cleanup 121M->121M(128M) 0,040ms
[2021-04-30T09:23:51.726+0300][62,575s][info][gc] Failed to allocate TLAB, 2752B
[2021-04-30T09:23:51.726+0300][62,575s][info][gc] Cancelling GC: Allocation Failure
[2021-04-30T09:23:51.726+0300][62,575s][info][gc] GC(1566) Concurrent evacuation 0,401ms
[2021-04-30T09:23:51.727+0300][62,576s][info][gc] Trigger: Handle Allocation Failure
[2021-04-30T09:23:51.737+0300][62,586s][info][gc] GC(1567) Cancelling GC: Upgrade To Full GC
[2021-04-30T09:23:51.793+0300][62,642s][info][gc] GC(1567) Pause Degenerated GC (Evacuation) 123M->119M(128M) 65,890ms
[2021-04-30T09:23:51.794+0300][62,644s][info][gc] Trigger: Free (1332K) is below minimum threshold (13107K)
[2021-04-30T09:23:51.794+0300][62,644s][info][gc] GC(1568) Concurrent reset 0,070ms
[2021-04-30T09:23:51.795+0300][62,644s][info][gc] GC(1568) Pause Init Mark 0,257ms
[2021-04-30T09:23:51.814+0300][62,663s][info][gc] GC(1568) Concurrent marking 18,643ms
[2021-04-30T09:23:51.815+0300][62,664s][info][gc] GC(1568) Pause Final Mark 0,736ms
[2021-04-30T09:23:51.815+0300][62,664s][info][gc] GC(1568) Concurrent cleanup 120M->120M(128M) 0,039ms
[2021-04-30T09:23:51.816+0300][62,666s][info][gc] GC(1568) Concurrent evacuation 1,590ms
[2021-04-30T09:23:51.816+0300][62,666s][info][gc] GC(1568) Pause Init Update Refs 0,005ms
[2021-04-30T09:23:51.827+0300][62,677s][info][gc] GC(1568) Concurrent update references 10,925ms
[2021-04-30T09:23:51.828+0300][62,677s][info][gc] GC(1568) Pause Final Update Refs 0,101ms
[2021-04-30T09:23:51.828+0300][62,677s][info][gc] GC(1568) Concurrent cleanup 126M->121M(128M) 0,045ms
[2021-04-30T09:23:51.829+0300][62,678s][info][gc] Trigger: Free (296K) is below minimum threshold (13107K)
[2021-04-30T09:23:51.829+0300][62,679s][info][gc] GC(1569) Concurrent reset 0,170ms
[2021-04-30T09:23:51.830+0300][62,679s][info][gc] GC(1569) Pause Init Mark 0,156ms
[2021-04-30T09:23:51.850+0300][62,700s][info][gc] GC(1569) Concurrent marking 20,614ms
[2021-04-30T09:23:51.851+0300][62,701s][info][gc] GC(1569) Pause Final Mark 0,706ms
[2021-04-30T09:23:51.851+0300][62,701s][info][gc] Failed to allocate TLAB, 2664B
[2021-04-30T09:23:51.851+0300][62,701s][info][gc] Cancelling GC: Allocation Failure
[2021-04-30T09:23:51.851+0300][62,701s][info][gc] GC(1569) Concurrent cleanup 121M->121M(128M) 0,039ms
[2021-04-30T09:23:51.851+0300][62,701s][info][gc] GC(1569) Concurrent evacuation 0,167ms
[2021-04-30T09:23:51.853+0300][62,702s][info][gc] Trigger: Handle Allocation Failure
[2021-04-30T09:23:51.863+0300][62,712s][info][gc] GC(1570) Cancelling GC: Upgrade To Full GC
[2021-04-30T09:23:51.925+0300][62,774s][info][gc] GC(1570) Pause Degenerated GC (Evacuation) 121M->119M(128M) 72,088ms
[2021-04-30T09:23:51.926+0300][62,776s][info][gc] Trigger: Free (1386K) is below minimum threshold (13107K)
[2021-04-30T09:23:51.926+0300][62,776s][info][gc] GC(1571) Concurrent reset 0,073ms
[2021-04-30T09:23:51.927+0300][62,776s][info][gc] GC(1571) Pause Init Mark 0,265ms
[2021-04-30T09:23:51.947+0300][62,796s][info][gc] GC(1571) Concurrent marking 20,186ms
[2021-04-30T09:23:51.948+0300][62,797s][info][gc] GC(1571) Pause Final Mark 0,879ms
[2021-04-30T09:23:51.948+0300][62,798s][info][gc] GC(1571) Concurrent cleanup 120M->120M(128M) 0,038ms
[2021-04-30T09:23:51.949+0300][62,799s][info][gc] GC(1571) Concurrent evacuation 1,314ms
[2021-04-30T09:23:51.950+0300][62,799s][info][gc] GC(1571) Pause Init Update Refs 0,006ms
[2021-04-30T09:23:51.965+0300][62,814s][info][gc] GC(1571) Concurrent update references 14,949ms
[2021-04-30T09:23:51.965+0300][62,814s][info][gc] GC(1571) Pause Final Update Refs 0,087ms
[2021-04-30T09:23:51.965+0300][62,815s][info][gc] GC(1571) Concurrent cleanup 125M->120M(128M) 0,048ms
[2021-04-30T09:23:51.966+0300][62,816s][info][gc] Trigger: Free (69072B) is below minimum threshold (13107K)
[2021-04-30T09:23:51.966+0300][62,816s][info][gc] Failed to allocate TLAB, 32104B
[2021-04-30T09:23:51.966+0300][62,816s][info][gc] Cancelling GC: Allocation Failure
[2021-04-30T09:23:51.966+0300][62,816s][info][gc] GC(1572) Concurrent reset 0,230ms
[2021-04-30T09:23:51.967+0300][62,816s][info][gc] GC(1572) Pause Init Mark 0,162ms
[2021-04-30T09:23:51.968+0300][62,817s][info][gc] GC(1572) Concurrent marking 1,043ms
[2021-04-30T09:23:51.969+0300][62,819s][info][gc] Trigger: Handle Allocation Failure
[2021-04-30T09:23:51.989+0300][62,839s][info][gc] GC(1573) Cancelling GC: Upgrade To Full GC
[2021-04-30T09:23:52.037+0300][62,886s][info][gc] GC(1573) Pause Degenerated GC (Mark) 121M->119M(128M) 67,370ms
[2021-04-30T09:23:52.038+0300][62,887s][info][gc] Trigger: Free (1469K) is below minimum threshold (13107K)
[2021-04-30T09:23:52.038+0300][62,887s][info][gc] GC(1574) Concurrent reset 0,066ms
[2021-04-30T09:23:52.039+0300][62,888s][info][gc] GC(1574) Pause Init Mark 0,265ms
[2021-04-30T09:23:52.055+0300][62,904s][info][gc] GC(1574) Concurrent marking 15,882ms
[2021-04-30T09:23:52.055+0300][62,905s][info][gc] GC(1574) Pause Final Mark 0,359ms
[2021-04-30T09:23:52.055+0300][62,905s][info][gc] GC(1574) Concurrent cleanup 120M->120M(128M) 0,039ms
[2021-04-30T09:23:52.057+0300][62,906s][info][gc] GC(1574) Concurrent evacuation 1,420ms
[2021-04-30T09:23:52.057+0300][62,906s][info][gc] GC(1574) Pause Init Update Refs 0,006ms
[2021-04-30T09:23:52.068+0300][62,918s][info][gc] GC(1574) Concurrent update references 11,032ms
[2021-04-30T09:23:52.068+0300][62,918s][info][gc] GC(1574) Pause Final Update Refs 0,104ms
[2021-04-30T09:23:52.068+0300][62,918s][info][gc] GC(1574) Concurrent cleanup 126M->121M(128M) 0,039ms
[2021-04-30T09:23:52.069+0300][62,918s][info][gc] Failed to allocate TLAB, 32152B
[2021-04-30T09:23:52.069+0300][62,918s][info][gc] Cancelling GC: Allocation Failure
[2021-04-30T09:23:52.070+0300][62,919s][info][gc] Trigger: Handle Allocation Failure
[2021-04-30T09:23:52.092+0300][62,942s][info][gc] GC(1575) Cancelling GC: Upgrade To Full GC
[2021-04-30T09:23:52.150+0300][63,000s][info][gc] GC(1575) Pause Degenerated GC (Outside of Cycle) 121M->119M(128M) 80,551ms
[2021-04-30T09:23:52.152+0300][63,001s][info][gc] Trigger: Free (1402K) is below minimum threshold (13107K)
[2021-04-30T09:23:52.152+0300][63,001s][info][gc] GC(1576) Concurrent reset 0,098ms
[2021-04-30T09:23:52.152+0300][63,002s][info][gc] GC(1576) Pause Init Mark 0,254ms
[2021-04-30T09:23:52.176+0300][63,025s][info][gc] GC(1576) Concurrent marking 23,384ms
[2021-04-30T09:23:52.176+0300][63,026s][info][gc] GC(1576) Pause Final Mark 0,342ms
[2021-04-30T09:23:52.176+0300][63,026s][info][gc] GC(1576) Concurrent cleanup 120M->120M(128M) 0,039ms
[2021-04-30T09:23:52.179+0300][63,028s][info][gc] GC(1576) Concurrent evacuation 2,054ms
[2021-04-30T09:23:52.179+0300][63,028s][info][gc] GC(1576) Pause Init Update Refs 0,006ms
[2021-04-30T09:23:52.189+0300][63,038s][info][gc] GC(1576) Concurrent update references 9,831ms
[2021-04-30T09:23:52.189+0300][63,038s][info][gc] GC(1576) Pause Final Update Refs 0,081ms
[2021-04-30T09:23:52.189+0300][63,038s][info][gc] GC(1576) Concurrent cleanup 126M->120M(128M) 0,039ms
[2021-04-30T09:23:52.190+0300][63,039s][info][gc] Trigger: Free (74080B) is below minimum threshold (13107K)
[2021-04-30T09:23:52.190+0300][63,040s][info][gc] Failed to allocate TLAB, 31936B
[2021-04-30T09:23:52.190+0300][63,040s][info][gc] Cancelling GC: Allocation Failure
[2021-04-30T09:23:52.190+0300][63,040s][info][gc] GC(1577) Concurrent reset 0,192ms
[2021-04-30T09:23:52.191+0300][63,040s][info][gc] GC(1577) Pause Init Mark 0,316ms
[2021-04-30T09:23:52.192+0300][63,041s][info][gc] GC(1577) Concurrent marking 1,094ms
[2021-04-30T09:23:52.193+0300][63,042s][info][gc] Trigger: Handle Allocation Failure
[2021-04-30T09:23:52.215+0300][63,064s][info][gc] GC(1578) Cancelling GC: Upgrade To Full GC
[2021-04-30T09:23:52.264+0300][63,114s][info][gc] GC(1578) Pause Degenerated GC (Mark) 121M->119M(128M) 71,179ms
[2021-04-30T09:23:52.266+0300][63,115s][info][gc] Trigger: Free (1381K) is below minimum threshold (13107K)
[2021-04-30T09:23:52.266+0300][63,115s][info][gc] GC(1579) Concurrent reset 0,147ms
[2021-04-30T09:23:52.266+0300][63,116s][info][gc] GC(1579) Pause Init Mark 0,259ms
[2021-04-30T09:23:52.282+0300][63,131s][info][gc] GC(1579) Concurrent marking 15,438ms
[2021-04-30T09:23:52.283+0300][63,133s][info][gc] GC(1579) Pause Final Mark 1,117ms
[2021-04-30T09:23:52.283+0300][63,133s][info][gc] GC(1579) Concurrent cleanup 120M->120M(128M) 0,040ms
[2021-04-30T09:23:52.285+0300][63,134s][info][gc] GC(1579) Concurrent evacuation 1,305ms
[2021-04-30T09:23:52.285+0300][63,134s][info][gc] GC(1579) Pause Init Update Refs 0,021ms
[2021-04-30T09:23:52.294+0300][63,143s][info][gc] GC(1579) Concurrent update references 8,936ms
[2021-04-30T09:23:52.294+0300][63,143s][info][gc] GC(1579) Pause Final Update Refs 0,086ms
[2021-04-30T09:23:52.294+0300][63,144s][info][gc] GC(1579) Concurrent cleanup 126M->120M(128M) 0,042ms
[2021-04-30T09:23:52.295+0300][63,145s][info][gc] Trigger: Free (418K) is below minimum threshold (13107K)
[2021-04-30T09:23:52.296+0300][63,145s][info][gc] GC(1580) Concurrent reset 0,267ms
[2021-04-30T09:23:52.296+0300][63,145s][info][gc] GC(1580) Pause Init Mark (process weakrefs) 0,261ms
[2021-04-30T09:23:52.311+0300][63,161s][info][gc] GC(1580) Concurrent marking (process weakrefs) 15,235ms
[2021-04-30T09:23:52.311+0300][63,161s][info][gc] GC(1580) Concurrent precleaning 0,144ms
[2021-04-30T09:23:52.312+0300][63,162s][info][gc] GC(1580) Pause Final Mark (process weakrefs) 0,912ms
[2021-04-30T09:23:52.313+0300][63,162s][info][gc] GC(1580) Concurrent cleanup 121M->121M(128M) 0,039ms
[2021-04-30T09:23:52.315+0300][63,164s][info][gc] GC(1580) Concurrent evacuation 2,263ms
[2021-04-30T09:23:52.315+0300][63,164s][info][gc] GC(1580) Pause Init Update Refs 0,005ms
[2021-04-30T09:23:52.319+0300][63,169s][info][gc] Failed to allocate TLAB, 10264B
[2021-04-30T09:23:52.320+0300][63,169s][info][gc] Cancelling GC: Allocation Failure
[2021-04-30T09:23:52.320+0300][63,169s][info][gc] GC(1580) Concurrent update references 4,445ms
[2021-04-30T09:23:52.321+0300][63,170s][info][gc] Trigger: Handle Allocation Failure
[2021-04-30T09:23:52.326+0300][63,175s][info][gc] GC(1581) Cancelling GC: Upgrade To Full GC
[2021-04-30T09:23:52.380+0300][63,230s][info][gc] GC(1581) Pause Degenerated GC (Update Refs) 126M->119M(128M) 59,193ms
[2021-04-30T09:23:52.382+0300][63,231s][info][gc] Trigger: Free (1337K) is below minimum threshold (13107K)
[2021-04-30T09:23:52.382+0300][63,231s][info][gc] GC(1582) Concurrent reset 0,105ms
[2021-04-30T09:23:52.383+0300][63,232s][info][gc] GC(1582) Pause Init Mark 0,625ms
[2021-04-30T09:23:52.401+0300][63,250s][info][gc] GC(1582) Concurrent marking 17,700ms
[2021-04-30T09:23:52.402+0300][63,251s][info][gc] GC(1582) Pause Final Mark 0,795ms
[2021-04-30T09:23:52.402+0300][63,251s][info][gc] GC(1582) Concurrent cleanup 120M->120M(128M) 0,045ms
[2021-04-30T09:23:52.403+0300][63,252s][info][gc] GC(1582) Concurrent evacuation 1,224ms
[2021-04-30T09:23:52.403+0300][63,253s][info][gc] GC(1582) Pause Init Update Refs 0,011ms
[2021-04-30T09:23:52.414+0300][63,263s][info][gc] GC(1582) Concurrent update references 10,635ms
[2021-04-30T09:23:52.414+0300][63,263s][info][gc] GC(1582) Pause Final Update Refs 0,060ms
[2021-04-30T09:23:52.414+0300][63,264s][info][gc] GC(1582) Concurrent cleanup 126M->121M(128M) 0,042ms
[2021-04-30T09:23:52.415+0300][63,265s][info][gc] Trigger: Free (119K) is below minimum threshold (13107K)
[2021-04-30T09:23:52.416+0300][63,265s][info][gc] GC(1583) Concurrent reset 0,287ms
[2021-04-30T09:23:52.416+0300][63,265s][info][gc] GC(1583) Pause Init Mark 0,151ms
[2021-04-30T09:23:52.437+0300][63,287s][info][gc] GC(1583) Concurrent marking 21,294ms
[2021-04-30T09:23:52.438+0300][63,288s][info][gc] GC(1583) Pause Final Mark 0,901ms
[2021-04-30T09:23:52.438+0300][63,288s][info][gc] Failed to allocate TLAB, 2656B
[2021-04-30T09:23:52.438+0300][63,288s][info][gc] GC(1583) Concurrent cleanup 121M->121M(128M) 0,041ms
[2021-04-30T09:23:52.438+0300][63,288s][info][gc] Cancelling GC: Allocation Failure
[2021-04-30T09:23:52.439+0300][63,288s][info][gc] GC(1583) Concurrent evacuation 0,128ms
[2021-04-30T09:23:52.440+0300][63,289s][info][gc] Trigger: Handle Allocation Failure
[2021-04-30T09:23:52.448+0300][63,297s][info][gc] GC(1584) Cancelling GC: Upgrade To Full GC
[2021-04-30T09:23:52.494+0300][63,343s][info][gc] GC(1584) Pause Degenerated GC (Evacuation) 122M->119M(128M) 53,580ms
[2021-04-30T09:23:52.495+0300][63,344s][info][gc] Trigger: Free (1194K) is below minimum threshold (13107K)
[2021-04-30T09:23:52.495+0300][63,344s][info][gc] GC(1585) Concurrent reset 0,098ms
[2021-04-30T09:23:52.495+0300][63,345s][info][gc] GC(1585) Pause Init Mark (process weakrefs) 0,270ms
[2021-04-30T09:23:52.511+0300][63,360s][info][gc] GC(1585) Concurrent marking (process weakrefs) 15,520ms
[2021-04-30T09:23:52.511+0300][63,361s][info][gc] GC(1585) Concurrent precleaning 0,075ms
[2021-04-30T09:23:52.512+0300][63,362s][info][gc] GC(1585) Pause Final Mark (process weakrefs) 0,831ms
[2021-04-30T09:23:52.512+0300][63,362s][info][gc] GC(1585) Concurrent cleanup 120M->120M(128M) 0,040ms
[2021-04-30T09:23:52.514+0300][63,363s][info][gc] GC(1585) Concurrent evacuation 1,294ms
[2021-04-30T09:23:52.514+0300][63,363s][info][gc] GC(1585) Pause Init Update Refs 0,006ms
[2021-04-30T09:23:52.524+0300][63,373s][info][gc] GC(1585) Concurrent update references 9,703ms
[2021-04-30T09:23:52.524+0300][63,373s][info][gc] GC(1585) Pause Final Update Refs 0,116ms
[2021-04-30T09:23:52.524+0300][63,373s][info][gc] GC(1585) Concurrent cleanup 126M->120M(128M) 0,038ms
[2021-04-30T09:23:52.525+0300][63,375s][info][gc] Failed to allocate TLAB, 30880B
[2021-04-30T09:23:52.525+0300][63,375s][info][gc] Cancelling GC: Allocation Failure
[2021-04-30T09:23:52.525+0300][63,375s][info][gc] Trigger: Handle Allocation Failure
[2021-04-30T09:23:52.548+0300][63,397s][info][gc] GC(1586) Cancelling GC: Upgrade To Full GC
[2021-04-30T09:23:52.593+0300][63,443s][info][gc] GC(1586) Pause Degenerated GC (Outside of Cycle) 121M->119M(128M) 67,614ms
[2021-04-30T09:23:52.594+0300][63,444s][info][gc] Trigger: Free (1199K) is below minimum threshold (13107K)
[2021-04-30T09:23:52.595+0300][63,444s][info][gc] GC(1587) Concurrent reset 0,073ms
[2021-04-30T09:23:52.595+0300][63,445s][info][gc] GC(1587) Pause Init Mark 0,433ms
[2021-04-30T09:23:52.611+0300][63,461s][info][gc] GC(1587) Concurrent marking 15,977ms
[2021-04-30T09:23:52.612+0300][63,462s][info][gc] GC(1587) Pause Final Mark 0,954ms
[2021-04-30T09:23:52.612+0300][63,462s][info][gc] GC(1587) Concurrent cleanup 120M->120M(128M) 0,041ms
[2021-04-30T09:23:52.614+0300][63,463s][info][gc] GC(1587) Concurrent evacuation 1,275ms
[2021-04-30T09:23:52.614+0300][63,463s][info][gc] GC(1587) Pause Init Update Refs 0,004ms
[2021-04-30T09:23:52.624+0300][63,474s][info][gc] GC(1587) Concurrent update references 10,528ms
[2021-04-30T09:23:52.625+0300][63,474s][info][gc] GC(1587) Pause Final Update Refs 0,184ms
[2021-04-30T09:23:52.625+0300][63,474s][info][gc] GC(1587) Concurrent cleanup 126M->120M(128M) 0,053ms
[2021-04-30T09:23:52.626+0300][63,475s][info][gc] Trigger: Free (456K) is below minimum threshold (13107K)
[2021-04-30T09:23:52.626+0300][63,476s][info][gc] GC(1588) Concurrent reset 0,186ms
[2021-04-30T09:23:52.627+0300][63,476s][info][gc] GC(1588) Pause Init Mark 0,307ms
[2021-04-30T09:23:52.644+0300][63,494s][info][gc] GC(1588) Concurrent marking 17,502ms
[2021-04-30T09:23:52.645+0300][63,495s][info][gc] GC(1588) Pause Final Mark 0,976ms
[2021-04-30T09:23:52.646+0300][63,495s][info][gc] GC(1588) Concurrent cleanup 121M->121M(128M) 0,041ms
[2021-04-30T09:23:52.647+0300][63,497s][info][gc] GC(1588) Concurrent evacuation 1,569ms
[2021-04-30T09:23:52.647+0300][63,497s][info][gc] GC(1588) Pause Init Update Refs 0,006ms
[2021-04-30T09:23:52.664+0300][63,514s][info][gc] GC(1588) Concurrent update references 16,816ms
[2021-04-30T09:23:52.665+0300][63,514s][info][gc] GC(1588) Pause Final Update Refs 0,089ms
[2021-04-30T09:23:52.665+0300][63,514s][info][gc] GC(1588) Concurrent cleanup 126M->120M(128M) 0,042ms
[2021-04-30T09:23:52.666+0300][63,515s][info][gc] Trigger: Free (898K) is below minimum threshold (13107K)
[2021-04-30T09:23:52.666+0300][63,516s][info][gc] GC(1589) Concurrent reset 0,265ms
[2021-04-30T09:23:52.667+0300][63,516s][info][gc] GC(1589) Pause Init Mark 0,213ms
[2021-04-30T09:23:52.684+0300][63,534s][info][gc] GC(1589) Concurrent marking 17,639ms
[2021-04-30T09:23:52.686+0300][63,535s][info][gc] GC(1589) Pause Final Mark 0,816ms
[2021-04-30T09:23:52.686+0300][63,535s][info][gc] GC(1589) Concurrent cleanup 121M->121M(128M) 0,037ms
[2021-04-30T09:23:52.687+0300][63,537s][info][gc] GC(1589) Concurrent evacuation 1,521ms
[2021-04-30T09:23:52.687+0300][63,537s][info][gc] GC(1589) Pause Init Update Refs 0,006ms
[2021-04-30T09:23:52.700+0300][63,549s][info][gc] GC(1589) Concurrent update references 12,493ms
[2021-04-30T09:23:52.700+0300][63,550s][info][gc] GC(1589) Pause Final Update Refs 0,114ms
[2021-04-30T09:23:52.700+0300][63,550s][info][gc] GC(1589) Concurrent cleanup 126M->120M(128M) 0,041ms
[2021-04-30T09:23:52.702+0300][63,551s][info][gc] Trigger: Free (589K) is below minimum threshold (13107K)
[2021-04-30T09:23:52.702+0300][63,551s][info][gc] GC(1590) Concurrent reset 0,180ms
[2021-04-30T09:23:52.702+0300][63,552s][info][gc] GC(1590) Pause Init Mark (process weakrefs) 0,243ms
[2021-04-30T09:23:52.721+0300][63,570s][info][gc] GC(1590) Concurrent marking (process weakrefs) 18,422ms
[2021-04-30T09:23:52.721+0300][63,570s][info][gc] GC(1590) Concurrent precleaning 0,140ms
[2021-04-30T09:23:52.722+0300][63,571s][info][gc] GC(1590) Pause Final Mark (process weakrefs) 0,976ms
[2021-04-30T09:23:52.722+0300][63,572s][info][gc] GC(1590) Concurrent cleanup 121M->121M(128M) 0,044ms
[2021-04-30T09:23:52.723+0300][63,573s][info][gc] GC(1590) Concurrent evacuation 1,342ms
[2021-04-30T09:23:52.724+0300][63,573s][info][gc] GC(1590) Pause Init Update Refs 0,010ms
[2021-04-30T09:23:52.734+0300][63,583s][info][gc] GC(1590) Concurrent update references 9,989ms
[2021-04-30T09:23:52.734+0300][63,583s][info][gc] GC(1590) Pause Final Update Refs 0,080ms
[2021-04-30T09:23:52.734+0300][63,584s][info][gc] GC(1590) Concurrent cleanup 126M->120M(128M) 0,047ms
[2021-04-30T09:23:52.735+0300][63,585s][info][gc] Trigger: Free (931K) is below minimum threshold (13107K)
[2021-04-30T09:23:52.735+0300][63,585s][info][gc] GC(1591) Concurrent reset 0,184ms
[2021-04-30T09:23:52.736+0300][63,585s][info][gc] GC(1591) Pause Init Mark 0,219ms
[2021-04-30T09:23:52.759+0300][63,608s][info][gc] GC(1591) Concurrent marking 22,974ms
[2021-04-30T09:23:52.760+0300][63,609s][info][gc] GC(1591) Pause Final Mark 0,993ms
[2021-04-30T09:23:52.760+0300][63,610s][info][gc] GC(1591) Concurrent cleanup 120M->121M(128M) 0,041ms
[2021-04-30T09:23:52.762+0300][63,611s][info][gc] GC(1591) Concurrent evacuation 1,407ms
[2021-04-30T09:23:52.762+0300][63,611s][info][gc] GC(1591) Pause Init Update Refs 0,007ms
[2021-04-30T09:23:52.771+0300][63,620s][info][gc] GC(1591) Concurrent update references 9,295ms
[2021-04-30T09:23:52.771+0300][63,621s][info][gc] GC(1591) Pause Final Update Refs 0,131ms
[2021-04-30T09:23:52.771+0300][63,621s][info][gc] GC(1591) Concurrent cleanup 126M->120M(128M) 0,052ms
[2021-04-30T09:23:52.773+0300][63,622s][info][gc] Trigger: Free (568K) is below minimum threshold (13107K)
[2021-04-30T09:23:52.773+0300][63,622s][info][gc] GC(1592) Concurrent reset 0,173ms
[2021-04-30T09:23:52.773+0300][63,623s][info][gc] GC(1592) Pause Init Mark 0,220ms
[2021-04-30T09:23:52.789+0300][63,639s][info][gc] GC(1592) Concurrent marking 15,913ms
[2021-04-30T09:23:52.790+0300][63,640s][info][gc] GC(1592) Pause Final Mark 1,039ms
[2021-04-30T09:23:52.790+0300][63,640s][info][gc] GC(1592) Concurrent cleanup 121M->121M(128M) 0,037ms
[2021-04-30T09:23:52.792+0300][63,641s][info][gc] GC(1592) Concurrent evacuation 1,263ms
[2021-04-30T09:23:52.792+0300][63,641s][info][gc] GC(1592) Pause Init Update Refs 0,006ms
[2021-04-30T09:23:52.802+0300][63,652s][info][gc] GC(1592) Concurrent update references 10,447ms
[2021-04-30T09:23:52.803+0300][63,652s][info][gc] GC(1592) Pause Final Update Refs 0,159ms
[2021-04-30T09:23:52.803+0300][63,652s][info][gc] GC(1592) Concurrent cleanup 126M->120M(128M) 0,039ms
[2021-04-30T09:23:52.804+0300][63,653s][info][gc] Trigger: Free (924K) is below minimum threshold (13107K)
[2021-04-30T09:23:52.804+0300][63,654s][info][gc] GC(1593) Concurrent reset 0,166ms
[2021-04-30T09:23:52.805+0300][63,654s][info][gc] GC(1593) Pause Init Mark 0,233ms
[2021-04-30T09:23:52.821+0300][63,670s][info][gc] GC(1593) Concurrent marking 15,832ms
[2021-04-30T09:23:52.822+0300][63,671s][info][gc] GC(1593) Pause Final Mark 0,935ms
[2021-04-30T09:23:52.822+0300][63,671s][info][gc] GC(1593) Concurrent cleanup 120M->120M(128M) 0,037ms
[2021-04-30T09:23:52.823+0300][63,673s][info][gc] GC(1593) Concurrent evacuation 1,386ms
[2021-04-30T09:23:52.824+0300][63,673s][info][gc] GC(1593) Pause Init Update Refs 0,021ms
[2021-04-30T09:23:52.838+0300][63,688s][info][gc] GC(1593) Concurrent update references 14,728ms
[2021-04-30T09:23:52.839+0300][63,688s][info][gc] GC(1593) Pause Final Update Refs 0,279ms
[2021-04-30T09:23:52.839+0300][63,688s][info][gc] GC(1593) Concurrent cleanup 126M->121M(128M) 0,040ms
[2021-04-30T09:23:52.840+0300][63,690s][info][gc] Trigger: Free (342K) is below minimum threshold (13107K)
[2021-04-30T09:23:52.840+0300][63,690s][info][gc] GC(1594) Concurrent reset 0,277ms
[2021-04-30T09:23:52.841+0300][63,690s][info][gc] GC(1594) Pause Init Mark 0,268ms
[2021-04-30T09:23:52.856+0300][63,706s][info][gc] GC(1594) Concurrent marking 14,959ms
[2021-04-30T09:23:52.858+0300][63,707s][info][gc] GC(1594) Pause Final Mark 1,283ms
[2021-04-30T09:23:52.858+0300][63,707s][info][gc] GC(1594) Concurrent cleanup 121M->121M(128M) 0,039ms
[2021-04-30T09:23:52.859+0300][63,709s][info][gc] GC(1594) Concurrent evacuation 1,288ms
[2021-04-30T09:23:52.859+0300][63,709s][info][gc] GC(1594) Pause Init Update Refs 0,021ms
[2021-04-30T09:23:52.874+0300][63,723s][info][gc] GC(1594) Concurrent update references 14,637ms
[2021-04-30T09:23:52.875+0300][63,724s][info][gc] GC(1594) Pause Final Update Refs 0,218ms
[2021-04-30T09:23:52.875+0300][63,724s][info][gc] GC(1594) Concurrent cleanup 126M->120M(128M) 0,055ms
[2021-04-30T09:23:52.876+0300][63,725s][info][gc] Trigger: Free (870K) is below minimum threshold (13107K)
[2021-04-30T09:23:52.876+0300][63,726s][info][gc] GC(1595) Concurrent reset 0,286ms
[2021-04-30T09:23:52.877+0300][63,726s][info][gc] GC(1595) Pause Init Mark (process weakrefs) 0,284ms
[2021-04-30T09:23:52.892+0300][63,742s][info][gc] GC(1595) Concurrent marking (process weakrefs) 15,308ms
[2021-04-30T09:23:52.892+0300][63,742s][info][gc] GC(1595) Concurrent precleaning 0,172ms
[2021-04-30T09:23:52.894+0300][63,743s][info][gc] GC(1595) Pause Final Mark (process weakrefs) 1,404ms
[2021-04-30T09:23:52.894+0300][63,744s][info][gc] GC(1595) Concurrent cleanup 120M->120M(128M) 0,036ms
[2021-04-30T09:23:52.896+0300][63,745s][info][gc] GC(1595) Concurrent evacuation 1,329ms
[2021-04-30T09:23:52.896+0300][63,745s][info][gc] GC(1595) Pause Init Update Refs 0,006ms
[2021-04-30T09:23:52.911+0300][63,760s][info][gc] GC(1595) Concurrent update references 14,762ms
[2021-04-30T09:23:52.911+0300][63,760s][info][gc] GC(1595) Pause Final Update Refs 0,165ms
[2021-04-30T09:23:52.911+0300][63,761s][info][gc] GC(1595) Concurrent cleanup 126M->121M(128M) 0,039ms
[2021-04-30T09:23:52.912+0300][63,762s][info][gc] Trigger: Free (107K) is below minimum threshold (13107K)
[2021-04-30T09:23:52.912+0300][63,762s][info][gc] GC(1596) Concurrent reset 0,237ms
[2021-04-30T09:23:52.913+0300][63,762s][info][gc] GC(1596) Pause Init Mark 0,293ms
[2021-04-30T09:23:52.931+0300][63,780s][info][gc] GC(1596) Concurrent marking 17,443ms
[2021-04-30T09:23:52.932+0300][63,781s][info][gc] GC(1596) Pause Final Mark 1,033ms
[2021-04-30T09:23:52.932+0300][63,781s][info][gc] GC(1596) Concurrent cleanup 121M->121M(128M) 0,038ms
[2021-04-30T09:23:52.933+0300][63,783s][info][gc] GC(1596) Concurrent evacuation 1,533ms
[2021-04-30T09:23:52.934+0300][63,783s][info][gc] GC(1596) Pause Init Update Refs 0,005ms
[2021-04-30T09:23:52.939+0300][63,789s][info][gc] Failed to allocate TLAB, 2664B
[2021-04-30T09:23:52.939+0300][63,789s][info][gc] Cancelling GC: Allocation Failure
[2021-04-30T09:23:52.940+0300][63,789s][info][gc] GC(1596) Concurrent update references 5,880ms
[2021-04-30T09:23:52.941+0300][63,790s][info][gc] Trigger: Handle Allocation Failure
[2021-04-30T09:23:52.947+0300][63,797s][info][gc] GC(1597) Cancelling GC: Upgrade To Full GC
[2021-04-30T09:23:53.016+0300][63,865s][info][gc] GC(1597) Pause Degenerated GC (Update Refs) 126M->120M(128M) 75,178ms
[2021-04-30T09:23:53.018+0300][63,868s][info][gc] Trigger: Free (1207K) is below minimum threshold (13107K)
[2021-04-30T09:23:53.018+0300][63,868s][info][gc] GC(1598) Concurrent reset 0,115ms
[2021-04-30T09:23:53.019+0300][63,868s][info][gc] GC(1598) Pause Init Mark 0,185ms
[2021-04-30T09:23:53.035+0300][63,884s][info][gc] GC(1598) Concurrent marking 15,938ms
[2021-04-30T09:23:53.036+0300][63,885s][info][gc] GC(1598) Pause Final Mark 0,747ms
[2021-04-30T09:23:53.036+0300][63,885s][info][gc] GC(1598) Concurrent cleanup 120M->120M(128M) 0,044ms
[2021-04-30T09:23:53.037+0300][63,887s][info][gc] GC(1598) Concurrent evacuation 1,316ms
[2021-04-30T09:23:53.037+0300][63,887s][info][gc] GC(1598) Pause Init Update Refs 0,006ms
[2021-04-30T09:23:53.047+0300][63,896s][info][gc] GC(1598) Concurrent update references 9,257ms
[2021-04-30T09:23:53.047+0300][63,896s][info][gc] GC(1598) Pause Final Update Refs 0,078ms
[2021-04-30T09:23:53.047+0300][63,897s][info][gc] GC(1598) Concurrent cleanup 126M->120M(128M) 0,054ms
[2021-04-30T09:23:53.048+0300][63,898s][info][gc] Trigger: Free (547K) is below minimum threshold (13107K)
[2021-04-30T09:23:53.048+0300][63,898s][info][gc] GC(1599) Concurrent reset 0,131ms
[2021-04-30T09:23:53.049+0300][63,898s][info][gc] GC(1599) Pause Init Mark (unload classes) 0,162ms
[2021-04-30T09:23:53.066+0300][63,915s][info][gc] GC(1599) Concurrent marking (unload classes) 17,181ms
[2021-04-30T09:23:53.069+0300][63,919s][info][gc] GC(1599) Pause Final Mark (unload classes) 3,050ms
[2021-04-30T09:23:53.069+0300][63,919s][info][gc] GC(1599) Concurrent cleanup 121M->121M(128M) 0,043ms
[2021-04-30T09:23:53.071+0300][63,920s][info][gc] GC(1599) Concurrent evacuation 1,295ms
[2021-04-30T09:23:53.071+0300][63,920s][info][gc] GC(1599) Pause Init Update Refs 0,006ms
[2021-04-30T09:23:53.080+0300][63,930s][info][gc] GC(1599) Concurrent update references 9,452ms
[2021-04-30T09:23:53.081+0300][63,930s][info][gc] GC(1599) Pause Final Update Refs 0,096ms
[2021-04-30T09:23:53.081+0300][63,930s][info][gc] GC(1599) Concurrent cleanup 126M->120M(128M) 0,040ms
[2021-04-30T09:23:53.082+0300][63,931s][info][gc] Trigger: Free (433K) is below minimum threshold (13107K)
[2021-04-30T09:23:53.082+0300][63,932s][info][gc] GC(1600) Concurrent reset 0,210ms
[2021-04-30T09:23:53.082+0300][63,932s][info][gc] GC(1600) Pause Init Mark (process weakrefs) 0,134ms
[2021-04-30T09:23:53.099+0300][63,948s][info][gc] GC(1600) Concurrent marking (process weakrefs) 16,167ms
[2021-04-30T09:23:53.099+0300][63,948s][info][gc] GC(1600) Concurrent precleaning 0,192ms
[2021-04-30T09:23:53.100+0300][63,949s][info][gc] GC(1600) Pause Final Mark (process weakrefs) 0,746ms
[2021-04-30T09:23:53.100+0300][63,949s][info][gc] GC(1600) Concurrent cleanup 121M->121M(128M) 0,039ms
[2021-04-30T09:23:53.101+0300][63,951s][info][gc] GC(1600) Concurrent evacuation 1,235ms
[2021-04-30T09:23:53.101+0300][63,951s][info][gc] Failed to allocate TLAB, 2664B
[2021-04-30T09:23:53.101+0300][63,951s][info][gc] Cancelling GC: Allocation Failure
[2021-04-30T09:23:53.101+0300][63,951s][info][gc] GC(1600) Pause Init Update Refs 0,020ms
[2021-04-30T09:23:53.102+0300][63,951s][info][gc] GC(1600) Concurrent update references 0,081ms
[2021-04-30T09:23:53.103+0300][63,952s][info][gc] Trigger: Handle Allocation Failure
[2021-04-30T09:23:53.110+0300][63,959s][info][gc] GC(1601) Pause Degenerated GC (Update Refs) 126M->120M(128M) 6,952ms
[2021-04-30T09:23:53.111+0300][63,961s][info][gc] Trigger: Free (494K) is below minimum threshold (13107K)
[2021-04-30T09:23:53.111+0300][63,961s][info][gc] GC(1602) Concurrent reset 0,152ms
[2021-04-30T09:23:53.112+0300][63,961s][info][gc] GC(1602) Pause Init Mark 0,124ms
[2021-04-30T09:23:53.128+0300][63,977s][info][gc] GC(1602) Concurrent marking 16,003ms
[2021-04-30T09:23:53.129+0300][63,978s][info][gc] GC(1602) Pause Final Mark 0,832ms
[2021-04-30T09:23:53.129+0300][63,978s][info][gc] GC(1602) Concurrent cleanup 121M->121M(128M) 0,040ms
[2021-04-30T09:23:53.131+0300][63,980s][info][gc] GC(1602) Concurrent evacuation 1,743ms
[2021-04-30T09:23:53.131+0300][63,980s][info][gc] GC(1602) Pause Init Update Refs 0,007ms
[2021-04-30T09:23:53.141+0300][63,990s][info][gc] GC(1602) Concurrent update references 9,975ms
[2021-04-30T09:23:53.141+0300][63,991s][info][gc] GC(1602) Pause Final Update Refs 0,099ms
[2021-04-30T09:23:53.141+0300][63,991s][info][gc] GC(1602) Concurrent cleanup 126M->120M(128M) 0,041ms
[2021-04-30T09:23:53.143+0300][63,992s][info][gc] Trigger: Free (364K) is below minimum threshold (13107K)
[2021-04-30T09:23:53.143+0300][63,992s][info][gc] GC(1603) Concurrent reset 0,162ms
[2021-04-30T09:23:53.143+0300][63,993s][info][gc] GC(1603) Pause Init Mark 0,190ms
[2021-04-30T09:23:53.161+0300][64,010s][info][gc] GC(1603) Concurrent marking 17,532ms
[2021-04-30T09:23:53.162+0300][64,011s][info][gc] GC(1603) Pause Final Mark 0,950ms
[2021-04-30T09:23:53.162+0300][64,011s][info][gc] GC(1603) Concurrent cleanup 121M->121M(128M) 0,040ms
[2021-04-30T09:23:53.162+0300][64,011s][info][gc] Failed to allocate TLAB, 18280B
[2021-04-30T09:23:53.162+0300][64,011s][info][gc] Cancelling GC: Allocation Failure
[2021-04-30T09:23:53.162+0300][64,011s][info][gc] GC(1603) Concurrent evacuation 0,026ms
[2021-04-30T09:23:53.163+0300][64,013s][info][gc] Trigger: Handle Allocation Failure
[2021-04-30T09:23:53.173+0300][64,022s][info][gc] GC(1604) Cancelling GC: Upgrade To Full GC
[2021-04-30T09:23:53.230+0300][64,079s][info][gc] GC(1604) Pause Degenerated GC (Evacuation) 121M->120M(128M) 66,291ms
[2021-04-30T09:23:53.231+0300][64,080s][info][gc] Trigger: Free (779K) is below minimum threshold (13107K)
[2021-04-30T09:23:53.231+0300][64,080s][info][gc] GC(1605) Concurrent reset 0,043ms
[2021-04-30T09:23:53.232+0300][64,081s][info][gc] GC(1605) Pause Init Mark (process weakrefs) 0,265ms
[2021-04-30T09:23:53.249+0300][64,098s][info][gc] GC(1605) Concurrent marking (process weakrefs) 17,229ms
[2021-04-30T09:23:53.249+0300][64,098s][info][gc] GC(1605) Concurrent precleaning 0,070ms
[2021-04-30T09:23:53.251+0300][64,100s][info][gc] GC(1605) Pause Final Mark (process weakrefs) 1,306ms
[2021-04-30T09:23:53.251+0300][64,100s][info][gc] GC(1605) Concurrent cleanup 120M->121M(128M) 0,042ms
[2021-04-30T09:23:53.252+0300][64,101s][info][gc] GC(1605) Concurrent evacuation 1,188ms
[2021-04-30T09:23:53.252+0300][64,102s][info][gc] GC(1605) Pause Init Update Refs 0,014ms
[2021-04-30T09:23:53.267+0300][64,117s][info][gc] GC(1605) Concurrent update references 14,995ms
[2021-04-30T09:23:53.268+0300][64,117s][info][gc] GC(1605) Pause Final Update Refs 0,213ms
[2021-04-30T09:23:53.268+0300][64,117s][info][gc] GC(1605) Concurrent cleanup 126M->120M(128M) 0,040ms
[2021-04-30T09:23:53.269+0300][64,118s][info][gc] Trigger: Free (489K) is below minimum threshold (13107K)
[2021-04-30T09:23:53.269+0300][64,119s][info][gc] GC(1606) Concurrent reset 0,274ms
[2021-04-30T09:23:53.270+0300][64,119s][info][gc] GC(1606) Pause Init Mark 0,273ms
[2021-04-30T09:23:53.286+0300][64,135s][info][gc] GC(1606) Concurrent marking 15,759ms
[2021-04-30T09:23:53.287+0300][64,136s][info][gc] GC(1606) Pause Final Mark 0,961ms
[2021-04-30T09:23:53.287+0300][64,137s][info][gc] GC(1606) Concurrent cleanup 121M->121M(128M) 0,045ms
[2021-04-30T09:23:53.288+0300][64,138s][info][gc] GC(1606) Concurrent evacuation 1,262ms
[2021-04-30T09:23:53.289+0300][64,138s][info][gc] GC(1606) Pause Init Update Refs 0,021ms
[2021-04-30T09:23:53.303+0300][64,153s][info][gc] GC(1606) Concurrent update references 14,431ms
[2021-04-30T09:23:53.303+0300][64,153s][info][gc] GC(1606) Pause Final Update Refs 0,104ms
[2021-04-30T09:23:53.304+0300][64,153s][info][gc] GC(1606) Concurrent cleanup 126M->120M(128M) 0,055ms
[2021-04-30T09:23:53.305+0300][64,154s][info][gc] Trigger: Free (860K) is below minimum threshold (13107K)
[2021-04-30T09:23:53.305+0300][64,154s][info][gc] GC(1607) Concurrent reset 0,179ms
[2021-04-30T09:23:53.305+0300][64,155s][info][gc] GC(1607) Pause Init Mark 0,158ms
[2021-04-30T09:23:53.322+0300][64,172s][info][gc] GC(1607) Concurrent marking 16,894ms
[2021-04-30T09:23:53.324+0300][64,173s][info][gc] GC(1607) Pause Final Mark 1,478ms
[2021-04-30T09:23:53.324+0300][64,173s][info][gc] GC(1607) Concurrent cleanup 120M->120M(128M) 0,038ms
[2021-04-30T09:23:53.325+0300][64,175s][info][gc] GC(1607) Concurrent evacuation 1,192ms
[2021-04-30T09:23:53.325+0300][64,175s][info][gc] GC(1607) Pause Init Update Refs 0,006ms
[2021-04-30T09:23:53.335+0300][64,185s][info][gc] GC(1607) Concurrent update references 9,915ms
[2021-04-30T09:23:53.336+0300][64,185s][info][gc] GC(1607) Pause Final Update Refs 0,068ms
[2021-04-30T09:23:53.336+0300][64,185s][info][gc] GC(1607) Concurrent cleanup 126M->120M(128M) 0,044ms
[2021-04-30T09:23:53.337+0300][64,186s][info][gc] Trigger: Free (469K) is below minimum threshold (13107K)
[2021-04-30T09:23:53.337+0300][64,187s][info][gc] GC(1608) Concurrent reset 0,149ms
[2021-04-30T09:23:53.337+0300][64,187s][info][gc] GC(1608) Pause Init Mark 0,144ms
[2021-04-30T09:23:53.355+0300][64,204s][info][gc] GC(1608) Concurrent marking 17,391ms
[2021-04-30T09:23:53.356+0300][64,205s][info][gc] GC(1608) Pause Final Mark 0,836ms
[2021-04-30T09:23:53.356+0300][64,205s][info][gc] GC(1608) Concurrent cleanup 121M->121M(128M) 0,037ms
[2021-04-30T09:23:53.357+0300][64,207s][info][gc] GC(1608) Concurrent evacuation 1,245ms
[2021-04-30T09:23:53.357+0300][64,207s][info][gc] GC(1608) Pause Init Update Refs 0,006ms
[2021-04-30T09:23:53.367+0300][64,217s][info][gc] GC(1608) Concurrent update references 9,939ms
[2021-04-30T09:23:53.368+0300][64,217s][info][gc] GC(1608) Pause Final Update Refs 0,222ms
[2021-04-30T09:23:53.368+0300][64,218s][info][gc] GC(1608) Concurrent cleanup 126M->120M(128M) 0,056ms
[2021-04-30T09:23:53.369+0300][64,219s][info][gc] Trigger: Free (972K) is below minimum threshold (13107K)
[2021-04-30T09:23:53.369+0300][64,219s][info][gc] GC(1609) Concurrent reset 0,181ms
[2021-04-30T09:23:53.370+0300][64,219s][info][gc] GC(1609) Pause Init Mark 0,179ms
[2021-04-30T09:23:53.392+0300][64,241s][info][gc] GC(1609) Concurrent marking 22,211ms
[2021-04-30T09:23:53.393+0300][64,243s][info][gc] GC(1609) Pause Final Mark 0,890ms
[2021-04-30T09:23:53.393+0300][64,243s][info][gc] GC(1609) Concurrent cleanup 120M->120M(128M) 0,038ms
[2021-04-30T09:23:53.395+0300][64,244s][info][gc] GC(1609) Concurrent evacuation 1,279ms
[2021-04-30T09:23:53.395+0300][64,244s][info][gc] GC(1609) Pause Init Update Refs 0,006ms
[2021-04-30T09:23:53.405+0300][64,255s][info][gc] GC(1609) Concurrent update references 10,273ms
[2021-04-30T09:23:53.405+0300][64,255s][info][gc] GC(1609) Pause Final Update Refs 0,095ms
[2021-04-30T09:23:53.406+0300][64,255s][info][gc] GC(1609) Concurrent cleanup 126M->120M(128M) 0,040ms
[2021-04-30T09:23:53.407+0300][64,256s][info][gc] Trigger: Free (378K) is below minimum threshold (13107K)
[2021-04-30T09:23:53.407+0300][64,256s][info][gc] GC(1610) Concurrent reset 0,146ms
[2021-04-30T09:23:53.407+0300][64,257s][info][gc] GC(1610) Pause Init Mark (process weakrefs) 0,217ms
[2021-04-30T09:23:53.423+0300][64,272s][info][gc] GC(1610) Concurrent marking (process weakrefs) 15,463ms
[2021-04-30T09:23:53.423+0300][64,272s][info][gc] GC(1610) Concurrent precleaning 0,141ms
[2021-04-30T09:23:53.424+0300][64,273s][info][gc] GC(1610) Pause Final Mark (process weakrefs) 0,981ms
[2021-04-30T09:23:53.424+0300][64,273s][info][gc] GC(1610) Concurrent cleanup 121M->121M(128M) 0,036ms
[2021-04-30T09:23:53.425+0300][64,275s][info][gc] GC(1610) Concurrent evacuation 1,238ms
[2021-04-30T09:23:53.425+0300][64,275s][info][gc] GC(1610) Pause Init Update Refs 0,021ms
[2021-04-30T09:23:53.435+0300][64,284s][info][gc] GC(1610) Concurrent update references 8,943ms
[2021-04-30T09:23:53.435+0300][64,284s][info][gc] GC(1610) Pause Final Update Refs 0,119ms
[2021-04-30T09:23:53.435+0300][64,284s][info][gc] GC(1610) Concurrent cleanup 126M->120M(128M) 0,039ms
[2021-04-30T09:23:53.436+0300][64,286s][info][gc] Trigger: Free (899K) is below minimum threshold (13107K)
[2021-04-30T09:23:53.436+0300][64,286s][info][gc] GC(1611) Concurrent reset 0,143ms
[2021-04-30T09:23:53.437+0300][64,286s][info][gc] GC(1611) Pause Init Mark 0,208ms
[2021-04-30T09:23:53.452+0300][64,302s][info][gc] GC(1611) Concurrent marking 15,637ms
[2021-04-30T09:23:53.454+0300][64,303s][info][gc] GC(1611) Pause Final Mark 0,977ms
[2021-04-30T09:23:53.454+0300][64,303s][info][gc] GC(1611) Concurrent cleanup 121M->121M(128M) 0,046ms
[2021-04-30T09:23:53.455+0300][64,305s][info][gc] GC(1611) Concurrent evacuation 1,533ms
[2021-04-30T09:23:53.456+0300][64,305s][info][gc] GC(1611) Pause Init Update Refs 0,021ms
[2021-04-30T09:23:53.466+0300][64,315s][info][gc] GC(1611) Concurrent update references 9,881ms
[2021-04-30T09:23:53.466+0300][64,315s][info][gc] GC(1611) Pause Final Update Refs 0,122ms
[2021-04-30T09:23:53.466+0300][64,316s][info][gc] GC(1611) Concurrent cleanup 126M->121M(128M) 0,044ms
[2021-04-30T09:23:53.467+0300][64,317s][info][gc] Trigger: Free (73456B) is below minimum threshold (13107K)
[2021-04-30T09:23:53.467+0300][64,317s][info][gc] GC(1612) Concurrent reset 0,148ms
[2021-04-30T09:23:53.468+0300][64,317s][info][gc] GC(1612) Pause Init Mark 0,203ms
[2021-04-30T09:23:53.484+0300][64,333s][info][gc] GC(1612) Concurrent marking 16,191ms
[2021-04-30T09:23:53.485+0300][64,335s][info][gc] GC(1612) Pause Final Mark 1,191ms
[2021-04-30T09:23:53.486+0300][64,335s][info][gc] GC(1612) Concurrent cleanup 121M->121M(128M) 0,067ms
[2021-04-30T09:23:53.486+0300][64,335s][info][gc] Failed to allocate TLAB, 3264B
[2021-04-30T09:23:53.486+0300][64,335s][info][gc] Cancelling GC: Allocation Failure
[2021-04-30T09:23:53.486+0300][64,335s][info][gc] GC(1612) Concurrent evacuation 0,113ms
[2021-04-30T09:23:53.487+0300][64,336s][info][gc] Trigger: Handle Allocation Failure
[2021-04-30T09:23:53.497+0300][64,346s][info][gc] GC(1613) Cancelling GC: Upgrade To Full GC
[2021-04-30T09:23:53.553+0300][64,402s][info][gc] GC(1613) Pause Degenerated GC (Evacuation) 121M->120M(128M) 65,868ms
[2021-04-30T09:23:53.554+0300][64,403s][info][gc] Trigger: Free (1113K) is below minimum threshold (13107K)
[2021-04-30T09:23:53.554+0300][64,404s][info][gc] GC(1614) Concurrent reset 0,116ms
[2021-04-30T09:23:53.555+0300][64,404s][info][gc] GC(1614) Pause Init Mark 0,361ms
[2021-04-30T09:23:53.572+0300][64,421s][info][gc] GC(1614) Concurrent marking 17,114ms
[2021-04-30T09:23:53.573+0300][64,422s][info][gc] GC(1614) Pause Final Mark 0,567ms
[2021-04-30T09:23:53.573+0300][64,422s][info][gc] GC(1614) Concurrent cleanup 120M->120M(128M) 0,041ms
[2021-04-30T09:23:53.574+0300][64,424s][info][gc] GC(1614) Concurrent evacuation 1,665ms
[2021-04-30T09:23:53.575+0300][64,424s][info][gc] GC(1614) Pause Init Update Refs 0,006ms
[2021-04-30T09:23:53.585+0300][64,434s][info][gc] GC(1614) Concurrent update references 9,905ms
[2021-04-30T09:23:53.585+0300][64,434s][info][gc] GC(1614) Pause Final Update Refs 0,074ms
[2021-04-30T09:23:53.585+0300][64,434s][info][gc] GC(1614) Concurrent cleanup 126M->121M(128M) 0,061ms
[2021-04-30T09:23:53.586+0300][64,436s][info][gc] Trigger: Free (378K) is below minimum threshold (13107K)
[2021-04-30T09:23:53.586+0300][64,436s][info][gc] GC(1615) Concurrent reset 0,143ms
[2021-04-30T09:23:53.587+0300][64,436s][info][gc] GC(1615) Pause Init Mark (process weakrefs) 0,220ms
[2021-04-30T09:23:53.608+0300][64,457s][info][gc] GC(1615) Concurrent marking (process weakrefs) 20,769ms
[2021-04-30T09:23:53.608+0300][64,457s][info][gc] GC(1615) Concurrent precleaning 0,150ms
[2021-04-30T09:23:53.608+0300][64,458s][info][gc] GC(1615) Pause Final Mark (process weakrefs) 0,560ms
[2021-04-30T09:23:53.609+0300][64,458s][info][gc] GC(1615) Concurrent cleanup 121M->121M(128M) 0,037ms
[2021-04-30T09:23:53.610+0300][64,459s][info][gc] GC(1615) Concurrent evacuation 1,354ms
[2021-04-30T09:23:53.610+0300][64,459s][info][gc] GC(1615) Pause Init Update Refs 0,005ms
[2021-04-30T09:23:53.620+0300][64,470s][info][gc] GC(1615) Concurrent update references 10,086ms
[2021-04-30T09:23:53.620+0300][64,470s][info][gc] GC(1615) Pause Final Update Refs 0,138ms
[2021-04-30T09:23:53.621+0300][64,470s][info][gc] GC(1615) Concurrent cleanup 127M->120M(128M) 0,039ms
[2021-04-30T09:23:53.622+0300][64,471s][info][gc] Trigger: Free (892K) is below minimum threshold (13107K)
[2021-04-30T09:23:53.622+0300][64,471s][info][gc] GC(1616) Concurrent reset 0,151ms
[2021-04-30T09:23:53.622+0300][64,472s][info][gc] GC(1616) Pause Init Mark 0,195ms
[2021-04-30T09:23:53.641+0300][64,490s][info][gc] GC(1616) Concurrent marking 18,601ms
[2021-04-30T09:23:53.642+0300][64,491s][info][gc] GC(1616) Pause Final Mark 1,016ms
[2021-04-30T09:23:53.642+0300][64,492s][info][gc] GC(1616) Concurrent cleanup 121M->121M(128M) 0,038ms
[2021-04-30T09:23:53.644+0300][64,493s][info][gc] GC(1616) Concurrent evacuation 1,824ms
[2021-04-30T09:23:53.644+0300][64,494s][info][gc] GC(1616) Pause Init Update Refs 0,013ms
[2021-04-30T09:23:53.655+0300][64,504s][info][gc] GC(1616) Concurrent update references 10,485ms
[2021-04-30T09:23:53.655+0300][64,505s][info][gc] GC(1616) Pause Final Update Refs 0,116ms
[2021-04-30T09:23:53.655+0300][64,505s][info][gc] GC(1616) Concurrent cleanup 126M->120M(128M) 0,054ms
[2021-04-30T09:23:53.656+0300][64,506s][info][gc] Trigger: Free (471K) is below minimum threshold (13107K)
[2021-04-30T09:23:53.657+0300][64,506s][info][gc] GC(1617) Concurrent reset 0,320ms
[2021-04-30T09:23:53.657+0300][64,507s][info][gc] GC(1617) Pause Init Mark 0,307ms
[2021-04-30T09:23:53.675+0300][64,524s][info][gc] GC(1617) Concurrent marking 17,472ms
[2021-04-30T09:23:53.676+0300][64,525s][info][gc] GC(1617) Pause Final Mark 0,950ms
[2021-04-30T09:23:53.676+0300][64,526s][info][gc] GC(1617) Concurrent cleanup 121M->121M(128M) 0,039ms
[2021-04-30T09:23:53.677+0300][64,527s][info][gc] GC(1617) Concurrent evacuation 1,233ms
[2021-04-30T09:23:53.678+0300][64,527s][info][gc] GC(1617) Pause Init Update Refs 0,006ms
[2021-04-30T09:23:53.679+0300][64,529s][info][gc] Failed to allocate TLAB, 11280B
[2021-04-30T09:23:53.679+0300][64,529s][info][gc] Cancelling GC: Allocation Failure
[2021-04-30T09:23:53.679+0300][64,529s][info][gc] GC(1617) Concurrent update references 1,867ms
[2021-04-30T09:23:53.681+0300][64,530s][info][gc] Trigger: Handle Allocation Failure
[2021-04-30T09:23:53.687+0300][64,537s][info][gc] GC(1618) Cancelling GC: Upgrade To Full GC
[2021-04-30T09:23:53.745+0300][64,595s][info][gc] GC(1618) Pause Degenerated GC (Update Refs) 126M->120M(128M) 64,093ms
[2021-04-30T09:23:53.746+0300][64,596s][info][gc] Trigger: Free (589K) is below minimum threshold (13107K)
[2021-04-30T09:23:53.747+0300][64,596s][info][gc] GC(1619) Concurrent reset 0,076ms
[2021-04-30T09:23:53.747+0300][64,596s][info][gc] GC(1619) Pause Init Mark 0,165ms
[2021-04-30T09:23:53.764+0300][64,613s][info][gc] GC(1619) Concurrent marking 16,683ms
[2021-04-30T09:23:53.764+0300][64,614s][info][gc] GC(1619) Pause Final Mark 0,353ms
[2021-04-30T09:23:53.764+0300][64,614s][info][gc] GC(1619) Concurrent cleanup 120M->120M(128M) 0,043ms
[2021-04-30T09:23:53.766+0300][64,615s][info][gc] GC(1619) Concurrent evacuation 1,296ms
[2021-04-30T09:23:53.766+0300][64,615s][info][gc] GC(1619) Pause Init Update Refs 0,005ms
[2021-04-30T09:23:53.775+0300][64,624s][info][gc] GC(1619) Concurrent update references 8,908ms
[2021-04-30T09:23:53.775+0300][64,625s][info][gc] GC(1619) Pause Final Update Refs 0,091ms
[2021-04-30T09:23:53.775+0300][64,625s][info][gc] GC(1619) Concurrent cleanup 126M->120M(128M) 0,040ms
[2021-04-30T09:23:53.776+0300][64,626s][info][gc] Trigger: Free (83656B) is below minimum threshold (13107K)
[2021-04-30T09:23:53.776+0300][64,626s][info][gc] Failed to allocate TLAB, 2760B
[2021-04-30T09:23:53.776+0300][64,626s][info][gc] Cancelling GC: Allocation Failure
[2021-04-30T09:23:53.777+0300][64,626s][info][gc] GC(1620) Concurrent reset 0,194ms
[2021-04-30T09:23:53.777+0300][64,627s][info][gc] GC(1620) Pause Init Mark (process weakrefs) 0,262ms
[2021-04-30T09:23:53.778+0300][64,628s][info][gc] GC(1620) Concurrent marking (process weakrefs) 1,133ms
[2021-04-30T09:23:53.779+0300][64,629s][info][gc] Trigger: Handle Allocation Failure
[2021-04-30T09:23:53.798+0300][64,648s][info][gc] GC(1621) Cancelling GC: Upgrade To Full GC
[2021-04-30T09:23:53.852+0300][64,701s][info][gc] GC(1621) Pause Degenerated GC (Mark) 121M->120M(128M) 71,909ms
[2021-04-30T09:23:53.853+0300][64,702s][info][gc] Trigger: Free (506K) is below minimum threshold (13107K)
[2021-04-30T09:23:53.853+0300][64,702s][info][gc] GC(1622) Concurrent reset 0,059ms
[2021-04-30T09:23:53.853+0300][64,703s][info][gc] GC(1622) Pause Init Mark 0,171ms
[2021-04-30T09:23:53.873+0300][64,723s][info][gc] GC(1622) Concurrent marking 19,573ms
[2021-04-30T09:23:53.874+0300][64,723s][info][gc] GC(1622) Pause Final Mark 0,504ms
[2021-04-30T09:23:53.874+0300][64,723s][info][gc] GC(1622) Concurrent cleanup 121M->121M(128M) 0,038ms
[2021-04-30T09:23:53.875+0300][64,725s][info][gc] GC(1622) Concurrent evacuation 1,311ms
[2021-04-30T09:23:53.875+0300][64,725s][info][gc] GC(1622) Pause Init Update Refs 0,006ms
[2021-04-30T09:23:53.886+0300][64,735s][info][gc] GC(1622) Concurrent update references 10,362ms
[2021-04-30T09:23:53.886+0300][64,735s][info][gc] GC(1622) Pause Final Update Refs 0,088ms
[2021-04-30T09:23:53.886+0300][64,736s][info][gc] GC(1622) Concurrent cleanup 126M->120M(128M) 0,042ms
[2021-04-30T09:23:53.887+0300][64,737s][info][gc] Trigger: Free (439K) is below minimum threshold (13107K)
[2021-04-30T09:23:53.888+0300][64,737s][info][gc] GC(1623) Concurrent reset 0,204ms
[2021-04-30T09:23:53.888+0300][64,738s][info][gc] GC(1623) Pause Init Mark 0,254ms
[2021-04-30T09:23:53.906+0300][64,755s][info][gc] GC(1623) Concurrent marking 17,653ms
[2021-04-30T09:23:53.906+0300][64,756s][info][gc] GC(1623) Pause Final Mark 0,337ms
[2021-04-30T09:23:53.906+0300][64,756s][info][gc] GC(1623) Concurrent cleanup 121M->121M(128M) 0,039ms
[2021-04-30T09:23:53.907+0300][64,756s][info][gc] Failed to allocate TLAB, 2664B
[2021-04-30T09:23:53.907+0300][64,756s][info][gc] Cancelling GC: Allocation Failure
[2021-04-30T09:23:53.907+0300][64,756s][info][gc] GC(1623) Concurrent evacuation 0,413ms
[2021-04-30T09:23:53.908+0300][64,757s][info][gc] Trigger: Handle Allocation Failure
[2021-04-30T09:23:53.918+0300][64,767s][info][gc] GC(1624) Cancelling GC: Upgrade To Full GC
[2021-04-30T09:23:53.970+0300][64,820s][info][gc] GC(1624) Pause Degenerated GC (Evacuation) 122M->120M(128M) 61,912ms
[2021-04-30T09:23:53.972+0300][64,821s][info][gc] Trigger: Free (1008K) is below minimum threshold (13107K)
[2021-04-30T09:23:53.972+0300][64,821s][info][gc] GC(1625) Concurrent reset 0,126ms
[2021-04-30T09:23:53.973+0300][64,822s][info][gc] GC(1625) Pause Init Mark (process weakrefs) 0,430ms
[2021-04-30T09:23:53.996+0300][64,845s][info][gc] GC(1625) Concurrent marking (process weakrefs) 23,243ms
[2021-04-30T09:23:53.996+0300][64,845s][info][gc] GC(1625) Concurrent precleaning 0,123ms
[2021-04-30T09:23:53.996+0300][64,846s][info][gc] GC(1625) Pause Final Mark (process weakrefs) 0,408ms
[2021-04-30T09:23:53.997+0300][64,846s][info][gc] GC(1625) Concurrent cleanup 120M->120M(128M) 0,039ms
[2021-04-30T09:23:53.998+0300][64,847s][info][gc] GC(1625) Concurrent evacuation 1,243ms
[2021-04-30T09:23:53.998+0300][64,847s][info][gc] GC(1625) Pause Init Update Refs 0,005ms
[2021-04-30T09:23:54.008+0300][64,858s][info][gc] GC(1625) Concurrent update references 10,343ms
[2021-04-30T09:23:54.009+0300][64,858s][info][gc] GC(1625) Pause Final Update Refs 0,062ms
[2021-04-30T09:23:54.009+0300][64,858s][info][gc] GC(1625) Concurrent cleanup 126M->120M(128M) 0,049ms
[2021-04-30T09:23:54.010+0300][64,859s][info][gc] Trigger: Free (397K) is below minimum threshold (13107K)
[2021-04-30T09:23:54.010+0300][64,860s][info][gc] GC(1626) Concurrent reset 0,147ms
[2021-04-30T09:23:54.011+0300][64,860s][info][gc] GC(1626) Pause Init Mark 0,186ms
[2021-04-30T09:23:54.027+0300][64,877s][info][gc] GC(1626) Concurrent marking 16,489ms
[2021-04-30T09:23:54.028+0300][64,878s][info][gc] GC(1626) Pause Final Mark 0,992ms
[2021-04-30T09:23:54.028+0300][64,878s][info][gc] Failed to allocate TLAB, 2664B
[2021-04-30T09:23:54.028+0300][64,878s][info][gc] Cancelling GC: Allocation Failure
[2021-04-30T09:23:54.028+0300][64,878s][info][gc] GC(1626) Concurrent cleanup 121M->121M(128M) 0,044ms
[2021-04-30T09:23:54.029+0300][64,878s][info][gc] GC(1626) Concurrent evacuation 0,183ms
[2021-04-30T09:23:54.030+0300][64,879s][info][gc] Trigger: Handle Allocation Failure
[2021-04-30T09:23:54.039+0300][64,889s][info][gc] GC(1627) Cancelling GC: Upgrade To Full GC
[2021-04-30T09:23:54.095+0300][64,944s][info][gc] GC(1627) Pause Degenerated GC (Evacuation) 121M->120M(128M) 65,153ms
[2021-04-30T09:23:54.096+0300][64,946s][info][gc] Trigger: Free (1106K) is below minimum threshold (13107K)
[2021-04-30T09:23:54.096+0300][64,946s][info][gc] GC(1628) Concurrent reset 0,155ms
[2021-04-30T09:23:54.097+0300][64,946s][info][gc] GC(1628) Pause Init Mark 0,200ms
[2021-04-30T09:23:54.117+0300][64,967s][info][gc] GC(1628) Concurrent marking 20,102ms
[2021-04-30T09:23:54.118+0300][64,967s][info][gc] GC(1628) Pause Final Mark 0,498ms
[2021-04-30T09:23:54.118+0300][64,967s][info][gc] GC(1628) Concurrent cleanup 120M->120M(128M) 0,038ms
[2021-04-30T09:23:54.119+0300][64,969s][info][gc] GC(1628) Concurrent evacuation 1,278ms
[2021-04-30T09:23:54.119+0300][64,969s][info][gc] GC(1628) Pause Init Update Refs 0,006ms
[2021-04-30T09:23:54.129+0300][64,978s][info][gc] GC(1628) Concurrent update references 9,200ms
[2021-04-30T09:23:54.129+0300][64,978s][info][gc] GC(1628) Pause Final Update Refs 0,072ms
[2021-04-30T09:23:54.129+0300][64,979s][info][gc] GC(1628) Concurrent cleanup 126M->121M(128M) 0,066ms
[2021-04-30T09:23:54.130+0300][64,980s][info][gc] Trigger: Free (153K) is below minimum threshold (13107K)
[2021-04-30T09:23:54.130+0300][64,980s][info][gc] GC(1629) Concurrent reset 0,191ms
[2021-04-30T09:23:54.131+0300][64,980s][info][gc] GC(1629) Pause Init Mark 0,139ms
[2021-04-30T09:23:54.146+0300][64,996s][info][gc] GC(1629) Concurrent marking 15,271ms
[2021-04-30T09:23:54.147+0300][64,996s][info][gc] GC(1629) Pause Final Mark 0,490ms
[2021-04-30T09:23:54.147+0300][64,996s][info][gc] Failed to allocate TLAB, 2664B
[2021-04-30T09:23:54.147+0300][64,996s][info][gc] Cancelling GC: Allocation Failure
[2021-04-30T09:23:54.147+0300][64,997s][info][gc] GC(1629) Concurrent cleanup 121M->121M(128M) 0,047ms
[2021-04-30T09:23:54.147+0300][64,997s][info][gc] GC(1629) Concurrent evacuation 0,166ms
[2021-04-30T09:23:54.148+0300][64,998s][info][gc] Trigger: Handle Allocation Failure
[2021-04-30T09:23:54.156+0300][65,006s][info][gc] GC(1630) Cancelling GC: Upgrade To Full GC
[2021-04-30T09:23:54.206+0300][65,055s][info][gc] GC(1630) Pause Degenerated GC (Evacuation) 122M->120M(128M) 57,295ms
[2021-04-30T09:23:54.207+0300][65,057s][info][gc] Trigger: Free (1141K) is below minimum threshold (13107K)
[2021-04-30T09:23:54.207+0300][65,057s][info][gc] GC(1631) Concurrent reset 0,175ms
[2021-04-30T09:23:54.208+0300][65,057s][info][gc] GC(1631) Pause Init Mark 0,222ms
[2021-04-30T09:23:54.223+0300][65,073s][info][gc] GC(1631) Concurrent marking 15,232ms
[2021-04-30T09:23:54.225+0300][65,074s][info][gc] GC(1631) Pause Final Mark 0,961ms
[2021-04-30T09:23:54.225+0300][65,074s][info][gc] GC(1631) Concurrent cleanup 120M->120M(128M) 0,040ms
[2021-04-30T09:23:54.226+0300][65,075s][info][gc] GC(1631) Concurrent evacuation 1,254ms
[2021-04-30T09:23:54.226+0300][65,075s][info][gc] GC(1631) Pause Init Update Refs 0,004ms
[2021-04-30T09:23:54.235+0300][65,085s][info][gc] GC(1631) Concurrent update references 9,106ms
[2021-04-30T09:23:54.236+0300][65,085s][info][gc] GC(1631) Pause Final Update Refs 0,178ms
[2021-04-30T09:23:54.236+0300][65,085s][info][gc] GC(1631) Concurrent cleanup 126M->120M(128M) 0,041ms
[2021-04-30T09:23:54.237+0300][65,086s][info][gc] Trigger: Free (510K) is below minimum threshold (13107K)
[2021-04-30T09:23:54.237+0300][65,087s][info][gc] GC(1632) Concurrent reset 0,177ms
[2021-04-30T09:23:54.238+0300][65,087s][info][gc] GC(1632) Pause Init Mark 0,154ms
[2021-04-30T09:23:54.255+0300][65,104s][info][gc] GC(1632) Concurrent marking 17,014ms
[2021-04-30T09:23:54.256+0300][65,105s][info][gc] GC(1632) Pause Final Mark 0,793ms
[2021-04-30T09:23:54.256+0300][65,105s][info][gc] GC(1632) Concurrent cleanup 121M->121M(128M) 0,039ms
[2021-04-30T09:23:54.257+0300][65,106s][info][gc] GC(1632) Concurrent evacuation 1,198ms
[2021-04-30T09:23:54.257+0300][65,107s][info][gc] GC(1632) Pause Init Update Refs 0,005ms
[2021-04-30T09:23:54.272+0300][65,121s][info][gc] GC(1632) Concurrent update references 14,702ms
[2021-04-30T09:23:54.272+0300][65,122s][info][gc] GC(1632) Pause Final Update Refs 0,116ms
[2021-04-30T09:23:54.272+0300][65,122s][info][gc] GC(1632) Concurrent cleanup 126M->120M(128M) 0,057ms
[2021-04-30T09:23:54.274+0300][65,123s][info][gc] Trigger: Free (881K) is below minimum threshold (13107K)
[2021-04-30T09:23:54.274+0300][65,123s][info][gc] GC(1633) Concurrent reset 0,283ms
[2021-04-30T09:23:54.274+0300][65,124s][info][gc] GC(1633) Pause Init Mark 0,284ms
[2021-04-30T09:23:54.290+0300][65,140s][info][gc] GC(1633) Concurrent marking 15,733ms
[2021-04-30T09:23:54.292+0300][65,141s][info][gc] GC(1633) Pause Final Mark 1,219ms
[2021-04-30T09:23:54.292+0300][65,141s][info][gc] GC(1633) Concurrent cleanup 120M->120M(128M) 0,037ms
[2021-04-30T09:23:54.293+0300][65,143s][info][gc] GC(1633) Concurrent evacuation 1,311ms
[2021-04-30T09:23:54.293+0300][65,143s][info][gc] GC(1633) Pause Init Update Refs 0,021ms
[2021-04-30T09:23:54.308+0300][65,158s][info][gc] GC(1633) Concurrent update references 14,704ms
[2021-04-30T09:23:54.309+0300][65,158s][info][gc] GC(1633) Pause Final Update Refs 0,193ms
[2021-04-30T09:23:54.309+0300][65,158s][info][gc] GC(1633) Concurrent cleanup 126M->120M(128M) 0,052ms
[2021-04-30T09:23:54.310+0300][65,159s][info][gc] Trigger: Free (295K) is below minimum threshold (13107K)
[2021-04-30T09:23:54.310+0300][65,160s][info][gc] GC(1634) Concurrent reset 0,315ms
[2021-04-30T09:23:54.310+0300][65,160s][info][gc] Failed to allocate TLAB, 14288B
[2021-04-30T09:23:54.310+0300][65,160s][info][gc] Cancelling GC: Allocation Failure
[2021-04-30T09:23:54.311+0300][65,161s][info][gc] GC(1634) Pause Init Mark 0,434ms
[2021-04-30T09:23:54.312+0300][65,162s][info][gc] GC(1634) Concurrent marking 1,158ms
[2021-04-30T09:23:54.314+0300][65,163s][info][gc] Trigger: Handle Allocation Failure
[2021-04-30T09:23:54.333+0300][65,182s][info][gc] GC(1635) Cancelling GC: Upgrade To Full GC
[2021-04-30T09:23:54.391+0300][65,241s][info][gc] GC(1635) Pause Degenerated GC (Mark) 121M->120M(128M) 77,473ms
[2021-04-30T09:23:54.392+0300][65,242s][info][gc] Trigger: Free (559K) is below minimum threshold (13107K)
[2021-04-30T09:23:54.393+0300][65,242s][info][gc] GC(1636) Concurrent reset 0,116ms
[2021-04-30T09:23:54.393+0300][65,242s][info][gc] GC(1636) Pause Init Mark 0,179ms
[2021-04-30T09:23:54.411+0300][65,260s][info][gc] GC(1636) Concurrent marking 18,080ms
[2021-04-30T09:23:54.412+0300][65,261s][info][gc] GC(1636) Pause Final Mark 0,639ms
[2021-04-30T09:23:54.412+0300][65,261s][info][gc] GC(1636) Concurrent cleanup 120M->120M(128M) 0,039ms
[2021-04-30T09:23:54.414+0300][65,263s][info][gc] GC(1636) Concurrent evacuation 1,864ms
[2021-04-30T09:23:54.414+0300][65,263s][info][gc] GC(1636) Pause Init Update Refs 0,008ms
[2021-04-30T09:23:54.424+0300][65,274s][info][gc] GC(1636) Concurrent update references 10,373ms
[2021-04-30T09:23:54.425+0300][65,274s][info][gc] GC(1636) Pause Final Update Refs 0,086ms
[2021-04-30T09:23:54.425+0300][65,274s][info][gc] GC(1636) Concurrent cleanup 126M->120M(128M) 0,050ms
[2021-04-30T09:23:54.426+0300][65,275s][info][gc] Trigger: Free (878K) is below minimum threshold (13107K)
[2021-04-30T09:23:54.426+0300][65,276s][info][gc] GC(1637) Concurrent reset 0,277ms
[2021-04-30T09:23:54.427+0300][65,276s][info][gc] GC(1637) Pause Init Mark 0,199ms
[2021-04-30T09:23:54.443+0300][65,292s][info][gc] GC(1637) Concurrent marking 16,184ms
[2021-04-30T09:23:54.444+0300][65,293s][info][gc] GC(1637) Pause Final Mark 0,646ms
[2021-04-30T09:23:54.444+0300][65,293s][info][gc] GC(1637) Concurrent cleanup 120M->120M(128M) 0,042ms
[2021-04-30T09:23:54.445+0300][65,294s][info][gc] GC(1637) Concurrent evacuation 1,253ms
[2021-04-30T09:23:54.445+0300][65,295s][info][gc] GC(1637) Pause Init Update Refs 0,021ms
[2021-04-30T09:23:54.454+0300][65,303s][info][gc] GC(1637) Concurrent update references 8,741ms
[2021-04-30T09:23:54.454+0300][65,304s][info][gc] GC(1637) Pause Final Update Refs 0,163ms
[2021-04-30T09:23:54.454+0300][65,304s][info][gc] GC(1637) Concurrent cleanup 126M->120M(128M) 0,038ms
[2021-04-30T09:23:54.456+0300][65,305s][info][gc] Trigger: Free (424K) is below minimum threshold (13107K)
[2021-04-30T09:23:54.456+0300][65,305s][info][gc] GC(1638) Concurrent reset 0,177ms
[2021-04-30T09:23:54.456+0300][65,306s][info][gc] GC(1638) Pause Init Mark 0,313ms
[2021-04-30T09:23:54.471+0300][65,321s][info][gc] GC(1638) Concurrent marking 15,138ms
[2021-04-30T09:23:54.472+0300][65,322s][info][gc] GC(1638) Pause Final Mark 0,750ms
[2021-04-30T09:23:54.472+0300][65,322s][info][gc] GC(1638) Concurrent cleanup 121M->121M(128M) 0,041ms
[2021-04-30T09:23:54.472+0300][65,322s][info][gc] Failed to allocate TLAB, 2664B
[2021-04-30T09:23:54.472+0300][65,322s][info][gc] Cancelling GC: Allocation Failure
[2021-04-30T09:23:54.473+0300][65,322s][info][gc] GC(1638) Concurrent evacuation 0,116ms
[2021-04-30T09:23:54.474+0300][65,323s][info][gc] Trigger: Handle Allocation Failure
[2021-04-30T09:23:54.482+0300][65,331s][info][gc] GC(1639) Cancelling GC: Upgrade To Full GC
[2021-04-30T09:23:54.536+0300][65,385s][info][gc] GC(1639) Pause Degenerated GC (Evacuation) 121M->120M(128M) 61,574ms
[2021-04-30T09:23:54.537+0300][65,386s][info][gc] Trigger: Free (1017K) is below minimum threshold (13107K)
[2021-04-30T09:23:54.537+0300][65,387s][info][gc] GC(1640) Concurrent reset 0,085ms
[2021-04-30T09:23:54.538+0300][65,387s][info][gc] GC(1640) Pause Init Mark (process weakrefs) 0,378ms
[2021-04-30T09:23:54.556+0300][65,405s][info][gc] GC(1640) Concurrent marking (process weakrefs) 18,105ms
[2021-04-30T09:23:54.556+0300][65,406s][info][gc] GC(1640) Concurrent precleaning 0,127ms
[2021-04-30T09:23:54.557+0300][65,407s][info][gc] GC(1640) Pause Final Mark (process weakrefs) 1,092ms
[2021-04-30T09:23:54.558+0300][65,407s][info][gc] GC(1640) Concurrent cleanup 120M->120M(128M) 0,040ms
[2021-04-30T09:23:54.559+0300][65,408s][info][gc] GC(1640) Concurrent evacuation 1,327ms
[2021-04-30T09:23:54.559+0300][65,408s][info][gc] GC(1640) Pause Init Update Refs 0,004ms
[2021-04-30T09:23:54.570+0300][65,419s][info][gc] GC(1640) Concurrent update references 10,666ms
[2021-04-30T09:23:54.570+0300][65,420s][info][gc] GC(1640) Pause Final Update Refs 0,160ms
[2021-04-30T09:23:54.570+0300][65,420s][info][gc] GC(1640) Concurrent cleanup 126M->120M(128M) 0,041ms
[2021-04-30T09:23:54.571+0300][65,421s][info][gc] Trigger: Free (45504B) is below minimum threshold (13107K)
[2021-04-30T09:23:54.572+0300][65,421s][info][gc] Failed to allocate TLAB, 19632B
[2021-04-30T09:23:54.572+0300][65,421s][info][gc] Cancelling GC: Allocation Failure
[2021-04-30T09:23:54.572+0300][65,421s][info][gc] GC(1641) Concurrent reset 0,169ms
[2021-04-30T09:23:54.572+0300][65,421s][info][gc] GC(1641) Pause Init Mark 0,164ms
[2021-04-30T09:23:54.573+0300][65,423s][info][gc] GC(1641) Concurrent marking 1,169ms
[2021-04-30T09:23:54.575+0300][65,425s][info][gc] Trigger: Handle Allocation Failure
[2021-04-30T09:23:54.598+0300][65,447s][info][gc] GC(1642) Cancelling GC: Upgrade To Full GC
[2021-04-30T09:23:54.649+0300][65,499s][info][gc] GC(1642) Pause Degenerated GC (Mark) 121M->120M(128M) 73,518ms
[2021-04-30T09:23:54.650+0300][65,500s][info][gc] Trigger: Free (992K) is below minimum threshold (13107K)
[2021-04-30T09:23:54.651+0300][65,500s][info][gc] GC(1643) Concurrent reset 0,071ms
[2021-04-30T09:23:54.651+0300][65,501s][info][gc] GC(1643) Pause Init Mark 0,293ms
[2021-04-30T09:23:54.668+0300][65,517s][info][gc] GC(1643) Concurrent marking 16,409ms
[2021-04-30T09:23:54.669+0300][65,518s][info][gc] GC(1643) Pause Final Mark 0,729ms
[2021-04-30T09:23:54.669+0300][65,518s][info][gc] GC(1643) Concurrent cleanup 120M->120M(128M) 0,038ms
[2021-04-30T09:23:54.670+0300][65,519s][info][gc] GC(1643) Concurrent evacuation 1,191ms
[2021-04-30T09:23:54.670+0300][65,519s][info][gc] GC(1643) Pause Init Update Refs 0,004ms
[2021-04-30T09:23:54.680+0300][65,530s][info][gc] GC(1643) Concurrent update references 10,028ms
[2021-04-30T09:23:54.680+0300][65,530s][info][gc] GC(1643) Pause Final Update Refs 0,082ms
[2021-04-30T09:23:54.681+0300][65,530s][info][gc] GC(1643) Concurrent cleanup 125M->120M(128M) 0,041ms
[2021-04-30T09:23:54.682+0300][65,531s][info][gc] Trigger: Free (534K) is below minimum threshold (13107K)
[2021-04-30T09:23:54.682+0300][65,531s][info][gc] GC(1644) Concurrent reset 0,187ms
[2021-04-30T09:23:54.682+0300][65,532s][info][gc] GC(1644) Pause Init Mark 0,200ms
[2021-04-30T09:23:54.701+0300][65,550s][info][gc] GC(1644) Concurrent marking 18,514ms
[2021-04-30T09:23:54.702+0300][65,551s][info][gc] GC(1644) Pause Final Mark 0,881ms
[2021-04-30T09:23:54.702+0300][65,551s][info][gc] GC(1644) Concurrent cleanup 121M->121M(128M) 0,040ms
[2021-04-30T09:23:54.703+0300][65,553s][info][gc] GC(1644) Concurrent evacuation 1,385ms
[2021-04-30T09:23:54.704+0300][65,553s][info][gc] GC(1644) Pause Init Update Refs 0,006ms
[2021-04-30T09:23:54.714+0300][65,563s][info][gc] GC(1644) Concurrent update references 10,187ms
[2021-04-30T09:23:54.714+0300][65,564s][info][gc] GC(1644) Pause Final Update Refs 0,225ms
[2021-04-30T09:23:54.714+0300][65,564s][info][gc] GC(1644) Concurrent cleanup 126M->120M(128M) 0,050ms
[2021-04-30T09:23:54.716+0300][65,565s][info][gc] Trigger: Free (557K) is below minimum threshold (13107K)
[2021-04-30T09:23:54.716+0300][65,565s][info][gc] GC(1645) Concurrent reset 0,134ms
[2021-04-30T09:23:54.716+0300][65,565s][info][gc] GC(1645) Pause Init Mark (process weakrefs) 0,164ms
[2021-04-30T09:23:54.732+0300][65,582s][info][gc] GC(1645) Concurrent marking (process weakrefs) 16,084ms
[2021-04-30T09:23:54.732+0300][65,582s][info][gc] GC(1645) Concurrent precleaning 0,099ms
[2021-04-30T09:23:54.734+0300][65,583s][info][gc] GC(1645) Pause Final Mark (process weakrefs) 1,198ms
[2021-04-30T09:23:54.734+0300][65,583s][info][gc] GC(1645) Concurrent cleanup 121M->121M(128M) 0,043ms
[2021-04-30T09:23:54.736+0300][65,586s][info][gc] GC(1645) Concurrent evacuation 2,273ms
[2021-04-30T09:23:54.736+0300][65,586s][info][gc] GC(1645) Pause Init Update Refs 0,011ms
[2021-04-30T09:23:54.746+0300][65,595s][info][gc] GC(1645) Concurrent update references 9,207ms
[2021-04-30T09:23:54.746+0300][65,595s][info][gc] GC(1645) Pause Final Update Refs 0,096ms
[2021-04-30T09:23:54.746+0300][65,596s][info][gc] GC(1645) Concurrent cleanup 126M->120M(128M) 0,055ms
[2021-04-30T09:23:54.747+0300][65,597s][info][gc] Trigger: Free (637K) is below minimum threshold (13107K)
[2021-04-30T09:23:54.747+0300][65,597s][info][gc] GC(1646) Concurrent reset 0,137ms
[2021-04-30T09:23:54.748+0300][65,597s][info][gc] GC(1646) Pause Init Mark 0,157ms
[2021-04-30T09:23:54.765+0300][65,615s][info][gc] GC(1646) Concurrent marking 17,642ms
[2021-04-30T09:23:54.767+0300][65,616s][info][gc] GC(1646) Pause Final Mark 1,028ms
[2021-04-30T09:23:54.767+0300][65,616s][info][gc] GC(1646) Concurrent cleanup 121M->121M(128M) 0,038ms
[2021-04-30T09:23:54.769+0300][65,618s][info][gc] GC(1646) Concurrent evacuation 2,006ms
[2021-04-30T09:23:54.769+0300][65,618s][info][gc] GC(1646) Pause Init Update Refs 0,006ms
[2021-04-30T09:23:54.779+0300][65,628s][info][gc] GC(1646) Concurrent update references 9,463ms
[2021-04-30T09:23:54.779+0300][65,628s][info][gc] GC(1646) Pause Final Update Refs 0,095ms
[2021-04-30T09:23:54.779+0300][65,628s][info][gc] GC(1646) Concurrent cleanup 126M->120M(128M) 0,039ms
[2021-04-30T09:23:54.780+0300][65,630s][info][gc] Trigger: Free (569K) is below minimum threshold (13107K)
[2021-04-30T09:23:54.780+0300][65,630s][info][gc] GC(1647) Concurrent reset 0,169ms
[2021-04-30T09:23:54.781+0300][65,630s][info][gc] GC(1647) Pause Init Mark 0,209ms
[2021-04-30T09:23:54.797+0300][65,646s][info][gc] GC(1647) Concurrent marking 16,242ms
[2021-04-30T09:23:54.798+0300][65,647s][info][gc] GC(1647) Pause Final Mark 0,927ms
[2021-04-30T09:23:54.798+0300][65,648s][info][gc] GC(1647) Concurrent cleanup 121M->121M(128M) 0,037ms
[2021-04-30T09:23:54.799+0300][65,649s][info][gc] GC(1647) Concurrent evacuation 1,276ms
[2021-04-30T09:23:54.800+0300][65,649s][info][gc] GC(1647) Pause Init Update Refs 0,006ms
[2021-04-30T09:23:54.809+0300][65,659s][info][gc] GC(1647) Concurrent update references 9,555ms
[2021-04-30T09:23:54.810+0300][65,659s][info][gc] GC(1647) Pause Final Update Refs 0,084ms
[2021-04-30T09:23:54.810+0300][65,659s][info][gc] GC(1647) Concurrent cleanup 126M->120M(128M) 0,044ms
[2021-04-30T09:23:54.811+0300][65,660s][info][gc] Trigger: Free (734K) is below minimum threshold (13107K)
[2021-04-30T09:23:54.811+0300][65,660s][info][gc] GC(1648) Concurrent reset 0,173ms
[2021-04-30T09:23:54.811+0300][65,661s][info][gc] GC(1648) Pause Init Mark 0,228ms
[2021-04-30T09:23:54.829+0300][65,678s][info][gc] GC(1648) Concurrent marking 17,633ms
[2021-04-30T09:23:54.830+0300][65,680s][info][gc] GC(1648) Pause Final Mark 0,958ms
[2021-04-30T09:23:54.830+0300][65,680s][info][gc] GC(1648) Concurrent cleanup 121M->121M(128M) 0,037ms
[2021-04-30T09:23:54.833+0300][65,682s][info][gc] GC(1648) Concurrent evacuation 2,660ms
[2021-04-30T09:23:54.833+0300][65,683s][info][gc] GC(1648) Pause Init Update Refs 0,006ms
[2021-04-30T09:23:54.843+0300][65,692s][info][gc] GC(1648) Concurrent update references 9,728ms
[2021-04-30T09:23:54.843+0300][65,693s][info][gc] GC(1648) Pause Final Update Refs 0,159ms
[2021-04-30T09:23:54.843+0300][65,693s][info][gc] GC(1648) Concurrent cleanup 126M->120M(128M) 0,043ms
[2021-04-30T09:23:54.844+0300][65,694s][info][gc] Failed to allocate TLAB, 2672B
[2021-04-30T09:23:54.844+0300][65,694s][info][gc] Cancelling GC: Allocation Failure
[2021-04-30T09:23:54.844+0300][65,694s][info][gc] Trigger: Handle Allocation Failure
[2021-04-30T09:23:54.870+0300][65,720s][info][gc] GC(1649) Cancelling GC: Upgrade To Full GC
[2021-04-30T09:23:54.927+0300][65,777s][info][gc] GC(1649) Pause Degenerated GC (Outside of Cycle) 121M->120M(128M) 82,793ms
[2021-04-30T09:23:54.929+0300][65,778s][info][gc] Trigger: Free (888K) is below minimum threshold (13107K)
[2021-04-30T09:23:54.929+0300][65,778s][info][gc] GC(1650) Concurrent reset 0,073ms
[2021-04-30T09:23:54.929+0300][65,779s][info][gc] GC(1650) Pause Init Mark (process weakrefs) 0,307ms
[2021-04-30T09:23:54.950+0300][65,799s][info][gc] GC(1650) Concurrent marking (process weakrefs) 20,443ms
[2021-04-30T09:23:54.950+0300][65,799s][info][gc] GC(1650) Concurrent precleaning 0,138ms
[2021-04-30T09:23:54.951+0300][65,800s][info][gc] GC(1650) Pause Final Mark (process weakrefs) 0,401ms
[2021-04-30T09:23:54.951+0300][65,800s][info][gc] GC(1650) Concurrent cleanup 120M->120M(128M) 0,039ms
[2021-04-30T09:23:54.952+0300][65,802s][info][gc] GC(1650) Concurrent evacuation 1,828ms
[2021-04-30T09:23:54.953+0300][65,802s][info][gc] GC(1650) Pause Init Update Refs 0,005ms
[2021-04-30T09:23:54.962+0300][65,812s][info][gc] GC(1650) Concurrent update references 9,740ms
[2021-04-30T09:23:54.963+0300][65,812s][info][gc] GC(1650) Pause Final Update Refs 0,118ms
[2021-04-30T09:23:54.963+0300][65,812s][info][gc] GC(1650) Concurrent cleanup 126M->121M(128M) 0,054ms
[2021-04-30T09:23:54.964+0300][65,814s][info][gc] Trigger: Free (404K) is below minimum threshold (13107K)
[2021-04-30T09:23:54.964+0300][65,814s][info][gc] GC(1651) Concurrent reset 0,272ms
[2021-04-30T09:23:54.965+0300][65,814s][info][gc] GC(1651) Pause Init Mark 0,245ms
[2021-04-30T09:23:54.981+0300][65,830s][info][gc] GC(1651) Concurrent marking 15,580ms
[2021-04-30T09:23:54.981+0300][65,831s][info][gc] GC(1651) Pause Final Mark 0,379ms
[2021-04-30T09:23:54.981+0300][65,831s][info][gc] GC(1651) Concurrent cleanup 121M->121M(128M) 0,038ms
[2021-04-30T09:23:54.983+0300][65,832s][info][gc] GC(1651) Concurrent evacuation 1,195ms
[2021-04-30T09:23:54.983+0300][65,832s][info][gc] GC(1651) Pause Init Update Refs 0,021ms
[2021-04-30T09:23:54.992+0300][65,841s][info][gc] GC(1651) Concurrent update references 8,787ms
[2021-04-30T09:23:54.992+0300][65,842s][info][gc] GC(1651) Pause Final Update Refs 0,154ms
[2021-04-30T09:23:54.992+0300][65,842s][info][gc] GC(1651) Concurrent cleanup 126M->120M(128M) 0,054ms
[2021-04-30T09:23:54.993+0300][65,843s][info][gc] Trigger: Free (759K) is below minimum threshold (13107K)
[2021-04-30T09:23:54.994+0300][65,843s][info][gc] GC(1652) Concurrent reset 0,136ms
[2021-04-30T09:23:54.994+0300][65,844s][info][gc] GC(1652) Pause Init Mark 0,307ms
[2021-04-30T09:23:55.009+0300][65,859s][info][gc] GC(1652) Concurrent marking 15,077ms
[2021-04-30T09:23:55.010+0300][65,859s][info][gc] GC(1652) Pause Final Mark 0,377ms
[2021-04-30T09:23:55.010+0300][65,859s][info][gc] GC(1652) Concurrent cleanup 120M->120M(128M) 0,036ms
[2021-04-30T09:23:55.011+0300][65,861s][info][gc] GC(1652) Concurrent evacuation 1,278ms
[2021-04-30T09:23:55.011+0300][65,861s][info][gc] GC(1652) Pause Init Update Refs 0,021ms
[2021-04-30T09:23:55.020+0300][65,870s][info][gc] GC(1652) Concurrent update references 8,985ms
[2021-04-30T09:23:55.021+0300][65,870s][info][gc] GC(1652) Pause Final Update Refs 0,231ms
[2021-04-30T09:23:55.021+0300][65,871s][info][gc] GC(1652) Concurrent cleanup 126M->120M(128M) 0,048ms
[2021-04-30T09:23:55.022+0300][65,872s][info][gc] Trigger: Free (607K) is below minimum threshold (13107K)
[2021-04-30T09:23:55.022+0300][65,872s][info][gc] GC(1653) Concurrent reset 0,174ms
[2021-04-30T09:23:55.023+0300][65,872s][info][gc] GC(1653) Pause Init Mark 0,289ms
[2021-04-30T09:23:55.038+0300][65,887s][info][gc] GC(1653) Concurrent marking 15,006ms
[2021-04-30T09:23:55.039+0300][65,888s][info][gc] GC(1653) Pause Final Mark 0,422ms
[2021-04-30T09:23:55.039+0300][65,888s][info][gc] GC(1653) Concurrent cleanup 120M->120M(128M) 0,037ms
[2021-04-30T09:23:55.041+0300][65,891s][info][gc] GC(1653) Concurrent evacuation 2,482ms
[2021-04-30T09:23:55.041+0300][65,891s][info][gc] GC(1653) Pause Init Update Refs 0,005ms
[2021-04-30T09:23:55.053+0300][65,902s][info][gc] GC(1653) Concurrent update references 11,517ms
[2021-04-30T09:23:55.053+0300][65,902s][info][gc] GC(1653) Pause Final Update Refs 0,122ms
[2021-04-30T09:23:55.053+0300][65,903s][info][gc] GC(1653) Concurrent cleanup 126M->120M(128M) 0,040ms
[2021-04-30T09:23:55.054+0300][65,904s][info][gc] Trigger: Free (499K) is below minimum threshold (13107K)
[2021-04-30T09:23:55.054+0300][65,904s][info][gc] GC(1654) Concurrent reset 0,186ms
[2021-04-30T09:23:55.055+0300][65,904s][info][gc] GC(1654) Pause Init Mark 0,187ms
[2021-04-30T09:23:55.072+0300][65,922s][info][gc] GC(1654) Concurrent marking 17,342ms
[2021-04-30T09:23:55.073+0300][65,923s][info][gc] GC(1654) Pause Final Mark 0,846ms
[2021-04-30T09:23:55.073+0300][65,923s][info][gc] GC(1654) Concurrent cleanup 121M->121M(128M) 0,040ms
[2021-04-30T09:23:55.075+0300][65,924s][info][gc] GC(1654) Concurrent evacuation 1,288ms
[2021-04-30T09:23:55.075+0300][65,924s][info][gc] GC(1654) Pause Init Update Refs 0,005ms
[2021-04-30T09:23:55.085+0300][65,934s][info][gc] GC(1654) Concurrent update references 10,064ms
[2021-04-30T09:23:55.085+0300][65,935s][info][gc] GC(1654) Pause Final Update Refs 0,080ms
[2021-04-30T09:23:55.085+0300][65,935s][info][gc] GC(1654) Concurrent cleanup 126M->120M(128M) 0,056ms
[2021-04-30T09:23:55.086+0300][65,936s][info][gc] Trigger: Free (503K) is below minimum threshold (13107K)
[2021-04-30T09:23:55.087+0300][65,936s][info][gc] GC(1655) Concurrent reset 0,135ms
[2021-04-30T09:23:55.087+0300][65,936s][info][gc] GC(1655) Pause Init Mark (process weakrefs) 0,175ms
[2021-04-30T09:23:55.105+0300][65,955s][info][gc] GC(1655) Concurrent marking (process weakrefs) 18,280ms
[2021-04-30T09:23:55.105+0300][65,955s][info][gc] GC(1655) Concurrent precleaning 0,075ms
[2021-04-30T09:23:55.106+0300][65,956s][info][gc] GC(1655) Pause Final Mark (process weakrefs) 0,966ms
[2021-04-30T09:23:55.106+0300][65,956s][info][gc] GC(1655) Concurrent cleanup 121M->121M(128M) 0,038ms
[2021-04-30T09:23:55.108+0300][65,958s][info][gc] GC(1655) Concurrent evacuation 1,767ms
[2021-04-30T09:23:55.108+0300][65,958s][info][gc] GC(1655) Pause Init Update Refs 0,006ms
[2021-04-30T09:23:55.118+0300][65,968s][info][gc] GC(1655) Concurrent update references 9,742ms
[2021-04-30T09:23:55.119+0300][65,968s][info][gc] GC(1655) Pause Final Update Refs 0,117ms
[2021-04-30T09:23:55.119+0300][65,968s][info][gc] GC(1655) Concurrent cleanup 126M->120M(128M) 0,056ms
[2021-04-30T09:23:55.120+0300][65,969s][info][gc] Trigger: Free (611K) is below minimum threshold (13107K)
[2021-04-30T09:23:55.120+0300][65,970s][info][gc] GC(1656) Concurrent reset 0,153ms
[2021-04-30T09:23:55.120+0300][65,970s][info][gc] GC(1656) Pause Init Mark 0,189ms
[2021-04-30T09:23:55.136+0300][65,986s][info][gc] GC(1656) Concurrent marking 15,799ms
[2021-04-30T09:23:55.137+0300][65,987s][info][gc] GC(1656) Pause Final Mark 0,892ms
[2021-04-30T09:23:55.137+0300][65,987s][info][gc] GC(1656) Concurrent cleanup 121M->121M(128M) 0,039ms
[2021-04-30T09:23:55.139+0300][65,988s][info][gc] GC(1656) Concurrent evacuation 1,235ms
[2021-04-30T09:23:55.139+0300][65,988s][info][gc] GC(1656) Pause Init Update Refs 0,006ms
[2021-04-30T09:23:55.148+0300][65,998s][info][gc] GC(1656) Concurrent update references 9,438ms
[2021-04-30T09:23:55.149+0300][65,998s][info][gc] GC(1656) Pause Final Update Refs 0,166ms
[2021-04-30T09:23:55.149+0300][65,998s][info][gc] GC(1656) Concurrent cleanup 126M->121M(128M) 0,070ms
[2021-04-30T09:23:55.149+0300][65,999s][info][gc] Failed to allocate TLAB, 8784B
[2021-04-30T09:23:55.149+0300][65,999s][info][gc] Cancelling GC: Allocation Failure
[2021-04-30T09:23:55.150+0300][66,000s][info][gc] Trigger: Handle Allocation Failure
[2021-04-30T09:23:55.172+0300][66,022s][info][gc] GC(1657) Cancelling GC: Upgrade To Full GC
[2021-04-30T09:23:55.223+0300][66,073s][info][gc] GC(1657) Pause Degenerated GC (Outside of Cycle) 121M->120M(128M) 72,878ms
[2021-04-30T09:23:55.224+0300][66,074s][info][gc] Trigger: Free (566K) is below minimum threshold (13107K)
[2021-04-30T09:23:55.225+0300][66,074s][info][gc] GC(1658) Concurrent reset 0,085ms
[2021-04-30T09:23:55.225+0300][66,074s][info][gc] GC(1658) Pause Init Mark 0,231ms
[2021-04-30T09:23:55.241+0300][66,090s][info][gc] GC(1658) Concurrent marking 15,549ms
[2021-04-30T09:23:55.241+0300][66,091s][info][gc] GC(1658) Pause Final Mark 0,398ms
[2021-04-30T09:23:55.241+0300][66,091s][info][gc] GC(1658) Concurrent cleanup 120M->120M(128M) 0,040ms
[2021-04-30T09:23:55.243+0300][66,092s][info][gc] GC(1658) Concurrent evacuation 1,291ms
[2021-04-30T09:23:55.243+0300][66,092s][info][gc] GC(1658) Pause Init Update Refs 0,006ms
[2021-04-30T09:23:55.253+0300][66,102s][info][gc] GC(1658) Concurrent update references 10,045ms
[2021-04-30T09:23:55.253+0300][66,103s][info][gc] GC(1658) Pause Final Update Refs 0,216ms
[2021-04-30T09:23:55.254+0300][66,103s][info][gc] GC(1658) Concurrent cleanup 126M->120M(128M) 0,044ms
[2021-04-30T09:23:55.255+0300][66,104s][info][gc] Trigger: Free (629K) is below minimum threshold (13107K)
[2021-04-30T09:23:55.255+0300][66,104s][info][gc] GC(1659) Concurrent reset 0,244ms
[2021-04-30T09:23:55.256+0300][66,105s][info][gc] GC(1659) Pause Init Mark 0,297ms
[2021-04-30T09:23:55.272+0300][66,121s][info][gc] GC(1659) Concurrent marking 15,972ms
[2021-04-30T09:23:55.272+0300][66,122s][info][gc] GC(1659) Pause Final Mark 0,450ms
[2021-04-30T09:23:55.272+0300][66,122s][info][gc] GC(1659) Concurrent cleanup 120M->120M(128M) 0,038ms
[2021-04-30T09:23:55.274+0300][66,123s][info][gc] GC(1659) Concurrent evacuation 1,254ms
[2021-04-30T09:23:55.274+0300][66,123s][info][gc] GC(1659) Pause Init Update Refs 0,021ms
[2021-04-30T09:23:55.283+0300][66,132s][info][gc] GC(1659) Concurrent update references 9,000ms
[2021-04-30T09:23:55.283+0300][66,133s][info][gc] GC(1659) Pause Final Update Refs 0,220ms
[2021-04-30T09:23:55.284+0300][66,133s][info][gc] GC(1659) Concurrent cleanup 126M->120M(128M) 0,042ms
[2021-04-30T09:23:55.285+0300][66,134s][info][gc] Trigger: Free (422K) is below minimum threshold (13107K)
[2021-04-30T09:23:55.285+0300][66,135s][info][gc] GC(1660) Concurrent reset 0,281ms
[2021-04-30T09:23:55.286+0300][66,135s][info][gc] GC(1660) Pause Init Mark (process weakrefs) 0,291ms
[2021-04-30T09:23:55.302+0300][66,151s][info][gc] GC(1660) Concurrent marking (process weakrefs) 16,051ms
[2021-04-30T09:23:55.302+0300][66,151s][info][gc] GC(1660) Concurrent precleaning 0,193ms
[2021-04-30T09:23:55.303+0300][66,152s][info][gc] GC(1660) Pause Final Mark (process weakrefs) 0,746ms
[2021-04-30T09:23:55.303+0300][66,153s][info][gc] GC(1660) Concurrent cleanup 121M->121M(128M) 0,039ms
[2021-04-30T09:23:55.304+0300][66,154s][info][gc] GC(1660) Concurrent evacuation 1,314ms
[2021-04-30T09:23:55.305+0300][66,154s][info][gc] GC(1660) Pause Init Update Refs 0,006ms
[2021-04-30T09:23:55.315+0300][66,164s][info][gc] GC(1660) Concurrent update references 10,120ms
[2021-04-30T09:23:55.315+0300][66,164s][info][gc] GC(1660) Pause Final Update Refs 0,110ms
[2021-04-30T09:23:55.315+0300][66,165s][info][gc] GC(1660) Concurrent cleanup 126M->120M(128M) 0,048ms
[2021-04-30T09:23:55.316+0300][66,166s][info][gc] Trigger: Free (609K) is below minimum threshold (13107K)
[2021-04-30T09:23:55.317+0300][66,166s][info][gc] GC(1661) Concurrent reset 0,281ms
[2021-04-30T09:23:55.317+0300][66,166s][info][gc] GC(1661) Pause Init Mark 0,177ms
[2021-04-30T09:23:55.334+0300][66,184s][info][gc] GC(1661) Concurrent marking 17,431ms
[2021-04-30T09:23:55.335+0300][66,185s][info][gc] GC(1661) Pause Final Mark 0,489ms
[2021-04-30T09:23:55.335+0300][66,185s][info][gc] GC(1661) Concurrent cleanup 120M->120M(128M) 0,038ms
[2021-04-30T09:23:55.337+0300][66,186s][info][gc] GC(1661) Concurrent evacuation 1,525ms
[2021-04-30T09:23:55.337+0300][66,186s][info][gc] GC(1661) Pause Init Update Refs 0,005ms
[2021-04-30T09:23:55.346+0300][66,196s][info][gc] GC(1661) Concurrent update references 9,369ms
[2021-04-30T09:23:55.347+0300][66,196s][info][gc] GC(1661) Pause Final Update Refs 0,135ms
[2021-04-30T09:23:55.347+0300][66,196s][info][gc] GC(1661) Concurrent cleanup 126M->120M(128M) 0,041ms
[2021-04-30T09:23:55.348+0300][66,197s][info][gc] Trigger: Free (880K) is below minimum threshold (13107K)
[2021-04-30T09:23:55.348+0300][66,198s][info][gc] GC(1662) Concurrent reset 0,212ms
[2021-04-30T09:23:55.349+0300][66,198s][info][gc] GC(1662) Pause Init Mark 0,309ms
[2021-04-30T09:23:55.373+0300][66,222s][info][gc] GC(1662) Concurrent marking 24,003ms
[2021-04-30T09:23:55.373+0300][66,223s][info][gc] GC(1662) Pause Final Mark 0,383ms
[2021-04-30T09:23:55.373+0300][66,223s][info][gc] GC(1662) Concurrent cleanup 120M->120M(128M) 0,037ms
[2021-04-30T09:23:55.375+0300][66,224s][info][gc] GC(1662) Concurrent evacuation 1,284ms
[2021-04-30T09:23:55.375+0300][66,224s][info][gc] GC(1662) Pause Init Update Refs 0,006ms
[2021-04-30T09:23:55.385+0300][66,235s][info][gc] GC(1662) Concurrent update references 10,363ms
[2021-04-30T09:23:55.385+0300][66,235s][info][gc] GC(1662) Pause Final Update Refs 0,088ms
[2021-04-30T09:23:55.386+0300][66,235s][info][gc] GC(1662) Concurrent cleanup 126M->121M(128M) 0,039ms
[2021-04-30T09:23:55.387+0300][66,236s][info][gc] Trigger: Free (370K) is below minimum threshold (13107K)
[2021-04-30T09:23:55.387+0300][66,236s][info][gc] GC(1663) Concurrent reset 0,177ms
[2021-04-30T09:23:55.387+0300][66,237s][info][gc] GC(1663) Pause Init Mark 0,183ms
[2021-04-30T09:23:55.411+0300][66,261s][info][gc] GC(1663) Concurrent marking 23,791ms
[2021-04-30T09:23:55.412+0300][66,261s][info][gc] GC(1663) Pause Final Mark 0,730ms
[2021-04-30T09:23:55.412+0300][66,262s][info][gc] GC(1663) Concurrent cleanup 121M->121M(128M) 0,039ms
[2021-04-30T09:23:55.414+0300][66,263s][info][gc] GC(1663) Concurrent evacuation 1,613ms
[2021-04-30T09:23:55.414+0300][66,263s][info][gc] GC(1663) Pause Init Update Refs 0,006ms
[2021-04-30T09:23:55.423+0300][66,272s][info][gc] GC(1663) Concurrent update references 8,866ms
[2021-04-30T09:23:55.423+0300][66,273s][info][gc] GC(1663) Pause Final Update Refs 0,072ms
[2021-04-30T09:23:55.423+0300][66,273s][info][gc] GC(1663) Concurrent cleanup 126M->120M(128M) 0,038ms
[2021-04-30T09:23:55.424+0300][66,274s][info][gc] Trigger: Free (587K) is below minimum threshold (13107K)
[2021-04-30T09:23:55.425+0300][66,274s][info][gc] GC(1664) Concurrent reset 0,202ms
[2021-04-30T09:23:55.425+0300][66,274s][info][gc] GC(1664) Pause Init Mark 0,133ms
[2021-04-30T09:23:55.442+0300][66,291s][info][gc] GC(1664) Concurrent marking 16,555ms
[2021-04-30T09:23:55.442+0300][66,291s][info][gc] GC(1664) Pause Final Mark 0,370ms
[2021-04-30T09:23:55.442+0300][66,292s][info][gc] GC(1664) Concurrent cleanup 121M->121M(128M) 0,039ms
[2021-04-30T09:23:55.444+0300][66,293s][info][gc] GC(1664) Concurrent evacuation 1,445ms
[2021-04-30T09:23:55.444+0300][66,293s][info][gc] GC(1664) Pause Init Update Refs 0,004ms
[2021-04-30T09:23:55.454+0300][66,304s][info][gc] GC(1664) Concurrent update references 10,677ms
[2021-04-30T09:23:55.455+0300][66,304s][info][gc] GC(1664) Pause Final Update Refs 0,161ms
[2021-04-30T09:23:55.455+0300][66,304s][info][gc] GC(1664) Concurrent cleanup 126M->120M(128M) 0,040ms
[2021-04-30T09:23:55.456+0300][66,306s][info][gc] Trigger: Free (525K) is below minimum threshold (13107K)
[2021-04-30T09:23:55.456+0300][66,306s][info][gc] GC(1665) Concurrent reset 0,137ms
[2021-04-30T09:23:55.457+0300][66,306s][info][gc] GC(1665) Pause Init Mark (process weakrefs) 0,190ms
[2021-04-30T09:23:55.479+0300][66,328s][info][gc] GC(1665) Concurrent marking (process weakrefs) 21,648ms
[2021-04-30T09:23:55.479+0300][66,328s][info][gc] GC(1665) Concurrent precleaning 0,067ms
[2021-04-30T09:23:55.479+0300][66,329s][info][gc] GC(1665) Pause Final Mark (process weakrefs) 0,541ms
[2021-04-30T09:23:55.479+0300][66,329s][info][gc] GC(1665) Concurrent cleanup 121M->121M(128M) 0,038ms
[2021-04-30T09:23:55.481+0300][66,330s][info][gc] GC(1665) Concurrent evacuation 1,305ms
[2021-04-30T09:23:55.481+0300][66,331s][info][gc] GC(1665) Pause Init Update Refs 0,011ms
[2021-04-30T09:23:55.490+0300][66,339s][info][gc] GC(1665) Concurrent update references 8,750ms
[2021-04-30T09:23:55.490+0300][66,340s][info][gc] GC(1665) Pause Final Update Refs 0,103ms
[2021-04-30T09:23:55.490+0300][66,340s][info][gc] GC(1665) Concurrent cleanup 126M->120M(128M) 0,055ms
[2021-04-30T09:23:55.492+0300][66,341s][info][gc] Trigger: Free (45536B) is below minimum threshold (13107K)
[2021-04-30T09:23:55.492+0300][66,341s][info][gc] Failed to allocate TLAB, 10384B
[2021-04-30T09:23:55.492+0300][66,341s][info][gc] Cancelling GC: Allocation Failure
[2021-04-30T09:23:55.492+0300][66,341s][info][gc] GC(1666) Concurrent reset 0,198ms
[2021-04-30T09:23:55.492+0300][66,342s][info][gc] GC(1666) Pause Init Mark 0,162ms
[2021-04-30T09:23:55.493+0300][66,343s][info][gc] GC(1666) Concurrent marking 0,989ms
[2021-04-30T09:23:55.494+0300][66,344s][info][gc] Trigger: Handle Allocation Failure
[2021-04-30T09:23:55.515+0300][66,365s][info][gc] GC(1667) Cancelling GC: Upgrade To Full GC
[2021-04-30T09:23:55.577+0300][66,427s][info][gc] GC(1667) Pause Degenerated GC (Mark) 121M->120M(128M) 82,522ms
[2021-04-30T09:23:55.578+0300][66,428s][info][gc] Trigger: Free (931K) is below minimum threshold (13107K)
[2021-04-30T09:23:55.579+0300][66,428s][info][gc] GC(1668) Concurrent reset 0,165ms
[2021-04-30T09:23:55.579+0300][66,429s][info][gc] GC(1668) Pause Init Mark 0,208ms
[2021-04-30T09:23:55.597+0300][66,447s][info][gc] GC(1668) Concurrent marking 17,701ms
[2021-04-30T09:23:55.598+0300][66,447s][info][gc] GC(1668) Pause Final Mark 0,484ms
[2021-04-30T09:23:55.598+0300][66,447s][info][gc] GC(1668) Concurrent cleanup 120M->120M(128M) 0,038ms
[2021-04-30T09:23:55.599+0300][66,449s][info][gc] GC(1668) Concurrent evacuation 1,497ms
[2021-04-30T09:23:55.599+0300][66,449s][info][gc] GC(1668) Pause Init Update Refs 0,006ms
[2021-04-30T09:23:55.609+0300][66,459s][info][gc] GC(1668) Concurrent update references 9,647ms
[2021-04-30T09:23:55.610+0300][66,459s][info][gc] GC(1668) Pause Final Update Refs 0,170ms
[2021-04-30T09:23:55.610+0300][66,459s][info][gc] GC(1668) Concurrent cleanup 126M->120M(128M) 0,053ms
[2021-04-30T09:23:55.611+0300][66,460s][info][gc] Trigger: Free (512K) is below minimum threshold (13107K)
[2021-04-30T09:23:55.611+0300][66,461s][info][gc] GC(1669) Concurrent reset 0,218ms
[2021-04-30T09:23:55.612+0300][66,461s][info][gc] GC(1669) Pause Init Mark 0,207ms
[2021-04-30T09:23:55.632+0300][66,482s][info][gc] GC(1669) Concurrent marking 20,529ms
[2021-04-30T09:23:55.633+0300][66,482s][info][gc] GC(1669) Pause Final Mark 0,387ms
[2021-04-30T09:23:55.633+0300][66,482s][info][gc] GC(1669) Concurrent cleanup 121M->121M(128M) 0,039ms
[2021-04-30T09:23:55.635+0300][66,484s][info][gc] GC(1669) Concurrent evacuation 1,599ms
[2021-04-30T09:23:55.635+0300][66,484s][info][gc] GC(1669) Pause Init Update Refs 0,006ms
[2021-04-30T09:23:55.645+0300][66,494s][info][gc] GC(1669) Concurrent update references 9,778ms
[2021-04-30T09:23:55.645+0300][66,494s][info][gc] GC(1669) Pause Final Update Refs 0,208ms
[2021-04-30T09:23:55.645+0300][66,495s][info][gc] GC(1669) Concurrent cleanup 126M->120M(128M) 0,050ms
[2021-04-30T09:23:55.646+0300][66,496s][info][gc] Trigger: Free (568K) is below minimum threshold (13107K)
[2021-04-30T09:23:55.646+0300][66,496s][info][gc] GC(1670) Concurrent reset 0,138ms
[2021-04-30T09:23:55.647+0300][66,496s][info][gc] GC(1670) Pause Init Mark (process weakrefs) 0,321ms
[2021-04-30T09:23:55.667+0300][66,517s][info][gc] GC(1670) Concurrent marking (process weakrefs) 20,222ms
[2021-04-30T09:23:55.667+0300][66,517s][info][gc] GC(1670) Concurrent precleaning 0,141ms
[2021-04-30T09:23:55.668+0300][66,518s][info][gc] GC(1670) Pause Final Mark (process weakrefs) 0,541ms
[2021-04-30T09:23:55.668+0300][66,518s][info][gc] GC(1670) Concurrent cleanup 120M->120M(128M) 0,043ms
[2021-04-30T09:23:55.670+0300][66,519s][info][gc] GC(1670) Concurrent evacuation 1,428ms
[2021-04-30T09:23:55.670+0300][66,519s][info][gc] GC(1670) Pause Init Update Refs 0,005ms
[2021-04-30T09:23:55.680+0300][66,530s][info][gc] GC(1670) Concurrent update references 10,378ms
[2021-04-30T09:23:55.681+0300][66,530s][info][gc] GC(1670) Pause Final Update Refs 0,283ms
[2021-04-30T09:23:55.681+0300][66,531s][info][gc] GC(1670) Concurrent cleanup 126M->120M(128M) 0,173ms
[2021-04-30T09:23:55.682+0300][66,532s][info][gc] Trigger: Free (481K) is below minimum threshold (13107K)
[2021-04-30T09:23:55.683+0300][66,532s][info][gc] GC(1671) Concurrent reset 0,174ms
[2021-04-30T09:23:55.683+0300][66,532s][info][gc] GC(1671) Pause Init Mark 0,173ms
[2021-04-30T09:23:55.703+0300][66,553s][info][gc] GC(1671) Concurrent marking 20,197ms
[2021-04-30T09:23:55.704+0300][66,553s][info][gc] GC(1671) Pause Final Mark 0,385ms
[2021-04-30T09:23:55.704+0300][66,553s][info][gc] GC(1671) Concurrent cleanup 121M->121M(128M) 0,041ms
[2021-04-30T09:23:55.705+0300][66,555s][info][gc] GC(1671) Concurrent evacuation 1,408ms
[2021-04-30T09:23:55.705+0300][66,555s][info][gc] GC(1671) Pause Init Update Refs 0,005ms
[2021-04-30T09:23:55.713+0300][66,563s][info][gc] Failed to allocate TLAB, 2648B
[2021-04-30T09:23:55.713+0300][66,563s][info][gc] Cancelling GC: Allocation Failure
[2021-04-30T09:23:55.714+0300][66,563s][info][gc] GC(1671) Concurrent update references 8,036ms
[2021-04-30T09:23:55.715+0300][66,564s][info][gc] Trigger: Handle Allocation Failure
[2021-04-30T09:23:55.717+0300][66,566s][info][gc] GC(1672) Cancelling GC: Upgrade To Full GC
[2021-04-30T09:23:55.767+0300][66,616s][info][gc] GC(1672) Pause Degenerated GC (Update Refs) 126M->120M(128M) 51,915ms
[2021-04-30T09:23:55.769+0300][66,618s][info][gc] Trigger: Free (113K) is below minimum threshold (13107K)
[2021-04-30T09:23:55.769+0300][66,618s][info][gc] GC(1673) Concurrent reset 0,073ms
[2021-04-30T09:23:55.769+0300][66,619s][info][gc] GC(1673) Pause Init Mark 0,175ms
[2021-04-30T09:23:55.785+0300][66,634s][info][gc] GC(1673) Concurrent marking 15,287ms
[2021-04-30T09:23:55.785+0300][66,635s][info][gc] GC(1673) Pause Final Mark 0,477ms
[2021-04-30T09:23:55.785+0300][66,635s][info][gc] GC(1673) Concurrent cleanup 121M->121M(128M) 0,036ms
[2021-04-30T09:23:55.787+0300][66,636s][info][gc] GC(1673) Concurrent evacuation 1,255ms
[2021-04-30T09:23:55.787+0300][66,636s][info][gc] GC(1673) Pause Init Update Refs 0,021ms
[2021-04-30T09:23:55.796+0300][66,645s][info][gc] GC(1673) Concurrent update references 8,905ms
[2021-04-30T09:23:55.796+0300][66,646s][info][gc] GC(1673) Pause Final Update Refs 0,090ms
[2021-04-30T09:23:55.796+0300][66,646s][info][gc] GC(1673) Concurrent cleanup 127M->120M(128M) 0,040ms
[2021-04-30T09:23:55.797+0300][66,647s][info][gc] Trigger: Free (595K) is below minimum threshold (13107K)
[2021-04-30T09:23:55.798+0300][66,647s][info][gc] GC(1674) Concurrent reset 0,271ms
[2021-04-30T09:23:55.798+0300][66,648s][info][gc] GC(1674) Pause Init Mark 0,242ms
[2021-04-30T09:23:55.815+0300][66,664s][info][gc] GC(1674) Concurrent marking 16,508ms
[2021-04-30T09:23:55.815+0300][66,665s][info][gc] GC(1674) Pause Final Mark 0,391ms
[2021-04-30T09:23:55.815+0300][66,665s][info][gc] GC(1674) Concurrent cleanup 120M->120M(128M) 0,054ms
[2021-04-30T09:23:55.817+0300][66,666s][info][gc] GC(1674) Concurrent evacuation 1,289ms
[2021-04-30T09:23:55.817+0300][66,666s][info][gc] GC(1674) Pause Init Update Refs 0,006ms
[2021-04-30T09:23:55.826+0300][66,676s][info][gc] GC(1674) Concurrent update references 9,182ms
[2021-04-30T09:23:55.827+0300][66,676s][info][gc] GC(1674) Pause Final Update Refs 0,097ms
[2021-04-30T09:23:55.827+0300][66,676s][info][gc] GC(1674) Concurrent cleanup 126M->121M(128M) 0,060ms
[2021-04-30T09:23:55.828+0300][66,677s][info][gc] Trigger: Free (285K) is below minimum threshold (13107K)
[2021-04-30T09:23:55.828+0300][66,678s][info][gc] GC(1675) Concurrent reset 0,275ms
[2021-04-30T09:23:55.829+0300][66,678s][info][gc] GC(1675) Pause Init Mark (process weakrefs) 0,230ms
[2021-04-30T09:23:55.845+0300][66,695s][info][gc] GC(1675) Concurrent marking (process weakrefs) 16,331ms
[2021-04-30T09:23:55.845+0300][66,695s][info][gc] GC(1675) Concurrent precleaning 0,151ms
[2021-04-30T09:23:55.846+0300][66,696s][info][gc] GC(1675) Pause Final Mark (process weakrefs) 0,587ms
[2021-04-30T09:23:55.846+0300][66,696s][info][gc] GC(1675) Concurrent cleanup 121M->121M(128M) 0,043ms
[2021-04-30T09:23:55.846+0300][66,696s][info][gc] Failed to allocate TLAB, 2664B
[2021-04-30T09:23:55.846+0300][66,696s][info][gc] Cancelling GC: Allocation Failure
[2021-04-30T09:23:55.846+0300][66,696s][info][gc] GC(1675) Concurrent evacuation 0,061ms
[2021-04-30T09:23:55.848+0300][66,697s][info][gc] Trigger: Handle Allocation Failure
[2021-04-30T09:23:55.856+0300][66,706s][info][gc] GC(1676) Cancelling GC: Upgrade To Full GC
[2021-04-30T09:23:55.908+0300][66,758s][info][gc] GC(1676) Pause Degenerated GC (Evacuation) 121M->120M(128M) 60,578ms
[2021-04-30T09:23:55.910+0300][66,759s][info][gc] Trigger: Free (886K) is below minimum threshold (13107K)
[2021-04-30T09:23:55.910+0300][66,759s][info][gc] GC(1677) Concurrent reset 0,139ms
[2021-04-30T09:23:55.910+0300][66,760s][info][gc] GC(1677) Pause Init Mark 0,191ms
[2021-04-30T09:23:55.928+0300][66,777s][info][gc] GC(1677) Concurrent marking 17,266ms
[2021-04-30T09:23:55.928+0300][66,778s][info][gc] GC(1677) Pause Final Mark 0,533ms
[2021-04-30T09:23:55.928+0300][66,778s][info][gc] GC(1677) Concurrent cleanup 120M->120M(128M) 0,040ms
[2021-04-30T09:23:55.931+0300][66,780s][info][gc] GC(1677) Concurrent evacuation 2,091ms
[2021-04-30T09:23:55.931+0300][66,780s][info][gc] GC(1677) Pause Init Update Refs 0,007ms
[2021-04-30T09:23:55.944+0300][66,793s][info][gc] GC(1677) Concurrent update references 13,088ms
[2021-04-30T09:23:55.944+0300][66,794s][info][gc] GC(1677) Pause Final Update Refs 0,123ms
[2021-04-30T09:23:55.945+0300][66,794s][info][gc] GC(1677) Concurrent cleanup 126M->120M(128M) 0,060ms
[2021-04-30T09:23:55.946+0300][66,795s][info][gc] Trigger: Free (268K) is below minimum threshold (13107K)
[2021-04-30T09:23:55.946+0300][66,795s][info][gc] GC(1678) Concurrent reset 0,207ms
[2021-04-30T09:23:55.947+0300][66,796s][info][gc] GC(1678) Pause Init Mark 0,267ms
[2021-04-30T09:23:55.965+0300][66,814s][info][gc] GC(1678) Concurrent marking 18,188ms
[2021-04-30T09:23:55.965+0300][66,815s][info][gc] GC(1678) Pause Final Mark 0,475ms
[2021-04-30T09:23:55.972+0300][66,821s][info][gc] Failed to allocate TLAB, 2672B
[2021-04-30T09:23:55.972+0300][66,821s][info][gc] Cancelling GC: Allocation Failure
[2021-04-30T09:23:55.972+0300][66,821s][info][gc] GC(1678) Concurrent cleanup 121M->121M(128M) 0,045ms
[2021-04-30T09:23:55.972+0300][66,821s][info][gc] GC(1678) Concurrent evacuation 0,188ms
[2021-04-30T09:23:55.973+0300][66,822s][info][gc] Trigger: Handle Allocation Failure
[2021-04-30T09:23:55.983+0300][66,832s][info][gc] GC(1679) Cancelling GC: Upgrade To Full GC
[2021-04-30T09:23:56.035+0300][66,884s][info][gc] GC(1679) Pause Degenerated GC (Evacuation) 121M->120M(128M) 61,799ms
[2021-04-30T09:23:56.036+0300][66,886s][info][gc] Trigger: Free (793K) is below minimum threshold (13107K)
[2021-04-30T09:23:56.037+0300][66,886s][info][gc] GC(1680) Concurrent reset 0,176ms
[2021-04-30T09:23:56.037+0300][66,887s][info][gc] GC(1680) Pause Init Mark (process weakrefs) 0,277ms
[2021-04-30T09:23:56.054+0300][66,903s][info][gc] GC(1680) Concurrent marking (process weakrefs) 16,364ms
[2021-04-30T09:23:56.054+0300][66,903s][info][gc] GC(1680) Concurrent precleaning 0,172ms
[2021-04-30T09:23:56.055+0300][66,904s][info][gc] GC(1680) Pause Final Mark (process weakrefs) 0,481ms
[2021-04-30T09:23:56.055+0300][66,904s][info][gc] GC(1680) Concurrent cleanup 120M->120M(128M) 0,043ms
[2021-04-30T09:23:56.056+0300][66,906s][info][gc] GC(1680) Concurrent evacuation 1,308ms
[2021-04-30T09:23:56.056+0300][66,906s][info][gc] GC(1680) Pause Init Update Refs 0,004ms
[2021-04-30T09:23:56.065+0300][66,915s][info][gc] GC(1680) Concurrent update references 8,805ms
[2021-04-30T09:23:56.066+0300][66,915s][info][gc] GC(1680) Pause Final Update Refs 0,084ms
[2021-04-30T09:23:56.066+0300][66,915s][info][gc] GC(1680) Concurrent cleanup 126M->120M(128M) 0,042ms
[2021-04-30T09:23:56.067+0300][66,916s][info][gc] Trigger: Free (482K) is below minimum threshold (13107K)
[2021-04-30T09:23:56.067+0300][66,916s][info][gc] GC(1681) Concurrent reset 0,178ms
[2021-04-30T09:23:56.067+0300][66,917s][info][gc] GC(1681) Pause Init Mark 0,314ms
[2021-04-30T09:23:56.083+0300][66,932s][info][gc] GC(1681) Concurrent marking 15,218ms
[2021-04-30T09:23:56.083+0300][66,933s][info][gc] GC(1681) Pause Final Mark 0,500ms
[2021-04-30T09:23:56.084+0300][66,933s][info][gc] GC(1681) Concurrent cleanup 121M->121M(128M) 0,038ms
[2021-04-30T09:23:56.085+0300][66,934s][info][gc] GC(1681) Concurrent evacuation 1,275ms
[2021-04-30T09:23:56.085+0300][66,934s][info][gc] GC(1681) Pause Init Update Refs 0,022ms
[2021-04-30T09:23:56.087+0300][66,936s][info][gc] Failed to allocate TLAB, 9904B
[2021-04-30T09:23:56.087+0300][66,936s][info][gc] Cancelling GC: Allocation Failure
[2021-04-30T09:23:56.087+0300][66,936s][info][gc] GC(1681) Concurrent update references 1,974ms
[2021-04-30T09:23:56.088+0300][66,938s][info][gc] Trigger: Handle Allocation Failure
[2021-04-30T09:23:56.094+0300][66,943s][info][gc] GC(1682) Cancelling GC: Upgrade To Full GC
[2021-04-30T09:23:56.142+0300][66,991s][info][gc] GC(1682) Pause Degenerated GC (Update Refs) 126M->120M(128M) 53,579ms
[2021-04-30T09:23:56.143+0300][66,993s][info][gc] Trigger: Free (802K) is below minimum threshold (13107K)
[2021-04-30T09:23:56.143+0300][66,993s][info][gc] GC(1683) Concurrent reset 0,082ms
[2021-04-30T09:23:56.144+0300][66,994s][info][gc] GC(1683) Pause Init Mark 0,412ms
[2021-04-30T09:23:56.160+0300][67,009s][info][gc] GC(1683) Concurrent marking 15,709ms
[2021-04-30T09:23:56.161+0300][67,010s][info][gc] GC(1683) Pause Final Mark 0,419ms
[2021-04-30T09:23:56.161+0300][67,010s][info][gc] GC(1683) Concurrent cleanup 120M->120M(128M) 0,039ms
[2021-04-30T09:23:56.162+0300][67,011s][info][gc] GC(1683) Concurrent evacuation 1,160ms
[2021-04-30T09:23:56.162+0300][67,011s][info][gc] GC(1683) Pause Init Update Refs 0,005ms
[2021-04-30T09:23:56.171+0300][67,020s][info][gc] GC(1683) Concurrent update references 8,934ms
[2021-04-30T09:23:56.171+0300][67,021s][info][gc] GC(1683) Pause Final Update Refs 0,119ms
[2021-04-30T09:23:56.171+0300][67,021s][info][gc] GC(1683) Concurrent cleanup 126M->120M(128M) 0,056ms
[2021-04-30T09:23:56.173+0300][67,022s][info][gc] Trigger: Free (320K) is below minimum threshold (13107K)
[2021-04-30T09:23:56.173+0300][67,022s][info][gc] GC(1684) Concurrent reset 0,178ms
[2021-04-30T09:23:56.173+0300][67,023s][info][gc] GC(1684) Pause Init Mark 0,224ms
[2021-04-30T09:23:56.189+0300][67,038s][info][gc] GC(1684) Concurrent marking 15,699ms
[2021-04-30T09:23:56.190+0300][67,039s][info][gc] GC(1684) Pause Final Mark 0,509ms
[2021-04-30T09:23:56.190+0300][67,039s][info][gc] GC(1684) Concurrent cleanup 121M->121M(128M) 0,053ms
[2021-04-30T09:23:56.191+0300][67,041s][info][gc] GC(1684) Concurrent evacuation 1,242ms
[2021-04-30T09:23:56.191+0300][67,041s][info][gc] GC(1684) Pause Init Update Refs 0,021ms
[2021-04-30T09:23:56.193+0300][67,042s][info][gc] Failed to allocate TLAB, 2768B
[2021-04-30T09:23:56.193+0300][67,042s][info][gc] Cancelling GC: Allocation Failure
[2021-04-30T09:23:56.193+0300][67,042s][info][gc] GC(1684) Concurrent update references 1,182ms
[2021-04-30T09:23:56.194+0300][67,043s][info][gc] Trigger: Handle Allocation Failure
[2021-04-30T09:23:56.200+0300][67,049s][info][gc] GC(1685) Cancelling GC: Upgrade To Full GC
[2021-04-30T09:23:56.253+0300][67,103s][info][gc] GC(1685) Pause Degenerated GC (Update Refs) 126M->120M(128M) 59,162ms
[2021-04-30T09:23:56.255+0300][67,104s][info][gc] Trigger: Free (800K) is below minimum threshold (13107K)
[2021-04-30T09:23:56.256+0300][67,105s][info][gc] GC(1686) Concurrent reset 1,198ms
[2021-04-30T09:23:56.257+0300][67,106s][info][gc] GC(1686) Pause Init Mark 0,247ms
[2021-04-30T09:23:56.274+0300][67,124s][info][gc] GC(1686) Concurrent marking 17,541ms
[2021-04-30T09:23:56.275+0300][67,124s][info][gc] GC(1686) Pause Final Mark 0,423ms
[2021-04-30T09:23:56.275+0300][67,124s][info][gc] GC(1686) Concurrent cleanup 120M->120M(128M) 0,037ms
[2021-04-30T09:23:56.276+0300][67,126s][info][gc] GC(1686) Concurrent evacuation 1,216ms
[2021-04-30T09:23:56.276+0300][67,126s][info][gc] GC(1686) Pause Init Update Refs 0,006ms
[2021-04-30T09:23:56.292+0300][67,141s][info][gc] GC(1686) Concurrent update references 15,653ms
[2021-04-30T09:23:56.292+0300][67,142s][info][gc] GC(1686) Pause Final Update Refs 0,113ms
[2021-04-30T09:23:56.292+0300][67,142s][info][gc] GC(1686) Concurrent cleanup 126M->121M(128M) 0,041ms
[2021-04-30T09:23:56.293+0300][67,143s][info][gc] Trigger: Free (295K) is below minimum threshold (13107K)
[2021-04-30T09:23:56.294+0300][67,143s][info][gc] GC(1687) Concurrent reset 0,180ms
[2021-04-30T09:23:56.294+0300][67,143s][info][gc] GC(1687) Pause Init Mark 0,172ms
[2021-04-30T09:23:56.312+0300][67,161s][info][gc] GC(1687) Concurrent marking 17,915ms
[2021-04-30T09:23:56.312+0300][67,162s][info][gc] GC(1687) Pause Final Mark 0,437ms
[2021-04-30T09:23:56.313+0300][67,162s][info][gc] GC(1687) Concurrent cleanup 121M->121M(128M) 0,037ms
[2021-04-30T09:23:56.314+0300][67,164s][info][gc] Failed to allocate TLAB, 2656B
[2021-04-30T09:23:56.314+0300][67,164s][info][gc] Cancelling GC: Allocation Failure
[2021-04-30T09:23:56.314+0300][67,164s][info][gc] GC(1687) Concurrent evacuation 1,701ms
[2021-04-30T09:23:56.315+0300][67,165s][info][gc] Trigger: Handle Allocation Failure
[2021-04-30T09:23:56.323+0300][67,172s][info][gc] GC(1688) Cancelling GC: Upgrade To Full GC
[2021-04-30T09:23:56.373+0300][67,222s][info][gc] GC(1688) Pause Degenerated GC (Evacuation) 126M->120M(128M) 56,775ms
[2021-04-30T09:23:56.374+0300][67,223s][info][gc] Trigger: Free (783K) is below minimum threshold (13107K)
[2021-04-30T09:23:56.374+0300][67,223s][info][gc] GC(1689) Concurrent reset 0,087ms
[2021-04-30T09:23:56.375+0300][67,224s][info][gc] GC(1689) Pause Init Mark 0,445ms
[2021-04-30T09:23:56.391+0300][67,241s][info][gc] GC(1689) Concurrent marking 16,409ms
[2021-04-30T09:23:56.392+0300][67,241s][info][gc] GC(1689) Pause Final Mark 0,327ms
[2021-04-30T09:23:56.392+0300][67,241s][info][gc] GC(1689) Concurrent cleanup 120M->120M(128M) 0,038ms
[2021-04-30T09:23:56.393+0300][67,243s][info][gc] GC(1689) Concurrent evacuation 1,418ms
[2021-04-30T09:23:56.393+0300][67,243s][info][gc] GC(1689) Pause Init Update Refs 0,021ms
[2021-04-30T09:23:56.403+0300][67,252s][info][gc] GC(1689) Concurrent update references 8,989ms
[2021-04-30T09:23:56.403+0300][67,252s][info][gc] GC(1689) Pause Final Update Refs 0,152ms
[2021-04-30T09:23:56.403+0300][67,253s][info][gc] GC(1689) Concurrent cleanup 126M->120M(128M) 0,041ms
[2021-04-30T09:23:56.404+0300][67,254s][info][gc] Failed to allocate TLAB, 17912B
[2021-04-30T09:23:56.404+0300][67,254s][info][gc] Cancelling GC: Allocation Failure
[2021-04-30T09:23:56.404+0300][67,254s][info][gc] Trigger: Handle Allocation Failure
[2021-04-30T09:23:56.432+0300][67,282s][info][gc] GC(1690) Cancelling GC: Upgrade To Full GC
[2021-04-30T09:23:56.492+0300][67,342s][info][gc] GC(1690) Pause Degenerated GC (Outside of Cycle) 121M->120M(128M) 87,694ms
[2021-04-30T09:23:56.493+0300][67,343s][info][gc] Trigger: Free (900K) is below minimum threshold (13107K)
[2021-04-30T09:23:56.494+0300][67,343s][info][gc] GC(1691) Concurrent reset 0,123ms
[2021-04-30T09:23:56.494+0300][67,344s][info][gc] GC(1691) Pause Init Mark 0,271ms
[2021-04-30T09:23:56.519+0300][67,369s][info][gc] GC(1691) Concurrent marking 25,130ms
[2021-04-30T09:23:56.520+0300][67,370s][info][gc] GC(1691) Pause Final Mark 0,464ms
[2021-04-30T09:23:56.520+0300][67,370s][info][gc] GC(1691) Concurrent cleanup 120M->120M(128M) 0,038ms
[2021-04-30T09:23:56.521+0300][67,371s][info][gc] GC(1691) Concurrent evacuation 1,174ms
[2021-04-30T09:23:56.522+0300][67,371s][info][gc] GC(1691) Pause Init Update Refs 0,005ms
[2021-04-30T09:23:56.536+0300][67,386s][info][gc] GC(1691) Concurrent update references 14,581ms
[2021-04-30T09:23:56.537+0300][67,386s][info][gc] GC(1691) Pause Final Update Refs 0,134ms
[2021-04-30T09:23:56.537+0300][67,386s][info][gc] GC(1691) Concurrent cleanup 126M->121M(128M) 0,040ms
[2021-04-30T09:23:56.538+0300][67,387s][info][gc] Trigger: Free (59824B) is below minimum threshold (13107K)
[2021-04-30T09:23:56.538+0300][67,387s][info][gc] GC(1692) Concurrent reset 0,185ms
[2021-04-30T09:23:56.538+0300][67,388s][info][gc] GC(1692) Pause Init Mark 0,205ms
[2021-04-30T09:23:56.555+0300][67,405s][info][gc] GC(1692) Concurrent marking 16,689ms
[2021-04-30T09:23:56.555+0300][67,405s][info][gc] Failed to allocate TLAB, 3120B
[2021-04-30T09:23:56.555+0300][67,405s][info][gc] Cancelling GC: Allocation Failure
[2021-04-30T09:23:56.556+0300][67,405s][info][gc] GC(1692) Pause Final Mark 0,005ms
[2021-04-30T09:23:56.556+0300][67,405s][info][gc] GC(1692) Concurrent cleanup 121M->121M(128M) 0,036ms
[2021-04-30T09:23:56.557+0300][67,406s][info][gc] Trigger: Handle Allocation Failure
[2021-04-30T09:23:56.582+0300][67,431s][info][gc] GC(1693) Cancelling GC: Upgrade To Full GC
[2021-04-30T09:23:56.635+0300][67,484s][info][gc] GC(1693) Pause Degenerated GC (Outside of Cycle) 121M->120M(128M) 77,937ms
[2021-04-30T09:23:56.636+0300][67,486s][info][gc] Trigger: Free (684K) is below minimum threshold (13107K)
[2021-04-30T09:23:56.636+0300][67,486s][info][gc] GC(1694) Concurrent reset 0,085ms
[2021-04-30T09:23:56.637+0300][67,486s][info][gc] GC(1694) Pause Init Mark 0,266ms
[2021-04-30T09:23:56.654+0300][67,503s][info][gc] GC(1694) Concurrent marking 17,003ms
[2021-04-30T09:23:56.654+0300][67,504s][info][gc] GC(1694) Pause Final Mark 0,290ms
[2021-04-30T09:23:56.654+0300][67,504s][info][gc] GC(1694) Concurrent cleanup 120M->120M(128M) 0,038ms
[2021-04-30T09:23:56.656+0300][67,506s][info][gc] GC(1694) Concurrent evacuation 1,712ms
[2021-04-30T09:23:56.656+0300][67,506s][info][gc] GC(1694) Pause Init Update Refs 0,007ms
[2021-04-30T09:23:56.667+0300][67,517s][info][gc] GC(1694) Concurrent update references 11,046ms
[2021-04-30T09:23:56.668+0300][67,517s][info][gc] GC(1694) Pause Final Update Refs 0,121ms
[2021-04-30T09:23:56.668+0300][67,517s][info][gc] GC(1694) Concurrent cleanup 126M->121M(128M) 0,051ms
[2021-04-30T09:23:56.669+0300][67,519s][info][gc] Trigger: Free (61592B) is below minimum threshold (13107K)
[2021-04-30T09:23:56.669+0300][67,519s][info][gc] GC(1695) Concurrent reset 0,174ms
[2021-04-30T09:23:56.670+0300][67,519s][info][gc] GC(1695) Pause Init Mark (process weakrefs) 0,197ms
[2021-04-30T09:23:56.687+0300][67,537s][info][gc] GC(1695) Concurrent marking (process weakrefs) 17,542ms
[2021-04-30T09:23:56.687+0300][67,537s][info][gc] GC(1695) Concurrent precleaning 0,144ms
[2021-04-30T09:23:56.688+0300][67,538s][info][gc] GC(1695) Pause Final Mark (process weakrefs) 0,526ms
[2021-04-30T09:23:56.688+0300][67,538s][info][gc] Failed to allocate TLAB, 2840B
[2021-04-30T09:23:56.688+0300][67,538s][info][gc] Cancelling GC: Allocation Failure
[2021-04-30T09:23:56.688+0300][67,538s][info][gc] GC(1695) Concurrent cleanup 121M->121M(128M) 0,038ms
[2021-04-30T09:23:56.688+0300][67,538s][info][gc] GC(1695) Concurrent evacuation 0,149ms
[2021-04-30T09:23:56.690+0300][67,539s][info][gc] Trigger: Handle Allocation Failure
[2021-04-30T09:23:56.699+0300][67,548s][info][gc] GC(1696) Cancelling GC: Upgrade To Full GC
[2021-04-30T09:23:56.757+0300][67,607s][info][gc] GC(1696) Pause Degenerated GC (Evacuation) 121M->120M(128M) 67,453ms
[2021-04-30T09:23:56.759+0300][67,608s][info][gc] Trigger: Free (768K) is below minimum threshold (13107K)
[2021-04-30T09:23:56.759+0300][67,609s][info][gc] GC(1697) Concurrent reset 0,314ms
[2021-04-30T09:23:56.760+0300][67,609s][info][gc] GC(1697) Pause Init Mark 0,262ms
[2021-04-30T09:23:56.778+0300][67,628s][info][gc] GC(1697) Concurrent marking 18,521ms
[2021-04-30T09:23:56.779+0300][67,628s][info][gc] GC(1697) Pause Final Mark 0,357ms
[2021-04-30T09:23:56.779+0300][67,628s][info][gc] GC(1697) Concurrent cleanup 120M->120M(128M) 0,042ms
[2021-04-30T09:23:56.780+0300][67,630s][info][gc] GC(1697) Concurrent evacuation 1,318ms
[2021-04-30T09:23:56.781+0300][67,630s][info][gc] GC(1697) Pause Init Update Refs 0,005ms
[2021-04-30T09:23:56.795+0300][67,645s][info][gc] GC(1697) Concurrent update references 14,865ms
[2021-04-30T09:23:56.796+0300][67,645s][info][gc] GC(1697) Pause Final Update Refs 0,090ms
[2021-04-30T09:23:56.796+0300][67,645s][info][gc] GC(1697) Concurrent cleanup 126M->120M(128M) 0,039ms
[2021-04-30T09:23:56.797+0300][67,646s][info][gc] Trigger: Free (583K) is below minimum threshold (13107K)
[2021-04-30T09:23:56.797+0300][67,647s][info][gc] GC(1698) Concurrent reset 0,229ms
[2021-04-30T09:23:56.798+0300][67,647s][info][gc] GC(1698) Pause Init Mark 0,217ms
[2021-04-30T09:23:56.822+0300][67,671s][info][gc] GC(1698) Concurrent marking 24,221ms
[2021-04-30T09:23:56.822+0300][67,672s][info][gc] GC(1698) Pause Final Mark 0,375ms
[2021-04-30T09:23:56.823+0300][67,672s][info][gc] GC(1698) Concurrent cleanup 120M->121M(128M) 0,044ms
[2021-04-30T09:23:56.825+0300][67,674s][info][gc] GC(1698) Concurrent evacuation 2,105ms
[2021-04-30T09:23:56.825+0300][67,674s][info][gc] GC(1698) Pause Init Update Refs 0,007ms
[2021-04-30T09:23:56.834+0300][67,684s][info][gc] GC(1698) Concurrent update references 9,348ms
[2021-04-30T09:23:56.835+0300][67,684s][info][gc] GC(1698) Pause Final Update Refs 0,133ms
[2021-04-30T09:23:56.835+0300][67,684s][info][gc] GC(1698) Concurrent cleanup 126M->120M(128M) 0,040ms
[2021-04-30T09:23:56.836+0300][67,685s][info][gc] Trigger: Free (605K) is below minimum threshold (13107K)
[2021-04-30T09:23:56.836+0300][67,686s][info][gc] GC(1699) Concurrent reset 0,196ms
[2021-04-30T09:23:56.836+0300][67,686s][info][gc] GC(1699) Pause Init Mark (unload classes) 0,207ms
[2021-04-30T09:23:56.859+0300][67,708s][info][gc] GC(1699) Concurrent marking (unload classes) 22,088ms
[2021-04-30T09:23:56.861+0300][67,711s][info][gc] GC(1699) Pause Final Mark (unload classes) 2,647ms
[2021-04-30T09:23:56.861+0300][67,711s][info][gc] GC(1699) Concurrent cleanup 120M->120M(128M) 0,043ms
[2021-04-30T09:23:56.863+0300][67,712s][info][gc] GC(1699) Concurrent evacuation 1,275ms
[2021-04-30T09:23:56.863+0300][67,712s][info][gc] GC(1699) Pause Init Update Refs 0,005ms
[2021-04-30T09:23:56.875+0300][67,725s][info][gc] GC(1699) Concurrent update references 12,314ms
[2021-04-30T09:23:56.876+0300][67,725s][info][gc] GC(1699) Pause Final Update Refs 0,206ms
[2021-04-30T09:23:56.876+0300][67,725s][info][gc] GC(1699) Concurrent cleanup 126M->121M(128M) 0,055ms
[2021-04-30T09:23:56.877+0300][67,726s][info][gc] Trigger: Free (201K) is below minimum threshold (13107K)
[2021-04-30T09:23:56.877+0300][67,727s][info][gc] GC(1700) Concurrent reset 0,206ms
[2021-04-30T09:23:56.877+0300][67,727s][info][gc] GC(1700) Pause Init Mark (process weakrefs) 0,155ms
[2021-04-30T09:23:56.894+0300][67,743s][info][gc] GC(1700) Concurrent marking (process weakrefs) 16,028ms
[2021-04-30T09:23:56.894+0300][67,743s][info][gc] GC(1700) Concurrent precleaning 0,171ms
[2021-04-30T09:23:56.894+0300][67,744s][info][gc] GC(1700) Pause Final Mark (process weakrefs) 0,401ms
[2021-04-30T09:23:56.894+0300][67,744s][info][gc] Failed to allocate TLAB, 3344B
[2021-04-30T09:23:56.894+0300][67,744s][info][gc] GC(1700) Concurrent cleanup 121M->121M(128M) 0,037ms
[2021-04-30T09:23:56.894+0300][67,744s][info][gc] Cancelling GC: Allocation Failure
[2021-04-30T09:23:56.894+0300][67,744s][info][gc] GC(1700) Concurrent evacuation 0,114ms
[2021-04-30T09:23:56.896+0300][67,745s][info][gc] Trigger: Handle Allocation Failure
[2021-04-30T09:23:56.906+0300][67,755s][info][gc] GC(1701) Cancelling GC: Upgrade To Full GC
[2021-04-30T09:23:56.977+0300][67,827s][info][gc] GC(1701) Pause Degenerated GC (Evacuation) 121M->120M(128M) 81,694ms
[2021-04-30T09:23:56.979+0300][67,828s][info][gc] Trigger: Free (824K) is below minimum threshold (13107K)
[2021-04-30T09:23:56.979+0300][67,828s][info][gc] GC(1702) Concurrent reset 0,077ms
[2021-04-30T09:23:56.979+0300][67,829s][info][gc] GC(1702) Pause Init Mark 0,289ms
[2021-04-30T09:23:57.004+0300][67,854s][info][gc] GC(1702) Concurrent marking 25,137ms
[2021-04-30T09:23:57.005+0300][67,854s][info][gc] GC(1702) Pause Final Mark 0,373ms
[2021-04-30T09:23:57.005+0300][67,855s][info][gc] GC(1702) Concurrent cleanup 120M->120M(128M) 0,044ms
[2021-04-30T09:23:57.006+0300][67,856s][info][gc] GC(1702) Concurrent evacuation 1,162ms
[2021-04-30T09:23:57.006+0300][67,856s][info][gc] GC(1702) Pause Init Update Refs 0,006ms
[2021-04-30T09:23:57.017+0300][67,866s][info][gc] GC(1702) Concurrent update references 10,240ms
[2021-04-30T09:23:57.017+0300][67,867s][info][gc] GC(1702) Pause Final Update Refs 0,089ms
[2021-04-30T09:23:57.017+0300][67,867s][info][gc] GC(1702) Concurrent cleanup 126M->121M(128M) 0,041ms
[2021-04-30T09:23:57.018+0300][67,868s][info][gc] Trigger: Free (153K) is below minimum threshold (13107K)
[2021-04-30T09:23:57.019+0300][67,868s][info][gc] GC(1703) Concurrent reset 0,300ms
[2021-04-30T09:23:57.019+0300][67,869s][info][gc] GC(1703) Pause Init Mark 0,178ms
[2021-04-30T09:23:57.036+0300][67,886s][info][gc] GC(1703) Concurrent marking 16,940ms
[2021-04-30T09:23:57.037+0300][67,886s][info][gc] GC(1703) Pause Final Mark 0,372ms
[2021-04-30T09:23:57.037+0300][67,886s][info][gc] GC(1703) Concurrent cleanup 121M->121M(128M) 0,042ms
[2021-04-30T09:23:57.037+0300][67,886s][info][gc] Failed to allocate TLAB, 3480B
[2021-04-30T09:23:57.037+0300][67,886s][info][gc] Cancelling GC: Allocation Failure
[2021-04-30T09:23:57.037+0300][67,886s][info][gc] GC(1703) Concurrent evacuation 0,115ms
[2021-04-30T09:23:57.038+0300][67,888s][info][gc] Trigger: Handle Allocation Failure
[2021-04-30T09:23:57.048+0300][67,898s][info][gc] GC(1704) Cancelling GC: Upgrade To Full GC
[2021-04-30T09:23:57.102+0300][67,952s][info][gc] GC(1704) Pause Degenerated GC (Evacuation) 121M->120M(128M) 63,946ms
[2021-04-30T09:23:57.104+0300][67,953s][info][gc] Trigger: Free (753K) is below minimum threshold (13107K)
[2021-04-30T09:23:57.104+0300][67,953s][info][gc] GC(1705) Concurrent reset 0,151ms
[2021-04-30T09:23:57.104+0300][67,954s][info][gc] GC(1705) Pause Init Mark (process weakrefs) 0,203ms
[2021-04-30T09:23:57.120+0300][67,970s][info][gc] GC(1705) Concurrent marking (process weakrefs) 15,967ms
[2021-04-30T09:23:57.120+0300][67,970s][info][gc] GC(1705) Concurrent precleaning 0,109ms
[2021-04-30T09:23:57.121+0300][67,970s][info][gc] GC(1705) Pause Final Mark (process weakrefs) 0,431ms
[2021-04-30T09:23:57.121+0300][67,970s][info][gc] GC(1705) Concurrent cleanup 120M->120M(128M) 0,038ms
[2021-04-30T09:23:57.122+0300][67,972s][info][gc] GC(1705) Concurrent evacuation 1,373ms
[2021-04-30T09:23:57.123+0300][67,972s][info][gc] GC(1705) Pause Init Update Refs 0,006ms
[2021-04-30T09:23:57.132+0300][67,981s][info][gc] GC(1705) Concurrent update references 8,951ms
[2021-04-30T09:23:57.132+0300][67,981s][info][gc] GC(1705) Pause Final Update Refs 0,068ms
[2021-04-30T09:23:57.132+0300][67,982s][info][gc] Failed to allocate Shared, 1406K
[2021-04-30T09:23:57.132+0300][67,982s][info][gc] Cancelling GC: Allocation Failure
[2021-04-30T09:23:57.132+0300][67,982s][info][gc] GC(1705) Concurrent cleanup 126M->121M(128M) 0,046ms
[2021-04-30T09:23:57.133+0300][67,983s][info][gc] Trigger: Handle Allocation Failure
[2021-04-30T09:23:57.154+0300][68,003s][info][gc] GC(1706) Cancelling GC: Upgrade To Full GC
[2021-04-30T09:23:57.202+0300][68,051s][info][gc] GC(1706) Pause Degenerated GC (Outside of Cycle) 121M->120M(128M) 68,285ms
[2021-04-30T09:23:57.202+0300][68,051s][info][gc] Failed to allocate Shared, 1406K
[2021-04-30T09:23:57.202+0300][68,051s][info][gc] Cancelling GC: Allocation Failure
[2021-04-30T09:23:57.203+0300][68,052s][info][gc] Trigger: Handle Allocation Failure
[2021-04-30T09:23:57.227+0300][68,076s][info][gc] GC(1707) Cancelling GC: Upgrade To Full GC
[2021-04-30T09:23:57.290+0300][68,139s][info][gc] GC(1707) Pause Degenerated GC (Outside of Cycle) 120M->120M(128M) 86,390ms
[2021-04-30T09:23:57.290+0300][68,139s][info][gc] Failed to allocate Shared, 1406K
[2021-04-30T09:23:57.290+0300][68,139s][info][gc] Cancelling GC: Allocation Failure
[2021-04-30T09:23:57.291+0300][68,140s][info][gc] Trigger: Handle Allocation Failure
[2021-04-30T09:23:57.320+0300][68,169s][info][gc] GC(1708) Cancelling GC: Upgrade To Full GC
[2021-04-30T09:23:57.375+0300][68,224s][info][gc] GC(1708) Pause Degenerated GC (Outside of Cycle) 120M->120M(128M) 83,557ms
[2021-04-30T09:23:57.375+0300][68,224s][info][gc] Failed to allocate Shared, 1406K
[2021-04-30T09:23:57.375+0300][68,224s][info][gc] Cancelling GC: Allocation Failure
[2021-04-30T09:23:57.376+0300][68,225s][info][gc] Trigger: Handle Allocation Failure
[2021-04-30T09:23:57.397+0300][68,247s][info][gc] GC(1709) Cancelling GC: Upgrade To Full GC
[2021-04-30T09:23:57.454+0300][68,303s][info][gc] GC(1709) Pause Degenerated GC (Outside of Cycle) 120M->120M(128M) 77,477ms
[2021-04-30T09:23:57.455+0300][68,304s][info][gc] Trigger: Free (825K) is below minimum threshold (13107K)
[2021-04-30T09:23:57.455+0300][68,304s][info][gc] GC(1710) Concurrent reset 0,060ms
[2021-04-30T09:23:57.455+0300][68,305s][info][gc] GC(1710) Pause Init Mark (process weakrefs) 0,304ms
[2021-04-30T09:23:57.456+0300][68,305s][info][gc] Cancelling GC: Stopping VM
[2021-04-30T09:23:57.457+0300][68,307s][info][gc] GC(1710) Concurrent marking (process weakrefs) 1,915ms
